
Parsing domain..... mystery-strips..... done.
Parsing problem..... strips-mysty-x-26..... done.
Computing domains..... done.
Instantiating actions..... done.
Computing final representation..... done.

Parsing time : 0.00
Domains creation  time : 0.00
Instantiation time : 0.00 -> 2290 candidates, 1536 actions
Finalization time : 0.00 -> 174 fluents, 23 init

7 6 5 

0: (OVERCOME boils entertainment haroset earth neptune) [1]
1: (FEAST understanding papaya flounder moravia kentucky) [1]
2: (FEAST entertainment haroset endive oregon bavaria) [1]
3: (FEAST entertainment endive pistachio moravia kentucky) [1]
4: (FEAST entertainment pistachio turkey moravia kentucky) [1]
5: (FEAST entertainment turkey papaya manitoba oregon) [1]
6: (SUCCUMB boils entertainment papaya earth neptune) [1]

Valid plan : 7 actions.
Computed nodes : 191
Evaluated nodes : 51
Developed nodes : 2
Useful nodes : 2

Lookahead utility : 58.90 %
Preparation time : 0.00
Search time : 0.01
Total time : 0.01

__MEMKB 3072
