
Parsing domain..... mystery-strips..... done.
Parsing problem..... strips-mysty-x-19..... done.
Computing domains..... done.
Instantiating actions..... done.
Computing final representation..... done.

Parsing time : 0.00
Domains creation  time : 0.00
Instantiation time : 0.01 -> 11600 candidates, 6521 actions
Finalization time : 0.01 -> 465 fluents, 41 init

6 5 4 

0: (OVERCOME laceration stimulation lamb saturn earth) [1]
1: (FEAST stimulation lamb beef goias bosnia) [1]
2: (OVERCOME abrasion stimulation beef uranus saturn) [1]
3: (FEAST stimulation beef lamb pennsylvania oregon) [1]
4: (FEAST stimulation lamb haroset oregon goias) [1]
5: (FEAST stimulation haroset lobster bavaria manitoba) [1]
6: (SUCCUMB abrasion stimulation lobster uranus saturn) [1]

Valid plan : 7 actions.
Computed nodes : 41
Evaluated nodes : 14
Developed nodes : 1
Useful nodes : 1

Lookahead utility : 61.29 %
Preparation time : 0.02
Search time : 0.00
Total time : 0.02

__MEMKB 4864
