
Parsing domain..... mystery-strips..... done.
Parsing problem..... strips-mysty-x-27..... done.
Computing domains..... done.
Instantiating actions..... done.
Computing final representation..... done.

Parsing time : 0.00
Domains creation  time : 0.00
Instantiation time : 0.00 -> 1404 candidates, 1161 actions
Finalization time : 0.00 -> 152 fluents, 19 init

5 4 3 1 

0: (OVERCOME grief satisfaction scallion mars uranus) [1]
1: (FEAST satisfaction scallion guava arizona pennsylvania) [1]
2: (SUCCUMB grief satisfaction guava mars uranus) [1]
3: (FEAST satisfaction guava scallion kentucky oregon) [1]
4: (OVERCOME boils satisfaction scallion mars uranus) [1]
5: (FEAST satisfaction scallion guava manitoba arizona) [1]
6: (SUCCUMB boils satisfaction guava mars uranus) [1]

Valid plan : 7 actions.
Computed nodes : 7
Evaluated nodes : 5
Developed nodes : 0
Useful nodes : 0

Lookahead utility : 53.85 %
Preparation time : 0.00
Search time : 0.00
Total time : 0.00

__MEMKB 2944
