
Parsing domain..... mystery-strips..... done.
Parsing problem..... strips-mysty-x-20..... done.
Computing domains..... done.
Instantiating actions..... done.
Computing final representation..... done.

Parsing time : 0.00
Domains creation  time : 0.00
Instantiation time : 0.01 -> 10560 candidates, 7094 actions
Finalization time : 0.00 -> 462 fluents, 42 init

9 8 6 4 

0: (FEAST triumph yogurt tuna goias arizona) [1]
1: (FEAST triumph tuna turkey goias arizona) [1]
2: (FEAST achievement cherry turkey bosnia goias) [1]
3: (OVERCOME abrasion intoxication wonderbread neptune venus) [1]
4: (FEAST triumph turkey tuna quebec alsace) [1]
5: (FEAST intoxication wonderbread yogurt moravia bosnia) [1]
6: (FEAST triumph tuna yogurt bosnia goias) [1]
7: (FEAST understanding marzipan cod kentucky moravia) [1]
8: (FEAST intoxication yogurt tuna bosnia goias) [1]
9: (FEAST understanding cod tuna bosnia goias) [1]
10: (SUCCUMB abrasion intoxication tuna neptune venus) [1]
11: (OVERCOME abrasion understanding tuna saturn neptune) [1]
12: (FEAST achievement turkey tuna guanabara quebec) [1]
13: (SUCCUMB abrasion understanding tuna saturn neptune) [1]
14: (OVERCOME abrasion achievement tuna neptune venus) [1]
15: (FEAST achievement tuna turkey moravia bosnia) [1]
16: (FEAST achievement turkey cherry manitoba guanabara) [1]
17: (FEAST achievement cherry pepper moravia bosnia) [1]
18: (SUCCUMB abrasion achievement pepper neptune venus) [1]

Valid plan : 19 actions.
Computed nodes : 19
Evaluated nodes : 6
Developed nodes : 0
Useful nodes : 0

Lookahead utility : 52.78 %
Preparation time : 0.01
Search time : 0.01
Total time : 0.02

__MEMKB 4864
