
Parsing domain..... mystery-strips..... done.
Parsing problem..... strips-mysty-x-1..... done.
Computing domains..... done.
Instantiating actions..... done.
Computing final representation..... done.

Parsing time : 0.00
Domains creation  time : 0.00
Instantiation time : 0.00 -> 180 candidates, 150 actions
Finalization time : 0.00 -> 58 fluents, 11 init

5 4 

0: (FEAST rest pork okra alsace quebec) [1]
1: (FEAST rest okra pear quebec guanabara) [1]
2: (FEAST rest pear rice bosnia surrey) [1]
3: (FEAST rest rice flounder kentucky bosnia) [1]
4: (FEAST rest flounder lamb pennsylvania alsace) [1]
5: (FEAST rest lamb pork surrey pennsylvania) [1]
6: (OVERCOME abrasion rest pork uranus venus) [1]
7: (FEAST rest pork okra pennsylvania alsace) [1]
8: (FEAST rest okra pear alsace quebec) [1]
9: (FEAST rest pear rice kentucky bosnia) [1]
10: (SUCCUMB abrasion rest rice uranus venus) [1]

Valid plan : 11 actions.
Computed nodes : 11
Evaluated nodes : 4
Developed nodes : 0
Useful nodes : 0

Lookahead utility : 73.33 %
Preparation time : 0.00
Search time : 0.00
Total time : 0.00

__MEMKB 2560
