#
# (C) Copyright 2008, University of Illinois, Urbana-Champaign
#
# All rights reserved. Use of this software is permitted ONLY for
# non-commercial research purposes, and it may be copied only
# for that use only. All copies must include this copyright message.
# This software is made available AS IS, and neither the authors
# nor the University of Illinois, make any warranty about the
# software or its performance.
#

Parsing domain file
 domain 'TPP-PROPOSITIONAL' defined
Parsing problem file
 problem 'TPP' defined



checking for cyclic := effects --- OK.

Starting SGPlan search ...



Solution found.

; Time 0.06
; ParsingTime 0.03
; NrActions 110
; MakeSpan
; MetricValue
; PlanningTechnique Modified-FF(enforced hill-climbing search) as the subplanner

0.001: (DRIVE TRUCK5 DEPOT1 MARKET4) [1]
1.002: (BUY TRUCK5 GOODS13 MARKET4 LEVEL0 LEVEL1 LEVEL0 LEVEL1) [1]
2.003: (LOAD GOODS13 TRUCK5 MARKET4 LEVEL0 LEVEL1 LEVEL0 LEVEL1) [1]
3.004: (DRIVE TRUCK5 MARKET4 MARKET3) [1]
4.005: (BUY TRUCK5 GOODS13 MARKET3 LEVEL1 LEVEL2 LEVEL0 LEVEL1) [1]
5.006: (BUY TRUCK5 GOODS13 MARKET3 LEVEL0 LEVEL1 LEVEL1 LEVEL2) [1]
6.007: (LOAD GOODS13 TRUCK5 MARKET3 LEVEL1 LEVEL2 LEVEL1 LEVEL2) [1]
7.008: (LOAD GOODS13 TRUCK5 MARKET3 LEVEL0 LEVEL1 LEVEL2 LEVEL3) [1]
8.009: (DRIVE TRUCK5 MARKET3 MARKET4) [1]
9.010: (DRIVE TRUCK5 MARKET4 DEPOT2) [1]
10.011: (UNLOAD GOODS13 TRUCK5 DEPOT2 LEVEL2 LEVEL3 LEVEL0 LEVEL1) [1]
11.012: (UNLOAD GOODS13 TRUCK5 DEPOT2 LEVEL1 LEVEL2 LEVEL1 LEVEL2) [1]
12.013: (UNLOAD GOODS13 TRUCK5 DEPOT2 LEVEL0 LEVEL1 LEVEL2 LEVEL3) [1]
13.014: (DRIVE TRUCK5 DEPOT2 MARKET4) [1]
14.015: (BUY TRUCK5 GOODS12 MARKET4 LEVEL0 LEVEL1 LEVEL0 LEVEL1) [1]
15.016: (LOAD GOODS12 TRUCK5 MARKET4 LEVEL0 LEVEL1 LEVEL0 LEVEL1) [1]
16.017: (DRIVE TRUCK5 MARKET4 DEPOT2) [1]
17.018: (UNLOAD GOODS12 TRUCK5 DEPOT2 LEVEL0 LEVEL1 LEVEL0 LEVEL1) [1]
18.019: (DRIVE TRUCK5 DEPOT2 MARKET4) [1]
19.020: (BUY TRUCK5 GOODS11 MARKET4 LEVEL1 LEVEL2 LEVEL0 LEVEL1) [1]
20.021: (LOAD GOODS11 TRUCK5 MARKET4 LEVEL0 LEVEL1 LEVEL0 LEVEL1) [1]
21.022: (BUY TRUCK5 GOODS11 MARKET4 LEVEL0 LEVEL1 LEVEL0 LEVEL1) [1]
22.023: (LOAD GOODS11 TRUCK5 MARKET4 LEVEL0 LEVEL1 LEVEL1 LEVEL2) [1]
23.024: (DRIVE TRUCK5 MARKET4 DEPOT2) [1]
24.025: (UNLOAD GOODS11 TRUCK5 DEPOT2 LEVEL1 LEVEL2 LEVEL0 LEVEL1) [1]
25.026: (UNLOAD GOODS11 TRUCK5 DEPOT2 LEVEL0 LEVEL1 LEVEL1 LEVEL2) [1]
26.027: (DRIVE TRUCK5 DEPOT2 MARKET4) [1]
27.028: (DRIVE TRUCK5 MARKET4 MARKET3) [1]
28.029: (BUY TRUCK5 GOODS10 MARKET3 LEVEL1 LEVEL2 LEVEL0 LEVEL1) [1]
29.030: (LOAD GOODS10 TRUCK5 MARKET3 LEVEL0 LEVEL1 LEVEL0 LEVEL1) [1]
30.031: (DRIVE TRUCK5 MARKET3 MARKET1) [1]
31.032: (BUY TRUCK5 GOODS10 MARKET1 LEVEL1 LEVEL2 LEVEL0 LEVEL1) [1]
32.033: (BUY TRUCK5 GOODS10 MARKET1 LEVEL0 LEVEL1 LEVEL1 LEVEL2) [1]
33.034: (LOAD GOODS10 TRUCK5 MARKET1 LEVEL1 LEVEL2 LEVEL1 LEVEL2) [1]
34.035: (LOAD GOODS10 TRUCK5 MARKET1 LEVEL0 LEVEL1 LEVEL2 LEVEL3) [1]
35.036: (DRIVE TRUCK5 MARKET1 MARKET3) [1]
36.037: (DRIVE TRUCK5 MARKET3 MARKET4) [1]
37.038: (DRIVE TRUCK5 MARKET4 DEPOT2) [1]
38.039: (UNLOAD GOODS10 TRUCK5 DEPOT2 LEVEL2 LEVEL3 LEVEL0 LEVEL1) [1]
39.040: (UNLOAD GOODS10 TRUCK5 DEPOT2 LEVEL1 LEVEL2 LEVEL1 LEVEL2) [1]
40.041: (DRIVE TRUCK5 DEPOT2 MARKET4) [1]
41.042: (DRIVE TRUCK5 MARKET4 MARKET3) [1]
42.043: (BUY TRUCK5 GOODS10 MARKET3 LEVEL0 LEVEL1 LEVEL0 LEVEL1) [1]
43.044: (LOAD GOODS10 TRUCK5 MARKET3 LEVEL0 LEVEL1 LEVEL1 LEVEL2) [1]
44.045: (DRIVE TRUCK5 MARKET3 MARKET4) [1]
45.046: (DRIVE TRUCK5 MARKET4 DEPOT2) [1]
46.047: (UNLOAD GOODS10 TRUCK5 DEPOT2 LEVEL1 LEVEL2 LEVEL2 LEVEL3) [1]
47.048: (UNLOAD GOODS10 TRUCK5 DEPOT2 LEVEL0 LEVEL1 LEVEL3 LEVEL4) [1]
48.049: (DRIVE TRUCK5 DEPOT2 MARKET4) [1]
49.050: (BUY TRUCK5 GOODS9 MARKET4 LEVEL1 LEVEL2 LEVEL0 LEVEL1) [1]
50.051: (LOAD GOODS9 TRUCK5 MARKET4 LEVEL0 LEVEL1 LEVEL0 LEVEL1) [1]
51.052: (BUY TRUCK5 GOODS9 MARKET4 LEVEL0 LEVEL1 LEVEL0 LEVEL1) [1]
52.053: (LOAD GOODS9 TRUCK5 MARKET4 LEVEL0 LEVEL1 LEVEL1 LEVEL2) [1]
53.054: (DRIVE TRUCK5 MARKET4 DEPOT2) [1]
54.055: (UNLOAD GOODS9 TRUCK5 DEPOT2 LEVEL1 LEVEL2 LEVEL0 LEVEL1) [1]
55.056: (DRIVE TRUCK5 DEPOT2 MARKET4) [1]
56.057: (DRIVE TRUCK5 MARKET4 MARKET3) [1]
57.058: (BUY TRUCK5 GOODS9 MARKET3 LEVEL0 LEVEL1 LEVEL0 LEVEL1) [1]
58.059: (LOAD GOODS9 TRUCK5 MARKET3 LEVEL0 LEVEL1 LEVEL1 LEVEL2) [1]
59.060: (DRIVE TRUCK5 MARKET3 MARKET4) [1]
60.061: (DRIVE TRUCK5 MARKET4 DEPOT2) [1]
61.062: (UNLOAD GOODS9 TRUCK5 DEPOT2 LEVEL1 LEVEL2 LEVEL1 LEVEL2) [1]
62.063: (UNLOAD GOODS9 TRUCK5 DEPOT2 LEVEL0 LEVEL1 LEVEL2 LEVEL3) [1]
63.064: (DRIVE TRUCK5 DEPOT2 MARKET4) [1]
64.065: (BUY TRUCK5 GOODS8 MARKET4 LEVEL1 LEVEL2 LEVEL0 LEVEL1) [1]
65.066: (LOAD GOODS8 TRUCK5 MARKET4 LEVEL0 LEVEL1 LEVEL0 LEVEL1) [1]
66.067: (DRIVE TRUCK5 MARKET4 DEPOT2) [1]
67.068: (UNLOAD GOODS8 TRUCK5 DEPOT2 LEVEL0 LEVEL1 LEVEL0 LEVEL1) [1]
68.069: (DRIVE TRUCK5 DEPOT2 MARKET4) [1]
69.070: (BUY TRUCK5 GOODS7 MARKET4 LEVEL0 LEVEL1 LEVEL0 LEVEL1) [1]
70.071: (LOAD GOODS7 TRUCK5 MARKET4 LEVEL0 LEVEL1 LEVEL0 LEVEL1) [1]
71.072: (DRIVE TRUCK5 MARKET4 DEPOT2) [1]
72.073: (UNLOAD GOODS7 TRUCK5 DEPOT2 LEVEL0 LEVEL1 LEVEL0 LEVEL1) [1]
73.074: (DRIVE TRUCK5 DEPOT2 MARKET4) [1]
74.075: (BUY TRUCK5 GOODS6 MARKET4 LEVEL0 LEVEL1 LEVEL0 LEVEL1) [1]
75.076: (LOAD GOODS6 TRUCK5 MARKET4 LEVEL0 LEVEL1 LEVEL0 LEVEL1) [1]
76.077: (DRIVE TRUCK5 MARKET4 DEPOT2) [1]
77.078: (UNLOAD GOODS6 TRUCK5 DEPOT2 LEVEL0 LEVEL1 LEVEL0 LEVEL1) [1]
78.079: (DRIVE TRUCK5 DEPOT2 MARKET4) [1]
79.080: (DRIVE TRUCK5 MARKET4 MARKET3) [1]
80.081: (DRIVE TRUCK5 MARKET3 MARKET2) [1]
81.082: (BUY TRUCK5 GOODS5 MARKET2 LEVEL1 LEVEL2 LEVEL0 LEVEL1) [1]
82.083: (LOAD GOODS5 TRUCK5 MARKET2 LEVEL0 LEVEL1 LEVEL0 LEVEL1) [1]
83.084: (DRIVE TRUCK5 MARKET2 MARKET3) [1]
84.085: (DRIVE TRUCK5 MARKET3 MARKET4) [1]
85.086: (DRIVE TRUCK5 MARKET4 DEPOT2) [1]
86.087: (UNLOAD GOODS5 TRUCK5 DEPOT2 LEVEL0 LEVEL1 LEVEL0 LEVEL1) [1]
87.088: (DRIVE TRUCK5 DEPOT2 MARKET4) [1]
88.089: (BUY TRUCK5 GOODS4 MARKET4 LEVEL0 LEVEL1 LEVEL0 LEVEL1) [1]
89.090: (LOAD GOODS4 TRUCK5 MARKET4 LEVEL0 LEVEL1 LEVEL0 LEVEL1) [1]
90.091: (DRIVE TRUCK5 MARKET4 DEPOT2) [1]
91.092: (UNLOAD GOODS4 TRUCK5 DEPOT2 LEVEL0 LEVEL1 LEVEL0 LEVEL1) [1]
92.093: (DRIVE TRUCK5 DEPOT2 MARKET4) [1]
93.094: (BUY TRUCK5 GOODS3 MARKET4 LEVEL1 LEVEL2 LEVEL0 LEVEL1) [1]
94.095: (LOAD GOODS3 TRUCK5 MARKET4 LEVEL0 LEVEL1 LEVEL0 LEVEL1) [1]
95.096: (BUY TRUCK5 GOODS3 MARKET4 LEVEL0 LEVEL1 LEVEL0 LEVEL1) [1]
96.097: (LOAD GOODS3 TRUCK5 MARKET4 LEVEL0 LEVEL1 LEVEL1 LEVEL2) [1]
97.098: (DRIVE TRUCK5 MARKET4 DEPOT2) [1]
98.099: (UNLOAD GOODS3 TRUCK5 DEPOT2 LEVEL1 LEVEL2 LEVEL0 LEVEL1) [1]
99.100: (UNLOAD GOODS3 TRUCK5 DEPOT2 LEVEL0 LEVEL1 LEVEL1 LEVEL2) [1]
100.101: (DRIVE TRUCK5 DEPOT2 MARKET4) [1]
101.102: (BUY TRUCK5 GOODS2 MARKET4 LEVEL1 LEVEL2 LEVEL0 LEVEL1) [1]
102.103: (LOAD GOODS2 TRUCK5 MARKET4 LEVEL0 LEVEL1 LEVEL0 LEVEL1) [1]
103.104: (DRIVE TRUCK5 MARKET4 DEPOT2) [1]
104.105: (UNLOAD GOODS2 TRUCK5 DEPOT2 LEVEL0 LEVEL1 LEVEL0 LEVEL1) [1]
105.106: (DRIVE TRUCK5 DEPOT2 MARKET4) [1]
106.107: (BUY TRUCK5 GOODS1 MARKET4 LEVEL0 LEVEL1 LEVEL0 LEVEL1) [1]
107.108: (LOAD GOODS1 TRUCK5 MARKET4 LEVEL0 LEVEL1 LEVEL0 LEVEL1) [1]
108.109: (DRIVE TRUCK5 MARKET4 DEPOT2) [1]
109.110: (UNLOAD GOODS1 TRUCK5 DEPOT2 LEVEL0 LEVEL1 LEVEL0 LEVEL1) [1]
__MEMKB 43808
