#
# (C) Copyright 2008, University of Illinois, Urbana-Champaign
#
# All rights reserved. Use of this software is permitted ONLY for
# non-commercial research purposes, and it may be copied only
# for that use only. All copies must include this copyright message.
# This software is made available AS IS, and neither the authors
# nor the University of Illinois, make any warranty about the
# software or its performance.
#

Parsing domain file
 domain 'TPP-PROPOSITIONAL' defined
Parsing problem file
 problem 'TPP' defined



checking for cyclic := effects --- OK.

Starting SGPlan search ...



Solution found.

; Time 1.14
; ParsingTime 0.14
; NrActions 261
; MakeSpan
; MetricValue
; PlanningTechnique Modified-FF(enforced hill-climbing search) as the subplanner

0.001: (DRIVE TRUCK7 DEPOT2 MARKET5) [1]
1.002: (BUY TRUCK7 GOODS17 MARKET5 LEVEL0 LEVEL1 LEVEL0 LEVEL1) [1]
2.003: (LOAD GOODS17 TRUCK7 MARKET5 LEVEL0 LEVEL1 LEVEL0 LEVEL1) [1]
3.004: (DRIVE TRUCK7 MARKET5 MARKET4) [1]
4.005: (DRIVE TRUCK7 MARKET4 MARKET3) [1]
5.006: (DRIVE TRUCK7 MARKET3 MARKET2) [1]
6.007: (BUY TRUCK7 GOODS17 MARKET2 LEVEL1 LEVEL2 LEVEL0 LEVEL1) [1]
7.008: (LOAD GOODS17 TRUCK7 MARKET2 LEVEL0 LEVEL1 LEVEL1 LEVEL2) [1]
8.009: (DRIVE TRUCK7 MARKET2 DEPOT1) [1]
9.010: (UNLOAD GOODS17 TRUCK7 DEPOT1 LEVEL1 LEVEL2 LEVEL0 LEVEL1) [1]
10.011: (UNLOAD GOODS17 TRUCK7 DEPOT1 LEVEL0 LEVEL1 LEVEL1 LEVEL2) [1]
11.012: (DRIVE TRUCK7 DEPOT1 MARKET2) [1]
12.013: (BUY TRUCK7 GOODS16 MARKET2 LEVEL1 LEVEL2 LEVEL0 LEVEL1) [1]
13.014: (LOAD GOODS16 TRUCK7 MARKET2 LEVEL0 LEVEL1 LEVEL0 LEVEL1) [1]
14.015: (DRIVE TRUCK7 MARKET2 DEPOT1) [1]
15.016: (UNLOAD GOODS16 TRUCK7 DEPOT1 LEVEL0 LEVEL1 LEVEL0 LEVEL1) [1]
16.017: (DRIVE TRUCK7 DEPOT1 MARKET2) [1]
17.018: (BUY TRUCK7 GOODS15 MARKET2 LEVEL0 LEVEL1 LEVEL0 LEVEL1) [1]
18.019: (LOAD GOODS15 TRUCK7 MARKET2 LEVEL0 LEVEL1 LEVEL0 LEVEL1) [1]
19.020: (DRIVE TRUCK7 MARKET2 MARKET3) [1]
20.021: (BUY TRUCK7 GOODS15 MARKET3 LEVEL1 LEVEL2 LEVEL0 LEVEL1) [1]
21.022: (BUY TRUCK7 GOODS15 MARKET3 LEVEL0 LEVEL1 LEVEL1 LEVEL2) [1]
22.023: (LOAD GOODS15 TRUCK7 MARKET3 LEVEL1 LEVEL2 LEVEL1 LEVEL2) [1]
23.024: (LOAD GOODS15 TRUCK7 MARKET3 LEVEL0 LEVEL1 LEVEL2 LEVEL3) [1]
24.025: (DRIVE TRUCK7 MARKET3 MARKET2) [1]
25.026: (DRIVE TRUCK7 MARKET2 DEPOT1) [1]
26.027: (UNLOAD GOODS15 TRUCK7 DEPOT1 LEVEL2 LEVEL3 LEVEL0 LEVEL1) [1]
27.028: (UNLOAD GOODS15 TRUCK7 DEPOT1 LEVEL1 LEVEL2 LEVEL1 LEVEL2) [1]
28.029: (UNLOAD GOODS15 TRUCK7 DEPOT1 LEVEL0 LEVEL1 LEVEL2 LEVEL3) [1]
29.030: (DRIVE TRUCK7 DEPOT1 MARKET2) [1]
30.031: (BUY TRUCK7 GOODS14 MARKET2 LEVEL0 LEVEL1 LEVEL0 LEVEL1) [1]
31.032: (LOAD GOODS14 TRUCK7 MARKET2 LEVEL0 LEVEL1 LEVEL0 LEVEL1) [1]
32.033: (DRIVE TRUCK7 MARKET2 MARKET6) [1]
33.034: (BUY TRUCK7 GOODS14 MARKET6 LEVEL1 LEVEL2 LEVEL0 LEVEL1) [1]
34.035: (LOAD GOODS14 TRUCK7 MARKET6 LEVEL0 LEVEL1 LEVEL1 LEVEL2) [1]
35.036: (DRIVE TRUCK7 MARKET6 MARKET2) [1]
36.037: (DRIVE TRUCK7 MARKET2 DEPOT1) [1]
37.038: (UNLOAD GOODS14 TRUCK7 DEPOT1 LEVEL1 LEVEL2 LEVEL0 LEVEL1) [1]
38.039: (UNLOAD GOODS14 TRUCK7 DEPOT1 LEVEL0 LEVEL1 LEVEL1 LEVEL2) [1]
39.040: (DRIVE TRUCK7 DEPOT1 MARKET2) [1]
40.041: (BUY TRUCK7 GOODS13 MARKET2 LEVEL0 LEVEL1 LEVEL0 LEVEL1) [1]
41.042: (LOAD GOODS13 TRUCK7 MARKET2 LEVEL0 LEVEL1 LEVEL0 LEVEL1) [1]
42.043: (DRIVE TRUCK7 MARKET2 DEPOT1) [1]
43.044: (UNLOAD GOODS13 TRUCK7 DEPOT1 LEVEL0 LEVEL1 LEVEL0 LEVEL1) [1]
44.045: (DRIVE TRUCK7 DEPOT1 MARKET2) [1]
45.046: (BUY TRUCK7 GOODS12 MARKET2 LEVEL1 LEVEL2 LEVEL0 LEVEL1) [1]
46.047: (LOAD GOODS12 TRUCK7 MARKET2 LEVEL0 LEVEL1 LEVEL0 LEVEL1) [1]
47.048: (DRIVE TRUCK7 MARKET2 MARKET3) [1]
48.049: (BUY TRUCK7 GOODS12 MARKET3 LEVEL1 LEVEL2 LEVEL0 LEVEL1) [1]
49.050: (BUY TRUCK7 GOODS12 MARKET3 LEVEL0 LEVEL1 LEVEL1 LEVEL2) [1]
50.051: (LOAD GOODS12 TRUCK7 MARKET3 LEVEL1 LEVEL2 LEVEL1 LEVEL2) [1]
51.052: (LOAD GOODS12 TRUCK7 MARKET3 LEVEL0 LEVEL1 LEVEL2 LEVEL3) [1]
52.053: (DRIVE TRUCK7 MARKET3 MARKET2) [1]
53.054: (DRIVE TRUCK7 MARKET2 DEPOT1) [1]
54.055: (UNLOAD GOODS12 TRUCK7 DEPOT1 LEVEL2 LEVEL3 LEVEL0 LEVEL1) [1]
55.056: (UNLOAD GOODS12 TRUCK7 DEPOT1 LEVEL1 LEVEL2 LEVEL1 LEVEL2) [1]
56.057: (DRIVE TRUCK7 DEPOT1 MARKET2) [1]
57.058: (DRIVE TRUCK7 MARKET2 MARKET6) [1]
58.059: (DRIVE TRUCK7 MARKET6 MARKET1) [1]
59.060: (BUY TRUCK7 GOODS12 MARKET1 LEVEL1 LEVEL2 LEVEL0 LEVEL1) [1]
60.061: (LOAD GOODS12 TRUCK7 MARKET1 LEVEL0 LEVEL1 LEVEL1 LEVEL2) [1]
61.062: (DRIVE TRUCK7 MARKET1 MARKET6) [1]
62.063: (DRIVE TRUCK7 MARKET6 MARKET2) [1]
63.064: (DRIVE TRUCK7 MARKET2 DEPOT1) [1]
64.065: (UNLOAD GOODS12 TRUCK7 DEPOT1 LEVEL1 LEVEL2 LEVEL2 LEVEL3) [1]
65.066: (DRIVE TRUCK7 DEPOT1 MARKET2) [1]
66.067: (BUY TRUCK7 GOODS12 MARKET2 LEVEL0 LEVEL1 LEVEL0 LEVEL1) [1]
67.068: (LOAD GOODS12 TRUCK7 MARKET2 LEVEL0 LEVEL1 LEVEL1 LEVEL2) [1]
68.069: (DRIVE TRUCK7 MARKET2 DEPOT1) [1]
69.070: (UNLOAD GOODS12 TRUCK7 DEPOT1 LEVEL1 LEVEL2 LEVEL3 LEVEL4) [1]
70.071: (UNLOAD GOODS12 TRUCK7 DEPOT1 LEVEL0 LEVEL1 LEVEL4 LEVEL5) [1]
71.072: (DRIVE TRUCK7 DEPOT1 MARKET2) [1]
72.073: (BUY TRUCK7 GOODS11 MARKET2 LEVEL0 LEVEL1 LEVEL0 LEVEL1) [1]
73.074: (LOAD GOODS11 TRUCK7 MARKET2 LEVEL0 LEVEL1 LEVEL0 LEVEL1) [1]
74.075: (DRIVE TRUCK7 MARKET2 MARKET6) [1]
75.076: (BUY TRUCK7 GOODS11 MARKET6 LEVEL1 LEVEL2 LEVEL0 LEVEL1) [1]
76.077: (LOAD GOODS11 TRUCK7 MARKET6 LEVEL0 LEVEL1 LEVEL1 LEVEL2) [1]
77.078: (DRIVE TRUCK7 MARKET6 MARKET2) [1]
78.079: (DRIVE TRUCK7 MARKET2 DEPOT1) [1]
79.080: (UNLOAD GOODS11 TRUCK7 DEPOT1 LEVEL1 LEVEL2 LEVEL0 LEVEL1) [1]
80.081: (UNLOAD GOODS11 TRUCK7 DEPOT1 LEVEL0 LEVEL1 LEVEL1 LEVEL2) [1]
81.082: (DRIVE TRUCK7 DEPOT1 MARKET2) [1]
82.083: (BUY TRUCK7 GOODS10 MARKET2 LEVEL1 LEVEL2 LEVEL0 LEVEL1) [1]
83.084: (LOAD GOODS10 TRUCK7 MARKET2 LEVEL0 LEVEL1 LEVEL0 LEVEL1) [1]
84.085: (BUY TRUCK7 GOODS10 MARKET2 LEVEL0 LEVEL1 LEVEL0 LEVEL1) [1]
85.086: (LOAD GOODS10 TRUCK7 MARKET2 LEVEL0 LEVEL1 LEVEL1 LEVEL2) [1]
86.087: (DRIVE TRUCK7 MARKET2 DEPOT1) [1]
87.088: (UNLOAD GOODS10 TRUCK7 DEPOT1 LEVEL1 LEVEL2 LEVEL0 LEVEL1) [1]
88.089: (DRIVE TRUCK7 DEPOT1 MARKET2) [1]
89.090: (DRIVE TRUCK7 MARKET2 MARKET3) [1]
90.091: (BUY TRUCK7 GOODS10 MARKET3 LEVEL0 LEVEL1 LEVEL0 LEVEL1) [1]
91.092: (LOAD GOODS10 TRUCK7 MARKET3 LEVEL0 LEVEL1 LEVEL1 LEVEL2) [1]
92.093: (DRIVE TRUCK7 MARKET3 MARKET2) [1]
93.094: (DRIVE TRUCK7 MARKET2 DEPOT1) [1]
94.095: (UNLOAD GOODS10 TRUCK7 DEPOT1 LEVEL1 LEVEL2 LEVEL1 LEVEL2) [1]
95.096: (DRIVE TRUCK7 DEPOT1 MARKET2) [1]
96.097: (DRIVE TRUCK7 MARKET2 MARKET3) [1]
97.098: (DRIVE TRUCK7 MARKET3 MARKET4) [1]
98.099: (BUY TRUCK7 GOODS10 MARKET4 LEVEL0 LEVEL1 LEVEL0 LEVEL1) [1]
99.100: (LOAD GOODS10 TRUCK7 MARKET4 LEVEL0 LEVEL1 LEVEL1 LEVEL2) [1]
100.101: (DRIVE TRUCK7 MARKET4 MARKET7) [1]
101.102: (DRIVE TRUCK7 MARKET7 DEPOT3) [1]
102.103: (UNLOAD GOODS10 TRUCK7 DEPOT3 LEVEL1 LEVEL2 LEVEL2 LEVEL3) [1]
103.104: (UNLOAD GOODS10 TRUCK7 DEPOT3 LEVEL0 LEVEL1 LEVEL3 LEVEL4) [1]
104.105: (DRIVE TRUCK7 DEPOT3 MARKET7) [1]
105.106: (BUY TRUCK7 GOODS9 MARKET7 LEVEL0 LEVEL1 LEVEL0 LEVEL1) [1]
106.107: (LOAD GOODS9 TRUCK7 MARKET7 LEVEL0 LEVEL1 LEVEL0 LEVEL1) [1]
107.108: (DRIVE TRUCK7 MARKET7 MARKET4) [1]
108.109: (DRIVE TRUCK7 MARKET4 MARKET5) [1]
109.110: (BUY TRUCK7 GOODS9 MARKET5 LEVEL1 LEVEL2 LEVEL0 LEVEL1) [1]
110.111: (LOAD GOODS9 TRUCK7 MARKET5 LEVEL0 LEVEL1 LEVEL1 LEVEL2) [1]
111.112: (DRIVE TRUCK7 MARKET5 DEPOT2) [1]
112.113: (UNLOAD GOODS9 TRUCK7 DEPOT2 LEVEL1 LEVEL2 LEVEL0 LEVEL1) [1]
113.114: (UNLOAD GOODS9 TRUCK7 DEPOT2 LEVEL0 LEVEL1 LEVEL1 LEVEL2) [1]
114.115: (DRIVE TRUCK7 DEPOT2 MARKET5) [1]
115.116: (DRIVE TRUCK7 MARKET5 MARKET4) [1]
116.117: (DRIVE TRUCK7 MARKET4 MARKET3) [1]
117.118: (DRIVE TRUCK7 MARKET3 MARKET2) [1]
118.119: (BUY TRUCK7 GOODS8 MARKET2 LEVEL0 LEVEL1 LEVEL0 LEVEL1) [1]
119.120: (LOAD GOODS8 TRUCK7 MARKET2 LEVEL0 LEVEL1 LEVEL0 LEVEL1) [1]
120.121: (DRIVE TRUCK7 MARKET2 DEPOT1) [1]
121.122: (UNLOAD GOODS8 TRUCK7 DEPOT1 LEVEL0 LEVEL1 LEVEL0 LEVEL1) [1]
122.123: (DRIVE TRUCK7 DEPOT1 MARKET2) [1]
123.124: (BUY TRUCK7 GOODS7 MARKET2 LEVEL0 LEVEL1 LEVEL0 LEVEL1) [1]
124.125: (LOAD GOODS7 TRUCK7 MARKET2 LEVEL0 LEVEL1 LEVEL0 LEVEL1) [1]
125.126: (DRIVE TRUCK7 MARKET2 MARKET6) [1]
126.127: (BUY TRUCK7 GOODS7 MARKET6 LEVEL1 LEVEL2 LEVEL0 LEVEL1) [1]
127.128: (BUY TRUCK7 GOODS7 MARKET6 LEVEL0 LEVEL1 LEVEL1 LEVEL2) [1]
128.129: (LOAD GOODS7 TRUCK7 MARKET6 LEVEL1 LEVEL2 LEVEL1 LEVEL2) [1]
129.130: (LOAD GOODS7 TRUCK7 MARKET6 LEVEL0 LEVEL1 LEVEL2 LEVEL3) [1]
130.131: (DRIVE TRUCK7 MARKET6 MARKET2) [1]
131.132: (DRIVE TRUCK7 MARKET2 DEPOT1) [1]
132.133: (UNLOAD GOODS7 TRUCK7 DEPOT1 LEVEL2 LEVEL3 LEVEL0 LEVEL1) [1]
133.134: (UNLOAD GOODS7 TRUCK7 DEPOT1 LEVEL1 LEVEL2 LEVEL1 LEVEL2) [1]
134.135: (DRIVE TRUCK7 DEPOT1 MARKET2) [1]
135.136: (DRIVE TRUCK7 MARKET2 MARKET6) [1]
136.137: (DRIVE TRUCK7 MARKET6 MARKET1) [1]
137.138: (BUY TRUCK7 GOODS7 MARKET1 LEVEL0 LEVEL1 LEVEL0 LEVEL1) [1]
138.139: (LOAD GOODS7 TRUCK7 MARKET1 LEVEL0 LEVEL1 LEVEL1 LEVEL2) [1]
139.140: (DRIVE TRUCK7 MARKET1 MARKET4) [1]
140.141: (BUY TRUCK7 GOODS7 MARKET4 LEVEL0 LEVEL1 LEVEL0 LEVEL1) [1]
141.142: (DRIVE TRUCK7 MARKET4 MARKET7) [1]
142.143: (DRIVE TRUCK7 MARKET7 DEPOT3) [1]
143.144: (UNLOAD GOODS7 TRUCK7 DEPOT3 LEVEL1 LEVEL2 LEVEL2 LEVEL3) [1]
144.145: (DRIVE TRUCK7 DEPOT3 MARKET7) [1]
145.146: (DRIVE TRUCK7 MARKET7 MARKET4) [1]
146.147: (LOAD GOODS7 TRUCK7 MARKET4 LEVEL0 LEVEL1 LEVEL1 LEVEL2) [1]
147.148: (DRIVE TRUCK7 MARKET4 MARKET7) [1]
148.149: (DRIVE TRUCK7 MARKET7 DEPOT3) [1]
149.150: (UNLOAD GOODS7 TRUCK7 DEPOT3 LEVEL1 LEVEL2 LEVEL3 LEVEL4) [1]
150.151: (UNLOAD GOODS7 TRUCK7 DEPOT3 LEVEL0 LEVEL1 LEVEL4 LEVEL5) [1]
151.152: (DRIVE TRUCK7 DEPOT3 MARKET7) [1]
152.153: (DRIVE TRUCK7 MARKET7 MARKET4) [1]
153.154: (DRIVE TRUCK7 MARKET4 MARKET5) [1]
154.155: (BUY TRUCK7 GOODS6 MARKET5 LEVEL0 LEVEL1 LEVEL0 LEVEL1) [1]
155.156: (LOAD GOODS6 TRUCK7 MARKET5 LEVEL0 LEVEL1 LEVEL0 LEVEL1) [1]
156.157: (DRIVE TRUCK7 MARKET5 MARKET4) [1]
157.158: (DRIVE TRUCK7 MARKET4 MARKET3) [1]
158.159: (DRIVE TRUCK7 MARKET3 MARKET2) [1]
159.160: (BUY TRUCK7 GOODS6 MARKET2 LEVEL1 LEVEL2 LEVEL0 LEVEL1) [1]
160.161: (LOAD GOODS6 TRUCK7 MARKET2 LEVEL0 LEVEL1 LEVEL1 LEVEL2) [1]
161.162: (DRIVE TRUCK7 MARKET2 DEPOT1) [1]
162.163: (UNLOAD GOODS6 TRUCK7 DEPOT1 LEVEL1 LEVEL2 LEVEL0 LEVEL1) [1]
163.164: (UNLOAD GOODS6 TRUCK7 DEPOT1 LEVEL0 LEVEL1 LEVEL1 LEVEL2) [1]
164.165: (DRIVE TRUCK7 DEPOT1 MARKET2) [1]
165.166: (BUY TRUCK7 GOODS5 MARKET2 LEVEL0 LEVEL1 LEVEL0 LEVEL1) [1]
166.167: (LOAD GOODS5 TRUCK7 MARKET2 LEVEL0 LEVEL1 LEVEL0 LEVEL1) [1]
167.168: (DRIVE TRUCK7 MARKET2 MARKET3) [1]
168.169: (DRIVE TRUCK7 MARKET3 MARKET4) [1]
169.170: (DRIVE TRUCK7 MARKET4 MARKET7) [1]
170.171: (BUY TRUCK7 GOODS5 MARKET7 LEVEL0 LEVEL1 LEVEL0 LEVEL1) [1]
171.172: (LOAD GOODS5 TRUCK7 MARKET7 LEVEL0 LEVEL1 LEVEL1 LEVEL2) [1]
172.173: (DRIVE TRUCK7 MARKET7 DEPOT3) [1]
173.174: (UNLOAD GOODS5 TRUCK7 DEPOT3 LEVEL1 LEVEL2 LEVEL0 LEVEL1) [1]
174.175: (UNLOAD GOODS5 TRUCK7 DEPOT3 LEVEL0 LEVEL1 LEVEL1 LEVEL2) [1]
175.176: (DRIVE TRUCK7 DEPOT3 MARKET7) [1]
176.177: (DRIVE TRUCK7 MARKET7 MARKET4) [1]
177.178: (DRIVE TRUCK7 MARKET4 MARKET3) [1]
178.179: (DRIVE TRUCK7 MARKET3 MARKET2) [1]
179.180: (BUY TRUCK7 GOODS4 MARKET2 LEVEL1 LEVEL2 LEVEL0 LEVEL1) [1]
180.181: (LOAD GOODS4 TRUCK7 MARKET2 LEVEL0 LEVEL1 LEVEL0 LEVEL1) [1]
181.182: (BUY TRUCK7 GOODS4 MARKET2 LEVEL0 LEVEL1 LEVEL0 LEVEL1) [1]
182.183: (LOAD GOODS4 TRUCK7 MARKET2 LEVEL0 LEVEL1 LEVEL1 LEVEL2) [1]
183.184: (DRIVE TRUCK7 MARKET2 DEPOT1) [1]
184.185: (UNLOAD GOODS4 TRUCK7 DEPOT1 LEVEL1 LEVEL2 LEVEL0 LEVEL1) [1]
185.186: (DRIVE TRUCK7 DEPOT1 MARKET2) [1]
186.187: (DRIVE TRUCK7 MARKET2 MARKET6) [1]
187.188: (BUY TRUCK7 GOODS4 MARKET6 LEVEL1 LEVEL2 LEVEL0 LEVEL1) [1]
188.189: (BUY TRUCK7 GOODS4 MARKET6 LEVEL0 LEVEL1 LEVEL1 LEVEL2) [1]
189.190: (LOAD GOODS4 TRUCK7 MARKET6 LEVEL1 LEVEL2 LEVEL1 LEVEL2) [1]
190.191: (LOAD GOODS4 TRUCK7 MARKET6 LEVEL0 LEVEL1 LEVEL2 LEVEL3) [1]
191.192: (DRIVE TRUCK7 MARKET6 MARKET2) [1]
192.193: (DRIVE TRUCK7 MARKET2 DEPOT1) [1]
193.194: (UNLOAD GOODS4 TRUCK7 DEPOT1 LEVEL2 LEVEL3 LEVEL1 LEVEL2) [1]
194.195: (UNLOAD GOODS4 TRUCK7 DEPOT1 LEVEL1 LEVEL2 LEVEL2 LEVEL3) [1]
195.196: (UNLOAD GOODS4 TRUCK7 DEPOT1 LEVEL0 LEVEL1 LEVEL3 LEVEL4) [1]
196.197: (DRIVE TRUCK7 DEPOT1 MARKET2) [1]
197.198: (BUY TRUCK7 GOODS3 MARKET2 LEVEL1 LEVEL2 LEVEL0 LEVEL1) [1]
198.199: (LOAD GOODS3 TRUCK7 MARKET2 LEVEL0 LEVEL1 LEVEL0 LEVEL1) [1]
199.200: (DRIVE TRUCK7 MARKET2 MARKET6) [1]
200.201: (DRIVE TRUCK7 MARKET6 MARKET1) [1]
201.202: (BUY TRUCK7 GOODS3 MARKET1 LEVEL0 LEVEL1 LEVEL0 LEVEL1) [1]
202.203: (LOAD GOODS3 TRUCK7 MARKET1 LEVEL0 LEVEL1 LEVEL1 LEVEL2) [1]
203.204: (DRIVE TRUCK7 MARKET1 MARKET6) [1]
204.205: (BUY TRUCK7 GOODS3 MARKET6 LEVEL0 LEVEL1 LEVEL0 LEVEL1) [1]
205.206: (LOAD GOODS3 TRUCK7 MARKET6 LEVEL0 LEVEL1 LEVEL2 LEVEL3) [1]
206.207: (DRIVE TRUCK7 MARKET6 MARKET2) [1]
207.208: (DRIVE TRUCK7 MARKET2 DEPOT1) [1]
208.209: (UNLOAD GOODS3 TRUCK7 DEPOT1 LEVEL2 LEVEL3 LEVEL0 LEVEL1) [1]
209.210: (UNLOAD GOODS3 TRUCK7 DEPOT1 LEVEL1 LEVEL2 LEVEL1 LEVEL2) [1]
210.211: (DRIVE TRUCK7 DEPOT1 MARKET2) [1]
211.212: (BUY TRUCK7 GOODS3 MARKET2 LEVEL0 LEVEL1 LEVEL0 LEVEL1) [1]
212.213: (LOAD GOODS3 TRUCK7 MARKET2 LEVEL0 LEVEL1 LEVEL1 LEVEL2) [1]
213.214: (DRIVE TRUCK7 MARKET2 DEPOT1) [1]
214.215: (UNLOAD GOODS3 TRUCK7 DEPOT1 LEVEL1 LEVEL2 LEVEL2 LEVEL3) [1]
215.216: (DRIVE TRUCK7 DEPOT1 MARKET2) [1]
216.217: (DRIVE TRUCK7 MARKET2 MARKET3) [1]
217.218: (DRIVE TRUCK7 MARKET3 MARKET4) [1]
218.219: (DRIVE TRUCK7 MARKET4 MARKET5) [1]
219.220: (BUY TRUCK7 GOODS3 MARKET5 LEVEL1 LEVEL2 LEVEL0 LEVEL1) [1]
220.221: (LOAD GOODS3 TRUCK7 MARKET5 LEVEL0 LEVEL1 LEVEL1 LEVEL2) [1]
221.222: (DRIVE TRUCK7 MARKET5 DEPOT2) [1]
222.223: (UNLOAD GOODS3 TRUCK7 DEPOT2 LEVEL1 LEVEL2 LEVEL3 LEVEL4) [1]
223.224: (DRIVE TRUCK7 DEPOT2 MARKET5) [1]
224.225: (BUY TRUCK7 GOODS3 MARKET5 LEVEL0 LEVEL1 LEVEL0 LEVEL1) [1]
225.226: (LOAD GOODS3 TRUCK7 MARKET5 LEVEL0 LEVEL1 LEVEL1 LEVEL2) [1]
226.227: (DRIVE TRUCK7 MARKET5 DEPOT2) [1]
227.228: (UNLOAD GOODS3 TRUCK7 DEPOT2 LEVEL1 LEVEL2 LEVEL4 LEVEL5) [1]
228.229: (UNLOAD GOODS3 TRUCK7 DEPOT2 LEVEL0 LEVEL1 LEVEL5 LEVEL6) [1]
229.230: (DRIVE TRUCK7 DEPOT2 MARKET5) [1]
230.231: (DRIVE TRUCK7 MARKET5 MARKET4) [1]
231.232: (BUY TRUCK7 GOODS2 MARKET4 LEVEL0 LEVEL1 LEVEL0 LEVEL1) [1]
232.233: (LOAD GOODS2 TRUCK7 MARKET4 LEVEL0 LEVEL1 LEVEL0 LEVEL1) [1]
233.234: (DRIVE TRUCK7 MARKET4 MARKET3) [1]
234.235: (DRIVE TRUCK7 MARKET3 MARKET2) [1]
235.236: (BUY TRUCK7 GOODS2 MARKET2 LEVEL1 LEVEL2 LEVEL0 LEVEL1) [1]
236.237: (LOAD GOODS2 TRUCK7 MARKET2 LEVEL0 LEVEL1 LEVEL1 LEVEL2) [1]
237.238: (DRIVE TRUCK7 MARKET2 DEPOT1) [1]
238.239: (UNLOAD GOODS2 TRUCK7 DEPOT1 LEVEL1 LEVEL2 LEVEL0 LEVEL1) [1]
239.240: (UNLOAD GOODS2 TRUCK7 DEPOT1 LEVEL0 LEVEL1 LEVEL1 LEVEL2) [1]
240.241: (DRIVE TRUCK7 DEPOT1 MARKET2) [1]
241.242: (BUY TRUCK7 GOODS1 MARKET2 LEVEL1 LEVEL2 LEVEL0 LEVEL1) [1]
242.243: (LOAD GOODS1 TRUCK7 MARKET2 LEVEL0 LEVEL1 LEVEL0 LEVEL1) [1]
243.244: (BUY TRUCK7 GOODS1 MARKET2 LEVEL0 LEVEL1 LEVEL0 LEVEL1) [1]
244.245: (LOAD GOODS1 TRUCK7 MARKET2 LEVEL0 LEVEL1 LEVEL1 LEVEL2) [1]
245.246: (DRIVE TRUCK7 MARKET2 DEPOT1) [1]
246.247: (UNLOAD GOODS1 TRUCK7 DEPOT1 LEVEL1 LEVEL2 LEVEL0 LEVEL1) [1]
247.248: (DRIVE TRUCK7 DEPOT1 MARKET2) [1]
248.249: (DRIVE TRUCK7 MARKET2 MARKET3) [1]
249.250: (DRIVE TRUCK7 MARKET3 MARKET4) [1]
250.251: (DRIVE TRUCK7 MARKET4 MARKET5) [1]
251.252: (BUY TRUCK7 GOODS1 MARKET5 LEVEL1 LEVEL2 LEVEL0 LEVEL1) [1]
252.253: (LOAD GOODS1 TRUCK7 MARKET5 LEVEL0 LEVEL1 LEVEL1 LEVEL2) [1]
253.254: (DRIVE TRUCK7 MARKET5 DEPOT2) [1]
254.255: (UNLOAD GOODS1 TRUCK7 DEPOT2 LEVEL1 LEVEL2 LEVEL1 LEVEL2) [1]
255.256: (DRIVE TRUCK7 DEPOT2 MARKET5) [1]
256.257: (BUY TRUCK7 GOODS1 MARKET5 LEVEL0 LEVEL1 LEVEL0 LEVEL1) [1]
257.258: (LOAD GOODS1 TRUCK7 MARKET5 LEVEL0 LEVEL1 LEVEL1 LEVEL2) [1]
258.259: (DRIVE TRUCK7 MARKET5 DEPOT2) [1]
259.260: (UNLOAD GOODS1 TRUCK7 DEPOT2 LEVEL1 LEVEL2 LEVEL2 LEVEL3) [1]
260.261: (UNLOAD GOODS1 TRUCK7 DEPOT2 LEVEL0 LEVEL1 LEVEL3 LEVEL4) [1]
__MEMKB 174768
