#
# (C) Copyright 2008, University of Illinois, Urbana-Champaign
#
# All rights reserved. Use of this software is permitted ONLY for
# non-commercial research purposes, and it may be copied only
# for that use only. All copies must include this copyright message.
# This software is made available AS IS, and neither the authors
# nor the University of Illinois, make any warranty about the
# software or its performance.
#

Parsing domain file
 domain 'TPP-PROPOSITIONAL' defined
Parsing problem file
 problem 'TPP' defined



checking for cyclic := effects --- OK.

Starting SGPlan search ...



Solution found.

; Time 1.40
; ParsingTime 0.16
; NrActions 272
; MakeSpan
; MetricValue
; PlanningTechnique Modified-FF(enforced hill-climbing search) as the subplanner

0.001: (DRIVE TRUCK7 DEPOT2 MARKET5) [1]
1.002: (DRIVE TRUCK7 MARKET5 MARKET4) [1]
2.003: (DRIVE TRUCK7 MARKET4 MARKET7) [1]
3.004: (BUY TRUCK7 GOODS18 MARKET7 LEVEL0 LEVEL1 LEVEL0 LEVEL1) [1]
4.005: (LOAD GOODS18 TRUCK7 MARKET7 LEVEL0 LEVEL1 LEVEL0 LEVEL1) [1]
5.006: (DRIVE TRUCK7 MARKET7 MARKET4) [1]
6.007: (DRIVE TRUCK7 MARKET4 MARKET3) [1]
7.008: (BUY TRUCK7 GOODS18 MARKET3 LEVEL1 LEVEL2 LEVEL0 LEVEL1) [1]
8.009: (BUY TRUCK7 GOODS18 MARKET3 LEVEL0 LEVEL1 LEVEL1 LEVEL2) [1]
9.010: (LOAD GOODS18 TRUCK7 MARKET3 LEVEL1 LEVEL2 LEVEL1 LEVEL2) [1]
10.011: (LOAD GOODS18 TRUCK7 MARKET3 LEVEL0 LEVEL1 LEVEL2 LEVEL3) [1]
11.012: (DRIVE TRUCK7 MARKET3 MARKET2) [1]
12.013: (DRIVE TRUCK7 MARKET2 DEPOT1) [1]
13.014: (UNLOAD GOODS18 TRUCK7 DEPOT1 LEVEL2 LEVEL3 LEVEL0 LEVEL1) [1]
14.015: (UNLOAD GOODS18 TRUCK7 DEPOT1 LEVEL1 LEVEL2 LEVEL1 LEVEL2) [1]
15.016: (DRIVE TRUCK7 DEPOT1 MARKET2) [1]
16.017: (BUY TRUCK7 GOODS18 MARKET2 LEVEL0 LEVEL1 LEVEL0 LEVEL1) [1]
17.018: (LOAD GOODS18 TRUCK7 MARKET2 LEVEL0 LEVEL1 LEVEL1 LEVEL2) [1]
18.019: (DRIVE TRUCK7 MARKET2 DEPOT1) [1]
19.020: (UNLOAD GOODS18 TRUCK7 DEPOT1 LEVEL1 LEVEL2 LEVEL2 LEVEL3) [1]
20.021: (UNLOAD GOODS18 TRUCK7 DEPOT1 LEVEL0 LEVEL1 LEVEL3 LEVEL4) [1]
21.022: (DRIVE TRUCK7 DEPOT1 MARKET2) [1]
22.023: (BUY TRUCK7 GOODS17 MARKET2 LEVEL1 LEVEL2 LEVEL0 LEVEL1) [1]
23.024: (LOAD GOODS17 TRUCK7 MARKET2 LEVEL0 LEVEL1 LEVEL0 LEVEL1) [1]
24.025: (BUY TRUCK7 GOODS17 MARKET2 LEVEL0 LEVEL1 LEVEL0 LEVEL1) [1]
25.026: (LOAD GOODS17 TRUCK7 MARKET2 LEVEL0 LEVEL1 LEVEL1 LEVEL2) [1]
26.027: (DRIVE TRUCK7 MARKET2 DEPOT1) [1]
27.028: (UNLOAD GOODS17 TRUCK7 DEPOT1 LEVEL1 LEVEL2 LEVEL0 LEVEL1) [1]
28.029: (DRIVE TRUCK7 DEPOT1 MARKET2) [1]
29.030: (DRIVE TRUCK7 MARKET2 MARKET3) [1]
30.031: (DRIVE TRUCK7 MARKET3 MARKET4) [1]
31.032: (DRIVE TRUCK7 MARKET4 MARKET5) [1]
32.033: (BUY TRUCK7 GOODS17 MARKET5 LEVEL0 LEVEL1 LEVEL0 LEVEL1) [1]
33.034: (LOAD GOODS17 TRUCK7 MARKET5 LEVEL0 LEVEL1 LEVEL1 LEVEL2) [1]
34.035: (DRIVE TRUCK7 MARKET5 DEPOT2) [1]
35.036: (UNLOAD GOODS17 TRUCK7 DEPOT2 LEVEL1 LEVEL2 LEVEL1 LEVEL2) [1]
36.037: (UNLOAD GOODS17 TRUCK7 DEPOT2 LEVEL0 LEVEL1 LEVEL2 LEVEL3) [1]
37.038: (DRIVE TRUCK7 DEPOT2 MARKET5) [1]
38.039: (DRIVE TRUCK7 MARKET5 MARKET4) [1]
39.040: (BUY TRUCK7 GOODS16 MARKET4 LEVEL0 LEVEL1 LEVEL0 LEVEL1) [1]
40.041: (LOAD GOODS16 TRUCK7 MARKET4 LEVEL0 LEVEL1 LEVEL0 LEVEL1) [1]
41.042: (DRIVE TRUCK7 MARKET4 MARKET3) [1]
42.043: (DRIVE TRUCK7 MARKET3 MARKET2) [1]
43.044: (BUY TRUCK7 GOODS16 MARKET2 LEVEL1 LEVEL2 LEVEL0 LEVEL1) [1]
44.045: (LOAD GOODS16 TRUCK7 MARKET2 LEVEL0 LEVEL1 LEVEL1 LEVEL2) [1]
45.046: (DRIVE TRUCK7 MARKET2 DEPOT1) [1]
46.047: (UNLOAD GOODS16 TRUCK7 DEPOT1 LEVEL1 LEVEL2 LEVEL0 LEVEL1) [1]
47.048: (DRIVE TRUCK7 DEPOT1 MARKET2) [1]
48.049: (BUY TRUCK7 GOODS16 MARKET2 LEVEL0 LEVEL1 LEVEL0 LEVEL1) [1]
49.050: (LOAD GOODS16 TRUCK7 MARKET2 LEVEL0 LEVEL1 LEVEL1 LEVEL2) [1]
50.051: (DRIVE TRUCK7 MARKET2 DEPOT1) [1]
51.052: (UNLOAD GOODS16 TRUCK7 DEPOT1 LEVEL1 LEVEL2 LEVEL1 LEVEL2) [1]
52.053: (UNLOAD GOODS16 TRUCK7 DEPOT1 LEVEL0 LEVEL1 LEVEL2 LEVEL3) [1]
53.054: (DRIVE TRUCK7 DEPOT1 MARKET2) [1]
54.055: (BUY TRUCK7 GOODS15 MARKET2 LEVEL0 LEVEL1 LEVEL0 LEVEL1) [1]
55.056: (LOAD GOODS15 TRUCK7 MARKET2 LEVEL0 LEVEL1 LEVEL0 LEVEL1) [1]
56.057: (DRIVE TRUCK7 MARKET2 MARKET3) [1]
57.058: (BUY TRUCK7 GOODS15 MARKET3 LEVEL1 LEVEL2 LEVEL0 LEVEL1) [1]
58.059: (BUY TRUCK7 GOODS15 MARKET3 LEVEL0 LEVEL1 LEVEL1 LEVEL2) [1]
59.060: (LOAD GOODS15 TRUCK7 MARKET3 LEVEL1 LEVEL2 LEVEL1 LEVEL2) [1]
60.061: (LOAD GOODS15 TRUCK7 MARKET3 LEVEL0 LEVEL1 LEVEL2 LEVEL3) [1]
61.062: (DRIVE TRUCK7 MARKET3 MARKET2) [1]
62.063: (DRIVE TRUCK7 MARKET2 DEPOT1) [1]
63.064: (UNLOAD GOODS15 TRUCK7 DEPOT1 LEVEL2 LEVEL3 LEVEL0 LEVEL1) [1]
64.065: (UNLOAD GOODS15 TRUCK7 DEPOT1 LEVEL1 LEVEL2 LEVEL1 LEVEL2) [1]
65.066: (DRIVE TRUCK7 DEPOT1 MARKET2) [1]
66.067: (DRIVE TRUCK7 MARKET2 MARKET3) [1]
67.068: (DRIVE TRUCK7 MARKET3 MARKET4) [1]
68.069: (BUY TRUCK7 GOODS15 MARKET4 LEVEL1 LEVEL2 LEVEL0 LEVEL1) [1]
69.070: (BUY TRUCK7 GOODS15 MARKET4 LEVEL0 LEVEL1 LEVEL1 LEVEL2) [1]
70.071: (LOAD GOODS15 TRUCK7 MARKET4 LEVEL1 LEVEL2 LEVEL1 LEVEL2) [1]
71.072: (LOAD GOODS15 TRUCK7 MARKET4 LEVEL0 LEVEL1 LEVEL2 LEVEL3) [1]
72.073: (DRIVE TRUCK7 MARKET4 MARKET7) [1]
73.074: (DRIVE TRUCK7 MARKET7 DEPOT3) [1]
74.075: (UNLOAD GOODS15 TRUCK7 DEPOT3 LEVEL2 LEVEL3 LEVEL2 LEVEL3) [1]
75.076: (UNLOAD GOODS15 TRUCK7 DEPOT3 LEVEL1 LEVEL2 LEVEL3 LEVEL4) [1]
76.077: (UNLOAD GOODS15 TRUCK7 DEPOT3 LEVEL0 LEVEL1 LEVEL4 LEVEL5) [1]
77.078: (DRIVE TRUCK7 DEPOT3 MARKET7) [1]
78.079: (DRIVE TRUCK7 MARKET7 MARKET4) [1]
79.080: (BUY TRUCK7 GOODS14 MARKET4 LEVEL1 LEVEL2 LEVEL0 LEVEL1) [1]
80.081: (LOAD GOODS14 TRUCK7 MARKET4 LEVEL0 LEVEL1 LEVEL0 LEVEL1) [1]
81.082: (BUY TRUCK7 GOODS14 MARKET4 LEVEL0 LEVEL1 LEVEL0 LEVEL1) [1]
82.083: (LOAD GOODS14 TRUCK7 MARKET4 LEVEL0 LEVEL1 LEVEL1 LEVEL2) [1]
83.084: (DRIVE TRUCK7 MARKET4 MARKET7) [1]
84.085: (DRIVE TRUCK7 MARKET7 DEPOT3) [1]
85.086: (UNLOAD GOODS14 TRUCK7 DEPOT3 LEVEL1 LEVEL2 LEVEL0 LEVEL1) [1]
86.087: (DRIVE TRUCK7 DEPOT3 MARKET7) [1]
87.088: (DRIVE TRUCK7 MARKET7 MARKET4) [1]
88.089: (DRIVE TRUCK7 MARKET4 MARKET3) [1]
89.090: (BUY TRUCK7 GOODS14 MARKET3 LEVEL0 LEVEL1 LEVEL0 LEVEL1) [1]
90.091: (LOAD GOODS14 TRUCK7 MARKET3 LEVEL0 LEVEL1 LEVEL1 LEVEL2) [1]
91.092: (DRIVE TRUCK7 MARKET3 MARKET2) [1]
92.093: (DRIVE TRUCK7 MARKET2 DEPOT1) [1]
93.094: (UNLOAD GOODS14 TRUCK7 DEPOT1 LEVEL1 LEVEL2 LEVEL1 LEVEL2) [1]
94.095: (DRIVE TRUCK7 DEPOT1 MARKET2) [1]
95.096: (BUY TRUCK7 GOODS14 MARKET2 LEVEL0 LEVEL1 LEVEL0 LEVEL1) [1]
96.097: (LOAD GOODS14 TRUCK7 MARKET2 LEVEL0 LEVEL1 LEVEL1 LEVEL2) [1]
97.098: (DRIVE TRUCK7 MARKET2 DEPOT1) [1]
98.099: (UNLOAD GOODS14 TRUCK7 DEPOT1 LEVEL1 LEVEL2 LEVEL2 LEVEL3) [1]
99.100: (UNLOAD GOODS14 TRUCK7 DEPOT1 LEVEL0 LEVEL1 LEVEL3 LEVEL4) [1]
100.101: (DRIVE TRUCK7 DEPOT1 MARKET2) [1]
101.102: (BUY TRUCK7 GOODS13 MARKET2 LEVEL0 LEVEL1 LEVEL0 LEVEL1) [1]
102.103: (LOAD GOODS13 TRUCK7 MARKET2 LEVEL0 LEVEL1 LEVEL0 LEVEL1) [1]
103.104: (DRIVE TRUCK7 MARKET2 MARKET6) [1]
104.105: (DRIVE TRUCK7 MARKET6 MARKET1) [1]
105.106: (BUY TRUCK7 GOODS13 MARKET1 LEVEL1 LEVEL2 LEVEL0 LEVEL1) [1]
106.107: (LOAD GOODS13 TRUCK7 MARKET1 LEVEL0 LEVEL1 LEVEL1 LEVEL2) [1]
107.108: (DRIVE TRUCK7 MARKET1 MARKET4) [1]
108.109: (BUY TRUCK7 GOODS13 MARKET4 LEVEL1 LEVEL2 LEVEL0 LEVEL1) [1]
109.110: (BUY TRUCK7 GOODS13 MARKET4 LEVEL0 LEVEL1 LEVEL1 LEVEL2) [1]
110.111: (LOAD GOODS13 TRUCK7 MARKET4 LEVEL1 LEVEL2 LEVEL2 LEVEL3) [1]
111.112: (DRIVE TRUCK7 MARKET4 MARKET7) [1]
112.113: (DRIVE TRUCK7 MARKET7 DEPOT3) [1]
113.114: (UNLOAD GOODS13 TRUCK7 DEPOT3 LEVEL2 LEVEL3 LEVEL0 LEVEL1) [1]
114.115: (UNLOAD GOODS13 TRUCK7 DEPOT3 LEVEL1 LEVEL2 LEVEL1 LEVEL2) [1]
115.116: (UNLOAD GOODS13 TRUCK7 DEPOT3 LEVEL0 LEVEL1 LEVEL2 LEVEL3) [1]
116.117: (DRIVE TRUCK7 DEPOT3 MARKET7) [1]
117.118: (DRIVE TRUCK7 MARKET7 MARKET4) [1]
118.119: (LOAD GOODS13 TRUCK7 MARKET4 LEVEL0 LEVEL1 LEVEL0 LEVEL1) [1]
119.120: (DRIVE TRUCK7 MARKET4 MARKET1) [1]
120.121: (BUY TRUCK7 GOODS13 MARKET1 LEVEL0 LEVEL1 LEVEL0 LEVEL1) [1]
121.122: (LOAD GOODS13 TRUCK7 MARKET1 LEVEL0 LEVEL1 LEVEL1 LEVEL2) [1]
122.123: (DRIVE TRUCK7 MARKET1 MARKET6) [1]
123.124: (DRIVE TRUCK7 MARKET6 MARKET2) [1]
124.125: (DRIVE TRUCK7 MARKET2 DEPOT1) [1]
125.126: (UNLOAD GOODS13 TRUCK7 DEPOT1 LEVEL1 LEVEL2 LEVEL3 LEVEL4) [1]
126.127: (DRIVE TRUCK7 DEPOT1 MARKET2) [1]
127.128: (DRIVE TRUCK7 MARKET2 MARKET3) [1]
128.129: (BUY TRUCK7 GOODS13 MARKET3 LEVEL0 LEVEL1 LEVEL0 LEVEL1) [1]
129.130: (LOAD GOODS13 TRUCK7 MARKET3 LEVEL0 LEVEL1 LEVEL1 LEVEL2) [1]
130.131: (DRIVE TRUCK7 MARKET3 MARKET2) [1]
131.132: (DRIVE TRUCK7 MARKET2 DEPOT1) [1]
132.133: (UNLOAD GOODS13 TRUCK7 DEPOT1 LEVEL1 LEVEL2 LEVEL4 LEVEL5) [1]
133.134: (UNLOAD GOODS13 TRUCK7 DEPOT1 LEVEL0 LEVEL1 LEVEL5 LEVEL6) [1]
134.135: (DRIVE TRUCK7 DEPOT1 MARKET2) [1]
135.136: (BUY TRUCK7 GOODS12 MARKET2 LEVEL1 LEVEL2 LEVEL0 LEVEL1) [1]
136.137: (LOAD GOODS12 TRUCK7 MARKET2 LEVEL0 LEVEL1 LEVEL0 LEVEL1) [1]
137.138: (DRIVE TRUCK7 MARKET2 DEPOT1) [1]
138.139: (UNLOAD GOODS12 TRUCK7 DEPOT1 LEVEL0 LEVEL1 LEVEL0 LEVEL1) [1]
139.140: (DRIVE TRUCK7 DEPOT1 MARKET2) [1]
140.141: (BUY TRUCK7 GOODS11 MARKET2 LEVEL0 LEVEL1 LEVEL0 LEVEL1) [1]
141.142: (LOAD GOODS11 TRUCK7 MARKET2 LEVEL0 LEVEL1 LEVEL0 LEVEL1) [1]
142.143: (DRIVE TRUCK7 MARKET2 DEPOT1) [1]
143.144: (UNLOAD GOODS11 TRUCK7 DEPOT1 LEVEL0 LEVEL1 LEVEL0 LEVEL1) [1]
144.145: (DRIVE TRUCK7 DEPOT1 MARKET2) [1]
145.146: (BUY TRUCK7 GOODS10 MARKET2 LEVEL1 LEVEL2 LEVEL0 LEVEL1) [1]
146.147: (LOAD GOODS10 TRUCK7 MARKET2 LEVEL0 LEVEL1 LEVEL0 LEVEL1) [1]
147.148: (DRIVE TRUCK7 MARKET2 DEPOT1) [1]
148.149: (UNLOAD GOODS10 TRUCK7 DEPOT1 LEVEL0 LEVEL1 LEVEL0 LEVEL1) [1]
149.150: (DRIVE TRUCK7 DEPOT1 MARKET2) [1]
150.151: (BUY TRUCK7 GOODS9 MARKET2 LEVEL0 LEVEL1 LEVEL0 LEVEL1) [1]
151.152: (LOAD GOODS9 TRUCK7 MARKET2 LEVEL0 LEVEL1 LEVEL0 LEVEL1) [1]
152.153: (DRIVE TRUCK7 MARKET2 MARKET6) [1]
153.154: (DRIVE TRUCK7 MARKET6 MARKET1) [1]
154.155: (BUY TRUCK7 GOODS9 MARKET1 LEVEL1 LEVEL2 LEVEL0 LEVEL1) [1]
155.156: (BUY TRUCK7 GOODS9 MARKET1 LEVEL0 LEVEL1 LEVEL1 LEVEL2) [1]
156.157: (LOAD GOODS9 TRUCK7 MARKET1 LEVEL1 LEVEL2 LEVEL1 LEVEL2) [1]
157.158: (LOAD GOODS9 TRUCK7 MARKET1 LEVEL0 LEVEL1 LEVEL2 LEVEL3) [1]
158.159: (DRIVE TRUCK7 MARKET1 MARKET6) [1]
159.160: (DRIVE TRUCK7 MARKET6 MARKET2) [1]
160.161: (DRIVE TRUCK7 MARKET2 DEPOT1) [1]
161.162: (UNLOAD GOODS9 TRUCK7 DEPOT1 LEVEL2 LEVEL3 LEVEL0 LEVEL1) [1]
162.163: (UNLOAD GOODS9 TRUCK7 DEPOT1 LEVEL1 LEVEL2 LEVEL1 LEVEL2) [1]
163.164: (DRIVE TRUCK7 DEPOT1 MARKET2) [1]
164.165: (DRIVE TRUCK7 MARKET2 MARKET3) [1]
165.166: (DRIVE TRUCK7 MARKET3 MARKET4) [1]
166.167: (DRIVE TRUCK7 MARKET4 MARKET5) [1]
167.168: (BUY TRUCK7 GOODS9 MARKET5 LEVEL1 LEVEL2 LEVEL0 LEVEL1) [1]
168.169: (LOAD GOODS9 TRUCK7 MARKET5 LEVEL0 LEVEL1 LEVEL1 LEVEL2) [1]
169.170: (DRIVE TRUCK7 MARKET5 DEPOT2) [1]
170.171: (UNLOAD GOODS9 TRUCK7 DEPOT2 LEVEL1 LEVEL2 LEVEL2 LEVEL3) [1]
171.172: (DRIVE TRUCK7 DEPOT2 MARKET5) [1]
172.173: (BUY TRUCK7 GOODS9 MARKET5 LEVEL0 LEVEL1 LEVEL0 LEVEL1) [1]
173.174: (LOAD GOODS9 TRUCK7 MARKET5 LEVEL0 LEVEL1 LEVEL1 LEVEL2) [1]
174.175: (DRIVE TRUCK7 MARKET5 DEPOT2) [1]
175.176: (UNLOAD GOODS9 TRUCK7 DEPOT2 LEVEL1 LEVEL2 LEVEL3 LEVEL4) [1]
176.177: (DRIVE TRUCK7 DEPOT2 MARKET5) [1]
177.178: (DRIVE TRUCK7 MARKET5 MARKET4) [1]
178.179: (DRIVE TRUCK7 MARKET4 MARKET7) [1]
179.180: (BUY TRUCK7 GOODS9 MARKET7 LEVEL0 LEVEL1 LEVEL0 LEVEL1) [1]
180.181: (LOAD GOODS9 TRUCK7 MARKET7 LEVEL0 LEVEL1 LEVEL1 LEVEL2) [1]
181.182: (DRIVE TRUCK7 MARKET7 DEPOT3) [1]
182.183: (UNLOAD GOODS9 TRUCK7 DEPOT3 LEVEL1 LEVEL2 LEVEL4 LEVEL5) [1]
183.184: (UNLOAD GOODS9 TRUCK7 DEPOT3 LEVEL0 LEVEL1 LEVEL5 LEVEL6) [1]
184.185: (DRIVE TRUCK7 DEPOT3 MARKET7) [1]
185.186: (DRIVE TRUCK7 MARKET7 MARKET4) [1]
186.187: (DRIVE TRUCK7 MARKET4 MARKET3) [1]
187.188: (DRIVE TRUCK7 MARKET3 MARKET2) [1]
188.189: (BUY TRUCK7 GOODS8 MARKET2 LEVEL0 LEVEL1 LEVEL0 LEVEL1) [1]
189.190: (LOAD GOODS8 TRUCK7 MARKET2 LEVEL0 LEVEL1 LEVEL0 LEVEL1) [1]
190.191: (DRIVE TRUCK7 MARKET2 MARKET3) [1]
191.192: (BUY TRUCK7 GOODS8 MARKET3 LEVEL0 LEVEL1 LEVEL0 LEVEL1) [1]
192.193: (LOAD GOODS8 TRUCK7 MARKET3 LEVEL0 LEVEL1 LEVEL1 LEVEL2) [1]
193.194: (DRIVE TRUCK7 MARKET3 MARKET2) [1]
194.195: (DRIVE TRUCK7 MARKET2 DEPOT1) [1]
195.196: (UNLOAD GOODS8 TRUCK7 DEPOT1 LEVEL1 LEVEL2 LEVEL0 LEVEL1) [1]
196.197: (UNLOAD GOODS8 TRUCK7 DEPOT1 LEVEL0 LEVEL1 LEVEL1 LEVEL2) [1]
197.198: (DRIVE TRUCK7 DEPOT1 MARKET2) [1]
198.199: (BUY TRUCK7 GOODS7 MARKET2 LEVEL0 LEVEL1 LEVEL0 LEVEL1) [1]
199.200: (LOAD GOODS7 TRUCK7 MARKET2 LEVEL0 LEVEL1 LEVEL0 LEVEL1) [1]
200.201: (DRIVE TRUCK7 MARKET2 MARKET6) [1]
201.202: (BUY TRUCK7 GOODS7 MARKET6 LEVEL1 LEVEL2 LEVEL0 LEVEL1) [1]
202.203: (BUY TRUCK7 GOODS7 MARKET6 LEVEL0 LEVEL1 LEVEL1 LEVEL2) [1]
203.204: (LOAD GOODS7 TRUCK7 MARKET6 LEVEL1 LEVEL2 LEVEL1 LEVEL2) [1]
204.205: (LOAD GOODS7 TRUCK7 MARKET6 LEVEL0 LEVEL1 LEVEL2 LEVEL3) [1]
205.206: (DRIVE TRUCK7 MARKET6 MARKET2) [1]
206.207: (DRIVE TRUCK7 MARKET2 DEPOT1) [1]
207.208: (UNLOAD GOODS7 TRUCK7 DEPOT1 LEVEL2 LEVEL3 LEVEL0 LEVEL1) [1]
208.209: (UNLOAD GOODS7 TRUCK7 DEPOT1 LEVEL1 LEVEL2 LEVEL1 LEVEL2) [1]
209.210: (DRIVE TRUCK7 DEPOT1 MARKET2) [1]
210.211: (DRIVE TRUCK7 MARKET2 MARKET6) [1]
211.212: (DRIVE TRUCK7 MARKET6 MARKET1) [1]
212.213: (BUY TRUCK7 GOODS7 MARKET1 LEVEL0 LEVEL1 LEVEL0 LEVEL1) [1]
213.214: (LOAD GOODS7 TRUCK7 MARKET1 LEVEL0 LEVEL1 LEVEL1 LEVEL2) [1]
214.215: (DRIVE TRUCK7 MARKET1 MARKET4) [1]
215.216: (BUY TRUCK7 GOODS7 MARKET4 LEVEL0 LEVEL1 LEVEL0 LEVEL1) [1]
216.217: (DRIVE TRUCK7 MARKET4 MARKET7) [1]
217.218: (DRIVE TRUCK7 MARKET7 DEPOT3) [1]
218.219: (UNLOAD GOODS7 TRUCK7 DEPOT3 LEVEL1 LEVEL2 LEVEL2 LEVEL3) [1]
219.220: (DRIVE TRUCK7 DEPOT3 MARKET7) [1]
220.221: (DRIVE TRUCK7 MARKET7 MARKET4) [1]
221.222: (LOAD GOODS7 TRUCK7 MARKET4 LEVEL0 LEVEL1 LEVEL1 LEVEL2) [1]
222.223: (DRIVE TRUCK7 MARKET4 MARKET7) [1]
223.224: (DRIVE TRUCK7 MARKET7 DEPOT3) [1]
224.225: (UNLOAD GOODS7 TRUCK7 DEPOT3 LEVEL1 LEVEL2 LEVEL3 LEVEL4) [1]
225.226: (UNLOAD GOODS7 TRUCK7 DEPOT3 LEVEL0 LEVEL1 LEVEL4 LEVEL5) [1]
226.227: (DRIVE TRUCK7 DEPOT3 MARKET7) [1]
227.228: (DRIVE TRUCK7 MARKET7 MARKET4) [1]
228.229: (DRIVE TRUCK7 MARKET4 MARKET5) [1]
229.230: (BUY TRUCK7 GOODS6 MARKET5 LEVEL0 LEVEL1 LEVEL0 LEVEL1) [1]
230.231: (LOAD GOODS6 TRUCK7 MARKET5 LEVEL0 LEVEL1 LEVEL0 LEVEL1) [1]
231.232: (DRIVE TRUCK7 MARKET5 DEPOT2) [1]
232.233: (UNLOAD GOODS6 TRUCK7 DEPOT2 LEVEL0 LEVEL1 LEVEL0 LEVEL1) [1]
233.234: (DRIVE TRUCK7 DEPOT2 MARKET5) [1]
234.235: (DRIVE TRUCK7 MARKET5 MARKET4) [1]
235.236: (DRIVE TRUCK7 MARKET4 MARKET7) [1]
236.237: (BUY TRUCK7 GOODS5 MARKET7 LEVEL0 LEVEL1 LEVEL0 LEVEL1) [1]
237.238: (LOAD GOODS5 TRUCK7 MARKET7 LEVEL0 LEVEL1 LEVEL0 LEVEL1) [1]
238.239: (DRIVE TRUCK7 MARKET7 MARKET4) [1]
239.240: (DRIVE TRUCK7 MARKET4 MARKET3) [1]
240.241: (DRIVE TRUCK7 MARKET3 MARKET2) [1]
241.242: (BUY TRUCK7 GOODS5 MARKET2 LEVEL0 LEVEL1 LEVEL0 LEVEL1) [1]
242.243: (LOAD GOODS5 TRUCK7 MARKET2 LEVEL0 LEVEL1 LEVEL1 LEVEL2) [1]
243.244: (DRIVE TRUCK7 MARKET2 DEPOT1) [1]
244.245: (UNLOAD GOODS5 TRUCK7 DEPOT1 LEVEL1 LEVEL2 LEVEL0 LEVEL1) [1]
245.246: (UNLOAD GOODS5 TRUCK7 DEPOT1 LEVEL0 LEVEL1 LEVEL1 LEVEL2) [1]
246.247: (DRIVE TRUCK7 DEPOT1 MARKET2) [1]
247.248: (BUY TRUCK7 GOODS4 MARKET2 LEVEL1 LEVEL2 LEVEL0 LEVEL1) [1]
248.249: (LOAD GOODS4 TRUCK7 MARKET2 LEVEL0 LEVEL1 LEVEL0 LEVEL1) [1]
249.250: (DRIVE TRUCK7 MARKET2 DEPOT1) [1]
250.251: (UNLOAD GOODS4 TRUCK7 DEPOT1 LEVEL0 LEVEL1 LEVEL0 LEVEL1) [1]
251.252: (DRIVE TRUCK7 DEPOT1 MARKET2) [1]
252.253: (BUY TRUCK7 GOODS3 MARKET2 LEVEL1 LEVEL2 LEVEL0 LEVEL1) [1]
253.254: (LOAD GOODS3 TRUCK7 MARKET2 LEVEL0 LEVEL1 LEVEL0 LEVEL1) [1]
254.255: (BUY TRUCK7 GOODS3 MARKET2 LEVEL0 LEVEL1 LEVEL0 LEVEL1) [1]
255.256: (LOAD GOODS3 TRUCK7 MARKET2 LEVEL0 LEVEL1 LEVEL1 LEVEL2) [1]
256.257: (DRIVE TRUCK7 MARKET2 DEPOT1) [1]
257.258: (UNLOAD GOODS3 TRUCK7 DEPOT1 LEVEL1 LEVEL2 LEVEL0 LEVEL1) [1]
258.259: (UNLOAD GOODS3 TRUCK7 DEPOT1 LEVEL0 LEVEL1 LEVEL1 LEVEL2) [1]
259.260: (DRIVE TRUCK7 DEPOT1 MARKET2) [1]
260.261: (BUY TRUCK7 GOODS2 MARKET2 LEVEL1 LEVEL2 LEVEL0 LEVEL1) [1]
261.262: (LOAD GOODS2 TRUCK7 MARKET2 LEVEL0 LEVEL1 LEVEL0 LEVEL1) [1]
262.263: (BUY TRUCK7 GOODS2 MARKET2 LEVEL0 LEVEL1 LEVEL0 LEVEL1) [1]
263.264: (LOAD GOODS2 TRUCK7 MARKET2 LEVEL0 LEVEL1 LEVEL1 LEVEL2) [1]
264.265: (DRIVE TRUCK7 MARKET2 DEPOT1) [1]
265.266: (UNLOAD GOODS2 TRUCK7 DEPOT1 LEVEL1 LEVEL2 LEVEL0 LEVEL1) [1]
266.267: (UNLOAD GOODS2 TRUCK7 DEPOT1 LEVEL0 LEVEL1 LEVEL1 LEVEL2) [1]
267.268: (DRIVE TRUCK7 DEPOT1 MARKET2) [1]
268.269: (BUY TRUCK7 GOODS1 MARKET2 LEVEL1 LEVEL2 LEVEL0 LEVEL1) [1]
269.270: (LOAD GOODS1 TRUCK7 MARKET2 LEVEL0 LEVEL1 LEVEL0 LEVEL1) [1]
270.271: (DRIVE TRUCK7 MARKET2 DEPOT1) [1]
271.272: (UNLOAD GOODS1 TRUCK7 DEPOT1 LEVEL0 LEVEL1 LEVEL0 LEVEL1) [1]
__MEMKB 192280
