#
# (C) Copyright 2008, University of Illinois, Urbana-Champaign
#
# All rights reserved. Use of this software is permitted ONLY for
# non-commercial research purposes, and it may be copied only
# for that use only. All copies must include this copyright message.
# This software is made available AS IS, and neither the authors
# nor the University of Illinois, make any warranty about the
# software or its performance.
#

Parsing domain file
 domain 'TPP-PROPOSITIONAL' defined
Parsing problem file
 problem 'TPP' defined



checking for cyclic := effects --- OK.

Starting SGPlan search ...



Solution found.

; Time 1.41
; ParsingTime 0.20
; NrActions 342
; MakeSpan
; MetricValue
; PlanningTechnique Modified-FF(enforced hill-climbing search) as the subplanner

0.001: (DRIVE TRUCK8 DEPOT1 MARKET8) [1]
1.002: (DRIVE TRUCK8 MARKET8 MARKET6) [1]
2.003: (BUY TRUCK8 GOODS19 MARKET6 LEVEL1 LEVEL2 LEVEL0 LEVEL1) [1]
3.004: (LOAD GOODS19 TRUCK8 MARKET6 LEVEL0 LEVEL1 LEVEL0 LEVEL1) [1]
4.005: (BUY TRUCK8 GOODS19 MARKET6 LEVEL0 LEVEL1 LEVEL0 LEVEL1) [1]
5.006: (LOAD GOODS19 TRUCK8 MARKET6 LEVEL0 LEVEL1 LEVEL1 LEVEL2) [1]
6.007: (DRIVE TRUCK8 MARKET6 MARKET8) [1]
7.008: (DRIVE TRUCK8 MARKET8 DEPOT1) [1]
8.009: (UNLOAD GOODS19 TRUCK8 DEPOT1 LEVEL1 LEVEL2 LEVEL0 LEVEL1) [1]
9.010: (DRIVE TRUCK8 DEPOT1 MARKET8) [1]
10.011: (DRIVE TRUCK8 MARKET8 MARKET4) [1]
11.012: (DRIVE TRUCK8 MARKET4 MARKET5) [1]
12.013: (BUY TRUCK8 GOODS19 MARKET5 LEVEL1 LEVEL2 LEVEL0 LEVEL1) [1]
13.014: (LOAD GOODS19 TRUCK8 MARKET5 LEVEL0 LEVEL1 LEVEL1 LEVEL2) [1]
14.015: (DRIVE TRUCK8 MARKET5 MARKET7) [1]
15.016: (DRIVE TRUCK8 MARKET7 DEPOT3) [1]
16.017: (UNLOAD GOODS19 TRUCK8 DEPOT3 LEVEL1 LEVEL2 LEVEL1 LEVEL2) [1]
17.018: (DRIVE TRUCK8 DEPOT3 MARKET7) [1]
18.019: (BUY TRUCK8 GOODS19 MARKET7 LEVEL0 LEVEL1 LEVEL0 LEVEL1) [1]
19.020: (LOAD GOODS19 TRUCK8 MARKET7 LEVEL0 LEVEL1 LEVEL1 LEVEL2) [1]
20.021: (DRIVE TRUCK8 MARKET7 DEPOT3) [1]
21.022: (UNLOAD GOODS19 TRUCK8 DEPOT3 LEVEL1 LEVEL2 LEVEL2 LEVEL3) [1]
22.023: (UNLOAD GOODS19 TRUCK8 DEPOT3 LEVEL0 LEVEL1 LEVEL3 LEVEL4) [1]
23.024: (DRIVE TRUCK8 DEPOT3 MARKET7) [1]
24.025: (BUY TRUCK8 GOODS18 MARKET7 LEVEL0 LEVEL1 LEVEL0 LEVEL1) [1]
25.026: (LOAD GOODS18 TRUCK8 MARKET7 LEVEL0 LEVEL1 LEVEL0 LEVEL1) [1]
26.027: (DRIVE TRUCK8 MARKET7 MARKET2) [1]
27.028: (DRIVE TRUCK8 MARKET2 MARKET3) [1]
28.029: (DRIVE TRUCK8 MARKET3 MARKET8) [1]
29.030: (BUY TRUCK8 GOODS18 MARKET8 LEVEL0 LEVEL1 LEVEL0 LEVEL1) [1]
30.031: (LOAD GOODS18 TRUCK8 MARKET8 LEVEL0 LEVEL1 LEVEL1 LEVEL2) [1]
31.032: (DRIVE TRUCK8 MARKET8 DEPOT1) [1]
32.033: (UNLOAD GOODS18 TRUCK8 DEPOT1 LEVEL1 LEVEL2 LEVEL0 LEVEL1) [1]
33.034: (UNLOAD GOODS18 TRUCK8 DEPOT1 LEVEL0 LEVEL1 LEVEL1 LEVEL2) [1]
34.035: (DRIVE TRUCK8 DEPOT1 MARKET8) [1]
35.036: (DRIVE TRUCK8 MARKET8 MARKET6) [1]
36.037: (BUY TRUCK8 GOODS17 MARKET6 LEVEL1 LEVEL2 LEVEL0 LEVEL1) [1]
37.038: (LOAD GOODS17 TRUCK8 MARKET6 LEVEL0 LEVEL1 LEVEL0 LEVEL1) [1]
38.039: (BUY TRUCK8 GOODS17 MARKET6 LEVEL0 LEVEL1 LEVEL0 LEVEL1) [1]
39.040: (LOAD GOODS17 TRUCK8 MARKET6 LEVEL0 LEVEL1 LEVEL1 LEVEL2) [1]
40.041: (DRIVE TRUCK8 MARKET6 MARKET8) [1]
41.042: (DRIVE TRUCK8 MARKET8 DEPOT1) [1]
42.043: (UNLOAD GOODS17 TRUCK8 DEPOT1 LEVEL1 LEVEL2 LEVEL0 LEVEL1) [1]
43.044: (DRIVE TRUCK8 DEPOT1 MARKET8) [1]
44.045: (DRIVE TRUCK8 MARKET8 MARKET4) [1]
45.046: (BUY TRUCK8 GOODS17 MARKET4 LEVEL1 LEVEL2 LEVEL0 LEVEL1) [1]
46.047: (LOAD GOODS17 TRUCK8 MARKET4 LEVEL0 LEVEL1 LEVEL1 LEVEL2) [1]
47.048: (DRIVE TRUCK8 MARKET4 MARKET8) [1]
48.049: (DRIVE TRUCK8 MARKET8 DEPOT1) [1]
49.050: (UNLOAD GOODS17 TRUCK8 DEPOT1 LEVEL1 LEVEL2 LEVEL1 LEVEL2) [1]
50.051: (UNLOAD GOODS17 TRUCK8 DEPOT1 LEVEL0 LEVEL1 LEVEL2 LEVEL3) [1]
51.052: (DRIVE TRUCK8 DEPOT1 MARKET8) [1]
52.053: (DRIVE TRUCK8 MARKET8 MARKET6) [1]
53.054: (BUY TRUCK8 GOODS16 MARKET6 LEVEL1 LEVEL2 LEVEL0 LEVEL1) [1]
54.055: (LOAD GOODS16 TRUCK8 MARKET6 LEVEL0 LEVEL1 LEVEL0 LEVEL1) [1]
55.056: (BUY TRUCK8 GOODS16 MARKET6 LEVEL0 LEVEL1 LEVEL0 LEVEL1) [1]
56.057: (LOAD GOODS16 TRUCK8 MARKET6 LEVEL0 LEVEL1 LEVEL1 LEVEL2) [1]
57.058: (DRIVE TRUCK8 MARKET6 MARKET8) [1]
58.059: (DRIVE TRUCK8 MARKET8 DEPOT1) [1]
59.060: (UNLOAD GOODS16 TRUCK8 DEPOT1 LEVEL1 LEVEL2 LEVEL0 LEVEL1) [1]
60.061: (DRIVE TRUCK8 DEPOT1 MARKET8) [1]
61.062: (DRIVE TRUCK8 MARKET8 MARKET4) [1]
62.063: (DRIVE TRUCK8 MARKET4 MARKET5) [1]
63.064: (DRIVE TRUCK8 MARKET5 MARKET7) [1]
64.065: (BUY TRUCK8 GOODS16 MARKET7 LEVEL0 LEVEL1 LEVEL0 LEVEL1) [1]
65.066: (LOAD GOODS16 TRUCK8 MARKET7 LEVEL0 LEVEL1 LEVEL1 LEVEL2) [1]
66.067: (DRIVE TRUCK8 MARKET7 DEPOT3) [1]
67.068: (UNLOAD GOODS16 TRUCK8 DEPOT3 LEVEL1 LEVEL2 LEVEL1 LEVEL2) [1]
68.069: (UNLOAD GOODS16 TRUCK8 DEPOT3 LEVEL0 LEVEL1 LEVEL2 LEVEL3) [1]
69.070: (DRIVE TRUCK8 DEPOT3 MARKET7) [1]
70.071: (DRIVE TRUCK8 MARKET7 MARKET2) [1]
71.072: (BUY TRUCK8 GOODS15 MARKET2 LEVEL1 LEVEL2 LEVEL0 LEVEL1) [1]
72.073: (LOAD GOODS15 TRUCK8 MARKET2 LEVEL0 LEVEL1 LEVEL0 LEVEL1) [1]
73.074: (DRIVE TRUCK8 MARKET2 MARKET4) [1]
74.075: (DRIVE TRUCK8 MARKET4 MARKET8) [1]
75.076: (DRIVE TRUCK8 MARKET8 MARKET6) [1]
76.077: (BUY TRUCK8 GOODS15 MARKET6 LEVEL1 LEVEL2 LEVEL0 LEVEL1) [1]
77.078: (BUY TRUCK8 GOODS15 MARKET6 LEVEL0 LEVEL1 LEVEL1 LEVEL2) [1]
78.079: (LOAD GOODS15 TRUCK8 MARKET6 LEVEL1 LEVEL2 LEVEL1 LEVEL2) [1]
79.080: (LOAD GOODS15 TRUCK8 MARKET6 LEVEL0 LEVEL1 LEVEL2 LEVEL3) [1]
80.081: (DRIVE TRUCK8 MARKET6 MARKET8) [1]
81.082: (DRIVE TRUCK8 MARKET8 DEPOT1) [1]
82.083: (UNLOAD GOODS15 TRUCK8 DEPOT1 LEVEL2 LEVEL3 LEVEL0 LEVEL1) [1]
83.084: (UNLOAD GOODS15 TRUCK8 DEPOT1 LEVEL1 LEVEL2 LEVEL1 LEVEL2) [1]
84.085: (DRIVE TRUCK8 DEPOT1 MARKET8) [1]
85.086: (DRIVE TRUCK8 MARKET8 MARKET4) [1]
86.087: (DRIVE TRUCK8 MARKET4 MARKET2) [1]
87.088: (BUY TRUCK8 GOODS15 MARKET2 LEVEL0 LEVEL1 LEVEL0 LEVEL1) [1]
88.089: (LOAD GOODS15 TRUCK8 MARKET2 LEVEL0 LEVEL1 LEVEL1 LEVEL2) [1]
89.090: (DRIVE TRUCK8 MARKET2 MARKET7) [1]
90.091: (DRIVE TRUCK8 MARKET7 DEPOT3) [1]
91.092: (UNLOAD GOODS15 TRUCK8 DEPOT3 LEVEL1 LEVEL2 LEVEL2 LEVEL3) [1]
92.093: (UNLOAD GOODS15 TRUCK8 DEPOT3 LEVEL0 LEVEL1 LEVEL3 LEVEL4) [1]
93.094: (DRIVE TRUCK8 DEPOT3 MARKET7) [1]
94.095: (DRIVE TRUCK8 MARKET7 MARKET2) [1]
95.096: (BUY TRUCK8 GOODS14 MARKET2 LEVEL1 LEVEL2 LEVEL0 LEVEL1) [1]
96.097: (LOAD GOODS14 TRUCK8 MARKET2 LEVEL0 LEVEL1 LEVEL0 LEVEL1) [1]
97.098: (DRIVE TRUCK8 MARKET2 MARKET4) [1]
98.099: (BUY TRUCK8 GOODS14 MARKET4 LEVEL1 LEVEL2 LEVEL0 LEVEL1) [1]
99.100: (BUY TRUCK8 GOODS14 MARKET4 LEVEL0 LEVEL1 LEVEL1 LEVEL2) [1]
100.101: (LOAD GOODS14 TRUCK8 MARKET4 LEVEL1 LEVEL2 LEVEL1 LEVEL2) [1]
101.102: (LOAD GOODS14 TRUCK8 MARKET4 LEVEL0 LEVEL1 LEVEL2 LEVEL3) [1]
102.103: (DRIVE TRUCK8 MARKET4 MARKET8) [1]
103.104: (DRIVE TRUCK8 MARKET8 DEPOT1) [1]
104.105: (UNLOAD GOODS14 TRUCK8 DEPOT1 LEVEL2 LEVEL3 LEVEL0 LEVEL1) [1]
105.106: (UNLOAD GOODS14 TRUCK8 DEPOT1 LEVEL1 LEVEL2 LEVEL1 LEVEL2) [1]
106.107: (DRIVE TRUCK8 DEPOT1 MARKET8) [1]
107.108: (DRIVE TRUCK8 MARKET8 MARKET6) [1]
108.109: (BUY TRUCK8 GOODS14 MARKET6 LEVEL0 LEVEL1 LEVEL0 LEVEL1) [1]
109.110: (LOAD GOODS14 TRUCK8 MARKET6 LEVEL0 LEVEL1 LEVEL1 LEVEL2) [1]
110.111: (DRIVE TRUCK8 MARKET6 MARKET8) [1]
111.112: (DRIVE TRUCK8 MARKET8 DEPOT1) [1]
112.113: (UNLOAD GOODS14 TRUCK8 DEPOT1 LEVEL1 LEVEL2 LEVEL2 LEVEL3) [1]
113.114: (UNLOAD GOODS14 TRUCK8 DEPOT1 LEVEL0 LEVEL1 LEVEL3 LEVEL4) [1]
114.115: (DRIVE TRUCK8 DEPOT1 MARKET8) [1]
115.116: (DRIVE TRUCK8 MARKET8 MARKET4) [1]
116.117: (BUY TRUCK8 GOODS13 MARKET4 LEVEL0 LEVEL1 LEVEL0 LEVEL1) [1]
117.118: (LOAD GOODS13 TRUCK8 MARKET4 LEVEL0 LEVEL1 LEVEL0 LEVEL1) [1]
118.119: (DRIVE TRUCK8 MARKET4 MARKET5) [1]
119.120: (BUY TRUCK8 GOODS13 MARKET5 LEVEL1 LEVEL2 LEVEL0 LEVEL1) [1]
120.121: (LOAD GOODS13 TRUCK8 MARKET5 LEVEL0 LEVEL1 LEVEL1 LEVEL2) [1]
121.122: (DRIVE TRUCK8 MARKET5 MARKET7) [1]
122.123: (DRIVE TRUCK8 MARKET7 DEPOT3) [1]
123.124: (UNLOAD GOODS13 TRUCK8 DEPOT3 LEVEL1 LEVEL2 LEVEL0 LEVEL1) [1]
124.125: (DRIVE TRUCK8 DEPOT3 MARKET7) [1]
125.126: (BUY TRUCK8 GOODS13 MARKET7 LEVEL0 LEVEL1 LEVEL0 LEVEL1) [1]
126.127: (LOAD GOODS13 TRUCK8 MARKET7 LEVEL0 LEVEL1 LEVEL1 LEVEL2) [1]
127.128: (DRIVE TRUCK8 MARKET7 DEPOT3) [1]
128.129: (UNLOAD GOODS13 TRUCK8 DEPOT3 LEVEL1 LEVEL2 LEVEL1 LEVEL2) [1]
129.130: (UNLOAD GOODS13 TRUCK8 DEPOT3 LEVEL0 LEVEL1 LEVEL2 LEVEL3) [1]
130.131: (DRIVE TRUCK8 DEPOT3 MARKET7) [1]
131.132: (DRIVE TRUCK8 MARKET7 MARKET2) [1]
132.133: (BUY TRUCK8 GOODS12 MARKET2 LEVEL1 LEVEL2 LEVEL0 LEVEL1) [1]
133.134: (LOAD GOODS12 TRUCK8 MARKET2 LEVEL0 LEVEL1 LEVEL0 LEVEL1) [1]
134.135: (BUY TRUCK8 GOODS12 MARKET2 LEVEL0 LEVEL1 LEVEL0 LEVEL1) [1]
135.136: (LOAD GOODS12 TRUCK8 MARKET2 LEVEL0 LEVEL1 LEVEL1 LEVEL2) [1]
136.137: (DRIVE TRUCK8 MARKET2 MARKET7) [1]
137.138: (DRIVE TRUCK8 MARKET7 DEPOT3) [1]
138.139: (UNLOAD GOODS12 TRUCK8 DEPOT3 LEVEL1 LEVEL2 LEVEL0 LEVEL1) [1]
139.140: (DRIVE TRUCK8 DEPOT3 MARKET7) [1]
140.141: (DRIVE TRUCK8 MARKET7 MARKET2) [1]
141.142: (DRIVE TRUCK8 MARKET2 MARKET3) [1]
142.143: (BUY TRUCK8 GOODS12 MARKET3 LEVEL1 LEVEL2 LEVEL0 LEVEL1) [1]
143.144: (LOAD GOODS12 TRUCK8 MARKET3 LEVEL0 LEVEL1 LEVEL1 LEVEL2) [1]
144.145: (DRIVE TRUCK8 MARKET3 MARKET8) [1]
145.146: (DRIVE TRUCK8 MARKET8 DEPOT1) [1]
146.147: (UNLOAD GOODS12 TRUCK8 DEPOT1 LEVEL1 LEVEL2 LEVEL1 LEVEL2) [1]
147.148: (UNLOAD GOODS12 TRUCK8 DEPOT1 LEVEL0 LEVEL1 LEVEL2 LEVEL3) [1]
148.149: (DRIVE TRUCK8 DEPOT1 MARKET8) [1]
149.150: (BUY TRUCK8 GOODS11 MARKET8 LEVEL0 LEVEL1 LEVEL0 LEVEL1) [1]
150.151: (LOAD GOODS11 TRUCK8 MARKET8 LEVEL0 LEVEL1 LEVEL0 LEVEL1) [1]
151.152: (DRIVE TRUCK8 MARKET8 MARKET4) [1]
152.153: (DRIVE TRUCK8 MARKET4 MARKET5) [1]
153.154: (DRIVE TRUCK8 MARKET5 MARKET7) [1]
154.155: (BUY TRUCK8 GOODS11 MARKET7 LEVEL1 LEVEL2 LEVEL0 LEVEL1) [1]
155.156: (LOAD GOODS11 TRUCK8 MARKET7 LEVEL0 LEVEL1 LEVEL1 LEVEL2) [1]
156.157: (DRIVE TRUCK8 MARKET7 DEPOT3) [1]
157.158: (UNLOAD GOODS11 TRUCK8 DEPOT3 LEVEL1 LEVEL2 LEVEL0 LEVEL1) [1]
158.159: (DRIVE TRUCK8 DEPOT3 MARKET7) [1]
159.160: (BUY TRUCK8 GOODS11 MARKET7 LEVEL0 LEVEL1 LEVEL0 LEVEL1) [1]
160.161: (LOAD GOODS11 TRUCK8 MARKET7 LEVEL0 LEVEL1 LEVEL1 LEVEL2) [1]
161.162: (DRIVE TRUCK8 MARKET7 DEPOT3) [1]
162.163: (UNLOAD GOODS11 TRUCK8 DEPOT3 LEVEL1 LEVEL2 LEVEL1 LEVEL2) [1]
163.164: (UNLOAD GOODS11 TRUCK8 DEPOT3 LEVEL0 LEVEL1 LEVEL2 LEVEL3) [1]
164.165: (DRIVE TRUCK8 DEPOT3 MARKET7) [1]
165.166: (DRIVE TRUCK8 MARKET7 MARKET2) [1]
166.167: (BUY TRUCK8 GOODS10 MARKET2 LEVEL1 LEVEL2 LEVEL0 LEVEL1) [1]
167.168: (LOAD GOODS10 TRUCK8 MARKET2 LEVEL0 LEVEL1 LEVEL0 LEVEL1) [1]
168.169: (BUY TRUCK8 GOODS10 MARKET2 LEVEL0 LEVEL1 LEVEL0 LEVEL1) [1]
169.170: (LOAD GOODS10 TRUCK8 MARKET2 LEVEL0 LEVEL1 LEVEL1 LEVEL2) [1]
170.171: (DRIVE TRUCK8 MARKET2 MARKET7) [1]
171.172: (DRIVE TRUCK8 MARKET7 DEPOT3) [1]
172.173: (UNLOAD GOODS10 TRUCK8 DEPOT3 LEVEL1 LEVEL2 LEVEL0 LEVEL1) [1]
173.174: (DRIVE TRUCK8 DEPOT3 MARKET7) [1]
174.175: (DRIVE TRUCK8 MARKET7 MARKET2) [1]
175.176: (DRIVE TRUCK8 MARKET2 MARKET3) [1]
176.177: (BUY TRUCK8 GOODS10 MARKET3 LEVEL1 LEVEL2 LEVEL0 LEVEL1) [1]
177.178: (LOAD GOODS10 TRUCK8 MARKET3 LEVEL0 LEVEL1 LEVEL1 LEVEL2) [1]
178.179: (DRIVE TRUCK8 MARKET3 MARKET8) [1]
179.180: (DRIVE TRUCK8 MARKET8 DEPOT1) [1]
180.181: (UNLOAD GOODS10 TRUCK8 DEPOT1 LEVEL1 LEVEL2 LEVEL1 LEVEL2) [1]
181.182: (UNLOAD GOODS10 TRUCK8 DEPOT1 LEVEL0 LEVEL1 LEVEL2 LEVEL3) [1]
182.183: (DRIVE TRUCK8 DEPOT1 MARKET8) [1]
183.184: (DRIVE TRUCK8 MARKET8 MARKET4) [1]
184.185: (DRIVE TRUCK8 MARKET4 MARKET5) [1]
185.186: (DRIVE TRUCK8 MARKET5 MARKET7) [1]
186.187: (BUY TRUCK8 GOODS9 MARKET7 LEVEL1 LEVEL2 LEVEL0 LEVEL1) [1]
187.188: (LOAD GOODS9 TRUCK8 MARKET7 LEVEL0 LEVEL1 LEVEL0 LEVEL1) [1]
188.189: (DRIVE TRUCK8 MARKET7 DEPOT3) [1]
189.190: (UNLOAD GOODS9 TRUCK8 DEPOT3 LEVEL0 LEVEL1 LEVEL0 LEVEL1) [1]
190.191: (DRIVE TRUCK8 DEPOT3 MARKET7) [1]
191.192: (BUY TRUCK8 GOODS8 MARKET7 LEVEL0 LEVEL1 LEVEL0 LEVEL1) [1]
192.193: (LOAD GOODS8 TRUCK8 MARKET7 LEVEL0 LEVEL1 LEVEL0 LEVEL1) [1]
193.194: (DRIVE TRUCK8 MARKET7 MARKET5) [1]
194.195: (DRIVE TRUCK8 MARKET5 MARKET1) [1]
195.196: (BUY TRUCK8 GOODS8 MARKET1 LEVEL1 LEVEL2 LEVEL0 LEVEL1) [1]
196.197: (BUY TRUCK8 GOODS8 MARKET1 LEVEL0 LEVEL1 LEVEL1 LEVEL2) [1]
197.198: (LOAD GOODS8 TRUCK8 MARKET1 LEVEL1 LEVEL2 LEVEL1 LEVEL2) [1]
198.199: (LOAD GOODS8 TRUCK8 MARKET1 LEVEL0 LEVEL1 LEVEL2 LEVEL3) [1]
199.200: (DRIVE TRUCK8 MARKET1 MARKET6) [1]
200.201: (DRIVE TRUCK8 MARKET6 MARKET8) [1]
201.202: (DRIVE TRUCK8 MARKET8 DEPOT1) [1]
202.203: (UNLOAD GOODS8 TRUCK8 DEPOT1 LEVEL2 LEVEL3 LEVEL0 LEVEL1) [1]
203.204: (UNLOAD GOODS8 TRUCK8 DEPOT1 LEVEL1 LEVEL2 LEVEL1 LEVEL2) [1]
204.205: (DRIVE TRUCK8 DEPOT1 MARKET8) [1]
205.206: (DRIVE TRUCK8 MARKET8 MARKET6) [1]
206.207: (BUY TRUCK8 GOODS8 MARKET6 LEVEL0 LEVEL1 LEVEL0 LEVEL1) [1]
207.208: (LOAD GOODS8 TRUCK8 MARKET6 LEVEL0 LEVEL1 LEVEL1 LEVEL2) [1]
208.209: (DRIVE TRUCK8 MARKET6 MARKET8) [1]
209.210: (DRIVE TRUCK8 MARKET8 DEPOT1) [1]
210.211: (UNLOAD GOODS8 TRUCK8 DEPOT1 LEVEL1 LEVEL2 LEVEL2 LEVEL3) [1]
211.212: (UNLOAD GOODS8 TRUCK8 DEPOT1 LEVEL0 LEVEL1 LEVEL3 LEVEL4) [1]
212.213: (DRIVE TRUCK8 DEPOT1 MARKET8) [1]
213.214: (DRIVE TRUCK8 MARKET8 MARKET4) [1]
214.215: (BUY TRUCK8 GOODS7 MARKET4 LEVEL0 LEVEL1 LEVEL0 LEVEL1) [1]
215.216: (LOAD GOODS7 TRUCK8 MARKET4 LEVEL0 LEVEL1 LEVEL0 LEVEL1) [1]
216.217: (DRIVE TRUCK8 MARKET4 MARKET5) [1]
217.218: (DRIVE TRUCK8 MARKET5 MARKET7) [1]
218.219: (BUY TRUCK8 GOODS7 MARKET7 LEVEL0 LEVEL1 LEVEL0 LEVEL1) [1]
219.220: (LOAD GOODS7 TRUCK8 MARKET7 LEVEL0 LEVEL1 LEVEL1 LEVEL2) [1]
220.221: (DRIVE TRUCK8 MARKET7 DEPOT3) [1]
221.222: (UNLOAD GOODS7 TRUCK8 DEPOT3 LEVEL1 LEVEL2 LEVEL0 LEVEL1) [1]
222.223: (UNLOAD GOODS7 TRUCK8 DEPOT3 LEVEL0 LEVEL1 LEVEL1 LEVEL2) [1]
223.224: (DRIVE TRUCK8 DEPOT3 MARKET7) [1]
224.225: (BUY TRUCK8 GOODS6 MARKET7 LEVEL1 LEVEL2 LEVEL0 LEVEL1) [1]
225.226: (LOAD GOODS6 TRUCK8 MARKET7 LEVEL0 LEVEL1 LEVEL0 LEVEL1) [1]
226.227: (BUY TRUCK8 GOODS6 MARKET7 LEVEL0 LEVEL1 LEVEL0 LEVEL1) [1]
227.228: (LOAD GOODS6 TRUCK8 MARKET7 LEVEL0 LEVEL1 LEVEL1 LEVEL2) [1]
228.229: (DRIVE TRUCK8 MARKET7 DEPOT3) [1]
229.230: (UNLOAD GOODS6 TRUCK8 DEPOT3 LEVEL1 LEVEL2 LEVEL0 LEVEL1) [1]
230.231: (UNLOAD GOODS6 TRUCK8 DEPOT3 LEVEL0 LEVEL1 LEVEL1 LEVEL2) [1]
231.232: (DRIVE TRUCK8 DEPOT3 MARKET7) [1]
232.233: (BUY TRUCK8 GOODS5 MARKET7 LEVEL0 LEVEL1 LEVEL0 LEVEL1) [1]
233.234: (LOAD GOODS5 TRUCK8 MARKET7 LEVEL0 LEVEL1 LEVEL0 LEVEL1) [1]
234.235: (DRIVE TRUCK8 MARKET7 MARKET5) [1]
235.236: (BUY TRUCK8 GOODS5 MARKET5 LEVEL1 LEVEL2 LEVEL0 LEVEL1) [1]
236.237: (BUY TRUCK8 GOODS5 MARKET5 LEVEL0 LEVEL1 LEVEL1 LEVEL2) [1]
237.238: (LOAD GOODS5 TRUCK8 MARKET5 LEVEL1 LEVEL2 LEVEL1 LEVEL2) [1]
238.239: (LOAD GOODS5 TRUCK8 MARKET5 LEVEL0 LEVEL1 LEVEL2 LEVEL3) [1]
239.240: (DRIVE TRUCK8 MARKET5 MARKET7) [1]
240.241: (DRIVE TRUCK8 MARKET7 DEPOT3) [1]
241.242: (UNLOAD GOODS5 TRUCK8 DEPOT3 LEVEL2 LEVEL3 LEVEL0 LEVEL1) [1]
242.243: (UNLOAD GOODS5 TRUCK8 DEPOT3 LEVEL1 LEVEL2 LEVEL1 LEVEL2) [1]
243.244: (DRIVE TRUCK8 DEPOT3 MARKET7) [1]
244.245: (DRIVE TRUCK8 MARKET7 MARKET5) [1]
245.246: (DRIVE TRUCK8 MARKET5 MARKET4) [1]
246.247: (BUY TRUCK8 GOODS5 MARKET4 LEVEL1 LEVEL2 LEVEL0 LEVEL1) [1]
247.248: (LOAD GOODS5 TRUCK8 MARKET4 LEVEL0 LEVEL1 LEVEL1 LEVEL2) [1]
248.249: (DRIVE TRUCK8 MARKET4 MARKET8) [1]
249.250: (DRIVE TRUCK8 MARKET8 DEPOT1) [1]
250.251: (UNLOAD GOODS5 TRUCK8 DEPOT1 LEVEL1 LEVEL2 LEVEL2 LEVEL3) [1]
251.252: (DRIVE TRUCK8 DEPOT1 MARKET8) [1]
252.253: (BUY TRUCK8 GOODS5 MARKET8 LEVEL0 LEVEL1 LEVEL0 LEVEL1) [1]
253.254: (LOAD GOODS5 TRUCK8 MARKET8 LEVEL0 LEVEL1 LEVEL1 LEVEL2) [1]
254.255: (DRIVE TRUCK8 MARKET8 DEPOT1) [1]
255.256: (UNLOAD GOODS5 TRUCK8 DEPOT1 LEVEL1 LEVEL2 LEVEL3 LEVEL4) [1]
256.257: (UNLOAD GOODS5 TRUCK8 DEPOT1 LEVEL0 LEVEL1 LEVEL4 LEVEL5) [1]
257.258: (DRIVE TRUCK8 DEPOT1 MARKET8) [1]
258.259: (DRIVE TRUCK8 MARKET8 MARKET4) [1]
259.260: (BUY TRUCK8 GOODS4 MARKET4 LEVEL1 LEVEL2 LEVEL0 LEVEL1) [1]
260.261: (LOAD GOODS4 TRUCK8 MARKET4 LEVEL0 LEVEL1 LEVEL0 LEVEL1) [1]
261.262: (DRIVE TRUCK8 MARKET4 MARKET2) [1]
262.263: (BUY TRUCK8 GOODS4 MARKET2 LEVEL1 LEVEL2 LEVEL0 LEVEL1) [1]
263.264: (BUY TRUCK8 GOODS4 MARKET2 LEVEL0 LEVEL1 LEVEL1 LEVEL2) [1]
264.265: (LOAD GOODS4 TRUCK8 MARKET2 LEVEL1 LEVEL2 LEVEL1 LEVEL2) [1]
265.266: (LOAD GOODS4 TRUCK8 MARKET2 LEVEL0 LEVEL1 LEVEL2 LEVEL3) [1]
266.267: (DRIVE TRUCK8 MARKET2 MARKET7) [1]
267.268: (DRIVE TRUCK8 MARKET7 DEPOT3) [1]
268.269: (UNLOAD GOODS4 TRUCK8 DEPOT3 LEVEL2 LEVEL3 LEVEL0 LEVEL1) [1]
269.270: (UNLOAD GOODS4 TRUCK8 DEPOT3 LEVEL1 LEVEL2 LEVEL1 LEVEL2) [1]
270.271: (DRIVE TRUCK8 DEPOT3 MARKET7) [1]
271.272: (DRIVE TRUCK8 MARKET7 MARKET2) [1]
272.273: (DRIVE TRUCK8 MARKET2 MARKET3) [1]
273.274: (BUY TRUCK8 GOODS4 MARKET3 LEVEL0 LEVEL1 LEVEL0 LEVEL1) [1]
274.275: (LOAD GOODS4 TRUCK8 MARKET3 LEVEL0 LEVEL1 LEVEL1 LEVEL2) [1]
275.276: (DRIVE TRUCK8 MARKET3 MARKET8) [1]
276.277: (DRIVE TRUCK8 MARKET8 DEPOT1) [1]
277.278: (UNLOAD GOODS4 TRUCK8 DEPOT1 LEVEL1 LEVEL2 LEVEL2 LEVEL3) [1]
278.279: (DRIVE TRUCK8 DEPOT1 MARKET8) [1]
279.280: (DRIVE TRUCK8 MARKET8 MARKET4) [1]
280.281: (BUY TRUCK8 GOODS4 MARKET4 LEVEL0 LEVEL1 LEVEL0 LEVEL1) [1]
281.282: (LOAD GOODS4 TRUCK8 MARKET4 LEVEL0 LEVEL1 LEVEL1 LEVEL2) [1]
282.283: (DRIVE TRUCK8 MARKET4 MARKET8) [1]
283.284: (DRIVE TRUCK8 MARKET8 DEPOT1) [1]
284.285: (UNLOAD GOODS4 TRUCK8 DEPOT1 LEVEL1 LEVEL2 LEVEL3 LEVEL4) [1]
285.286: (UNLOAD GOODS4 TRUCK8 DEPOT1 LEVEL0 LEVEL1 LEVEL4 LEVEL5) [1]
286.287: (DRIVE TRUCK8 DEPOT1 MARKET8) [1]
287.288: (DRIVE TRUCK8 MARKET8 MARKET4) [1]
288.289: (BUY TRUCK8 GOODS3 MARKET4 LEVEL1 LEVEL2 LEVEL0 LEVEL1) [1]
289.290: (LOAD GOODS3 TRUCK8 MARKET4 LEVEL0 LEVEL1 LEVEL0 LEVEL1) [1]
290.291: (BUY TRUCK8 GOODS3 MARKET4 LEVEL0 LEVEL1 LEVEL0 LEVEL1) [1]
291.292: (LOAD GOODS3 TRUCK8 MARKET4 LEVEL0 LEVEL1 LEVEL1 LEVEL2) [1]
292.293: (DRIVE TRUCK8 MARKET4 MARKET8) [1]
293.294: (DRIVE TRUCK8 MARKET8 DEPOT1) [1]
294.295: (UNLOAD GOODS3 TRUCK8 DEPOT1 LEVEL1 LEVEL2 LEVEL0 LEVEL1) [1]
295.296: (DRIVE TRUCK8 DEPOT1 MARKET8) [1]
296.297: (DRIVE TRUCK8 MARKET8 MARKET4) [1]
297.298: (DRIVE TRUCK8 MARKET4 MARKET5) [1]
298.299: (BUY TRUCK8 GOODS3 MARKET5 LEVEL0 LEVEL1 LEVEL0 LEVEL1) [1]
299.300: (LOAD GOODS3 TRUCK8 MARKET5 LEVEL0 LEVEL1 LEVEL1 LEVEL2) [1]
300.301: (DRIVE TRUCK8 MARKET5 MARKET7) [1]
301.302: (DRIVE TRUCK8 MARKET7 DEPOT3) [1]
302.303: (UNLOAD GOODS3 TRUCK8 DEPOT3 LEVEL1 LEVEL2 LEVEL1 LEVEL2) [1]
303.304: (DRIVE TRUCK8 DEPOT3 MARKET7) [1]
304.305: (BUY TRUCK8 GOODS3 MARKET7 LEVEL0 LEVEL1 LEVEL0 LEVEL1) [1]
305.306: (LOAD GOODS3 TRUCK8 MARKET7 LEVEL0 LEVEL1 LEVEL1 LEVEL2) [1]
306.307: (DRIVE TRUCK8 MARKET7 DEPOT3) [1]
307.308: (UNLOAD GOODS3 TRUCK8 DEPOT3 LEVEL1 LEVEL2 LEVEL2 LEVEL3) [1]
308.309: (UNLOAD GOODS3 TRUCK8 DEPOT3 LEVEL0 LEVEL1 LEVEL3 LEVEL4) [1]
309.310: (DRIVE TRUCK8 DEPOT3 MARKET7) [1]
310.311: (DRIVE TRUCK8 MARKET7 MARKET5) [1]
311.312: (BUY TRUCK8 GOODS2 MARKET5 LEVEL0 LEVEL1 LEVEL0 LEVEL1) [1]
312.313: (LOAD GOODS2 TRUCK8 MARKET5 LEVEL0 LEVEL1 LEVEL0 LEVEL1) [1]
313.314: (DRIVE TRUCK8 MARKET5 MARKET4) [1]
314.315: (BUY TRUCK8 GOODS2 MARKET4 LEVEL1 LEVEL2 LEVEL0 LEVEL1) [1]
315.316: (BUY TRUCK8 GOODS2 MARKET4 LEVEL0 LEVEL1 LEVEL1 LEVEL2) [1]
316.317: (LOAD GOODS2 TRUCK8 MARKET4 LEVEL1 LEVEL2 LEVEL1 LEVEL2) [1]
317.318: (LOAD GOODS2 TRUCK8 MARKET4 LEVEL0 LEVEL1 LEVEL2 LEVEL3) [1]
318.319: (DRIVE TRUCK8 MARKET4 MARKET8) [1]
319.320: (DRIVE TRUCK8 MARKET8 DEPOT1) [1]
320.321: (UNLOAD GOODS2 TRUCK8 DEPOT1 LEVEL2 LEVEL3 LEVEL0 LEVEL1) [1]
321.322: (UNLOAD GOODS2 TRUCK8 DEPOT1 LEVEL1 LEVEL2 LEVEL1 LEVEL2) [1]
322.323: (DRIVE TRUCK8 DEPOT1 MARKET8) [1]
323.324: (DRIVE TRUCK8 MARKET8 MARKET4) [1]
324.325: (DRIVE TRUCK8 MARKET4 MARKET2) [1]
325.326: (BUY TRUCK8 GOODS2 MARKET2 LEVEL0 LEVEL1 LEVEL0 LEVEL1) [1]
326.327: (LOAD GOODS2 TRUCK8 MARKET2 LEVEL0 LEVEL1 LEVEL1 LEVEL2) [1]
327.328: (DRIVE TRUCK8 MARKET2 MARKET7) [1]
328.329: (DRIVE TRUCK8 MARKET7 DEPOT3) [1]
329.330: (UNLOAD GOODS2 TRUCK8 DEPOT3 LEVEL1 LEVEL2 LEVEL2 LEVEL3) [1]
330.331: (UNLOAD GOODS2 TRUCK8 DEPOT3 LEVEL0 LEVEL1 LEVEL3 LEVEL4) [1]
331.332: (DRIVE TRUCK8 DEPOT3 MARKET7) [1]
332.333: (BUY TRUCK8 GOODS1 MARKET7 LEVEL0 LEVEL1 LEVEL0 LEVEL1) [1]
333.334: (LOAD GOODS1 TRUCK8 MARKET7 LEVEL0 LEVEL1 LEVEL0 LEVEL1) [1]
334.335: (DRIVE TRUCK8 MARKET7 MARKET2) [1]
335.336: (DRIVE TRUCK8 MARKET2 MARKET3) [1]
336.337: (BUY TRUCK8 GOODS1 MARKET3 LEVEL1 LEVEL2 LEVEL0 LEVEL1) [1]
337.338: (LOAD GOODS1 TRUCK8 MARKET3 LEVEL0 LEVEL1 LEVEL1 LEVEL2) [1]
338.339: (DRIVE TRUCK8 MARKET3 MARKET8) [1]
339.340: (DRIVE TRUCK8 MARKET8 DEPOT1) [1]
340.341: (UNLOAD GOODS1 TRUCK8 DEPOT1 LEVEL1 LEVEL2 LEVEL0 LEVEL1) [1]
341.342: (UNLOAD GOODS1 TRUCK8 DEPOT1 LEVEL0 LEVEL1 LEVEL1 LEVEL2) [1]
__MEMKB 222964
