
Parsing domain file:  domain 'BLOCKS' defined ... done.
Parsing problem file:  problem 'BLOCKS-11-1' defined ... done.



Modality: Fast Planner

Number of actions             :     264
Number of conditional actions :       0
Number of facts               :     155


Analyzing Planning Problem:
	Temporal Planning Problem: NO
	Numeric Planning Problem: NO
	Problem with Timed Initial Litearals: NO
	Problem with Derived Predicates: NO

Evaluation function weights:
     Action duration 0.00; Action cost 1.00


Computing mutex... done

Preprocessing total time: 0.01 seconds

Searching ('.' = every 50 search steps):
.... solution found: 

Plan computed:
   Time: (ACTION) [action Duration; action Cost]
 0.0000: (UNSTACK G B) [D:1.0000; C:1.0000]
 1.0000: (PUT-DOWN G) [D:1.0000; C:1.0000]
 2.0000: (UNSTACK B A) [D:1.0000; C:1.0000]
 3.0000: (STACK B G) [D:1.0000; C:1.0000]
 4.0000: (UNSTACK F E) [D:1.0000; C:1.0000]
 5.0000: (STACK F B) [D:1.0000; C:1.0000]
 6.0000: (PICK-UP A) [D:1.0000; C:1.0000]
 7.0000: (PUT-DOWN A) [D:1.0000; C:1.0000]
 8.0000: (UNSTACK E K) [D:1.0000; C:1.0000]
 9.0000: (PUT-DOWN E) [D:1.0000; C:1.0000]
 10.0000: (UNSTACK D C) [D:1.0000; C:1.0000]
 11.0000: (PUT-DOWN D) [D:1.0000; C:1.0000]
 12.0000: (UNSTACK F B) [D:1.0000; C:1.0000]
 13.0000: (STACK F E) [D:1.0000; C:1.0000]
 14.0000: (UNSTACK C H) [D:1.0000; C:1.0000]
 15.0000: (PUT-DOWN C) [D:1.0000; C:1.0000]
 16.0000: (PICK-UP K) [D:1.0000; C:1.0000]
 17.0000: (STACK K H) [D:1.0000; C:1.0000]
 18.0000: (UNSTACK B G) [D:1.0000; C:1.0000]
 19.0000: (STACK B D) [D:1.0000; C:1.0000]
 20.0000: (UNSTACK F E) [D:1.0000; C:1.0000]
 21.0000: (PUT-DOWN F) [D:1.0000; C:1.0000]
 22.0000: (UNSTACK K H) [D:1.0000; C:1.0000]
 23.0000: (STACK K G) [D:1.0000; C:1.0000]
 24.0000: (PICK-UP A) [D:1.0000; C:1.0000]
 25.0000: (STACK A H) [D:1.0000; C:1.0000]
 26.0000: (PICK-UP C) [D:1.0000; C:1.0000]
 27.0000: (STACK C J) [D:1.0000; C:1.0000]
 28.0000: (UNSTACK A H) [D:1.0000; C:1.0000]
 29.0000: (PUT-DOWN A) [D:1.0000; C:1.0000]
 30.0000: (UNSTACK K G) [D:1.0000; C:1.0000]
 31.0000: (PUT-DOWN K) [D:1.0000; C:1.0000]
 32.0000: (UNSTACK C J) [D:1.0000; C:1.0000]
 33.0000: (PUT-DOWN C) [D:1.0000; C:1.0000]
 34.0000: (UNSTACK J I) [D:1.0000; C:1.0000]
 35.0000: (PUT-DOWN J) [D:1.0000; C:1.0000]
 36.0000: (UNSTACK B D) [D:1.0000; C:1.0000]
 37.0000: (STACK B I) [D:1.0000; C:1.0000]
 38.0000: (PICK-UP G) [D:1.0000; C:1.0000]
 39.0000: (STACK G H) [D:1.0000; C:1.0000]
 40.0000: (UNSTACK B I) [D:1.0000; C:1.0000]
 41.0000: (STACK B D) [D:1.0000; C:1.0000]
 42.0000: (UNSTACK G H) [D:1.0000; C:1.0000]
 43.0000: (STACK G B) [D:1.0000; C:1.0000]
 44.0000: (UNSTACK G B) [D:1.0000; C:1.0000]
 45.0000: (PUT-DOWN G) [D:1.0000; C:1.0000]
 46.0000: (UNSTACK B D) [D:1.0000; C:1.0000]
 47.0000: (STACK B E) [D:1.0000; C:1.0000]
 48.0000: (UNSTACK B E) [D:1.0000; C:1.0000]
 49.0000: (PUT-DOWN B) [D:1.0000; C:1.0000]
 50.0000: (PICK-UP I) [D:1.0000; C:1.0000]
 51.0000: (STACK I D) [D:1.0000; C:1.0000]
 52.0000: (UNSTACK I D) [D:1.0000; C:1.0000]
 53.0000: (STACK I E) [D:1.0000; C:1.0000]
 54.0000: (PICK-UP G) [D:1.0000; C:1.0000]
 55.0000: (STACK G I) [D:1.0000; C:1.0000]
 56.0000: (PICK-UP F) [D:1.0000; C:1.0000]
 57.0000: (STACK F G) [D:1.0000; C:1.0000]
 58.0000: (PICK-UP C) [D:1.0000; C:1.0000]
 59.0000: (STACK C F) [D:1.0000; C:1.0000]
 60.0000: (PICK-UP A) [D:1.0000; C:1.0000]
 61.0000: (STACK A C) [D:1.0000; C:1.0000]
 62.0000: (PICK-UP H) [D:1.0000; C:1.0000]
 63.0000: (STACK H A) [D:1.0000; C:1.0000]
 64.0000: (PICK-UP K) [D:1.0000; C:1.0000]
 65.0000: (STACK K H) [D:1.0000; C:1.0000]
 66.0000: (PICK-UP J) [D:1.0000; C:1.0000]
 67.0000: (STACK J K) [D:1.0000; C:1.0000]
 68.0000: (PICK-UP D) [D:1.0000; C:1.0000]
 69.0000: (STACK D J) [D:1.0000; C:1.0000]
 70.0000: (PICK-UP B) [D:1.0000; C:1.0000]
 71.0000: (STACK B D) [D:1.0000; C:1.0000]


Solution found:
Total time:      0.03
Search time:     0.02
Actions:         72
Execution cost:  72.00
Duration:        72.000
Plan quality:    72.000

__MEMKB 111744
