
Parsing domain file:  domain 'BLOCKS' defined ... done.
Parsing problem file:  problem 'BLOCKS-4-2' defined ... done.



Modality: Fast Planner

Number of actions             :      40
Number of conditional actions :       0
Number of facts               :      29


Analyzing Planning Problem:
	Temporal Planning Problem: NO
	Numeric Planning Problem: NO
	Problem with Timed Initial Litearals: NO
	Problem with Derived Predicates: NO

Evaluation function weights:
     Action duration 0.00; Action cost 1.00


Computing mutex... done

Preprocessing total time: 0.00 seconds

Searching ('.' = every 50 search steps):
 solution found: 

Plan computed:
   Time: (ACTION) [action Duration; action Cost]
 0.0000: (UNSTACK C B) [D:1.0000; C:1.0000]
 1.0000: (STACK C D) [D:1.0000; C:1.0000]
 2.0000: (PICK-UP B) [D:1.0000; C:1.0000]
 3.0000: (STACK B C) [D:1.0000; C:1.0000]
 4.0000: (PICK-UP A) [D:1.0000; C:1.0000]
 5.0000: (STACK A B) [D:1.0000; C:1.0000]


Solution found:
Total time:      0.01
Search time:     0.01
Actions:         6
Execution cost:  6.00
Duration:        6.000
Plan quality:    6.000

__MEMKB 109952
