Parsing...
Instantiating...
Starting instantiation [43 rules]...
Finding invariants...
Instantiating groups...
Choosing groups...
22 uncovered facts
Building translation key...
Building STRIPS to SAS dictionary...
Translating task...
Processing axioms...
Detecting unreachable propositions...
Removed false proposition: Atom on(crate8, crate8)
Removed false proposition: <none of those>
Removed false proposition: Atom on(crate7, crate7)
Removed false proposition: <none of those>
Removed false proposition: Atom on(crate5, crate5)
Removed false proposition: <none of those>
Removed false proposition: Atom on(crate3, crate3)
Removed false proposition: <none of those>
Removed false proposition: Atom on(crate9, crate9)
Removed false proposition: <none of those>
Removed false proposition: Atom on(crate6, crate6)
Removed false proposition: <none of those>
Removed false proposition: Atom on(crate4, crate4)
Removed false proposition: <none of those>
Removed false proposition: Atom on(crate1, crate1)
Removed false proposition: <none of those>
Removed false proposition: Atom on(crate2, crate2)
Removed false proposition: <none of those>
Removed false proposition: Atom on(crate0, crate0)
Removed false proposition: <none of those>
Removed false proposition: <none of those>
Removed false proposition: <none of those>
Removed true proposition: Atom at(hoist2, distributor1)
Removed false proposition: <none of those>
Removed true proposition: Atom at(pallet0, depot0)
Removed false proposition: <none of those>
Removed true proposition: Atom at(hoist0, depot0)
Removed false proposition: <none of those>
Removed true proposition: Atom at(pallet2, distributor1)
Removed false proposition: <none of those>
Removed true proposition: Atom at(pallet1, distributor0)
Removed false proposition: <none of those>
Removed true proposition: Atom at(hoist1, distributor0)
Removed false proposition: <none of those>
34 propositions removed.
Writing output...
Done!
Building causal graph...
The causal graph is not acyclic.
38 variables of 38 necessary
792 of 792 operators necessary.
0 of 0 axiom rules necessary.
Building domain transition graphs...
solveable in poly time 0
Building successor generator...
Writing output...
done

Simplifying transitions... done! (reduced from 4152 to 1404)
Initializing heuristic cache... done!
Conducting best first search.
Initializing causal graph heuristic...
Initializing HSP/FF heuristic...
Simplifying 3552 unary operators... done! [3552 unary operators]
Best heuristic value: 39/39 [expanded 1 state(s)]
Best heuristic value: 38/38 [expanded 2 state(s)]
Best heuristic value: 38/37 [expanded 5 state(s)]
Best heuristic value: 36/36 [expanded 6 state(s)]
Best heuristic value: 35/36 [expanded 7 state(s)]
Best heuristic value: 35/35 [expanded 11 state(s)]
Best heuristic value: 34/34 [expanded 15 state(s)]
Best heuristic value: 33/34 [expanded 25 state(s)]
Best heuristic value: 33/32 [expanded 26 state(s)]
Best heuristic value: 32/32 [expanded 27 state(s)]
Best heuristic value: 32/31 [expanded 29 state(s)]
Best heuristic value: 31/31 [expanded 30 state(s)]
Best heuristic value: 29/30 [expanded 47 state(s)]
Best heuristic value: 28/30 [expanded 79 state(s)]
Best heuristic value: 27/29 [expanded 80 state(s)]
Best heuristic value: 27/28 [expanded 82 state(s)]
Best heuristic value: 26/27 [expanded 96 state(s)]
Best heuristic value: 24/27 [expanded 616 state(s)]
Best heuristic value: 24/26 [expanded 621 state(s)]
Best heuristic value: 24/25 [expanded 1124 state(s)]
Best heuristic value: 22/25 [expanded 1126 state(s)]
Best heuristic value: 22/24 [expanded 1133 state(s)]
Best heuristic value: 21/24 [expanded 1134 state(s)]
Best heuristic value: 21/23 [expanded 1146 state(s)]
Best heuristic value: 19/23 [expanded 1147 state(s)]
Best heuristic value: 18/23 [expanded 1762 state(s)]
Best heuristic value: 18/21 [expanded 1767 state(s)]
Best heuristic value: 18/20 [expanded 1772 state(s)]
Best heuristic value: 17/20 [expanded 1776 state(s)]
Best heuristic value: 15/19 [expanded 1778 state(s)]
Best heuristic value: 14/19 [expanded 1779 state(s)]
Best heuristic value: 13/19 [expanded 1780 state(s)]
Best heuristic value: 12/19 [expanded 1782 state(s)]
Best heuristic value: 12/16 [expanded 1786 state(s)]
Best heuristic value: 12/15 [expanded 1890 state(s)]
Best heuristic value: 12/14 [expanded 1895 state(s)]
Best heuristic value: 11/14 [expanded 2254 state(s)]
Best heuristic value: 10/14 [expanded 2255 state(s)]
Best heuristic value: 8/14 [expanded 2256 state(s)]
Best heuristic value: 8/13 [expanded 181818 state(s)]
Best heuristic value: 8/12 [expanded 181820 state(s)]
Best heuristic value: 8/11 [expanded 181822 state(s)]
Best heuristic value: 8/10 [expanded 181824 state(s)]
Best heuristic value: 8/9 [expanded 181825 state(s)]
Best heuristic value: 8/8 [expanded 181829 state(s)]
Best heuristic value: 7/8 [expanded 182857 state(s)]
Best heuristic value: 6/8 [expanded 182859 state(s)]
Best heuristic value: 5/8 [expanded 182864 state(s)]
Best heuristic value: 4/8 [expanded 182865 state(s)]
Best heuristic value: 4/7 [expanded 200056 state(s)]
Best heuristic value: 4/6 [expanded 217458 state(s)]
Best heuristic value: 4/4 [expanded 227075 state(s)]
Best heuristic value: 2/2 [expanded 227081 state(s)]
Best heuristic value: 1/1 [expanded 227082 state(s)]
Solution found!
lift hoist1 crate8 crate7 distributor0
load hoist1 crate8 truck1 distributor0
lift hoist1 crate7 crate6 distributor0
load hoist1 crate7 truck1 distributor0
drive truck1 distributor0 depot0
lift hoist0 crate4 crate3 depot0
load hoist0 crate4 truck0 depot0
unload hoist0 crate8 truck1 depot0
drop hoist0 crate8 crate3 depot0
unload hoist0 crate7 truck1 depot0
drive truck0 depot0 distributor0
unload hoist1 crate4 truck0 distributor0
drop hoist1 crate4 crate6 distributor0
drive truck0 distributor0 distributor1
lift hoist2 crate9 crate5 distributor1
load hoist2 crate9 truck0 distributor1
drive truck0 distributor1 depot0
load hoist0 crate7 truck0 depot0
unload hoist0 crate9 truck0 depot0
drop hoist0 crate9 crate8 depot0
unload hoist0 crate7 truck0 depot0
drive truck0 depot0 distributor0
drive truck1 depot0 distributor1
lift hoist2 crate5 crate2 distributor1
load hoist2 crate5 truck1 distributor1
drive truck1 distributor1 distributor0
drive truck0 distributor0 depot0
load hoist0 crate7 truck0 depot0
unload hoist1 crate5 truck1 distributor0
drop hoist1 crate5 crate4 distributor0
drive truck1 distributor0 distributor1
drive truck0 depot0 distributor1
lift hoist2 crate2 crate0 distributor1
load hoist2 crate2 truck1 distributor1
lift hoist2 crate0 pallet2 distributor1
load hoist2 crate0 truck0 distributor1
drive truck0 distributor1 distributor0
unload hoist1 crate0 truck0 distributor0
drive truck0 distributor0 depot0
drop hoist1 crate0 crate5 distributor0
drive truck1 distributor1 distributor0
unload hoist0 crate7 truck0 depot0
unload hoist1 crate2 truck1 distributor0
drop hoist1 crate2 crate0 distributor0
load hoist0 crate7 truck0 depot0
drive truck1 distributor0 depot0
unload hoist0 crate7 truck0 depot0
drive truck0 depot0 distributor0
drive truck1 depot0 distributor1
drive truck0 distributor0 depot0
load hoist0 crate7 truck0 depot0
lift hoist0 crate9 crate8 depot0
load hoist0 crate9 truck0 depot0
unload hoist0 crate7 truck0 depot0
drive truck0 depot0 distributor0
unload hoist1 crate9 truck0 distributor0
drop hoist1 crate9 crate2 distributor0
drive truck1 distributor1 depot0
drive truck0 distributor0 depot0
load hoist0 crate7 truck0 depot0
lift hoist0 crate8 crate3 depot0
load hoist0 crate8 truck1 depot0
unload hoist0 crate7 truck0 depot0
drive truck0 depot0 distributor1
load hoist0 crate7 truck1 depot0
lift hoist0 crate3 crate1 depot0
load hoist0 crate3 truck1 depot0
unload hoist0 crate7 truck1 depot0
drop hoist0 crate7 crate1 depot0
drive truck1 depot0 distributor1
unload hoist2 crate3 truck1 distributor1
drive truck1 distributor1 depot0
drop hoist2 crate3 pallet2 distributor1
drive truck1 depot0 distributor1
unload hoist2 crate8 truck1 distributor1
drop hoist2 crate8 crate3 distributor1
drive truck0 distributor1 depot0
lift hoist0 crate7 crate1 depot0
load hoist0 crate7 truck0 depot0
lift hoist0 crate1 pallet0 depot0
load hoist0 crate1 truck0 depot0
unload hoist0 crate7 truck0 depot0
drive truck0 depot0 distributor1
drive truck1 distributor1 depot0
drive truck0 distributor1 distributor0
unload hoist1 crate1 truck0 distributor0
drive truck1 depot0 distributor0
drop hoist0 crate7 pallet0 depot0
drive truck0 distributor0 depot0
load hoist1 crate1 truck1 distributor0
lift hoist0 crate7 pallet0 depot0
load hoist0 crate7 truck0 depot0
lift hoist1 crate9 crate2 distributor0
load hoist1 crate9 truck1 distributor0
drive truck0 depot0 distributor0
unload hoist1 crate1 truck1 distributor0
drop hoist1 crate1 crate2 distributor0
drive truck1 distributor0 depot0
unload hoist0 crate9 truck1 depot0
drop hoist0 crate9 pallet0 depot0
drive truck1 depot0 distributor0
lift hoist1 crate1 crate2 distributor0
load hoist1 crate1 truck1 distributor0
unload hoist1 crate7 truck0 distributor0
load hoist1 crate7 truck1 distributor0
drive truck1 distributor0 depot0
unload hoist0 crate1 truck1 depot0
drop hoist0 crate1 crate9 depot0
unload hoist0 crate7 truck1 depot0
drop hoist0 crate7 crate1 depot0
lift hoist1 crate2 crate0 distributor0
load hoist1 crate2 truck0 distributor0
lift hoist1 crate0 crate5 distributor0
load hoist1 crate0 truck0 distributor0
lift hoist0 crate7 crate1 depot0
load hoist0 crate7 truck1 depot0
lift hoist0 crate1 crate9 depot0
load hoist0 crate1 truck1 depot0
drive truck1 depot0 distributor0
drive truck0 distributor0 depot0
unload hoist0 crate0 truck0 depot0
unload hoist1 crate1 truck1 distributor0
drop hoist0 crate0 crate9 depot0
unload hoist0 crate2 truck0 depot0
drive truck0 depot0 distributor1
drop hoist0 crate2 crate0 depot0
load hoist1 crate1 truck1 distributor0
lift hoist1 crate5 crate4 distributor0
load hoist1 crate5 truck1 distributor0
unload hoist1 crate1 truck1 distributor0
drive truck1 distributor0 depot0
unload hoist0 crate5 truck1 depot0
drop hoist0 crate5 crate2 depot0
drive truck1 depot0 distributor0
load hoist1 crate1 truck1 distributor0
lift hoist1 crate4 crate6 distributor0
load hoist1 crate4 truck1 distributor0
unload hoist1 crate1 truck1 distributor0
drive truck1 distributor0 depot0
drop hoist1 crate1 crate6 distributor0
unload hoist0 crate4 truck1 depot0
drive truck1 depot0 distributor0
unload hoist1 crate7 truck1 distributor0
drive truck1 distributor0 depot0
load hoist0 crate4 truck1 depot0
lift hoist2 crate8 crate3 distributor1
lift hoist0 crate5 crate2 depot0
load hoist0 crate5 truck1 depot0
unload hoist0 crate4 truck1 depot0
drop hoist0 crate4 crate2 depot0
drop hoist2 crate8 crate3 distributor1
unload hoist0 crate5 truck1 depot0
drive truck1 depot0 distributor0
drive truck0 distributor1 distributor0
drop hoist0 crate5 crate4 depot0
load hoist1 crate7 truck0 distributor0
drive truck0 distributor0 depot0
lift hoist1 crate1 crate6 distributor0
load hoist1 crate1 truck1 distributor0
lift hoist1 crate6 pallet1 distributor0
load hoist1 crate6 truck1 distributor0
unload hoist1 crate1 truck1 distributor0
drive truck1 distributor0 depot0
drop hoist1 crate1 pallet1 distributor0
drive truck0 depot0 distributor0
lift hoist0 crate5 crate4 depot0
drive truck1 depot0 distributor0
drop hoist0 crate5 crate4 depot0
unload hoist1 crate6 truck1 distributor0
load hoist1 crate6 truck0 distributor0
unload hoist1 crate7 truck0 distributor0
drive truck0 distributor0 depot0
unload hoist0 crate6 truck0 depot0
drop hoist0 crate6 crate5 depot0
lift hoist2 crate8 crate3 distributor1
lift hoist0 crate6 crate5 depot0
load hoist0 crate6 truck0 depot0
lift hoist0 crate5 crate4 depot0
load hoist0 crate5 truck0 depot0
lift hoist0 crate4 crate2 depot0
load hoist0 crate4 truck0 depot0
unload hoist0 crate6 truck0 depot0
drop hoist0 crate6 crate2 depot0
drop hoist2 crate8 crate3 distributor1
drop hoist1 crate7 crate1 distributor0
unload hoist0 crate5 truck0 depot0
drive truck0 depot0 distributor1
drop hoist0 crate5 crate6 depot0
unload hoist2 crate4 truck0 distributor1
drive truck0 distributor1 depot0
drop hoist2 crate4 crate8 distributor1
lift hoist0 crate5 crate6 depot0
load hoist0 crate5 truck0 depot0
drive truck0 depot0 distributor1
unload hoist2 crate5 truck0 distributor1
drop hoist2 crate5 crate4 distributor1
lift hoist0 crate6 crate2 depot0
drive truck0 distributor1 depot0
load hoist0 crate6 truck0 depot0
lift hoist0 crate2 crate0 depot0
drive truck0 depot0 distributor1
unload hoist2 crate6 truck0 distributor1
drive truck0 distributor1 depot0
load hoist0 crate2 truck0 depot0
lift hoist0 crate0 crate9 depot0
load hoist0 crate0 truck0 depot0
drive truck0 depot0 distributor1
load hoist2 crate6 truck0 distributor1
unload hoist2 crate0 truck0 distributor1
drop hoist2 crate0 crate5 distributor1
drive truck0 distributor1 depot0
unload hoist0 crate6 truck0 depot0
drop hoist0 crate6 crate9 depot0
drive truck0 depot0 distributor1
unload hoist2 crate2 truck0 distributor1
drop hoist2 crate2 crate0 distributor1
drive truck1 distributor0 distributor1
lift hoist2 crate2 crate0 distributor1
load hoist2 crate2 truck1 distributor1
lift hoist2 crate0 crate5 distributor1
load hoist2 crate0 truck1 distributor1
unload hoist2 crate2 truck1 distributor1
drive truck1 distributor1 distributor0
unload hoist1 crate0 truck1 distributor0
drop hoist1 crate0 crate7 distributor0
load hoist2 crate2 truck0 distributor1
drive truck0 distributor1 distributor0
unload hoist1 crate2 truck0 distributor0
drop hoist1 crate2 crate0 distributor0
drive truck0 distributor0 distributor1
lift hoist2 crate5 crate4 distributor1
load hoist2 crate5 truck0 distributor1
drive truck0 distributor1 distributor0
unload hoist1 crate5 truck0 distributor0
drop hoist1 crate5 crate2 distributor0
drive truck0 distributor0 distributor1
lift hoist2 crate4 crate8 distributor1
load hoist2 crate4 truck0 distributor1
drive truck0 distributor1 distributor0
drive truck0 distributor0 depot0
unload hoist0 crate4 truck0 depot0
drop hoist0 crate4 crate6 depot0
lift hoist1 crate5 crate2 distributor0
load hoist1 crate5 truck1 distributor0
drive truck1 distributor0 depot0
unload hoist0 crate5 truck1 depot0
drop hoist0 crate5 crate4 depot0
drive truck1 depot0 distributor0
lift hoist1 crate2 crate0 distributor0
load hoist1 crate2 truck1 distributor0
lift hoist1 crate0 crate7 distributor0
load hoist1 crate0 truck1 distributor0
drive truck1 distributor0 depot0
unload hoist0 crate0 truck1 depot0
drop hoist0 crate0 crate5 depot0
unload hoist0 crate2 truck1 depot0
drop hoist0 crate2 crate0 depot0
Plan length: 257 step(s).
Expanded 227083 state(s).
Generated 1893444 state(s).
Cache hits: 49862851
Cache misses: 57913939
Search time: 16.82 seconds
Total time: 16.83 seconds
__MEMKB 95616
