Parsing...
Instantiating...
Starting instantiation [43 rules]...
Finding invariants...
Instantiating groups...
Choosing groups...
39 uncovered facts
Building translation key...
Building STRIPS to SAS dictionary...
Translating task...
Processing axioms...
Detecting unreachable propositions...
Removed false proposition: Atom on(crate5, crate5)
Removed false proposition: <none of those>
Removed false proposition: Atom on(crate8, crate8)
Removed false proposition: <none of those>
Removed false proposition: Atom on(crate7, crate7)
Removed false proposition: <none of those>
Removed false proposition: Atom on(crate14, crate14)
Removed false proposition: <none of those>
Removed false proposition: Atom on(crate11, crate11)
Removed false proposition: <none of those>
Removed false proposition: Atom on(crate13, crate13)
Removed false proposition: <none of those>
Removed false proposition: Atom on(crate3, crate3)
Removed false proposition: <none of those>
Removed false proposition: Atom on(crate9, crate9)
Removed false proposition: <none of those>
Removed false proposition: Atom on(crate6, crate6)
Removed false proposition: <none of those>
Removed false proposition: Atom on(crate4, crate4)
Removed false proposition: <none of those>
Removed false proposition: Atom on(crate1, crate1)
Removed false proposition: <none of those>
Removed false proposition: Atom on(crate12, crate12)
Removed false proposition: <none of those>
Removed false proposition: Atom on(crate10, crate10)
Removed false proposition: <none of those>
Removed false proposition: Atom on(crate2, crate2)
Removed false proposition: <none of those>
Removed false proposition: Atom on(crate0, crate0)
Removed false proposition: <none of those>
Removed false proposition: <none of those>
Removed false proposition: <none of those>
Removed true proposition: Atom at(hoist4, distributor1)
Removed false proposition: <none of those>
Removed true proposition: Atom at(pallet0, depot0)
Removed false proposition: <none of those>
Removed true proposition: Atom at(hoist0, depot0)
Removed false proposition: <none of those>
Removed true proposition: Atom at(hoist1, depot1)
Removed false proposition: <none of those>
Removed true proposition: Atom at(pallet2, depot2)
Removed false proposition: <none of those>
Removed true proposition: Atom at(pallet5, distributor2)
Removed false proposition: <none of those>
Removed true proposition: Atom at(hoist5, distributor2)
Removed false proposition: <none of those>
Removed true proposition: Atom at(pallet4, distributor1)
Removed false proposition: <none of those>
Removed true proposition: Atom at(pallet3, distributor0)
Removed false proposition: <none of those>
Removed true proposition: Atom at(hoist3, distributor0)
Removed false proposition: <none of those>
Removed true proposition: Atom at(pallet1, depot1)
Removed false proposition: <none of those>
Removed true proposition: Atom at(hoist2, depot2)
Removed false proposition: <none of those>
56 propositions removed.
Writing output...
Done!
Building causal graph...
The causal graph is not acyclic.
59 variables of 59 necessary
3570 of 3570 operators necessary.
0 of 0 axiom rules necessary.
Building domain transition graphs...
solveable in poly time 0
Building successor generator...
Writing output...
done

Simplifying transitions... done! (reduced from 23280 to 6922)
Initializing heuristic cache... done!
Conducting best first search.
Initializing causal graph heuristic...
Initializing HSP/FF heuristic...
Simplifying 16530 unary operators... done! [16530 unary operators]
Best heuristic value: 46/50 [expanded 1 state(s)]
Best heuristic value: 46/49 [expanded 7 state(s)]
Best heuristic value: 44/49 [expanded 15 state(s)]
Best heuristic value: 44/48 [expanded 21 state(s)]
Best heuristic value: 44/47 [expanded 76 state(s)]
Best heuristic value: 44/46 [expanded 87 state(s)]
Best heuristic value: 43/46 [expanded 181 state(s)]
Best heuristic value: 42/44 [expanded 182 state(s)]
Best heuristic value: 42/43 [expanded 202 state(s)]
Best heuristic value: 42/41 [expanded 262 state(s)]
Best heuristic value: 42/40 [expanded 273 state(s)]
Best heuristic value: 42/39 [expanded 290 state(s)]
Best heuristic value: 42/38 [expanded 345 state(s)]
Best heuristic value: 42/37 [expanded 346 state(s)]
Best heuristic value: 41/37 [expanded 389 state(s)]
Best heuristic value: 40/36 [expanded 460 state(s)]
Best heuristic value: 39/36 [expanded 7192 state(s)]
Best heuristic value: 38/36 [expanded 7352 state(s)]
Best heuristic value: 37/36 [expanded 7355 state(s)]
Best heuristic value: 36/36 [expanded 8778 state(s)]
Best heuristic value: 35/36 [expanded 8782 state(s)]
Best heuristic value: 35/35 [expanded 8786 state(s)]
Best heuristic value: 35/34 [expanded 8798 state(s)]
Best heuristic value: 34/34 [expanded 8803 state(s)]
Best heuristic value: 33/34 [expanded 8805 state(s)]
Best heuristic value: 32/34 [expanded 8807 state(s)]
Best heuristic value: 32/32 [expanded 8811 state(s)]
Best heuristic value: 32/31 [expanded 8820 state(s)]
Best heuristic value: 31/29 [expanded 8831 state(s)]
Best heuristic value: 30/29 [expanded 8832 state(s)]
Best heuristic value: 29/29 [expanded 8836 state(s)]
Best heuristic value: 29/28 [expanded 8841 state(s)]
Best heuristic value: 28/28 [expanded 8842 state(s)]
Best heuristic value: 28/27 [expanded 8845 state(s)]
Best heuristic value: 27/27 [expanded 12933 state(s)]
Best heuristic value: 27/25 [expanded 14941 state(s)]
Best heuristic value: 26/23 [expanded 14958 state(s)]
Best heuristic value: 25/22 [expanded 14960 state(s)]
Best heuristic value: 24/21 [expanded 14961 state(s)]
Best heuristic value: 23/21 [expanded 87760 state(s)]
Best heuristic value: 22/21 [expanded 699443 state(s)]
