
Parsing domain file:  domain 'LOGISTICS' defined ... done.
Parsing problem file:  problem 'LOGISTICS-10-1' defined ... done.



Modality: Fast Planner

Number of actions             :     944
Number of conditional actions :       0
Number of facts               :     192


Analyzing Planning Problem:
	Temporal Planning Problem: NO
	Numeric Planning Problem: NO
	Problem with Timed Initial Litearals: NO
	Problem with Derived Predicates: NO

Evaluation function weights:
     Action duration 0.00; Action cost 1.00


Computing mutex... done

Preprocessing total time: 0.01 seconds

Searching ('.' = every 50 search steps):
. solution found: 

Plan computed:
   Time: (ACTION) [action Duration; action Cost]
 0.0000: (DRIVE-TRUCK TRU3 POS3 APT3 CIT3) [D:1.0000; C:1.0000]
 0.0000: (LOAD-TRUCK OBJ23 TRU2 POS2) [D:1.0000; C:1.0000]
 0.0000: (LOAD-TRUCK OBJ22 TRU2 POS2) [D:1.0000; C:1.0000]
 0.0000: (LOAD-TRUCK OBJ42 TRU4 POS4) [D:1.0000; C:1.0000]
 0.0000: (LOAD-TRUCK OBJ43 TRU4 POS4) [D:1.0000; C:1.0000]
 0.0000: (LOAD-TRUCK OBJ13 TRU1 POS1) [D:1.0000; C:1.0000]
 1.0000: (DRIVE-TRUCK TRU2 POS2 APT2 CIT2) [D:1.0000; C:1.0000]
 1.0000: (DRIVE-TRUCK TRU4 POS4 APT4 CIT4) [D:1.0000; C:1.0000]
 1.0000: (DRIVE-TRUCK TRU1 POS1 APT1 CIT1) [D:1.0000; C:1.0000]
 2.0000: (UNLOAD-TRUCK OBJ22 TRU2 APT2) [D:1.0000; C:1.0000]
 2.0000: (UNLOAD-TRUCK OBJ23 TRU2 APT2) [D:1.0000; C:1.0000]
 2.0000: (UNLOAD-TRUCK OBJ43 TRU4 APT4) [D:1.0000; C:1.0000]
 2.0000: (UNLOAD-TRUCK OBJ13 TRU1 APT1) [D:1.0000; C:1.0000]
 3.0000: (LOAD-AIRPLANE OBJ23 APN1 APT2) [D:1.0000; C:1.0000]
 3.0000: (LOAD-AIRPLANE OBJ22 APN1 APT2) [D:1.0000; C:1.0000]
 3.0000: (DRIVE-TRUCK TRU4 APT4 POS4 CIT4) [D:1.0000; C:1.0000]
 4.0000: (FLY-AIRPLANE APN1 APT2 APT3) [D:1.0000; C:1.0000]
 4.0000: (DRIVE-TRUCK TRU4 POS4 APT4 CIT4) [D:1.0000; C:1.0000]
 5.0000: (UNLOAD-AIRPLANE OBJ23 APN1 APT3) [D:1.0000; C:1.0000]
 5.0000: (UNLOAD-TRUCK OBJ42 TRU4 APT4) [D:1.0000; C:1.0000]
 6.0000: (LOAD-TRUCK OBJ23 TRU3 APT3) [D:1.0000; C:1.0000]
 6.0000: (DRIVE-TRUCK TRU4 APT4 POS4 CIT4) [D:1.0000; C:1.0000]
 6.0000: (FLY-AIRPLANE APN1 APT3 APT4) [D:1.0000; C:1.0000]
 7.0000: (DRIVE-TRUCK TRU3 APT3 POS3 CIT3) [D:1.0000; C:1.0000]
 7.0000: (DRIVE-TRUCK TRU4 POS4 APT4 CIT4) [D:1.0000; C:1.0000]
 7.0000: (UNLOAD-AIRPLANE OBJ22 APN1 APT4) [D:1.0000; C:1.0000]
 7.0000: (LOAD-AIRPLANE OBJ42 APN1 APT4) [D:1.0000; C:1.0000]
 8.0000: (UNLOAD-TRUCK OBJ23 TRU3 POS3) [D:1.0000; C:1.0000]
 8.0000: (LOAD-TRUCK OBJ22 TRU4 APT4) [D:1.0000; C:1.0000]
 8.0000: (LOAD-TRUCK OBJ33 TRU3 POS3) [D:1.0000; C:1.0000]
 9.0000: (DRIVE-TRUCK TRU4 APT4 POS4 CIT4) [D:1.0000; C:1.0000]
 9.0000: (DRIVE-TRUCK TRU3 POS3 APT3 CIT3) [D:1.0000; C:1.0000]
 10.0000: (UNLOAD-TRUCK OBJ22 TRU4 POS4) [D:1.0000; C:1.0000]
 10.0000: (LOAD-TRUCK OBJ41 TRU4 POS4) [D:1.0000; C:1.0000]
 10.0000: (UNLOAD-TRUCK OBJ33 TRU3 APT3) [D:1.0000; C:1.0000]
 11.0000: (DRIVE-TRUCK TRU4 POS4 APT4 CIT4) [D:1.0000; C:1.0000]
 11.0000: (DRIVE-TRUCK TRU3 APT3 POS3 CIT3) [D:1.0000; C:1.0000]
 12.0000: (UNLOAD-TRUCK OBJ41 TRU4 APT4) [D:1.0000; C:1.0000]
 12.0000: (LOAD-TRUCK OBJ31 TRU3 POS3) [D:1.0000; C:1.0000]
 13.0000: (LOAD-AIRPLANE OBJ41 APN1 APT4) [D:1.0000; C:1.0000]
 13.0000: (DRIVE-TRUCK TRU3 POS3 APT3 CIT3) [D:1.0000; C:1.0000]
 14.0000: (FLY-AIRPLANE APN1 APT4 APT3) [D:1.0000; C:1.0000]
 14.0000: (UNLOAD-TRUCK OBJ31 TRU3 APT3) [D:1.0000; C:1.0000]
 15.0000: (UNLOAD-AIRPLANE OBJ41 APN1 APT3) [D:1.0000; C:1.0000]
 15.0000: (UNLOAD-AIRPLANE OBJ42 APN1 APT3) [D:1.0000; C:1.0000]
 15.0000: (LOAD-AIRPLANE OBJ33 APN1 APT3) [D:1.0000; C:1.0000]
 16.0000: (FLY-AIRPLANE APN1 APT3 APT1) [D:1.0000; C:1.0000]
 17.0000: (LOAD-AIRPLANE OBJ13 APN1 APT1) [D:1.0000; C:1.0000]
 18.0000: (FLY-AIRPLANE APN1 APT1 APT4) [D:1.0000; C:1.0000]
 19.0000: (UNLOAD-AIRPLANE OBJ13 APN1 APT4) [D:1.0000; C:1.0000]
 20.0000: (FLY-AIRPLANE APN1 APT4 APT1) [D:1.0000; C:1.0000]
 21.0000: (UNLOAD-AIRPLANE OBJ33 APN1 APT1) [D:1.0000; C:1.0000]


Solution found:
Total time:      0.01
Search time:     0.00
Actions:         52
Execution cost:  52.00
Duration:        22.000
Plan quality:    52.000

__MEMKB 111488
