
ff: parsing domain file
domain 'SATELLITE' defined
 ... done.
ff: parsing problem file
problem 'STRIPS-SAT-X-1' defined
 ... done.


got 81 facts

Cueing down from goal distance:   17 into depth [1]
                                  14            [1]
                                  13            [1][2]
                                  12            [1]
                                  11            [1]
                                  10            [1]
                                   9            [1]
                                   8            [1]
                                   7            [1]
                                   6            [1]
                                   5            [1]
                                   4            [1]
                                   3            [1]
                                   2            [1]
                                   1            [1]
                                   0            

ff: found legal plan as follows

step    0: TURN_TO SATELLITE2 GROUNDSTATION1 PHENOMENON5
        1: SWITCH_ON INSTRUMENT0 SATELLITE0
        2: TURN_TO SATELLITE0 GROUNDSTATION2 PHENOMENON8
        3: CALIBRATE SATELLITE0 INSTRUMENT0 GROUNDSTATION2
        4: TURN_TO SATELLITE0 STAR3 GROUNDSTATION2
        5: TAKE_IMAGE SATELLITE0 STAR3 INSTRUMENT0 THERMOGRAPH0
        6: TURN_TO SATELLITE0 PHENOMENON6 STAR3
        7: TAKE_IMAGE SATELLITE0 PHENOMENON6 INSTRUMENT0 IMAGE2
        8: TURN_TO SATELLITE0 STAR7 PHENOMENON6
        9: TAKE_IMAGE SATELLITE0 STAR7 INSTRUMENT0 THERMOGRAPH0
       10: TURN_TO SATELLITE0 PHENOMENON8 STAR7
       11: TAKE_IMAGE SATELLITE0 PHENOMENON8 INSTRUMENT0 IMAGE2
       12: TURN_TO SATELLITE0 PLANET9 PHENOMENON8
       13: TAKE_IMAGE SATELLITE0 PLANET9 INSTRUMENT0 SPECTROGRAPH1
       14: TURN_TO SATELLITE0 PHENOMENON5 PLANET9
       15: TAKE_IMAGE SATELLITE0 PHENOMENON5 INSTRUMENT0 IMAGE2
     

time spent:    0.00 seconds instantiating 527 easy, 0 hard action templates
               0.00 seconds reachability analysis, yielding 81 facts and 527 actions
               0.00 seconds creating final representation with 81 relevant facts
               0.00 seconds building connectivity graph
               0.00 seconds searching, evaluating 28 states, to a max depth of 2
               0.00 seconds total time

__MEMKB 3712
