MaxPlanII beta.

bb: parsing domain file
domain 'DEPOT' defined
 ... done.
bb: parsing problem file
problem 'DEPOTPROB1935' defined
 ... done.


******  Solve with 1 layers Start******

creating action-based encoding:
        building rplan graph layers, up to layer [1];
        goal constraints;

no achiever in for goal?? deadline too low!#001


******  Solve with 2 layers Start******

creating action-based encoding:
        building rplan graph layers, up to layer [2];
        goal constraints;

no achiever in for goal?? deadline too low!#001


******  Solve with 3 layers Start******

creating action-based encoding:
        building rplan graph layers, up to layer [3];
        goal constraints;

no achiever in for goal?? deadline too low!#001


******  Solve with 4 layers Start******

creating action-based encoding:
        building rplan graph layers, up to layer [4];
        goal constraints;

no achiever in for goal?? deadline too low!#001


******  Solve with 5 layers Start******

creating action-based encoding:
        building rplan graph layers, up to layer [5];
        goal constraints;
        building exclusion constraints --> up to layer 5...

DECISION LAYER 5, WRITING ACTION-BASED ENCODING WITH 747 VARS, 17711 CLAUSES.
6 G clauses, 1567 A clauses, 16138 E clauses.c CNF file planning task -p , -o /home/matheus/repo/acervo-2010/planejadores_analise_resultados/comp/depots/domain.pddl, -f /home/matheus/repo/acervo-2010/planejadores_analise_resultados/comp/depots/pfile3, bound 5, action based encoding
In building up solver: p cnf 747 17711
Empty Clause!
==================================[ MINISAT ]===================================
| Conflicts |     ORIGINAL     |              LEARNT              | Progress |
|           | Clauses Literals |   Limit Clauses Literals  Lit/Cl |          |
==============================================================================
|         0 |   10220    27470 |    3406       0        0     0.0 |  0.000 % |
==============================================================================
Totoal time used by londex constraint checking is [B0.000000][L0.000000],apply counts 7, apply_generated 0
restarts          :            1
conflicts         :            1           (      inf / sec      )
decisions         :            0           (      nan / sec      )
propagations      :          225           (      inf / sec      )
inspects          :          127           (      inf / sec      )
conflict literals :            0           (      nan % deleted  )
CPU time          :         0.00 sec
UNSATISFIABLE

******  Solve with 6 layers Start******

creating action-based encoding:
        building rplan graph layers, up to layer [6];
        goal constraints;
        building exclusion constraints --> up to layer 6...

DECISION LAYER 6, WRITING ACTION-BASED ENCODING WITH 1207 VARS, 43286 CLAUSES.
6 G clauses, 2768 A clauses, 40512 E clauses.c CNF file planning task -p , -o /home/matheus/repo/acervo-2010/planejadores_analise_resultados/comp/depots/domain.pddl, -f /home/matheus/repo/acervo-2010/planejadores_analise_resultados/comp/depots/pfile3, bound 6, action based encoding
In building up solver: p cnf 1207 43286
==================================[ MINISAT ]===================================
| Conflicts |     ORIGINAL     |              LEARNT              | Progress |
|           | Clauses Literals |   Limit Clauses Literals  Lit/Cl |          |
==============================================================================
|         0 |   43286   109750 |   14428       0        0     0.0 |  0.000 % |
==============================================================================
Totoal time used by londex constraint checking is [B0.000000][L0.000000],apply counts 46, apply_generated 0
restarts          :            1
conflicts         :            8           (      inf / sec      )
decisions         :           29           (      inf / sec      )
propagations      :         1642           (      inf / sec      )
inspects          :         3411           (      inf / sec      )
conflict literals :           10           (     0.00 % deleted  )
CPU time          :         0.00 sec
UNSATISFIABLE

******  Solve with 7 layers Start******

creating action-based encoding:
        building rplan graph layers, up to layer [7];
        goal constraints;
        building exclusion constraints --> up to layer 7...

DECISION LAYER 7, WRITING ACTION-BASED ENCODING WITH 1705 VARS, 74405 CLAUSES.
6 G clauses, 4094 A clauses, 70305 E clauses.c CNF file planning task -p , -o /home/matheus/repo/acervo-2010/planejadores_analise_resultados/comp/depots/domain.pddl, -f /home/matheus/repo/acervo-2010/planejadores_analise_resultados/comp/depots/pfile3, bound 7, action based encoding
In building up solver: p cnf 1705 74405
==================================[ MINISAT ]===================================
| Conflicts |     ORIGINAL     |              LEARNT              | Progress |
|           | Clauses Literals |   Limit Clauses Literals  Lit/Cl |          |
==============================================================================
|         0 |   74405   196414 |   24801       0        0     0.0 |  0.000 % |
==============================================================================
Totoal time used by londex constraint checking is [B0.000000][L0.000000],apply counts 249, apply_generated 0
restarts          :            1
conflicts         :           37           (     3700 / sec      )
decisions         :           81           (     8100 / sec      )
propagations      :         9196           (   919600 / sec      )
inspects          :        23373           (  2337300 / sec      )
conflict literals :          250           (     0.00 % deleted  )
CPU time          :         0.01 sec
UNSATISFIABLE

******  Solve with 8 layers Start******

creating action-based encoding:
        building rplan graph layers, up to layer [8];
        goal constraints;
        building exclusion constraints --> up to layer 8...

DECISION LAYER 8, WRITING ACTION-BASED ENCODING WITH 2203 VARS, 105524 CLAUSES.
6 G clauses, 5420 A clauses, 100098 E clauses.c CNF file planning task -p , -o /home/matheus/repo/acervo-2010/planejadores_analise_resultados/comp/depots/domain.pddl, -f /home/matheus/repo/acervo-2010/planejadores_analise_resultados/comp/depots/pfile3, bound 8, action based encoding
In building up solver: p cnf 2203 105524
==================================[ MINISAT ]===================================
| Conflicts |     ORIGINAL     |              LEARNT              | Progress |
|           | Clauses Literals |   Limit Clauses Literals  Lit/Cl |          |
==============================================================================
|         0 |  105524   285580 |   35174       0        0     0.0 |  0.000 % |
==============================================================================
Totoal time used by londex constraint checking is [B0.010000][L0.000000],apply counts 640, apply_generated 0
restarts          :            1
conflicts         :           71           (     3550 / sec      )
decisions         :          182           (     9100 / sec      )
propagations      :        14619           (   730950 / sec      )
inspects          :        38207           (  1910350 / sec      )
conflict literals :          514           (     4.46 % deleted  )
CPU time          :         0.02 sec
UNSATISFIABLE

******  Solve with 9 layers Start******

creating action-based encoding:
        building rplan graph layers, up to layer [9];
        goal constraints;
        building exclusion constraints --> up to layer 9...

DECISION LAYER 9, WRITING ACTION-BASED ENCODING WITH 2701 VARS, 136643 CLAUSES.
6 G clauses, 6746 A clauses, 129891 E clauses.c CNF file planning task -p , -o /home/matheus/repo/acervo-2010/planejadores_analise_resultados/comp/depots/domain.pddl, -f /home/matheus/repo/acervo-2010/planejadores_analise_resultados/comp/depots/pfile3, bound 9, action based encoding
In building up solver: p cnf 2701 136643
==================================[ MINISAT ]===================================
| Conflicts |     ORIGINAL     |              LEARNT              | Progress |
|           | Clauses Literals |   Limit Clauses Literals  Lit/Cl |          |
==============================================================================
|         0 |  136643   374746 |   45547       0        0     0.0 |  0.000 % |
|       100 |  129819   359034 |   50102      93     1890    20.3 |  9.478 % |
|       250 |  129819   359034 |   55112     236     5203    22.0 | 13.812 % |
|       475 |  129819   359034 |   60623     446     9271    20.8 | 15.630 % |
|       812 |  129819   359034 |   66685     779    18761    24.1 | 17.550 % |
==============================================================================
Totoal time used by londex constraint checking is [B0.010000][L0.010000],apply counts 7356, apply_generated 0
restarts          :            5
conflicts         :          962           (    10689 / sec      )
decisions         :         1629           (    18100 / sec      )
propagations      :       245452           (  2727244 / sec      )
inspects          :       799264           (  8880711 / sec      )
conflict literals :        22759           (    16.28 % deleted  )
CPU time          :         0.09 sec
UNSATISFIABLE

******  Solve with 10 layers Start******

creating action-based encoding:
        building rplan graph layers, up to layer [10];
        goal constraints;
        building exclusion constraints --> up to layer 10...

DECISION LAYER 10, WRITING ACTION-BASED ENCODING WITH 3199 VARS, 167762 CLAUSES.
6 G clauses, 8072 A clauses, 159684 E clauses.c CNF file planning task -p , -o /home/matheus/repo/acervo-2010/planejadores_analise_resultados/comp/depots/domain.pddl, -f /home/matheus/repo/acervo-2010/planejadores_analise_resultados/comp/depots/pfile3, bound 10, action based encoding
In building up solver: p cnf 3199 167762
==================================[ MINISAT ]===================================
| Conflicts |     ORIGINAL     |              LEARNT              | Progress |
|           | Clauses Literals |   Limit Clauses Literals  Lit/Cl |          |
==============================================================================
|         0 |  167762   463912 |   55920       0        0     0.0 |  0.000 % |
|       100 |  160938   448200 |   61512      96     1141    11.9 |  7.787 % |
|       251 |  160938   448200 |   67663     243     3744    15.4 | 11.098 % |
|       476 |  160938   448200 |   74430     464    10958    23.6 | 11.224 % |
|       813 |  160938   448200 |   81872     791    23015    29.1 | 13.695 % |
|      1319 |  160938   448200 |   90060    1291    40221    31.2 | 13.945 % |
|      2078 |  160938   448200 |   99066    2037    74844    36.7 | 16.230 % |
|      3217 |  126021   364945 |  108972    2824   129551    45.9 | 17.007 % |
|      4926 |  117007   342058 |  119869    4103   205652    50.1 | 22.511 % |
==============================================================================
Totoal time used by londex constraint checking is [B0.140000][L0.100000],apply counts 43834, apply_generated 0
restarts          :            9
conflicts         :         6612           (    11600 / sec      )
decisions         :         9121           (    16002 / sec      )
propagations      :      1378936           (  2419186 / sec      )
inspects          :      5377272           (  9433811 / sec      )
conflict literals :       276450           (    21.14 % deleted  )
CPU time          :         0.57 sec
UNSATISFIABLE

******  Solve with 11 layers Start******

creating action-based encoding:
        building rplan graph layers, up to layer [11];
        goal constraints;
        building exclusion constraints --> up to layer 11...

DECISION LAYER 11, WRITING ACTION-BASED ENCODING WITH 3697 VARS, 198881 CLAUSES.
6 G clauses, 9398 A clauses, 189477 E clauses.c CNF file planning task -p , -o /home/matheus/repo/acervo-2010/planejadores_analise_resultados/comp/depots/domain.pddl, -f /home/matheus/repo/acervo-2010/planejadores_analise_resultados/comp/depots/pfile3, bound 11, action based encoding
In building up solver: p cnf 3697 198881
==================================[ MINISAT ]===================================
| Conflicts |     ORIGINAL     |              LEARNT              | Progress |
|           | Clauses Literals |   Limit Clauses Literals  Lit/Cl |          |
==============================================================================
|         0 |  198881   553078 |   66293       0        0     0.0 |  0.000 % |
|       100 |  198881   553078 |   72922     100     1778    17.8 |  0.000 % |
|       250 |  183290   516789 |   80215     238     7677    32.3 |  9.604 % |
|       475 |  183290   516789 |   88236     462    14392    31.2 |  9.631 % |
|       812 |  183290   516789 |   97060     794    36681    46.2 | 10.603 % |
|      1318 |  183290   516789 |  106766    1290    49674    38.5 | 11.091 % |
|      2080 |  183290   516789 |  117442    2035    82781    40.7 | 13.309 % |
|      3220 |  157733   455482 |  129186    2912   151760    52.1 | 14.040 % |
|      4928 |  157733   455482 |  142105    4617   361992    78.4 | 14.850 % |
|      7491 |  151908   441076 |  156315    6967   452446    64.9 | 16.718 % |
|     11335 |  151908   441076 |  171947   10790   688231    63.8 | 19.531 % |
|     17101 |  140865   412547 |  189142   15888  1166923    73.4 | 20.802 % |
|     25751 |  137157   402666 |  208056   24223  1830042    75.5 | 22.700 % |
==============================================================================
Totoal time used by londex constraint checking is [B0.380000][L0.290000],apply counts 199789, apply_generated 0
restarts          :           13
conflicts         :        32291           (     9525 / sec      )
decisions         :        41808           (    12333 / sec      )
propagations      :      6802880           (  2006749 / sec      )
inspects          :     41382538           ( 12207238 / sec      )
conflict literals :      2227443           (    29.64 % deleted  )
CPU time          :         3.39 sec
UNSATISFIABLE

******  Solve with 12 layers Start******

creating action-based encoding:
        building rplan graph layers, up to layer [12];
        goal constraints;
        building exclusion constraints --> up to layer 12...

DECISION LAYER 12, WRITING ACTION-BASED ENCODING WITH 4195 VARS, 230000 CLAUSES.
6 G clauses, 10724 A clauses, 219270 E clauses.c CNF file planning task -p , -o /home/matheus/repo/acervo-2010/planejadores_analise_resultados/comp/depots/domain.pddl, -f /home/matheus/repo/acervo-2010/planejadores_analise_resultados/comp/depots/pfile3, bound 12, action based encoding
In building up solver: p cnf 4195 230000
==================================[ MINISAT ]===================================
| Conflicts |     ORIGINAL     |              LEARNT              | Progress |
|           | Clauses Literals |   Limit Clauses Literals  Lit/Cl |          |
==============================================================================
|         0 |  230000   642244 |   76666       0        0     0.0 |  0.000 % |
|       100 |  229971   642179 |   84333      97     4107    42.3 |  1.938 % |
|       250 |  229971   642179 |   92766     247    16376    66.3 |  1.932 % |
|       475 |  229971   642179 |  102042     467    25013    53.6 |  8.704 % |
|       812 |  229971   642179 |  112247     802    47299    59.0 |  8.941 % |
|      1318 |  229971   642179 |  123471    1303    73770    56.6 |  9.299 % |
|      2077 |  229971   642179 |  135818    2055   113407    55.2 | 10.275 % |
|      3216 |  229971   642179 |  149400    3183   171838    54.0 | 11.443 % |
|      4924 |  190458   548652 |  164340    4798   267171    55.7 | 12.730 % |
|      7486 |  190458   548652 |  180774    7348   465687    63.4 | 14.184 % |
|     11330 |  183957   532387 |  198852   10987   893278    81.3 | 14.903 % |
|     17096 |  180681   524186 |  218737   16600  1443195    86.9 | 15.829 % |
|     25745 |  177203   515137 |  240611   24943  2595687   104.1 | 16.306 % |
|     38719 |  169266   494606 |  264672   36988  4044372   109.3 | 18.668 % |
|     58181 |  165808   485435 |  291139   55965  6431417   114.9 | 19.668 % |
|     87374 |  162372   476549 |  320253   82170  9970353   121.3 | 21.240 % |
==============================================================================
Totoal time used by londex constraint checking is [B1.410000][L1.150000],apply counts 747896, apply_generated 0
restarts          :           16
conflicts         :       112788           (     5345 / sec      )
decisions         :       140029           (     6636 / sec      )
propagations      :     26060037           (  1235073 / sec      )
inspects          :    340872446           ( 16155092 / sec      )
conflict literals :     13171776           (    37.82 % deleted  )
CPU time          :        21.10 sec
SATISFIABLE

Info:     18.59 seconds total solving time
           0.00 MB memory used
        solution found at layer 12

__MEMKB 65460
