MaxPlanII beta.

bb: parsing domain file
domain 'DEPOT' defined
 ... done.
bb: parsing problem file
problem 'DEPOTPROB6512' defined
 ... done.


******  Solve with 1 layers Start******

creating action-based encoding:
        building rplan graph layers, up to layer [1];
        goal constraints;

no achiever in for goal?? deadline too low!#001


******  Solve with 2 layers Start******

creating action-based encoding:
        building rplan graph layers, up to layer [2];
        goal constraints;

no achiever in for goal?? deadline too low!#001


******  Solve with 3 layers Start******

creating action-based encoding:
        building rplan graph layers, up to layer [3];
        goal constraints;

no achiever in for goal?? deadline too low!#001


******  Solve with 4 layers Start******

creating action-based encoding:
        building rplan graph layers, up to layer [4];
        goal constraints;

no achiever in for goal?? deadline too low!#001


******  Solve with 5 layers Start******

creating action-based encoding:
        building rplan graph layers, up to layer [5];
        goal constraints;
        building exclusion constraints --> up to layer 5...

DECISION LAYER 5, WRITING ACTION-BASED ENCODING WITH 844 VARS, 23131 CLAUSES.
6 G clauses, 1800 A clauses, 21325 E clauses.c CNF file planning task -p , -o /home/matheus/repo/acervo-2010/planejadores_analise_resultados/comp/depots/domain.pddl, -f /home/matheus/repo/acervo-2010/planejadores_analise_resultados/comp/depots/pfile4, bound 5, action based encoding
In building up solver: p cnf 844 23131
==================================[ MINISAT ]===================================
| Conflicts |     ORIGINAL     |              LEARNT              | Progress |
|           | Clauses Literals |   Limit Clauses Literals  Lit/Cl |          |
==============================================================================
|         0 |   18635    45960 |    6211       0        0     0.0 |  0.000 % |
==============================================================================
Totoal time used by londex constraint checking is [B0.000000][L0.000000],apply counts 12, apply_generated 0
restarts          :            1
conflicts         :            1           (      inf / sec      )
decisions         :            0           (      nan / sec      )
propagations      :          210           (      inf / sec      )
inspects          :          313           (      inf / sec      )
conflict literals :            0           (      nan % deleted  )
CPU time          :         0.00 sec
UNSATISFIABLE

******  Solve with 6 layers Start******

creating action-based encoding:
        building rplan graph layers, up to layer [6];
        goal constraints;
        building exclusion constraints --> up to layer 6...

DECISION LAYER 6, WRITING ACTION-BASED ENCODING WITH 1445 VARS, 64596 CLAUSES.
6 G clauses, 3384 A clauses, 61206 E clauses.c CNF file planning task -p , -o /home/matheus/repo/acervo-2010/planejadores_analise_resultados/comp/depots/domain.pddl, -f /home/matheus/repo/acervo-2010/planejadores_analise_resultados/comp/depots/pfile4, bound 6, action based encoding
In building up solver: p cnf 1445 64596
==================================[ MINISAT ]===================================
| Conflicts |     ORIGINAL     |              LEARNT              | Progress |
|           | Clauses Literals |   Limit Clauses Literals  Lit/Cl |          |
==============================================================================
|         0 |   64596   162030 |   21532       0        0     0.0 |  0.000 % |
==============================================================================
Totoal time used by londex constraint checking is [B0.000000][L0.000000],apply counts 56, apply_generated 0
restarts          :            1
conflicts         :            4           (      inf / sec      )
decisions         :           30           (      inf / sec      )
propagations      :         1060           (      inf / sec      )
inspects          :         2071           (      inf / sec      )
conflict literals :            5           (     0.00 % deleted  )
CPU time          :         0.00 sec
UNSATISFIABLE

******  Solve with 7 layers Start******

creating action-based encoding:
        building rplan graph layers, up to layer [7];
        goal constraints;
        building exclusion constraints --> up to layer 7...

DECISION LAYER 7, WRITING ACTION-BASED ENCODING WITH 2165 VARS, 127516 CLAUSES.
6 G clauses, 5341 A clauses, 122169 E clauses.c CNF file planning task -p , -o /home/matheus/repo/acervo-2010/planejadores_analise_resultados/comp/depots/domain.pddl, -f /home/matheus/repo/acervo-2010/planejadores_analise_resultados/comp/depots/pfile4, bound 7, action based encoding
In building up solver: p cnf 2165 127516
==================================[ MINISAT ]===================================
| Conflicts |     ORIGINAL     |              LEARNT              | Progress |
|           | Clauses Literals |   Limit Clauses Literals  Lit/Cl |          |
==============================================================================
|         0 |  127516   330285 |   42505       0        0     0.0 |  0.000 % |
==============================================================================
Totoal time used by londex constraint checking is [B0.000000][L0.000000],apply counts 119, apply_generated 0
restarts          :            1
conflicts         :            9           (      900 / sec      )
decisions         :           41           (     4100 / sec      )
propagations      :         3462           (   346200 / sec      )
inspects          :         6732           (   673200 / sec      )
conflict literals :           10           (     0.00 % deleted  )
CPU time          :         0.01 sec
UNSATISFIABLE

******  Solve with 8 layers Start******

creating action-based encoding:
        building rplan graph layers, up to layer [8];
        goal constraints;
        building exclusion constraints --> up to layer 8...

DECISION LAYER 8, WRITING ACTION-BASED ENCODING WITH 2931 VARS, 200624 CLAUSES.
6 G clauses, 7451 A clauses, 193167 E clauses.c CNF file planning task -p , -o /home/matheus/repo/acervo-2010/planejadores_analise_resultados/comp/depots/domain.pddl, -f /home/matheus/repo/acervo-2010/planejadores_analise_resultados/comp/depots/pfile4, bound 8, action based encoding
In building up solver: p cnf 2931 200624
==================================[ MINISAT ]===================================
| Conflicts |     ORIGINAL     |              LEARNT              | Progress |
|           | Clauses Literals |   Limit Clauses Literals  Lit/Cl |          |
==============================================================================
|         0 |  200624   533611 |   66874       0        0     0.0 |  0.000 % |
==============================================================================
Totoal time used by londex constraint checking is [B0.000000][L0.000000],apply counts 250, apply_generated 0
restarts          :            1
conflicts         :           24           (      inf / sec      )
decisions         :           95           (      inf / sec      )
propagations      :         7995           (      inf / sec      )
inspects          :        18625           (      inf / sec      )
conflict literals :           93           (    33.09 % deleted  )
CPU time          :         0.00 sec
UNSATISFIABLE

******  Solve with 9 layers Start******

creating action-based encoding:
        building rplan graph layers, up to layer [9];
        goal constraints;
        building exclusion constraints --> up to layer 9...

DECISION LAYER 9, WRITING ACTION-BASED ENCODING WITH 3697 VARS, 273732 CLAUSES.
6 G clauses, 9561 A clauses, 264165 E clauses.c CNF file planning task -p , -o /home/matheus/repo/acervo-2010/planejadores_analise_resultados/comp/depots/domain.pddl, -f /home/matheus/repo/acervo-2010/planejadores_analise_resultados/comp/depots/pfile4, bound 9, action based encoding
In building up solver: p cnf 3697 273732
==================================[ MINISAT ]===================================
| Conflicts |     ORIGINAL     |              LEARNT              | Progress |
|           | Clauses Literals |   Limit Clauses Literals  Lit/Cl |          |
==============================================================================
|         0 |  273732   741339 |   91244       0        0     0.0 |  0.000 % |
==============================================================================
Totoal time used by londex constraint checking is [B0.000000][L0.000000],apply counts 990, apply_generated 0
restarts          :            1
conflicts         :           99           (     4950 / sec      )
decisions         :          343           (    17150 / sec      )
propagations      :        25331           (  1266550 / sec      )
inspects          :        75643           (  3782150 / sec      )
conflict literals :          772           (    25.55 % deleted  )
CPU time          :         0.02 sec
UNSATISFIABLE

******  Solve with 10 layers Start******

creating action-based encoding:
        building rplan graph layers, up to layer [10];
        goal constraints;
        building exclusion constraints --> up to layer 10...

DECISION LAYER 10, WRITING ACTION-BASED ENCODING WITH 4463 VARS, 346840 CLAUSES.
6 G clauses, 11671 A clauses, 335163 E clauses.c CNF file planning task -p , -o /home/matheus/repo/acervo-2010/planejadores_analise_resultados/comp/depots/domain.pddl, -f /home/matheus/repo/acervo-2010/planejadores_analise_resultados/comp/depots/pfile4, bound 10, action based encoding
In building up solver: p cnf 4463 346840
==================================[ MINISAT ]===================================
| Conflicts |     ORIGINAL     |              LEARNT              | Progress |
|           | Clauses Literals |   Limit Clauses Literals  Lit/Cl |          |
==============================================================================
|         0 |  346840   949067 |  115613       0        0     0.0 |  0.000 % |
|       100 |  322407   892650 |  127174      72     1263    17.5 | 19.988 % |
|       250 |  322407   892650 |  139892     216     5541    25.7 | 20.257 % |
|       476 |  322407   892650 |  153881     429    10702    24.9 | 24.446 % |
|       813 |  322407   892650 |  169269     766    37779    49.3 | 24.447 % |
|      1320 |  322407   892650 |  186196    1257    58421    46.5 | 26.418 % |
|      2079 |  322407   892650 |  204815    2006   101959    50.8 | 27.093 % |
==============================================================================
Totoal time used by londex constraint checking is [B0.020000][L0.060000],apply counts 19667, apply_generated 0
restarts          :            7
conflicts         :         2566           (     9869 / sec      )
decisions         :         3857           (    14835 / sec      )
propagations      :       623503           (  2398088 / sec      )
inspects          :      2663783           ( 10245319 / sec      )
conflict literals :       118586           (    20.12 % deleted  )
CPU time          :         0.26 sec
UNSATISFIABLE

******  Solve with 11 layers Start******

creating action-based encoding:
        building rplan graph layers, up to layer [11];
        goal constraints;
        building exclusion constraints --> up to layer 11...

DECISION LAYER 11, WRITING ACTION-BASED ENCODING WITH 5229 VARS, 419948 CLAUSES.
6 G clauses, 13781 A clauses, 406161 E clauses.c CNF file planning task -p , -o /home/matheus/repo/acervo-2010/planejadores_analise_resultados/comp/depots/domain.pddl, -f /home/matheus/repo/acervo-2010/planejadores_analise_resultados/comp/depots/pfile4, bound 11, action based encoding
In building up solver: p cnf 5229 419948
==================================[ MINISAT ]===================================
| Conflicts |     ORIGINAL     |              LEARNT              | Progress |
|           | Clauses Literals |   Limit Clauses Literals  Lit/Cl |          |
==============================================================================
|         0 |  419948  1156795 |  139982       0        0     0.0 |  0.000 % |
|       101 |  378364  1059937 |  153980      96     9853   102.6 |  5.950 % |
|       251 |  378364  1059937 |  169378     242    18564    76.7 |  9.908 % |
|       476 |  378364  1059937 |  186316     463    31817    68.7 | 16.697 % |
|       813 |  378364  1059937 |  204948     793    46889    59.1 | 19.891 % |
|      1319 |  378364  1059937 |  225442    1293    73831    57.1 | 20.157 % |
|      2078 |  378364  1059937 |  247987    2034   109817    54.0 | 22.281 % |
|      3217 |  378364  1059937 |  272785    3166   219357    69.3 | 23.064 % |
|      4926 |  272018   801072 |  300064    4571   384059    84.0 | 23.869 % |
|      7488 |  272018   801072 |  330070    7105   589573    83.0 | 25.742 % |
|     11332 |  258465   765363 |  363077   10318   896323    86.9 | 31.346 % |
==============================================================================
Totoal time used by londex constraint checking is [B0.100000][L0.260000],apply counts 78612, apply_generated 0
restarts          :           11
conflicts         :        12148           (     8867 / sec      )
decisions         :        16207           (    11830 / sec      )
propagations      :      3301119           (  2409576 / sec      )
inspects          :     14364103           ( 10484747 / sec      )
conflict literals :       991625           (    21.90 % deleted  )
CPU time          :         1.37 sec
UNSATISFIABLE

******  Solve with 12 layers Start******

creating action-based encoding:
        building rplan graph layers, up to layer [12];
        goal constraints;
        building exclusion constraints --> up to layer 12...

DECISION LAYER 12, WRITING ACTION-BASED ENCODING WITH 5995 VARS, 493056 CLAUSES.
6 G clauses, 15891 A clauses, 477159 E clauses.c CNF file planning task -p , -o /home/matheus/repo/acervo-2010/planejadores_analise_resultados/comp/depots/domain.pddl, -f /home/matheus/repo/acervo-2010/planejadores_analise_resultados/comp/depots/pfile4, bound 12, action based encoding
In building up solver: p cnf 5995 493056
==================================[ MINISAT ]===================================
| Conflicts |     ORIGINAL     |              LEARNT              | Progress |
|           | Clauses Literals |   Limit Clauses Literals  Lit/Cl |          |
==============================================================================
|         0 |  493056  1364523 |  164352       0        0     0.0 |  0.000 % |
|       100 |  451475  1267687 |  180787      95     3497    36.8 | 10.394 % |
|       251 |  451475  1267687 |  198866     240    19282    80.3 | 11.211 % |
|       476 |  451475  1267687 |  218753     462    37429    81.0 | 11.362 % |
|       813 |  451475  1267687 |  240628     792    67619    85.4 | 11.679 % |
|      1319 |  451475  1267687 |  264691    1290   104348    80.9 | 16.282 % |
|      2078 |  451475  1267687 |  291160    2047   153750    75.1 | 18.500 % |
|      3217 |  451475  1267687 |  320276    3181   271406    85.3 | 18.649 % |
|      4925 |  451475  1267687 |  352303    4874   418361    85.8 | 19.249 % |
|      7487 |  349644  1020050 |  387533    7185   697000    97.0 | 20.468 % |
|     11331 |  338722   991742 |  426287   10803  1112977   103.0 | 21.502 % |
|     17098 |  338722   991742 |  468915   16564  1941999   117.2 | 22.102 % |
|     25747 |  330802   970830 |  515807   24780  3170553   127.9 | 24.205 % |
|     38722 |  317510   935762 |  567388   36804  5050720   137.2 | 25.356 % |
|     58184 |  308817   912495 |  624126   53651  7367713   137.3 | 33.248 % |
==============================================================================
Totoal time used by londex constraint checking is [B0.680000][L0.650000],apply counts 354740, apply_generated 0
restarts          :           15
conflicts         :        58638           (     6127 / sec      )
decisions         :        72073           (     7531 / sec      )
propagations      :     15781647           (  1649075 / sec      )
inspects          :    123082138           ( 12861247 / sec      )
conflict literals :      7747268           (    29.49 % deleted  )
CPU time          :         9.57 sec
UNSATISFIABLE

******  Solve with 13 layers Start******

creating action-based encoding:
        building rplan graph layers, up to layer [13];
        goal constraints;
        building exclusion constraints --> up to layer 13...

DECISION LAYER 13, WRITING ACTION-BASED ENCODING WITH 6761 VARS, 566164 CLAUSES.
6 G clauses, 18001 A clauses, 548157 E clauses.c CNF file planning task -p , -o /home/matheus/repo/acervo-2010/planejadores_analise_resultados/comp/depots/domain.pddl, -f /home/matheus/repo/acervo-2010/planejadores_analise_resultados/comp/depots/pfile4, bound 13, action based encoding
In building up solver: p cnf 6761 566164
==================================[ MINISAT ]===================================
| Conflicts |     ORIGINAL     |              LEARNT              | Progress |
|           | Clauses Literals |   Limit Clauses Literals  Lit/Cl |          |
==============================================================================
|         0 |  566164  1572251 |  188721       0        0     0.0 |  0.000 % |
|       100 |  565821  1571463 |  207593      88     1922    21.8 | 13.313 % |
|       250 |  565821  1571463 |  228352     238    10718    45.0 | 13.312 % |
|       475 |  565821  1571463 |  251188     461    25579    55.5 | 15.235 % |
|       812 |  565821  1571463 |  276306     796    59166    74.3 | 15.664 % |
|      1318 |  565821  1571463 |  303937    1295    91140    70.4 | 16.271 % |
|      2077 |  565821  1571463 |  334331    2045   156410    76.5 | 16.699 % |
|      3216 |  565821  1571463 |  367764    3176   235944    74.3 | 17.129 % |
|      4924 |  565821  1571463 |  404540    4870   383309    78.7 | 17.722 % |
|      7486 |  419551  1219826 |  444994    7207   839057   116.4 | 17.973 % |
|     11330 |  419551  1219826 |  489494   11049  1569082   142.0 | 18.000 % |
|     17096 |  418822  1217893 |  538443   16732  2324060   138.9 | 19.746 % |
|     25745 |  418822  1217893 |  592287   25380  4435983   174.8 | 19.791 % |
|     38719 |  409417  1193276 |  651516   38040  6820245   179.3 | 20.251 % |
|     58180 |  404278  1179471 |  716668   57228 11072412   193.5 | 21.033 % |
|     87372 |  404278  1179471 |  788334   86386 17224315   199.4 | 22.602 % |
|    131161 |  388687  1138378 |  867168  128096 27424972   214.1 | 23.680 % |
|    196845 |  375038  1101162 |  953885  185000 40494984   218.9 | 25.752 % |
==============================================================================
Totoal time used by londex constraint checking is [B3.700000][L3.240000],apply counts 1695853, apply_generated 0
restarts          :           18
conflicts         :       259580           (     2801 / sec      )
decisions         :       306866           (     3312 / sec      )
propagations      :     79522077           (   858214 / sec      )
inspects          :   1696351864           ( 18307272 / sec      )
conflict literals :     53165441           (    35.71 % deleted  )
CPU time          :        92.66 sec
UNSATISFIABLE

******  Solve with 14 layers Start******

creating action-based encoding:
        building rplan graph layers, up to layer [14];
        goal constraints;
        building exclusion constraints --> up to layer 14...

DECISION LAYER 14, WRITING ACTION-BASED ENCODING WITH 7527 VARS, 639272 CLAUSES.
6 G clauses, 20111 A clauses, 619155 E clauses.c CNF file planning task -p , -o /home/matheus/repo/acervo-2010/planejadores_analise_resultados/comp/depots/domain.pddl, -f /home/matheus/repo/acervo-2010/planejadores_analise_resultados/comp/depots/pfile4, bound 14, action based encoding
In building up solver: p cnf 7527 639272
==================================[ MINISAT ]===================================
| Conflicts |     ORIGINAL     |              LEARNT              | Progress |
|           | Clauses Literals |   Limit Clauses Literals  Lit/Cl |          |
==============================================================================
|         0 |  639272  1779979 |  213090       0        0     0.0 |  0.000 % |
|       100 |  597690  1683134 |  234399      96     1622    16.9 |  4.133 % |
|       250 |  597690  1683134 |  257839     237     5984    25.2 | 12.210 % |
|       475 |  597690  1683134 |  283623     457    23272    50.9 | 12.635 % |
|       812 |  597690  1683134 |  311985     792    66021    83.4 | 12.742 % |
|      1318 |  597690  1683134 |  343184    1296   118429    91.4 | 12.821 % |
|      2077 |  597690  1683134 |  377502    2050   202163    98.6 | 14.641 % |
|      3216 |  597690  1683134 |  415252    3184   304277    95.6 | 14.827 % |
|      4924 |  597690  1683134 |  456777    4890   505305   103.3 | 14.854 % |
|      7486 |  497736  1440518 |  502455    7306   778915   106.6 | 15.545 % |
|     11330 |  497736  1440518 |  552701   11132  1272311   114.3 | 16.555 % |
|     17096 |  482572  1401369 |  607971   16473  2127480   129.1 | 17.696 % |
|     25747 |  481249  1397962 |  668768   25078  4253540   169.6 | 17.843 % |
|     38721 |  481249  1397962 |  735644   38046  7067502   185.8 | 17.976 % |
|     58182 |  473525  1377839 |  809209   57293 12464346   217.6 | 19.039 % |
|     87374 |  468801  1365287 |  890130   86002 21028127   244.5 | 19.718 % |
|    131163 |  468801  1365287 |  979143  129765 33145921   255.4 | 20.911 % |
|    196847 |  457871  1335777 | 1077057  194201 56519146   291.0 | 21.404 % |
|    295373 |  457871  1335777 | 1184763  292721 87874365   300.2 | 21.550 % |
|    443162 |  450994  1317564 | 1303239  434252 137650289   317.0 | 22.547 % |
|    664847 |  412254  1212405 | 1433563  597056 195381511   327.2 | 26.493 % |
==============================================================================
Totoal time used by londex constraint checking is [B10.200000][L9.040000],apply counts 4711133, apply_generated 0
restarts          :           21
conflicts         :       681626           (     1127 / sec      )
decisions         :       793530           (     1312 / sec      )
propagations      :    220069303           (   363889 / sec      )
inspects          :  10009108326           ( 16550273 / sec      )
conflict literals :    213731258           (    37.27 % deleted  )
CPU time          :       604.77 sec
SATISFIABLE

Info:    660.28 seconds total solving time
           0.00 MB memory used
        solution found at layer 14

__MEMKB 872656
