---SatPlan Version: 1.1

bb: parsing domain file
domain 'PIPESWORLD_STRIPS' defined
 ... done.
bb: parsing problem file
problem 'P03-NET1-B8-G3_RT0_INSTANCE' defined
 ... done.


time:   0,    31 facts and       0 exclusive pairs
              42 ops   and      84 exclusive pairs
time:   1,    61 facts and     264 exclusive pairs

creating thin gp-based encoding...
plan graph layer 0...
plan graph layer 1...
goal constraints...

goal fact not coded - level too low??


bb: parsing domain file
domain 'PIPESWORLD_STRIPS' defined
 ... done.
bb: parsing problem file
problem 'P03-NET1-B8-G3_RT0_INSTANCE' defined
 ... done.


time:   0,    31 facts and       0 exclusive pairs
              42 ops   and      84 exclusive pairs
time:   1,    61 facts and     264 exclusive pairs
             180 ops   and    8212 exclusive pairs
time:   2,    81 facts and     543 exclusive pairs

creating thin gp-based encoding...
plan graph layer 0...
plan graph layer 1...
plan graph layer 2...
goal constraints...

goal fact not coded - level too low??


bb: parsing domain file
domain 'PIPESWORLD_STRIPS' defined
 ... done.
bb: parsing problem file
problem 'P03-NET1-B8-G3_RT0_INSTANCE' defined
 ... done.


time:   0,    31 facts and       0 exclusive pairs
              42 ops   and      84 exclusive pairs
time:   1,    61 facts and     264 exclusive pairs
             180 ops   and    8212 exclusive pairs
time:   2,    81 facts and     543 exclusive pairs
             370 ops   and   43520 exclusive pairs
time:   3,    92 facts and     586 exclusive pairs

creating thin gp-based encoding...
plan graph layer 0...
plan graph layer 1...
plan graph layer 2...
plan graph layer 3...
goal constraints...

goal fact not coded - level too low??


bb: parsing domain file
domain 'PIPESWORLD_STRIPS' defined
 ... done.
bb: parsing problem file
problem 'P03-NET1-B8-G3_RT0_INSTANCE' defined
 ... done.


time:   0,    31 facts and       0 exclusive pairs
              42 ops   and      84 exclusive pairs
time:   1,    61 facts and     264 exclusive pairs
             180 ops   and    8212 exclusive pairs
time:   2,    81 facts and     543 exclusive pairs
             370 ops   and   43520 exclusive pairs
time:   3,    92 facts and     586 exclusive pairs
             578 ops   and  114045 exclusive pairs
time:   4,    97 facts and     479 exclusive pairs

creating thin gp-based encoding...
plan graph layer 0...
plan graph layer 1...
plan graph layer 2...
plan graph layer 3...
plan graph layer 4...
goal constraints...
exclusion constraints layer 0...
exclusion constraints layer 1...
exclusion constraints layer 2...
exclusion constraints layer 3...
exclusion constraints layer 4...

DECISION LAYER 4, WRITING THIN GP-BASED ENCODING WITH 1532 VARS, 74105 CLAUSES.

time spent:    0.00 seconds instantiating 772 action templates
               0.00 seconds reachability analysis, yielding 100 facts and 772 actions
               0.00 seconds collecting 98 relevant facts
               0.00 seconds building connectivity graph
               0.00 seconds building (std) graph
               0.02 seconds CNF output time
               0.02 seconds total planner time (solving not included)


***Solving***


[ filemap ]
[ extract ]

variables : 1532
pure lits : 125

1-clauses : 3
2-clauses : 73831
3-clauses : 17
n-clauses : 254
discarded : 0

[ solve ]


unsatisfiable                             

[ stats ]

decisions : 0
conflicts : 1
time : ~0.01

***UNSAT***


bb: parsing domain file
domain 'PIPESWORLD_STRIPS' defined
 ... done.
bb: parsing problem file
problem 'P03-NET1-B8-G3_RT0_INSTANCE' defined
 ... done.


time:   0,    31 facts and       0 exclusive pairs
              42 ops   and      84 exclusive pairs
time:   1,    61 facts and     264 exclusive pairs
             180 ops   and    8212 exclusive pairs
time:   2,    81 facts and     543 exclusive pairs
             370 ops   and   43520 exclusive pairs
time:   3,    92 facts and     586 exclusive pairs
             578 ops   and  114045 exclusive pairs
time:   4,    97 facts and     479 exclusive pairs
             709 ops   and  167281 exclusive pairs
time:   5,    98 facts and     427 exclusive pairs

creating thin gp-based encoding...
plan graph layer 0...
plan graph layer 1...
plan graph layer 2...
plan graph layer 3...
plan graph layer 4...
plan graph layer 5...
goal constraints...
exclusion constraints layer 0...
exclusion constraints layer 1...
exclusion constraints layer 2...
exclusion constraints layer 3...
exclusion constraints layer 4...
exclusion constraints layer 5...

DECISION LAYER 5, WRITING THIN GP-BASED ENCODING WITH 2339 VARS, 150239 CLAUSES.

time spent:    0.00 seconds instantiating 772 action templates
               0.00 seconds reachability analysis, yielding 100 facts and 772 actions
               0.00 seconds collecting 98 relevant facts
               0.00 seconds building connectivity graph
               0.00 seconds building (std) graph
               0.03 seconds CNF output time
               0.03 seconds total planner time (solving not included)


***Solving***


[ filemap ]
[ extract ]

variables : 2339
pure lits : 126

1-clauses : 3
2-clauses : 149867
3-clauses : 17
n-clauses : 352
discarded : 0

[ solve ]


unsatisfiable                             

[ stats ]

decisions : 2657
conflicts : 286
time : ~0.01

***UNSAT***


bb: parsing domain file
domain 'PIPESWORLD_STRIPS' defined
 ... done.
bb: parsing problem file
problem 'P03-NET1-B8-G3_RT0_INSTANCE' defined
 ... done.


time:   0,    31 facts and       0 exclusive pairs
              42 ops   and      84 exclusive pairs
time:   1,    61 facts and     264 exclusive pairs
             180 ops   and    8212 exclusive pairs
time:   2,    81 facts and     543 exclusive pairs
             370 ops   and   43520 exclusive pairs
time:   3,    92 facts and     586 exclusive pairs
             578 ops   and  114045 exclusive pairs
time:   4,    97 facts and     479 exclusive pairs
             709 ops   and  167281 exclusive pairs
time:   5,    98 facts and     427 exclusive pairs
             750 ops   and  183375 exclusive pairs
time:   6,    98 facts and     421 exclusive pairs

creating thin gp-based encoding...
plan graph layer 0...
plan graph layer 1...
plan graph layer 2...
plan graph layer 3...
plan graph layer 4...
plan graph layer 5...
plan graph layer 6...
goal constraints...
exclusion constraints layer 0...
exclusion constraints layer 1...
exclusion constraints layer 2...
exclusion constraints layer 3...
exclusion constraints layer 4...
exclusion constraints layer 5...
exclusion constraints layer 6...

DECISION LAYER 6, WRITING THIN GP-BASED ENCODING WITH 3187 VARS, 236564 CLAUSES.

time spent:    0.00 seconds instantiating 772 action templates
               0.00 seconds reachability analysis, yielding 100 facts and 772 actions
               0.00 seconds collecting 98 relevant facts
               0.00 seconds building connectivity graph
               0.00 seconds building (std) graph
               0.05 seconds CNF output time
               0.05 seconds total planner time (solving not included)


***Solving***


[ filemap ]
[ extract ]

variables : 3187
pure lits : 126

1-clauses : 3
2-clauses : 236094
3-clauses : 17
n-clauses : 450
discarded : 0

[ solve ]


satisfiable                             

[ stats ]

decisions : 2116
conflicts : 131
time : ~0.01


bb: parsing domain file
domain 'PIPESWORLD_STRIPS' defined
 ... done.
bb: parsing problem file
problem 'P03-NET1-B8-G3_RT0_INSTANCE' defined
 ... done.


time:   0,    31 facts and       0 exclusive pairs
              42 ops   and      84 exclusive pairs
time:   1,    61 facts and     264 exclusive pairs
             180 ops   and    8212 exclusive pairs
time:   2,    81 facts and     543 exclusive pairs
             370 ops   and   43520 exclusive pairs
time:   3,    92 facts and     586 exclusive pairs
             578 ops   and  114045 exclusive pairs
time:   4,    97 facts and     479 exclusive pairs
             709 ops   and  167281 exclusive pairs
time:   5,    98 facts and     427 exclusive pairs
             750 ops   and  183375 exclusive pairs
time:   6,    98 facts and     421 exclusive pairs

creating thin gp-based encoding...
plan graph layer 0...
plan graph layer 1...
plan graph layer 2...
plan graph layer 3...
plan graph layer 4...
plan graph layer 5...
plan graph layer 6...
goal constraints...
exclusion constraints layer 0...
exclusion constraints layer 1...
exclusion constraints layer 2...
exclusion constraints layer 3...
exclusion constraints layer 4...
exclusion constraints layer 5...
exclusion constraints layer 6...

DECISION LAYER 6, WRITING THIN GP-BASED ENCODING WITH 3187 VARS, 236564 CLAUSES.

time spent:    0.00 seconds instantiating 772 action templates
               0.00 seconds reachability analysis, yielding 100 facts and 772 actions
               0.00 seconds collecting 98 relevant facts
               0.00 seconds building connectivity graph
               0.00 seconds building (std) graph
               0.02 seconds CNF output time
               0.02 seconds total planner time (solving not included)

Pruned:  0: (PUSH-UNITARYPIPE S12 B4 A1 A2 B1 GASOLEO GASOLEO TA1-2-GASOLEO TA2-2-GASOLEO) [1]
Pruned:  0: (PUSH-UNITARYPIPE S12 B4 A1 A2 B1 GASOLEO GASOLEO TA1-2-GASOLEO TA2-2-GASOLEO) [1]
Pruned:  0: (PUSH-UNITARYPIPE S12 B4 A1 A2 B1 GASOLEO GASOLEO TA1-2-GASOLEO TA2-2-GASOLEO) [1]
Pruned:  0: (PUSH-UNITARYPIPE S12 B4 A1 A2 B1 GASOLEO GASOLEO TA1-2-GASOLEO TA2-2-GASOLEO) [1]
Pruned:  0: (PUSH-UNITARYPIPE S12 B4 A1 A2 B1 GASOLEO GASOLEO TA1-2-GASOLEO TA2-2-GASOLEO) [1]
Pruned:  0: (PUSH-UNITARYPIPE S12 B4 A1 A2 B1 GASOLEO GASOLEO TA1-2-GASOLEO TA2-2-GASOLEO) [1]
Pruned:  0: (PUSH-UNITARYPIPE S12 B4 A1 A2 B1 GASOLEO GASOLEO TA1-2-GASOLEO TA2-2-GASOLEO) [1]
Pruned:  0: (PUSH-UNITARYPIPE S12 B4 A1 A2 B1 GASOLEO GASOLEO TA1-2-GASOLEO TA2-2-GASOLEO) [1]
Pruned:  0: (PUSH-UNITARYPIPE S12 B4 A1 A2 B1 GASOLEO GASOLEO TA1-2-GASOLEO TA2-2-GASOLEO) [1]
Pruned:  0: (PUSH-UNITARYPIPE S12 B4 A1 A2 B1 GASOLEO GASOLEO TA1-2-GASOLEO TA2-2-GASOLEO) [1]
Pruned:  0: (PUSH-UNITARYPIPE S12 B4 A1 A2 B1 GASOLEO GASOLEO TA1-2-GASOLEO TA2-2-GASOLEO) [1]
Pruned:  0: (PUSH-UNITARYPIPE S12 B4 A1 A2 B1 GASOLEO GASOLEO TA1-2-GASOLEO TA2-2-GASOLEO) [1]
Pruned:  0: (PUSH-UNITARYPIPE S12 B4 A1 A2 B1 GASOLEO GASOLEO TA1-2-GASOLEO TA2-2-GASOLEO) [1]
Pruned:  0: (PUSH-UNITARYPIPE S12 B4 A1 A2 B1 GASOLEO GASOLEO TA1-2-GASOLEO TA2-2-GASOLEO) [1]
Pruned:  0: (PUSH-UNITARYPIPE S12 B4 A1 A2 B1 GASOLEO GASOLEO TA1-2-GASOLEO TA2-2-GASOLEO) [1]
Pruned:  0: (PUSH-UNITARYPIPE S12 B4 A1 A2 B1 GASOLEO GASOLEO TA1-2-GASOLEO TA2-2-GASOLEO) [1]
Pruned:  0: (PUSH-UNITARYPIPE S12 B4 A1 A2 B1 GASOLEO GASOLEO TA1-2-GASOLEO TA2-2-GASOLEO) [1]
Pruned:  0: (PUSH-UNITARYPIPE S12 B4 A1 A2 B1 GASOLEO GASOLEO TA1-2-GASOLEO TA2-2-GASOLEO) [1]
Pruned:  0: (PUSH-UNITARYPIPE S12 B4 A1 A2 B1 GASOLEO GASOLEO TA1-2-GASOLEO TA2-2-GASOLEO) [1]
Pruned:  0: (PUSH-UNITARYPIPE S12 B4 A1 A2 B1 GASOLEO GASOLEO TA1-2-GASOLEO TA2-2-GASOLEO) [1]
Pruned:  0: (PUSH-UNITARYPIPE S12 B4 A1 A2 B1 GASOLEO GASOLEO TA1-2-GASOLEO TA2-2-GASOLEO) [1]
Pruned:  0: (PUSH-UNITARYPIPE S12 B4 A1 A2 B1 GASOLEO GASOLEO TA1-2-GASOLEO TA2-2-GASOLEO) [1]
Pruned:  0: (PUSH-UNITARYPIPE S12 B4 A1 A2 B1 GASOLEO GASOLEO TA1-2-GASOLEO TA2-2-GASOLEO) [1]
Pruned:  0: (PUSH-UNITARYPIPE S12 B4 A1 A2 B1 GASOLEO GASOLEO TA1-2-GASOLEO TA2-2-GASOLEO) [1]
Pruned:  0: (PUSH-UNITARYPIPE S12 B4 A1 A2 B1 GASOLEO GASOLEO TA1-2-GASOLEO TA2-2-GASOLEO) [1]
Pruned:  0: (PUSH-UNITARYPIPE S12 B4 A1 A2 B1 GASOLEO GASOLEO TA1-2-GASOLEO TA2-2-GASOLEO) [1]
Pruned:  0: (PUSH-UNITARYPIPE S12 B4 A1 A2 B1 GASOLEO GASOLEO TA1-2-GASOLEO TA2-2-GASOLEO) [1]
Pruned:  0: (PUSH-UNITARYPIPE S12 B4 A1 A2 B1 GASOLEO GASOLEO TA1-2-GASOLEO TA2-2-GASOLEO) [1]
Pruned:  0: (PUSH-UNITARYPIPE S12 B4 A1 A2 B1 GASOLEO GASOLEO TA1-2-GASOLEO TA2-2-GASOLEO) [1]
Pruned:  0: (PUSH-UNITARYPIPE S12 B4 A1 A2 B1 GASOLEO GASOLEO TA1-2-GASOLEO TA2-2-GASOLEO) [1]
Pruned:  0: (PUSH-UNITARYPIPE S12 B4 A1 A2 B1 GASOLEO GASOLEO TA1-2-GASOLEO TA2-2-GASOLEO) [1]
Pruned:  0: (PUSH-UNITARYPIPE S12 B4 A1 A2 B1 GASOLEO GASOLEO TA1-2-GASOLEO TA2-2-GASOLEO) [1]
Pruned:  0: (PUSH-UNITARYPIPE S12 B4 A1 A2 B1 GASOLEO GASOLEO TA1-2-GASOLEO TA2-2-GASOLEO) [1]
Pruned:  0: (PUSH-UNITARYPIPE S12 B4 A1 A2 B1 GASOLEO GASOLEO TA1-2-GASOLEO TA2-2-GASOLEO) [1]
Pruned:  0: (PUSH-UNITARYPIPE S12 B4 A1 A2 B1 GASOLEO GASOLEO TA1-2-GASOLEO TA2-2-GASOLEO) [1]
Pruned:  0: (PUSH-UNITARYPIPE S12 B4 A1 A2 B1 GASOLEO GASOLEO TA1-2-GASOLEO TA2-2-GASOLEO) [1]
Pruned:  0: (PUSH-UNITARYPIPE S12 B4 A1 A2 B1 GASOLEO GASOLEO TA1-2-GASOLEO TA2-2-GASOLEO) [1]
Pruned:  0: (PUSH-UNITARYPIPE S12 B4 A1 A2 B1 GASOLEO GASOLEO TA1-2-GASOLEO TA2-2-GASOLEO) [1]
Pruned:  0: (PUSH-UNITARYPIPE S12 B4 A1 A2 B1 GASOLEO GASOLEO TA1-2-GASOLEO TA2-2-GASOLEO) [1]
Pruned:  0: (PUSH-UNITARYPIPE S12 B4 A1 A2 B1 GASOLEO GASOLEO TA1-2-GASOLEO TA2-2-GASOLEO) [1]
Pruned:  0: (PUSH-UNITARYPIPE S12 B4 A1 A2 B1 GASOLEO GASOLEO TA1-2-GASOLEO TA2-2-GASOLEO) [1]
Pruned:  0: (PUSH-UNITARYPIPE S12 B4 A1 A2 B1 GASOLEO GASOLEO TA1-2-GASOLEO TA2-2-GASOLEO) [1]
Pruned:  0: (PUSH-UNITARYPIPE S12 B4 A1 A2 B1 GASOLEO GASOLEO TA1-2-GASOLEO TA2-2-GASOLEO) [1]
Pruned:  0: (PUSH-UNITARYPIPE S12 B4 A1 A2 B1 GASOLEO GASOLEO TA1-2-GASOLEO TA2-2-GASOLEO) [1]
Pruned:  0: (PUSH-UNITARYPIPE S12 B4 A1 A2 B1 GASOLEO GASOLEO TA1-2-GASOLEO TA2-2-GASOLEO) [1]
Pruned:  0: (PUSH-UNITARYPIPE S12 B4 A1 A2 B1 GASOLEO GASOLEO TA1-2-GASOLEO TA2-2-GASOLEO) [1]
Pruned:  0: (PUSH-UNITARYPIPE S12 B4 A1 A2 B1 GASOLEO GASOLEO TA1-2-GASOLEO TA2-2-GASOLEO) [1]
Pruned:  0: (PUSH-UNITARYPIPE S12 B4 A1 A2 B1 GASOLEO GASOLEO TA1-2-GASOLEO TA2-2-GASOLEO) [1]
Pruned:  0: (PUSH-UNITARYPIPE S12 B4 A1 A2 B1 GASOLEO GASOLEO TA1-2-GASOLEO TA2-2-GASOLEO) [1]
Pruned:  0: (PUSH-UNITARYPIPE S12 B4 A1 A2 B1 GASOLEO GASOLEO TA1-2-GASOLEO TA2-2-GASOLEO) [1]
Pruned:  0: (PUSH-UNITARYPIPE S12 B4 A1 A2 B1 GASOLEO GASOLEO TA1-2-GASOLEO TA2-2-GASOLEO) [1]
Pruned:  0: (PUSH-UNITARYPIPE S12 B4 A1 A2 B1 GASOLEO GASOLEO TA1-2-GASOLEO TA2-2-GASOLEO) [1]
Pruned:  0: (PUSH-UNITARYPIPE S12 B4 A1 A2 B1 GASOLEO GASOLEO TA1-2-GASOLEO TA2-2-GASOLEO) [1]
Pruned:  0: (PUSH-UNITARYPIPE S12 B4 A1 A2 B1 GASOLEO GASOLEO TA1-2-GASOLEO TA2-2-GASOLEO) [1]
Pruned:  0: (PUSH-UNITARYPIPE S12 B4 A1 A2 B1 GASOLEO GASOLEO TA1-2-GASOLEO TA2-2-GASOLEO) [1]
Pruned:  0: (PUSH-UNITARYPIPE S12 B4 A1 A2 B1 GASOLEO GASOLEO TA1-2-GASOLEO TA2-2-GASOLEO) [1]
Pruned:  0: (PUSH-UNITARYPIPE S12 B4 A1 A2 B1 GASOLEO GASOLEO TA1-2-GASOLEO TA2-2-GASOLEO) [1]
Pruned:  0: (PUSH-UNITARYPIPE S12 B4 A1 A2 B1 GASOLEO GASOLEO TA1-2-GASOLEO TA2-2-GASOLEO) [1]
Pruned:  0: (PUSH-UNITARYPIPE S12 B4 A1 A2 B1 GASOLEO GASOLEO TA1-2-GASOLEO TA2-2-GASOLEO) [1]
Pruned:  0: (PUSH-UNITARYPIPE S12 B4 A1 A2 B1 GASOLEO GASOLEO TA1-2-GASOLEO TA2-2-GASOLEO) [1]
Pruned:  0: (PUSH-UNITARYPIPE S12 B4 A1 A2 B1 GASOLEO GASOLEO TA1-2-GASOLEO TA2-2-GASOLEO) [1]
Pruned:  0: (PUSH-UNITARYPIPE S12 B4 A1 A2 B1 GASOLEO GASOLEO TA1-2-GASOLEO TA2-2-GASOLEO) [1]
Pruned:  0: (PUSH-UNITARYPIPE S12 B4 A1 A2 B1 GASOLEO GASOLEO TA1-2-GASOLEO TA2-2-GASOLEO) [1]
Pruned:  0: (PUSH-UNITARYPIPE S12 B4 A1 A2 B1 GASOLEO GASOLEO TA1-2-GASOLEO TA2-2-GASOLEO) [1]
Pruned:  0: (PUSH-UNITARYPIPE S12 B4 A1 A2 B1 GASOLEO GASOLEO TA1-2-GASOLEO TA2-2-GASOLEO) [1]
Pruned:  0: (PUSH-UNITARYPIPE S12 B4 A1 A2 B1 GASOLEO GASOLEO TA1-2-GASOLEO TA2-2-GASOLEO) [1]
Pruned:  0: (PUSH-UNITARYPIPE S12 B4 A1 A2 B1 GASOLEO GASOLEO TA1-2-GASOLEO TA2-2-GASOLEO) [1]
Pruned:  0: (PUSH-UNITARYPIPE S12 B4 A1 A2 B1 GASOLEO GASOLEO TA1-2-GASOLEO TA2-2-GASOLEO) [1]
Pruned:  0: (PUSH-UNITARYPIPE S12 B4 A1 A2 B1 GASOLEO GASOLEO TA1-2-GASOLEO TA2-2-GASOLEO) [1]
Pruned:  0: (PUSH-UNITARYPIPE S12 B4 A1 A2 B1 GASOLEO GASOLEO TA1-2-GASOLEO TA2-2-GASOLEO) [1]
Pruned:  0: (PUSH-UNITARYPIPE S12 B4 A1 A2 B1 GASOLEO GASOLEO TA1-2-GASOLEO TA2-2-GASOLEO) [1]
Pruned:  0: (PUSH-UNITARYPIPE S12 B4 A1 A2 B1 GASOLEO GASOLEO TA1-2-GASOLEO TA2-2-GASOLEO) [1]
Pruned:  0: (PUSH-UNITARYPIPE S12 B4 A1 A2 B1 GASOLEO GASOLEO TA1-2-GASOLEO TA2-2-GASOLEO) [1]
Pruned:  0: (PUSH-UNITARYPIPE S12 B4 A1 A2 B1 GASOLEO GASOLEO TA1-2-GASOLEO TA2-2-GASOLEO) [1]
Pruned:  0: (PUSH-UNITARYPIPE S12 B4 A1 A2 B1 GASOLEO GASOLEO TA1-2-GASOLEO TA2-2-GASOLEO) [1]
Pruned:  0: (PUSH-UNITARYPIPE S12 B4 A1 A2 B1 GASOLEO GASOLEO TA1-2-GASOLEO TA2-2-GASOLEO) [1]
Pruned:  0: (PUSH-UNITARYPIPE S12 B4 A1 A2 B1 GASOLEO GASOLEO TA1-2-GASOLEO TA2-2-GASOLEO) [1]
Pruned:  0: (PUSH-UNITARYPIPE S12 B4 A1 A2 B1 GASOLEO GASOLEO TA1-2-GASOLEO TA2-2-GASOLEO) [1]
Pruned:  0: (PUSH-UNITARYPIPE S12 B4 A1 A2 B1 GASOLEO GASOLEO TA1-2-GASOLEO TA2-2-GASOLEO) [1]
Pruned:  0: (PUSH-UNITARYPIPE S12 B4 A1 A2 B1 GASOLEO GASOLEO TA1-2-GASOLEO TA2-2-GASOLEO) [1]
Pruned:  0: (PUSH-UNITARYPIPE S12 B4 A1 A2 B1 GASOLEO GASOLEO TA1-2-GASOLEO TA2-2-GASOLEO) [1]
Pruned:  0: (PUSH-UNITARYPIPE S12 B4 A1 A2 B1 GASOLEO GASOLEO TA1-2-GASOLEO TA2-2-GASOLEO) [1]
Pruned:  0: (PUSH-UNITARYPIPE S12 B4 A1 A2 B1 GASOLEO GASOLEO TA1-2-GASOLEO TA2-2-GASOLEO) [1]
Pruned:  0: (PUSH-UNITARYPIPE S12 B4 A1 A2 B1 GASOLEO GASOLEO TA1-2-GASOLEO TA2-2-GASOLEO) [1]
Pruned:  0: (PUSH-UNITARYPIPE S12 B4 A1 A2 B1 GASOLEO GASOLEO TA1-2-GASOLEO TA2-2-GASOLEO) [1]
Pruned:  0: (PUSH-UNITARYPIPE S12 B4 A1 A2 B1 GASOLEO GASOLEO TA1-2-GASOLEO TA2-2-GASOLEO) [1]
Pruned:  0: (PUSH-UNITARYPIPE S12 B4 A1 A2 B1 GASOLEO GASOLEO TA1-2-GASOLEO TA2-2-GASOLEO) [1]
Pruned:  0: (PUSH-UNITARYPIPE S12 B4 A1 A2 B1 GASOLEO GASOLEO TA1-2-GASOLEO TA2-2-GASOLEO) [1]
Pruned:  0: (PUSH-UNITARYPIPE S12 B4 A1 A2 B1 GASOLEO GASOLEO TA1-2-GASOLEO TA2-2-GASOLEO) [1]
Pruned:  0: (PUSH-UNITARYPIPE S12 B4 A1 A2 B1 GASOLEO GASOLEO TA1-2-GASOLEO TA2-2-GASOLEO) [1]
Pruned:  0: (PUSH-UNITARYPIPE S12 B4 A1 A2 B1 GASOLEO GASOLEO TA1-2-GASOLEO TA2-2-GASOLEO) [1]
Pruned:  0: (PUSH-UNITARYPIPE S12 B4 A1 A2 B1 GASOLEO GASOLEO TA1-2-GASOLEO TA2-2-GASOLEO) [1]
Pruned:  0: (PUSH-UNITARYPIPE S12 B4 A1 A2 B1 GASOLEO GASOLEO TA1-2-GASOLEO TA2-2-GASOLEO) [1]
Pruned:  0: (PUSH-UNITARYPIPE S12 B4 A1 A2 B1 GASOLEO GASOLEO TA1-2-GASOLEO TA2-2-GASOLEO) [1]
Pruned:  0: (PUSH-UNITARYPIPE S12 B4 A1 A2 B1 GASOLEO GASOLEO TA1-2-GASOLEO TA2-2-GASOLEO) [1]
Pruned:  0: (PUSH-UNITARYPIPE S12 B4 A1 A2 B1 GASOLEO GASOLEO TA1-2-GASOLEO TA2-2-GASOLEO) [1]
Pruned:  0: (PUSH-UNITARYPIPE S12 B4 A1 A2 B1 GASOLEO GASOLEO TA1-2-GASOLEO TA2-2-GASOLEO) [1]
Pruned:  0: (PUSH-UNITARYPIPE S12 B4 A1 A2 B1 GASOLEO GASOLEO TA1-2-GASOLEO TA2-2-GASOLEO) [1]
Pruned:  0: (PUSH-UNITARYPIPE S12 B4 A1 A2 B1 GASOLEO GASOLEO TA1-2-GASOLEO TA2-2-GASOLEO) [1]
Pruned:  0: (PUSH-UNITARYPIPE S12 B4 A1 A2 B1 GASOLEO GASOLEO TA1-2-GASOLEO TA2-2-GASOLEO) [1]
Pruned:  0: (PUSH-UNITARYPIPE S12 B4 A1 A2 B1 GASOLEO GASOLEO TA1-2-GASOLEO TA2-2-GASOLEO) [1]
Pruned:  0: (PUSH-UNITARYPIPE S12 B4 A1 A2 B1 GASOLEO GASOLEO TA1-2-GASOLEO TA2-2-GASOLEO) [1]
Pruned:  0: (PUSH-UNITARYPIPE S12 B4 A1 A2 B1 GASOLEO GASOLEO TA1-2-GASOLEO TA2-2-GASOLEO) [1]
Pruned:  0: (PUSH-UNITARYPIPE S12 B4 A1 A2 B1 GASOLEO GASOLEO TA1-2-GASOLEO TA2-2-GASOLEO) [1]
Pruned:  0: (PUSH-UNITARYPIPE S12 B4 A1 A2 B1 GASOLEO GASOLEO TA1-2-GASOLEO TA2-2-GASOLEO) [1]
Pruned:  0: (PUSH-UNITARYPIPE S12 B4 A1 A2 B1 GASOLEO GASOLEO TA1-2-GASOLEO TA2-2-GASOLEO) [1]
Pruned:  0: (PUSH-UNITARYPIPE S12 B4 A1 A2 B1 GASOLEO GASOLEO TA1-2-GASOLEO TA2-2-GASOLEO) [1]
Pruned:  0: (PUSH-UNITARYPIPE S12 B4 A1 A2 B1 GASOLEO GASOLEO TA1-2-GASOLEO TA2-2-GASOLEO) [1]
Pruned:  0: (PUSH-UNITARYPIPE S12 B4 A1 A2 B1 GASOLEO GASOLEO TA1-2-GASOLEO TA2-2-GASOLEO) [1]
Pruned:  0: (PUSH-UNITARYPIPE S12 B4 A1 A2 B1 GASOLEO GASOLEO TA1-2-GASOLEO TA2-2-GASOLEO) [1]
Pruned:  0: (PUSH-UNITARYPIPE S12 B4 A1 A2 B1 GASOLEO GASOLEO TA1-2-GASOLEO TA2-2-GASOLEO) [1]
Pruned:  0: (PUSH-UNITARYPIPE S12 B4 A1 A2 B1 GASOLEO GASOLEO TA1-2-GASOLEO TA2-2-GASOLEO) [1]
Pruned:  0: (PUSH-UNITARYPIPE S12 B4 A1 A2 B1 GASOLEO GASOLEO TA1-2-GASOLEO TA2-2-GASOLEO) [1]
Pruned:  0: (PUSH-UNITARYPIPE S12 B4 A1 A2 B1 GASOLEO GASOLEO TA1-2-GASOLEO TA2-2-GASOLEO) [1]
Pruned:  0: (PUSH-UNITARYPIPE S12 B4 A1 A2 B1 GASOLEO GASOLEO TA1-2-GASOLEO TA2-2-GASOLEO) [1]
Pruned:  0: (PUSH-UNITARYPIPE S12 B4 A1 A2 B1 GASOLEO GASOLEO TA1-2-GASOLEO TA2-2-GASOLEO) [1]
Pruned:  0: (PUSH-UNITARYPIPE S12 B4 A1 A2 B1 GASOLEO GASOLEO TA1-2-GASOLEO TA2-2-GASOLEO) [1]
Pruned:  0: (PUSH-UNITARYPIPE S12 B4 A1 A2 B1 GASOLEO GASOLEO TA1-2-GASOLEO TA2-2-GASOLEO) [1]
Pruned:  0: (PUSH-UNITARYPIPE S12 B4 A1 A2 B1 GASOLEO GASOLEO TA1-2-GASOLEO TA2-2-GASOLEO) [1]
Pruned:  0: (PUSH-UNITARYPIPE S12 B4 A1 A2 B1 GASOLEO GASOLEO TA1-2-GASOLEO TA2-2-GASOLEO) [1]
Pruned:  0: (PUSH-UNITARYPIPE S12 B4 A1 A2 B1 GASOLEO GASOLEO TA1-2-GASOLEO TA2-2-GASOLEO) [1]
Pruned:  0: (PUSH-UNITARYPIPE S12 B4 A1 A2 B1 GASOLEO GASOLEO TA1-2-GASOLEO TA2-2-GASOLEO) [1]
Pruned:  0: (PUSH-UNITARYPIPE S12 B4 A1 A2 B1 GASOLEO GASOLEO TA1-2-GASOLEO TA2-2-GASOLEO) [1]
Pruned:  0: (PUSH-UNITARYPIPE S12 B4 A1 A2 B1 GASOLEO GASOLEO TA1-2-GASOLEO TA2-2-GASOLEO) [1]
Pruned:  0: (PUSH-UNITARYPIPE S12 B4 A1 A2 B1 GASOLEO GASOLEO TA1-2-GASOLEO TA2-2-GASOLEO) [1]
Pruned:  0: (PUSH-UNITARYPIPE S12 B4 A1 A2 B1 GASOLEO GASOLEO TA1-2-GASOLEO TA2-2-GASOLEO) [1]
Pruned:  0: (PUSH-UNITARYPIPE S12 B4 A1 A2 B1 GASOLEO GASOLEO TA1-2-GASOLEO TA2-2-GASOLEO) [1]
Pruned:  0: (PUSH-UNITARYPIPE S12 B4 A1 A2 B1 GASOLEO GASOLEO TA1-2-GASOLEO TA2-2-GASOLEO) [1]
Pruned:  0: (PUSH-UNITARYPIPE S12 B4 A1 A2 B1 GASOLEO GASOLEO TA1-2-GASOLEO TA2-2-GASOLEO) [1]
Pruned:  0: (PUSH-UNITARYPIPE S12 B4 A1 A2 B1 GASOLEO GASOLEO TA1-2-GASOLEO TA2-2-GASOLEO) [1]
Pruned:  0: (PUSH-UNITARYPIPE S12 B4 A1 A2 B1 GASOLEO GASOLEO TA1-2-GASOLEO TA2-2-GASOLEO) [1]
Pruned:  0: (PUSH-UNITARYPIPE S12 B4 A1 A2 B1 GASOLEO GASOLEO TA1-2-GASOLEO TA2-2-GASOLEO) [1]
Pruned:  0: (PUSH-UNITARYPIPE S12 B4 A1 A2 B1 GASOLEO GASOLEO TA1-2-GASOLEO TA2-2-GASOLEO) [1]
Pruned:  0: (PUSH-UNITARYPIPE S12 B4 A1 A2 B1 GASOLEO GASOLEO TA1-2-GASOLEO TA2-2-GASOLEO) [1]
Pruned:  0: (PUSH-UNITARYPIPE S12 B4 A1 A2 B1 GASOLEO GASOLEO TA1-2-GASOLEO TA2-2-GASOLEO) [1]
Pruned:  0: (PUSH-UNITARYPIPE S12 B4 A1 A2 B1 GASOLEO GASOLEO TA1-2-GASOLEO TA2-2-GASOLEO) [1]
Pruned:  0: (PUSH-UNITARYPIPE S12 B4 A1 A2 B1 GASOLEO GASOLEO TA1-2-GASOLEO TA2-2-GASOLEO) [1]
Pruned:  0: (PUSH-UNITARYPIPE S12 B4 A1 A2 B1 GASOLEO GASOLEO TA1-2-GASOLEO TA2-2-GASOLEO) [1]
Pruned:  0: (PUSH-UNITARYPIPE S12 B4 A1 A2 B1 GASOLEO GASOLEO TA1-2-GASOLEO TA2-2-GASOLEO) [1]
Pruned:  0: (PUSH-UNITARYPIPE S12 B4 A1 A2 B1 GASOLEO GASOLEO TA1-2-GASOLEO TA2-2-GASOLEO) [1]
Pruned:  0: (PUSH-UNITARYPIPE S12 B4 A1 A2 B1 GASOLEO GASOLEO TA1-2-GASOLEO TA2-2-GASOLEO) [1]
Pruned:  0: (PUSH-UNITARYPIPE S12 B4 A1 A2 B1 GASOLEO GASOLEO TA1-2-GASOLEO TA2-2-GASOLEO) [1]
Pruned:  0: (PUSH-UNITARYPIPE S12 B4 A1 A2 B1 GASOLEO GASOLEO TA1-2-GASOLEO TA2-2-GASOLEO) [1]
Pruned:  0: (PUSH-UNITARYPIPE S12 B4 A1 A2 B1 GASOLEO GASOLEO TA1-2-GASOLEO TA2-2-GASOLEO) [1]
Pruned:  0: (PUSH-UNITARYPIPE S12 B4 A1 A2 B1 GASOLEO GASOLEO TA1-2-GASOLEO TA2-2-GASOLEO) [1]
Pruned:  0: (PUSH-UNITARYPIPE S12 B4 A1 A2 B1 GASOLEO GASOLEO TA1-2-GASOLEO TA2-2-GASOLEO) [1]
Pruned:  0: (PUSH-UNITARYPIPE S12 B4 A1 A2 B1 GASOLEO GASOLEO TA1-2-GASOLEO TA2-2-GASOLEO) [1]
Pruned:  0: (PUSH-UNITARYPIPE S12 B4 A1 A2 B1 GASOLEO GASOLEO TA1-2-GASOLEO TA2-2-GASOLEO) [1]
Pruned:  0: (PUSH-UNITARYPIPE S12 B4 A1 A2 B1 GASOLEO GASOLEO TA1-2-GASOLEO TA2-2-GASOLEO) [1]
Pruned:  0: (PUSH-UNITARYPIPE S12 B4 A1 A2 B1 GASOLEO GASOLEO TA1-2-GASOLEO TA2-2-GASOLEO) [1]
Pruned:  0: (PUSH-UNITARYPIPE S12 B4 A1 A2 B1 GASOLEO GASOLEO TA1-2-GASOLEO TA2-2-GASOLEO) [1]
Pruned:  0: (PUSH-UNITARYPIPE S12 B4 A1 A2 B1 GASOLEO GASOLEO TA1-2-GASOLEO TA2-2-GASOLEO) [1]
Pruned:  0: (PUSH-UNITARYPIPE S12 B4 A1 A2 B1 GASOLEO GASOLEO TA1-2-GASOLEO TA2-2-GASOLEO) [1]
Pruned:  0: (PUSH-UNITARYPIPE S12 B4 A1 A2 B1 GASOLEO GASOLEO TA1-2-GASOLEO TA2-2-GASOLEO) [1]
Pruned:  0: (PUSH-UNITARYPIPE S12 B4 A1 A2 B1 GASOLEO GASOLEO TA1-2-GASOLEO TA2-2-GASOLEO) [1]
Pruned:  0: (PUSH-UNITARYPIPE S12 B4 A1 A2 B1 GASOLEO GASOLEO TA1-2-GASOLEO TA2-2-GASOLEO) [1]
Pruned:  0: (PUSH-UNITARYPIPE S12 B4 A1 A2 B1 GASOLEO GASOLEO TA1-2-GASOLEO TA2-2-GASOLEO) [1]
Pruned:  0: (PUSH-UNITARYPIPE S12 B4 A1 A2 B1 GASOLEO GASOLEO TA1-2-GASOLEO TA2-2-GASOLEO) [1]
Pruned:  0: (PUSH-UNITARYPIPE S12 B4 A1 A2 B1 GASOLEO GASOLEO TA1-2-GASOLEO TA2-2-GASOLEO) [1]
Pruned:  0: (PUSH-UNITARYPIPE S12 B4 A1 A2 B1 GASOLEO GASOLEO TA1-2-GASOLEO TA2-2-GASOLEO) [1]
Pruned:  0: (PUSH-UNITARYPIPE S12 B4 A1 A2 B1 GASOLEO GASOLEO TA1-2-GASOLEO TA2-2-GASOLEO) [1]
Pruned:  0: (PUSH-UNITARYPIPE S12 B4 A1 A2 B1 GASOLEO GASOLEO TA1-2-GASOLEO TA2-2-GASOLEO) [1]
Pruned:  0: (PUSH-UNITARYPIPE S12 B4 A1 A2 B1 GASOLEO GASOLEO TA1-2-GASOLEO TA2-2-GASOLEO) [1]
Pruned:  0: (PUSH-UNITARYPIPE S12 B4 A1 A2 B1 GASOLEO GASOLEO TA1-2-GASOLEO TA2-2-GASOLEO) [1]
Pruned:  0: (PUSH-UNITARYPIPE S12 B4 A1 A2 B1 GASOLEO GASOLEO TA1-2-GASOLEO TA2-2-GASOLEO) [1]
Pruned:  0: (PUSH-UNITARYPIPE S12 B4 A1 A2 B1 GASOLEO GASOLEO TA1-2-GASOLEO TA2-2-GASOLEO) [1]
Pruned:  0: (PUSH-UNITARYPIPE S12 B4 A1 A2 B1 GASOLEO GASOLEO TA1-2-GASOLEO TA2-2-GASOLEO) [1]
Pruned:  0: (PUSH-UNITARYPIPE S12 B4 A1 A2 B1 GASOLEO GASOLEO TA1-2-GASOLEO TA2-2-GASOLEO) [1]
Pruned:  0: (PUSH-UNITARYPIPE S12 B4 A1 A2 B1 GASOLEO GASOLEO TA1-2-GASOLEO TA2-2-GASOLEO) [1]
Pruned:  0: (PUSH-UNITARYPIPE S12 B4 A1 A2 B1 GASOLEO GASOLEO TA1-2-GASOLEO TA2-2-GASOLEO) [1]
Pruned:  0: (PUSH-UNITARYPIPE S12 B4 A1 A2 B1 GASOLEO GASOLEO TA1-2-GASOLEO TA2-2-GASOLEO) [1]
---SatPlan Version: 1.1
***SAT!***

Solved in 6 layers

Real Time: = 0.28
User Time: = 0.18
Syst Time: = 0.07

__MEMKB 13824
