---SatPlan Version: 1.1

bb: parsing domain file
domain 'PIPESWORLD_STRIPS' defined
 ... done.
bb: parsing problem file
problem 'P12-NET2-B10-G4_RT0_INSTANCE' defined
 ... done.


time:   0,    32 facts and       0 exclusive pairs
              44 ops   and      91 exclusive pairs
time:   1,    58 facts and     197 exclusive pairs

creating thin gp-based encoding...
plan graph layer 0...
plan graph layer 1...
goal constraints...

goal fact not coded - level too low??


bb: parsing domain file
domain 'PIPESWORLD_STRIPS' defined
 ... done.
bb: parsing problem file
problem 'P12-NET2-B10-G4_RT0_INSTANCE' defined
 ... done.


time:   0,    32 facts and       0 exclusive pairs
              44 ops   and      91 exclusive pairs
time:   1,    58 facts and     197 exclusive pairs
              86 ops   and     837 exclusive pairs
time:   2,    74 facts and     340 exclusive pairs

creating thin gp-based encoding...
plan graph layer 0...
plan graph layer 1...
plan graph layer 2...
goal constraints...

goal fact not coded - level too low??


bb: parsing domain file
domain 'PIPESWORLD_STRIPS' defined
 ... done.
bb: parsing problem file
problem 'P12-NET2-B10-G4_RT0_INSTANCE' defined
 ... done.


time:   0,    32 facts and       0 exclusive pairs
              44 ops   and      91 exclusive pairs
time:   1,    58 facts and     197 exclusive pairs
              86 ops   and     837 exclusive pairs
time:   2,    74 facts and     340 exclusive pairs
             185 ops   and    7368 exclusive pairs
time:   3,   100 facts and     918 exclusive pairs

creating thin gp-based encoding...
plan graph layer 0...
plan graph layer 1...
plan graph layer 2...
plan graph layer 3...
goal constraints...

goal fact not coded - level too low??


bb: parsing domain file
domain 'PIPESWORLD_STRIPS' defined
 ... done.
bb: parsing problem file
problem 'P12-NET2-B10-G4_RT0_INSTANCE' defined
 ... done.


time:   0,    32 facts and       0 exclusive pairs
              44 ops   and      91 exclusive pairs
time:   1,    58 facts and     197 exclusive pairs
              86 ops   and     837 exclusive pairs
time:   2,    74 facts and     340 exclusive pairs
             185 ops   and    7368 exclusive pairs
time:   3,   100 facts and     918 exclusive pairs
             328 ops   and   27901 exclusive pairs
time:   4,   118 facts and    1194 exclusive pairs

creating thin gp-based encoding...
plan graph layer 0...
plan graph layer 1...
plan graph layer 2...
plan graph layer 3...
plan graph layer 4...
goal constraints...

goal fact not coded - level too low??


bb: parsing domain file
domain 'PIPESWORLD_STRIPS' defined
 ... done.
bb: parsing problem file
problem 'P12-NET2-B10-G4_RT0_INSTANCE' defined
 ... done.


time:   0,    32 facts and       0 exclusive pairs
              44 ops   and      91 exclusive pairs
time:   1,    58 facts and     197 exclusive pairs
              86 ops   and     837 exclusive pairs
time:   2,    74 facts and     340 exclusive pairs
             185 ops   and    7368 exclusive pairs
time:   3,   100 facts and     918 exclusive pairs
             328 ops   and   27901 exclusive pairs
time:   4,   118 facts and    1194 exclusive pairs
             557 ops   and   97001 exclusive pairs
time:   5,   138 facts and    1759 exclusive pairs

creating thin gp-based encoding...
plan graph layer 0...
plan graph layer 1...
plan graph layer 2...
plan graph layer 3...
plan graph layer 4...
plan graph layer 5...
goal constraints...

goal fact not coded - level too low??


bb: parsing domain file
domain 'PIPESWORLD_STRIPS' defined
 ... done.
bb: parsing problem file
problem 'P12-NET2-B10-G4_RT0_INSTANCE' defined
 ... done.


time:   0,    32 facts and       0 exclusive pairs
              44 ops   and      91 exclusive pairs
time:   1,    58 facts and     197 exclusive pairs
              86 ops   and     837 exclusive pairs
time:   2,    74 facts and     340 exclusive pairs
             185 ops   and    7368 exclusive pairs
time:   3,   100 facts and     918 exclusive pairs
             328 ops   and   27901 exclusive pairs
time:   4,   118 facts and    1194 exclusive pairs
             557 ops   and   97001 exclusive pairs
time:   5,   138 facts and    1759 exclusive pairs
            1021 ops   and  356047 exclusive pairs
time:   6,   159 facts and    2414 exclusive pairs

creating thin gp-based encoding...
plan graph layer 0...
plan graph layer 1...
plan graph layer 2...
plan graph layer 3...
plan graph layer 4...
plan graph layer 5...
plan graph layer 6...
goal constraints...

goal fact not coded - level too low??


bb: parsing domain file
domain 'PIPESWORLD_STRIPS' defined
 ... done.
bb: parsing problem file
problem 'P12-NET2-B10-G4_RT0_INSTANCE' defined
 ... done.


time:   0,    32 facts and       0 exclusive pairs
              44 ops   and      91 exclusive pairs
time:   1,    58 facts and     197 exclusive pairs
              86 ops   and     837 exclusive pairs
time:   2,    74 facts and     340 exclusive pairs
             185 ops   and    7368 exclusive pairs
time:   3,   100 facts and     918 exclusive pairs
             328 ops   and   27901 exclusive pairs
time:   4,   118 facts and    1194 exclusive pairs
             557 ops   and   97001 exclusive pairs
time:   5,   138 facts and    1759 exclusive pairs
            1021 ops   and  356047 exclusive pairs
time:   6,   159 facts and    2414 exclusive pairs
            1421 ops   and  708626 exclusive pairs
time:   7,   184 facts and    3494 exclusive pairs

creating thin gp-based encoding...
plan graph layer 0...
plan graph layer 1...
plan graph layer 2...
plan graph layer 3...
plan graph layer 4...
plan graph layer 5...
plan graph layer 6...
plan graph layer 7...
goal constraints...

goal fact not coded - level too low??


bb: parsing domain file
domain 'PIPESWORLD_STRIPS' defined
 ... done.
bb: parsing problem file
problem 'P12-NET2-B10-G4_RT0_INSTANCE' defined
 ... done.


time:   0,    32 facts and       0 exclusive pairs
              44 ops   and      91 exclusive pairs
time:   1,    58 facts and     197 exclusive pairs
              86 ops   and     837 exclusive pairs
time:   2,    74 facts and     340 exclusive pairs
             185 ops   and    7368 exclusive pairs
time:   3,   100 facts and     918 exclusive pairs
             328 ops   and   27901 exclusive pairs
time:   4,   118 facts and    1194 exclusive pairs
             557 ops   and   97001 exclusive pairs
time:   5,   138 facts and    1759 exclusive pairs
            1021 ops   and  356047 exclusive pairs
time:   6,   159 facts and    2414 exclusive pairs
            1421 ops   and  708626 exclusive pairs
time:   7,   184 facts and    3494 exclusive pairs
            1944 ops   and 1317115 exclusive pairs
time:   8,   196 facts and    2844 exclusive pairs

creating thin gp-based encoding...
plan graph layer 0...
plan graph layer 1...
plan graph layer 2...
plan graph layer 3...
plan graph layer 4...
plan graph layer 5...
plan graph layer 6...
plan graph layer 7...
plan graph layer 8...
goal constraints...
exclusion constraints layer 0...
exclusion constraints layer 1...
exclusion constraints layer 2...
exclusion constraints layer 3...
exclusion constraints layer 4...
exclusion constraints layer 5...
exclusion constraints layer 6...
exclusion constraints layer 7...
exclusion constraints layer 8...

DECISION LAYER 8, WRITING THIN GP-BASED ENCODING WITH 6645 VARS, 1485105 CLAUSES.

time spent:    0.00 seconds instantiating 2880 action templates
               0.00 seconds reachability analysis, yielding 212 facts and 2880 actions
               0.00 seconds collecting 212 relevant facts
               0.00 seconds building connectivity graph
               0.00 seconds building (std) graph
               0.36 seconds CNF output time
               0.36 seconds total planner time (solving not included)


***Solving***


[ filemap ]
[ extract ]

variables : 6645
pure lits : 222

1-clauses : 6
2-clauses : 1484216
3-clauses : 91
n-clauses : 792
discarded : 0

[ solve ]


unsatisfiable                             

[ stats ]

decisions : 3005
conflicts : 75
time : ~0.01

***UNSAT***


bb: parsing domain file
domain 'PIPESWORLD_STRIPS' defined
 ... done.
bb: parsing problem file
problem 'P12-NET2-B10-G4_RT0_INSTANCE' defined
 ... done.


time:   0,    32 facts and       0 exclusive pairs
              44 ops   and      91 exclusive pairs
time:   1,    58 facts and     197 exclusive pairs
              86 ops   and     837 exclusive pairs
time:   2,    74 facts and     340 exclusive pairs
             185 ops   and    7368 exclusive pairs
time:   3,   100 facts and     918 exclusive pairs
             328 ops   and   27901 exclusive pairs
time:   4,   118 facts and    1194 exclusive pairs
             557 ops   and   97001 exclusive pairs
time:   5,   138 facts and    1759 exclusive pairs
            1021 ops   and  356047 exclusive pairs
time:   6,   159 facts and    2414 exclusive pairs
            1421 ops   and  708626 exclusive pairs
time:   7,   184 facts and    3494 exclusive pairs
            1944 ops   and 1317115 exclusive pairs
time:   8,   196 facts and    2844 exclusive pairs
            2442 ops   and 1956225 exclusive pairs
time:   9,   197 facts and    2048 exclusive pairs

creating thin gp-based encoding...
plan graph layer 0...
plan graph layer 1...
plan graph layer 2...
plan graph layer 3...
plan graph layer 4...
plan graph layer 5...
plan graph layer 6...
plan graph layer 7...
plan graph layer 8...
plan graph layer 9...
goal constraints...
exclusion constraints layer 0...
exclusion constraints layer 1...
exclusion constraints layer 2...
exclusion constraints layer 3...
exclusion constraints layer 4...
exclusion constraints layer 5...
exclusion constraints layer 6...
exclusion constraints layer 7...
exclusion constraints layer 8...
exclusion constraints layer 9...

DECISION LAYER 9, WRITING THIN GP-BASED ENCODING WITH 9284 VARS, 2702491 CLAUSES.

time spent:    0.00 seconds instantiating 2880 action templates
               0.00 seconds reachability analysis, yielding 212 facts and 2880 actions
               0.00 seconds collecting 212 relevant facts
               0.00 seconds building connectivity graph
               0.00 seconds building (std) graph
               0.65 seconds CNF output time
               0.65 seconds total planner time (solving not included)


***Solving***


[ filemap ]
[ extract ]

variables : 9284
pure lits : 223

1-clauses : 6
2-clauses : 2701405
3-clauses : 91
n-clauses : 989
discarded : 0

[ solve ]


unsatisfiable                             

[ stats ]

decisions : 9412
conflicts : 735
time : ~0.02

***UNSAT***


bb: parsing domain file
domain 'PIPESWORLD_STRIPS' defined
 ... done.
bb: parsing problem file
problem 'P12-NET2-B10-G4_RT0_INSTANCE' defined
 ... done.


time:   0,    32 facts and       0 exclusive pairs
              44 ops   and      91 exclusive pairs
time:   1,    58 facts and     197 exclusive pairs
              86 ops   and     837 exclusive pairs
time:   2,    74 facts and     340 exclusive pairs
             185 ops   and    7368 exclusive pairs
time:   3,   100 facts and     918 exclusive pairs
             328 ops   and   27901 exclusive pairs
time:   4,   118 facts and    1194 exclusive pairs
             557 ops   and   97001 exclusive pairs
time:   5,   138 facts and    1759 exclusive pairs
            1021 ops   and  356047 exclusive pairs
time:   6,   159 facts and    2414 exclusive pairs
            1421 ops   and  708626 exclusive pairs
time:   7,   184 facts and    3494 exclusive pairs
            1944 ops   and 1317115 exclusive pairs
time:   8,   196 facts and    2844 exclusive pairs
            2442 ops   and 1956225 exclusive pairs
time:   9,   197 facts and    2048 exclusive pairs
            2654 ops   and 2224793 exclusive pairs
time:  10,   201 facts and    2049 exclusive pairs

creating thin gp-based encoding...
plan graph layer 0...
plan graph layer 1...
plan graph layer 2...
plan graph layer 3...
plan graph layer 4...
plan graph layer 5...
plan graph layer 6...
plan graph layer 7...
plan graph layer 8...
plan graph layer 9...
plan graph layer 10...
goal constraints...
exclusion constraints layer 0...
exclusion constraints layer 1...
exclusion constraints layer 2...
exclusion constraints layer 3...
exclusion constraints layer 4...
exclusion constraints layer 5...
exclusion constraints layer 6...
exclusion constraints layer 7...
exclusion constraints layer 8...
exclusion constraints layer 9...
exclusion constraints layer 10...

DECISION LAYER 10, WRITING THIN GP-BASED ENCODING WITH 12139 VARS, 4128939 CLAUSES.

time spent:    0.00 seconds instantiating 2880 action templates
               0.00 seconds reachability analysis, yielding 212 facts and 2880 actions
               0.00 seconds collecting 212 relevant facts
               0.00 seconds building connectivity graph
               0.00 seconds building (std) graph
               0.97 seconds CNF output time
               0.97 seconds total planner time (solving not included)


***Solving***


[ filemap ]
[ extract ]

variables : 12139
pure lits : 227

1-clauses : 6
2-clauses : 4127652
3-clauses : 91
n-clauses : 1190
discarded : 0

[ solve ]


unsatisfiable                             

[ stats ]

decisions : 66082
conflicts : 3986
time : ~0.175

***UNSAT***


bb: parsing domain file
domain 'PIPESWORLD_STRIPS' defined
 ... done.
bb: parsing problem file
problem 'P12-NET2-B10-G4_RT0_INSTANCE' defined
 ... done.


time:   0,    32 facts and       0 exclusive pairs
              44 ops   and      91 exclusive pairs
time:   1,    58 facts and     197 exclusive pairs
              86 ops   and     837 exclusive pairs
time:   2,    74 facts and     340 exclusive pairs
             185 ops   and    7368 exclusive pairs
time:   3,   100 facts and     918 exclusive pairs
             328 ops   and   27901 exclusive pairs
time:   4,   118 facts and    1194 exclusive pairs
             557 ops   and   97001 exclusive pairs
time:   5,   138 facts and    1759 exclusive pairs
            1021 ops   and  356047 exclusive pairs
time:   6,   159 facts and    2414 exclusive pairs
            1421 ops   and  708626 exclusive pairs
time:   7,   184 facts and    3494 exclusive pairs
            1944 ops   and 1317115 exclusive pairs
time:   8,   196 facts and    2844 exclusive pairs
            2442 ops   and 1956225 exclusive pairs
time:   9,   197 facts and    2048 exclusive pairs
            2654 ops   and 2224793 exclusive pairs
time:  10,   201 facts and    2049 exclusive pairs
            2757 ops   and 2394079 exclusive pairs
time:  11,   202 facts and    2058 exclusive pairs

creating thin gp-based encoding...
plan graph layer 0...
plan graph layer 1...
plan graph layer 2...
plan graph layer 3...
plan graph layer 4...
plan graph layer 5...
plan graph layer 6...
plan graph layer 7...
plan graph layer 8...
plan graph layer 9...
plan graph layer 10...
plan graph layer 11...
goal constraints...
exclusion constraints layer 0...
exclusion constraints layer 1...
exclusion constraints layer 2...
exclusion constraints layer 3...
exclusion constraints layer 4...
exclusion constraints layer 5...
exclusion constraints layer 6...
exclusion constraints layer 7...
exclusion constraints layer 8...
exclusion constraints layer 9...
exclusion constraints layer 10...
exclusion constraints layer 11...

DECISION LAYER 11, WRITING THIN GP-BASED ENCODING WITH 15098 VARS, 5662282 CLAUSES.

time spent:    0.00 seconds instantiating 2880 action templates
               0.00 seconds reachability analysis, yielding 212 facts and 2880 actions
               0.00 seconds collecting 212 relevant facts
               0.00 seconds building connectivity graph
               0.00 seconds building (std) graph
               1.31 seconds CNF output time
               1.31 seconds total planner time (solving not included)


***Solving***


[ filemap ]
[ extract ]

variables : 15098
pure lits : 228

1-clauses : 6
2-clauses : 5660793
3-clauses : 91
n-clauses : 1392
discarded : 0

[ solve ]


unsatisfiable                             

[ stats ]

decisions : 252559
conflicts : 32394
time : ~3.06

***UNSAT***


bb: parsing domain file
domain 'PIPESWORLD_STRIPS' defined
 ... done.
bb: parsing problem file
problem 'P12-NET2-B10-G4_RT0_INSTANCE' defined
 ... done.


time:   0,    32 facts and       0 exclusive pairs
              44 ops   and      91 exclusive pairs
time:   1,    58 facts and     197 exclusive pairs
              86 ops   and     837 exclusive pairs
time:   2,    74 facts and     340 exclusive pairs
             185 ops   and    7368 exclusive pairs
time:   3,   100 facts and     918 exclusive pairs
             328 ops   and   27901 exclusive pairs
time:   4,   118 facts and    1194 exclusive pairs
             557 ops   and   97001 exclusive pairs
time:   5,   138 facts and    1759 exclusive pairs
            1021 ops   and  356047 exclusive pairs
time:   6,   159 facts and    2414 exclusive pairs
            1421 ops   and  708626 exclusive pairs
time:   7,   184 facts and    3494 exclusive pairs
            1944 ops   and 1317115 exclusive pairs
time:   8,   196 facts and    2844 exclusive pairs
            2442 ops   and 1956225 exclusive pairs
time:   9,   197 facts and    2048 exclusive pairs
            2654 ops   and 2224793 exclusive pairs
time:  10,   201 facts and    2049 exclusive pairs
            2757 ops   and 2394079 exclusive pairs
time:  11,   202 facts and    2058 exclusive pairs
            2794 ops   and 2454488 exclusive pairs
time:  12,   202 facts and    2051 exclusive pairs

creating thin gp-based encoding...
plan graph layer 0...
plan graph layer 1...
plan graph layer 2...
plan graph layer 3...
plan graph layer 4...
plan graph layer 5...
plan graph layer 6...
plan graph layer 7...
plan graph layer 8...
plan graph layer 9...
plan graph layer 10...
plan graph layer 11...
plan graph layer 12...
goal constraints...
exclusion constraints layer 0...
exclusion constraints layer 1...
exclusion constraints layer 2...
exclusion constraints layer 3...
exclusion constraints layer 4...
exclusion constraints layer 5...
exclusion constraints layer 6...
exclusion constraints layer 7...
exclusion constraints layer 8...
exclusion constraints layer 9...
exclusion constraints layer 10...
exclusion constraints layer 11...
exclusion constraints layer 12...

DECISION LAYER 12, WRITING THIN GP-BASED ENCODING WITH 18094 VARS, 7242257 CLAUSES.

time spent:    0.00 seconds instantiating 2880 action templates
               0.00 seconds reachability analysis, yielding 212 facts and 2880 actions
               0.00 seconds collecting 212 relevant facts
               0.00 seconds building connectivity graph
               0.00 seconds building (std) graph
               1.65 seconds CNF output time
               1.65 seconds total planner time (solving not included)


***Solving***


[ filemap ]
[ extract ]

variables : 18094
pure lits : 228

1-clauses : 6
2-clauses : 7240566
3-clauses : 91
n-clauses : 1594
discarded : 0

[ solve ]


unsatisfiable                             

[ stats ]

decisions : 395829
conflicts : 51799
time : ~6.704

***UNSAT***


bb: parsing domain file
domain 'PIPESWORLD_STRIPS' defined
 ... done.
bb: parsing problem file
problem 'P12-NET2-B10-G4_RT0_INSTANCE' defined
 ... done.


time:   0,    32 facts and       0 exclusive pairs
              44 ops   and      91 exclusive pairs
time:   1,    58 facts and     197 exclusive pairs
              86 ops   and     837 exclusive pairs
time:   2,    74 facts and     340 exclusive pairs
             185 ops   and    7368 exclusive pairs
time:   3,   100 facts and     918 exclusive pairs
             328 ops   and   27901 exclusive pairs
time:   4,   118 facts and    1194 exclusive pairs
             557 ops   and   97001 exclusive pairs
time:   5,   138 facts and    1759 exclusive pairs
            1021 ops   and  356047 exclusive pairs
time:   6,   159 facts and    2414 exclusive pairs
            1421 ops   and  708626 exclusive pairs
time:   7,   184 facts and    3494 exclusive pairs
            1944 ops   and 1317115 exclusive pairs
time:   8,   196 facts and    2844 exclusive pairs
            2442 ops   and 1956225 exclusive pairs
time:   9,   197 facts and    2048 exclusive pairs
            2654 ops   and 2224793 exclusive pairs
time:  10,   201 facts and    2049 exclusive pairs
            2757 ops   and 2394079 exclusive pairs
time:  11,   202 facts and    2058 exclusive pairs
            2794 ops   and 2454488 exclusive pairs
time:  12,   202 facts and    2051 exclusive pairs
graph has leveled off at time step 13


            2794 ops   and 2453235 exclusive pairs
time:  13,   202 facts and    2051 exclusive pairs

creating thin gp-based encoding...
plan graph layer 0...
plan graph layer 1...
plan graph layer 2...
plan graph layer 3...
plan graph layer 4...
plan graph layer 5...
plan graph layer 6...
plan graph layer 7...
plan graph layer 8...
plan graph layer 9...
plan graph layer 10...
plan graph layer 11...
plan graph layer 12...
plan graph layer 13...
goal constraints...
exclusion constraints layer 0...
exclusion constraints layer 1...
exclusion constraints layer 2...
exclusion constraints layer 3...
exclusion constraints layer 4...
exclusion constraints layer 5...
exclusion constraints layer 6...
exclusion constraints layer 7...
exclusion constraints layer 8...
exclusion constraints layer 9...
exclusion constraints layer 10...
exclusion constraints layer 11...
exclusion constraints layer 12...
exclusion constraints layer 13...

DECISION LAYER 13, WRITING THIN GP-BASED ENCODING WITH 21090 VARS, 8822232 CLAUSES.

time spent:    0.00 seconds instantiating 2880 action templates
               0.00 seconds reachability analysis, yielding 212 facts and 2880 actions
               0.00 seconds collecting 212 relevant facts
               0.00 seconds building connectivity graph
               0.00 seconds building (std) graph
               1.97 seconds CNF output time
               1.97 seconds total planner time (solving not included)


***Solving***


[ filemap ]
[ extract ]

variables : 21090
pure lits : 228

1-clauses : 6
2-clauses : 8820339
3-clauses : 91
n-clauses : 1796
discarded : 0

[ solve ]


unsatisfiable                             

[ stats ]

decisions : 446405
conflicts : 62605
time : ~7.816

***UNSAT***


bb: parsing domain file
domain 'PIPESWORLD_STRIPS' defined
 ... done.
bb: parsing problem file
problem 'P12-NET2-B10-G4_RT0_INSTANCE' defined
 ... done.


time:   0,    32 facts and       0 exclusive pairs
              44 ops   and      91 exclusive pairs
time:   1,    58 facts and     197 exclusive pairs
              86 ops   and     837 exclusive pairs
time:   2,    74 facts and     340 exclusive pairs
             185 ops   and    7368 exclusive pairs
time:   3,   100 facts and     918 exclusive pairs
             328 ops   and   27901 exclusive pairs
time:   4,   118 facts and    1194 exclusive pairs
             557 ops   and   97001 exclusive pairs
time:   5,   138 facts and    1759 exclusive pairs
            1021 ops   and  356047 exclusive pairs
time:   6,   159 facts and    2414 exclusive pairs
            1421 ops   and  708626 exclusive pairs
time:   7,   184 facts and    3494 exclusive pairs
            1944 ops   and 1317115 exclusive pairs
time:   8,   196 facts and    2844 exclusive pairs
            2442 ops   and 1956225 exclusive pairs
time:   9,   197 facts and    2048 exclusive pairs
            2654 ops   and 2224793 exclusive pairs
time:  10,   201 facts and    2049 exclusive pairs
            2757 ops   and 2394079 exclusive pairs
time:  11,   202 facts and    2058 exclusive pairs
            2794 ops   and 2454488 exclusive pairs
time:  12,   202 facts and    2051 exclusive pairs
graph has leveled off at time step 13


            2794 ops   and 2453235 exclusive pairs
time:  13,   202 facts and    2051 exclusive pairs
            2794 ops   and 2453235 exclusive pairs
time:  14,   202 facts and    2051 exclusive pairs

creating thin gp-based encoding...
plan graph layer 0...
plan graph layer 1...
plan graph layer 2...
plan graph layer 3...
plan graph layer 4...
plan graph layer 5...
plan graph layer 6...
plan graph layer 7...
plan graph layer 8...
plan graph layer 9...
plan graph layer 10...
plan graph layer 11...
plan graph layer 12...
plan graph layer 13...
plan graph layer 14...
goal constraints...
exclusion constraints layer 0...
exclusion constraints layer 1...
exclusion constraints layer 2...
exclusion constraints layer 3...
exclusion constraints layer 4...
exclusion constraints layer 5...
exclusion constraints layer 6...
exclusion constraints layer 7...
exclusion constraints layer 8...
exclusion constraints layer 9...
exclusion constraints layer 10...
exclusion constraints layer 11...
exclusion constraints layer 12...
exclusion constraints layer 13...
exclusion constraints layer 14...

DECISION LAYER 14, WRITING THIN GP-BASED ENCODING WITH 24086 VARS, 10402207 CLAUSES.

time spent:    0.00 seconds instantiating 2880 action templates
               0.00 seconds reachability analysis, yielding 212 facts and 2880 actions
               0.00 seconds collecting 212 relevant facts
               0.00 seconds building connectivity graph
               0.00 seconds building (std) graph
               2.29 seconds CNF output time
               2.29 seconds total planner time (solving not included)


***Solving***


[ filemap ]
[ extract ]

variables : 24086
pure lits : 228

1-clauses : 6
2-clauses : 10400112
3-clauses : 91
n-clauses : 1998
discarded : 0

[ solve ]


unsatisfiable                             

[ stats ]

decisions : 635930
conflicts : 121448
time : ~27.445

***UNSAT***


bb: parsing domain file
domain 'PIPESWORLD_STRIPS' defined
 ... done.
bb: parsing problem file
problem 'P12-NET2-B10-G4_RT0_INSTANCE' defined
 ... done.


time:   0,    32 facts and       0 exclusive pairs
              44 ops   and      91 exclusive pairs
time:   1,    58 facts and     197 exclusive pairs
              86 ops   and     837 exclusive pairs
time:   2,    74 facts and     340 exclusive pairs
             185 ops   and    7368 exclusive pairs
time:   3,   100 facts and     918 exclusive pairs
             328 ops   and   27901 exclusive pairs
time:   4,   118 facts and    1194 exclusive pairs
             557 ops   and   97001 exclusive pairs
time:   5,   138 facts and    1759 exclusive pairs
            1021 ops   and  356047 exclusive pairs
time:   6,   159 facts and    2414 exclusive pairs
            1421 ops   and  708626 exclusive pairs
time:   7,   184 facts and    3494 exclusive pairs
            1944 ops   and 1317115 exclusive pairs
time:   8,   196 facts and    2844 exclusive pairs
            2442 ops   and 1956225 exclusive pairs
time:   9,   197 facts and    2048 exclusive pairs
            2654 ops   and 2224793 exclusive pairs
time:  10,   201 facts and    2049 exclusive pairs
            2757 ops   and 2394079 exclusive pairs
time:  11,   202 facts and    2058 exclusive pairs
            2794 ops   and 2454488 exclusive pairs
time:  12,   202 facts and    2051 exclusive pairs
graph has leveled off at time step 13


            2794 ops   and 2453235 exclusive pairs
time:  13,   202 facts and    2051 exclusive pairs
            2794 ops   and 2453235 exclusive pairs
time:  14,   202 facts and    2051 exclusive pairs
            2794 ops   and 2453235 exclusive pairs
time:  15,   202 facts and    2051 exclusive pairs

creating thin gp-based encoding...
plan graph layer 0...
plan graph layer 1...
plan graph layer 2...
plan graph layer 3...
plan graph layer 4...
plan graph layer 5...
plan graph layer 6...
plan graph layer 7...
plan graph layer 8...
plan graph layer 9...
plan graph layer 10...
plan graph layer 11...
plan graph layer 12...
plan graph layer 13...
plan graph layer 14...
plan graph layer 15...
goal constraints...
exclusion constraints layer 0...
exclusion constraints layer 1...
exclusion constraints layer 2...
exclusion constraints layer 3...
exclusion constraints layer 4...
exclusion constraints layer 5...
exclusion constraints layer 6...
exclusion constraints layer 7...
exclusion constraints layer 8...
exclusion constraints layer 9...
exclusion constraints layer 10...
exclusion constraints layer 11...
exclusion constraints layer 12...
exclusion constraints layer 13...
exclusion constraints layer 14...
exclusion constraints layer 15...

DECISION LAYER 15, WRITING THIN GP-BASED ENCODING WITH 27082 VARS, 11982182 CLAUSES.

time spent:    0.00 seconds instantiating 2880 action templates
               0.00 seconds reachability analysis, yielding 212 facts and 2880 actions
               0.00 seconds collecting 212 relevant facts
               0.00 seconds building connectivity graph
               0.00 seconds building (std) graph
               2.61 seconds CNF output time
               2.61 seconds total planner time (solving not included)


***Solving***


[ filemap ]
[ extract ]

variables : 27082
pure lits : 228

1-clauses : 6
2-clauses : 11979885
3-clauses : 91
n-clauses : 2200
discarded : 0

[ solve ]


unsatisfiable                             

[ stats ]

decisions : 960570
conflicts : 229559
time : ~74.792

***UNSAT***


bb: parsing domain file
domain 'PIPESWORLD_STRIPS' defined
 ... done.
bb: parsing problem file
problem 'P12-NET2-B10-G4_RT0_INSTANCE' defined
 ... done.


time:   0,    32 facts and       0 exclusive pairs
              44 ops   and      91 exclusive pairs
time:   1,    58 facts and     197 exclusive pairs
              86 ops   and     837 exclusive pairs
time:   2,    74 facts and     340 exclusive pairs
             185 ops   and    7368 exclusive pairs
time:   3,   100 facts and     918 exclusive pairs
             328 ops   and   27901 exclusive pairs
time:   4,   118 facts and    1194 exclusive pairs
             557 ops   and   97001 exclusive pairs
time:   5,   138 facts and    1759 exclusive pairs
            1021 ops   and  356047 exclusive pairs
time:   6,   159 facts and    2414 exclusive pairs
            1421 ops   and  708626 exclusive pairs
time:   7,   184 facts and    3494 exclusive pairs
            1944 ops   and 1317115 exclusive pairs
time:   8,   196 facts and    2844 exclusive pairs
            2442 ops   and 1956225 exclusive pairs
time:   9,   197 facts and    2048 exclusive pairs
            2654 ops   and 2224793 exclusive pairs
time:  10,   201 facts and    2049 exclusive pairs
            2757 ops   and 2394079 exclusive pairs
time:  11,   202 facts and    2058 exclusive pairs
            2794 ops   and 2454488 exclusive pairs
time:  12,   202 facts and    2051 exclusive pairs
graph has leveled off at time step 13


            2794 ops   and 2453235 exclusive pairs
time:  13,   202 facts and    2051 exclusive pairs
            2794 ops   and 2453235 exclusive pairs
time:  14,   202 facts and    2051 exclusive pairs
            2794 ops   and 2453235 exclusive pairs
time:  15,   202 facts and    2051 exclusive pairs
            2794 ops   and 2453235 exclusive pairs
time:  16,   202 facts and    2051 exclusive pairs

creating thin gp-based encoding...
plan graph layer 0...
plan graph layer 1...
plan graph layer 2...
plan graph layer 3...
plan graph layer 4...
plan graph layer 5...
plan graph layer 6...
plan graph layer 7...
plan graph layer 8...
plan graph layer 9...
plan graph layer 10...
plan graph layer 11...
plan graph layer 12...
plan graph layer 13...
plan graph layer 14...
plan graph layer 15...
plan graph layer 16...
goal constraints...
exclusion constraints layer 0...
exclusion constraints layer 1...
exclusion constraints layer 2...
exclusion constraints layer 3...
exclusion constraints layer 4...
exclusion constraints layer 5...
exclusion constraints layer 6...
exclusion constraints layer 7...
exclusion constraints layer 8...
exclusion constraints layer 9...
exclusion constraints layer 10...
exclusion constraints layer 11...
exclusion constraints layer 12...
exclusion constraints layer 13...
exclusion constraints layer 14...
exclusion constraints layer 15...
exclusion constraints layer 16...

DECISION LAYER 16, WRITING THIN GP-BASED ENCODING WITH 30078 VARS, 13562157 CLAUSES.

time spent:    0.00 seconds instantiating 2880 action templates
               0.00 seconds reachability analysis, yielding 212 facts and 2880 actions
               0.00 seconds collecting 212 relevant facts
               0.00 seconds building connectivity graph
               0.00 seconds building (std) graph
               2.95 seconds CNF output time
               2.95 seconds total planner time (solving not included)


***Solving***


[ filemap ]
[ extract ]

variables : 30078
pure lits : 228

1-clauses : 6
2-clauses : 13559658
3-clauses : 91
n-clauses : 2402
discarded : 0

[ solve ]


satisfiable                             

[ stats ]

decisions : 862477
conflicts : 96514
time : ~19.157


bb: parsing domain file
domain 'PIPESWORLD_STRIPS' defined
 ... done.
bb: parsing problem file
problem 'P12-NET2-B10-G4_RT0_INSTANCE' defined
 ... done.


time:   0,    32 facts and       0 exclusive pairs
              44 ops   and      91 exclusive pairs
time:   1,    58 facts and     197 exclusive pairs
              86 ops   and     837 exclusive pairs
time:   2,    74 facts and     340 exclusive pairs
             185 ops   and    7368 exclusive pairs
time:   3,   100 facts and     918 exclusive pairs
             328 ops   and   27901 exclusive pairs
time:   4,   118 facts and    1194 exclusive pairs
             557 ops   and   97001 exclusive pairs
time:   5,   138 facts and    1759 exclusive pairs
            1021 ops   and  356047 exclusive pairs
time:   6,   159 facts and    2414 exclusive pairs
            1421 ops   and  708626 exclusive pairs
time:   7,   184 facts and    3494 exclusive pairs
            1944 ops   and 1317115 exclusive pairs
time:   8,   196 facts and    2844 exclusive pairs
            2442 ops   and 1956225 exclusive pairs
time:   9,   197 facts and    2048 exclusive pairs
            2654 ops   and 2224793 exclusive pairs
time:  10,   201 facts and    2049 exclusive pairs
            2757 ops   and 2394079 exclusive pairs
time:  11,   202 facts and    2058 exclusive pairs
            2794 ops   and 2454488 exclusive pairs
time:  12,   202 facts and    2051 exclusive pairs
graph has leveled off at time step 13


            2794 ops   and 2453235 exclusive pairs
time:  13,   202 facts and    2051 exclusive pairs
            2794 ops   and 2453235 exclusive pairs
time:  14,   202 facts and    2051 exclusive pairs
            2794 ops   and 2453235 exclusive pairs
time:  15,   202 facts and    2051 exclusive pairs
            2794 ops   and 2453235 exclusive pairs
time:  16,   202 facts and    2051 exclusive pairs

creating thin gp-based encoding...
plan graph layer 0...
plan graph layer 1...
plan graph layer 2...
plan graph layer 3...
plan graph layer 4...
plan graph layer 5...
plan graph layer 6...
plan graph layer 7...
plan graph layer 8...
plan graph layer 9...
plan graph layer 10...
plan graph layer 11...
plan graph layer 12...
plan graph layer 13...
plan graph layer 14...
plan graph layer 15...
plan graph layer 16...
goal constraints...
exclusion constraints layer 0...
exclusion constraints layer 1...
exclusion constraints layer 2...
exclusion constraints layer 3...
exclusion constraints layer 4...
exclusion constraints layer 5...
exclusion constraints layer 6...
exclusion constraints layer 7...
exclusion constraints layer 8...
exclusion constraints layer 9...
exclusion constraints layer 10...
exclusion constraints layer 11...
exclusion constraints layer 12...
exclusion constraints layer 13...
exclusion constraints layer 14...
exclusion constraints layer 15...
exclusion constraints layer 16...

DECISION LAYER 16, WRITING THIN GP-BASED ENCODING WITH 30078 VARS, 13562157 CLAUSES.

time spent:    0.00 seconds instantiating 2880 action templates
               0.00 seconds reachability analysis, yielding 212 facts and 2880 actions
               0.00 seconds collecting 212 relevant facts
               0.00 seconds building connectivity graph
               0.00 seconds building (std) graph
               1.23 seconds CNF output time
               1.23 seconds total planner time (solving not included)

Pruned:  0: (POP-START S12 B3 A1 A2 B0 LCO GASOLEO TA2-1-LCO) [1]
Pruned:  0: (POP-START S12 B3 A1 A2 B0 LCO GASOLEO TA2-1-LCO) [1]
Pruned:  0: (POP-START S12 B3 A1 A2 B0 LCO GASOLEO TA2-1-LCO) [1]
Pruned:  0: (POP-START S12 B3 A1 A2 B0 LCO GASOLEO TA2-1-LCO) [1]
Pruned:  0: (POP-START S12 B3 A1 A2 B0 LCO GASOLEO TA2-1-LCO) [1]
Pruned:  0: (POP-START S12 B3 A1 A2 B0 LCO GASOLEO TA2-1-LCO) [1]
Pruned:  0: (POP-START S12 B3 A1 A2 B0 LCO GASOLEO TA2-1-LCO) [1]
Pruned:  0: (POP-START S12 B3 A1 A2 B0 LCO GASOLEO TA2-1-LCO) [1]
Pruned:  0: (POP-START S12 B3 A1 A2 B0 LCO GASOLEO TA2-1-LCO) [1]
Pruned:  0: (POP-START S12 B3 A1 A2 B0 LCO GASOLEO TA2-1-LCO) [1]
Pruned:  0: (POP-START S12 B3 A1 A2 B0 LCO GASOLEO TA2-1-LCO) [1]
Pruned:  0: (POP-START S12 B3 A1 A2 B0 LCO GASOLEO TA2-1-LCO) [1]
Pruned:  0: (POP-START S12 B3 A1 A2 B0 LCO GASOLEO TA2-1-LCO) [1]
Pruned:  0: (POP-START S12 B3 A1 A2 B0 LCO GASOLEO TA2-1-LCO) [1]
Pruned:  0: (POP-START S12 B3 A1 A2 B0 LCO GASOLEO TA2-1-LCO) [1]
Pruned:  0: (POP-START S12 B3 A1 A2 B0 LCO GASOLEO TA2-1-LCO) [1]
Pruned:  0: (POP-START S12 B3 A1 A2 B0 LCO GASOLEO TA2-1-LCO) [1]
Pruned:  0: (POP-START S12 B3 A1 A2 B0 LCO GASOLEO TA2-1-LCO) [1]
Pruned:  0: (POP-START S12 B3 A1 A2 B0 LCO GASOLEO TA2-1-LCO) [1]
Pruned:  0: (POP-START S12 B3 A1 A2 B0 LCO GASOLEO TA2-1-LCO) [1]
Pruned:  0: (POP-START S12 B3 A1 A2 B0 LCO GASOLEO TA2-1-LCO) [1]
Pruned:  0: (POP-START S12 B3 A1 A2 B0 LCO GASOLEO TA2-1-LCO) [1]
Pruned:  0: (POP-START S12 B3 A1 A2 B0 LCO GASOLEO TA2-1-LCO) [1]
Pruned:  0: (POP-START S12 B3 A1 A2 B0 LCO GASOLEO TA2-1-LCO) [1]
Pruned:  0: (POP-START S12 B3 A1 A2 B0 LCO GASOLEO TA2-1-LCO) [1]
Pruned:  0: (POP-START S12 B3 A1 A2 B0 LCO GASOLEO TA2-1-LCO) [1]
Pruned:  0: (POP-START S12 B3 A1 A2 B0 LCO GASOLEO TA2-1-LCO) [1]
Pruned:  0: (POP-START S12 B3 A1 A2 B0 LCO GASOLEO TA2-1-LCO) [1]
Pruned:  0: (POP-START S12 B3 A1 A2 B0 LCO GASOLEO TA2-1-LCO) [1]
Pruned:  0: (POP-START S12 B3 A1 A2 B0 LCO GASOLEO TA2-1-LCO) [1]
Pruned:  0: (POP-START S12 B3 A1 A2 B0 LCO GASOLEO TA2-1-LCO) [1]
Pruned:  0: (POP-START S12 B3 A1 A2 B0 LCO GASOLEO TA2-1-LCO) [1]
Pruned:  0: (POP-START S12 B3 A1 A2 B0 LCO GASOLEO TA2-1-LCO) [1]
Pruned:  0: (POP-START S12 B3 A1 A2 B0 LCO GASOLEO TA2-1-LCO) [1]
Pruned:  0: (POP-START S12 B3 A1 A2 B0 LCO GASOLEO TA2-1-LCO) [1]
Pruned:  0: (POP-START S12 B3 A1 A2 B0 LCO GASOLEO TA2-1-LCO) [1]
Pruned:  0: (POP-START S12 B3 A1 A2 B0 LCO GASOLEO TA2-1-LCO) [1]
Pruned:  0: (POP-START S12 B3 A1 A2 B0 LCO GASOLEO TA2-1-LCO) [1]
Pruned:  0: (POP-START S12 B3 A1 A2 B0 LCO GASOLEO TA2-1-LCO) [1]
Pruned:  0: (POP-START S12 B3 A1 A2 B0 LCO GASOLEO TA2-1-LCO) [1]
Pruned:  0: (POP-START S12 B3 A1 A2 B0 LCO GASOLEO TA2-1-LCO) [1]
Pruned:  0: (POP-START S12 B3 A1 A2 B0 LCO GASOLEO TA2-1-LCO) [1]
Pruned:  0: (POP-START S12 B3 A1 A2 B0 LCO GASOLEO TA2-1-LCO) [1]
Pruned:  0: (POP-START S12 B3 A1 A2 B0 LCO GASOLEO TA2-1-LCO) [1]
Pruned:  0: (POP-START S12 B3 A1 A2 B0 LCO GASOLEO TA2-1-LCO) [1]
Pruned:  0: (POP-START S12 B3 A1 A2 B0 LCO GASOLEO TA2-1-LCO) [1]
Pruned:  0: (POP-START S12 B3 A1 A2 B0 LCO GASOLEO TA2-1-LCO) [1]
Pruned:  0: (POP-START S12 B3 A1 A2 B0 LCO GASOLEO TA2-1-LCO) [1]
Pruned:  0: (POP-START S12 B3 A1 A2 B0 LCO GASOLEO TA2-1-LCO) [1]
Pruned:  0: (POP-START S12 B3 A1 A2 B0 LCO GASOLEO TA2-1-LCO) [1]
Pruned:  0: (POP-START S12 B3 A1 A2 B0 LCO GASOLEO TA2-1-LCO) [1]
Pruned:  0: (POP-START S12 B3 A1 A2 B0 LCO GASOLEO TA2-1-LCO) [1]
Pruned:  0: (POP-START S12 B3 A1 A2 B0 LCO GASOLEO TA2-1-LCO) [1]
Pruned:  0: (POP-START S12 B3 A1 A2 B0 LCO GASOLEO TA2-1-LCO) [1]
Pruned:  0: (POP-START S12 B3 A1 A2 B0 LCO GASOLEO TA2-1-LCO) [1]
Pruned:  0: (POP-START S12 B3 A1 A2 B0 LCO GASOLEO TA2-1-LCO) [1]
Pruned:  0: (POP-START S12 B3 A1 A2 B0 LCO GASOLEO TA2-1-LCO) [1]
Pruned:  0: (POP-START S12 B3 A1 A2 B0 LCO GASOLEO TA2-1-LCO) [1]
Pruned:  0: (POP-START S12 B3 A1 A2 B0 LCO GASOLEO TA2-1-LCO) [1]
Pruned:  0: (POP-START S12 B3 A1 A2 B0 LCO GASOLEO TA2-1-LCO) [1]
Pruned:  0: (POP-START S12 B3 A1 A2 B0 LCO GASOLEO TA2-1-LCO) [1]
Pruned:  0: (POP-START S12 B3 A1 A2 B0 LCO GASOLEO TA2-1-LCO) [1]
Pruned:  0: (POP-START S12 B3 A1 A2 B0 LCO GASOLEO TA2-1-LCO) [1]
Pruned:  0: (POP-START S12 B3 A1 A2 B0 LCO GASOLEO TA2-1-LCO) [1]
Pruned:  0: (POP-START S12 B3 A1 A2 B0 LCO GASOLEO TA2-1-LCO) [1]
Pruned:  0: (POP-START S12 B3 A1 A2 B0 LCO GASOLEO TA2-1-LCO) [1]
Pruned:  0: (POP-START S12 B3 A1 A2 B0 LCO GASOLEO TA2-1-LCO) [1]
Pruned:  0: (POP-START S12 B3 A1 A2 B0 LCO GASOLEO TA2-1-LCO) [1]
Pruned:  0: (POP-START S12 B3 A1 A2 B0 LCO GASOLEO TA2-1-LCO) [1]
Pruned:  0: (POP-START S12 B3 A1 A2 B0 LCO GASOLEO TA2-1-LCO) [1]
Pruned:  0: (POP-START S12 B3 A1 A2 B0 LCO GASOLEO TA2-1-LCO) [1]
Pruned:  0: (POP-START S12 B3 A1 A2 B0 LCO GASOLEO TA2-1-LCO) [1]
Pruned:  0: (POP-START S12 B3 A1 A2 B0 LCO GASOLEO TA2-1-LCO) [1]
Pruned:  0: (POP-START S12 B3 A1 A2 B0 LCO GASOLEO TA2-1-LCO) [1]
Pruned:  0: (POP-START S12 B3 A1 A2 B0 LCO GASOLEO TA2-1-LCO) [1]
Pruned:  0: (POP-START S12 B3 A1 A2 B0 LCO GASOLEO TA2-1-LCO) [1]
Pruned:  0: (POP-START S12 B3 A1 A2 B0 LCO GASOLEO TA2-1-LCO) [1]
Pruned:  0: (POP-START S12 B3 A1 A2 B0 LCO GASOLEO TA2-1-LCO) [1]
Pruned:  0: (POP-START S12 B3 A1 A2 B0 LCO GASOLEO TA2-1-LCO) [1]
Pruned:  0: (POP-START S12 B3 A1 A2 B0 LCO GASOLEO TA2-1-LCO) [1]
Pruned:  0: (POP-START S12 B3 A1 A2 B0 LCO GASOLEO TA2-1-LCO) [1]
Pruned:  0: (POP-START S12 B3 A1 A2 B0 LCO GASOLEO TA2-1-LCO) [1]
Pruned:  0: (POP-START S12 B3 A1 A2 B0 LCO GASOLEO TA2-1-LCO) [1]
Pruned:  0: (POP-START S12 B3 A1 A2 B0 LCO GASOLEO TA2-1-LCO) [1]
Pruned:  0: (POP-START S12 B3 A1 A2 B0 LCO GASOLEO TA2-1-LCO) [1]
Pruned:  0: (POP-START S12 B3 A1 A2 B0 LCO GASOLEO TA2-1-LCO) [1]
Pruned:  0: (POP-START S12 B3 A1 A2 B0 LCO GASOLEO TA2-1-LCO) [1]
Pruned:  0: (POP-START S12 B3 A1 A2 B0 LCO GASOLEO TA2-1-LCO) [1]
Pruned:  0: (POP-START S12 B3 A1 A2 B0 LCO GASOLEO TA2-1-LCO) [1]
Pruned:  0: (POP-START S12 B3 A1 A2 B0 LCO GASOLEO TA2-1-LCO) [1]
Pruned:  0: (POP-START S12 B3 A1 A2 B0 LCO GASOLEO TA2-1-LCO) [1]
Pruned:  0: (POP-START S12 B3 A1 A2 B0 LCO GASOLEO TA2-1-LCO) [1]
Pruned:  0: (POP-START S12 B3 A1 A2 B0 LCO GASOLEO TA2-1-LCO) [1]
Pruned:  0: (POP-START S12 B3 A1 A2 B0 LCO GASOLEO TA2-1-LCO) [1]
Pruned:  0: (POP-START S12 B3 A1 A2 B0 LCO GASOLEO TA2-1-LCO) [1]
Pruned:  0: (POP-START S12 B3 A1 A2 B0 LCO GASOLEO TA2-1-LCO) [1]
Pruned:  0: (POP-START S12 B3 A1 A2 B0 LCO GASOLEO TA2-1-LCO) [1]
Pruned:  0: (POP-START S12 B3 A1 A2 B0 LCO GASOLEO TA2-1-LCO) [1]
Pruned:  0: (POP-START S12 B3 A1 A2 B0 LCO GASOLEO TA2-1-LCO) [1]
Pruned:  0: (POP-START S12 B3 A1 A2 B0 LCO GASOLEO TA2-1-LCO) [1]
Pruned:  0: (POP-START S12 B3 A1 A2 B0 LCO GASOLEO TA2-1-LCO) [1]
Pruned:  0: (POP-START S12 B3 A1 A2 B0 LCO GASOLEO TA2-1-LCO) [1]
Pruned:  0: (POP-START S12 B3 A1 A2 B0 LCO GASOLEO TA2-1-LCO) [1]
Pruned:  0: (POP-START S12 B3 A1 A2 B0 LCO GASOLEO TA2-1-LCO) [1]
Pruned:  0: (POP-START S12 B3 A1 A2 B0 LCO GASOLEO TA2-1-LCO) [1]
Pruned:  0: (POP-START S12 B3 A1 A2 B0 LCO GASOLEO TA2-1-LCO) [1]
Pruned:  0: (POP-START S12 B3 A1 A2 B0 LCO GASOLEO TA2-1-LCO) [1]
Pruned:  0: (POP-START S12 B3 A1 A2 B0 LCO GASOLEO TA2-1-LCO) [1]
Pruned:  0: (POP-START S12 B3 A1 A2 B0 LCO GASOLEO TA2-1-LCO) [1]
Pruned:  0: (POP-START S12 B3 A1 A2 B0 LCO GASOLEO TA2-1-LCO) [1]
Pruned:  0: (POP-START S12 B3 A1 A2 B0 LCO GASOLEO TA2-1-LCO) [1]
Pruned:  0: (POP-START S12 B3 A1 A2 B0 LCO GASOLEO TA2-1-LCO) [1]
Pruned:  0: (POP-START S12 B3 A1 A2 B0 LCO GASOLEO TA2-1-LCO) [1]
Pruned:  0: (POP-START S12 B3 A1 A2 B0 LCO GASOLEO TA2-1-LCO) [1]
Pruned:  0: (POP-START S12 B3 A1 A2 B0 LCO GASOLEO TA2-1-LCO) [1]
Pruned:  0: (POP-START S12 B3 A1 A2 B0 LCO GASOLEO TA2-1-LCO) [1]
Pruned:  0: (POP-START S12 B3 A1 A2 B0 LCO GASOLEO TA2-1-LCO) [1]
Pruned:  0: (POP-START S12 B3 A1 A2 B0 LCO GASOLEO TA2-1-LCO) [1]
Pruned:  0: (POP-START S12 B3 A1 A2 B0 LCO GASOLEO TA2-1-LCO) [1]
Pruned:  0: (POP-START S12 B3 A1 A2 B0 LCO GASOLEO TA2-1-LCO) [1]
Pruned:  0: (POP-START S12 B3 A1 A2 B0 LCO GASOLEO TA2-1-LCO) [1]
Pruned:  0: (POP-START S12 B3 A1 A2 B0 LCO GASOLEO TA2-1-LCO) [1]
Pruned:  0: (POP-START S12 B3 A1 A2 B0 LCO GASOLEO TA2-1-LCO) [1]
Pruned:  0: (POP-START S12 B3 A1 A2 B0 LCO GASOLEO TA2-1-LCO) [1]
Pruned:  0: (POP-START S12 B3 A1 A2 B0 LCO GASOLEO TA2-1-LCO) [1]
Pruned:  0: (POP-START S12 B3 A1 A2 B0 LCO GASOLEO TA2-1-LCO) [1]
Pruned:  0: (POP-START S12 B3 A1 A2 B0 LCO GASOLEO TA2-1-LCO) [1]
Pruned:  0: (POP-START S12 B3 A1 A2 B0 LCO GASOLEO TA2-1-LCO) [1]
Pruned:  0: (POP-START S12 B3 A1 A2 B0 LCO GASOLEO TA2-1-LCO) [1]
Pruned:  0: (POP-START S12 B3 A1 A2 B0 LCO GASOLEO TA2-1-LCO) [1]
Pruned:  0: (POP-START S12 B3 A1 A2 B0 LCO GASOLEO TA2-1-LCO) [1]
Pruned:  0: (POP-START S12 B3 A1 A2 B0 LCO GASOLEO TA2-1-LCO) [1]
Pruned:  0: (POP-START S12 B3 A1 A2 B0 LCO GASOLEO TA2-1-LCO) [1]
Pruned:  0: (POP-START S12 B3 A1 A2 B0 LCO GASOLEO TA2-1-LCO) [1]
Pruned:  0: (POP-START S12 B3 A1 A2 B0 LCO GASOLEO TA2-1-LCO) [1]
Pruned:  0: (POP-START S12 B3 A1 A2 B0 LCO GASOLEO TA2-1-LCO) [1]
Pruned:  0: (POP-START S12 B3 A1 A2 B0 LCO GASOLEO TA2-1-LCO) [1]
Pruned:  0: (POP-START S12 B3 A1 A2 B0 LCO GASOLEO TA2-1-LCO) [1]
Pruned:  0: (POP-START S12 B3 A1 A2 B0 LCO GASOLEO TA2-1-LCO) [1]
Pruned:  0: (POP-START S12 B3 A1 A2 B0 LCO GASOLEO TA2-1-LCO) [1]
Pruned:  0: (POP-START S12 B3 A1 A2 B0 LCO GASOLEO TA2-1-LCO) [1]
Pruned:  0: (POP-START S12 B3 A1 A2 B0 LCO GASOLEO TA2-1-LCO) [1]
Pruned:  0: (POP-START S12 B3 A1 A2 B0 LCO GASOLEO TA2-1-LCO) [1]
Pruned:  0: (POP-START S12 B3 A1 A2 B0 LCO GASOLEO TA2-1-LCO) [1]
Pruned:  0: (POP-START S12 B3 A1 A2 B0 LCO GASOLEO TA2-1-LCO) [1]
Pruned:  0: (POP-START S12 B3 A1 A2 B0 LCO GASOLEO TA2-1-LCO) [1]
Pruned:  0: (POP-START S12 B3 A1 A2 B0 LCO GASOLEO TA2-1-LCO) [1]
Pruned:  0: (POP-START S12 B3 A1 A2 B0 LCO GASOLEO TA2-1-LCO) [1]
Pruned:  0: (POP-START S12 B3 A1 A2 B0 LCO GASOLEO TA2-1-LCO) [1]
Pruned:  0: (POP-START S12 B3 A1 A2 B0 LCO GASOLEO TA2-1-LCO) [1]
Pruned:  0: (POP-START S12 B3 A1 A2 B0 LCO GASOLEO TA2-1-LCO) [1]
Pruned:  0: (POP-START S12 B3 A1 A2 B0 LCO GASOLEO TA2-1-LCO) [1]
Pruned:  0: (POP-START S12 B3 A1 A2 B0 LCO GASOLEO TA2-1-LCO) [1]
Pruned:  0: (POP-START S12 B3 A1 A2 B0 LCO GASOLEO TA2-1-LCO) [1]
Pruned:  0: (POP-START S12 B3 A1 A2 B0 LCO GASOLEO TA2-1-LCO) [1]
Pruned:  0: (POP-START S12 B3 A1 A2 B0 LCO GASOLEO TA2-1-LCO) [1]
Pruned:  0: (POP-START S12 B3 A1 A2 B0 LCO GASOLEO TA2-1-LCO) [1]
Pruned:  0: (POP-START S12 B3 A1 A2 B0 LCO GASOLEO TA2-1-LCO) [1]
Pruned:  0: (POP-START S12 B3 A1 A2 B0 LCO GASOLEO TA2-1-LCO) [1]
Pruned:  0: (POP-START S12 B3 A1 A2 B0 LCO GASOLEO TA2-1-LCO) [1]
Pruned:  0: (POP-START S12 B3 A1 A2 B0 LCO GASOLEO TA2-1-LCO) [1]
Pruned:  0: (POP-START S12 B3 A1 A2 B0 LCO GASOLEO TA2-1-LCO) [1]
Pruned:  0: (POP-START S12 B3 A1 A2 B0 LCO GASOLEO TA2-1-LCO) [1]
Pruned:  0: (POP-START S12 B3 A1 A2 B0 LCO GASOLEO TA2-1-LCO) [1]
Pruned:  0: (POP-START S12 B3 A1 A2 B0 LCO GASOLEO TA2-1-LCO) [1]
Pruned:  0: (POP-START S12 B3 A1 A2 B0 LCO GASOLEO TA2-1-LCO) [1]
Pruned:  0: (POP-START S12 B3 A1 A2 B0 LCO GASOLEO TA2-1-LCO) [1]
Pruned:  0: (POP-START S12 B3 A1 A2 B0 LCO GASOLEO TA2-1-LCO) [1]
Pruned:  0: (POP-START S12 B3 A1 A2 B0 LCO GASOLEO TA2-1-LCO) [1]
Pruned:  0: (POP-START S12 B3 A1 A2 B0 LCO GASOLEO TA2-1-LCO) [1]
Pruned:  0: (POP-START S12 B3 A1 A2 B0 LCO GASOLEO TA2-1-LCO) [1]
Pruned:  0: (POP-START S12 B3 A1 A2 B0 LCO GASOLEO TA2-1-LCO) [1]
Pruned:  0: (POP-START S12 B3 A1 A2 B0 LCO GASOLEO TA2-1-LCO) [1]
Pruned:  0: (POP-START S12 B3 A1 A2 B0 LCO GASOLEO TA2-1-LCO) [1]
Pruned:  0: (POP-START S12 B3 A1 A2 B0 LCO GASOLEO TA2-1-LCO) [1]
Pruned:  0: (POP-START S12 B3 A1 A2 B0 LCO GASOLEO TA2-1-LCO) [1]
Pruned:  0: (POP-START S12 B3 A1 A2 B0 LCO GASOLEO TA2-1-LCO) [1]
Pruned:  0: (POP-START S12 B3 A1 A2 B0 LCO GASOLEO TA2-1-LCO) [1]
Pruned:  0: (POP-START S12 B3 A1 A2 B0 LCO GASOLEO TA2-1-LCO) [1]
Pruned:  0: (POP-START S12 B3 A1 A2 B0 LCO GASOLEO TA2-1-LCO) [1]
Pruned:  0: (POP-START S12 B3 A1 A2 B0 LCO GASOLEO TA2-1-LCO) [1]
Pruned:  0: (POP-START S12 B3 A1 A2 B0 LCO GASOLEO TA2-1-LCO) [1]
Pruned:  0: (POP-START S12 B3 A1 A2 B0 LCO GASOLEO TA2-1-LCO) [1]
Pruned:  0: (POP-START S12 B3 A1 A2 B0 LCO GASOLEO TA2-1-LCO) [1]
Pruned:  0: (POP-START S12 B3 A1 A2 B0 LCO GASOLEO TA2-1-LCO) [1]
Pruned:  0: (POP-START S12 B3 A1 A2 B0 LCO GASOLEO TA2-1-LCO) [1]
Pruned:  0: (POP-START S12 B3 A1 A2 B0 LCO GASOLEO TA2-1-LCO) [1]
Pruned:  0: (POP-START S12 B3 A1 A2 B0 LCO GASOLEO TA2-1-LCO) [1]
Pruned:  0: (POP-START S12 B3 A1 A2 B0 LCO GASOLEO TA2-1-LCO) [1]
Pruned:  0: (POP-START S12 B3 A1 A2 B0 LCO GASOLEO TA2-1-LCO) [1]
Pruned:  0: (POP-START S12 B3 A1 A2 B0 LCO GASOLEO TA2-1-LCO) [1]
Pruned:  0: (POP-START S12 B3 A1 A2 B0 LCO GASOLEO TA2-1-LCO) [1]
Pruned:  0: (POP-START S12 B3 A1 A2 B0 LCO GASOLEO TA2-1-LCO) [1]
Pruned:  0: (POP-START S12 B3 A1 A2 B0 LCO GASOLEO TA2-1-LCO) [1]
Pruned:  0: (POP-START S12 B3 A1 A2 B0 LCO GASOLEO TA2-1-LCO) [1]
Pruned:  0: (POP-START S12 B3 A1 A2 B0 LCO GASOLEO TA2-1-LCO) [1]
Pruned:  0: (POP-START S12 B3 A1 A2 B0 LCO GASOLEO TA2-1-LCO) [1]
Pruned:  0: (POP-START S12 B3 A1 A2 B0 LCO GASOLEO TA2-1-LCO) [1]
Pruned:  0: (POP-START S12 B3 A1 A2 B0 LCO GASOLEO TA2-1-LCO) [1]
Pruned:  0: (POP-START S12 B3 A1 A2 B0 LCO GASOLEO TA2-1-LCO) [1]
Pruned:  0: (POP-START S12 B3 A1 A2 B0 LCO GASOLEO TA2-1-LCO) [1]
Pruned:  0: (POP-START S12 B3 A1 A2 B0 LCO GASOLEO TA2-1-LCO) [1]
Pruned:  0: (POP-START S12 B3 A1 A2 B0 LCO GASOLEO TA2-1-LCO) [1]
Pruned:  0: (POP-START S12 B3 A1 A2 B0 LCO GASOLEO TA2-1-LCO) [1]
Pruned:  0: (POP-START S12 B3 A1 A2 B0 LCO GASOLEO TA2-1-LCO) [1]
Pruned:  0: (POP-START S12 B3 A1 A2 B0 LCO GASOLEO TA2-1-LCO) [1]
Pruned:  0: (POP-START S12 B3 A1 A2 B0 LCO GASOLEO TA2-1-LCO) [1]
Pruned:  0: (POP-START S12 B3 A1 A2 B0 LCO GASOLEO TA2-1-LCO) [1]
Pruned:  0: (POP-START S12 B3 A1 A2 B0 LCO GASOLEO TA2-1-LCO) [1]
Pruned:  0: (POP-START S12 B3 A1 A2 B0 LCO GASOLEO TA2-1-LCO) [1]
Pruned:  0: (POP-START S12 B3 A1 A2 B0 LCO GASOLEO TA2-1-LCO) [1]
Pruned:  0: (POP-START S12 B3 A1 A2 B0 LCO GASOLEO TA2-1-LCO) [1]
Pruned:  0: (POP-START S12 B3 A1 A2 B0 LCO GASOLEO TA2-1-LCO) [1]
Pruned:  0: (POP-START S12 B3 A1 A2 B0 LCO GASOLEO TA2-1-LCO) [1]
Pruned:  0: (POP-START S12 B3 A1 A2 B0 LCO GASOLEO TA2-1-LCO) [1]
Pruned:  0: (POP-START S12 B3 A1 A2 B0 LCO GASOLEO TA2-1-LCO) [1]
Pruned:  0: (POP-START S12 B3 A1 A2 B0 LCO GASOLEO TA2-1-LCO) [1]
Pruned:  0: (POP-START S12 B3 A1 A2 B0 LCO GASOLEO TA2-1-LCO) [1]
Pruned:  0: (POP-START S12 B3 A1 A2 B0 LCO GASOLEO TA2-1-LCO) [1]
Pruned:  0: (POP-START S12 B3 A1 A2 B0 LCO GASOLEO TA2-1-LCO) [1]
Pruned:  0: (POP-START S12 B3 A1 A2 B0 LCO GASOLEO TA2-1-LCO) [1]
Pruned:  0: (POP-START S12 B3 A1 A2 B0 LCO GASOLEO TA2-1-LCO) [1]
Pruned:  0: (POP-START S12 B3 A1 A2 B0 LCO GASOLEO TA2-1-LCO) [1]
Pruned:  0: (POP-START S12 B3 A1 A2 B0 LCO GASOLEO TA2-1-LCO) [1]
Pruned:  0: (POP-START S12 B3 A1 A2 B0 LCO GASOLEO TA2-1-LCO) [1]
Pruned:  0: (POP-START S12 B3 A1 A2 B0 LCO GASOLEO TA2-1-LCO) [1]
Pruned:  0: (POP-START S12 B3 A1 A2 B0 LCO GASOLEO TA2-1-LCO) [1]
Pruned:  0: (POP-START S12 B3 A1 A2 B0 LCO GASOLEO TA2-1-LCO) [1]
Pruned:  0: (POP-START S12 B3 A1 A2 B0 LCO GASOLEO TA2-1-LCO) [1]
Pruned:  0: (POP-START S12 B3 A1 A2 B0 LCO GASOLEO TA2-1-LCO) [1]
Pruned:  0: (POP-START S12 B3 A1 A2 B0 LCO GASOLEO TA2-1-LCO) [1]
Pruned:  0: (POP-START S12 B3 A1 A2 B0 LCO GASOLEO TA2-1-LCO) [1]
Pruned:  0: (POP-START S12 B3 A1 A2 B0 LCO GASOLEO TA2-1-LCO) [1]
Pruned:  0: (POP-START S12 B3 A1 A2 B0 LCO GASOLEO TA2-1-LCO) [1]
Pruned:  0: (POP-START S12 B3 A1 A2 B0 LCO GASOLEO TA2-1-LCO) [1]
Pruned:  0: (POP-START S12 B3 A1 A2 B0 LCO GASOLEO TA2-1-LCO) [1]
Pruned:  0: (POP-START S12 B3 A1 A2 B0 LCO GASOLEO TA2-1-LCO) [1]
Pruned:  0: (POP-START S12 B3 A1 A2 B0 LCO GASOLEO TA2-1-LCO) [1]
Pruned:  0: (POP-START S12 B3 A1 A2 B0 LCO GASOLEO TA2-1-LCO) [1]
Pruned:  0: (POP-START S12 B3 A1 A2 B0 LCO GASOLEO TA2-1-LCO) [1]
Pruned:  0: (POP-START S12 B3 A1 A2 B0 LCO GASOLEO TA2-1-LCO) [1]
Pruned:  0: (POP-START S12 B3 A1 A2 B0 LCO GASOLEO TA2-1-LCO) [1]
Pruned:  0: (POP-START S12 B3 A1 A2 B0 LCO GASOLEO TA2-1-LCO) [1]
Pruned:  0: (POP-START S12 B3 A1 A2 B0 LCO GASOLEO TA2-1-LCO) [1]
Pruned:  0: (POP-START S12 B3 A1 A2 B0 LCO GASOLEO TA2-1-LCO) [1]
Pruned:  0: (POP-START S12 B3 A1 A2 B0 LCO GASOLEO TA2-1-LCO) [1]
Pruned:  0: (POP-START S12 B3 A1 A2 B0 LCO GASOLEO TA2-1-LCO) [1]
Pruned:  0: (POP-START S12 B3 A1 A2 B0 LCO GASOLEO TA2-1-LCO) [1]
Pruned:  0: (POP-START S12 B3 A1 A2 B0 LCO GASOLEO TA2-1-LCO) [1]
Pruned:  0: (POP-START S12 B3 A1 A2 B0 LCO GASOLEO TA2-1-LCO) [1]
Pruned:  0: (POP-START S12 B3 A1 A2 B0 LCO GASOLEO TA2-1-LCO) [1]
Pruned:  0: (POP-START S12 B3 A1 A2 B0 LCO GASOLEO TA2-1-LCO) [1]
Pruned:  0: (POP-START S12 B3 A1 A2 B0 LCO GASOLEO TA2-1-LCO) [1]
Pruned:  0: (POP-START S12 B3 A1 A2 B0 LCO GASOLEO TA2-1-LCO) [1]
Pruned:  0: (POP-START S12 B3 A1 A2 B0 LCO GASOLEO TA2-1-LCO) [1]
Pruned:  0: (POP-START S12 B3 A1 A2 B0 LCO GASOLEO TA2-1-LCO) [1]
Pruned:  0: (POP-START S12 B3 A1 A2 B0 LCO GASOLEO TA2-1-LCO) [1]
Pruned:  0: (POP-START S12 B3 A1 A2 B0 LCO GASOLEO TA2-1-LCO) [1]
Pruned:  0: (POP-START S12 B3 A1 A2 B0 LCO GASOLEO TA2-1-LCO) [1]
Pruned:  0: (POP-START S12 B3 A1 A2 B0 LCO GASOLEO TA2-1-LCO) [1]
Pruned:  0: (POP-START S12 B3 A1 A2 B0 LCO GASOLEO TA2-1-LCO) [1]
Pruned:  0: (POP-START S12 B3 A1 A2 B0 LCO GASOLEO TA2-1-LCO) [1]
Pruned:  0: (POP-START S12 B3 A1 A2 B0 LCO GASOLEO TA2-1-LCO) [1]
Pruned:  0: (POP-START S12 B3 A1 A2 B0 LCO GASOLEO TA2-1-LCO) [1]
Pruned:  0: (POP-START S12 B3 A1 A2 B0 LCO GASOLEO TA2-1-LCO) [1]
Pruned:  0: (POP-START S12 B3 A1 A2 B0 LCO GASOLEO TA2-1-LCO) [1]
Pruned:  0: (POP-START S12 B3 A1 A2 B0 LCO GASOLEO TA2-1-LCO) [1]
Pruned:  0: (POP-START S12 B3 A1 A2 B0 LCO GASOLEO TA2-1-LCO) [1]
Pruned:  0: (POP-START S12 B3 A1 A2 B0 LCO GASOLEO TA2-1-LCO) [1]
Pruned:  0: (POP-START S12 B3 A1 A2 B0 LCO GASOLEO TA2-1-LCO) [1]
Pruned:  0: (POP-START S12 B3 A1 A2 B0 LCO GASOLEO TA2-1-LCO) [1]
Pruned:  0: (POP-START S12 B3 A1 A2 B0 LCO GASOLEO TA2-1-LCO) [1]
Pruned:  0: (POP-START S12 B3 A1 A2 B0 LCO GASOLEO TA2-1-LCO) [1]
Pruned:  0: (POP-START S12 B3 A1 A2 B0 LCO GASOLEO TA2-1-LCO) [1]
Pruned:  0: (POP-START S12 B3 A1 A2 B0 LCO GASOLEO TA2-1-LCO) [1]
Pruned:  0: (POP-START S12 B3 A1 A2 B0 LCO GASOLEO TA2-1-LCO) [1]
Pruned:  0: (POP-START S12 B3 A1 A2 B0 LCO GASOLEO TA2-1-LCO) [1]
Pruned:  0: (POP-START S12 B3 A1 A2 B0 LCO GASOLEO TA2-1-LCO) [1]
Pruned:  0: (POP-START S12 B3 A1 A2 B0 LCO GASOLEO TA2-1-LCO) [1]
Pruned:  0: (POP-START S12 B3 A1 A2 B0 LCO GASOLEO TA2-1-LCO) [1]
Pruned:  0: (POP-START S12 B3 A1 A2 B0 LCO GASOLEO TA2-1-LCO) [1]
Pruned:  0: (POP-START S12 B3 A1 A2 B0 LCO GASOLEO TA2-1-LCO) [1]
Pruned:  0: (POP-START S12 B3 A1 A2 B0 LCO GASOLEO TA2-1-LCO) [1]
Pruned:  0: (POP-START S12 B3 A1 A2 B0 LCO GASOLEO TA2-1-LCO) [1]
Pruned:  0: (POP-START S12 B3 A1 A2 B0 LCO GASOLEO TA2-1-LCO) [1]
Pruned:  0: (POP-START S12 B3 A1 A2 B0 LCO GASOLEO TA2-1-LCO) [1]
Pruned:  0: (POP-START S12 B3 A1 A2 B0 LCO GASOLEO TA2-1-LCO) [1]
Pruned:  0: (POP-START S12 B3 A1 A2 B0 LCO GASOLEO TA2-1-LCO) [1]
Pruned:  0: (POP-START S12 B3 A1 A2 B0 LCO GASOLEO TA2-1-LCO) [1]
Pruned:  0: (POP-START S12 B3 A1 A2 B0 LCO GASOLEO TA2-1-LCO) [1]
Pruned:  0: (POP-START S12 B3 A1 A2 B0 LCO GASOLEO TA2-1-LCO) [1]
Pruned:  0: (POP-START S12 B3 A1 A2 B0 LCO GASOLEO TA2-1-LCO) [1]
Pruned:  0: (POP-START S12 B3 A1 A2 B0 LCO GASOLEO TA2-1-LCO) [1]
Pruned:  0: (POP-START S12 B3 A1 A2 B0 LCO GASOLEO TA2-1-LCO) [1]
Pruned:  0: (POP-START S12 B3 A1 A2 B0 LCO GASOLEO TA2-1-LCO) [1]
Pruned:  0: (POP-START S12 B3 A1 A2 B0 LCO GASOLEO TA2-1-LCO) [1]
Pruned:  0: (POP-START S12 B3 A1 A2 B0 LCO GASOLEO TA2-1-LCO) [1]
Pruned:  0: (POP-START S12 B3 A1 A2 B0 LCO GASOLEO TA2-1-LCO) [1]
Pruned:  0: (POP-START S12 B3 A1 A2 B0 LCO GASOLEO TA2-1-LCO) [1]
Pruned:  0: (POP-START S12 B3 A1 A2 B0 LCO GASOLEO TA2-1-LCO) [1]
Pruned:  0: (POP-START S12 B3 A1 A2 B0 LCO GASOLEO TA2-1-LCO) [1]
Pruned:  0: (POP-START S12 B3 A1 A2 B0 LCO GASOLEO TA2-1-LCO) [1]
Pruned:  0: (POP-START S12 B3 A1 A2 B0 LCO GASOLEO TA2-1-LCO) [1]
Pruned:  0: (POP-START S12 B3 A1 A2 B0 LCO GASOLEO TA2-1-LCO) [1]
Pruned:  0: (POP-START S12 B3 A1 A2 B0 LCO GASOLEO TA2-1-LCO) [1]
Pruned:  0: (POP-START S12 B3 A1 A2 B0 LCO GASOLEO TA2-1-LCO) [1]
Pruned:  0: (POP-START S12 B3 A1 A2 B0 LCO GASOLEO TA2-1-LCO) [1]
Pruned:  0: (POP-START S12 B3 A1 A2 B0 LCO GASOLEO TA2-1-LCO) [1]
Pruned:  0: (POP-START S12 B3 A1 A2 B0 LCO GASOLEO TA2-1-LCO) [1]
Pruned:  0: (POP-START S12 B3 A1 A2 B0 LCO GASOLEO TA2-1-LCO) [1]
Pruned:  0: (POP-START S12 B3 A1 A2 B0 LCO GASOLEO TA2-1-LCO) [1]
Pruned:  0: (POP-START S12 B3 A1 A2 B0 LCO GASOLEO TA2-1-LCO) [1]
Pruned:  0: (POP-START S12 B3 A1 A2 B0 LCO GASOLEO TA2-1-LCO) [1]
Pruned:  0: (POP-START S12 B3 A1 A2 B0 LCO GASOLEO TA2-1-LCO) [1]
Pruned:  0: (POP-START S12 B3 A1 A2 B0 LCO GASOLEO TA2-1-LCO) [1]
Pruned:  0: (POP-START S12 B3 A1 A2 B0 LCO GASOLEO TA2-1-LCO) [1]
Pruned:  0: (POP-START S12 B3 A1 A2 B0 LCO GASOLEO TA2-1-LCO) [1]
Pruned:  0: (POP-START S12 B3 A1 A2 B0 LCO GASOLEO TA2-1-LCO) [1]
Pruned:  0: (POP-START S12 B3 A1 A2 B0 LCO GASOLEO TA2-1-LCO) [1]
Pruned:  0: (POP-START S12 B3 A1 A2 B0 LCO GASOLEO TA2-1-LCO) [1]
Pruned:  0: (POP-START S12 B3 A1 A2 B0 LCO GASOLEO TA2-1-LCO) [1]
Pruned:  0: (POP-START S12 B3 A1 A2 B0 LCO GASOLEO TA2-1-LCO) [1]
Pruned:  0: (POP-START S12 B3 A1 A2 B0 LCO GASOLEO TA2-1-LCO) [1]
Pruned:  0: (POP-START S12 B3 A1 A2 B0 LCO GASOLEO TA2-1-LCO) [1]
Pruned:  0: (POP-START S12 B3 A1 A2 B0 LCO GASOLEO TA2-1-LCO) [1]
Pruned:  0: (POP-START S12 B3 A1 A2 B0 LCO GASOLEO TA2-1-LCO) [1]
Pruned:  0: (POP-START S12 B3 A1 A2 B0 LCO GASOLEO TA2-1-LCO) [1]
Pruned:  0: (POP-START S12 B3 A1 A2 B0 LCO GASOLEO TA2-1-LCO) [1]
Pruned:  0: (POP-START S12 B3 A1 A2 B0 LCO GASOLEO TA2-1-LCO) [1]
Pruned:  0: (POP-START S12 B3 A1 A2 B0 LCO GASOLEO TA2-1-LCO) [1]
Pruned:  0: (POP-START S12 B3 A1 A2 B0 LCO GASOLEO TA2-1-LCO) [1]
Pruned:  0: (POP-START S12 B3 A1 A2 B0 LCO GASOLEO TA2-1-LCO) [1]
Pruned:  0: (POP-START S12 B3 A1 A2 B0 LCO GASOLEO TA2-1-LCO) [1]
Pruned:  0: (POP-START S12 B3 A1 A2 B0 LCO GASOLEO TA2-1-LCO) [1]
Pruned:  0: (POP-START S12 B3 A1 A2 B0 LCO GASOLEO TA2-1-LCO) [1]
Pruned:  0: (POP-START S12 B3 A1 A2 B0 LCO GASOLEO TA2-1-LCO) [1]
Pruned:  0: (POP-START S12 B3 A1 A2 B0 LCO GASOLEO TA2-1-LCO) [1]
Pruned:  0: (POP-START S12 B3 A1 A2 B0 LCO GASOLEO TA2-1-LCO) [1]
Pruned:  0: (POP-START S12 B3 A1 A2 B0 LCO GASOLEO TA2-1-LCO) [1]
Pruned:  0: (POP-START S12 B3 A1 A2 B0 LCO GASOLEO TA2-1-LCO) [1]
Pruned:  0: (POP-START S12 B3 A1 A2 B0 LCO GASOLEO TA2-1-LCO) [1]
Pruned:  0: (POP-START S12 B3 A1 A2 B0 LCO GASOLEO TA2-1-LCO) [1]
Pruned:  0: (POP-START S12 B3 A1 A2 B0 LCO GASOLEO TA2-1-LCO) [1]
Pruned:  0: (POP-START S12 B3 A1 A2 B0 LCO GASOLEO TA2-1-LCO) [1]
Pruned:  0: (POP-START S12 B3 A1 A2 B0 LCO GASOLEO TA2-1-LCO) [1]
Pruned:  0: (POP-START S12 B3 A1 A2 B0 LCO GASOLEO TA2-1-LCO) [1]
Pruned:  0: (POP-START S12 B3 A1 A2 B0 LCO GASOLEO TA2-1-LCO) [1]
Pruned:  0: (POP-START S12 B3 A1 A2 B0 LCO GASOLEO TA2-1-LCO) [1]
Pruned:  0: (POP-START S12 B3 A1 A2 B0 LCO GASOLEO TA2-1-LCO) [1]
Pruned:  0: (POP-START S12 B3 A1 A2 B0 LCO GASOLEO TA2-1-LCO) [1]
Pruned:  0: (POP-START S12 B3 A1 A2 B0 LCO GASOLEO TA2-1-LCO) [1]
Pruned:  0: (POP-START S12 B3 A1 A2 B0 LCO GASOLEO TA2-1-LCO) [1]
Pruned:  0: (POP-START S12 B3 A1 A2 B0 LCO GASOLEO TA2-1-LCO) [1]
Pruned:  0: (POP-START S12 B3 A1 A2 B0 LCO GASOLEO TA2-1-LCO) [1]
Pruned:  0: (POP-START S12 B3 A1 A2 B0 LCO GASOLEO TA2-1-LCO) [1]
Pruned:  0: (POP-START S12 B3 A1 A2 B0 LCO GASOLEO TA2-1-LCO) [1]
Pruned:  0: (POP-START S12 B3 A1 A2 B0 LCO GASOLEO TA2-1-LCO) [1]
Pruned:  0: (POP-START S12 B3 A1 A2 B0 LCO GASOLEO TA2-1-LCO) [1]
Pruned:  0: (POP-START S12 B3 A1 A2 B0 LCO GASOLEO TA2-1-LCO) [1]
Pruned:  0: (POP-START S12 B3 A1 A2 B0 LCO GASOLEO TA2-1-LCO) [1]
Pruned:  0: (POP-START S12 B3 A1 A2 B0 LCO GASOLEO TA2-1-LCO) [1]
Pruned:  0: (POP-START S12 B3 A1 A2 B0 LCO GASOLEO TA2-1-LCO) [1]
Pruned:  0: (POP-START S12 B3 A1 A2 B0 LCO GASOLEO TA2-1-LCO) [1]
Pruned:  0: (POP-START S12 B3 A1 A2 B0 LCO GASOLEO TA2-1-LCO) [1]
Pruned:  0: (POP-START S12 B3 A1 A2 B0 LCO GASOLEO TA2-1-LCO) [1]
Pruned:  0: (POP-START S12 B3 A1 A2 B0 LCO GASOLEO TA2-1-LCO) [1]
Pruned:  0: (POP-START S12 B3 A1 A2 B0 LCO GASOLEO TA2-1-LCO) [1]
Pruned:  0: (POP-START S12 B3 A1 A2 B0 LCO GASOLEO TA2-1-LCO) [1]
Pruned:  0: (POP-START S12 B3 A1 A2 B0 LCO GASOLEO TA2-1-LCO) [1]
Pruned:  0: (POP-START S12 B3 A1 A2 B0 LCO GASOLEO TA2-1-LCO) [1]
Pruned:  0: (POP-START S12 B3 A1 A2 B0 LCO GASOLEO TA2-1-LCO) [1]
Pruned:  0: (POP-START S12 B3 A1 A2 B0 LCO GASOLEO TA2-1-LCO) [1]
Pruned:  0: (POP-START S12 B3 A1 A2 B0 LCO GASOLEO TA2-1-LCO) [1]
Pruned:  0: (POP-START S12 B3 A1 A2 B0 LCO GASOLEO TA2-1-LCO) [1]
Pruned:  0: (POP-START S12 B3 A1 A2 B0 LCO GASOLEO TA2-1-LCO) [1]
Pruned:  0: (POP-START S12 B3 A1 A2 B0 LCO GASOLEO TA2-1-LCO) [1]
Pruned:  0: (POP-START S12 B3 A1 A2 B0 LCO GASOLEO TA2-1-LCO) [1]
Pruned:  0: (POP-START S12 B3 A1 A2 B0 LCO GASOLEO TA2-1-LCO) [1]
Pruned:  0: (POP-START S12 B3 A1 A2 B0 LCO GASOLEO TA2-1-LCO) [1]
Pruned:  0: (POP-START S12 B3 A1 A2 B0 LCO GASOLEO TA2-1-LCO) [1]
Pruned:  0: (POP-START S12 B3 A1 A2 B0 LCO GASOLEO TA2-1-LCO) [1]
Pruned:  0: (POP-START S12 B3 A1 A2 B0 LCO GASOLEO TA2-1-LCO) [1]
Pruned:  0: (POP-START S12 B3 A1 A2 B0 LCO GASOLEO TA2-1-LCO) [1]
Pruned:  0: (POP-START S12 B3 A1 A2 B0 LCO GASOLEO TA2-1-LCO) [1]
Pruned:  0: (POP-START S12 B3 A1 A2 B0 LCO GASOLEO TA2-1-LCO) [1]
Pruned:  0: (POP-START S12 B3 A1 A2 B0 LCO GASOLEO TA2-1-LCO) [1]
Pruned:  0: (POP-START S12 B3 A1 A2 B0 LCO GASOLEO TA2-1-LCO) [1]
Pruned:  0: (POP-START S12 B3 A1 A2 B0 LCO GASOLEO TA2-1-LCO) [1]
Pruned:  0: (POP-START S12 B3 A1 A2 B0 LCO GASOLEO TA2-1-LCO) [1]
Pruned:  0: (POP-START S12 B3 A1 A2 B0 LCO GASOLEO TA2-1-LCO) [1]
Pruned:  0: (POP-START S12 B3 A1 A2 B0 LCO GASOLEO TA2-1-LCO) [1]
Pruned:  0: (POP-START S12 B3 A1 A2 B0 LCO GASOLEO TA2-1-LCO) [1]
Pruned:  0: (POP-START S12 B3 A1 A2 B0 LCO GASOLEO TA2-1-LCO) [1]
Pruned:  0: (POP-START S12 B3 A1 A2 B0 LCO GASOLEO TA2-1-LCO) [1]
Pruned:  0: (POP-START S12 B3 A1 A2 B0 LCO GASOLEO TA2-1-LCO) [1]
Pruned:  0: (POP-START S12 B3 A1 A2 B0 LCO GASOLEO TA2-1-LCO) [1]
Pruned:  0: (POP-START S12 B3 A1 A2 B0 LCO GASOLEO TA2-1-LCO) [1]
Pruned:  0: (POP-START S12 B3 A1 A2 B0 LCO GASOLEO TA2-1-LCO) [1]
Pruned:  0: (POP-START S12 B3 A1 A2 B0 LCO GASOLEO TA2-1-LCO) [1]
Pruned:  0: (POP-START S12 B3 A1 A2 B0 LCO GASOLEO TA2-1-LCO) [1]
Pruned:  0: (POP-START S12 B3 A1 A2 B0 LCO GASOLEO TA2-1-LCO) [1]
Pruned:  0: (POP-START S12 B3 A1 A2 B0 LCO GASOLEO TA2-1-LCO) [1]
Pruned:  0: (POP-START S12 B3 A1 A2 B0 LCO GASOLEO TA2-1-LCO) [1]
Pruned:  0: (POP-START S12 B3 A1 A2 B0 LCO GASOLEO TA2-1-LCO) [1]
Pruned:  0: (POP-START S12 B3 A1 A2 B0 LCO GASOLEO TA2-1-LCO) [1]
Pruned:  0: (POP-START S12 B3 A1 A2 B0 LCO GASOLEO TA2-1-LCO) [1]
Pruned:  0: (POP-START S12 B3 A1 A2 B0 LCO GASOLEO TA2-1-LCO) [1]
Pruned:  0: (POP-START S12 B3 A1 A2 B0 LCO GASOLEO TA2-1-LCO) [1]
Pruned:  0: (POP-START S12 B3 A1 A2 B0 LCO GASOLEO TA2-1-LCO) [1]
Pruned:  0: (POP-START S12 B3 A1 A2 B0 LCO GASOLEO TA2-1-LCO) [1]
Pruned:  0: (POP-START S12 B3 A1 A2 B0 LCO GASOLEO TA2-1-LCO) [1]
Pruned:  0: (POP-START S12 B3 A1 A2 B0 LCO GASOLEO TA2-1-LCO) [1]
Pruned:  0: (POP-START S12 B3 A1 A2 B0 LCO GASOLEO TA2-1-LCO) [1]
Pruned:  0: (POP-START S12 B3 A1 A2 B0 LCO GASOLEO TA2-1-LCO) [1]
Pruned:  0: (POP-START S12 B3 A1 A2 B0 LCO GASOLEO TA2-1-LCO) [1]
Pruned:  0: (POP-START S12 B3 A1 A2 B0 LCO GASOLEO TA2-1-LCO) [1]
Pruned:  0: (POP-START S12 B3 A1 A2 B0 LCO GASOLEO TA2-1-LCO) [1]
Pruned:  0: (POP-START S12 B3 A1 A2 B0 LCO GASOLEO TA2-1-LCO) [1]
Pruned:  0: (POP-START S12 B3 A1 A2 B0 LCO GASOLEO TA2-1-LCO) [1]
Pruned:  0: (POP-START S12 B3 A1 A2 B0 LCO GASOLEO TA2-1-LCO) [1]
Pruned:  0: (POP-START S12 B3 A1 A2 B0 LCO GASOLEO TA2-1-LCO) [1]
Pruned:  0: (POP-START S12 B3 A1 A2 B0 LCO GASOLEO TA2-1-LCO) [1]
Pruned:  0: (POP-START S12 B3 A1 A2 B0 LCO GASOLEO TA2-1-LCO) [1]
Pruned:  0: (POP-START S12 B3 A1 A2 B0 LCO GASOLEO TA2-1-LCO) [1]
Pruned:  0: (POP-START S12 B3 A1 A2 B0 LCO GASOLEO TA2-1-LCO) [1]
Pruned:  0: (POP-START S12 B3 A1 A2 B0 LCO GASOLEO TA2-1-LCO) [1]
Pruned:  0: (POP-START S12 B3 A1 A2 B0 LCO GASOLEO TA2-1-LCO) [1]
Pruned:  0: (POP-START S12 B3 A1 A2 B0 LCO GASOLEO TA2-1-LCO) [1]
Pruned:  0: (POP-START S12 B3 A1 A2 B0 LCO GASOLEO TA2-1-LCO) [1]
Pruned:  0: (POP-START S12 B3 A1 A2 B0 LCO GASOLEO TA2-1-LCO) [1]
Pruned:  0: (POP-START S12 B3 A1 A2 B0 LCO GASOLEO TA2-1-LCO) [1]
Pruned:  0: (POP-START S12 B3 A1 A2 B0 LCO GASOLEO TA2-1-LCO) [1]
Pruned:  0: (POP-START S12 B3 A1 A2 B0 LCO GASOLEO TA2-1-LCO) [1]
Pruned:  0: (POP-START S12 B3 A1 A2 B0 LCO GASOLEO TA2-1-LCO) [1]
Pruned:  0: (POP-START S12 B3 A1 A2 B0 LCO GASOLEO TA2-1-LCO) [1]
Pruned:  0: (POP-START S12 B3 A1 A2 B0 LCO GASOLEO TA2-1-LCO) [1]
Pruned:  0: (POP-START S12 B3 A1 A2 B0 LCO GASOLEO TA2-1-LCO) [1]
Pruned:  0: (POP-START S12 B3 A1 A2 B0 LCO GASOLEO TA2-1-LCO) [1]
Pruned:  0: (POP-START S12 B3 A1 A2 B0 LCO GASOLEO TA2-1-LCO) [1]
Pruned:  0: (POP-START S12 B3 A1 A2 B0 LCO GASOLEO TA2-1-LCO) [1]
Pruned:  0: (POP-START S12 B3 A1 A2 B0 LCO GASOLEO TA2-1-LCO) [1]
Pruned:  0: (POP-START S12 B3 A1 A2 B0 LCO GASOLEO TA2-1-LCO) [1]
Pruned:  0: (POP-START S12 B3 A1 A2 B0 LCO GASOLEO TA2-1-LCO) [1]
Pruned:  0: (POP-START S12 B3 A1 A2 B0 LCO GASOLEO TA2-1-LCO) [1]
Pruned:  0: (POP-START S12 B3 A1 A2 B0 LCO GASOLEO TA2-1-LCO) [1]
Pruned:  0: (POP-START S12 B3 A1 A2 B0 LCO GASOLEO TA2-1-LCO) [1]
Pruned:  0: (POP-START S12 B3 A1 A2 B0 LCO GASOLEO TA2-1-LCO) [1]
Pruned:  0: (POP-START S12 B3 A1 A2 B0 LCO GASOLEO TA2-1-LCO) [1]
Pruned:  0: (POP-START S12 B3 A1 A2 B0 LCO GASOLEO TA2-1-LCO) [1]
Pruned:  0: (POP-START S12 B3 A1 A2 B0 LCO GASOLEO TA2-1-LCO) [1]
Pruned:  0: (POP-START S12 B3 A1 A2 B0 LCO GASOLEO TA2-1-LCO) [1]
Pruned:  0: (POP-START S12 B3 A1 A2 B0 LCO GASOLEO TA2-1-LCO) [1]
Pruned:  0: (POP-START S12 B3 A1 A2 B0 LCO GASOLEO TA2-1-LCO) [1]
Pruned:  0: (POP-START S12 B3 A1 A2 B0 LCO GASOLEO TA2-1-LCO) [1]
Pruned:  0: (POP-START S12 B3 A1 A2 B0 LCO GASOLEO TA2-1-LCO) [1]
Pruned:  0: (POP-START S12 B3 A1 A2 B0 LCO GASOLEO TA2-1-LCO) [1]
Pruned:  0: (POP-START S12 B3 A1 A2 B0 LCO GASOLEO TA2-1-LCO) [1]
Pruned:  0: (POP-START S12 B3 A1 A2 B0 LCO GASOLEO TA2-1-LCO) [1]
Pruned:  0: (POP-START S12 B3 A1 A2 B0 LCO GASOLEO TA2-1-LCO) [1]
Pruned:  0: (POP-START S12 B3 A1 A2 B0 LCO GASOLEO TA2-1-LCO) [1]
---SatPlan Version: 1.1
***SAT!***

Solved in 16 layers

Real Time: = 163.62
User Time: = 155.37
Syst Time: = 3.92

__MEMKB 365184
