---SatPlan Version: 1.1

bb: parsing domain file
domain 'PIPESWORLD_STRIPS' defined
 ... done.
bb: parsing problem file
problem 'P18-NET2-B16-G7_RT0_INSTANCE' defined
 ... done.


time:   0,    50 facts and       0 exclusive pairs
              69 ops   and     160 exclusive pairs
time:   1,    92 facts and     466 exclusive pairs

creating thin gp-based encoding...
plan graph layer 0...
plan graph layer 1...
goal constraints...

goal fact not coded - level too low??


bb: parsing domain file
domain 'PIPESWORLD_STRIPS' defined
 ... done.
bb: parsing problem file
problem 'P18-NET2-B16-G7_RT0_INSTANCE' defined
 ... done.


time:   0,    50 facts and       0 exclusive pairs
              69 ops   and     160 exclusive pairs
time:   1,    92 facts and     466 exclusive pairs
             132 ops   and    1612 exclusive pairs
time:   2,   108 facts and     545 exclusive pairs

creating thin gp-based encoding...
plan graph layer 0...
plan graph layer 1...
plan graph layer 2...
goal constraints...

goal fact not coded - level too low??


bb: parsing domain file
domain 'PIPESWORLD_STRIPS' defined
 ... done.
bb: parsing problem file
problem 'P18-NET2-B16-G7_RT0_INSTANCE' defined
 ... done.


time:   0,    50 facts and       0 exclusive pairs
              69 ops   and     160 exclusive pairs
time:   1,    92 facts and     466 exclusive pairs
             132 ops   and    1612 exclusive pairs
time:   2,   108 facts and     545 exclusive pairs
             230 ops   and    7318 exclusive pairs
time:   3,   153 facts and    1680 exclusive pairs

creating thin gp-based encoding...
plan graph layer 0...
plan graph layer 1...
plan graph layer 2...
plan graph layer 3...
goal constraints...

goal fact not coded - level too low??


bb: parsing domain file
domain 'PIPESWORLD_STRIPS' defined
 ... done.
bb: parsing problem file
problem 'P18-NET2-B16-G7_RT0_INSTANCE' defined
 ... done.


time:   0,    50 facts and       0 exclusive pairs
              69 ops   and     160 exclusive pairs
time:   1,    92 facts and     466 exclusive pairs
             132 ops   and    1612 exclusive pairs
time:   2,   108 facts and     545 exclusive pairs
             230 ops   and    7318 exclusive pairs
time:   3,   153 facts and    1680 exclusive pairs
             449 ops   and   37144 exclusive pairs
time:   4,   177 facts and    2332 exclusive pairs

creating thin gp-based encoding...
plan graph layer 0...
plan graph layer 1...
plan graph layer 2...
plan graph layer 3...
plan graph layer 4...
goal constraints...

goal fact not coded - level too low??


bb: parsing domain file
domain 'PIPESWORLD_STRIPS' defined
 ... done.
bb: parsing problem file
problem 'P18-NET2-B16-G7_RT0_INSTANCE' defined
 ... done.


time:   0,    50 facts and       0 exclusive pairs
              69 ops   and     160 exclusive pairs
time:   1,    92 facts and     466 exclusive pairs
             132 ops   and    1612 exclusive pairs
time:   2,   108 facts and     545 exclusive pairs
             230 ops   and    7318 exclusive pairs
time:   3,   153 facts and    1680 exclusive pairs
             449 ops   and   37144 exclusive pairs
time:   4,   177 facts and    2332 exclusive pairs
             694 ops   and  112172 exclusive pairs
time:   5,   228 facts and    5106 exclusive pairs

creating thin gp-based encoding...
plan graph layer 0...
plan graph layer 1...
plan graph layer 2...
plan graph layer 3...
plan graph layer 4...
plan graph layer 5...
goal constraints...

goal fact not coded - level too low??


bb: parsing domain file
domain 'PIPESWORLD_STRIPS' defined
 ... done.
bb: parsing problem file
problem 'P18-NET2-B16-G7_RT0_INSTANCE' defined
 ... done.


time:   0,    50 facts and       0 exclusive pairs
              69 ops   and     160 exclusive pairs
time:   1,    92 facts and     466 exclusive pairs
             132 ops   and    1612 exclusive pairs
time:   2,   108 facts and     545 exclusive pairs
             230 ops   and    7318 exclusive pairs
time:   3,   153 facts and    1680 exclusive pairs
             449 ops   and   37144 exclusive pairs
time:   4,   177 facts and    2332 exclusive pairs
             694 ops   and  112172 exclusive pairs
time:   5,   228 facts and    5106 exclusive pairs
            1539 ops   and  614661 exclusive pairs
time:   6,   247 facts and    4968 exclusive pairs

creating thin gp-based encoding...
plan graph layer 0...
plan graph layer 1...
plan graph layer 2...
plan graph layer 3...
plan graph layer 4...
plan graph layer 5...
plan graph layer 6...
goal constraints...

goal fact not coded - level too low??


bb: parsing domain file
domain 'PIPESWORLD_STRIPS' defined
 ... done.
bb: parsing problem file
problem 'P18-NET2-B16-G7_RT0_INSTANCE' defined
 ... done.


time:   0,    50 facts and       0 exclusive pairs
              69 ops   and     160 exclusive pairs
time:   1,    92 facts and     466 exclusive pairs
             132 ops   and    1612 exclusive pairs
time:   2,   108 facts and     545 exclusive pairs
             230 ops   and    7318 exclusive pairs
time:   3,   153 facts and    1680 exclusive pairs
             449 ops   and   37144 exclusive pairs
time:   4,   177 facts and    2332 exclusive pairs
             694 ops   and  112172 exclusive pairs
time:   5,   228 facts and    5106 exclusive pairs
            1539 ops   and  614661 exclusive pairs
time:   6,   247 facts and    4968 exclusive pairs
            2371 ops   and 1784695 exclusive pairs
time:   7,   344 facts and   15797 exclusive pairs

creating thin gp-based encoding...
plan graph layer 0...
plan graph layer 1...
plan graph layer 2...
plan graph layer 3...
plan graph layer 4...
plan graph layer 5...
plan graph layer 6...
plan graph layer 7...
goal constraints...

goal fact not coded - level too low??


bb: parsing domain file
domain 'PIPESWORLD_STRIPS' defined
 ... done.
bb: parsing problem file
problem 'P18-NET2-B16-G7_RT0_INSTANCE' defined
 ... done.


time:   0,    50 facts and       0 exclusive pairs
              69 ops   and     160 exclusive pairs
time:   1,    92 facts and     466 exclusive pairs
             132 ops   and    1612 exclusive pairs
time:   2,   108 facts and     545 exclusive pairs
             230 ops   and    7318 exclusive pairs
time:   3,   153 facts and    1680 exclusive pairs
             449 ops   and   37144 exclusive pairs
time:   4,   177 facts and    2332 exclusive pairs
             694 ops   and  112172 exclusive pairs
time:   5,   228 facts and    5106 exclusive pairs
            1539 ops   and  614661 exclusive pairs
time:   6,   247 facts and    4968 exclusive pairs
            2371 ops   and 1784695 exclusive pairs
time:   7,   344 facts and   15797 exclusive pairs
            3550 ops   and 4117706 exclusive pairs
time:   8,   360 facts and   11163 exclusive pairs

creating thin gp-based encoding...
plan graph layer 0...
plan graph layer 1...
plan graph layer 2...
plan graph layer 3...
plan graph layer 4...
plan graph layer 5...
plan graph layer 6...
plan graph layer 7...
plan graph layer 8...
goal constraints...

goal fact not coded - level too low??


bb: parsing domain file
domain 'PIPESWORLD_STRIPS' defined
 ... done.
bb: parsing problem file
problem 'P18-NET2-B16-G7_RT0_INSTANCE' defined
 ... done.


time:   0,    50 facts and       0 exclusive pairs
              69 ops   and     160 exclusive pairs
time:   1,    92 facts and     466 exclusive pairs
             132 ops   and    1612 exclusive pairs
time:   2,   108 facts and     545 exclusive pairs
             230 ops   and    7318 exclusive pairs
time:   3,   153 facts and    1680 exclusive pairs
             449 ops   and   37144 exclusive pairs
time:   4,   177 facts and    2332 exclusive pairs
             694 ops   and  112172 exclusive pairs
time:   5,   228 facts and    5106 exclusive pairs
            1539 ops   and  614661 exclusive pairs
time:   6,   247 facts and    4968 exclusive pairs
            2371 ops   and 1784695 exclusive pairs
time:   7,   344 facts and   15797 exclusive pairs
            3550 ops   and 4117706 exclusive pairs
time:   8,   360 facts and   11163 exclusive pairs
            5084 ops   and 8178192 exclusive pairs
time:   9,   360 facts and    5243 exclusive pairs

creating thin gp-based encoding...
plan graph layer 0...
plan graph layer 1...
plan graph layer 2...
plan graph layer 3...
plan graph layer 4...
plan graph layer 5...
plan graph layer 6...
plan graph layer 7...
plan graph layer 8...
plan graph layer 9...
goal constraints...

goal fact not coded - level too low??


bb: parsing domain file
domain 'PIPESWORLD_STRIPS' defined
 ... done.
bb: parsing problem file
problem 'P18-NET2-B16-G7_RT0_INSTANCE' defined
 ... done.


time:   0,    50 facts and       0 exclusive pairs
              69 ops   and     160 exclusive pairs
time:   1,    92 facts and     466 exclusive pairs
             132 ops   and    1612 exclusive pairs
time:   2,   108 facts and     545 exclusive pairs
             230 ops   and    7318 exclusive pairs
time:   3,   153 facts and    1680 exclusive pairs
             449 ops   and   37144 exclusive pairs
time:   4,   177 facts and    2332 exclusive pairs
             694 ops   and  112172 exclusive pairs
time:   5,   228 facts and    5106 exclusive pairs
            1539 ops   and  614661 exclusive pairs
time:   6,   247 facts and    4968 exclusive pairs
            2371 ops   and 1784695 exclusive pairs
time:   7,   344 facts and   15797 exclusive pairs
            3550 ops   and 4117706 exclusive pairs
time:   8,   360 facts and   11163 exclusive pairs
            5084 ops   and 8178192 exclusive pairs
time:   9,   360 facts and    5243 exclusive pairs
            6425 ops   and 12272135 exclusive pairs
time:  10,   370 facts and    5135 exclusive pairs

creating thin gp-based encoding...
plan graph layer 0...
plan graph layer 1...
plan graph layer 2...
plan graph layer 3...
plan graph layer 4...
plan graph layer 5...
plan graph layer 6...
plan graph layer 7...
plan graph layer 8...
plan graph layer 9...
plan graph layer 10...
goal constraints...
exclusion constraints layer 0...
exclusion constraints layer 1...
exclusion constraints layer 2...
exclusion constraints layer 3...
exclusion constraints layer 4...
exclusion constraints layer 5...
exclusion constraints layer 6...
exclusion constraints layer 7...
exclusion constraints layer 8...
exclusion constraints layer 9...
exclusion constraints layer 10...

DECISION LAYER 10, WRITING THIN GP-BASED ENCODING WITH 23032 VARS, 17720373 CLAUSES.

time spent:    0.00 seconds instantiating 8036 action templates
               0.00 seconds reachability analysis, yielding 386 facts and 6854 actions
               0.00 seconds collecting 386 relevant facts
               0.00 seconds building connectivity graph
               0.00 seconds building (std) graph
               5.23 seconds CNF output time
               5.23 seconds total planner time (solving not included)


***Solving***


[ filemap ]
[ extract ]

variables : 23032
pure lits : 411

1-clauses : 9
2-clauses : 17718142
3-clauses : 194
n-clauses : 2028
discarded : 0

[ solve ]


unsatisfiable                             

[ stats ]

decisions : 12351
conflicts : 234
time : ~0.011

***UNSAT***


bb: parsing domain file
domain 'PIPESWORLD_STRIPS' defined
 ... done.
bb: parsing problem file
problem 'P18-NET2-B16-G7_RT0_INSTANCE' defined
 ... done.


time:   0,    50 facts and       0 exclusive pairs
              69 ops   and     160 exclusive pairs
time:   1,    92 facts and     466 exclusive pairs
             132 ops   and    1612 exclusive pairs
time:   2,   108 facts and     545 exclusive pairs
             230 ops   and    7318 exclusive pairs
time:   3,   153 facts and    1680 exclusive pairs
             449 ops   and   37144 exclusive pairs
time:   4,   177 facts and    2332 exclusive pairs
             694 ops   and  112172 exclusive pairs
time:   5,   228 facts and    5106 exclusive pairs
            1539 ops   and  614661 exclusive pairs
time:   6,   247 facts and    4968 exclusive pairs
            2371 ops   and 1784695 exclusive pairs
time:   7,   344 facts and   15797 exclusive pairs
            3550 ops   and 4117706 exclusive pairs
time:   8,   360 facts and   11163 exclusive pairs
            5084 ops   and 8178192 exclusive pairs
time:   9,   360 facts and    5243 exclusive pairs
            6425 ops   and 12272135 exclusive pairs
time:  10,   370 facts and    5135 exclusive pairs
            6694 ops   and 13162188 exclusive pairs
time:  11,   370 facts and    5078 exclusive pairsSegmentation fault (core dumped)

Abnormal condition during CNF creation phase
Command exited with non-zero status 3
__MEMKB 713472
