---SatPlan Version: 1.1

bb: parsing domain file
domain 'PIPESWORLD_STRIPS' defined
 ... done.
bb: parsing problem file
problem 'P20-NET2-B18-G8_RT0_INSTANCE' defined
 ... done.


time:   0,    76 facts and       0 exclusive pairs
              94 ops   and     155 exclusive pairs
time:   1,   120 facts and     509 exclusive pairs

creating thin gp-based encoding...
plan graph layer 0...
plan graph layer 1...
goal constraints...

goal fact not coded - level too low??


bb: parsing domain file
domain 'PIPESWORLD_STRIPS' defined
 ... done.
bb: parsing problem file
problem 'P20-NET2-B18-G8_RT0_INSTANCE' defined
 ... done.


time:   0,    76 facts and       0 exclusive pairs
              94 ops   and     155 exclusive pairs
time:   1,   120 facts and     509 exclusive pairs
             177 ops   and    2553 exclusive pairs
time:   2,   147 facts and     713 exclusive pairs

creating thin gp-based encoding...
plan graph layer 0...
plan graph layer 1...
plan graph layer 2...
goal constraints...

goal fact not coded - level too low??


bb: parsing domain file
domain 'PIPESWORLD_STRIPS' defined
 ... done.
bb: parsing problem file
problem 'P20-NET2-B18-G8_RT0_INSTANCE' defined
 ... done.


time:   0,    76 facts and       0 exclusive pairs
              94 ops   and     155 exclusive pairs
time:   1,   120 facts and     509 exclusive pairs
             177 ops   and    2553 exclusive pairs
time:   2,   147 facts and     713 exclusive pairs
             413 ops   and   30824 exclusive pairs
time:   3,   212 facts and    2761 exclusive pairs

creating thin gp-based encoding...
plan graph layer 0...
plan graph layer 1...
plan graph layer 2...
plan graph layer 3...
goal constraints...

goal fact not coded - level too low??


bb: parsing domain file
domain 'PIPESWORLD_STRIPS' defined
 ... done.
bb: parsing problem file
problem 'P20-NET2-B18-G8_RT0_INSTANCE' defined
 ... done.


time:   0,    76 facts and       0 exclusive pairs
              94 ops   and     155 exclusive pairs
time:   1,   120 facts and     509 exclusive pairs
             177 ops   and    2553 exclusive pairs
time:   2,   147 facts and     713 exclusive pairs
             413 ops   and   30824 exclusive pairs
time:   3,   212 facts and    2761 exclusive pairs
            1043 ops   and  258823 exclusive pairs
time:   4,   249 facts and    3737 exclusive pairs

creating thin gp-based encoding...
plan graph layer 0...
plan graph layer 1...
plan graph layer 2...
plan graph layer 3...
plan graph layer 4...
goal constraints...

goal fact not coded - level too low??


bb: parsing domain file
domain 'PIPESWORLD_STRIPS' defined
 ... done.
bb: parsing problem file
problem 'P20-NET2-B18-G8_RT0_INSTANCE' defined
 ... done.


time:   0,    76 facts and       0 exclusive pairs
              94 ops   and     155 exclusive pairs
time:   1,   120 facts and     509 exclusive pairs
             177 ops   and    2553 exclusive pairs
time:   2,   147 facts and     713 exclusive pairs
             413 ops   and   30824 exclusive pairs
time:   3,   212 facts and    2761 exclusive pairs
            1043 ops   and  258823 exclusive pairs
time:   4,   249 facts and    3737 exclusive pairs
            1830 ops   and  916345 exclusive pairs
time:   5,   307 facts and    6850 exclusive pairs

creating thin gp-based encoding...
plan graph layer 0...
plan graph layer 1...
plan graph layer 2...
plan graph layer 3...
plan graph layer 4...
plan graph layer 5...
goal constraints...

goal fact not coded - level too low??


bb: parsing domain file
domain 'PIPESWORLD_STRIPS' defined
 ... done.
bb: parsing problem file
problem 'P20-NET2-B18-G8_RT0_INSTANCE' defined
 ... done.


time:   0,    76 facts and       0 exclusive pairs
              94 ops   and     155 exclusive pairs
time:   1,   120 facts and     509 exclusive pairs
             177 ops   and    2553 exclusive pairs
time:   2,   147 facts and     713 exclusive pairs
             413 ops   and   30824 exclusive pairs
time:   3,   212 facts and    2761 exclusive pairs
            1043 ops   and  258823 exclusive pairs
time:   4,   249 facts and    3737 exclusive pairs
            1830 ops   and  916345 exclusive pairs
time:   5,   307 facts and    6850 exclusive pairs
            4587 ops   and 6636142 exclusive pairs
time:   6,   354 facts and    8929 exclusive pairs

creating thin gp-based encoding...
plan graph layer 0...
plan graph layer 1...
plan graph layer 2...
plan graph layer 3...
plan graph layer 4...
plan graph layer 5...
plan graph layer 6...
goal constraints...

goal fact not coded - level too low??


bb: parsing domain file
domain 'PIPESWORLD_STRIPS' defined
 ... done.
bb: parsing problem file
problem 'P20-NET2-B18-G8_RT0_INSTANCE' defined
 ... done.


time:   0,    76 facts and       0 exclusive pairs
              94 ops   and     155 exclusive pairs
time:   1,   120 facts and     509 exclusive pairs
             177 ops   and    2553 exclusive pairs
time:   2,   147 facts and     713 exclusive pairs
             413 ops   and   30824 exclusive pairs
time:   3,   212 facts and    2761 exclusive pairs
            1043 ops   and  258823 exclusive pairs
time:   4,   249 facts and    3737 exclusive pairs
            1830 ops   and  916345 exclusive pairs
time:   5,   307 facts and    6850 exclusive pairs
            4587 ops   and 6636142 exclusive pairs
time:   6,   354 facts and    8929 exclusive pairs
            6161 ops   and 12697273 exclusive pairs
time:   7,   427 facts and   16175 exclusive pairs

creating thin gp-based encoding...
plan graph layer 0...
plan graph layer 1...
plan graph layer 2...
plan graph layer 3...
plan graph layer 4...
plan graph layer 5...
plan graph layer 6...
plan graph layer 7...
goal constraints...

goal fact not coded - level too low??


bb: parsing domain file
domain 'PIPESWORLD_STRIPS' defined
 ... done.
bb: parsing problem file
problem 'P20-NET2-B18-G8_RT0_INSTANCE' defined
 ... done.


time:   0,    76 facts and       0 exclusive pairs
              94 ops   and     155 exclusive pairs
time:   1,   120 facts and     509 exclusive pairs
             177 ops   and    2553 exclusive pairs
time:   2,   147 facts and     713 exclusive pairs
             413 ops   and   30824 exclusive pairs
time:   3,   212 facts and    2761 exclusive pairs
            1043 ops   and  258823 exclusive pairs
time:   4,   249 facts and    3737 exclusive pairs
            1830 ops   and  916345 exclusive pairs
time:   5,   307 facts and    6850 exclusive pairs
            4587 ops   and 6636142 exclusive pairs
time:   6,   354 facts and    8929 exclusive pairs
            6161 ops   and 12697273 exclusive pairs
time:   7,   427 facts and   16175 exclusive pairs
            9154 ops   and 27095268 exclusive pairs
time:   8,   451 facts and   10630 exclusive pairs

creating thin gp-based encoding...
plan graph layer 0...
plan graph layer 1...
plan graph layer 2...
plan graph layer 3...
plan graph layer 4...
plan graph layer 5...
plan graph layer 6...
plan graph layer 7...
plan graph layer 8...
goal constraints...

goal fact not coded - level too low??


bb: parsing domain file
domain 'PIPESWORLD_STRIPS' defined
 ... done.
bb: parsing problem file
problem 'P20-NET2-B18-G8_RT0_INSTANCE' defined
 ... done.


time:   0,    76 facts and       0 exclusive pairs
              94 ops   and     155 exclusive pairs
time:   1,   120 facts and     509 exclusive pairs
             177 ops   and    2553 exclusive pairs
time:   2,   147 facts and     713 exclusive pairs
             413 ops   and   30824 exclusive pairs
time:   3,   212 facts and    2761 exclusive pairs
            1043 ops   and  258823 exclusive pairs
time:   4,   249 facts and    3737 exclusive pairs
            1830 ops   and  916345 exclusive pairs
time:   5,   307 facts and    6850 exclusive pairs
            4587 ops   and 6636142 exclusive pairs
time:   6,   354 facts and    8929 exclusive pairs
            6161 ops   and 12697273 exclusive pairs
time:   7,   427 facts and   16175 exclusive pairs
            9154 ops   and 27095268 exclusive pairs
time:   8,   451 facts and   10630 exclusive pairs
           12275 ops   and 46629485 exclusive pairs
time:   9,   465 facts and    6808 exclusive pairs

creating thin gp-based encoding...
plan graph layer 0...
plan graph layer 1...
plan graph layer 2...
plan graph layer 3...
plan graph layer 4...
plan graph layer 5...
plan graph layer 6...
plan graph layer 7...
plan graph layer 8...
plan graph layer 9...
goal constraints...

goal fact not coded - level too low??


bb: parsing domain file
domain 'PIPESWORLD_STRIPS' defined
 ... done.
bb: parsing problem file
problem 'P20-NET2-B18-G8_RT0_INSTANCE' defined
 ... done.


time:   0,    76 facts and       0 exclusive pairs
              94 ops   and     155 exclusive pairs
time:   1,   120 facts and     509 exclusive pairs
             177 ops   and    2553 exclusive pairs
time:   2,   147 facts and     713 exclusive pairs
             413 ops   and   30824 exclusive pairs
time:   3,   212 facts and    2761 exclusive pairs
            1043 ops   and  258823 exclusive pairs
time:   4,   249 facts and    3737 exclusive pairs
            1830 ops   and  916345 exclusive pairs
time:   5,   307 facts and    6850 exclusive pairs
            4587 ops   and 6636142 exclusive pairs
time:   6,   354 facts and    8929 exclusive pairs
            6161 ops   and 12697273 exclusive pairs
time:   7,   427 facts and   16175 exclusive pairs
            9154 ops   and 27095268 exclusive pairs
time:   8,   451 facts and   10630 exclusive pairs
           12275 ops   and 46629485 exclusive pairs
time:   9,   465 facts and    6808 exclusive pairs
           13689 ops   and 55085171 exclusive pairs
time:  10,   474 facts and    6471 exclusive pairsSegmentation fault (core dumped)

Memory limit exceeded: bb system call, OR Time limit exceeded: bb system call, OR bb internal error
Command exited with non-zero status 2
__MEMKB 524800
