---SatPlan Version: 1.1

bb: parsing domain file
domain 'PIPESWORLD_STRIPS' defined
 ... done.
bb: parsing problem file
problem 'P32-NET4-B14-G5_RT0_INSTANCE' defined
 ... done.


time:   0,    45 facts and       0 exclusive pairs
              57 ops   and      72 exclusive pairs
time:   1,    84 facts and     301 exclusive pairs

creating thin gp-based encoding...
plan graph layer 0...
plan graph layer 1...
goal constraints...

goal fact not coded - level too low??


bb: parsing domain file
domain 'PIPESWORLD_STRIPS' defined
 ... done.
bb: parsing problem file
problem 'P32-NET4-B14-G5_RT0_INSTANCE' defined
 ... done.


time:   0,    45 facts and       0 exclusive pairs
              57 ops   and      72 exclusive pairs
time:   1,    84 facts and     301 exclusive pairs
             134 ops   and    1954 exclusive pairs
time:   2,   109 facts and     581 exclusive pairs

creating thin gp-based encoding...
plan graph layer 0...
plan graph layer 1...
plan graph layer 2...
goal constraints...

goal fact not coded - level too low??


bb: parsing domain file
domain 'PIPESWORLD_STRIPS' defined
 ... done.
bb: parsing problem file
problem 'P32-NET4-B14-G5_RT0_INSTANCE' defined
 ... done.


time:   0,    45 facts and       0 exclusive pairs
              57 ops   and      72 exclusive pairs
time:   1,    84 facts and     301 exclusive pairs
             134 ops   and    1954 exclusive pairs
time:   2,   109 facts and     581 exclusive pairs
             245 ops   and    9720 exclusive pairs
time:   3,   155 facts and    1868 exclusive pairs

creating thin gp-based encoding...
plan graph layer 0...
plan graph layer 1...
plan graph layer 2...
plan graph layer 3...
goal constraints...

goal fact not coded - level too low??


bb: parsing domain file
domain 'PIPESWORLD_STRIPS' defined
 ... done.
bb: parsing problem file
problem 'P32-NET4-B14-G5_RT0_INSTANCE' defined
 ... done.


time:   0,    45 facts and       0 exclusive pairs
              57 ops   and      72 exclusive pairs
time:   1,    84 facts and     301 exclusive pairs
             134 ops   and    1954 exclusive pairs
time:   2,   109 facts and     581 exclusive pairs
             245 ops   and    9720 exclusive pairs
time:   3,   155 facts and    1868 exclusive pairs
             463 ops   and   40382 exclusive pairs
time:   4,   188 facts and    2637 exclusive pairs

creating thin gp-based encoding...
plan graph layer 0...
plan graph layer 1...
plan graph layer 2...
plan graph layer 3...
plan graph layer 4...
goal constraints...

goal fact not coded - level too low??


bb: parsing domain file
domain 'PIPESWORLD_STRIPS' defined
 ... done.
bb: parsing problem file
problem 'P32-NET4-B14-G5_RT0_INSTANCE' defined
 ... done.


time:   0,    45 facts and       0 exclusive pairs
              57 ops   and      72 exclusive pairs
time:   1,    84 facts and     301 exclusive pairs
             134 ops   and    1954 exclusive pairs
time:   2,   109 facts and     581 exclusive pairs
             245 ops   and    9720 exclusive pairs
time:   3,   155 facts and    1868 exclusive pairs
             463 ops   and   40382 exclusive pairs
time:   4,   188 facts and    2637 exclusive pairs
             776 ops   and  132965 exclusive pairs
time:   5,   251 facts and    6149 exclusive pairs

creating thin gp-based encoding...
plan graph layer 0...
plan graph layer 1...
plan graph layer 2...
plan graph layer 3...
plan graph layer 4...
plan graph layer 5...
goal constraints...

goal fact not coded - level too low??


bb: parsing domain file
domain 'PIPESWORLD_STRIPS' defined
 ... done.
bb: parsing problem file
problem 'P32-NET4-B14-G5_RT0_INSTANCE' defined
 ... done.


time:   0,    45 facts and       0 exclusive pairs
              57 ops   and      72 exclusive pairs
time:   1,    84 facts and     301 exclusive pairs
             134 ops   and    1954 exclusive pairs
time:   2,   109 facts and     581 exclusive pairs
             245 ops   and    9720 exclusive pairs
time:   3,   155 facts and    1868 exclusive pairs
             463 ops   and   40382 exclusive pairs
time:   4,   188 facts and    2637 exclusive pairs
             776 ops   and  132965 exclusive pairs
time:   5,   251 facts and    6149 exclusive pairs
            1560 ops   and  611001 exclusive pairs
time:   6,   300 facts and    7560 exclusive pairs

creating thin gp-based encoding...
plan graph layer 0...
plan graph layer 1...
plan graph layer 2...
plan graph layer 3...
plan graph layer 4...
plan graph layer 5...
plan graph layer 6...
goal constraints...

goal fact not coded - level too low??


bb: parsing domain file
domain 'PIPESWORLD_STRIPS' defined
 ... done.
bb: parsing problem file
problem 'P32-NET4-B14-G5_RT0_INSTANCE' defined
 ... done.


time:   0,    45 facts and       0 exclusive pairs
              57 ops   and      72 exclusive pairs
time:   1,    84 facts and     301 exclusive pairs
             134 ops   and    1954 exclusive pairs
time:   2,   109 facts and     581 exclusive pairs
             245 ops   and    9720 exclusive pairs
time:   3,   155 facts and    1868 exclusive pairs
             463 ops   and   40382 exclusive pairs
time:   4,   188 facts and    2637 exclusive pairs
             776 ops   and  132965 exclusive pairs
time:   5,   251 facts and    6149 exclusive pairs
            1560 ops   and  611001 exclusive pairs
time:   6,   300 facts and    7560 exclusive pairs
            2479 ops   and 1643708 exclusive pairs
time:   7,   356 facts and    8772 exclusive pairs

creating thin gp-based encoding...
plan graph layer 0...
plan graph layer 1...
plan graph layer 2...
plan graph layer 3...
plan graph layer 4...
plan graph layer 5...
plan graph layer 6...
plan graph layer 7...
goal constraints...

goal fact not coded - level too low??


bb: parsing domain file
domain 'PIPESWORLD_STRIPS' defined
 ... done.
bb: parsing problem file
problem 'P32-NET4-B14-G5_RT0_INSTANCE' defined
 ... done.


time:   0,    45 facts and       0 exclusive pairs
              57 ops   and      72 exclusive pairs
time:   1,    84 facts and     301 exclusive pairs
             134 ops   and    1954 exclusive pairs
time:   2,   109 facts and     581 exclusive pairs
             245 ops   and    9720 exclusive pairs
time:   3,   155 facts and    1868 exclusive pairs
             463 ops   and   40382 exclusive pairs
time:   4,   188 facts and    2637 exclusive pairs
             776 ops   and  132965 exclusive pairs
time:   5,   251 facts and    6149 exclusive pairs
            1560 ops   and  611001 exclusive pairs
time:   6,   300 facts and    7560 exclusive pairs
            2479 ops   and 1643708 exclusive pairs
time:   7,   356 facts and    8772 exclusive pairs
            4284 ops   and 4740447 exclusive pairs
time:   8,   375 facts and    6717 exclusive pairs

creating thin gp-based encoding...
plan graph layer 0...
plan graph layer 1...
plan graph layer 2...
plan graph layer 3...
plan graph layer 4...
plan graph layer 5...
plan graph layer 6...
plan graph layer 7...
plan graph layer 8...
goal constraints...
exclusion constraints layer 0...
exclusion constraints layer 1...
exclusion constraints layer 2...
exclusion constraints layer 3...
exclusion constraints layer 4...
exclusion constraints layer 5...
exclusion constraints layer 6...
exclusion constraints layer 7...
exclusion constraints layer 8...

DECISION LAYER 8, WRITING THIN GP-BASED ENCODING WITH 11861 VARS, 3418464 CLAUSES.

time spent:    0.00 seconds instantiating 6484 action templates
               0.00 seconds reachability analysis, yielding 403 facts and 6085 actions
               0.00 seconds collecting 402 relevant facts
               0.00 seconds building connectivity graph
               0.00 seconds building (std) graph
               1.58 seconds CNF output time
               1.58 seconds total planner time (solving not included)


***Solving***


[ filemap ]
[ extract ]

variables : 11861
pure lits : 412

1-clauses : 8
2-clauses : 3416871
3-clauses : 149
n-clauses : 1436
discarded : 0

[ solve ]


unsatisfiable                             

[ stats ]

decisions : 1792
conflicts : 26
time : ~0.01

***UNSAT***


bb: parsing domain file
domain 'PIPESWORLD_STRIPS' defined
 ... done.
bb: parsing problem file
problem 'P32-NET4-B14-G5_RT0_INSTANCE' defined
 ... done.


time:   0,    45 facts and       0 exclusive pairs
              57 ops   and      72 exclusive pairs
time:   1,    84 facts and     301 exclusive pairs
             134 ops   and    1954 exclusive pairs
time:   2,   109 facts and     581 exclusive pairs
             245 ops   and    9720 exclusive pairs
time:   3,   155 facts and    1868 exclusive pairs
             463 ops   and   40382 exclusive pairs
time:   4,   188 facts and    2637 exclusive pairs
             776 ops   and  132965 exclusive pairs
time:   5,   251 facts and    6149 exclusive pairs
            1560 ops   and  611001 exclusive pairs
time:   6,   300 facts and    7560 exclusive pairs
            2479 ops   and 1643708 exclusive pairs
time:   7,   356 facts and    8772 exclusive pairs
            4284 ops   and 4740447 exclusive pairs
time:   8,   375 facts and    6717 exclusive pairs
            5302 ops   and 6624250 exclusive pairs
time:   9,   385 facts and    6557 exclusive pairs

creating thin gp-based encoding...
plan graph layer 0...
plan graph layer 1...
plan graph layer 2...
plan graph layer 3...
plan graph layer 4...
plan graph layer 5...
plan graph layer 6...
plan graph layer 7...
plan graph layer 8...
plan graph layer 9...
goal constraints...
exclusion constraints layer 0...
exclusion constraints layer 1...
exclusion constraints layer 2...
exclusion constraints layer 3...
exclusion constraints layer 4...
exclusion constraints layer 5...
exclusion constraints layer 6...
exclusion constraints layer 7...
exclusion constraints layer 8...
exclusion constraints layer 9...

DECISION LAYER 9, WRITING THIN GP-BASED ENCODING WITH 17548 VARS, 6905127 CLAUSES.

time spent:    0.00 seconds instantiating 6484 action templates
               0.00 seconds reachability analysis, yielding 403 facts and 6085 actions
               0.00 seconds collecting 402 relevant facts
               0.01 seconds building connectivity graph
               0.00 seconds building (std) graph
               2.95 seconds CNF output time
               2.96 seconds total planner time (solving not included)


***Solving***


[ filemap ]
[ extract ]

variables : 17548
pure lits : 422

1-clauses : 8
2-clauses : 6903151
3-clauses : 149
n-clauses : 1819
discarded : 0

[ solve ]


unsatisfiable                             

[ stats ]

decisions : 16042
conflicts : 448
time : ~0.023

***UNSAT***


bb: parsing domain file
domain 'PIPESWORLD_STRIPS' defined
 ... done.
bb: parsing problem file
problem 'P32-NET4-B14-G5_RT0_INSTANCE' defined
 ... done.


time:   0,    45 facts and       0 exclusive pairs
              57 ops   and      72 exclusive pairs
time:   1,    84 facts and     301 exclusive pairs
             134 ops   and    1954 exclusive pairs
time:   2,   109 facts and     581 exclusive pairs
             245 ops   and    9720 exclusive pairs
time:   3,   155 facts and    1868 exclusive pairs
             463 ops   and   40382 exclusive pairs
time:   4,   188 facts and    2637 exclusive pairs
             776 ops   and  132965 exclusive pairs
time:   5,   251 facts and    6149 exclusive pairs
            1560 ops   and  611001 exclusive pairs
time:   6,   300 facts and    7560 exclusive pairs
            2479 ops   and 1643708 exclusive pairs
time:   7,   356 facts and    8772 exclusive pairs
            4284 ops   and 4740447 exclusive pairs
time:   8,   375 facts and    6717 exclusive pairs
            5302 ops   and 6624250 exclusive pairs
time:   9,   385 facts and    6557 exclusive pairs
            5904 ops   and 7971428 exclusive pairs
time:  10,   388 facts and    6573 exclusive pairs

creating thin gp-based encoding...
plan graph layer 0...
plan graph layer 1...
plan graph layer 2...
plan graph layer 3...
plan graph layer 4...
plan graph layer 5...
plan graph layer 6...
plan graph layer 7...
plan graph layer 8...
plan graph layer 9...
plan graph layer 10...
goal constraints...
exclusion constraints layer 0...
exclusion constraints layer 1...
exclusion constraints layer 2...
exclusion constraints layer 3...
exclusion constraints layer 4...
exclusion constraints layer 5...
exclusion constraints layer 6...
exclusion constraints layer 7...
exclusion constraints layer 8...
exclusion constraints layer 9...
exclusion constraints layer 10...

DECISION LAYER 10, WRITING THIN GP-BASED ENCODING WITH 23840 VARS, 11073546 CLAUSES.

time spent:    0.00 seconds instantiating 6484 action templates
               0.00 seconds reachability analysis, yielding 403 facts and 6085 actions
               0.00 seconds collecting 402 relevant facts
               0.00 seconds building connectivity graph
               0.00 seconds building (std) graph
               4.71 seconds CNF output time
               4.71 seconds total planner time (solving not included)


***Solving***


[ filemap ]
[ extract ]

variables : 23840
pure lits : 425

1-clauses : 8
2-clauses : 11071183
3-clauses : 149
n-clauses : 2206
discarded : 0

[ solve ]


unsatisfiable                             

[ stats ]

decisions : 140532
conflicts : 8924
time : ~0.59

***UNSAT***


bb: parsing domain file
domain 'PIPESWORLD_STRIPS' defined
 ... done.
bb: parsing problem file
problem 'P32-NET4-B14-G5_RT0_INSTANCE' defined
 ... done.


time:   0,    45 facts and       0 exclusive pairs
              57 ops   and      72 exclusive pairs
time:   1,    84 facts and     301 exclusive pairs
             134 ops   and    1954 exclusive pairs
time:   2,   109 facts and     581 exclusive pairs
             245 ops   and    9720 exclusive pairs
time:   3,   155 facts and    1868 exclusive pairs
             463 ops   and   40382 exclusive pairs
time:   4,   188 facts and    2637 exclusive pairs
             776 ops   and  132965 exclusive pairs
time:   5,   251 facts and    6149 exclusive pairs
            1560 ops   and  611001 exclusive pairs
time:   6,   300 facts and    7560 exclusive pairs
            2479 ops   and 1643708 exclusive pairs
time:   7,   356 facts and    8772 exclusive pairs
            4284 ops   and 4740447 exclusive pairs
time:   8,   375 facts and    6717 exclusive pairs
            5302 ops   and 6624250 exclusive pairs
time:   9,   385 facts and    6557 exclusive pairs
            5904 ops   and 7971428 exclusive pairs
time:  10,   388 facts and    6573 exclusive pairs
            5989 ops   and 8115300 exclusive pairs
time:  11,   388 facts and    6546 exclusive pairs

creating thin gp-based encoding...
plan graph layer 0...
plan graph layer 1...
plan graph layer 2...
plan graph layer 3...
plan graph layer 4...
plan graph layer 5...
plan graph layer 6...
plan graph layer 7...
plan graph layer 8...
plan graph layer 9...
plan graph layer 10...
plan graph layer 11...
goal constraints...
exclusion constraints layer 0...
exclusion constraints layer 1...
exclusion constraints layer 2...
exclusion constraints layer 3...
exclusion constraints layer 4...
exclusion constraints layer 5...
exclusion constraints layer 6...
exclusion constraints layer 7...
exclusion constraints layer 8...
exclusion constraints layer 9...
exclusion constraints layer 10...
exclusion constraints layer 11...

DECISION LAYER 11, WRITING THIN GP-BASED ENCODING WITH 30217 VARS, 15296171 CLAUSES.

time spent:    0.00 seconds instantiating 6484 action templates
               0.00 seconds reachability analysis, yielding 403 facts and 6085 actions
               0.00 seconds collecting 402 relevant facts
               0.00 seconds building connectivity graph
               0.00 seconds building (std) graph
               6.13 seconds CNF output time
               6.13 seconds total planner time (solving not included)


***Solving***


[ filemap ]
[ extract ]

variables : 30217
pure lits : 425

1-clauses : 8
2-clauses : 15293421
3-clauses : 149
n-clauses : 2593
discarded : 0

[ solve ]


unsatisfiable                             

[ stats ]

decisions : 630645
conflicts : 69565
time : ~10.694

***UNSAT***


bb: parsing domain file
domain 'PIPESWORLD_STRIPS' defined
 ... done.
bb: parsing problem file
problem 'P32-NET4-B14-G5_RT0_INSTANCE' defined
 ... done.


time:   0,    45 facts and       0 exclusive pairs
              57 ops   and      72 exclusive pairs
time:   1,    84 facts and     301 exclusive pairs
             134 ops   and    1954 exclusive pairs
time:   2,   109 facts and     581 exclusive pairs
             245 ops   and    9720 exclusive pairs
time:   3,   155 facts and    1868 exclusive pairs
             463 ops   and   40382 exclusive pairs
time:   4,   188 facts and    2637 exclusive pairs
             776 ops   and  132965 exclusive pairs
time:   5,   251 facts and    6149 exclusive pairs
            1560 ops   and  611001 exclusive pairs
time:   6,   300 facts and    7560 exclusive pairs
            2479 ops   and 1643708 exclusive pairs
time:   7,   356 facts and    8772 exclusive pairs
            4284 ops   and 4740447 exclusive pairs
time:   8,   375 facts and    6717 exclusive pairs
            5302 ops   and 6624250 exclusive pairs
time:   9,   385 facts and    6557 exclusive pairs
            5904 ops   and 7971428 exclusive pairs
time:  10,   388 facts and    6573 exclusive pairs
            5989 ops   and 8115300 exclusive pairs
time:  11,   388 facts and    6546 exclusive pairs
            5992 ops   and 8119899 exclusive pairs
time:  12,   388 facts and    6545 exclusive pairs

creating thin gp-based encoding...
plan graph layer 0...
plan graph layer 1...
plan graph layer 2...
plan graph layer 3...
plan graph layer 4...
plan graph layer 5...
plan graph layer 6...
plan graph layer 7...
plan graph layer 8...
plan graph layer 9...
plan graph layer 10...
plan graph layer 11...
plan graph layer 12...
goal constraints...
exclusion constraints layer 0...
exclusion constraints layer 1...
exclusion constraints layer 2...
exclusion constraints layer 3...
exclusion constraints layer 4...
exclusion constraints layer 5...
exclusion constraints layer 6...
exclusion constraints layer 7...
exclusion constraints layer 8...
exclusion constraints layer 9...
exclusion constraints layer 10...
exclusion constraints layer 11...
exclusion constraints layer 12...

DECISION LAYER 12, WRITING THIN GP-BASED ENCODING WITH 36597 VARS, 19519610 CLAUSES.

time spent:    0.00 seconds instantiating 6484 action templates
               0.00 seconds reachability analysis, yielding 403 facts and 6085 actions
               0.00 seconds collecting 402 relevant facts
               0.00 seconds building connectivity graph
               0.00 seconds building (std) graph
               7.33 seconds CNF output time
               7.33 seconds total planner time (solving not included)


***Solving***


[ filemap ]
[ extract ]

variables : 36597
pure lits : 425

1-clauses : 8
2-clauses : 19516473
3-clauses : 149
n-clauses : 2980
discarded : 0

[ solve ]


unsatisfiable                             

[ stats ]

decisions : 726260
conflicts : 56591
time : ~11.136

***UNSAT***


bb: parsing domain file
domain 'PIPESWORLD_STRIPS' defined
 ... done.
bb: parsing problem file
problem 'P32-NET4-B14-G5_RT0_INSTANCE' defined
 ... done.


time:   0,    45 facts and       0 exclusive pairs
              57 ops   and      72 exclusive pairs
time:   1,    84 facts and     301 exclusive pairs
             134 ops   and    1954 exclusive pairs
time:   2,   109 facts and     581 exclusive pairs
             245 ops   and    9720 exclusive pairs
time:   3,   155 facts and    1868 exclusive pairs
             463 ops   and   40382 exclusive pairs
time:   4,   188 facts and    2637 exclusive pairs
             776 ops   and  132965 exclusive pairs
time:   5,   251 facts and    6149 exclusive pairs
            1560 ops   and  611001 exclusive pairs
time:   6,   300 facts and    7560 exclusive pairs
            2479 ops   and 1643708 exclusive pairs
time:   7,   356 facts and    8772 exclusive pairs
            4284 ops   and 4740447 exclusive pairs
time:   8,   375 facts and    6717 exclusive pairs
            5302 ops   and 6624250 exclusive pairs
time:   9,   385 facts and    6557 exclusive pairs
            5904 ops   and 7971428 exclusive pairs
time:  10,   388 facts and    6573 exclusive pairs
            5989 ops   and 8115300 exclusive pairs
time:  11,   388 facts and    6546 exclusive pairs
            5992 ops   and 8119899 exclusive pairs
time:  12,   388 facts and    6545 exclusive pairs
graph has leveled off at time step 13


            5992 ops   and 8119869 exclusive pairs
time:  13,   388 facts and    6545 exclusive pairs

creating thin gp-based encoding...
plan graph layer 0...
plan graph layer 1...
plan graph layer 2...
plan graph layer 3...
plan graph layer 4...
plan graph layer 5...
plan graph layer 6...
plan graph layer 7...
plan graph layer 8...
plan graph layer 9...
plan graph layer 10...
plan graph layer 11...
plan graph layer 12...
plan graph layer 13...
goal constraints...
exclusion constraints layer 0...
exclusion constraints layer 1...
exclusion constraints layer 2...
exclusion constraints layer 3...
exclusion constraints layer 4...
exclusion constraints layer 5...
exclusion constraints layer 6...
exclusion constraints layer 7...
exclusion constraints layer 8...
exclusion constraints layer 9...
exclusion constraints layer 10...
exclusion constraints layer 11...
exclusion constraints layer 12...
exclusion constraints layer 13...

DECISION LAYER 13, WRITING THIN GP-BASED ENCODING WITH 42977 VARS, 23743049 CLAUSES.

time spent:    0.00 seconds instantiating 6484 action templates
               0.00 seconds reachability analysis, yielding 403 facts and 6085 actions
               0.00 seconds collecting 402 relevant facts
               0.01 seconds building connectivity graph
               0.00 seconds building (std) graph
               8.68 seconds CNF output time
               8.69 seconds total planner time (solving not included)


***Solving***


[ filemap ]
[ extract ]

variables : 42977
pure lits : 425

1-clauses : 8
2-clauses : 23739525
3-clauses : 149
n-clauses : 3367
discarded : 0

[ solve ]


unsatisfiable                             

[ stats ]

decisions : 1284112
conflicts : 152122
time : ~55.421

***UNSAT***


bb: parsing domain file
domain 'PIPESWORLD_STRIPS' defined
 ... done.
bb: parsing problem file
problem 'P32-NET4-B14-G5_RT0_INSTANCE' defined
 ... done.


time:   0,    45 facts and       0 exclusive pairs
              57 ops   and      72 exclusive pairs
time:   1,    84 facts and     301 exclusive pairs
             134 ops   and    1954 exclusive pairs
time:   2,   109 facts and     581 exclusive pairs
             245 ops   and    9720 exclusive pairs
time:   3,   155 facts and    1868 exclusive pairs
             463 ops   and   40382 exclusive pairs
time:   4,   188 facts and    2637 exclusive pairs
             776 ops   and  132965 exclusive pairs
time:   5,   251 facts and    6149 exclusive pairs
            1560 ops   and  611001 exclusive pairs
time:   6,   300 facts and    7560 exclusive pairs
            2479 ops   and 1643708 exclusive pairs
time:   7,   356 facts and    8772 exclusive pairs
            4284 ops   and 4740447 exclusive pairs
time:   8,   375 facts and    6717 exclusive pairs
            5302 ops   and 6624250 exclusive pairs
time:   9,   385 facts and    6557 exclusive pairs
            5904 ops   and 7971428 exclusive pairs
time:  10,   388 facts and    6573 exclusive pairs
            5989 ops   and 8115300 exclusive pairs
time:  11,   388 facts and    6546 exclusive pairs
            5992 ops   and 8119899 exclusive pairs
time:  12,   388 facts and    6545 exclusive pairs
graph has leveled off at time step 13


            5992 ops   and 8119869 exclusive pairs
time:  13,   388 facts and    6545 exclusive pairs
            5992 ops   and 8119869 exclusive pairs
time:  14,   388 facts and    6545 exclusive pairsSegmentation fault (core dumped)

Abnormal condition during CNF creation phase
Command exited with non-zero status 3
__MEMKB 709120
