---SatPlan Version: 1.1

bb: parsing domain file
domain 'PIPESWORLD_STRIPS' defined
 ... done.
bb: parsing problem file
problem 'P42-NET5-B22-G4_RT0_INSTANCE' defined
 ... done.


time:   0,    96 facts and       0 exclusive pairs
             153 ops   and    1351 exclusive pairs
time:   1,   150 facts and     504 exclusive pairs

creating thin gp-based encoding...
plan graph layer 0...
plan graph layer 1...
goal constraints...

goal fact not coded - level too low??


bb: parsing domain file
domain 'PIPESWORLD_STRIPS' defined
 ... done.
bb: parsing problem file
problem 'P42-NET5-B22-G4_RT0_INSTANCE' defined
 ... done.


time:   0,    96 facts and       0 exclusive pairs
             153 ops   and    1351 exclusive pairs
time:   1,   150 facts and     504 exclusive pairs
             527 ops   and   66871 exclusive pairs
time:   2,   206 facts and    1183 exclusive pairs

creating thin gp-based encoding...
plan graph layer 0...
plan graph layer 1...
plan graph layer 2...
goal constraints...

goal fact not coded - level too low??


bb: parsing domain file
domain 'PIPESWORLD_STRIPS' defined
 ... done.
bb: parsing problem file
problem 'P42-NET5-B22-G4_RT0_INSTANCE' defined
 ... done.


time:   0,    96 facts and       0 exclusive pairs
             153 ops   and    1351 exclusive pairs
time:   1,   150 facts and     504 exclusive pairs
             527 ops   and   66871 exclusive pairs
time:   2,   206 facts and    1183 exclusive pairs
            1070 ops   and  308326 exclusive pairs
time:   3,   269 facts and    2830 exclusive pairs

creating thin gp-based encoding...
plan graph layer 0...
plan graph layer 1...
plan graph layer 2...
plan graph layer 3...
goal constraints...

goal fact not coded - level too low??


bb: parsing domain file
domain 'PIPESWORLD_STRIPS' defined
 ... done.
bb: parsing problem file
problem 'P42-NET5-B22-G4_RT0_INSTANCE' defined
 ... done.


time:   0,    96 facts and       0 exclusive pairs
             153 ops   and    1351 exclusive pairs
time:   1,   150 facts and     504 exclusive pairs
             527 ops   and   66871 exclusive pairs
time:   2,   206 facts and    1183 exclusive pairs
            1070 ops   and  308326 exclusive pairs
time:   3,   269 facts and    2830 exclusive pairs
            1650 ops   and  689070 exclusive pairs
time:   4,   303 facts and    3239 exclusive pairs

creating thin gp-based encoding...
plan graph layer 0...
plan graph layer 1...
plan graph layer 2...
plan graph layer 3...
plan graph layer 4...
goal constraints...

goal fact not coded - level too low??


bb: parsing domain file
domain 'PIPESWORLD_STRIPS' defined
 ... done.
bb: parsing problem file
problem 'P42-NET5-B22-G4_RT0_INSTANCE' defined
 ... done.


time:   0,    96 facts and       0 exclusive pairs
             153 ops   and    1351 exclusive pairs
time:   1,   150 facts and     504 exclusive pairs
             527 ops   and   66871 exclusive pairs
time:   2,   206 facts and    1183 exclusive pairs
            1070 ops   and  308326 exclusive pairs
time:   3,   269 facts and    2830 exclusive pairs
            1650 ops   and  689070 exclusive pairs
time:   4,   303 facts and    3239 exclusive pairs
            2536 ops   and 1473298 exclusive pairs
time:   5,   413 facts and    9128 exclusive pairs

creating thin gp-based encoding...
plan graph layer 0...
plan graph layer 1...
plan graph layer 2...
plan graph layer 3...
plan graph layer 4...
plan graph layer 5...
goal constraints...

goal fact not coded - level too low??


bb: parsing domain file
domain 'PIPESWORLD_STRIPS' defined
 ... done.
bb: parsing problem file
problem 'P42-NET5-B22-G4_RT0_INSTANCE' defined
 ... done.


time:   0,    96 facts and       0 exclusive pairs
             153 ops   and    1351 exclusive pairs
time:   1,   150 facts and     504 exclusive pairs
             527 ops   and   66871 exclusive pairs
time:   2,   206 facts and    1183 exclusive pairs
            1070 ops   and  308326 exclusive pairs
time:   3,   269 facts and    2830 exclusive pairs
            1650 ops   and  689070 exclusive pairs
time:   4,   303 facts and    3239 exclusive pairs
            2536 ops   and 1473298 exclusive pairs
time:   5,   413 facts and    9128 exclusive pairs
            4399 ops   and 4154240 exclusive pairs
time:   6,   493 facts and   13023 exclusive pairs

creating thin gp-based encoding...
plan graph layer 0...
plan graph layer 1...
plan graph layer 2...
plan graph layer 3...
plan graph layer 4...
plan graph layer 5...
plan graph layer 6...
goal constraints...

goal fact not coded - level too low??


bb: parsing domain file
domain 'PIPESWORLD_STRIPS' defined
 ... done.
bb: parsing problem file
problem 'P42-NET5-B22-G4_RT0_INSTANCE' defined
 ... done.


time:   0,    96 facts and       0 exclusive pairs
             153 ops   and    1351 exclusive pairs
time:   1,   150 facts and     504 exclusive pairs
             527 ops   and   66871 exclusive pairs
time:   2,   206 facts and    1183 exclusive pairs
            1070 ops   and  308326 exclusive pairs
time:   3,   269 facts and    2830 exclusive pairs
            1650 ops   and  689070 exclusive pairs
time:   4,   303 facts and    3239 exclusive pairs
            2536 ops   and 1473298 exclusive pairs
time:   5,   413 facts and    9128 exclusive pairs
            4399 ops   and 4154240 exclusive pairs
time:   6,   493 facts and   13023 exclusive pairs
            7874 ops   and 14133172 exclusive pairs
time:   7,   608 facts and   20188 exclusive pairs

creating thin gp-based encoding...
plan graph layer 0...
plan graph layer 1...
plan graph layer 2...
plan graph layer 3...
plan graph layer 4...
plan graph layer 5...
plan graph layer 6...
plan graph layer 7...
goal constraints...

goal fact not coded - level too low??


bb: parsing domain file
domain 'PIPESWORLD_STRIPS' defined
 ... done.
bb: parsing problem file
problem 'P42-NET5-B22-G4_RT0_INSTANCE' defined
 ... done.


time:   0,    96 facts and       0 exclusive pairs
             153 ops   and    1351 exclusive pairs
time:   1,   150 facts and     504 exclusive pairs
             527 ops   and   66871 exclusive pairs
time:   2,   206 facts and    1183 exclusive pairs
            1070 ops   and  308326 exclusive pairs
time:   3,   269 facts and    2830 exclusive pairs
            1650 ops   and  689070 exclusive pairs
time:   4,   303 facts and    3239 exclusive pairs
            2536 ops   and 1473298 exclusive pairs
time:   5,   413 facts and    9128 exclusive pairs
            4399 ops   and 4154240 exclusive pairs
time:   6,   493 facts and   13023 exclusive pairs
            7874 ops   and 14133172 exclusive pairs
time:   7,   608 facts and   20188 exclusive pairs
NO MEMORY in file memory.c:390


EXIT: Out of memory (Check_PTR)

Memory limit exceeded: bb system call, OR Time limit exceeded: bb system call, OR bb internal error
Command exited with non-zero status 2
__MEMKB 524160
