---SatPlan Version: 1.1

bb: parsing domain file
domain 'PIPESWORLD_STRIPS' defined
 ... done.
bb: parsing problem file
problem 'P46-NET5-B26-G6_RT0_INSTANCE' defined
 ... done.


time:   0,   105 facts and       0 exclusive pairs
             154 ops   and     543 exclusive pairs
time:   1,   184 facts and     653 exclusive pairs

creating thin gp-based encoding...
plan graph layer 0...
plan graph layer 1...
goal constraints...

goal fact not coded - level too low??


bb: parsing domain file
domain 'PIPESWORLD_STRIPS' defined
 ... done.
bb: parsing problem file
problem 'P46-NET5-B26-G6_RT0_INSTANCE' defined
 ... done.


time:   0,   105 facts and       0 exclusive pairs
             154 ops   and     543 exclusive pairs
time:   1,   184 facts and     653 exclusive pairs
             375 ops   and    9895 exclusive pairs
time:   2,   239 facts and    1218 exclusive pairs

creating thin gp-based encoding...
plan graph layer 0...
plan graph layer 1...
plan graph layer 2...
goal constraints...

goal fact not coded - level too low??


bb: parsing domain file
domain 'PIPESWORLD_STRIPS' defined
 ... done.
bb: parsing problem file
problem 'P46-NET5-B26-G6_RT0_INSTANCE' defined
 ... done.


time:   0,   105 facts and       0 exclusive pairs
             154 ops   and     543 exclusive pairs
time:   1,   184 facts and     653 exclusive pairs
             375 ops   and    9895 exclusive pairs
time:   2,   239 facts and    1218 exclusive pairs
            1115 ops   and  199222 exclusive pairs
time:   3,   350 facts and    4438 exclusive pairs

creating thin gp-based encoding...
plan graph layer 0...
plan graph layer 1...
plan graph layer 2...
plan graph layer 3...
goal constraints...

goal fact not coded - level too low??


bb: parsing domain file
domain 'PIPESWORLD_STRIPS' defined
 ... done.
bb: parsing problem file
problem 'P46-NET5-B26-G6_RT0_INSTANCE' defined
 ... done.


time:   0,   105 facts and       0 exclusive pairs
             154 ops   and     543 exclusive pairs
time:   1,   184 facts and     653 exclusive pairs
             375 ops   and    9895 exclusive pairs
time:   2,   239 facts and    1218 exclusive pairs
            1115 ops   and  199222 exclusive pairs
time:   3,   350 facts and    4438 exclusive pairs
            2481 ops   and  987793 exclusive pairs
time:   4,   404 facts and    5725 exclusive pairs

creating thin gp-based encoding...
plan graph layer 0...
plan graph layer 1...
plan graph layer 2...
plan graph layer 3...
plan graph layer 4...
goal constraints...

goal fact not coded - level too low??


bb: parsing domain file
domain 'PIPESWORLD_STRIPS' defined
 ... done.
bb: parsing problem file
problem 'P46-NET5-B26-G6_RT0_INSTANCE' defined
 ... done.


time:   0,   105 facts and       0 exclusive pairs
             154 ops   and     543 exclusive pairs
time:   1,   184 facts and     653 exclusive pairs
             375 ops   and    9895 exclusive pairs
time:   2,   239 facts and    1218 exclusive pairs
            1115 ops   and  199222 exclusive pairs
time:   3,   350 facts and    4438 exclusive pairs
            2481 ops   and  987793 exclusive pairs
time:   4,   404 facts and    5725 exclusive pairs
            4146 ops   and 2986156 exclusive pairs
time:   5,   543 facts and   15577 exclusive pairs

creating thin gp-based encoding...
plan graph layer 0...
plan graph layer 1...
plan graph layer 2...
plan graph layer 3...
plan graph layer 4...
plan graph layer 5...
goal constraints...

goal fact not coded - level too low??


bb: parsing domain file
domain 'PIPESWORLD_STRIPS' defined
 ... done.
bb: parsing problem file
problem 'P46-NET5-B26-G6_RT0_INSTANCE' defined
 ... done.


time:   0,   105 facts and       0 exclusive pairs
             154 ops   and     543 exclusive pairs
time:   1,   184 facts and     653 exclusive pairs
             375 ops   and    9895 exclusive pairs
time:   2,   239 facts and    1218 exclusive pairs
            1115 ops   and  199222 exclusive pairs
time:   3,   350 facts and    4438 exclusive pairs
            2481 ops   and  987793 exclusive pairs
time:   4,   404 facts and    5725 exclusive pairs
            4146 ops   and 2986156 exclusive pairs
time:   5,   543 facts and   15577 exclusive pairs
            8202 ops   and 12938832 exclusive pairs
time:   6,   649 facts and   22692 exclusive pairs

creating thin gp-based encoding...
plan graph layer 0...
plan graph layer 1...
plan graph layer 2...
plan graph layer 3...
plan graph layer 4...
plan graph layer 5...
plan graph layer 6...
goal constraints...

goal fact not coded - level too low??


bb: parsing domain file
domain 'PIPESWORLD_STRIPS' defined
 ... done.
bb: parsing problem file
problem 'P46-NET5-B26-G6_RT0_INSTANCE' defined
 ... done.


time:   0,   105 facts and       0 exclusive pairs
             154 ops   and     543 exclusive pairs
time:   1,   184 facts and     653 exclusive pairs
             375 ops   and    9895 exclusive pairs
time:   2,   239 facts and    1218 exclusive pairs
            1115 ops   and  199222 exclusive pairs
time:   3,   350 facts and    4438 exclusive pairs
            2481 ops   and  987793 exclusive pairs
time:   4,   404 facts and    5725 exclusive pairs
            4146 ops   and 2986156 exclusive pairs
time:   5,   543 facts and   15577 exclusive pairs
            8202 ops   and 12938832 exclusive pairs
time:   6,   649 facts and   22692 exclusive pairs
NO MEMORY in file memory.c:390


EXIT: Out of memory (Check_PTR)

Memory limit exceeded: bb system call, OR Time limit exceeded: bb system call, OR bb internal error
Command exited with non-zero status 2
__MEMKB 524160
