Parsing...
Instantiating...
Starting instantiation [126 rules]...
Finding invariants...
Instantiating groups...
Choosing groups...
0 uncovered facts
Building translation key...
Building STRIPS to SAS dictionary...
Translating task...
Processing axioms...
Detecting unreachable propositions...
Removed false proposition: <none of those>
Removed false proposition: <none of those>
Removed false proposition: <none of those>
Removed false proposition: <none of those>
Removed true proposition: Atom normal(s13)
Removed false proposition: Atom pop-updating(s13)
Removed false proposition: Atom push-updating(s13)
Removed false proposition: <none of those>
Removed true proposition: Atom normal(s12)
Removed false proposition: Atom push-updating(s12)
Removed false proposition: Atom pop-updating(s12)
Removed false proposition: <none of those>
Removed false proposition: <none of those>
Removed false proposition: <none of those>
Removed false proposition: <none of those>
Removed false proposition: <none of those>
Removed false proposition: <none of those>
Removed false proposition: <none of those>
Removed false proposition: <none of those>
Removed false proposition: <none of those>
Removed false proposition: <none of those>
Removed false proposition: <none of those>
Removed false proposition: <none of those>
Removed false proposition: <none of those>
Removed false proposition: <none of those>
Removed false proposition: <none of those>
Removed false proposition: <none of those>
27 propositions removed.
Writing output...
Done!
Building causal graph...
The causal graph is not acyclic.
23 variables of 25 necessary
104 of 104 operators necessary.
0 of 0 axiom rules necessary.
Building domain transition graphs...
solveable in poly time 0
Building successor generator...
Writing output...
done

Simplifying transitions... done! (reduced from 728 to 518)
Initializing heuristic cache... done!
Conducting best first search.
Initializing causal graph heuristic...
Initializing HSP/FF heuristic...
Simplifying 520 unary operators... done! [520 unary operators]
Best heuristic value: 5/5 [expanded 1 state(s)]
Best heuristic value: 4/5 [expanded 2 state(s)]
Best heuristic value: 3/5 [expanded 3 state(s)]
Best heuristic value: 3/4 [expanded 4 state(s)]
Best heuristic value: 3/3 [expanded 6 state(s)]
Best heuristic value: 2/2 [expanded 9 state(s)]
Best heuristic value: 1/1 [expanded 10 state(s)]
Solution found!
pop-unitarypipe s13 b1 a1 a3 b5 lco oca1 ta1-1-oca1 ta3-1-lco
push-unitarypipe s12 b5 a1 a2 b4 oca1 lco ta1-1-oca1 ta2-1-lco
push-unitarypipe s13 b2 a1 a3 b1 gasoleo lco ta1-1-gasoleo ta3-1-lco
push-unitarypipe s12 b0 a1 a2 b5 oc1b oca1 ta1-1-oc1b ta2-1-oca1
push-unitarypipe s13 b3 a1 a3 b2 rat-a gasoleo ta1-1-rat-a ta3-1-gasoleo
Plan length: 5 step(s).
Expanded 11 state(s).
Generated 56 state(s).
Cache hits: 892
Cache misses: 1061
Search time: 0 seconds
Total time: 0 seconds
__MEMKB 10648
