Parsing...
Instantiating...
Starting instantiation [126 rules]...
Finding invariants...
Instantiating groups...
Choosing groups...
0 uncovered facts
Building translation key...
Building STRIPS to SAS dictionary...
Translating task...
Processing axioms...
Detecting unreachable propositions...
Removed false proposition: Atom follow(b6, b6)
Removed false proposition: <none of those>
Removed false proposition: Atom follow(b2, b2)
Removed false proposition: <none of those>
Removed false proposition: Atom follow(b11, b11)
Removed false proposition: <none of those>
Removed false proposition: Atom follow(b15, b15)
Removed false proposition: <none of those>
Removed false proposition: Atom follow(b13, b13)
Removed false proposition: <none of those>
Removed false proposition: Atom follow(b0, b0)
Removed false proposition: <none of those>
Removed false proposition: Atom follow(b5, b5)
Removed false proposition: <none of those>
Removed false proposition: Atom follow(b8, b8)
Removed false proposition: <none of those>
Removed false proposition: Atom follow(b14, b14)
Removed false proposition: <none of those>
Removed false proposition: Atom follow(b10, b10)
Removed false proposition: <none of those>
Removed false proposition: Atom follow(b7, b7)
Removed false proposition: <none of those>
Removed false proposition: Atom follow(b9, b9)
Removed false proposition: <none of those>
Removed false proposition: Atom follow(b3, b3)
Removed false proposition: <none of those>
Removed false proposition: <none of those>
Removed false proposition: <none of those>
Removed false proposition: Atom follow(b1, b1)
Removed false proposition: <none of those>
Removed false proposition: Atom follow(b4, b4)
Removed false proposition: <none of those>
Removed false proposition: Atom follow(b12, b12)
Removed false proposition: <none of those>
Removed false proposition: <none of those>
Removed false proposition: <none of those>
Removed false proposition: <none of those>
Removed false proposition: <none of those>
Removed false proposition: <none of those>
Removed false proposition: <none of those>
Removed false proposition: <none of those>
Removed false proposition: <none of those>
Removed false proposition: <none of those>
Removed false proposition: <none of those>
Removed false proposition: <none of those>
Removed false proposition: <none of those>
Removed false proposition: <none of those>
Removed false proposition: <none of those>
Removed false proposition: <none of those>
Removed false proposition: <none of those>
Removed false proposition: <none of those>
Removed false proposition: <none of those>
52 propositions removed.
Writing output...
Done!
Building causal graph...
The causal graph is not acyclic.
36 variables of 36 necessary
2820 of 2820 operators necessary.
0 of 0 axiom rules necessary.
Building domain transition graphs...
solveable in poly time 0
Building successor generator...
Writing output...
done

Simplifying transitions... done! (reduced from 11280 to 5161)
Initializing heuristic cache... done!
Conducting best first search.
Initializing causal graph heuristic...
Initializing HSP/FF heuristic...
Simplifying 11280 unary operators... done! [11280 unary operators]
Best heuristic value: 20/20 [expanded 1 state(s)]
Best heuristic value: 20/16 [expanded 6 state(s)]
Best heuristic value: 16/16 [expanded 7 state(s)]
Best heuristic value: 16/14 [expanded 13 state(s)]
Best heuristic value: 13/14 [expanded 16 state(s)]
Best heuristic value: 13/13 [expanded 17 state(s)]
Best heuristic value: 12/13 [expanded 18 state(s)]
Best heuristic value: 12/12 [expanded 23 state(s)]
Best heuristic value: 11/11 [expanded 51 state(s)]
Best heuristic value: 10/11 [expanded 55 state(s)]
Best heuristic value: 10/10 [expanded 59 state(s)]
Best heuristic value: 10/9 [expanded 695 state(s)]
Best heuristic value: 10/8 [expanded 736 state(s)]
Best heuristic value: 9/8 [expanded 747 state(s)]
Best heuristic value: 8/7 [expanded 2884 state(s)]
Best heuristic value: 7/6 [expanded 2886 state(s)]
Best heuristic value: 6/5 [expanded 2887 state(s)]
Best heuristic value: 5/5 [expanded 4093 state(s)]
Best heuristic value: 4/5 [expanded 4204 state(s)]
Best heuristic value: 3/5 [expanded 4205 state(s)]
Best heuristic value: 3/4 [expanded 4206 state(s)]
Best heuristic value: 3/3 [expanded 4207 state(s)]
Best heuristic value: 3/2 [expanded 4210 state(s)]
Best heuristic value: 2/2 [expanded 4862 state(s)]
Best heuristic value: 2/1 [expanded 4866 state(s)]
Solution found!
pop-start s12 b8 a1 a2 b15 oc1b gasoleo ta2-1-oc1b
pop-end s12 a1 a2 b1 b15 rat-a ta1-1-rat-a
pop-start s12 b14 a1 a2 b8 oca1 oc1b ta2-1-oca1
pop-end s12 a1 a2 b15 b8 oca1 ta1-1-oca1
push-start s12 b0 a1 a2 b8 oc1b oc1b ta1-1-oc1b
push-end s12 a1 a2 b14 b8 oca1 ta2-1-oca1
push-start s12 b6 a1 a2 b0 lco oc1b ta1-1-lco
pop-start s13 b9 a1 a3 b3 oca1 oca1 ta3-1-oca1
pop-end s13 a1 a3 b10 b3 oc1b ta1-1-oc1b
pop-start s13 b11 a1 a3 b9 lco oca1 ta3-2-lco
pop-end s13 a1 a3 b3 b9 lco ta1-1-lco
push-start s13 b10 a1 a3 b9 oca1 oca1 ta1-1-oca1
push-end s13 a1 a3 b11 b9 lco ta3-2-lco
push-end s12 a1 a2 b8 b0 oc1b ta2-1-oc1b
pop-start s12 b8 a1 a2 b0 oc1b oc1b ta2-1-oc1b
pop-end s12 a1 a2 b6 b0 oca1 ta1-1-oca1
push-start s12 b6 a1 a2 b0 lco oc1b ta1-1-lco
push-start s13 b3 a1 a3 b10 oca1 oca1 ta1-1-oca1
push-end s12 a1 a2 b8 b0 oc1b ta2-1-oc1b
pop-start s12 b14 a1 a2 b0 oca1 oc1b ta2-1-oca1
pop-end s12 a1 a2 b6 b0 oca1 ta1-1-oca1
pop-start s12 b8 a1 a2 b14 oc1b oca1 ta2-1-oc1b
push-end s13 a1 a3 b9 b10 oca1 ta3-1-oca1
pop-end s12 a1 a2 b0 b14 lco ta1-1-lco
push-start s12 b6 a1 a2 b14 lco oca1 ta1-1-lco
push-end s12 a1 a2 b8 b14 oc1b ta2-1-oc1b
push-start s12 b0 a1 a2 b6 oc1b lco ta1-1-oc1b
push-end s12 a1 a2 b14 b6 oca1 ta2-1-oca1
pop-start s13 b9 a1 a3 b10 oca1 oca1 ta3-1-oca1
pop-end s13 a1 a3 b3 b10 oc1b ta1-1-oc1b
push-start s12 b3 a1 a2 b0 oca1 oc1b ta1-1-oca1
push-end s12 a1 a2 b6 b0 lco ta2-1-lco
pop-start s12 b14 a1 a2 b0 oca1 oc1b ta2-1-oca1
pop-end s12 a1 a2 b3 b0 lco ta1-1-lco
pop-start s12 b8 a1 a2 b14 oc1b oca1 ta2-1-oc1b
pop-end s12 a1 a2 b0 b14 oca1 ta1-1-oca1
push-start s13 b0 a1 a3 b10 oc1b oca1 ta1-1-oc1b
pop-start s12 b7 a1 a2 b8 oca1 oc1b ta2-2-oca1
pop-end s12 a1 a2 b14 b8 oc1b ta1-1-oc1b
push-end s13 a1 a3 b9 b10 oca1 ta3-1-oca1
push-start s12 b3 a1 a2 b8 oca1 oc1b ta1-1-oca1
pop-start s13 b9 a1 a3 b10 oca1 oca1 ta3-1-oca1
pop-end s13 a1 a3 b0 b10 oca1 ta1-1-oca1
push-end s12 a1 a2 b7 b8 oca1 ta2-1-oca1
push-start s12 b0 a1 a2 b3 oc1b oca1 ta1-1-oc1b
push-end s12 a1 a2 b8 b3 oc1b ta2-1-oc1b
push-start s12 b14 a1 a2 b0 oca1 oc1b ta1-1-oca1
push-end s12 a1 a2 b3 b0 oca1 ta2-2-oca1
pop-start s12 b8 a1 a2 b0 oc1b oc1b ta2-1-oc1b
pop-end s12 a1 a2 b14 b0 oc1b ta1-1-oc1b
pop-start s12 b7 a1 a2 b8 oca1 oc1b ta2-1-oca1
pop-end s12 a1 a2 b0 b8 oca1 ta1-1-oca1
push-start s13 b0 a1 a3 b10 oc1b oca1 ta1-1-oc1b
pop-start s12 b3 a1 a2 b7 oca1 oca1 ta2-2-oca1
pop-end s12 a1 a2 b8 b7 oc1b ta1-1-oc1b
push-start s12 b14 a1 a2 b7 oca1 oca1 ta1-1-oca1
push-end s12 a1 a2 b3 b7 oca1 ta2-1-oca1
push-end s13 a1 a3 b9 b10 oca1 ta3-1-oca1
pop-start s13 b9 a1 a3 b10 oca1 oca1 ta3-1-oca1
pop-end s13 a1 a3 b0 b10 oca1 ta1-1-oca1
push-start s13 b8 a1 a3 b10 oc1b oca1 ta1-1-oc1b
pop-start s12 b3 a1 a2 b7 oca1 oca1 ta2-1-oca1
pop-end s12 a1 a2 b14 b7 oc1b ta1-1-oc1b
push-start s12 b0 a1 a2 b7 oc1b oca1 ta1-1-oc1b
push-end s12 a1 a2 b3 b7 oca1 ta2-1-oca1
push-end s13 a1 a3 b9 b10 oca1 ta3-1-oca1
pop-start s13 b9 a1 a3 b10 oca1 oca1 ta3-1-oca1
pop-end s13 a1 a3 b8 b10 oc1b ta1-1-oc1b
push-start s13 b14 a1 a3 b10 oca1 oca1 ta1-1-oca1
push-end s13 a1 a3 b9 b10 oca1 ta3-1-oca1
pop-start s13 b9 a1 a3 b10 oca1 oca1 ta3-1-oca1
push-start s12 b8 a1 a2 b0 oc1b oc1b ta1-1-oc1b
pop-end s13 a1 a3 b14 b10 oc1b ta1-1-oc1b
push-end s12 a1 a2 b7 b0 oca1 ta2-2-oca1
pop-start s13 b11 a1 a3 b9 lco oca1 ta3-2-lco
pop-end s13 a1 a3 b10 b9 oca1 ta1-1-oca1
push-start s12 b10 a1 a2 b8 oca1 oc1b ta1-1-oca1
push-end s12 a1 a2 b0 b8 oc1b ta2-1-oc1b
pop-start s13 b2 a1 a3 b11 lco lco ta3-1-lco
pop-end s13 a1 a3 b9 b11 oca1 ta1-1-oca1
pop-start s12 b7 a1 a2 b8 oca1 oc1b ta2-1-oca1
push-start s13 b1 a1 a3 b11 rat-a lco ta1-1-rat-a
pop-end s12 a1 a2 b10 b8 rat-a ta1-1-rat-a
push-end s13 a1 a3 b2 b11 lco ta3-1-lco
push-start s12 b9 a1 a2 b8 oca1 oc1b ta1-1-oca1
push-end s12 a1 a2 b7 b8 oca1 ta2-1-oca1
pop-start s13 b2 a1 a3 b11 lco lco ta3-1-lco
pop-end s13 a1 a3 b1 b11 oca1 ta1-1-oca1
push-start s13 b10 a1 a3 b11 oca1 lco ta1-1-oca1
pop-start s12 b7 a1 a2 b8 oca1 oc1b ta2-1-oca1
pop-end s12 a1 a2 b9 b8 oca1 ta1-1-oca1
push-end s13 a1 a3 b2 b11 lco ta3-1-lco
push-start s13 b9 a1 a3 b10 oca1 oca1 ta1-1-oca1
push-end s13 a1 a3 b11 b10 lco ta3-2-lco
pop-start s12 b3 a1 a2 b7 oca1 oca1 ta2-2-oca1
pop-end s12 a1 a2 b8 b7 oca1 ta1-1-oca1
push-start s13 b8 a1 a3 b9 oc1b oca1 ta1-1-oc1b
push-end s13 a1 a3 b10 b9 oca1 ta3-1-oca1
Plan length: 98 step(s).
Expanded 4867 state(s).
Generated 21369 state(s).
Cache hits: 1481646
Cache misses: 15936876
Search time: 1.04 seconds
Total time: 1.1 seconds
__MEMKB 37088
