Parsing...
Instantiating...
Starting instantiation [126 rules]...
Finding invariants...
Instantiating groups...
Choosing groups...
0 uncovered facts
Building translation key...
Building STRIPS to SAS dictionary...
Translating task...
Processing axioms...
Detecting unreachable propositions...
Removed false proposition: Atom follow(b5, b5)
Removed false proposition: <none of those>
Removed false proposition: Atom follow(b0, b0)
Removed false proposition: <none of those>
Removed false proposition: Atom follow(b2, b2)
Removed false proposition: <none of those>
Removed false proposition: Atom follow(b4, b4)
Removed false proposition: <none of those>
Removed false proposition: Atom follow(b3, b3)
Removed false proposition: <none of those>
Removed false proposition: Atom follow(b13, b13)
Removed false proposition: <none of those>
Removed false proposition: Atom follow(b1, b1)
Removed false proposition: <none of those>
Removed false proposition: Atom follow(b8, b8)
Removed false proposition: <none of those>
Removed false proposition: Atom follow(b10, b10)
Removed false proposition: <none of those>
Removed false proposition: Atom follow(b6, b6)
Removed false proposition: <none of those>
Removed false proposition: Atom follow(b9, b9)
Removed false proposition: <none of those>
Removed false proposition: Atom follow(b11, b11)
Removed false proposition: <none of those>
Removed false proposition: Atom follow(b12, b12)
Removed false proposition: <none of those>
Removed false proposition: <none of those>
Removed false proposition: <none of those>
Removed false proposition: Atom follow(b7, b7)
Removed false proposition: <none of those>
Removed false proposition: <none of those>
Removed false proposition: <none of those>
Removed true proposition: Atom normal(s34)
Removed false proposition: Atom push-updating(s34)
Removed false proposition: Atom pop-updating(s34)
Removed false proposition: <none of those>
Removed false proposition: <none of those>
Removed false proposition: <none of those>
Removed false proposition: <none of those>
Removed false proposition: <none of those>
Removed false proposition: <none of those>
Removed false proposition: <none of those>
Removed false proposition: <none of those>
Removed false proposition: <none of those>
Removed false proposition: <none of those>
Removed false proposition: <none of those>
Removed false proposition: <none of those>
Removed false proposition: <none of those>
Removed false proposition: <none of those>
Removed false proposition: <none of those>
Removed false proposition: <none of those>
Removed false proposition: <none of those>
Removed false proposition: <none of those>
Removed false proposition: <none of those>
Removed false proposition: <none of those>
Removed false proposition: <none of those>
Removed false proposition: <none of those>
Removed false proposition: <none of those>
Removed false proposition: <none of those>
Removed false proposition: <none of those>
Removed false proposition: <none of those>
Removed false proposition: <none of those>
Removed false proposition: <none of those>
Removed false proposition: <none of those>
Removed false proposition: <none of those>
Removed false proposition: <none of those>
Removed false proposition: <none of those>
Removed false proposition: <none of those>
Removed false proposition: <none of those>
Removed false proposition: <none of those>
Removed false proposition: <none of those>
Removed false proposition: <none of those>
Removed false proposition: <none of those>
73 propositions removed.
Writing output...
Done!
Building causal graph...
The causal graph is not acyclic.
55 variables of 55 necessary
7588 of 7588 operators necessary.
0 of 0 axiom rules necessary.
Building domain transition graphs...
solveable in poly time 0
Building successor generator...
Writing output...
done

Simplifying transitions... done! (reduced from 68164 to 29266)
Initializing heuristic cache... done!
Conducting best first search.
Initializing causal graph heuristic...
Initializing HSP/FF heuristic...
Simplifying 32408 unary operators... done! [32408 unary operators]
Best heuristic value: 17/22 [expanded 1 state(s)]
Best heuristic value: 16/21 [expanded 2 state(s)]
Best heuristic value: 15/20 [expanded 4 state(s)]
Best heuristic value: 14/20 [expanded 5 state(s)]
Best heuristic value: 12/18 [expanded 6 state(s)]
Best heuristic value: 11/15 [expanded 7 state(s)]
Best heuristic value: 11/13 [expanded 9 state(s)]
Best heuristic value: 9/12 [expanded 10 state(s)]
Best heuristic value: 9/11 [expanded 14 state(s)]
Best heuristic value: 8/10 [expanded 24 state(s)]
Best heuristic value: 8/9 [expanded 28 state(s)]
Best heuristic value: 7/8 [expanded 39 state(s)]
Best heuristic value: 6/8 [expanded 41 state(s)]
Best heuristic value: 6/7 [expanded 59 state(s)]
Best heuristic value: 6/6 [expanded 5918 state(s)]
Best heuristic value: 5/4 [expanded 5920 state(s)]
Best heuristic value: 4/4 [expanded 5921 state(s)]
Best heuristic value: 3/2 [expanded 5922 state(s)]
