Parsing...
Instantiating...
Starting instantiation [126 rules]...
Finding invariants...
Instantiating groups...
Choosing groups...
0 uncovered facts
Building translation key...
Building STRIPS to SAS dictionary...
Translating task...
Processing axioms...
Detecting unreachable propositions...
Removed false proposition: Atom follow(b5, b5)
Removed false proposition: <none of those>
Removed false proposition: Atom follow(b0, b0)
Removed false proposition: <none of those>
Removed false proposition: Atom follow(b2, b2)
Removed false proposition: <none of those>
Removed false proposition: Atom follow(b4, b4)
Removed false proposition: <none of those>
Removed false proposition: Atom follow(b3, b3)
Removed false proposition: <none of those>
Removed false proposition: Atom follow(b13, b13)
Removed false proposition: <none of those>
Removed false proposition: Atom follow(b1, b1)
Removed false proposition: <none of those>
Removed false proposition: Atom follow(b8, b8)
Removed false proposition: <none of those>
Removed false proposition: Atom follow(b10, b10)
Removed false proposition: <none of those>
Removed false proposition: Atom follow(b6, b6)
Removed false proposition: <none of those>
Removed false proposition: Atom follow(b9, b9)
Removed false proposition: <none of those>
Removed false proposition: Atom follow(b11, b11)
Removed false proposition: <none of those>
Removed false proposition: Atom follow(b12, b12)
Removed false proposition: <none of those>
Removed false proposition: <none of those>
Removed false proposition: <none of those>
Removed false proposition: Atom follow(b7, b7)
Removed false proposition: <none of those>
Removed false proposition: <none of those>
Removed false proposition: <none of those>
Removed true proposition: Atom normal(s34)
Removed false proposition: Atom push-updating(s34)
Removed false proposition: Atom pop-updating(s34)
Removed false proposition: <none of those>
Removed false proposition: <none of those>
Removed false proposition: <none of those>
Removed false proposition: <none of those>
Removed false proposition: <none of those>
Removed false proposition: <none of those>
Removed false proposition: <none of those>
Removed false proposition: <none of those>
Removed false proposition: <none of those>
Removed false proposition: <none of those>
Removed false proposition: <none of those>
Removed false proposition: <none of those>
Removed false proposition: <none of those>
Removed false proposition: <none of those>
Removed false proposition: <none of those>
Removed false proposition: <none of those>
Removed false proposition: <none of those>
Removed false proposition: <none of those>
Removed false proposition: <none of those>
Removed false proposition: <none of those>
Removed false proposition: <none of those>
Removed false proposition: <none of those>
Removed false proposition: <none of those>
Removed false proposition: <none of those>
Removed false proposition: <none of those>
Removed false proposition: <none of those>
Removed false proposition: <none of those>
Removed false proposition: <none of those>
Removed false proposition: <none of those>
Removed false proposition: <none of those>
Removed false proposition: <none of those>
Removed false proposition: <none of those>
Removed false proposition: <none of those>
Removed false proposition: <none of those>
Removed false proposition: <none of those>
Removed false proposition: <none of those>
Removed false proposition: <none of those>
Removed false proposition: <none of those>
73 propositions removed.
Writing output...
Done!
Building causal graph...
The causal graph is not acyclic.
55 variables of 55 necessary
7588 of 7588 operators necessary.
0 of 0 axiom rules necessary.
Building domain transition graphs...
solveable in poly time 0
Building successor generator...
Writing output...
done

Simplifying transitions... done! (reduced from 68164 to 28186)
Initializing heuristic cache... done!
Conducting best first search.
Initializing causal graph heuristic...
Initializing HSP/FF heuristic...
Simplifying 32408 unary operators... done! [32408 unary operators]
Best heuristic value: 24/28 [expanded 1 state(s)]
Best heuristic value: 22/27 [expanded 2 state(s)]
Best heuristic value: 22/24 [expanded 4 state(s)]
Best heuristic value: 20/22 [expanded 5 state(s)]
Best heuristic value: 20/21 [expanded 7 state(s)]
Best heuristic value: 19/21 [expanded 14 state(s)]
Best heuristic value: 19/20 [expanded 34 state(s)]
Best heuristic value: 18/20 [expanded 38 state(s)]
Best heuristic value: 18/19 [expanded 40 state(s)]
Best heuristic value: 17/19 [expanded 43 state(s)]
Best heuristic value: 17/18 [expanded 49 state(s)]
Best heuristic value: 16/18 [expanded 50 state(s)]
Best heuristic value: 15/17 [expanded 51 state(s)]
Best heuristic value: 15/16 [expanded 65 state(s)]
Best heuristic value: 15/14 [expanded 69 state(s)]
Best heuristic value: 13/12 [expanded 71 state(s)]
Best heuristic value: 12/12 [expanded 76 state(s)]
Best heuristic value: 10/11 [expanded 83 state(s)]
Best heuristic value: 10/10 [expanded 90 state(s)]
Best heuristic value: 10/9 [expanded 93 state(s)]
Best heuristic value: 10/8 [expanded 97 state(s)]
Best heuristic value: 8/7 [expanded 101 state(s)]
Best heuristic value: 7/7 [expanded 126 state(s)]
Best heuristic value: 6/6 [expanded 128 state(s)]
Best heuristic value: 5/6 [expanded 131 state(s)]
Best heuristic value: 4/6 [expanded 4031 state(s)]
Best heuristic value: 3/6 [expanded 4032 state(s)]
Best heuristic value: 3/3 [expanded 4038 state(s)]
Best heuristic value: 3/2 [expanded 4040 state(s)]
Best heuristic value: 2/2 [expanded 12305 state(s)]
Best heuristic value: 2/1 [expanded 12311 state(s)]
Solution found!
pop-unitarypipe s34 b13 a3 a4 b12 lco oca1 ta3-1-oca1 ta4-1-lco
pop-start s13 b12 a1 a3 b3 oca1 gasoleo ta3-1-oca1
pop-end s13 a1 a3 b1 b3 gasoleo ta1-2-gasoleo
push-unitarypipe s34 b11 a3 a4 b13 oc1b lco ta3-1-oc1b ta4-1-lco
push-start s12 b9 a1 a2 b5 oc1b gasoleo ta1-2-oc1b
push-end s12 a1 a2 b2 b5 gasoleo ta2-3-gasoleo
pop-unitarypipe s34 b13 a3 a4 b11 lco oc1b ta3-3-oc1b ta4-1-lco
push-start s12 b1 a1 a2 b9 oc1b oc1b ta1-1-oc1b
pop-start s13 b4 a1 a3 b12 gasoleo oca1 ta3-1-gasoleo
pop-end s13 a1 a3 b3 b12 gasoleo ta1-1-gasoleo
pop-unitarypipe s34 b7 a3 a4 b13 rat-a lco ta3-1-lco ta4-1-rat-a
pop-start s13 b13 a1 a3 b4 lco gasoleo ta3-1-lco
push-end s12 a1 a2 b5 b9 gasoleo ta2-2-gasoleo
pop-end s13 a1 a3 b12 b4 oca1 ta1-1-oca1
push-start s12 b12 a1 a2 b1 oca1 oc1b ta1-1-oca1
push-end s12 a1 a2 b9 b1 oc1b ta2-3-oc1b
push-start s12 b3 a1 a2 b12 gasoleo oca1 ta1-2-gasoleo
push-end s12 a1 a2 b1 b12 oc1b ta2-1-oc1b
pop-start s13 b11 a1 a3 b13 oc1b lco ta3-3-oc1b
pop-end s13 a1 a3 b4 b13 gasoleo ta1-2-gasoleo
pop-start s12 b6 a1 a2 b12 oca1 oca1 ta2-1-oca1
pop-end s12 a1 a2 b3 b12 oc1b ta1-1-oc1b
push-start s13 b3 a1 a3 b13 gasoleo lco ta1-2-gasoleo
push-end s13 a1 a3 b11 b13 oc1b ta3-1-oc1b
push-start s13 b8 a1 a3 b3 oc1b gasoleo ta1-1-oc1b
push-end s13 a1 a3 b13 b3 lco ta3-1-lco
push-unitarypipe s34 b13 a3 a4 b7 lco rat-a ta3-1-lco ta4-1-rat-a
push-unitarypipe s34 b11 a3 a4 b13 oc1b lco ta3-1-oc1b ta4-1-lco
pop-unitarypipe s34 b10 a3 a4 b11 oc1b oc1b ta3-3-oc1b ta4-1-oc1b
pop-unitarypipe s34 b13 a3 a4 b10 lco oc1b ta3-2-oc1b ta4-1-lco
push-unitarypipe s34 b11 a3 a4 b13 oc1b lco ta3-3-oc1b ta4-1-lco
push-unitarypipe s34 b10 a3 a4 b11 oc1b oc1b ta3-2-oc1b ta4-1-oc1b
pop-unitarypipe s34 b13 a3 a4 b10 lco oc1b ta3-3-oc1b ta4-1-lco
pop-unitarypipe s34 b7 a3 a4 b13 rat-a lco ta3-1-lco ta4-1-rat-a
push-start s12 b4 a1 a2 b12 gasoleo oca1 ta1-1-gasoleo
push-end s12 a1 a2 b6 b12 oca1 ta2-1-oca1
pop-start s13 b13 a1 a3 b3 lco gasoleo ta3-1-lco
pop-end s13 a1 a3 b8 b3 oca1 ta1-1-oca1
pop-start s12 b6 a1 a2 b12 oca1 oca1 ta2-1-oca1
pop-end s12 a1 a2 b4 b12 oc1b ta1-2-oc1b
push-start s13 b8 a1 a3 b3 oc1b gasoleo ta1-2-oc1b
push-end s13 a1 a3 b13 b3 lco ta3-1-lco
pop-start s12 b2 a1 a2 b6 gasoleo oca1 ta2-3-gasoleo
pop-end s12 a1 a2 b12 b6 oc1b ta1-2-oc1b
push-start s13 b12 a1 a3 b8 oca1 oc1b ta1-1-oca1
push-end s13 a1 a3 b3 b8 gasoleo ta3-3-gasoleo
pop-start s13 b10 a1 a3 b8 oc1b oc1b ta3-3-oc1b
pop-end s13 a1 a3 b12 b8 oca1 ta1-1-oca1
push-start s12 b12 a1 a2 b6 oca1 oca1 ta1-1-oca1
push-end s12 a1 a2 b2 b6 gasoleo ta2-3-gasoleo
push-unitarypipe s34 b13 a3 a4 b7 lco rat-a ta3-1-lco ta4-1-rat-a
push-unitarypipe s34 b3 a3 a4 b13 gasoleo lco ta3-3-gasoleo ta4-1-lco
pop-unitarypipe s34 b7 a3 a4 b3 rat-a gasoleo ta3-3-gasoleo ta4-1-rat-a
pop-unitarypipe s34 b13 a3 a4 b7 lco rat-a ta3-1-rat-a ta4-1-lco
pop-start s12 b2 a1 a2 b6 gasoleo oca1 ta2-3-gasoleo
pop-end s12 a1 a2 b12 b6 oca1 ta1-1-oca1
pop-start s12 b1 a1 a2 b2 oc1b gasoleo ta2-3-oc1b
pop-end s12 a1 a2 b6 b2 gasoleo ta1-2-gasoleo
push-start s12 b12 a1 a2 b2 oca1 gasoleo ta1-1-oca1
push-end s12 a1 a2 b1 b2 oc1b ta2-3-oc1b
push-start s12 b4 a1 a2 b12 gasoleo oca1 ta1-2-gasoleo
push-end s12 a1 a2 b2 b12 gasoleo ta2-3-gasoleo
pop-start s12 b1 a1 a2 b12 oc1b oca1 ta2-3-oc1b
pop-end s12 a1 a2 b4 b12 oca1 ta1-1-oca1
push-start s12 b6 a1 a2 b12 oca1 oca1 ta1-1-oca1
push-end s12 a1 a2 b1 b12 oc1b ta2-3-oc1b
pop-start s13 b3 a1 a3 b10 gasoleo oc1b ta3-3-gasoleo
pop-end s13 a1 a3 b8 b10 gasoleo ta1-2-gasoleo
push-start s12 b8 a1 a2 b6 oc1b oca1 ta1-2-oc1b
push-end s12 a1 a2 b12 b6 oca1 ta2-1-oca1
Plan length: 70 step(s).
Expanded 12312 state(s).
Generated 147048 state(s).
Cache hits: 58638580
Cache misses: 92601860
Search time: 7.95 seconds
Total time: 8.19 seconds
__MEMKB 85260
