Parsing...
Instantiating...
Starting instantiation [126 rules]...
Finding invariants...
Instantiating groups...
Choosing groups...
0 uncovered facts
Building translation key...
Building STRIPS to SAS dictionary...
Translating task...
Processing axioms...
Detecting unreachable propositions...
Removed false proposition: Atom follow(b1, b1)
Removed false proposition: <none of those>
Removed false proposition: Atom follow(b6, b6)
Removed false proposition: <none of those>
Removed false proposition: Atom follow(b11, b11)
Removed false proposition: <none of those>
Removed false proposition: Atom follow(b12, b12)
Removed false proposition: <none of those>
Removed false proposition: Atom follow(b3, b3)
Removed false proposition: <none of those>
Removed false proposition: Atom follow(b7, b7)
Removed false proposition: <none of those>
Removed false proposition: Atom follow(b9, b9)
Removed false proposition: <none of those>
Removed false proposition: Atom follow(b4, b4)
Removed false proposition: <none of those>
Removed false proposition: Atom follow(b8, b8)
Removed false proposition: <none of those>
Removed false proposition: Atom follow(b13, b13)
Removed false proposition: <none of those>
Removed false proposition: <none of those>
Removed false proposition: <none of those>
Removed false proposition: <none of those>
Removed false proposition: <none of those>
Removed false proposition: <none of those>
Removed false proposition: <none of those>
Removed false proposition: <none of those>
Removed false proposition: <none of those>
Removed true proposition: Atom normal(s34)
Removed false proposition: Atom push-updating(s34)
Removed false proposition: Atom pop-updating(s34)
Removed false proposition: <none of those>
Removed false proposition: <none of those>
Removed false proposition: <none of those>
Removed false proposition: <none of those>
Removed false proposition: <none of those>
Removed false proposition: <none of those>
Removed false proposition: <none of those>
Removed false proposition: <none of those>
Removed false proposition: <none of those>
Removed false proposition: <none of those>
Removed false proposition: <none of those>
Removed false proposition: <none of those>
Removed false proposition: <none of those>
Removed false proposition: <none of those>
45 propositions removed.
Writing output...
Done!
Building causal graph...
The causal graph is not acyclic.
31 variables of 31 necessary
1991 of 1991 operators necessary.
0 of 0 axiom rules necessary.
Building domain transition graphs...
solveable in poly time 0
Building successor generator...
Writing output...
done

Simplifying transitions... done! (reduced from 10162 to 4524)
Initializing heuristic cache... done!
Conducting best first search.
Initializing causal graph heuristic...
Initializing HSP/FF heuristic...
Simplifying 8092 unary operators... done! [8092 unary operators]
Best heuristic value: 11/27 [expanded 1 state(s)]
Best heuristic value: 11/26 [expanded 2 state(s)]
Best heuristic value: 11/25 [expanded 6 state(s)]
Best heuristic value: 10/25 [expanded 7 state(s)]
Best heuristic value: 10/24 [expanded 8 state(s)]
Best heuristic value: 9/24 [expanded 18 state(s)]
Best heuristic value: 9/22 [expanded 23 state(s)]
Best heuristic value: 9/21 [expanded 24 state(s)]
Best heuristic value: 9/20 [expanded 186 state(s)]
Best heuristic value: 9/18 [expanded 192 state(s)]
Best heuristic value: 9/17 [expanded 197 state(s)]
Best heuristic value: 9/16 [expanded 215 state(s)]
Best heuristic value: 8/16 [expanded 217 state(s)]
Best heuristic value: 8/14 [expanded 220 state(s)]
Best heuristic value: 8/13 [expanded 761 state(s)]
Best heuristic value: 7/13 [expanded 1039 state(s)]
Best heuristic value: 6/13 [expanded 1041 state(s)]
Best heuristic value: 6/12 [expanded 1057 state(s)]
Best heuristic value: 6/10 [expanded 1927 state(s)]
Best heuristic value: 6/9 [expanded 1929 state(s)]
Best heuristic value: 6/8 [expanded 56554 state(s)]
Best heuristic value: 6/7 [expanded 56557 state(s)]
Best heuristic value: 5/7 [expanded 324274 state(s)]
Best heuristic value: 3/7 [expanded 324511 state(s)]
Best heuristic value: 3/6 [expanded 327528 state(s)]
Best heuristic value: 3/4 [expanded 327531 state(s)]
Best heuristic value: 3/3 [expanded 327534 state(s)]
Best heuristic value: 3/2 [expanded 327535 state(s)]
Best heuristic value: 2/2 [expanded 394699 state(s)]
Best heuristic value: 2/1 [expanded 394700 state(s)]
Solution found!
push-start s13 b8 a1 a3 b10 lco oca1 ta1-1-lco
push-end s13 a1 a3 b9 b10 oc1b ta3-1-oc1b
pop-start s13 b6 a1 a3 b10 gasoleo oca1 ta3-1-gasoleo
push-start s12 b1 a1 a2 b5 gasoleo rat-a ta1-1-gasoleo
pop-end s13 a1 a3 b8 b10 gasoleo ta1-1-gasoleo
push-end s12 a1 a2 b7 b5 oc1b ta2-1-oc1b
pop-unitarypipe s34 b0 a3 a4 b3 oca1 gasoleo ta3-1-gasoleo ta4-1-oca1
pop-start s13 b9 a1 a3 b6 oc1b gasoleo ta3-1-oc1b
pop-end s13 a1 a3 b10 b6 lco ta1-1-lco
push-start s13 b4 a1 a3 b6 oc1b gasoleo ta1-1-oc1b
push-end s13 a1 a3 b9 b6 oc1b ta3-1-oc1b
push-start s13 b8 a1 a3 b4 lco oc1b ta1-1-lco
push-unitarypipe s34 b9 a3 a4 b0 oc1b oca1 ta3-1-oc1b ta4-1-oca1
pop-start s12 b12 a1 a2 b5 gasoleo rat-a ta2-1-gasoleo
pop-end s12 a1 a2 b1 b5 oc1b ta1-1-oc1b
pop-start s12 b7 a1 a2 b12 oc1b gasoleo ta2-1-oc1b
pop-end s12 a1 a2 b5 b12 lco ta1-1-lco
push-start s12 b1 a1 a2 b12 gasoleo gasoleo ta1-1-gasoleo
push-end s12 a1 a2 b7 b12 oc1b ta2-1-oc1b
pop-unitarypipe s34 b0 a3 a4 b9 oca1 oc1b ta3-1-oc1b ta4-1-oca1
push-unitarypipe s34 b3 a3 a4 b0 gasoleo oca1 ta3-1-gasoleo ta4-1-oca1
push-end s13 a1 a3 b6 b4 gasoleo ta3-1-gasoleo
pop-start s13 b9 a1 a3 b4 oc1b oc1b ta3-1-oc1b
pop-end s13 a1 a3 b8 b4 gasoleo ta1-1-gasoleo
push-start s13 b8 a1 a3 b4 lco oc1b ta1-1-lco
push-end s13 a1 a3 b9 b4 oc1b ta3-1-oc1b
pop-start s13 b6 a1 a3 b4 gasoleo oc1b ta3-1-gasoleo
pop-end s13 a1 a3 b8 b4 lco ta1-1-lco
push-start s12 b8 a1 a2 b1 lco gasoleo ta1-1-lco
push-end s12 a1 a2 b12 b1 gasoleo ta2-1-gasoleo
push-start s23 b12 a2 a3 b2 gasoleo rat-a ta2-1-gasoleo
push-end s23 a2 a3 b11 b13 gasoleo ta3-1-gasoleo
pop-start s13 b11 a1 a3 b6 gasoleo gasoleo ta3-1-gasoleo
pop-end s13 a1 a3 b4 b6 lco ta1-1-lco
push-start s12 b4 a1 a2 b8 oc1b lco ta1-1-oc1b
push-end s12 a1 a2 b1 b8 gasoleo ta2-1-gasoleo
pop-start s12 b7 a1 a2 b8 oc1b lco ta2-1-oc1b
pop-end s12 a1 a2 b4 b8 oc1b ta1-1-oc1b
push-start s13 b4 a1 a3 b6 oc1b gasoleo ta1-1-oc1b
push-end s13 a1 a3 b11 b6 gasoleo ta3-1-gasoleo
pop-start s23 b11 a2 a3 b13 gasoleo lco ta3-1-gasoleo
pop-end s23 a2 a3 b12 b2 oc1b ta2-1-oc1b
pop-start s12 b1 a1 a2 b7 gasoleo oc1b ta2-1-gasoleo
pop-end s12 a1 a2 b8 b7 oc1b ta1-1-oc1b
push-start s13 b8 a1 a3 b4 lco oc1b ta1-1-lco
push-end s13 a1 a3 b6 b4 gasoleo ta3-1-gasoleo
pop-start s23 b9 a2 a3 b11 oc1b gasoleo ta3-1-oc1b
pop-end s23 a2 a3 b2 b13 gasoleo ta2-1-gasoleo
pop-start s12 b12 a1 a2 b1 gasoleo gasoleo ta2-1-gasoleo
pop-end s12 a1 a2 b7 b1 lco ta1-1-lco
push-start s13 b7 a1 a3 b8 oc1b lco ta1-1-oc1b
push-end s13 a1 a3 b4 b8 oc1b ta3-1-oc1b
push-unitarypipe s34 b4 a3 a4 b3 oc1b gasoleo ta3-1-oc1b ta4-1-gasoleo
push-unitarypipe s34 b6 a3 a4 b4 gasoleo oc1b ta3-1-gasoleo ta4-1-oc1b
pop-unitarypipe s34 b3 a3 a4 b6 gasoleo gasoleo ta3-1-gasoleo ta4-1-gasoleo
pop-start s13 b6 a1 a3 b8 gasoleo lco ta3-1-gasoleo
pop-unitarypipe s34 b0 a3 a4 b3 oca1 gasoleo ta3-1-gasoleo ta4-1-oca1
pop-end s13 a1 a3 b7 b8 oc1b ta1-1-oc1b
push-start s12 b7 a1 a2 b1 oc1b gasoleo ta1-1-oc1b
push-end s12 a1 a2 b12 b1 gasoleo ta2-1-gasoleo
push-start s23 b12 a2 a3 b13 gasoleo lco ta2-1-gasoleo
push-end s23 a2 a3 b9 b11 oc1b ta3-1-oc1b
pop-start s13 b9 a1 a3 b6 oc1b gasoleo ta3-1-oc1b
pop-end s13 a1 a3 b8 b6 oc1b ta1-1-oc1b
push-start s12 b8 a1 a2 b7 lco oc1b ta1-1-lco
push-end s12 a1 a2 b1 b7 gasoleo ta2-1-gasoleo
push-unitarypipe s34 b3 a3 a4 b0 gasoleo oca1 ta3-1-gasoleo ta4-1-oca1
push-start s23 b1 a2 a3 b12 gasoleo gasoleo ta2-1-gasoleo
push-end s23 a2 a3 b11 b13 gasoleo ta3-1-gasoleo
pop-start s13 b11 a1 a3 b9 gasoleo oc1b ta3-1-gasoleo
pop-unitarypipe s34 b0 a3 a4 b3 oca1 gasoleo ta3-1-gasoleo ta4-1-oca1
pop-end s13 a1 a3 b6 b9 lco ta1-1-lco
push-start s13 b6 a1 a3 b9 gasoleo oc1b ta1-1-gasoleo
pop-start s23 b3 a2 a3 b13 gasoleo lco ta3-1-gasoleo
push-end s13 a1 a3 b11 b9 gasoleo ta3-1-gasoleo
pop-end s23 a2 a3 b1 b12 gasoleo ta2-1-gasoleo
pop-start s12 b1 a1 a2 b7 gasoleo oc1b ta2-1-gasoleo
pop-end s12 a1 a2 b8 b7 gasoleo ta1-1-gasoleo
push-start s13 b8 a1 a3 b6 lco gasoleo ta1-1-lco
push-end s13 a1 a3 b9 b6 oc1b ta3-1-oc1b
pop-start s23 b11 a2 a3 b3 gasoleo gasoleo ta3-1-gasoleo
pop-end s23 a2 a3 b12 b13 gasoleo ta2-1-gasoleo
pop-start s12 b12 a1 a2 b1 gasoleo gasoleo ta2-1-gasoleo
pop-end s12 a1 a2 b7 b1 lco ta1-1-lco
push-start s13 b7 a1 a3 b8 oc1b lco ta1-1-oc1b
push-end s13 a1 a3 b6 b8 gasoleo ta3-1-gasoleo
pop-start s13 b9 a1 a3 b8 oc1b lco ta3-1-oc1b
pop-end s13 a1 a3 b7 b8 oc1b ta1-1-oc1b
push-start s12 b7 a1 a2 b1 oc1b gasoleo ta1-1-oc1b
push-end s12 a1 a2 b12 b1 gasoleo ta2-1-gasoleo
push-start s23 b12 a2 a3 b13 gasoleo lco ta2-1-gasoleo
push-unitarypipe s34 b6 a3 a4 b0 gasoleo oca1 ta3-1-gasoleo ta4-1-oca1
push-end s23 a2 a3 b11 b3 gasoleo ta3-1-gasoleo
pop-start s13 b11 a1 a3 b9 gasoleo oc1b ta3-1-gasoleo
pop-end s13 a1 a3 b8 b9 oc1b ta1-1-oc1b
push-start s12 b8 a1 a2 b7 lco oc1b ta1-1-lco
pop-unitarypipe s34 b0 a3 a4 b6 oca1 gasoleo ta3-1-gasoleo ta4-1-oca1
pop-start s13 b6 a1 a3 b11 gasoleo gasoleo ta3-1-gasoleo
pop-end s13 a1 a3 b9 b11 lco ta1-1-lco
push-start s13 b9 a1 a3 b11 oc1b gasoleo ta1-1-oc1b
push-end s13 a1 a3 b6 b11 gasoleo ta3-1-gasoleo
pop-start s23 b6 a2 a3 b3 gasoleo gasoleo ta3-1-gasoleo
pop-end s23 a2 a3 b12 b13 gasoleo ta2-1-gasoleo
push-start s23 b12 a2 a3 b13 gasoleo lco ta2-1-gasoleo
push-end s12 a1 a2 b1 b7 gasoleo ta2-1-gasoleo
pop-start s12 b1 a1 a2 b7 gasoleo oc1b ta2-1-gasoleo
pop-end s12 a1 a2 b8 b7 oc1b ta1-1-oc1b
push-start s13 b8 a1 a3 b9 lco oc1b ta1-1-lco
push-end s13 a1 a3 b11 b9 gasoleo ta3-1-gasoleo
push-unitarypipe s34 b11 a3 a4 b0 gasoleo oca1 ta3-1-gasoleo ta4-1-oca1
push-end s23 a2 a3 b6 b3 gasoleo ta3-1-gasoleo
pop-start s23 b6 a2 a3 b3 gasoleo gasoleo ta3-1-gasoleo
pop-unitarypipe s34 b0 a3 a4 b11 oca1 gasoleo ta3-1-gasoleo ta4-1-oca1
pop-end s23 a2 a3 b12 b13 gasoleo ta2-1-gasoleo
pop-start s12 b12 a1 a2 b1 gasoleo gasoleo ta2-1-gasoleo
pop-end s12 a1 a2 b7 b1 lco ta1-1-lco
push-start s13 b7 a1 a3 b8 oc1b lco ta1-1-oc1b
push-end s13 a1 a3 b9 b8 oc1b ta3-1-oc1b
pop-start s13 b11 a1 a3 b8 gasoleo lco ta3-1-gasoleo
pop-end s13 a1 a3 b7 b8 oc1b ta1-1-oc1b
push-start s12 b7 a1 a2 b1 oc1b gasoleo ta1-1-oc1b
pop-start s13 b9 a1 a3 b11 oc1b gasoleo ta3-1-oc1b
push-end s12 a1 a2 b12 b1 gasoleo ta2-1-gasoleo
push-start s23 b12 a2 a3 b13 gasoleo lco ta2-1-gasoleo
push-end s23 a2 a3 b6 b3 gasoleo ta3-1-gasoleo
pop-end s13 a1 a3 b8 b11 oc1b ta1-1-oc1b
push-start s12 b8 a1 a2 b7 lco oc1b ta1-1-lco
push-end s12 a1 a2 b1 b7 gasoleo ta2-1-gasoleo
pop-start s13 b6 a1 a3 b9 gasoleo oc1b ta3-1-gasoleo
pop-end s13 a1 a3 b11 b9 lco ta1-1-lco
Plan length: 130 step(s).
Expanded 394701 state(s).
Generated 1300354 state(s).
Cache hits: 217652712
Cache misses: 971823139
Search time: 78.68 seconds
Total time: 78.73 seconds
__MEMKB 96188
