Parsing...
Instantiating...
Starting instantiation [126 rules]...
Finding invariants...
Instantiating groups...
Choosing groups...
0 uncovered facts
Building translation key...
Building STRIPS to SAS dictionary...
Translating task...
Processing axioms...
Detecting unreachable propositions...
Removed false proposition: Atom follow(b0, b0)
Removed false proposition: <none of those>
Removed false proposition: Atom follow(b2, b2)
Removed false proposition: <none of those>
Removed false proposition: Atom follow(b9, b9)
Removed false proposition: <none of those>
Removed false proposition: Atom follow(b11, b11)
Removed false proposition: <none of those>
Removed false proposition: Atom follow(b4, b4)
Removed false proposition: <none of those>
Removed false proposition: Atom follow(b12, b12)
Removed false proposition: <none of those>
Removed false proposition: Atom follow(b7, b7)
Removed false proposition: <none of those>
Removed false proposition: Atom follow(b3, b3)
Removed false proposition: <none of those>
Removed false proposition: Atom follow(b5, b5)
Removed false proposition: <none of those>
Removed false proposition: Atom follow(b8, b8)
Removed false proposition: <none of those>
Removed false proposition: Atom follow(b14, b14)
Removed false proposition: <none of those>
Removed false proposition: Atom follow(b10, b10)
Removed false proposition: <none of those>
Removed false proposition: Atom follow(b13, b13)
Removed false proposition: <none of those>
Removed false proposition: Atom follow(b6, b6)
Removed false proposition: <none of those>
Removed false proposition: Atom follow(b1, b1)
Removed false proposition: <none of those>
Removed false proposition: Atom follow(b15, b15)
Removed false proposition: <none of those>
Removed false proposition: <none of those>
Removed false proposition: <none of those>
Removed false proposition: <none of those>
Removed false proposition: <none of those>
Removed false proposition: <none of those>
Removed false proposition: <none of those>
Removed false proposition: <none of those>
Removed true proposition: Atom normal(s34)
Removed false proposition: Atom push-updating(s34)
Removed false proposition: Atom pop-updating(s34)
Removed false proposition: <none of those>
Removed false proposition: <none of those>
Removed false proposition: <none of those>
Removed false proposition: <none of those>
Removed false proposition: <none of those>
Removed false proposition: <none of those>
Removed false proposition: <none of those>
Removed false proposition: <none of those>
Removed false proposition: <none of those>
Removed false proposition: <none of those>
Removed false proposition: <none of those>
Removed false proposition: <none of those>
Removed false proposition: <none of those>
Removed false proposition: <none of those>
Removed false proposition: <none of those>
Removed false proposition: <none of those>
Removed false proposition: <none of those>
Removed false proposition: <none of those>
Removed false proposition: <none of those>
Removed false proposition: <none of those>
Removed false proposition: <none of those>
Removed false proposition: <none of those>
Removed false proposition: <none of those>
Removed false proposition: <none of those>
Removed false proposition: <none of those>
Removed false proposition: <none of those>
Removed false proposition: <none of those>
Removed false proposition: <none of those>
Removed false proposition: <none of those>
Removed false proposition: <none of those>
Removed false proposition: <none of those>
Removed false proposition: <none of those>
Removed false proposition: <none of those>
Removed false proposition: <none of those>
Removed false proposition: <none of those>
Removed false proposition: <none of those>
Removed false proposition: <none of those>
Removed false proposition: <none of those>
Removed false proposition: <none of those>
Removed false proposition: <none of those>
Removed false proposition: <none of those>
83 propositions removed.
Writing output...
Done!
Building causal graph...
The causal graph is not acyclic.
63 variables of 63 necessary
12296 of 12296 operators necessary.
0 of 0 axiom rules necessary.
Building domain transition graphs...
solveable in poly time 0
Building successor generator...
Writing output...
done

Simplifying transitions... done! (reduced from 90238 to 48428)
Initializing heuristic cache... done!
Conducting best first search.
Initializing causal graph heuristic...
Initializing HSP/FF heuristic...
Simplifying 51220 unary operators... done! [51220 unary operators]
Best heuristic value: 26/37 [expanded 1 state(s)]
Best heuristic value: 26/35 [expanded 3 state(s)]
Best heuristic value: 24/35 [expanded 5 state(s)]
Best heuristic value: 24/34 [expanded 9 state(s)]
Best heuristic value: 24/33 [expanded 11 state(s)]
Best heuristic value: 23/32 [expanded 14 state(s)]
Best heuristic value: 21/32 [expanded 22 state(s)]
Best heuristic value: 21/30 [expanded 23 state(s)]
Best heuristic value: 21/29 [expanded 40 state(s)]
Best heuristic value: 20/29 [expanded 60 state(s)]
Best heuristic value: 19/29 [expanded 64 state(s)]
Best heuristic value: 18/29 [expanded 70 state(s)]
Best heuristic value: 18/27 [expanded 71 state(s)]
Best heuristic value: 18/26 [expanded 84 state(s)]
Best heuristic value: 18/24 [expanded 103 state(s)]
Best heuristic value: 17/24 [expanded 107 state(s)]
Best heuristic value: 17/20 [expanded 114 state(s)]
Best heuristic value: 17/19 [expanded 126 state(s)]
Best heuristic value: 16/19 [expanded 128 state(s)]
Best heuristic value: 15/19 [expanded 129 state(s)]
Best heuristic value: 15/17 [expanded 139 state(s)]
Best heuristic value: 13/17 [expanded 141 state(s)]
Best heuristic value: 13/16 [expanded 146 state(s)]
Best heuristic value: 11/14 [expanded 168 state(s)]
Best heuristic value: 8/13 [expanded 169 state(s)]
Best heuristic value: 7/11 [expanded 170 state(s)]
Best heuristic value: 7/10 [expanded 176 state(s)]
Best heuristic value: 7/9 [expanded 178 state(s)]
Best heuristic value: 6/7 [expanded 185 state(s)]
Best heuristic value: 5/6 [expanded 186 state(s)]
Best heuristic value: 5/5 [expanded 224 state(s)]
Best heuristic value: 4/3 [expanded 226 state(s)]
Best heuristic value: 3/3 [expanded 321 state(s)]
Best heuristic value: 2/3 [expanded 9522 state(s)]
Best heuristic value: 2/2 [expanded 9979 state(s)]
Solution found!
pop-start s23 b15 a2 a3 b1 rat-a rat-a ta3-2-rat-a
pop-unitarypipe s34 b11 a3 a4 b9 gasoleo lco ta3-2-lco ta4-2-gasoleo
push-unitarypipe s34 b6 a3 a4 b11 rat-a gasoleo ta3-1-rat-a ta4-2-gasoleo
pop-end s23 a2 a3 b0 b3 rat-a ta2-1-rat-a
pop-start s13 b5 a1 a3 b13 oca1 oca1 ta3-1-oca1
pop-unitarypipe s34 b2 a3 a4 b6 lco rat-a ta3-2-rat-a ta4-1-lco
pop-unitarypipe s34 b11 a3 a4 b2 gasoleo lco ta3-1-lco ta4-1-gasoleo
push-unitarypipe s34 b6 a3 a4 b11 rat-a gasoleo ta3-2-rat-a ta4-1-gasoleo
push-unitarypipe s34 b9 a3 a4 b6 lco rat-a ta3-2-lco ta4-1-rat-a
pop-end s13 a1 a3 b8 b13 gasoleo ta1-1-gasoleo
push-start s13 b4 a1 a3 b13 lco oca1 ta1-1-lco
push-end s13 a1 a3 b5 b13 oca1 ta3-3-oca1
pop-start s12 b0 a1 a2 b10 gasoleo oca1 ta2-1-gasoleo
pop-start s23 b2 a2 a3 b15 lco rat-a ta3-1-lco
pop-end s23 a2 a3 b3 b1 lco ta2-2-lco
pop-unitarypipe s34 b11 a3 a4 b9 gasoleo lco ta3-2-lco ta4-2-gasoleo
pop-end s12 a1 a2 b14 b10 rat-a ta1-1-rat-a
pop-start s23 b5 a2 a3 b2 oca1 lco ta3-3-oca1
pop-end s23 a2 a3 b1 b15 rat-a ta2-2-rat-a
pop-start s12 b1 a1 a2 b0 rat-a gasoleo ta2-2-rat-a
pop-end s12 a1 a2 b10 b0 oca1 ta1-2-oca1
push-start s13 b10 a1 a3 b4 oca1 lco ta1-2-oca1
push-end s13 a1 a3 b13 b4 oca1 ta3-1-oca1
pop-start s23 b13 a2 a3 b5 oca1 oca1 ta3-1-oca1
pop-end s23 a2 a3 b15 b2 gasoleo ta2-1-gasoleo
pop-start s12 b7 a1 a2 b1 gasoleo rat-a ta2-1-gasoleo
pop-end s12 a1 a2 b0 b1 gasoleo ta1-2-gasoleo
push-start s13 b0 a1 a3 b10 gasoleo oca1 ta1-2-gasoleo
push-end s13 a1 a3 b4 b10 lco ta3-1-lco
push-unitarypipe s34 b4 a3 a4 b11 lco gasoleo ta3-1-lco ta4-2-gasoleo
push-unitarypipe s34 b9 a3 a4 b4 lco lco ta3-2-lco ta4-1-lco
pop-unitarypipe s34 b11 a3 a4 b9 gasoleo lco ta3-2-lco ta4-2-gasoleo
pop-start s13 b9 a1 a3 b10 lco oca1 ta3-2-lco
pop-end s13 a1 a3 b0 b10 rat-a ta1-2-rat-a
pop-start s12 b15 a1 a2 b7 rat-a gasoleo ta2-1-rat-a
pop-end s12 a1 a2 b1 b7 lco ta1-2-lco
pop-unitarypipe s34 b12 a3 a4 b11 gasoleo gasoleo ta3-2-gasoleo ta4-1-gasoleo
pop-start s23 b11 a2 a3 b13 gasoleo oca1 ta3-2-gasoleo
pop-end s23 a2 a3 b2 b5 rat-a ta2-1-rat-a
push-start s12 b0 a1 a2 b7 gasoleo gasoleo ta1-1-gasoleo
push-end s12 a1 a2 b15 b7 rat-a ta2-2-rat-a
push-start s23 b2 a2 a3 b5 lco oca1 ta2-2-lco
push-end s23 a2 a3 b11 b13 gasoleo ta3-1-gasoleo
pop-start s12 b15 a1 a2 b7 rat-a gasoleo ta2-2-rat-a
pop-end s12 a1 a2 b0 b7 oca1 ta1-2-oca1
push-start s13 b8 a1 a3 b10 oca1 oca1 ta1-2-oca1
push-end s13 a1 a3 b9 b10 lco ta3-2-lco
push-start s12 b1 a1 a2 b7 rat-a gasoleo ta1-1-rat-a
push-end s12 a1 a2 b15 b7 rat-a ta2-2-rat-a
pop-start s12 b15 a1 a2 b7 rat-a gasoleo ta2-2-rat-a
pop-end s12 a1 a2 b1 b7 oc1b ta1-1-oc1b
push-start s12 b14 a1 a2 b7 oc1b gasoleo ta1-1-oc1b
pop-start s23 b11 a2 a3 b13 gasoleo oca1 ta3-1-gasoleo
push-end s12 a1 a2 b15 b7 rat-a ta2-2-rat-a
pop-end s23 a2 a3 b2 b5 lco ta2-1-lco
pop-start s12 b2 a1 a2 b7 lco gasoleo ta2-1-lco
pop-end s12 a1 a2 b14 b7 oc1b ta1-1-oc1b
pop-start s12 b15 a1 a2 b2 rat-a lco ta2-2-rat-a
pop-end s12 a1 a2 b7 b2 oca1 ta1-3-oca1
push-start s13 b14 a1 a3 b8 oc1b oca1 ta1-1-oc1b
push-end s13 a1 a3 b10 b8 oca1 ta3-3-oca1
pop-start s23 b10 a2 a3 b11 oca1 gasoleo ta3-3-oca1
pop-end s23 a2 a3 b5 b13 oca1 ta2-3-oca1
push-start s12 b1 a1 a2 b2 rat-a lco ta1-2-rat-a
push-end s12 a1 a2 b15 b2 rat-a ta2-2-rat-a
pop-start s12 b3 a1 a2 b2 oca1 lco ta2-3-oca1
pop-end s12 a1 a2 b1 b2 oca1 ta1-2-oca1
pop-start s23 b9 a2 a3 b10 lco oca1 ta3-2-lco
pop-end s23 a2 a3 b13 b11 oca1 ta2-1-oca1
pop-start s12 b13 a1 a2 b3 oca1 oca1 ta2-1-oca1
pop-end s12 a1 a2 b2 b3 rat-a ta1-1-rat-a
Plan length: 71 step(s).
Expanded 9981 state(s).
Generated 112890 state(s).
Cache hits: 97478759
Cache misses: 176588863
Search time: 12.42 seconds
Total time: 12.76 seconds
__MEMKB 129792
