Parsing...
Instantiating...
Starting instantiation [126 rules]...
Finding invariants...
Instantiating groups...
Choosing groups...
0 uncovered facts
Building translation key...
Building STRIPS to SAS dictionary...
Translating task...
Processing axioms...
Detecting unreachable propositions...
Removed false proposition: Atom follow(b19, b19)
Removed false proposition: <none of those>
Removed false proposition: Atom follow(b0, b0)
Removed false proposition: <none of those>
Removed false proposition: Atom follow(b2, b2)
Removed false proposition: <none of those>
Removed false proposition: Atom follow(b15, b15)
Removed false proposition: <none of those>
Removed false proposition: Atom follow(b13, b13)
Removed false proposition: <none of those>
Removed false proposition: Atom follow(b17, b17)
Removed false proposition: <none of those>
Removed false proposition: Atom follow(b18, b18)
Removed false proposition: <none of those>
Removed false proposition: Atom follow(b8, b8)
Removed false proposition: <none of those>
Removed false proposition: Atom follow(b5, b5)
Removed false proposition: <none of those>
Removed false proposition: Atom follow(b10, b10)
Removed false proposition: <none of those>
Removed false proposition: Atom follow(b14, b14)
Removed false proposition: <none of those>
Removed false proposition: Atom follow(b11, b11)
Removed false proposition: <none of those>
Removed false proposition: Atom follow(b16, b16)
Removed false proposition: <none of those>
Removed false proposition: Atom follow(b12, b12)
Removed false proposition: <none of those>
Removed false proposition: Atom follow(b6, b6)
Removed false proposition: <none of those>
Removed false proposition: Atom follow(b7, b7)
Removed false proposition: <none of those>
Removed false proposition: Atom follow(b4, b4)
Removed false proposition: <none of those>
Removed false proposition: Atom follow(b9, b9)
Removed false proposition: <none of those>
Removed false proposition: Atom follow(b1, b1)
Removed false proposition: <none of those>
Removed false proposition: Atom follow(b3, b3)
Removed false proposition: <none of those>
Removed false proposition: <none of those>
Removed false proposition: <none of those>
Removed false proposition: <none of those>
Removed false proposition: <none of those>
Removed false proposition: <none of those>
Removed true proposition: Atom normal(s34)
Removed false proposition: Atom push-updating(s34)
Removed false proposition: Atom pop-updating(s34)
Removed false proposition: <none of those>
Removed false proposition: <none of those>
Removed false proposition: <none of those>
Removed false proposition: <none of those>
Removed false proposition: <none of those>
Removed false proposition: <none of those>
Removed false proposition: <none of those>
Removed false proposition: <none of those>
Removed false proposition: <none of those>
Removed false proposition: <none of those>
Removed false proposition: <none of those>
Removed false proposition: <none of those>
Removed false proposition: <none of those>
Removed false proposition: <none of those>
Removed false proposition: <none of those>
Removed false proposition: <none of those>
Removed false proposition: <none of those>
Removed false proposition: <none of those>
Removed false proposition: <none of those>
Removed false proposition: <none of those>
Removed false proposition: <none of those>
Removed false proposition: <none of those>
Removed false proposition: <none of those>
Removed false proposition: <none of those>
Removed false proposition: <none of those>
Removed false proposition: <none of those>
Removed false proposition: <none of those>
Removed false proposition: <none of those>
Removed false proposition: <none of those>
Removed false proposition: <none of those>
Removed false proposition: <none of those>
Removed false proposition: <none of those>
Removed false proposition: <none of those>
Removed false proposition: <none of those>
Removed false proposition: <none of those>
Removed false proposition: <none of those>
Removed false proposition: <none of those>
Removed false proposition: <none of those>
Removed false proposition: <none of those>
Removed false proposition: <none of those>
Removed false proposition: <none of those>
Removed false proposition: <none of those>
Removed false proposition: <none of those>
Removed false proposition: <none of those>
Removed false proposition: <none of those>
Removed false proposition: <none of those>
Removed false proposition: <none of those>
Removed false proposition: <none of those>
Removed false proposition: <none of those>
Removed false proposition: <none of those>
Removed false proposition: <none of those>
99 propositions removed.
Writing output...
Done!
Building causal graph...
The causal graph is not acyclic.
74 variables of 75 necessary
22858 of 22858 operators necessary.
0 of 0 axiom rules necessary.
Building domain transition graphs...
solveable in poly time 0
Building successor generator...
Writing output...
done

Simplifying transitions... done! (reduced from 91432 to 31745)
Initializing heuristic cache... done!
Conducting best first search.
Initializing causal graph heuristic...
Initializing HSP/FF heuristic...
Simplifying 91432 unary operators... done! [91432 unary operators]
Best heuristic value: 19/22 [expanded 1 state(s)]
Best heuristic value: 19/20 [expanded 2 state(s)]
Best heuristic value: 17/20 [expanded 3 state(s)]
Best heuristic value: 17/18 [expanded 4 state(s)]
Best heuristic value: 14/17 [expanded 5 state(s)]
Best heuristic value: 13/17 [expanded 6 state(s)]
Best heuristic value: 11/16 [expanded 7 state(s)]
Best heuristic value: 10/15 [expanded 8 state(s)]
Best heuristic value: 9/15 [expanded 12 state(s)]
Best heuristic value: 8/15 [expanded 13 state(s)]
Best heuristic value: 8/14 [expanded 14 state(s)]
Best heuristic value: 8/13 [expanded 18 state(s)]
Best heuristic value: 7/13 [expanded 24 state(s)]
Best heuristic value: 6/13 [expanded 27 state(s)]
Best heuristic value: 6/11 [expanded 29 state(s)]
Best heuristic value: 6/10 [expanded 53 state(s)]
Best heuristic value: 6/9 [expanded 74 state(s)]
Best heuristic value: 6/8 [expanded 261 state(s)]
Best heuristic value: 5/8 [expanded 391 state(s)]
Best heuristic value: 5/7 [expanded 453 state(s)]
Best heuristic value: 5/6 [expanded 977 state(s)]
Best heuristic value: 4/6 [expanded 1032 state(s)]
Best heuristic value: 4/5 [expanded 1037 state(s)]
Best heuristic value: 4/4 [expanded 1038 state(s)]
Best heuristic value: 3/3 [expanded 1040 state(s)]
