Parsing...
Instantiating...
Starting instantiation [126 rules]...
Finding invariants...
Instantiating groups...
Choosing groups...
0 uncovered facts
Building translation key...
Building STRIPS to SAS dictionary...
Translating task...
Processing axioms...
Detecting unreachable propositions...
Removed false proposition: Atom follow(b19, b19)
Removed false proposition: <none of those>
Removed false proposition: Atom follow(b0, b0)
Removed false proposition: <none of those>
Removed false proposition: Atom follow(b2, b2)
Removed false proposition: <none of those>
Removed false proposition: Atom follow(b15, b15)
Removed false proposition: <none of those>
Removed false proposition: Atom follow(b13, b13)
Removed false proposition: <none of those>
Removed false proposition: Atom follow(b17, b17)
Removed false proposition: <none of those>
Removed false proposition: Atom follow(b18, b18)
Removed false proposition: <none of those>
Removed false proposition: Atom follow(b8, b8)
Removed false proposition: <none of those>
Removed false proposition: Atom follow(b5, b5)
Removed false proposition: <none of those>
Removed false proposition: Atom follow(b10, b10)
Removed false proposition: <none of those>
Removed false proposition: Atom follow(b14, b14)
Removed false proposition: <none of those>
Removed false proposition: Atom follow(b11, b11)
Removed false proposition: <none of those>
Removed false proposition: Atom follow(b16, b16)
Removed false proposition: <none of those>
Removed false proposition: Atom follow(b12, b12)
Removed false proposition: <none of those>
Removed false proposition: Atom follow(b6, b6)
Removed false proposition: <none of those>
Removed false proposition: Atom follow(b7, b7)
Removed false proposition: <none of those>
Removed false proposition: Atom follow(b4, b4)
Removed false proposition: <none of those>
Removed false proposition: Atom follow(b9, b9)
Removed false proposition: <none of those>
Removed false proposition: Atom follow(b1, b1)
Removed false proposition: <none of those>
Removed false proposition: Atom follow(b3, b3)
Removed false proposition: <none of those>
Removed false proposition: <none of those>
Removed false proposition: <none of those>
Removed false proposition: <none of those>
Removed false proposition: <none of those>
Removed false proposition: <none of those>
Removed true proposition: Atom normal(s34)
Removed false proposition: Atom push-updating(s34)
Removed false proposition: Atom pop-updating(s34)
Removed false proposition: <none of those>
Removed false proposition: <none of those>
Removed false proposition: <none of those>
Removed false proposition: <none of those>
Removed false proposition: <none of those>
Removed false proposition: <none of those>
Removed false proposition: <none of those>
Removed false proposition: <none of those>
Removed false proposition: <none of those>
Removed false proposition: <none of those>
Removed false proposition: <none of those>
Removed false proposition: <none of those>
Removed false proposition: <none of those>
Removed false proposition: <none of those>
Removed false proposition: <none of those>
Removed false proposition: <none of those>
Removed false proposition: <none of those>
Removed false proposition: <none of those>
Removed false proposition: <none of those>
Removed false proposition: <none of those>
Removed false proposition: <none of those>
Removed false proposition: <none of those>
Removed false proposition: <none of those>
Removed false proposition: <none of those>
Removed false proposition: <none of those>
Removed false proposition: <none of those>
Removed false proposition: <none of those>
Removed false proposition: <none of those>
Removed false proposition: <none of those>
Removed false proposition: <none of those>
Removed false proposition: <none of those>
Removed false proposition: <none of those>
Removed false proposition: <none of those>
Removed false proposition: <none of those>
Removed false proposition: <none of those>
Removed false proposition: <none of those>
Removed false proposition: <none of those>
Removed false proposition: <none of those>
Removed false proposition: <none of those>
Removed false proposition: <none of those>
Removed false proposition: <none of those>
Removed false proposition: <none of those>
Removed false proposition: <none of those>
Removed false proposition: <none of those>
Removed false proposition: <none of those>
Removed false proposition: <none of those>
Removed false proposition: <none of those>
Removed false proposition: <none of those>
Removed false proposition: <none of those>
Removed false proposition: <none of those>
Removed false proposition: <none of those>
99 propositions removed.
Writing output...
Done!
Building causal graph...
The causal graph is not acyclic.
74 variables of 75 necessary
22858 of 22858 operators necessary.
0 of 0 axiom rules necessary.
Building domain transition graphs...
solveable in poly time 0
Building successor generator...
Writing output...
done

Simplifying transitions... done! (reduced from 91432 to 31637)
Initializing heuristic cache... done!
Conducting best first search.
Initializing causal graph heuristic...
Initializing HSP/FF heuristic...
Simplifying 91432 unary operators... done! [91432 unary operators]
Best heuristic value: 26/29 [expanded 1 state(s)]
Best heuristic value: 25/28 [expanded 2 state(s)]
Best heuristic value: 23/26 [expanded 3 state(s)]
Best heuristic value: 22/26 [expanded 4 state(s)]
Best heuristic value: 20/26 [expanded 8 state(s)]
Best heuristic value: 20/25 [expanded 12 state(s)]
Best heuristic value: 20/24 [expanded 19 state(s)]
Best heuristic value: 19/23 [expanded 21 state(s)]
Best heuristic value: 17/22 [expanded 25 state(s)]
Best heuristic value: 17/21 [expanded 37 state(s)]
Best heuristic value: 17/20 [expanded 74 state(s)]
Best heuristic value: 15/20 [expanded 145 state(s)]
Best heuristic value: 15/18 [expanded 150 state(s)]
Best heuristic value: 14/18 [expanded 155 state(s)]
Best heuristic value: 13/18 [expanded 188 state(s)]
Best heuristic value: 13/17 [expanded 195 state(s)]
Best heuristic value: 12/17 [expanded 197 state(s)]
Best heuristic value: 11/17 [expanded 204 state(s)]
Best heuristic value: 10/17 [expanded 208 state(s)]
Best heuristic value: 10/16 [expanded 210 state(s)]
Best heuristic value: 9/16 [expanded 225 state(s)]
Best heuristic value: 9/14 [expanded 234 state(s)]
Best heuristic value: 9/13 [expanded 473 state(s)]
Best heuristic value: 9/12 [expanded 604 state(s)]
Best heuristic value: 9/11 [expanded 606 state(s)]
Best heuristic value: 8/11 [expanded 705 state(s)]
Best heuristic value: 8/9 [expanded 794 state(s)]
Best heuristic value: 8/8 [expanded 821 state(s)]
Best heuristic value: 8/6 [expanded 823 state(s)]
Best heuristic value: 8/5 [expanded 828 state(s)]
Best heuristic value: 6/5 [expanded 829 state(s)]
Best heuristic value: 6/4 [expanded 837 state(s)]
Best heuristic value: 5/4 [expanded 864 state(s)]
Best heuristic value: 4/3 [expanded 869 state(s)]
Best heuristic value: 3/3 [expanded 870 state(s)]
Best heuristic value: 3/2 [expanded 871 state(s)]
Best heuristic value: 2/2 [expanded 944 state(s)]
Best heuristic value: 2/1 [expanded 945 state(s)]
Solution found!
pop-unitarypipe s34 b16 a3 a4 b10 oca1 oc1b ta3-2-oc1b ta4-1-oca1
push-start s23 b14 a2 a3 b2 oc1b lco ta2-2-oc1b
push-end s23 a2 a3 b1 b19 rat-a ta3-3-rat-a
pop-start s12 b6 a1 a2 b8 oc1b gasoleo ta2-1-oc1b
pop-end s12 a1 a2 b18 b8 oca1 ta1-1-oca1
push-unitarypipe s34 b17 a3 a4 b16 gasoleo oca1 ta3-2-gasoleo ta4-1-oca1
push-unitarypipe s34 b1 a3 a4 b17 rat-a gasoleo ta3-3-rat-a ta4-1-gasoleo
pop-start s13 b13 a1 a3 b5 lco oc1b ta3-1-lco
pop-end s13 a1 a3 b4 b5 lco ta1-2-lco
push-start s23 b12 a2 a3 b14 oc1b oc1b ta2-3-oc1b
pop-start s13 b7 a1 a3 b13 rat-a lco ta3-1-rat-a
pop-end s13 a1 a3 b5 b13 rat-a ta1-3-rat-a
pop-start s13 b15 a1 a3 b7 gasoleo rat-a ta3-1-gasoleo
pop-end s13 a1 a3 b13 b7 oc1b ta1-2-oc1b
push-start s12 b5 a1 a2 b8 oc1b gasoleo ta1-2-oc1b
push-end s12 a1 a2 b6 b8 oc1b ta2-3-oc1b
push-start s12 b18 a1 a2 b5 lco oc1b ta1-2-lco
push-end s12 a1 a2 b8 b5 gasoleo ta2-1-gasoleo
push-end s23 a2 a3 b19 b2 lco ta3-3-lco
pop-start s13 b11 a1 a3 b15 oca1 gasoleo ta3-1-oca1
push-start s23 b6 a2 a3 b12 oc1b oc1b ta2-3-oc1b
pop-end s13 a1 a3 b7 b15 rat-a ta1-2-rat-a
push-end s23 a2 a3 b2 b14 lco ta3-2-lco
push-start s23 b8 a2 a3 b6 gasoleo oc1b ta2-1-gasoleo
push-start s12 b7 a1 a2 b18 rat-a lco ta1-3-rat-a
push-end s12 a1 a2 b5 b18 oc1b ta2-1-oc1b
pop-start s13 b19 a1 a3 b11 lco oca1 ta3-2-lco
pop-end s13 a1 a3 b15 b11 oc1b ta1-2-oc1b
push-end s23 a2 a3 b14 b12 oc1b ta3-1-oc1b
pop-start s13 b14 a1 a3 b19 oc1b lco ta3-1-oc1b
pop-end s13 a1 a3 b11 b19 rat-a ta1-1-rat-a
pop-start s13 b2 a1 a3 b14 lco oc1b ta3-3-lco
pop-end s13 a1 a3 b19 b14 oc1b ta1-3-oc1b
pop-start s13 b10 a1 a3 b2 oc1b lco ta3-2-oc1b
pop-end s13 a1 a3 b14 b2 oc1b ta1-1-oc1b
push-start s13 b11 a1 a3 b2 oca1 lco ta1-1-oca1
push-start s23 b5 a2 a3 b8 oc1b gasoleo ta2-1-oc1b
push-start s12 b4 a1 a2 b7 rat-a rat-a ta1-1-rat-a
push-end s12 a1 a2 b18 b7 lco ta2-2-lco
push-end s23 a2 a3 b12 b6 oc1b ta3-3-oc1b
push-start s23 b18 a2 a3 b5 lco oc1b ta2-2-lco
push-end s13 a1 a3 b10 b2 oc1b ta3-2-oc1b
push-start s13 b14 a1 a3 b11 oc1b oca1 ta1-2-oc1b
push-end s13 a1 a3 b2 b11 lco ta3-1-lco
pop-start s13 b12 a1 a3 b11 oc1b oca1 ta3-2-oc1b
pop-end s13 a1 a3 b14 b11 lco ta1-1-lco
push-end s23 a2 a3 b6 b8 oc1b ta3-2-oc1b
push-start s23 b9 a2 a3 b18 rat-a lco ta2-1-rat-a
push-end s23 a2 a3 b8 b5 gasoleo ta3-2-gasoleo
pop-start s13 b8 a1 a3 b12 gasoleo oc1b ta3-2-gasoleo
push-start s12 b19 a1 a2 b4 lco rat-a ta1-1-lco
push-end s12 a1 a2 b7 b4 rat-a ta2-3-rat-a
pop-end s13 a1 a3 b11 b12 lco ta1-2-lco
push-start s23 b7 a2 a3 b9 rat-a rat-a ta2-3-rat-a
push-end s23 a2 a3 b5 b18 oc1b ta3-1-oc1b
Plan length: 55 step(s).
Expanded 946 state(s).
Generated 25397 state(s).
Cache hits: 5124806
Cache misses: 8279859
Search time: 1.9 seconds
Total time: 2.34 seconds
__MEMKB 230948
