Parsing...
Instantiating...
Starting instantiation [126 rules]...
Finding invariants...
Instantiating groups...
Choosing groups...
0 uncovered facts
Building translation key...
Building STRIPS to SAS dictionary...
Translating task...
Processing axioms...
Detecting unreachable propositions...
Removed false proposition: Atom follow(b7, b7)
Removed false proposition: <none of those>
Removed false proposition: Atom follow(b14, b14)
Removed false proposition: <none of those>
Removed false proposition: Atom follow(b19, b19)
Removed false proposition: <none of those>
Removed false proposition: Atom follow(b1, b1)
Removed false proposition: <none of those>
Removed false proposition: Atom follow(b11, b11)
Removed false proposition: <none of those>
Removed false proposition: Atom follow(b0, b0)
Removed false proposition: <none of those>
Removed false proposition: Atom follow(b16, b16)
Removed false proposition: <none of those>
Removed false proposition: Atom follow(b2, b2)
Removed false proposition: <none of those>
Removed false proposition: Atom follow(b5, b5)
Removed false proposition: <none of those>
Removed false proposition: Atom follow(b13, b13)
Removed false proposition: <none of those>
Removed false proposition: Atom follow(b10, b10)
Removed false proposition: <none of those>
Removed false proposition: Atom follow(b21, b21)
Removed false proposition: <none of those>
Removed false proposition: Atom follow(b20, b20)
Removed false proposition: <none of those>
Removed false proposition: Atom follow(b9, b9)
Removed false proposition: <none of those>
Removed false proposition: Atom follow(b23, b23)
Removed false proposition: <none of those>
Removed false proposition: Atom follow(b15, b15)
Removed false proposition: <none of those>
Removed false proposition: Atom follow(b18, b18)
Removed false proposition: <none of those>
Removed false proposition: Atom follow(b8, b8)
Removed false proposition: <none of those>
Removed false proposition: Atom follow(b22, b22)
Removed false proposition: <none of those>
Removed false proposition: Atom follow(b6, b6)
Removed false proposition: <none of those>
Removed false proposition: Atom follow(b3, b3)
Removed false proposition: <none of those>
Removed false proposition: <none of those>
Removed false proposition: <none of those>
Removed false proposition: <none of those>
Removed false proposition: <none of those>
Removed false proposition: <none of those>
Removed false proposition: Atom follow(b4, b4)
Removed false proposition: <none of those>
Removed false proposition: Atom follow(b12, b12)
Removed false proposition: <none of those>
Removed false proposition: Atom follow(b17, b17)
Removed false proposition: <none of those>
Removed false proposition: <none of those>
Removed false proposition: <none of those>
Removed false proposition: <none of those>
Removed true proposition: Atom normal(s34)
Removed false proposition: Atom push-updating(s34)
Removed false proposition: Atom pop-updating(s34)
Removed false proposition: <none of those>
Removed false proposition: <none of those>
Removed false proposition: <none of those>
Removed false proposition: <none of those>
Removed false proposition: <none of those>
Removed false proposition: <none of those>
Removed false proposition: <none of those>
Removed false proposition: <none of those>
Removed false proposition: <none of those>
Removed false proposition: <none of those>
Removed false proposition: <none of those>
Removed false proposition: <none of those>
Removed false proposition: <none of those>
Removed false proposition: <none of those>
Removed false proposition: <none of those>
Removed false proposition: <none of those>
Removed false proposition: <none of those>
Removed false proposition: <none of those>
Removed false proposition: <none of those>
Removed false proposition: <none of those>
Removed false proposition: <none of those>
Removed false proposition: <none of those>
Removed false proposition: <none of those>
Removed false proposition: <none of those>
Removed false proposition: <none of those>
Removed false proposition: <none of those>
Removed false proposition: <none of those>
Removed false proposition: <none of those>
Removed false proposition: <none of those>
Removed false proposition: <none of those>
Removed false proposition: <none of those>
Removed false proposition: <none of those>
Removed false proposition: <none of those>
Removed false proposition: <none of those>
Removed false proposition: <none of those>
Removed false proposition: <none of those>
Removed false proposition: <none of those>
Removed false proposition: <none of those>
Removed false proposition: <none of those>
Removed false proposition: <none of those>
Removed false proposition: <none of those>
Removed false proposition: <none of those>
Removed false proposition: <none of those>
Removed false proposition: <none of those>
Removed false proposition: <none of those>
Removed false proposition: <none of those>
Removed false proposition: <none of those>
Removed false proposition: <none of those>
Removed false proposition: <none of those>
Removed false proposition: <none of those>
Removed false proposition: <none of those>
Removed false proposition: <none of those>
Removed false proposition: <none of those>
Removed false proposition: <none of those>
Removed false proposition: <none of those>
Removed false proposition: <none of those>
Removed false proposition: <none of those>
Removed false proposition: <none of those>
Removed false proposition: <none of those>
Removed false proposition: <none of those>
Removed false proposition: <none of those>
Removed false proposition: <none of those>
Removed false proposition: <none of those>
Removed false proposition: <none of those>
Removed false proposition: <none of those>
Removed false proposition: <none of those>
Removed false proposition: <none of those>
Removed false proposition: <none of those>
Removed false proposition: <none of those>
Removed false proposition: <none of those>
Removed false proposition: <none of those>
Removed false proposition: <none of those>
Removed false proposition: <none of those>
Removed false proposition: <none of those>
Removed false proposition: <none of those>
Removed false proposition: <none of those>
Removed false proposition: <none of those>
Removed false proposition: <none of those>
Removed false proposition: <none of those>
Removed false proposition: <none of those>
Removed false proposition: <none of those>
Removed false proposition: <none of those>
Removed false proposition: <none of those>
Removed false proposition: <none of those>
Removed false proposition: <none of those>
Removed false proposition: <none of those>
Removed false proposition: <none of those>
Removed false proposition: <none of those>
Removed false proposition: <none of those>
Removed false proposition: <none of those>
Removed false proposition: <none of those>
Removed false proposition: <none of those>
Removed false proposition: <none of those>
Removed false proposition: <none of those>
Removed false proposition: <none of those>
Removed false proposition: <none of those>
Removed false proposition: <none of those>
156 propositions removed.
Writing output...
Done!
Building causal graph...
The causal graph is not acyclic.
127 variables of 128 necessary
96396 of 96396 operators necessary.
0 of 0 axiom rules necessary.
Building domain transition graphs...
solveable in poly time 0
Building successor generator...
Writing output...
done

Simplifying transitions... done! (reduced from 385584 to 119166)
Initializing heuristic cache... done!
Conducting best first search.
Initializing causal graph heuristic...
Initializing HSP/FF heuristic...
Simplifying 385584 unary operators... done! [385584 unary operators]
Best heuristic value: 24/39 [expanded 1 state(s)]
Best heuristic value: 21/39 [expanded 2 state(s)]
Best heuristic value: 21/37 [expanded 4 state(s)]
Best heuristic value: 20/37 [expanded 11 state(s)]
Best heuristic value: 20/35 [expanded 12 state(s)]
Best heuristic value: 20/34 [expanded 16 state(s)]
Best heuristic value: 20/31 [expanded 31 state(s)]
Best heuristic value: 17/31 [expanded 36 state(s)]
Best heuristic value: 17/30 [expanded 51 state(s)]
Best heuristic value: 17/28 [expanded 71 state(s)]
Best heuristic value: 17/26 [expanded 707 state(s)]
Best heuristic value: 17/24 [expanded 713 state(s)]
Best heuristic value: 16/23 [expanded 715 state(s)]
Best heuristic value: 15/23 [expanded 717 state(s)]
Best heuristic value: 14/23 [expanded 830 state(s)]
Best heuristic value: 13/23 [expanded 836 state(s)]
Best heuristic value: 11/23 [expanded 838 state(s)]
Best heuristic value: 10/23 [expanded 848 state(s)]
Best heuristic value: 9/23 [expanded 850 state(s)]
Best heuristic value: 9/22 [expanded 1277 state(s)]
Best heuristic value: 9/21 [expanded 3417 state(s)]
Best heuristic value: 8/21 [expanded 3418 state(s)]
Best heuristic value: 8/20 [expanded 3428 state(s)]
Best heuristic value: 7/20 [expanded 3461 state(s)]
Best heuristic value: 7/19 [expanded 3692 state(s)]
Best heuristic value: 5/19 [expanded 3975 state(s)]
Best heuristic value: 5/17 [expanded 4690 state(s)]
Best heuristic value: 5/16 [expanded 5001 state(s)]
Best heuristic value: 5/15 [expanded 5041 state(s)]
Best heuristic value: 5/13 [expanded 5043 state(s)]
Best heuristic value: 5/12 [expanded 5417 state(s)]
Best heuristic value: 5/11 [expanded 5419 state(s)]
