Parsing...
Instantiating...
Starting instantiation [126 rules]...
Finding invariants...
Instantiating groups...
Choosing groups...
0 uncovered facts
Building translation key...
Building STRIPS to SAS dictionary...
Translating task...
Processing axioms...
Detecting unreachable propositions...
Removed false proposition: Atom follow(b20, b20)
Removed false proposition: <none of those>
Removed false proposition: Atom follow(b4, b4)
Removed false proposition: <none of those>
Removed false proposition: Atom follow(b19, b19)
Removed false proposition: <none of those>
Removed false proposition: Atom follow(b9, b9)
Removed false proposition: <none of those>
Removed false proposition: Atom follow(b1, b1)
Removed false proposition: <none of those>
Removed false proposition: Atom follow(b0, b0)
Removed false proposition: <none of those>
Removed false proposition: Atom follow(b2, b2)
Removed false proposition: <none of those>
Removed false proposition: Atom follow(b12, b12)
Removed false proposition: <none of those>
Removed false proposition: Atom follow(b13, b13)
Removed false proposition: <none of those>
Removed false proposition: Atom follow(b17, b17)
Removed false proposition: <none of those>
Removed false proposition: Atom follow(b8, b8)
Removed false proposition: <none of those>
Removed false proposition: Atom follow(b6, b6)
Removed false proposition: <none of those>
Removed false proposition: Atom follow(b25, b25)
Removed false proposition: <none of those>
Removed false proposition: Atom follow(b18, b18)
Removed false proposition: <none of those>
Removed false proposition: Atom follow(b24, b24)
Removed false proposition: <none of those>
Removed false proposition: Atom follow(b14, b14)
Removed false proposition: <none of those>
Removed false proposition: Atom follow(b23, b23)
Removed false proposition: <none of those>
Removed false proposition: Atom follow(b16, b16)
Removed false proposition: <none of those>
Removed false proposition: Atom follow(b22, b22)
Removed false proposition: <none of those>
Removed false proposition: Atom follow(b3, b3)
Removed false proposition: <none of those>
Removed false proposition: Atom follow(b10, b10)
Removed false proposition: <none of those>
Removed false proposition: Atom follow(b21, b21)
Removed false proposition: <none of those>
Removed false proposition: Atom follow(b7, b7)
Removed false proposition: <none of those>
Removed false proposition: Atom follow(b11, b11)
Removed false proposition: <none of those>
Removed false proposition: Atom follow(b15, b15)
Removed false proposition: <none of those>
Removed false proposition: Atom follow(b5, b5)
Removed false proposition: <none of those>
Removed false proposition: <none of those>
Removed false proposition: <none of those>
Removed false proposition: <none of those>
Removed false proposition: <none of those>
Removed false proposition: <none of those>
Removed true proposition: Atom normal(s34)
Removed false proposition: Atom push-updating(s34)
Removed false proposition: Atom pop-updating(s34)
Removed false proposition: <none of those>
Removed false proposition: <none of those>
Removed false proposition: <none of those>
Removed false proposition: <none of those>
Removed false proposition: <none of those>
Removed false proposition: <none of those>
Removed false proposition: <none of those>
Removed false proposition: <none of those>
Removed false proposition: <none of those>
Removed false proposition: <none of those>
Removed false proposition: <none of those>
Removed false proposition: <none of those>
Removed false proposition: <none of those>
Removed false proposition: <none of those>
Removed false proposition: <none of those>
Removed false proposition: <none of those>
Removed false proposition: <none of those>
Removed false proposition: <none of those>
Removed false proposition: <none of those>
Removed false proposition: <none of those>
Removed false proposition: <none of those>
Removed false proposition: <none of those>
Removed false proposition: <none of those>
Removed false proposition: <none of those>
Removed false proposition: <none of those>
Removed false proposition: <none of those>
Removed false proposition: <none of those>
Removed false proposition: <none of those>
Removed false proposition: <none of those>
Removed false proposition: <none of those>
Removed false proposition: <none of those>
Removed false proposition: <none of those>
Removed false proposition: <none of those>
Removed false proposition: <none of those>
Removed false proposition: <none of those>
Removed false proposition: <none of those>
Removed false proposition: <none of those>
Removed false proposition: <none of those>
Removed false proposition: <none of those>
Removed false proposition: <none of those>
Removed false proposition: <none of those>
Removed false proposition: <none of those>
Removed false proposition: <none of those>
Removed false proposition: <none of those>
Removed false proposition: <none of those>
Removed false proposition: <none of those>
Removed false proposition: <none of those>
Removed false proposition: <none of those>
Removed false proposition: <none of those>
Removed false proposition: <none of those>
Removed false proposition: <none of those>
Removed false proposition: <none of those>
Removed false proposition: <none of those>
Removed false proposition: <none of those>
Removed false proposition: <none of those>
Removed false proposition: <none of those>
Removed false proposition: <none of those>
Removed false proposition: <none of those>
Removed false proposition: <none of those>
Removed false proposition: <none of those>
Removed false proposition: <none of those>
Removed false proposition: <none of those>
Removed false proposition: <none of those>
Removed false proposition: <none of those>
Removed false proposition: <none of those>
Removed false proposition: <none of those>
Removed false proposition: <none of those>
Removed false proposition: <none of those>
Removed false proposition: <none of those>
Removed false proposition: <none of those>
Removed false proposition: <none of those>
Removed false proposition: <none of those>
Removed false proposition: <none of those>
Removed false proposition: <none of those>
Removed false proposition: <none of those>
135 propositions removed.
Writing output...
Done!
Building causal graph...
The causal graph is not acyclic.
104 variables of 105 necessary
63904 of 63904 operators necessary.
0 of 0 axiom rules necessary.
Building domain transition graphs...
solveable in poly time 0
Building successor generator...
Writing output...
done

Simplifying transitions... done! (reduced from 255616 to 82479)
Initializing heuristic cache... done!
Conducting best first search.
Initializing causal graph heuristic...
Initializing HSP/FF heuristic...
Simplifying 255616 unary operators... done! [255616 unary operators]
Best heuristic value: 18/39 [expanded 1 state(s)]
Best heuristic value: 18/35 [expanded 2 state(s)]
Best heuristic value: 18/34 [expanded 5 state(s)]
Best heuristic value: 18/30 [expanded 9 state(s)]
Best heuristic value: 17/29 [expanded 13 state(s)]
Best heuristic value: 17/25 [expanded 15 state(s)]
Best heuristic value: 16/25 [expanded 16 state(s)]
Best heuristic value: 16/23 [expanded 22 state(s)]
Best heuristic value: 14/23 [expanded 28 state(s)]
Best heuristic value: 14/22 [expanded 38 state(s)]
Best heuristic value: 14/21 [expanded 40 state(s)]
Best heuristic value: 14/20 [expanded 42 state(s)]
Best heuristic value: 13/20 [expanded 44 state(s)]
Best heuristic value: 11/20 [expanded 53 state(s)]
Best heuristic value: 10/20 [expanded 66 state(s)]
Best heuristic value: 9/20 [expanded 68 state(s)]
Best heuristic value: 8/20 [expanded 97 state(s)]
Best heuristic value: 8/19 [expanded 112 state(s)]
Best heuristic value: 8/17 [expanded 772 state(s)]
