Parsing...
Instantiating...
Starting instantiation [126 rules]...
Finding invariants...
Instantiating groups...
Choosing groups...
0 uncovered facts
Building translation key...
Building STRIPS to SAS dictionary...
Translating task...
Processing axioms...
Detecting unreachable propositions...
Removed false proposition: Atom follow(b24, b24)
Removed false proposition: <none of those>
Removed false proposition: Atom follow(b7, b7)
Removed false proposition: <none of those>
Removed false proposition: Atom follow(b23, b23)
Removed false proposition: <none of those>
Removed false proposition: Atom follow(b3, b3)
Removed false proposition: <none of those>
Removed false proposition: Atom follow(b11, b11)
Removed false proposition: <none of those>
Removed false proposition: Atom follow(b19, b19)
Removed false proposition: <none of those>
Removed false proposition: Atom follow(b14, b14)
Removed false proposition: <none of those>
Removed false proposition: Atom follow(b28, b28)
Removed false proposition: <none of those>
Removed false proposition: Atom follow(b6, b6)
Removed false proposition: <none of those>
Removed false proposition: Atom follow(b5, b5)
Removed false proposition: <none of those>
Removed false proposition: Atom follow(b1, b1)
Removed false proposition: <none of those>
Removed false proposition: Atom follow(b18, b18)
Removed false proposition: <none of those>
Removed false proposition: Atom follow(b4, b4)
Removed false proposition: <none of those>
Removed false proposition: Atom follow(b21, b21)
Removed false proposition: <none of those>
Removed false proposition: Atom follow(b22, b22)
Removed false proposition: <none of those>
Removed false proposition: Atom follow(b25, b25)
Removed false proposition: <none of those>
Removed false proposition: Atom follow(b8, b8)
Removed false proposition: <none of those>
Removed false proposition: Atom follow(b15, b15)
Removed false proposition: <none of those>
Removed false proposition: Atom follow(b10, b10)
Removed false proposition: <none of those>
Removed false proposition: Atom follow(b12, b12)
Removed false proposition: <none of those>
Removed false proposition: Atom follow(b29, b29)
Removed false proposition: <none of those>
Removed false proposition: Atom follow(b27, b27)
Removed false proposition: <none of those>
Removed false proposition: Atom follow(b16, b16)
Removed false proposition: <none of those>
Removed false proposition: Atom follow(b20, b20)
Removed false proposition: <none of those>
Removed false proposition: Atom follow(b13, b13)
Removed false proposition: <none of those>
Removed false proposition: Atom follow(b9, b9)
Removed false proposition: <none of those>
Removed false proposition: <none of those>
Removed false proposition: <none of those>
Removed false proposition: <none of those>
Removed false proposition: Atom follow(b26, b26)
Removed false proposition: <none of those>
Removed false proposition: Atom follow(b2, b2)
Removed false proposition: <none of those>
Removed false proposition: <none of those>
Removed false proposition: Atom follow(b17, b17)
Removed false proposition: <none of those>
Removed false proposition: Atom follow(b0, b0)
Removed false proposition: <none of those>
Removed false proposition: <none of those>
Removed false proposition: <none of those>
Removed true proposition: Atom normal(s34)
Removed false proposition: Atom push-updating(s34)
Removed false proposition: Atom pop-updating(s34)
Removed false proposition: <none of those>
Removed false proposition: <none of those>
Removed false proposition: <none of those>
Removed false proposition: <none of those>
Removed false proposition: <none of those>
Removed false proposition: <none of those>
Removed false proposition: <none of those>
Removed false proposition: <none of those>
Removed false proposition: <none of those>
Removed false proposition: <none of those>
Removed false proposition: <none of those>
Removed false proposition: <none of those>
Removed false proposition: <none of those>
Removed false proposition: <none of those>
Removed false proposition: <none of those>
Removed false proposition: <none of those>
Removed false proposition: <none of those>
Removed false proposition: <none of those>
Removed false proposition: <none of those>
Removed false proposition: <none of those>
Removed false proposition: <none of those>
Removed false proposition: <none of those>
Removed false proposition: <none of those>
Removed false proposition: <none of those>
Removed false proposition: <none of those>
Removed false proposition: <none of those>
Removed false proposition: <none of those>
Removed false proposition: <none of those>
Removed false proposition: <none of those>
Removed false proposition: <none of those>
Removed false proposition: <none of those>
Removed false proposition: <none of those>
Removed false proposition: <none of those>
Removed false proposition: <none of those>
Removed false proposition: <none of those>
Removed false proposition: <none of those>
Removed false proposition: <none of those>
Removed false proposition: <none of those>
Removed false proposition: <none of those>
Removed false proposition: <none of those>
Removed false proposition: <none of those>
Removed false proposition: <none of those>
Removed false proposition: <none of those>
Removed false proposition: <none of those>
Removed false proposition: <none of those>
Removed false proposition: <none of those>
Removed false proposition: <none of those>
Removed false proposition: <none of those>
Removed false proposition: <none of those>
Removed false proposition: <none of those>
Removed false proposition: <none of those>
Removed false proposition: <none of those>
Removed false proposition: <none of those>
Removed false proposition: <none of those>
Removed false proposition: <none of those>
Removed false proposition: <none of those>
Removed false proposition: <none of those>
Removed false proposition: <none of those>
Removed false proposition: <none of those>
Removed false proposition: <none of those>
Removed false proposition: <none of those>
Removed false proposition: <none of those>
Removed false proposition: <none of those>
Removed false proposition: <none of those>
Removed false proposition: <none of those>
Removed false proposition: <none of those>
Removed false proposition: <none of those>
Removed false proposition: <none of those>
Removed false proposition: <none of those>
Removed false proposition: <none of those>
Removed false proposition: <none of those>
Removed false proposition: <none of those>
Removed false proposition: <none of those>
Removed false proposition: <none of those>
Removed false proposition: <none of those>
Removed false proposition: <none of those>
Removed false proposition: <none of those>
Removed false proposition: <none of those>
Removed false proposition: <none of those>
Removed false proposition: <none of those>
Removed false proposition: <none of those>
Removed false proposition: <none of those>
Removed false proposition: <none of those>
Removed false proposition: <none of those>
153 propositions removed.
Writing output...
Done!
Building causal graph...
The causal graph is not acyclic.
119 variables of 119 necessary
92516 of 92516 operators necessary.
0 of 0 axiom rules necessary.
Building domain transition graphs...
solveable in poly time 0
Building successor generator...
Writing output...
done

Simplifying transitions... done! (reduced from 929652 to 376512)
Initializing heuristic cache... done!
Conducting best first search.
Initializing causal graph heuristic...
Initializing HSP/FF heuristic...
Simplifying 386456 unary operators... done! [386456 unary operators]
Best heuristic value: 29/55 [expanded 1 state(s)]
Best heuristic value: 28/55 [expanded 5 state(s)]
Best heuristic value: 28/54 [expanded 6 state(s)]
Best heuristic value: 28/53 [expanded 9 state(s)]
Best heuristic value: 28/52 [expanded 19 state(s)]
Best heuristic value: 28/50 [expanded 32 state(s)]
Best heuristic value: 27/50 [expanded 37 state(s)]
Best heuristic value: 27/49 [expanded 44 state(s)]
Best heuristic value: 27/48 [expanded 56 state(s)]
Best heuristic value: 27/47 [expanded 68 state(s)]
Best heuristic value: 27/46 [expanded 76 state(s)]
Best heuristic value: 26/46 [expanded 86 state(s)]
Best heuristic value: 25/46 [expanded 91 state(s)]
Best heuristic value: 25/44 [expanded 92 state(s)]
Best heuristic value: 24/44 [expanded 94 state(s)]
Best heuristic value: 23/44 [expanded 97 state(s)]
Best heuristic value: 22/44 [expanded 99 state(s)]
Best heuristic value: 20/43 [expanded 101 state(s)]
Best heuristic value: 19/43 [expanded 103 state(s)]
Best heuristic value: 18/43 [expanded 106 state(s)]
Best heuristic value: 18/41 [expanded 107 state(s)]
Best heuristic value: 18/40 [expanded 131 state(s)]
Best heuristic value: 18/38 [expanded 147 state(s)]
Best heuristic value: 16/38 [expanded 158 state(s)]
Best heuristic value: 16/37 [expanded 170 state(s)]
Best heuristic value: 16/36 [expanded 186 state(s)]
Best heuristic value: 16/35 [expanded 190 state(s)]
Best heuristic value: 14/35 [expanded 205 state(s)]
Best heuristic value: 14/34 [expanded 255 state(s)]
Best heuristic value: 14/33 [expanded 257 state(s)]
Best heuristic value: 14/32 [expanded 277 state(s)]
Best heuristic value: 13/32 [expanded 313 state(s)]
Best heuristic value: 13/31 [expanded 379 state(s)]
Best heuristic value: 13/30 [expanded 396 state(s)]
Best heuristic value: 12/30 [expanded 687 state(s)]
Best heuristic value: 12/29 [expanded 696 state(s)]
Best heuristic value: 12/28 [expanded 728 state(s)]
Best heuristic value: 12/27 [expanded 741 state(s)]
Best heuristic value: 12/26 [expanded 742 state(s)]
Best heuristic value: 11/26 [expanded 748 state(s)]
Best heuristic value: 11/25 [expanded 759 state(s)]
Best heuristic value: 11/23 [expanded 772 state(s)]
Best heuristic value: 10/21 [expanded 782 state(s)]
Best heuristic value: 9/20 [expanded 790 state(s)]
Best heuristic value: 8/20 [expanded 797 state(s)]
Best heuristic value: 8/17 [expanded 801 state(s)]
Best heuristic value: 8/16 [expanded 978 state(s)]
Best heuristic value: 8/14 [expanded 988 state(s)]
Best heuristic value: 8/12 [expanded 1001 state(s)]
Best heuristic value: 8/11 [expanded 1008 state(s)]
Best heuristic value: 7/10 [expanded 1015 state(s)]
Best heuristic value: 7/8 [expanded 1021 state(s)]
Best heuristic value: 6/8 [expanded 1025 state(s)]
Best heuristic value: 5/8 [expanded 1027 state(s)]
Best heuristic value: 3/6 [expanded 1099 state(s)]
Best heuristic value: 3/5 [expanded 18232 state(s)]
