---SatPlan Version: 1.1

bb: parsing domain file
domain 'GRIPPER-STRIPS' defined
 ... done.
bb: parsing problem file
problem 'GRIPPER-26' defined
 ... done.


time:   0,    29 facts and       0 exclusive pairs
              83 ops   and     887 exclusive pairs
time:   1,    82 facts and     833 exclusive pairs

creating thin gp-based encoding...
plan graph layer 0...
plan graph layer 1...
goal constraints...

goal fact not coded - level too low??


bb: parsing domain file
domain 'GRIPPER-STRIPS' defined
 ... done.
bb: parsing problem file
problem 'GRIPPER-26' defined
 ... done.


time:   0,    29 facts and       0 exclusive pairs
              83 ops   and     887 exclusive pairs
time:   1,    82 facts and     833 exclusive pairs
             190 ops   and    7243 exclusive pairs
time:   2,    82 facts and     781 exclusive pairs

creating thin gp-based encoding...
plan graph layer 0...
plan graph layer 1...
plan graph layer 2...
goal constraints...

goal fact not coded - level too low??


bb: parsing domain file
domain 'GRIPPER-STRIPS' defined
 ... done.
bb: parsing problem file
problem 'GRIPPER-26' defined
 ... done.


time:   0,    29 facts and       0 exclusive pairs
              83 ops   and     887 exclusive pairs
time:   1,    82 facts and     833 exclusive pairs
             190 ops   and    7243 exclusive pairs
time:   2,    82 facts and     781 exclusive pairs
             242 ops   and   14939 exclusive pairs
time:   3,   108 facts and     885 exclusive pairs

creating thin gp-based encoding...
plan graph layer 0...
plan graph layer 1...
plan graph layer 2...
plan graph layer 3...
goal constraints...
exclusion constraints layer 0...
exclusion constraints layer 1...
exclusion constraints layer 2...
exclusion constraints layer 3...

DECISION LAYER 3, WRITING THIN GP-BASED ENCODING WITH 816 VARS, 11133 CLAUSES.

time spent:    0.00 seconds instantiating 212 action templates
               0.00 seconds reachability analysis, yielding 108 facts and 212 actions
               0.00 seconds collecting 108 relevant facts
               0.00 seconds building connectivity graph
               0.00 seconds building (std) graph
               0.00 seconds CNF output time
               0.00 seconds total planner time (solving not included)


***Solving***


[ filemap ]
[ extract ]

variables : 816
pure lits : 111

1-clauses : 26
2-clauses : 10916
3-clauses : 131
n-clauses : 60
discarded : 0

[ solve ]


unsatisfiable                             

[ stats ]

decisions : 30
conflicts : 4
time : ~0.01

***UNSAT***


bb: parsing domain file
domain 'GRIPPER-STRIPS' defined
 ... done.
bb: parsing problem file
problem 'GRIPPER-26' defined
 ... done.


time:   0,    29 facts and       0 exclusive pairs
              83 ops   and     887 exclusive pairs
time:   1,    82 facts and     833 exclusive pairs
             190 ops   and    7243 exclusive pairs
time:   2,    82 facts and     781 exclusive pairs
             242 ops   and   14939 exclusive pairs
time:   3,   108 facts and     885 exclusive pairs
             320 ops   and   27159 exclusive pairs
time:   4,   108 facts and     859 exclusive pairs

creating thin gp-based encoding...
plan graph layer 0...
plan graph layer 1...
plan graph layer 2...
plan graph layer 3...
plan graph layer 4...
goal constraints...
exclusion constraints layer 0...
exclusion constraints layer 1...
exclusion constraints layer 2...
exclusion constraints layer 3...
exclusion constraints layer 4...

DECISION LAYER 4, WRITING THIN GP-BASED ENCODING WITH 1244 VARS, 21737 CLAUSES.

time spent:    0.00 seconds instantiating 212 action templates
               0.00 seconds reachability analysis, yielding 108 facts and 212 actions
               0.00 seconds collecting 108 relevant facts
               0.00 seconds building connectivity graph
               0.00 seconds building (std) graph
               0.00 seconds CNF output time
               0.00 seconds total planner time (solving not included)


***Solving***


[ filemap ]
[ extract ]

variables : 1244
pure lits : 111

1-clauses : 26
2-clauses : 21412
3-clauses : 131
n-clauses : 168
discarded : 0

[ solve ]


unsatisfiable                             

[ stats ]

decisions : 207
conflicts : 13
time : ~0.01

***UNSAT***


bb: parsing domain file
domain 'GRIPPER-STRIPS' defined
 ... done.
bb: parsing problem file
problem 'GRIPPER-26' defined
 ... done.


time:   0,    29 facts and       0 exclusive pairs
              83 ops   and     887 exclusive pairs
time:   1,    82 facts and     833 exclusive pairs
             190 ops   and    7243 exclusive pairs
time:   2,    82 facts and     781 exclusive pairs
             242 ops   and   14939 exclusive pairs
time:   3,   108 facts and     885 exclusive pairs
             320 ops   and   27159 exclusive pairs
time:   4,   108 facts and     859 exclusive pairs
graph has leveled off at time step 5


             320 ops   and   24481 exclusive pairs
time:   5,   108 facts and     859 exclusive pairs

creating thin gp-based encoding...
plan graph layer 0...
plan graph layer 1...
plan graph layer 2...
plan graph layer 3...
plan graph layer 4...
plan graph layer 5...
goal constraints...
exclusion constraints layer 0...
exclusion constraints layer 1...
exclusion constraints layer 2...
exclusion constraints layer 3...
exclusion constraints layer 4...
exclusion constraints layer 5...

DECISION LAYER 5, WRITING THIN GP-BASED ENCODING WITH 1672 VARS, 32341 CLAUSES.

time spent:    0.00 seconds instantiating 212 action templates
               0.00 seconds reachability analysis, yielding 108 facts and 212 actions
               0.00 seconds collecting 108 relevant facts
               0.00 seconds building connectivity graph
               0.00 seconds building (std) graph
               0.00 seconds CNF output time
               0.00 seconds total planner time (solving not included)


***Solving***


[ filemap ]
[ extract ]

variables : 1672
pure lits : 111

1-clauses : 26
2-clauses : 31908
3-clauses : 131
n-clauses : 276
discarded : 0

[ solve ]


unsatisfiable                             

[ stats ]

decisions : 415
conflicts : 90
time : ~0.01

***UNSAT***


bb: parsing domain file
domain 'GRIPPER-STRIPS' defined
 ... done.
bb: parsing problem file
problem 'GRIPPER-26' defined
 ... done.


time:   0,    29 facts and       0 exclusive pairs
              83 ops   and     887 exclusive pairs
time:   1,    82 facts and     833 exclusive pairs
             190 ops   and    7243 exclusive pairs
time:   2,    82 facts and     781 exclusive pairs
             242 ops   and   14939 exclusive pairs
time:   3,   108 facts and     885 exclusive pairs
             320 ops   and   27159 exclusive pairs
time:   4,   108 facts and     859 exclusive pairs
graph has leveled off at time step 5


             320 ops   and   24481 exclusive pairs
time:   5,   108 facts and     859 exclusive pairs
             320 ops   and   24481 exclusive pairs
time:   6,   108 facts and     859 exclusive pairs

creating thin gp-based encoding...
plan graph layer 0...
plan graph layer 1...
plan graph layer 2...
plan graph layer 3...
plan graph layer 4...
plan graph layer 5...
plan graph layer 6...
goal constraints...
exclusion constraints layer 0...
exclusion constraints layer 1...
exclusion constraints layer 2...
exclusion constraints layer 3...
exclusion constraints layer 4...
exclusion constraints layer 5...
exclusion constraints layer 6...

DECISION LAYER 6, WRITING THIN GP-BASED ENCODING WITH 2100 VARS, 42945 CLAUSES.

time spent:    0.00 seconds instantiating 212 action templates
               0.00 seconds reachability analysis, yielding 108 facts and 212 actions
               0.00 seconds collecting 108 relevant facts
               0.00 seconds building connectivity graph
               0.00 seconds building (std) graph
               0.01 seconds CNF output time
               0.01 seconds total planner time (solving not included)


***Solving***


[ filemap ]
[ extract ]

variables : 2100
pure lits : 111

1-clauses : 26
2-clauses : 42404
3-clauses : 131
n-clauses : 384
discarded : 0

[ solve ]


unsatisfiable                             

[ stats ]

decisions : 1561
conflicts : 198
time : ~0.01

***UNSAT***


bb: parsing domain file
domain 'GRIPPER-STRIPS' defined
 ... done.
bb: parsing problem file
problem 'GRIPPER-26' defined
 ... done.


time:   0,    29 facts and       0 exclusive pairs
              83 ops   and     887 exclusive pairs
time:   1,    82 facts and     833 exclusive pairs
             190 ops   and    7243 exclusive pairs
time:   2,    82 facts and     781 exclusive pairs
             242 ops   and   14939 exclusive pairs
time:   3,   108 facts and     885 exclusive pairs
             320 ops   and   27159 exclusive pairs
time:   4,   108 facts and     859 exclusive pairs
graph has leveled off at time step 5


             320 ops   and   24481 exclusive pairs
time:   5,   108 facts and     859 exclusive pairs
             320 ops   and   24481 exclusive pairs
time:   6,   108 facts and     859 exclusive pairs
             320 ops   and   24481 exclusive pairs
time:   7,   108 facts and     859 exclusive pairs

creating thin gp-based encoding...
plan graph layer 0...
plan graph layer 1...
plan graph layer 2...
plan graph layer 3...
plan graph layer 4...
plan graph layer 5...
plan graph layer 6...
plan graph layer 7...
goal constraints...
exclusion constraints layer 0...
exclusion constraints layer 1...
exclusion constraints layer 2...
exclusion constraints layer 3...
exclusion constraints layer 4...
exclusion constraints layer 5...
exclusion constraints layer 6...
exclusion constraints layer 7...

DECISION LAYER 7, WRITING THIN GP-BASED ENCODING WITH 2528 VARS, 53549 CLAUSES.

time spent:    0.00 seconds instantiating 212 action templates
               0.00 seconds reachability analysis, yielding 108 facts and 212 actions
               0.00 seconds collecting 108 relevant facts
               0.00 seconds building connectivity graph
               0.00 seconds building (std) graph
               0.01 seconds CNF output time
               0.01 seconds total planner time (solving not included)


***Solving***


[ filemap ]
[ extract ]

variables : 2528
pure lits : 111

1-clauses : 26
2-clauses : 52900
3-clauses : 131
n-clauses : 492
discarded : 0

[ solve ]


unsatisfiable                             

[ stats ]

decisions : 1845
conflicts : 430
time : ~0.01

***UNSAT***


bb: parsing domain file
domain 'GRIPPER-STRIPS' defined
 ... done.
bb: parsing problem file
problem 'GRIPPER-26' defined
 ... done.


time:   0,    29 facts and       0 exclusive pairs
              83 ops   and     887 exclusive pairs
time:   1,    82 facts and     833 exclusive pairs
             190 ops   and    7243 exclusive pairs
time:   2,    82 facts and     781 exclusive pairs
             242 ops   and   14939 exclusive pairs
time:   3,   108 facts and     885 exclusive pairs
             320 ops   and   27159 exclusive pairs
time:   4,   108 facts and     859 exclusive pairs
graph has leveled off at time step 5


             320 ops   and   24481 exclusive pairs
time:   5,   108 facts and     859 exclusive pairs
             320 ops   and   24481 exclusive pairs
time:   6,   108 facts and     859 exclusive pairs
             320 ops   and   24481 exclusive pairs
time:   7,   108 facts and     859 exclusive pairs
             320 ops   and   24481 exclusive pairs
time:   8,   108 facts and     859 exclusive pairs

creating thin gp-based encoding...
plan graph layer 0...
plan graph layer 1...
plan graph layer 2...
plan graph layer 3...
plan graph layer 4...
plan graph layer 5...
plan graph layer 6...
plan graph layer 7...
plan graph layer 8...
goal constraints...
exclusion constraints layer 0...
exclusion constraints layer 1...
exclusion constraints layer 2...
exclusion constraints layer 3...
exclusion constraints layer 4...
exclusion constraints layer 5...
exclusion constraints layer 6...
exclusion constraints layer 7...
exclusion constraints layer 8...

DECISION LAYER 8, WRITING THIN GP-BASED ENCODING WITH 2956 VARS, 64153 CLAUSES.

time spent:    0.00 seconds instantiating 212 action templates
               0.00 seconds reachability analysis, yielding 108 facts and 212 actions
               0.00 seconds collecting 108 relevant facts
               0.00 seconds building connectivity graph
               0.00 seconds building (std) graph
               0.01 seconds CNF output time
               0.01 seconds total planner time (solving not included)


***Solving***


[ filemap ]
[ extract ]

variables : 2956
pure lits : 111

1-clauses : 26
2-clauses : 63396
3-clauses : 131
n-clauses : 600
discarded : 0

[ solve ]


unsatisfiable                             

[ stats ]

decisions : 3195
conflicts : 1106
time : ~0.019

***UNSAT***


bb: parsing domain file
domain 'GRIPPER-STRIPS' defined
 ... done.
bb: parsing problem file
problem 'GRIPPER-26' defined
 ... done.


time:   0,    29 facts and       0 exclusive pairs
              83 ops   and     887 exclusive pairs
time:   1,    82 facts and     833 exclusive pairs
             190 ops   and    7243 exclusive pairs
time:   2,    82 facts and     781 exclusive pairs
             242 ops   and   14939 exclusive pairs
time:   3,   108 facts and     885 exclusive pairs
             320 ops   and   27159 exclusive pairs
time:   4,   108 facts and     859 exclusive pairs
graph has leveled off at time step 5


             320 ops   and   24481 exclusive pairs
time:   5,   108 facts and     859 exclusive pairs
             320 ops   and   24481 exclusive pairs
time:   6,   108 facts and     859 exclusive pairs
             320 ops   and   24481 exclusive pairs
time:   7,   108 facts and     859 exclusive pairs
             320 ops   and   24481 exclusive pairs
time:   8,   108 facts and     859 exclusive pairs
             320 ops   and   24481 exclusive pairs
time:   9,   108 facts and     859 exclusive pairs

creating thin gp-based encoding...
plan graph layer 0...
plan graph layer 1...
plan graph layer 2...
plan graph layer 3...
plan graph layer 4...
plan graph layer 5...
plan graph layer 6...
plan graph layer 7...
plan graph layer 8...
plan graph layer 9...
goal constraints...
exclusion constraints layer 0...
exclusion constraints layer 1...
exclusion constraints layer 2...
exclusion constraints layer 3...
exclusion constraints layer 4...
exclusion constraints layer 5...
exclusion constraints layer 6...
exclusion constraints layer 7...
exclusion constraints layer 8...
exclusion constraints layer 9...

DECISION LAYER 9, WRITING THIN GP-BASED ENCODING WITH 3384 VARS, 74757 CLAUSES.

time spent:    0.00 seconds instantiating 212 action templates
               0.00 seconds reachability analysis, yielding 108 facts and 212 actions
               0.00 seconds collecting 108 relevant facts
               0.00 seconds building connectivity graph
               0.00 seconds building (std) graph
               0.01 seconds CNF output time
               0.01 seconds total planner time (solving not included)


***Solving***


[ filemap ]
[ extract ]

variables : 3384
pure lits : 111

1-clauses : 26
2-clauses : 73892
3-clauses : 131
n-clauses : 708
discarded : 0

[ solve ]


unsatisfiable                             

[ stats ]

decisions : 3426
conflicts : 1488
time : ~0.034

***UNSAT***


bb: parsing domain file
domain 'GRIPPER-STRIPS' defined
 ... done.
bb: parsing problem file
problem 'GRIPPER-26' defined
 ... done.


time:   0,    29 facts and       0 exclusive pairs
              83 ops   and     887 exclusive pairs
time:   1,    82 facts and     833 exclusive pairs
             190 ops   and    7243 exclusive pairs
time:   2,    82 facts and     781 exclusive pairs
             242 ops   and   14939 exclusive pairs
time:   3,   108 facts and     885 exclusive pairs
             320 ops   and   27159 exclusive pairs
time:   4,   108 facts and     859 exclusive pairs
graph has leveled off at time step 5


             320 ops   and   24481 exclusive pairs
time:   5,   108 facts and     859 exclusive pairs
             320 ops   and   24481 exclusive pairs
time:   6,   108 facts and     859 exclusive pairs
             320 ops   and   24481 exclusive pairs
time:   7,   108 facts and     859 exclusive pairs
             320 ops   and   24481 exclusive pairs
time:   8,   108 facts and     859 exclusive pairs
             320 ops   and   24481 exclusive pairs
time:   9,   108 facts and     859 exclusive pairs
             320 ops   and   24481 exclusive pairs
time:  10,   108 facts and     859 exclusive pairs

creating thin gp-based encoding...
plan graph layer 0...
plan graph layer 1...
plan graph layer 2...
plan graph layer 3...
plan graph layer 4...
plan graph layer 5...
plan graph layer 6...
plan graph layer 7...
plan graph layer 8...
plan graph layer 9...
plan graph layer 10...
goal constraints...
exclusion constraints layer 0...
exclusion constraints layer 1...
exclusion constraints layer 2...
exclusion constraints layer 3...
exclusion constraints layer 4...
exclusion constraints layer 5...
exclusion constraints layer 6...
exclusion constraints layer 7...
exclusion constraints layer 8...
exclusion constraints layer 9...
exclusion constraints layer 10...

DECISION LAYER 10, WRITING THIN GP-BASED ENCODING WITH 3812 VARS, 85361 CLAUSES.

time spent:    0.00 seconds instantiating 212 action templates
               0.00 seconds reachability analysis, yielding 108 facts and 212 actions
               0.00 seconds collecting 108 relevant facts
               0.00 seconds building connectivity graph
               0.00 seconds building (std) graph
               0.01 seconds CNF output time
               0.01 seconds total planner time (solving not included)


***Solving***


[ filemap ]
[ extract ]

variables : 3812
pure lits : 111

1-clauses : 26
2-clauses : 84388
3-clauses : 131
n-clauses : 816
discarded : 0

[ solve ]


unsatisfiable                             

[ stats ]

decisions : 11399
conflicts : 4964
time : ~0.206

***UNSAT***


bb: parsing domain file
domain 'GRIPPER-STRIPS' defined
 ... done.
bb: parsing problem file
problem 'GRIPPER-26' defined
 ... done.


time:   0,    29 facts and       0 exclusive pairs
              83 ops   and     887 exclusive pairs
time:   1,    82 facts and     833 exclusive pairs
             190 ops   and    7243 exclusive pairs
time:   2,    82 facts and     781 exclusive pairs
             242 ops   and   14939 exclusive pairs
time:   3,   108 facts and     885 exclusive pairs
             320 ops   and   27159 exclusive pairs
time:   4,   108 facts and     859 exclusive pairs
graph has leveled off at time step 5


             320 ops   and   24481 exclusive pairs
time:   5,   108 facts and     859 exclusive pairs
             320 ops   and   24481 exclusive pairs
time:   6,   108 facts and     859 exclusive pairs
             320 ops   and   24481 exclusive pairs
time:   7,   108 facts and     859 exclusive pairs
             320 ops   and   24481 exclusive pairs
time:   8,   108 facts and     859 exclusive pairs
             320 ops   and   24481 exclusive pairs
time:   9,   108 facts and     859 exclusive pairs
             320 ops   and   24481 exclusive pairs
time:  10,   108 facts and     859 exclusive pairs
             320 ops   and   24481 exclusive pairs
time:  11,   108 facts and     859 exclusive pairs

creating thin gp-based encoding...
plan graph layer 0...
plan graph layer 1...
plan graph layer 2...
plan graph layer 3...
plan graph layer 4...
plan graph layer 5...
plan graph layer 6...
plan graph layer 7...
plan graph layer 8...
plan graph layer 9...
plan graph layer 10...
plan graph layer 11...
goal constraints...
exclusion constraints layer 0...
exclusion constraints layer 1...
exclusion constraints layer 2...
exclusion constraints layer 3...
exclusion constraints layer 4...
exclusion constraints layer 5...
exclusion constraints layer 6...
exclusion constraints layer 7...
exclusion constraints layer 8...
exclusion constraints layer 9...
exclusion constraints layer 10...
exclusion constraints layer 11...

DECISION LAYER 11, WRITING THIN GP-BASED ENCODING WITH 4240 VARS, 95965 CLAUSES.

time spent:    0.00 seconds instantiating 212 action templates
               0.00 seconds reachability analysis, yielding 108 facts and 212 actions
               0.00 seconds collecting 108 relevant facts
               0.00 seconds building connectivity graph
               0.00 seconds building (std) graph
               0.02 seconds CNF output time
               0.02 seconds total planner time (solving not included)


***Solving***


[ filemap ]
[ extract ]

variables : 4240
pure lits : 111

1-clauses : 26
2-clauses : 94884
3-clauses : 131
n-clauses : 924
discarded : 0

[ solve ]


unsatisfiable                             

[ stats ]

decisions : 12874
conflicts : 6795
time : ~0.276

***UNSAT***


bb: parsing domain file
domain 'GRIPPER-STRIPS' defined
 ... done.
bb: parsing problem file
problem 'GRIPPER-26' defined
 ... done.


time:   0,    29 facts and       0 exclusive pairs
              83 ops   and     887 exclusive pairs
time:   1,    82 facts and     833 exclusive pairs
             190 ops   and    7243 exclusive pairs
time:   2,    82 facts and     781 exclusive pairs
             242 ops   and   14939 exclusive pairs
time:   3,   108 facts and     885 exclusive pairs
             320 ops   and   27159 exclusive pairs
time:   4,   108 facts and     859 exclusive pairs
graph has leveled off at time step 5


             320 ops   and   24481 exclusive pairs
time:   5,   108 facts and     859 exclusive pairs
             320 ops   and   24481 exclusive pairs
time:   6,   108 facts and     859 exclusive pairs
             320 ops   and   24481 exclusive pairs
time:   7,   108 facts and     859 exclusive pairs
             320 ops   and   24481 exclusive pairs
time:   8,   108 facts and     859 exclusive pairs
             320 ops   and   24481 exclusive pairs
time:   9,   108 facts and     859 exclusive pairs
             320 ops   and   24481 exclusive pairs
time:  10,   108 facts and     859 exclusive pairs
             320 ops   and   24481 exclusive pairs
time:  11,   108 facts and     859 exclusive pairs
             320 ops   and   24481 exclusive pairs
time:  12,   108 facts and     859 exclusive pairs

creating thin gp-based encoding...
plan graph layer 0...
plan graph layer 1...
plan graph layer 2...
plan graph layer 3...
plan graph layer 4...
plan graph layer 5...
plan graph layer 6...
plan graph layer 7...
plan graph layer 8...
plan graph layer 9...
plan graph layer 10...
plan graph layer 11...
plan graph layer 12...
goal constraints...
exclusion constraints layer 0...
exclusion constraints layer 1...
exclusion constraints layer 2...
exclusion constraints layer 3...
exclusion constraints layer 4...
exclusion constraints layer 5...
exclusion constraints layer 6...
exclusion constraints layer 7...
exclusion constraints layer 8...
exclusion constraints layer 9...
exclusion constraints layer 10...
exclusion constraints layer 11...
exclusion constraints layer 12...

DECISION LAYER 12, WRITING THIN GP-BASED ENCODING WITH 4668 VARS, 106569 CLAUSES.

time spent:    0.00 seconds instantiating 212 action templates
               0.00 seconds reachability analysis, yielding 108 facts and 212 actions
               0.00 seconds collecting 108 relevant facts
               0.00 seconds building connectivity graph
               0.00 seconds building (std) graph
               0.02 seconds CNF output time
               0.02 seconds total planner time (solving not included)


***Solving***


[ filemap ]
[ extract ]

variables : 4668
pure lits : 111

1-clauses : 26
2-clauses : 105380
3-clauses : 131
n-clauses : 1032
discarded : 0

[ solve ]


unsatisfiable                             

[ stats ]

decisions : 31009
conflicts : 18504
time : ~1.671

***UNSAT***


bb: parsing domain file
domain 'GRIPPER-STRIPS' defined
 ... done.
bb: parsing problem file
problem 'GRIPPER-26' defined
 ... done.


time:   0,    29 facts and       0 exclusive pairs
              83 ops   and     887 exclusive pairs
time:   1,    82 facts and     833 exclusive pairs
             190 ops   and    7243 exclusive pairs
time:   2,    82 facts and     781 exclusive pairs
             242 ops   and   14939 exclusive pairs
time:   3,   108 facts and     885 exclusive pairs
             320 ops   and   27159 exclusive pairs
time:   4,   108 facts and     859 exclusive pairs
graph has leveled off at time step 5


             320 ops   and   24481 exclusive pairs
time:   5,   108 facts and     859 exclusive pairs
             320 ops   and   24481 exclusive pairs
time:   6,   108 facts and     859 exclusive pairs
             320 ops   and   24481 exclusive pairs
time:   7,   108 facts and     859 exclusive pairs
             320 ops   and   24481 exclusive pairs
time:   8,   108 facts and     859 exclusive pairs
             320 ops   and   24481 exclusive pairs
time:   9,   108 facts and     859 exclusive pairs
             320 ops   and   24481 exclusive pairs
time:  10,   108 facts and     859 exclusive pairs
             320 ops   and   24481 exclusive pairs
time:  11,   108 facts and     859 exclusive pairs
             320 ops   and   24481 exclusive pairs
time:  12,   108 facts and     859 exclusive pairs
             320 ops   and   24481 exclusive pairs
time:  13,   108 facts and     859 exclusive pairs

creating thin gp-based encoding...
plan graph layer 0...
plan graph layer 1...
plan graph layer 2...
plan graph layer 3...
plan graph layer 4...
plan graph layer 5...
plan graph layer 6...
plan graph layer 7...
plan graph layer 8...
plan graph layer 9...
plan graph layer 10...
plan graph layer 11...
plan graph layer 12...
plan graph layer 13...
goal constraints...
exclusion constraints layer 0...
exclusion constraints layer 1...
exclusion constraints layer 2...
exclusion constraints layer 3...
exclusion constraints layer 4...
exclusion constraints layer 5...
exclusion constraints layer 6...
exclusion constraints layer 7...
exclusion constraints layer 8...
exclusion constraints layer 9...
exclusion constraints layer 10...
exclusion constraints layer 11...
exclusion constraints layer 12...
exclusion constraints layer 13...

DECISION LAYER 13, WRITING THIN GP-BASED ENCODING WITH 5096 VARS, 117173 CLAUSES.

time spent:    0.00 seconds instantiating 212 action templates
               0.00 seconds reachability analysis, yielding 108 facts and 212 actions
               0.00 seconds collecting 108 relevant facts
               0.00 seconds building connectivity graph
               0.00 seconds building (std) graph
               0.02 seconds CNF output time
               0.02 seconds total planner time (solving not included)


***Solving***


[ filemap ]
[ extract ]

variables : 5096
pure lits : 111

1-clauses : 26
2-clauses : 115876
3-clauses : 131
n-clauses : 1140
discarded : 0

[ solve ]


unsatisfiable                             

[ stats ]

decisions : 42311
conflicts : 24588
time : ~2.208

***UNSAT***


bb: parsing domain file
domain 'GRIPPER-STRIPS' defined
 ... done.
bb: parsing problem file
problem 'GRIPPER-26' defined
 ... done.


time:   0,    29 facts and       0 exclusive pairs
              83 ops   and     887 exclusive pairs
time:   1,    82 facts and     833 exclusive pairs
             190 ops   and    7243 exclusive pairs
time:   2,    82 facts and     781 exclusive pairs
             242 ops   and   14939 exclusive pairs
time:   3,   108 facts and     885 exclusive pairs
             320 ops   and   27159 exclusive pairs
time:   4,   108 facts and     859 exclusive pairs
graph has leveled off at time step 5


             320 ops   and   24481 exclusive pairs
time:   5,   108 facts and     859 exclusive pairs
             320 ops   and   24481 exclusive pairs
time:   6,   108 facts and     859 exclusive pairs
             320 ops   and   24481 exclusive pairs
time:   7,   108 facts and     859 exclusive pairs
             320 ops   and   24481 exclusive pairs
time:   8,   108 facts and     859 exclusive pairs
             320 ops   and   24481 exclusive pairs
time:   9,   108 facts and     859 exclusive pairs
             320 ops   and   24481 exclusive pairs
time:  10,   108 facts and     859 exclusive pairs
             320 ops   and   24481 exclusive pairs
time:  11,   108 facts and     859 exclusive pairs
             320 ops   and   24481 exclusive pairs
time:  12,   108 facts and     859 exclusive pairs
             320 ops   and   24481 exclusive pairs
time:  13,   108 facts and     859 exclusive pairs
             320 ops   and   24481 exclusive pairs
time:  14,   108 facts and     859 exclusive pairs

creating thin gp-based encoding...
plan graph layer 0...
plan graph layer 1...
plan graph layer 2...
plan graph layer 3...
plan graph layer 4...
plan graph layer 5...
plan graph layer 6...
plan graph layer 7...
plan graph layer 8...
plan graph layer 9...
plan graph layer 10...
plan graph layer 11...
plan graph layer 12...
plan graph layer 13...
plan graph layer 14...
goal constraints...
exclusion constraints layer 0...
exclusion constraints layer 1...
exclusion constraints layer 2...
exclusion constraints layer 3...
exclusion constraints layer 4...
exclusion constraints layer 5...
exclusion constraints layer 6...
exclusion constraints layer 7...
exclusion constraints layer 8...
exclusion constraints layer 9...
exclusion constraints layer 10...
exclusion constraints layer 11...
exclusion constraints layer 12...
exclusion constraints layer 13...
exclusion constraints layer 14...

DECISION LAYER 14, WRITING THIN GP-BASED ENCODING WITH 5524 VARS, 127777 CLAUSES.

time spent:    0.00 seconds instantiating 212 action templates
               0.00 seconds reachability analysis, yielding 108 facts and 212 actions
               0.00 seconds collecting 108 relevant facts
               0.00 seconds building connectivity graph
               0.00 seconds building (std) graph
               0.02 seconds CNF output time
               0.02 seconds total planner time (solving not included)


***Solving***


[ filemap ]
[ extract ]

variables : 5524
pure lits : 111

1-clauses : 26
2-clauses : 126372
3-clauses : 131
n-clauses : 1248
discarded : 0

[ solve ]


unsatisfiable                             

[ stats ]

decisions : 71364
conflicts : 53052
time : ~5.82

***UNSAT***


bb: parsing domain file
domain 'GRIPPER-STRIPS' defined
 ... done.
bb: parsing problem file
problem 'GRIPPER-26' defined
 ... done.


time:   0,    29 facts and       0 exclusive pairs
              83 ops   and     887 exclusive pairs
time:   1,    82 facts and     833 exclusive pairs
             190 ops   and    7243 exclusive pairs
time:   2,    82 facts and     781 exclusive pairs
             242 ops   and   14939 exclusive pairs
time:   3,   108 facts and     885 exclusive pairs
             320 ops   and   27159 exclusive pairs
time:   4,   108 facts and     859 exclusive pairs
graph has leveled off at time step 5


             320 ops   and   24481 exclusive pairs
time:   5,   108 facts and     859 exclusive pairs
             320 ops   and   24481 exclusive pairs
time:   6,   108 facts and     859 exclusive pairs
             320 ops   and   24481 exclusive pairs
time:   7,   108 facts and     859 exclusive pairs
             320 ops   and   24481 exclusive pairs
time:   8,   108 facts and     859 exclusive pairs
             320 ops   and   24481 exclusive pairs
time:   9,   108 facts and     859 exclusive pairs
             320 ops   and   24481 exclusive pairs
time:  10,   108 facts and     859 exclusive pairs
             320 ops   and   24481 exclusive pairs
time:  11,   108 facts and     859 exclusive pairs
             320 ops   and   24481 exclusive pairs
time:  12,   108 facts and     859 exclusive pairs
             320 ops   and   24481 exclusive pairs
time:  13,   108 facts and     859 exclusive pairs
             320 ops   and   24481 exclusive pairs
time:  14,   108 facts and     859 exclusive pairs
             320 ops   and   24481 exclusive pairs
time:  15,   108 facts and     859 exclusive pairs

creating thin gp-based encoding...
plan graph layer 0...
plan graph layer 1...
plan graph layer 2...
plan graph layer 3...
plan graph layer 4...
plan graph layer 5...
plan graph layer 6...
plan graph layer 7...
plan graph layer 8...
plan graph layer 9...
plan graph layer 10...
plan graph layer 11...
plan graph layer 12...
plan graph layer 13...
plan graph layer 14...
plan graph layer 15...
goal constraints...
exclusion constraints layer 0...
exclusion constraints layer 1...
exclusion constraints layer 2...
exclusion constraints layer 3...
exclusion constraints layer 4...
exclusion constraints layer 5...
exclusion constraints layer 6...
exclusion constraints layer 7...
exclusion constraints layer 8...
exclusion constraints layer 9...
exclusion constraints layer 10...
exclusion constraints layer 11...
exclusion constraints layer 12...
exclusion constraints layer 13...
exclusion constraints layer 14...
exclusion constraints layer 15...

DECISION LAYER 15, WRITING THIN GP-BASED ENCODING WITH 5952 VARS, 138381 CLAUSES.

time spent:    0.00 seconds instantiating 212 action templates
               0.00 seconds reachability analysis, yielding 108 facts and 212 actions
               0.00 seconds collecting 108 relevant facts
               0.00 seconds building connectivity graph
               0.00 seconds building (std) graph
               0.02 seconds CNF output time
               0.02 seconds total planner time (solving not included)


***Solving***


[ filemap ]
[ extract ]

variables : 5952
pure lits : 111

1-clauses : 26
2-clauses : 136868
3-clauses : 131
n-clauses : 1356
discarded : 0

[ solve ]


unsatisfiable                             

[ stats ]

decisions : 184612
conflicts : 150316
time : ~28.87

***UNSAT***


bb: parsing domain file
domain 'GRIPPER-STRIPS' defined
 ... done.
bb: parsing problem file
problem 'GRIPPER-26' defined
 ... done.


time:   0,    29 facts and       0 exclusive pairs
              83 ops   and     887 exclusive pairs
time:   1,    82 facts and     833 exclusive pairs
             190 ops   and    7243 exclusive pairs
time:   2,    82 facts and     781 exclusive pairs
             242 ops   and   14939 exclusive pairs
time:   3,   108 facts and     885 exclusive pairs
             320 ops   and   27159 exclusive pairs
time:   4,   108 facts and     859 exclusive pairs
graph has leveled off at time step 5


             320 ops   and   24481 exclusive pairs
time:   5,   108 facts and     859 exclusive pairs
             320 ops   and   24481 exclusive pairs
time:   6,   108 facts and     859 exclusive pairs
             320 ops   and   24481 exclusive pairs
time:   7,   108 facts and     859 exclusive pairs
             320 ops   and   24481 exclusive pairs
time:   8,   108 facts and     859 exclusive pairs
             320 ops   and   24481 exclusive pairs
time:   9,   108 facts and     859 exclusive pairs
             320 ops   and   24481 exclusive pairs
time:  10,   108 facts and     859 exclusive pairs
             320 ops   and   24481 exclusive pairs
time:  11,   108 facts and     859 exclusive pairs
             320 ops   and   24481 exclusive pairs
time:  12,   108 facts and     859 exclusive pairs
             320 ops   and   24481 exclusive pairs
time:  13,   108 facts and     859 exclusive pairs
             320 ops   and   24481 exclusive pairs
time:  14,   108 facts and     859 exclusive pairs
             320 ops   and   24481 exclusive pairs
time:  15,   108 facts and     859 exclusive pairs
             320 ops   and   24481 exclusive pairs
time:  16,   108 facts and     859 exclusive pairs

creating thin gp-based encoding...
plan graph layer 0...
plan graph layer 1...
plan graph layer 2...
plan graph layer 3...
plan graph layer 4...
plan graph layer 5...
plan graph layer 6...
plan graph layer 7...
plan graph layer 8...
plan graph layer 9...
plan graph layer 10...
plan graph layer 11...
plan graph layer 12...
plan graph layer 13...
plan graph layer 14...
plan graph layer 15...
plan graph layer 16...
goal constraints...
exclusion constraints layer 0...
exclusion constraints layer 1...
exclusion constraints layer 2...
exclusion constraints layer 3...
exclusion constraints layer 4...
exclusion constraints layer 5...
exclusion constraints layer 6...
exclusion constraints layer 7...
exclusion constraints layer 8...
exclusion constraints layer 9...
exclusion constraints layer 10...
exclusion constraints layer 11...
exclusion constraints layer 12...
exclusion constraints layer 13...
exclusion constraints layer 14...
exclusion constraints layer 15...
exclusion constraints layer 16...

DECISION LAYER 16, WRITING THIN GP-BASED ENCODING WITH 6380 VARS, 148985 CLAUSES.

time spent:    0.00 seconds instantiating 212 action templates
               0.00 seconds reachability analysis, yielding 108 facts and 212 actions
               0.00 seconds collecting 108 relevant facts
               0.00 seconds building connectivity graph
               0.00 seconds building (std) graph
               0.02 seconds CNF output time
               0.02 seconds total planner time (solving not included)


***Solving***


[ filemap ]
[ extract ]

variables : 6380
pure lits : 111

1-clauses : 26
2-clauses : 147364
3-clauses : 131
n-clauses : 1464
discarded : 0

[ solve ]


unsatisfiable                             

[ stats ]

decisions : 813042
conflicts : 704342
time : ~204.86

***UNSAT***


bb: parsing domain file
domain 'GRIPPER-STRIPS' defined
 ... done.
bb: parsing problem file
problem 'GRIPPER-26' defined
 ... done.


time:   0,    29 facts and       0 exclusive pairs
              83 ops   and     887 exclusive pairs
time:   1,    82 facts and     833 exclusive pairs
             190 ops   and    7243 exclusive pairs
time:   2,    82 facts and     781 exclusive pairs
             242 ops   and   14939 exclusive pairs
time:   3,   108 facts and     885 exclusive pairs
             320 ops   and   27159 exclusive pairs
time:   4,   108 facts and     859 exclusive pairs
graph has leveled off at time step 5


             320 ops   and   24481 exclusive pairs
time:   5,   108 facts and     859 exclusive pairs
             320 ops   and   24481 exclusive pairs
time:   6,   108 facts and     859 exclusive pairs
             320 ops   and   24481 exclusive pairs
time:   7,   108 facts and     859 exclusive pairs
             320 ops   and   24481 exclusive pairs
time:   8,   108 facts and     859 exclusive pairs
             320 ops   and   24481 exclusive pairs
time:   9,   108 facts and     859 exclusive pairs
             320 ops   and   24481 exclusive pairs
time:  10,   108 facts and     859 exclusive pairs
             320 ops   and   24481 exclusive pairs
time:  11,   108 facts and     859 exclusive pairs
             320 ops   and   24481 exclusive pairs
time:  12,   108 facts and     859 exclusive pairs
             320 ops   and   24481 exclusive pairs
time:  13,   108 facts and     859 exclusive pairs
             320 ops   and   24481 exclusive pairs
time:  14,   108 facts and     859 exclusive pairs
             320 ops   and   24481 exclusive pairs
time:  15,   108 facts and     859 exclusive pairs
             320 ops   and   24481 exclusive pairs
time:  16,   108 facts and     859 exclusive pairs
             320 ops   and   24481 exclusive pairs
time:  17,   108 facts and     859 exclusive pairs

creating thin gp-based encoding...
plan graph layer 0...
plan graph layer 1...
plan graph layer 2...
plan graph layer 3...
plan graph layer 4...
plan graph layer 5...
plan graph layer 6...
plan graph layer 7...
plan graph layer 8...
plan graph layer 9...
plan graph layer 10...
plan graph layer 11...
plan graph layer 12...
plan graph layer 13...
plan graph layer 14...
plan graph layer 15...
plan graph layer 16...
plan graph layer 17...
goal constraints...
exclusion constraints layer 0...
exclusion constraints layer 1...
exclusion constraints layer 2...
exclusion constraints layer 3...
exclusion constraints layer 4...
exclusion constraints layer 5...
exclusion constraints layer 6...
exclusion constraints layer 7...
exclusion constraints layer 8...
exclusion constraints layer 9...
exclusion constraints layer 10...
exclusion constraints layer 11...
exclusion constraints layer 12...
exclusion constraints layer 13...
exclusion constraints layer 14...
exclusion constraints layer 15...
exclusion constraints layer 16...
exclusion constraints layer 17...

DECISION LAYER 17, WRITING THIN GP-BASED ENCODING WITH 6808 VARS, 159589 CLAUSES.

time spent:    0.00 seconds instantiating 212 action templates
               0.00 seconds reachability analysis, yielding 108 facts and 212 actions
               0.00 seconds collecting 108 relevant facts
               0.00 seconds building connectivity graph
               0.00 seconds building (std) graph
               0.03 seconds CNF output time
               0.03 seconds total planner time (solving not included)


***Solving***


[ filemap ]
[ extract ]

variables : 6808
pure lits : 111

1-clauses : 26
2-clauses : 157860
3-clauses : 131
n-clauses : 1572
discarded : 0

[ solve ]

