---SatPlan Version: 1.1

bb: parsing domain file
domain 'GRIPPER-STRIPS' defined
 ... done.
bb: parsing problem file
problem 'GRIPPER-8' defined
 ... done.


time:   0,    11 facts and       0 exclusive pairs
              29 ops   and     131 exclusive pairs
time:   1,    28 facts and     113 exclusive pairs

creating thin gp-based encoding...
plan graph layer 0...
plan graph layer 1...
goal constraints...

goal fact not coded - level too low??


bb: parsing domain file
domain 'GRIPPER-STRIPS' defined
 ... done.
bb: parsing problem file
problem 'GRIPPER-8' defined
 ... done.


time:   0,    11 facts and       0 exclusive pairs
              29 ops   and     131 exclusive pairs
time:   1,    28 facts and     113 exclusive pairs
              64 ops   and     943 exclusive pairs
time:   2,    28 facts and      97 exclusive pairs

creating thin gp-based encoding...
plan graph layer 0...
plan graph layer 1...
plan graph layer 2...
goal constraints...

goal fact not coded - level too low??


bb: parsing domain file
domain 'GRIPPER-STRIPS' defined
 ... done.
bb: parsing problem file
problem 'GRIPPER-8' defined
 ... done.


time:   0,    11 facts and       0 exclusive pairs
              29 ops   and     131 exclusive pairs
time:   1,    28 facts and     113 exclusive pairs
              64 ops   and     943 exclusive pairs
time:   2,    28 facts and      97 exclusive pairs
              80 ops   and    1727 exclusive pairs
time:   3,    36 facts and     129 exclusive pairs

creating thin gp-based encoding...
plan graph layer 0...
plan graph layer 1...
plan graph layer 2...
plan graph layer 3...
goal constraints...
exclusion constraints layer 0...
exclusion constraints layer 1...
exclusion constraints layer 2...
exclusion constraints layer 3...

DECISION LAYER 3, WRITING THIN GP-BASED ENCODING WITH 276 VARS, 1737 CLAUSES.

time spent:    0.00 seconds instantiating 68 action templates
               0.00 seconds reachability analysis, yielding 36 facts and 68 actions
               0.00 seconds collecting 36 relevant facts
               0.00 seconds building connectivity graph
               0.00 seconds building (std) graph
               0.00 seconds CNF output time
               0.00 seconds total planner time (solving not included)


***Solving***


[ filemap ]
[ extract ]

variables : 276
pure lits : 39

1-clauses : 8
2-clauses : 1664
3-clauses : 41
n-clauses : 24
discarded : 0

[ solve ]


unsatisfiable                             

[ stats ]

decisions : 35
conflicts : 2
time : ~0.01

***UNSAT***


bb: parsing domain file
domain 'GRIPPER-STRIPS' defined
 ... done.
bb: parsing problem file
problem 'GRIPPER-8' defined
 ... done.


time:   0,    11 facts and       0 exclusive pairs
              29 ops   and     131 exclusive pairs
time:   1,    28 facts and     113 exclusive pairs
              64 ops   and     943 exclusive pairs
time:   2,    28 facts and      97 exclusive pairs
              80 ops   and    1727 exclusive pairs
time:   3,    36 facts and     129 exclusive pairs
             104 ops   and    3039 exclusive pairs
time:   4,    36 facts and     121 exclusive pairs

creating thin gp-based encoding...
plan graph layer 0...
plan graph layer 1...
plan graph layer 2...
plan graph layer 3...
plan graph layer 4...
goal constraints...
exclusion constraints layer 0...
exclusion constraints layer 1...
exclusion constraints layer 2...
exclusion constraints layer 3...
exclusion constraints layer 4...

DECISION LAYER 4, WRITING THIN GP-BASED ENCODING WITH 416 VARS, 3143 CLAUSES.

time spent:    0.00 seconds instantiating 68 action templates
               0.00 seconds reachability analysis, yielding 36 facts and 68 actions
               0.00 seconds collecting 36 relevant facts
               0.00 seconds building connectivity graph
               0.00 seconds building (std) graph
               0.00 seconds CNF output time
               0.00 seconds total planner time (solving not included)


***Solving***


[ filemap ]
[ extract ]

variables : 416
pure lits : 39

1-clauses : 8
2-clauses : 3034
3-clauses : 41
n-clauses : 60
discarded : 0

[ solve ]


unsatisfiable                             

[ stats ]

decisions : 9
conflicts : 9
time : ~0.01

***UNSAT***


bb: parsing domain file
domain 'GRIPPER-STRIPS' defined
 ... done.
bb: parsing problem file
problem 'GRIPPER-8' defined
 ... done.


time:   0,    11 facts and       0 exclusive pairs
              29 ops   and     131 exclusive pairs
time:   1,    28 facts and     113 exclusive pairs
              64 ops   and     943 exclusive pairs
time:   2,    28 facts and      97 exclusive pairs
              80 ops   and    1727 exclusive pairs
time:   3,    36 facts and     129 exclusive pairs
             104 ops   and    3039 exclusive pairs
time:   4,    36 facts and     121 exclusive pairs
graph has leveled off at time step 5


             104 ops   and    2791 exclusive pairs
time:   5,    36 facts and     121 exclusive pairs

creating thin gp-based encoding...
plan graph layer 0...
plan graph layer 1...
plan graph layer 2...
plan graph layer 3...
plan graph layer 4...
plan graph layer 5...
goal constraints...
exclusion constraints layer 0...
exclusion constraints layer 1...
exclusion constraints layer 2...
exclusion constraints layer 3...
exclusion constraints layer 4...
exclusion constraints layer 5...

DECISION LAYER 5, WRITING THIN GP-BASED ENCODING WITH 556 VARS, 4549 CLAUSES.

time spent:    0.00 seconds instantiating 68 action templates
               0.00 seconds reachability analysis, yielding 36 facts and 68 actions
               0.00 seconds collecting 36 relevant facts
               0.00 seconds building connectivity graph
               0.00 seconds building (std) graph
               0.00 seconds CNF output time
               0.00 seconds total planner time (solving not included)


***Solving***


[ filemap ]
[ extract ]

variables : 556
pure lits : 39

1-clauses : 8
2-clauses : 4404
3-clauses : 41
n-clauses : 96
discarded : 0

[ solve ]


unsatisfiable                             

[ stats ]

decisions : 137
conflicts : 48
time : ~0.01

***UNSAT***


bb: parsing domain file
domain 'GRIPPER-STRIPS' defined
 ... done.
bb: parsing problem file
problem 'GRIPPER-8' defined
 ... done.


time:   0,    11 facts and       0 exclusive pairs
              29 ops   and     131 exclusive pairs
time:   1,    28 facts and     113 exclusive pairs
              64 ops   and     943 exclusive pairs
time:   2,    28 facts and      97 exclusive pairs
              80 ops   and    1727 exclusive pairs
time:   3,    36 facts and     129 exclusive pairs
             104 ops   and    3039 exclusive pairs
time:   4,    36 facts and     121 exclusive pairs
graph has leveled off at time step 5


             104 ops   and    2791 exclusive pairs
time:   5,    36 facts and     121 exclusive pairs
             104 ops   and    2791 exclusive pairs
time:   6,    36 facts and     121 exclusive pairs

creating thin gp-based encoding...
plan graph layer 0...
plan graph layer 1...
plan graph layer 2...
plan graph layer 3...
plan graph layer 4...
plan graph layer 5...
plan graph layer 6...
goal constraints...
exclusion constraints layer 0...
exclusion constraints layer 1...
exclusion constraints layer 2...
exclusion constraints layer 3...
exclusion constraints layer 4...
exclusion constraints layer 5...
exclusion constraints layer 6...

DECISION LAYER 6, WRITING THIN GP-BASED ENCODING WITH 696 VARS, 5955 CLAUSES.

time spent:    0.00 seconds instantiating 68 action templates
               0.00 seconds reachability analysis, yielding 36 facts and 68 actions
               0.00 seconds collecting 36 relevant facts
               0.00 seconds building connectivity graph
               0.00 seconds building (std) graph
               0.00 seconds CNF output time
               0.00 seconds total planner time (solving not included)


***Solving***


[ filemap ]
[ extract ]

variables : 696
pure lits : 39

1-clauses : 8
2-clauses : 5774
3-clauses : 41
n-clauses : 132
discarded : 0

[ solve ]


unsatisfiable                             

[ stats ]

decisions : 429
conflicts : 177
time : ~0.01

***UNSAT***


bb: parsing domain file
domain 'GRIPPER-STRIPS' defined
 ... done.
bb: parsing problem file
problem 'GRIPPER-8' defined
 ... done.


time:   0,    11 facts and       0 exclusive pairs
              29 ops   and     131 exclusive pairs
time:   1,    28 facts and     113 exclusive pairs
              64 ops   and     943 exclusive pairs
time:   2,    28 facts and      97 exclusive pairs
              80 ops   and    1727 exclusive pairs
time:   3,    36 facts and     129 exclusive pairs
             104 ops   and    3039 exclusive pairs
time:   4,    36 facts and     121 exclusive pairs
graph has leveled off at time step 5


             104 ops   and    2791 exclusive pairs
time:   5,    36 facts and     121 exclusive pairs
             104 ops   and    2791 exclusive pairs
time:   6,    36 facts and     121 exclusive pairs
             104 ops   and    2791 exclusive pairs
time:   7,    36 facts and     121 exclusive pairs

creating thin gp-based encoding...
plan graph layer 0...
plan graph layer 1...
plan graph layer 2...
plan graph layer 3...
plan graph layer 4...
plan graph layer 5...
plan graph layer 6...
plan graph layer 7...
goal constraints...
exclusion constraints layer 0...
exclusion constraints layer 1...
exclusion constraints layer 2...
exclusion constraints layer 3...
exclusion constraints layer 4...
exclusion constraints layer 5...
exclusion constraints layer 6...
exclusion constraints layer 7...

DECISION LAYER 7, WRITING THIN GP-BASED ENCODING WITH 836 VARS, 7361 CLAUSES.

time spent:    0.00 seconds instantiating 68 action templates
               0.00 seconds reachability analysis, yielding 36 facts and 68 actions
               0.00 seconds collecting 36 relevant facts
               0.00 seconds building connectivity graph
               0.00 seconds building (std) graph
               0.00 seconds CNF output time
               0.00 seconds total planner time (solving not included)


***Solving***


[ filemap ]
[ extract ]

variables : 836
pure lits : 39

1-clauses : 8
2-clauses : 7144
3-clauses : 41
n-clauses : 168
discarded : 0

[ solve ]


unsatisfiable                             

[ stats ]

decisions : 780
conflicts : 286
time : ~0.01

***UNSAT***


bb: parsing domain file
domain 'GRIPPER-STRIPS' defined
 ... done.
bb: parsing problem file
problem 'GRIPPER-8' defined
 ... done.


time:   0,    11 facts and       0 exclusive pairs
              29 ops   and     131 exclusive pairs
time:   1,    28 facts and     113 exclusive pairs
              64 ops   and     943 exclusive pairs
time:   2,    28 facts and      97 exclusive pairs
              80 ops   and    1727 exclusive pairs
time:   3,    36 facts and     129 exclusive pairs
             104 ops   and    3039 exclusive pairs
time:   4,    36 facts and     121 exclusive pairs
graph has leveled off at time step 5


             104 ops   and    2791 exclusive pairs
time:   5,    36 facts and     121 exclusive pairs
             104 ops   and    2791 exclusive pairs
time:   6,    36 facts and     121 exclusive pairs
             104 ops   and    2791 exclusive pairs
time:   7,    36 facts and     121 exclusive pairs
             104 ops   and    2791 exclusive pairs
time:   8,    36 facts and     121 exclusive pairs

creating thin gp-based encoding...
plan graph layer 0...
plan graph layer 1...
plan graph layer 2...
plan graph layer 3...
plan graph layer 4...
plan graph layer 5...
plan graph layer 6...
plan graph layer 7...
plan graph layer 8...
goal constraints...
exclusion constraints layer 0...
exclusion constraints layer 1...
exclusion constraints layer 2...
exclusion constraints layer 3...
exclusion constraints layer 4...
exclusion constraints layer 5...
exclusion constraints layer 6...
exclusion constraints layer 7...
exclusion constraints layer 8...

DECISION LAYER 8, WRITING THIN GP-BASED ENCODING WITH 976 VARS, 8767 CLAUSES.

time spent:    0.00 seconds instantiating 68 action templates
               0.00 seconds reachability analysis, yielding 36 facts and 68 actions
               0.00 seconds collecting 36 relevant facts
               0.00 seconds building connectivity graph
               0.00 seconds building (std) graph
               0.00 seconds CNF output time
               0.00 seconds total planner time (solving not included)


***Solving***


[ filemap ]
[ extract ]

variables : 976
pure lits : 39

1-clauses : 8
2-clauses : 8514
3-clauses : 41
n-clauses : 204
discarded : 0

[ solve ]


unsatisfiable                             

[ stats ]

decisions : 2587
conflicts : 1178
time : ~0.017

***UNSAT***


bb: parsing domain file
domain 'GRIPPER-STRIPS' defined
 ... done.
bb: parsing problem file
problem 'GRIPPER-8' defined
 ... done.


time:   0,    11 facts and       0 exclusive pairs
              29 ops   and     131 exclusive pairs
time:   1,    28 facts and     113 exclusive pairs
              64 ops   and     943 exclusive pairs
time:   2,    28 facts and      97 exclusive pairs
              80 ops   and    1727 exclusive pairs
time:   3,    36 facts and     129 exclusive pairs
             104 ops   and    3039 exclusive pairs
time:   4,    36 facts and     121 exclusive pairs
graph has leveled off at time step 5


             104 ops   and    2791 exclusive pairs
time:   5,    36 facts and     121 exclusive pairs
             104 ops   and    2791 exclusive pairs
time:   6,    36 facts and     121 exclusive pairs
             104 ops   and    2791 exclusive pairs
time:   7,    36 facts and     121 exclusive pairs
             104 ops   and    2791 exclusive pairs
time:   8,    36 facts and     121 exclusive pairs
             104 ops   and    2791 exclusive pairs
time:   9,    36 facts and     121 exclusive pairs

creating thin gp-based encoding...
plan graph layer 0...
plan graph layer 1...
plan graph layer 2...
plan graph layer 3...
plan graph layer 4...
plan graph layer 5...
plan graph layer 6...
plan graph layer 7...
plan graph layer 8...
plan graph layer 9...
goal constraints...
exclusion constraints layer 0...
exclusion constraints layer 1...
exclusion constraints layer 2...
exclusion constraints layer 3...
exclusion constraints layer 4...
exclusion constraints layer 5...
exclusion constraints layer 6...
exclusion constraints layer 7...
exclusion constraints layer 8...
exclusion constraints layer 9...

DECISION LAYER 9, WRITING THIN GP-BASED ENCODING WITH 1116 VARS, 10173 CLAUSES.

time spent:    0.00 seconds instantiating 68 action templates
               0.00 seconds reachability analysis, yielding 36 facts and 68 actions
               0.00 seconds collecting 36 relevant facts
               0.00 seconds building connectivity graph
               0.00 seconds building (std) graph
               0.00 seconds CNF output time
               0.00 seconds total planner time (solving not included)


***Solving***


[ filemap ]
[ extract ]

variables : 1116
pure lits : 39

1-clauses : 8
2-clauses : 9884
3-clauses : 41
n-clauses : 240
discarded : 0

[ solve ]


unsatisfiable                             

[ stats ]

decisions : 2830
conflicts : 1625
time : ~0.029

***UNSAT***


bb: parsing domain file
domain 'GRIPPER-STRIPS' defined
 ... done.
bb: parsing problem file
problem 'GRIPPER-8' defined
 ... done.


time:   0,    11 facts and       0 exclusive pairs
              29 ops   and     131 exclusive pairs
time:   1,    28 facts and     113 exclusive pairs
              64 ops   and     943 exclusive pairs
time:   2,    28 facts and      97 exclusive pairs
              80 ops   and    1727 exclusive pairs
time:   3,    36 facts and     129 exclusive pairs
             104 ops   and    3039 exclusive pairs
time:   4,    36 facts and     121 exclusive pairs
graph has leveled off at time step 5


             104 ops   and    2791 exclusive pairs
time:   5,    36 facts and     121 exclusive pairs
             104 ops   and    2791 exclusive pairs
time:   6,    36 facts and     121 exclusive pairs
             104 ops   and    2791 exclusive pairs
time:   7,    36 facts and     121 exclusive pairs
             104 ops   and    2791 exclusive pairs
time:   8,    36 facts and     121 exclusive pairs
             104 ops   and    2791 exclusive pairs
time:   9,    36 facts and     121 exclusive pairs
             104 ops   and    2791 exclusive pairs
time:  10,    36 facts and     121 exclusive pairs

creating thin gp-based encoding...
plan graph layer 0...
plan graph layer 1...
plan graph layer 2...
plan graph layer 3...
plan graph layer 4...
plan graph layer 5...
plan graph layer 6...
plan graph layer 7...
plan graph layer 8...
plan graph layer 9...
plan graph layer 10...
goal constraints...
exclusion constraints layer 0...
exclusion constraints layer 1...
exclusion constraints layer 2...
exclusion constraints layer 3...
exclusion constraints layer 4...
exclusion constraints layer 5...
exclusion constraints layer 6...
exclusion constraints layer 7...
exclusion constraints layer 8...
exclusion constraints layer 9...
exclusion constraints layer 10...

DECISION LAYER 10, WRITING THIN GP-BASED ENCODING WITH 1256 VARS, 11579 CLAUSES.

time spent:    0.00 seconds instantiating 68 action templates
               0.00 seconds reachability analysis, yielding 36 facts and 68 actions
               0.00 seconds collecting 36 relevant facts
               0.00 seconds building connectivity graph
               0.00 seconds building (std) graph
               0.00 seconds CNF output time
               0.00 seconds total planner time (solving not included)


***Solving***


[ filemap ]
[ extract ]

variables : 1256
pure lits : 39

1-clauses : 8
2-clauses : 11254
3-clauses : 41
n-clauses : 276
discarded : 0

[ solve ]


unsatisfiable                             

[ stats ]

decisions : 5211
conflicts : 2683
time : ~0.062

***UNSAT***


bb: parsing domain file
domain 'GRIPPER-STRIPS' defined
 ... done.
bb: parsing problem file
problem 'GRIPPER-8' defined
 ... done.


time:   0,    11 facts and       0 exclusive pairs
              29 ops   and     131 exclusive pairs
time:   1,    28 facts and     113 exclusive pairs
              64 ops   and     943 exclusive pairs
time:   2,    28 facts and      97 exclusive pairs
              80 ops   and    1727 exclusive pairs
time:   3,    36 facts and     129 exclusive pairs
             104 ops   and    3039 exclusive pairs
time:   4,    36 facts and     121 exclusive pairs
graph has leveled off at time step 5


             104 ops   and    2791 exclusive pairs
time:   5,    36 facts and     121 exclusive pairs
             104 ops   and    2791 exclusive pairs
time:   6,    36 facts and     121 exclusive pairs
             104 ops   and    2791 exclusive pairs
time:   7,    36 facts and     121 exclusive pairs
             104 ops   and    2791 exclusive pairs
time:   8,    36 facts and     121 exclusive pairs
             104 ops   and    2791 exclusive pairs
time:   9,    36 facts and     121 exclusive pairs
             104 ops   and    2791 exclusive pairs
time:  10,    36 facts and     121 exclusive pairs
             104 ops   and    2791 exclusive pairs
time:  11,    36 facts and     121 exclusive pairs

creating thin gp-based encoding...
plan graph layer 0...
plan graph layer 1...
plan graph layer 2...
plan graph layer 3...
plan graph layer 4...
plan graph layer 5...
plan graph layer 6...
plan graph layer 7...
plan graph layer 8...
plan graph layer 9...
plan graph layer 10...
plan graph layer 11...
goal constraints...
exclusion constraints layer 0...
exclusion constraints layer 1...
exclusion constraints layer 2...
exclusion constraints layer 3...
exclusion constraints layer 4...
exclusion constraints layer 5...
exclusion constraints layer 6...
exclusion constraints layer 7...
exclusion constraints layer 8...
exclusion constraints layer 9...
exclusion constraints layer 10...
exclusion constraints layer 11...

DECISION LAYER 11, WRITING THIN GP-BASED ENCODING WITH 1396 VARS, 12985 CLAUSES.

time spent:    0.00 seconds instantiating 68 action templates
               0.00 seconds reachability analysis, yielding 36 facts and 68 actions
               0.00 seconds collecting 36 relevant facts
               0.00 seconds building connectivity graph
               0.00 seconds building (std) graph
               0.00 seconds CNF output time
               0.00 seconds total planner time (solving not included)


***Solving***


[ filemap ]
[ extract ]

variables : 1396
pure lits : 39

1-clauses : 8
2-clauses : 12624
3-clauses : 41
n-clauses : 312
discarded : 0

[ solve ]


unsatisfiable                             

[ stats ]

decisions : 10525
conflicts : 7562
time : ~0.34

***UNSAT***


bb: parsing domain file
domain 'GRIPPER-STRIPS' defined
 ... done.
bb: parsing problem file
problem 'GRIPPER-8' defined
 ... done.


time:   0,    11 facts and       0 exclusive pairs
              29 ops   and     131 exclusive pairs
time:   1,    28 facts and     113 exclusive pairs
              64 ops   and     943 exclusive pairs
time:   2,    28 facts and      97 exclusive pairs
              80 ops   and    1727 exclusive pairs
time:   3,    36 facts and     129 exclusive pairs
             104 ops   and    3039 exclusive pairs
time:   4,    36 facts and     121 exclusive pairs
graph has leveled off at time step 5


             104 ops   and    2791 exclusive pairs
time:   5,    36 facts and     121 exclusive pairs
             104 ops   and    2791 exclusive pairs
time:   6,    36 facts and     121 exclusive pairs
             104 ops   and    2791 exclusive pairs
time:   7,    36 facts and     121 exclusive pairs
             104 ops   and    2791 exclusive pairs
time:   8,    36 facts and     121 exclusive pairs
             104 ops   and    2791 exclusive pairs
time:   9,    36 facts and     121 exclusive pairs
             104 ops   and    2791 exclusive pairs
time:  10,    36 facts and     121 exclusive pairs
             104 ops   and    2791 exclusive pairs
time:  11,    36 facts and     121 exclusive pairs
             104 ops   and    2791 exclusive pairs
time:  12,    36 facts and     121 exclusive pairs

creating thin gp-based encoding...
plan graph layer 0...
plan graph layer 1...
plan graph layer 2...
plan graph layer 3...
plan graph layer 4...
plan graph layer 5...
plan graph layer 6...
plan graph layer 7...
plan graph layer 8...
plan graph layer 9...
plan graph layer 10...
plan graph layer 11...
plan graph layer 12...
goal constraints...
exclusion constraints layer 0...
exclusion constraints layer 1...
exclusion constraints layer 2...
exclusion constraints layer 3...
exclusion constraints layer 4...
exclusion constraints layer 5...
exclusion constraints layer 6...
exclusion constraints layer 7...
exclusion constraints layer 8...
exclusion constraints layer 9...
exclusion constraints layer 10...
exclusion constraints layer 11...
exclusion constraints layer 12...

DECISION LAYER 12, WRITING THIN GP-BASED ENCODING WITH 1536 VARS, 14391 CLAUSES.

time spent:    0.00 seconds instantiating 68 action templates
               0.00 seconds reachability analysis, yielding 36 facts and 68 actions
               0.00 seconds collecting 36 relevant facts
               0.00 seconds building connectivity graph
               0.00 seconds building (std) graph
               0.00 seconds CNF output time
               0.00 seconds total planner time (solving not included)


***Solving***


[ filemap ]
[ extract ]

variables : 1536
pure lits : 39

1-clauses : 8
2-clauses : 13994
3-clauses : 41
n-clauses : 348
discarded : 0

[ solve ]


unsatisfiable                             

[ stats ]

decisions : 21306
conflicts : 15192
time : ~0.957

***UNSAT***


bb: parsing domain file
domain 'GRIPPER-STRIPS' defined
 ... done.
bb: parsing problem file
problem 'GRIPPER-8' defined
 ... done.


time:   0,    11 facts and       0 exclusive pairs
              29 ops   and     131 exclusive pairs
time:   1,    28 facts and     113 exclusive pairs
              64 ops   and     943 exclusive pairs
time:   2,    28 facts and      97 exclusive pairs
              80 ops   and    1727 exclusive pairs
time:   3,    36 facts and     129 exclusive pairs
             104 ops   and    3039 exclusive pairs
time:   4,    36 facts and     121 exclusive pairs
graph has leveled off at time step 5


             104 ops   and    2791 exclusive pairs
time:   5,    36 facts and     121 exclusive pairs
             104 ops   and    2791 exclusive pairs
time:   6,    36 facts and     121 exclusive pairs
             104 ops   and    2791 exclusive pairs
time:   7,    36 facts and     121 exclusive pairs
             104 ops   and    2791 exclusive pairs
time:   8,    36 facts and     121 exclusive pairs
             104 ops   and    2791 exclusive pairs
time:   9,    36 facts and     121 exclusive pairs
             104 ops   and    2791 exclusive pairs
time:  10,    36 facts and     121 exclusive pairs
             104 ops   and    2791 exclusive pairs
time:  11,    36 facts and     121 exclusive pairs
             104 ops   and    2791 exclusive pairs
time:  12,    36 facts and     121 exclusive pairs
             104 ops   and    2791 exclusive pairs
time:  13,    36 facts and     121 exclusive pairs

creating thin gp-based encoding...
plan graph layer 0...
plan graph layer 1...
plan graph layer 2...
plan graph layer 3...
plan graph layer 4...
plan graph layer 5...
plan graph layer 6...
plan graph layer 7...
plan graph layer 8...
plan graph layer 9...
plan graph layer 10...
plan graph layer 11...
plan graph layer 12...
plan graph layer 13...
goal constraints...
exclusion constraints layer 0...
exclusion constraints layer 1...
exclusion constraints layer 2...
exclusion constraints layer 3...
exclusion constraints layer 4...
exclusion constraints layer 5...
exclusion constraints layer 6...
exclusion constraints layer 7...
exclusion constraints layer 8...
exclusion constraints layer 9...
exclusion constraints layer 10...
exclusion constraints layer 11...
exclusion constraints layer 12...
exclusion constraints layer 13...

DECISION LAYER 13, WRITING THIN GP-BASED ENCODING WITH 1676 VARS, 15797 CLAUSES.

time spent:    0.00 seconds instantiating 68 action templates
               0.00 seconds reachability analysis, yielding 36 facts and 68 actions
               0.00 seconds collecting 36 relevant facts
               0.00 seconds building connectivity graph
               0.00 seconds building (std) graph
               0.00 seconds CNF output time
               0.00 seconds total planner time (solving not included)


***Solving***


[ filemap ]
[ extract ]

variables : 1676
pure lits : 39

1-clauses : 8
2-clauses : 15364
3-clauses : 41
n-clauses : 384
discarded : 0

[ solve ]


unsatisfiable                             

[ stats ]

decisions : 43672
conflicts : 35514
time : ~3.313

***UNSAT***


bb: parsing domain file
domain 'GRIPPER-STRIPS' defined
 ... done.
bb: parsing problem file
problem 'GRIPPER-8' defined
 ... done.


time:   0,    11 facts and       0 exclusive pairs
              29 ops   and     131 exclusive pairs
time:   1,    28 facts and     113 exclusive pairs
              64 ops   and     943 exclusive pairs
time:   2,    28 facts and      97 exclusive pairs
              80 ops   and    1727 exclusive pairs
time:   3,    36 facts and     129 exclusive pairs
             104 ops   and    3039 exclusive pairs
time:   4,    36 facts and     121 exclusive pairs
graph has leveled off at time step 5


             104 ops   and    2791 exclusive pairs
time:   5,    36 facts and     121 exclusive pairs
             104 ops   and    2791 exclusive pairs
time:   6,    36 facts and     121 exclusive pairs
             104 ops   and    2791 exclusive pairs
time:   7,    36 facts and     121 exclusive pairs
             104 ops   and    2791 exclusive pairs
time:   8,    36 facts and     121 exclusive pairs
             104 ops   and    2791 exclusive pairs
time:   9,    36 facts and     121 exclusive pairs
             104 ops   and    2791 exclusive pairs
time:  10,    36 facts and     121 exclusive pairs
             104 ops   and    2791 exclusive pairs
time:  11,    36 facts and     121 exclusive pairs
             104 ops   and    2791 exclusive pairs
time:  12,    36 facts and     121 exclusive pairs
             104 ops   and    2791 exclusive pairs
time:  13,    36 facts and     121 exclusive pairs
             104 ops   and    2791 exclusive pairs
time:  14,    36 facts and     121 exclusive pairs

creating thin gp-based encoding...
plan graph layer 0...
plan graph layer 1...
plan graph layer 2...
plan graph layer 3...
plan graph layer 4...
plan graph layer 5...
plan graph layer 6...
plan graph layer 7...
plan graph layer 8...
plan graph layer 9...
plan graph layer 10...
plan graph layer 11...
plan graph layer 12...
plan graph layer 13...
plan graph layer 14...
goal constraints...
exclusion constraints layer 0...
exclusion constraints layer 1...
exclusion constraints layer 2...
exclusion constraints layer 3...
exclusion constraints layer 4...
exclusion constraints layer 5...
exclusion constraints layer 6...
exclusion constraints layer 7...
exclusion constraints layer 8...
exclusion constraints layer 9...
exclusion constraints layer 10...
exclusion constraints layer 11...
exclusion constraints layer 12...
exclusion constraints layer 13...
exclusion constraints layer 14...

DECISION LAYER 14, WRITING THIN GP-BASED ENCODING WITH 1816 VARS, 17203 CLAUSES.

time spent:    0.00 seconds instantiating 68 action templates
               0.00 seconds reachability analysis, yielding 36 facts and 68 actions
               0.00 seconds collecting 36 relevant facts
               0.00 seconds building connectivity graph
               0.00 seconds building (std) graph
               0.00 seconds CNF output time
               0.00 seconds total planner time (solving not included)


***Solving***


[ filemap ]
[ extract ]

variables : 1816
pure lits : 39

1-clauses : 8
2-clauses : 16734
3-clauses : 41
n-clauses : 420
discarded : 0

[ solve ]


unsatisfiable                             

[ stats ]

decisions : 62711
conflicts : 51606
time : ~5.781

***UNSAT***


bb: parsing domain file
domain 'GRIPPER-STRIPS' defined
 ... done.
bb: parsing problem file
problem 'GRIPPER-8' defined
 ... done.


time:   0,    11 facts and       0 exclusive pairs
              29 ops   and     131 exclusive pairs
time:   1,    28 facts and     113 exclusive pairs
              64 ops   and     943 exclusive pairs
time:   2,    28 facts and      97 exclusive pairs
              80 ops   and    1727 exclusive pairs
time:   3,    36 facts and     129 exclusive pairs
             104 ops   and    3039 exclusive pairs
time:   4,    36 facts and     121 exclusive pairs
graph has leveled off at time step 5


             104 ops   and    2791 exclusive pairs
time:   5,    36 facts and     121 exclusive pairs
             104 ops   and    2791 exclusive pairs
time:   6,    36 facts and     121 exclusive pairs
             104 ops   and    2791 exclusive pairs
time:   7,    36 facts and     121 exclusive pairs
             104 ops   and    2791 exclusive pairs
time:   8,    36 facts and     121 exclusive pairs
             104 ops   and    2791 exclusive pairs
time:   9,    36 facts and     121 exclusive pairs
             104 ops   and    2791 exclusive pairs
time:  10,    36 facts and     121 exclusive pairs
             104 ops   and    2791 exclusive pairs
time:  11,    36 facts and     121 exclusive pairs
             104 ops   and    2791 exclusive pairs
time:  12,    36 facts and     121 exclusive pairs
             104 ops   and    2791 exclusive pairs
time:  13,    36 facts and     121 exclusive pairs
             104 ops   and    2791 exclusive pairs
time:  14,    36 facts and     121 exclusive pairs
             104 ops   and    2791 exclusive pairs
time:  15,    36 facts and     121 exclusive pairs

creating thin gp-based encoding...
plan graph layer 0...
plan graph layer 1...
plan graph layer 2...
plan graph layer 3...
plan graph layer 4...
plan graph layer 5...
plan graph layer 6...
plan graph layer 7...
plan graph layer 8...
plan graph layer 9...
plan graph layer 10...
plan graph layer 11...
plan graph layer 12...
plan graph layer 13...
plan graph layer 14...
plan graph layer 15...
goal constraints...
exclusion constraints layer 0...
exclusion constraints layer 1...
exclusion constraints layer 2...
exclusion constraints layer 3...
exclusion constraints layer 4...
exclusion constraints layer 5...
exclusion constraints layer 6...
exclusion constraints layer 7...
exclusion constraints layer 8...
exclusion constraints layer 9...
exclusion constraints layer 10...
exclusion constraints layer 11...
exclusion constraints layer 12...
exclusion constraints layer 13...
exclusion constraints layer 14...
exclusion constraints layer 15...

DECISION LAYER 15, WRITING THIN GP-BASED ENCODING WITH 1956 VARS, 18609 CLAUSES.

time spent:    0.00 seconds instantiating 68 action templates
               0.00 seconds reachability analysis, yielding 36 facts and 68 actions
               0.00 seconds collecting 36 relevant facts
               0.00 seconds building connectivity graph
               0.00 seconds building (std) graph
               0.00 seconds CNF output time
               0.00 seconds total planner time (solving not included)


***Solving***


[ filemap ]
[ extract ]

variables : 1956
pure lits : 39

1-clauses : 8
2-clauses : 18104
3-clauses : 41
n-clauses : 456
discarded : 0

[ solve ]


satisfiable                             

[ stats ]

decisions : 15689
conflicts : 9067
time : ~0.353


bb: parsing domain file
domain 'GRIPPER-STRIPS' defined
 ... done.
bb: parsing problem file
problem 'GRIPPER-8' defined
 ... done.


time:   0,    11 facts and       0 exclusive pairs
              29 ops   and     131 exclusive pairs
time:   1,    28 facts and     113 exclusive pairs
              64 ops   and     943 exclusive pairs
time:   2,    28 facts and      97 exclusive pairs
              80 ops   and    1727 exclusive pairs
time:   3,    36 facts and     129 exclusive pairs
             104 ops   and    3039 exclusive pairs
time:   4,    36 facts and     121 exclusive pairs
graph has leveled off at time step 5


             104 ops   and    2791 exclusive pairs
time:   5,    36 facts and     121 exclusive pairs
             104 ops   and    2791 exclusive pairs
time:   6,    36 facts and     121 exclusive pairs
             104 ops   and    2791 exclusive pairs
time:   7,    36 facts and     121 exclusive pairs
             104 ops   and    2791 exclusive pairs
time:   8,    36 facts and     121 exclusive pairs
             104 ops   and    2791 exclusive pairs
time:   9,    36 facts and     121 exclusive pairs
             104 ops   and    2791 exclusive pairs
time:  10,    36 facts and     121 exclusive pairs
             104 ops   and    2791 exclusive pairs
time:  11,    36 facts and     121 exclusive pairs
             104 ops   and    2791 exclusive pairs
time:  12,    36 facts and     121 exclusive pairs
             104 ops   and    2791 exclusive pairs
time:  13,    36 facts and     121 exclusive pairs
             104 ops   and    2791 exclusive pairs
time:  14,    36 facts and     121 exclusive pairs
             104 ops   and    2791 exclusive pairs
time:  15,    36 facts and     121 exclusive pairs

creating thin gp-based encoding...
plan graph layer 0...
plan graph layer 1...
plan graph layer 2...
plan graph layer 3...
plan graph layer 4...
plan graph layer 5...
plan graph layer 6...
plan graph layer 7...
plan graph layer 8...
plan graph layer 9...
plan graph layer 10...
plan graph layer 11...
plan graph layer 12...
plan graph layer 13...
plan graph layer 14...
plan graph layer 15...
goal constraints...
exclusion constraints layer 0...
exclusion constraints layer 1...
exclusion constraints layer 2...
exclusion constraints layer 3...
exclusion constraints layer 4...
exclusion constraints layer 5...
exclusion constraints layer 6...
exclusion constraints layer 7...
exclusion constraints layer 8...
exclusion constraints layer 9...
exclusion constraints layer 10...
exclusion constraints layer 11...
exclusion constraints layer 12...
exclusion constraints layer 13...
exclusion constraints layer 14...
exclusion constraints layer 15...

DECISION LAYER 15, WRITING THIN GP-BASED ENCODING WITH 1956 VARS, 18609 CLAUSES.

time spent:    0.00 seconds instantiating 68 action templates
               0.00 seconds reachability analysis, yielding 36 facts and 68 actions
               0.00 seconds collecting 36 relevant facts
               0.00 seconds building connectivity graph
               0.00 seconds building (std) graph
               0.00 seconds CNF output time
               0.00 seconds total planner time (solving not included)

Pruned:  0: (PICK BALL1 ROOMB LEFT) [1]
Pruned:  0: (PICK BALL1 ROOMB LEFT) [1]
Pruned:  0: (PICK BALL1 ROOMB LEFT) [1]
Pruned:  0: (PICK BALL1 ROOMB LEFT) [1]
Pruned:  0: (PICK BALL1 ROOMB LEFT) [1]
Pruned:  0: (PICK BALL1 ROOMB LEFT) [1]
Pruned:  0: (PICK BALL1 ROOMB LEFT) [1]
Pruned:  0: (PICK BALL1 ROOMB LEFT) [1]
Pruned:  0: (PICK BALL1 ROOMB LEFT) [1]
Pruned:  0: (PICK BALL1 ROOMB LEFT) [1]
Pruned:  0: (PICK BALL1 ROOMB LEFT) [1]
Pruned:  0: (PICK BALL1 ROOMB LEFT) [1]
Pruned:  0: (PICK BALL1 ROOMB LEFT) [1]
Pruned:  0: (PICK BALL1 ROOMB LEFT) [1]
Pruned:  0: (PICK BALL1 ROOMB LEFT) [1]
Pruned:  0: (PICK BALL1 ROOMB LEFT) [1]
Pruned:  0: (PICK BALL1 ROOMB LEFT) [1]
Pruned:  0: (PICK BALL1 ROOMB LEFT) [1]
Pruned:  0: (PICK BALL1 ROOMB LEFT) [1]
Pruned:  0: (PICK BALL1 ROOMB LEFT) [1]
Pruned:  0: (PICK BALL1 ROOMB LEFT) [1]
Pruned:  0: (PICK BALL1 ROOMB LEFT) [1]
Pruned:  0: (PICK BALL1 ROOMB LEFT) [1]
Pruned:  0: (PICK BALL1 ROOMB LEFT) [1]
Pruned:  0: (PICK BALL1 ROOMB LEFT) [1]
Pruned:  0: (PICK BALL1 ROOMB LEFT) [1]
Pruned:  0: (PICK BALL1 ROOMB LEFT) [1]
Pruned:  0: (PICK BALL1 ROOMB LEFT) [1]
Pruned:  0: (PICK BALL1 ROOMB LEFT) [1]
Pruned:  0: (PICK BALL1 ROOMB LEFT) [1]
Pruned:  0: (PICK BALL1 ROOMB LEFT) [1]
Pruned:  0: (PICK BALL1 ROOMB LEFT) [1]
Pruned:  0: (PICK BALL1 ROOMB LEFT) [1]
Pruned:  0: (PICK BALL1 ROOMB LEFT) [1]
Pruned:  0: (PICK BALL1 ROOMB LEFT) [1]
Pruned:  0: (PICK BALL1 ROOMB LEFT) [1]
Pruned:  0: (PICK BALL1 ROOMB LEFT) [1]
Pruned:  0: (PICK BALL1 ROOMB LEFT) [1]
Pruned:  0: (PICK BALL1 ROOMB LEFT) [1]
Pruned:  0: (PICK BALL1 ROOMB LEFT) [1]
Pruned:  0: (PICK BALL1 ROOMB LEFT) [1]
Pruned:  0: (PICK BALL1 ROOMB LEFT) [1]
Pruned:  0: (PICK BALL1 ROOMB LEFT) [1]
Pruned:  0: (PICK BALL1 ROOMB LEFT) [1]
Pruned:  0: (PICK BALL1 ROOMB LEFT) [1]
Pruned:  0: (PICK BALL1 ROOMB LEFT) [1]
Pruned:  0: (PICK BALL1 ROOMB LEFT) [1]
Pruned:  0: (PICK BALL1 ROOMB LEFT) [1]
Pruned:  0: (PICK BALL1 ROOMB LEFT) [1]
Pruned:  0: (PICK BALL1 ROOMB LEFT) [1]
Pruned:  0: (PICK BALL1 ROOMB LEFT) [1]
Pruned:  0: (PICK BALL1 ROOMB LEFT) [1]
Pruned:  0: (PICK BALL1 ROOMB LEFT) [1]
Pruned:  0: (PICK BALL1 ROOMB LEFT) [1]
Pruned:  0: (PICK BALL1 ROOMB LEFT) [1]
Pruned:  0: (PICK BALL1 ROOMB LEFT) [1]
Pruned:  0: (PICK BALL1 ROOMB LEFT) [1]
Pruned:  0: (PICK BALL1 ROOMB LEFT) [1]
Pruned:  0: (PICK BALL1 ROOMB LEFT) [1]
Pruned:  0: (PICK BALL1 ROOMB LEFT) [1]
Pruned:  0: (PICK BALL1 ROOMB LEFT) [1]
Pruned:  0: (PICK BALL1 ROOMB LEFT) [1]
Pruned:  0: (PICK BALL1 ROOMB LEFT) [1]
Pruned:  0: (PICK BALL1 ROOMB LEFT) [1]
Pruned:  0: (PICK BALL1 ROOMB LEFT) [1]
Pruned:  0: (PICK BALL1 ROOMB LEFT) [1]
Pruned:  0: (PICK BALL1 ROOMB LEFT) [1]
Pruned:  0: (PICK BALL1 ROOMB LEFT) [1]
Pruned:  0: (PICK BALL1 ROOMB LEFT) [1]
Pruned:  0: (PICK BALL1 ROOMB LEFT) [1]
Pruned:  0: (PICK BALL1 ROOMB LEFT) [1]
Pruned:  0: (PICK BALL1 ROOMB LEFT) [1]
Pruned:  0: (PICK BALL1 ROOMB LEFT) [1]
Pruned:  0: (PICK BALL1 ROOMB LEFT) [1]
Pruned:  0: (PICK BALL1 ROOMB LEFT) [1]
Pruned:  0: (PICK BALL1 ROOMB LEFT) [1]
Pruned:  0: (PICK BALL1 ROOMB LEFT) [1]
Pruned:  0: (PICK BALL1 ROOMB LEFT) [1]
Pruned:  0: (PICK BALL1 ROOMB LEFT) [1]
Pruned:  0: (PICK BALL1 ROOMB LEFT) [1]
Pruned:  0: (PICK BALL1 ROOMB LEFT) [1]
Pruned:  0: (PICK BALL1 ROOMB LEFT) [1]
Pruned:  0: (PICK BALL1 ROOMB LEFT) [1]
Pruned:  0: (PICK BALL1 ROOMB LEFT) [1]
Pruned:  0: (PICK BALL1 ROOMB LEFT) [1]
Pruned:  0: (PICK BALL1 ROOMB LEFT) [1]
Pruned:  0: (PICK BALL1 ROOMB LEFT) [1]
Pruned:  0: (PICK BALL1 ROOMB LEFT) [1]
Pruned:  0: (PICK BALL1 ROOMB LEFT) [1]
Pruned:  0: (PICK BALL1 ROOMB LEFT) [1]
Pruned:  0: (PICK BALL1 ROOMB LEFT) [1]
Pruned:  0: (PICK BALL1 ROOMB LEFT) [1]
Pruned:  0: (PICK BALL1 ROOMB LEFT) [1]
Pruned:  0: (PICK BALL1 ROOMB LEFT) [1]
Pruned:  0: (PICK BALL1 ROOMB LEFT) [1]
Pruned:  0: (PICK BALL1 ROOMB LEFT) [1]
Pruned:  0: (PICK BALL1 ROOMB LEFT) [1]
Pruned:  0: (PICK BALL1 ROOMB LEFT) [1]
Pruned:  0: (PICK BALL1 ROOMB LEFT) [1]
Pruned:  0: (PICK BALL1 ROOMB LEFT) [1]
Pruned:  0: (PICK BALL1 ROOMB LEFT) [1]
Pruned:  0: (PICK BALL1 ROOMB LEFT) [1]
Pruned:  0: (PICK BALL1 ROOMB LEFT) [1]
Pruned:  0: (PICK BALL1 ROOMB LEFT) [1]
Pruned:  0: (PICK BALL1 ROOMB LEFT) [1]
Pruned:  0: (PICK BALL1 ROOMB LEFT) [1]
Pruned:  0: (PICK BALL1 ROOMB LEFT) [1]
Pruned:  0: (PICK BALL1 ROOMB LEFT) [1]
Pruned:  0: (PICK BALL1 ROOMB LEFT) [1]
Pruned:  0: (PICK BALL1 ROOMB LEFT) [1]
Pruned:  0: (PICK BALL1 ROOMB LEFT) [1]
Pruned:  0: (PICK BALL1 ROOMB LEFT) [1]
Pruned:  0: (PICK BALL1 ROOMB LEFT) [1]
Pruned:  0: (PICK BALL1 ROOMB LEFT) [1]
Pruned:  0: (PICK BALL1 ROOMB LEFT) [1]
Pruned:  0: (PICK BALL1 ROOMB LEFT) [1]
Pruned:  0: (PICK BALL1 ROOMB LEFT) [1]
Pruned:  0: (PICK BALL1 ROOMB LEFT) [1]
Pruned:  0: (PICK BALL1 ROOMB LEFT) [1]
Pruned:  0: (PICK BALL1 ROOMB LEFT) [1]
Pruned:  0: (PICK BALL1 ROOMB LEFT) [1]
Pruned:  0: (PICK BALL1 ROOMB LEFT) [1]
Pruned:  0: (PICK BALL1 ROOMB LEFT) [1]
Pruned:  0: (PICK BALL1 ROOMB LEFT) [1]
Pruned:  0: (PICK BALL1 ROOMB LEFT) [1]
Pruned:  0: (PICK BALL1 ROOMB LEFT) [1]
Pruned:  0: (PICK BALL1 ROOMB LEFT) [1]
Pruned:  0: (PICK BALL1 ROOMB LEFT) [1]
Pruned:  0: (PICK BALL1 ROOMB LEFT) [1]
Pruned:  0: (PICK BALL1 ROOMB LEFT) [1]
Pruned:  0: (PICK BALL1 ROOMB LEFT) [1]
Pruned:  0: (PICK BALL1 ROOMB LEFT) [1]
Pruned:  0: (PICK BALL1 ROOMB LEFT) [1]
Pruned:  0: (PICK BALL1 ROOMB LEFT) [1]
Pruned:  0: (PICK BALL1 ROOMB LEFT) [1]
Pruned:  0: (PICK BALL1 ROOMB LEFT) [1]
Pruned:  0: (PICK BALL1 ROOMB LEFT) [1]
Pruned:  0: (PICK BALL1 ROOMB LEFT) [1]
Pruned:  0: (PICK BALL1 ROOMB LEFT) [1]
Pruned:  0: (PICK BALL1 ROOMB LEFT) [1]
Pruned:  0: (PICK BALL1 ROOMB LEFT) [1]
Pruned:  0: (PICK BALL1 ROOMB LEFT) [1]
Pruned:  0: (PICK BALL1 ROOMB LEFT) [1]
Pruned:  0: (PICK BALL1 ROOMB LEFT) [1]
Pruned:  0: (PICK BALL1 ROOMB LEFT) [1]
Pruned:  0: (PICK BALL1 ROOMB LEFT) [1]
Pruned:  0: (PICK BALL1 ROOMB LEFT) [1]
Pruned:  0: (PICK BALL1 ROOMB LEFT) [1]
Pruned:  0: (PICK BALL1 ROOMB LEFT) [1]
Pruned:  0: (PICK BALL1 ROOMB LEFT) [1]
Pruned:  0: (PICK BALL1 ROOMB LEFT) [1]
Pruned:  0: (PICK BALL1 ROOMB LEFT) [1]
Pruned:  0: (PICK BALL1 ROOMB LEFT) [1]
Pruned:  0: (PICK BALL1 ROOMB LEFT) [1]
Pruned:  0: (PICK BALL1 ROOMB LEFT) [1]
Pruned:  0: (PICK BALL1 ROOMB LEFT) [1]
Pruned:  0: (PICK BALL1 ROOMB LEFT) [1]
---SatPlan Version: 1.1
***SAT!***

Solved in 15 layers

Real Time: = 10.98
User Time: = 10.89
Syst Time: = 0.07

__MEMKB 13924
