---SatPlan Version: 1.1

bb: parsing domain file
domain 'GRIPPER-STRIPS' defined
 ... done.
bb: parsing problem file
problem 'GRIPPER-30' defined
 ... done.


time:   0,    33 facts and       0 exclusive pairs
              95 ops   and    1143 exclusive pairs
time:   1,    94 facts and    1081 exclusive pairs

creating thin gp-based encoding...
plan graph layer 0...
plan graph layer 1...
goal constraints...

goal fact not coded - level too low??


bb: parsing domain file
domain 'GRIPPER-STRIPS' defined
 ... done.
bb: parsing problem file
problem 'GRIPPER-30' defined
 ... done.


time:   0,    33 facts and       0 exclusive pairs
              95 ops   and    1143 exclusive pairs
time:   1,    94 facts and    1081 exclusive pairs
             218 ops   and    9435 exclusive pairs
time:   2,    94 facts and    1021 exclusive pairs

creating thin gp-based encoding...
plan graph layer 0...
plan graph layer 1...
plan graph layer 2...
goal constraints...

goal fact not coded - level too low??


bb: parsing domain file
domain 'GRIPPER-STRIPS' defined
 ... done.
bb: parsing problem file
problem 'GRIPPER-30' defined
 ... done.


time:   0,    33 facts and       0 exclusive pairs
              95 ops   and    1143 exclusive pairs
time:   1,    94 facts and    1081 exclusive pairs
             218 ops   and    9435 exclusive pairs
time:   2,    94 facts and    1021 exclusive pairs
             278 ops   and   19635 exclusive pairs
time:   3,   124 facts and    1141 exclusive pairs

creating thin gp-based encoding...
plan graph layer 0...
plan graph layer 1...
plan graph layer 2...
plan graph layer 3...
goal constraints...
exclusion constraints layer 0...
exclusion constraints layer 1...
exclusion constraints layer 2...
exclusion constraints layer 3...

DECISION LAYER 3, WRITING THIN GP-BASED ENCODING WITH 936 VARS, 14277 CLAUSES.

time spent:    0.00 seconds instantiating 244 action templates
               0.00 seconds reachability analysis, yielding 124 facts and 244 actions
               0.00 seconds collecting 124 relevant facts
               0.00 seconds building connectivity graph
               0.00 seconds building (std) graph
               0.00 seconds CNF output time
               0.00 seconds total planner time (solving not included)


***Solving***


[ filemap ]
[ extract ]

variables : 936
pure lits : 127

1-clauses : 30
2-clauses : 14028
3-clauses : 151
n-clauses : 68
discarded : 0

[ solve ]


unsatisfiable                             

[ stats ]

decisions : 35
conflicts : 6
time : ~0.01

***UNSAT***


bb: parsing domain file
domain 'GRIPPER-STRIPS' defined
 ... done.
bb: parsing problem file
problem 'GRIPPER-30' defined
 ... done.


time:   0,    33 facts and       0 exclusive pairs
              95 ops   and    1143 exclusive pairs
time:   1,    94 facts and    1081 exclusive pairs
             218 ops   and    9435 exclusive pairs
time:   2,    94 facts and    1021 exclusive pairs
             278 ops   and   19635 exclusive pairs
time:   3,   124 facts and    1141 exclusive pairs
             368 ops   and   35775 exclusive pairs
time:   4,   124 facts and    1111 exclusive pairs

creating thin gp-based encoding...
plan graph layer 0...
plan graph layer 1...
plan graph layer 2...
plan graph layer 3...
plan graph layer 4...
goal constraints...
exclusion constraints layer 0...
exclusion constraints layer 1...
exclusion constraints layer 2...
exclusion constraints layer 3...
exclusion constraints layer 4...

DECISION LAYER 4, WRITING THIN GP-BASED ENCODING WITH 1428 VARS, 28069 CLAUSES.

time spent:    0.00 seconds instantiating 244 action templates
               0.00 seconds reachability analysis, yielding 124 facts and 244 actions
               0.00 seconds collecting 124 relevant facts
               0.00 seconds building connectivity graph
               0.00 seconds building (std) graph
               0.00 seconds CNF output time
               0.00 seconds total planner time (solving not included)


***Solving***


[ filemap ]
[ extract ]

variables : 1428
pure lits : 127

1-clauses : 30
2-clauses : 27696
3-clauses : 151
n-clauses : 192
discarded : 0

[ solve ]


unsatisfiable                             

[ stats ]

decisions : 187
conflicts : 20
time : ~0.01

***UNSAT***


bb: parsing domain file
domain 'GRIPPER-STRIPS' defined
 ... done.
bb: parsing problem file
problem 'GRIPPER-30' defined
 ... done.


time:   0,    33 facts and       0 exclusive pairs
              95 ops   and    1143 exclusive pairs
time:   1,    94 facts and    1081 exclusive pairs
             218 ops   and    9435 exclusive pairs
time:   2,    94 facts and    1021 exclusive pairs
             278 ops   and   19635 exclusive pairs
time:   3,   124 facts and    1141 exclusive pairs
             368 ops   and   35775 exclusive pairs
time:   4,   124 facts and    1111 exclusive pairs
graph has leveled off at time step 5


             368 ops   and   32205 exclusive pairs
time:   5,   124 facts and    1111 exclusive pairs

creating thin gp-based encoding...
plan graph layer 0...
plan graph layer 1...
plan graph layer 2...
plan graph layer 3...
plan graph layer 4...
plan graph layer 5...
goal constraints...
exclusion constraints layer 0...
exclusion constraints layer 1...
exclusion constraints layer 2...
exclusion constraints layer 3...
exclusion constraints layer 4...
exclusion constraints layer 5...

DECISION LAYER 5, WRITING THIN GP-BASED ENCODING WITH 1920 VARS, 41861 CLAUSES.

time spent:    0.00 seconds instantiating 244 action templates
               0.00 seconds reachability analysis, yielding 124 facts and 244 actions
               0.00 seconds collecting 124 relevant facts
               0.00 seconds building connectivity graph
               0.00 seconds building (std) graph
               0.00 seconds CNF output time
               0.00 seconds total planner time (solving not included)


***Solving***


[ filemap ]
[ extract ]

variables : 1920
pure lits : 127

1-clauses : 30
2-clauses : 41364
3-clauses : 151
n-clauses : 316
discarded : 0

[ solve ]


unsatisfiable                             

[ stats ]

decisions : 268
conflicts : 40
time : ~0.01

***UNSAT***


bb: parsing domain file
domain 'GRIPPER-STRIPS' defined
 ... done.
bb: parsing problem file
problem 'GRIPPER-30' defined
 ... done.


time:   0,    33 facts and       0 exclusive pairs
              95 ops   and    1143 exclusive pairs
time:   1,    94 facts and    1081 exclusive pairs
             218 ops   and    9435 exclusive pairs
time:   2,    94 facts and    1021 exclusive pairs
             278 ops   and   19635 exclusive pairs
time:   3,   124 facts and    1141 exclusive pairs
             368 ops   and   35775 exclusive pairs
time:   4,   124 facts and    1111 exclusive pairs
graph has leveled off at time step 5


             368 ops   and   32205 exclusive pairs
time:   5,   124 facts and    1111 exclusive pairs
             368 ops   and   32205 exclusive pairs
time:   6,   124 facts and    1111 exclusive pairs

creating thin gp-based encoding...
plan graph layer 0...
plan graph layer 1...
plan graph layer 2...
plan graph layer 3...
plan graph layer 4...
plan graph layer 5...
plan graph layer 6...
goal constraints...
exclusion constraints layer 0...
exclusion constraints layer 1...
exclusion constraints layer 2...
exclusion constraints layer 3...
exclusion constraints layer 4...
exclusion constraints layer 5...
exclusion constraints layer 6...

DECISION LAYER 6, WRITING THIN GP-BASED ENCODING WITH 2412 VARS, 55653 CLAUSES.

time spent:    0.00 seconds instantiating 244 action templates
               0.00 seconds reachability analysis, yielding 124 facts and 244 actions
               0.00 seconds collecting 124 relevant facts
               0.00 seconds building connectivity graph
               0.00 seconds building (std) graph
               0.01 seconds CNF output time
               0.01 seconds total planner time (solving not included)


***Solving***


[ filemap ]
[ extract ]

variables : 2412
pure lits : 127

1-clauses : 30
2-clauses : 55032
3-clauses : 151
n-clauses : 440
discarded : 0

[ solve ]


unsatisfiable                             

[ stats ]

decisions : 1919
conflicts : 202
time : ~0.01

***UNSAT***


bb: parsing domain file
domain 'GRIPPER-STRIPS' defined
 ... done.
bb: parsing problem file
problem 'GRIPPER-30' defined
 ... done.


time:   0,    33 facts and       0 exclusive pairs
              95 ops   and    1143 exclusive pairs
time:   1,    94 facts and    1081 exclusive pairs
             218 ops   and    9435 exclusive pairs
time:   2,    94 facts and    1021 exclusive pairs
             278 ops   and   19635 exclusive pairs
time:   3,   124 facts and    1141 exclusive pairs
             368 ops   and   35775 exclusive pairs
time:   4,   124 facts and    1111 exclusive pairs
graph has leveled off at time step 5


             368 ops   and   32205 exclusive pairs
time:   5,   124 facts and    1111 exclusive pairs
             368 ops   and   32205 exclusive pairs
time:   6,   124 facts and    1111 exclusive pairs
             368 ops   and   32205 exclusive pairs
time:   7,   124 facts and    1111 exclusive pairs

creating thin gp-based encoding...
plan graph layer 0...
plan graph layer 1...
plan graph layer 2...
plan graph layer 3...
plan graph layer 4...
plan graph layer 5...
plan graph layer 6...
plan graph layer 7...
goal constraints...
exclusion constraints layer 0...
exclusion constraints layer 1...
exclusion constraints layer 2...
exclusion constraints layer 3...
exclusion constraints layer 4...
exclusion constraints layer 5...
exclusion constraints layer 6...
exclusion constraints layer 7...

DECISION LAYER 7, WRITING THIN GP-BASED ENCODING WITH 2904 VARS, 69445 CLAUSES.

time spent:    0.00 seconds instantiating 244 action templates
               0.00 seconds reachability analysis, yielding 124 facts and 244 actions
               0.00 seconds collecting 124 relevant facts
               0.00 seconds building connectivity graph
               0.00 seconds building (std) graph
               0.01 seconds CNF output time
               0.01 seconds total planner time (solving not included)


***Solving***


[ filemap ]
[ extract ]

variables : 2904
pure lits : 127

1-clauses : 30
2-clauses : 68700
3-clauses : 151
n-clauses : 564
discarded : 0

[ solve ]


unsatisfiable                             

[ stats ]

decisions : 1971
conflicts : 698
time : ~0.013

***UNSAT***


bb: parsing domain file
domain 'GRIPPER-STRIPS' defined
 ... done.
bb: parsing problem file
problem 'GRIPPER-30' defined
 ... done.


time:   0,    33 facts and       0 exclusive pairs
              95 ops   and    1143 exclusive pairs
time:   1,    94 facts and    1081 exclusive pairs
             218 ops   and    9435 exclusive pairs
time:   2,    94 facts and    1021 exclusive pairs
             278 ops   and   19635 exclusive pairs
time:   3,   124 facts and    1141 exclusive pairs
             368 ops   and   35775 exclusive pairs
time:   4,   124 facts and    1111 exclusive pairs
graph has leveled off at time step 5


             368 ops   and   32205 exclusive pairs
time:   5,   124 facts and    1111 exclusive pairs
             368 ops   and   32205 exclusive pairs
time:   6,   124 facts and    1111 exclusive pairs
             368 ops   and   32205 exclusive pairs
time:   7,   124 facts and    1111 exclusive pairs
             368 ops   and   32205 exclusive pairs
time:   8,   124 facts and    1111 exclusive pairs

creating thin gp-based encoding...
plan graph layer 0...
plan graph layer 1...
plan graph layer 2...
plan graph layer 3...
plan graph layer 4...
plan graph layer 5...
plan graph layer 6...
plan graph layer 7...
plan graph layer 8...
goal constraints...
exclusion constraints layer 0...
exclusion constraints layer 1...
exclusion constraints layer 2...
exclusion constraints layer 3...
exclusion constraints layer 4...
exclusion constraints layer 5...
exclusion constraints layer 6...
exclusion constraints layer 7...
exclusion constraints layer 8...

DECISION LAYER 8, WRITING THIN GP-BASED ENCODING WITH 3396 VARS, 83237 CLAUSES.

time spent:    0.00 seconds instantiating 244 action templates
               0.00 seconds reachability analysis, yielding 124 facts and 244 actions
               0.00 seconds collecting 124 relevant facts
               0.00 seconds building connectivity graph
               0.00 seconds building (std) graph
               0.01 seconds CNF output time
               0.01 seconds total planner time (solving not included)


***Solving***


[ filemap ]
[ extract ]

variables : 3396
pure lits : 127

1-clauses : 30
2-clauses : 82368
3-clauses : 151
n-clauses : 688
discarded : 0

[ solve ]


unsatisfiable                             

[ stats ]

decisions : 3100
conflicts : 965
time : ~0.017

***UNSAT***


bb: parsing domain file
domain 'GRIPPER-STRIPS' defined
 ... done.
bb: parsing problem file
problem 'GRIPPER-30' defined
 ... done.


time:   0,    33 facts and       0 exclusive pairs
              95 ops   and    1143 exclusive pairs
time:   1,    94 facts and    1081 exclusive pairs
             218 ops   and    9435 exclusive pairs
time:   2,    94 facts and    1021 exclusive pairs
             278 ops   and   19635 exclusive pairs
time:   3,   124 facts and    1141 exclusive pairs
             368 ops   and   35775 exclusive pairs
time:   4,   124 facts and    1111 exclusive pairs
graph has leveled off at time step 5


             368 ops   and   32205 exclusive pairs
time:   5,   124 facts and    1111 exclusive pairs
             368 ops   and   32205 exclusive pairs
time:   6,   124 facts and    1111 exclusive pairs
             368 ops   and   32205 exclusive pairs
time:   7,   124 facts and    1111 exclusive pairs
             368 ops   and   32205 exclusive pairs
time:   8,   124 facts and    1111 exclusive pairs
             368 ops   and   32205 exclusive pairs
time:   9,   124 facts and    1111 exclusive pairs

creating thin gp-based encoding...
plan graph layer 0...
plan graph layer 1...
plan graph layer 2...
plan graph layer 3...
plan graph layer 4...
plan graph layer 5...
plan graph layer 6...
plan graph layer 7...
plan graph layer 8...
plan graph layer 9...
goal constraints...
exclusion constraints layer 0...
exclusion constraints layer 1...
exclusion constraints layer 2...
exclusion constraints layer 3...
exclusion constraints layer 4...
exclusion constraints layer 5...
exclusion constraints layer 6...
exclusion constraints layer 7...
exclusion constraints layer 8...
exclusion constraints layer 9...

DECISION LAYER 9, WRITING THIN GP-BASED ENCODING WITH 3888 VARS, 97029 CLAUSES.

time spent:    0.00 seconds instantiating 244 action templates
               0.00 seconds reachability analysis, yielding 124 facts and 244 actions
               0.00 seconds collecting 124 relevant facts
               0.00 seconds building connectivity graph
               0.00 seconds building (std) graph
               0.01 seconds CNF output time
               0.01 seconds total planner time (solving not included)


***Solving***


[ filemap ]
[ extract ]

variables : 3888
pure lits : 127

1-clauses : 30
2-clauses : 96036
3-clauses : 151
n-clauses : 812
discarded : 0

[ solve ]


unsatisfiable                             

[ stats ]

decisions : 7069
conflicts : 1578
time : ~0.039

***UNSAT***


bb: parsing domain file
domain 'GRIPPER-STRIPS' defined
 ... done.
bb: parsing problem file
problem 'GRIPPER-30' defined
 ... done.


time:   0,    33 facts and       0 exclusive pairs
              95 ops   and    1143 exclusive pairs
time:   1,    94 facts and    1081 exclusive pairs
             218 ops   and    9435 exclusive pairs
time:   2,    94 facts and    1021 exclusive pairs
             278 ops   and   19635 exclusive pairs
time:   3,   124 facts and    1141 exclusive pairs
             368 ops   and   35775 exclusive pairs
time:   4,   124 facts and    1111 exclusive pairs
graph has leveled off at time step 5


             368 ops   and   32205 exclusive pairs
time:   5,   124 facts and    1111 exclusive pairs
             368 ops   and   32205 exclusive pairs
time:   6,   124 facts and    1111 exclusive pairs
             368 ops   and   32205 exclusive pairs
time:   7,   124 facts and    1111 exclusive pairs
             368 ops   and   32205 exclusive pairs
time:   8,   124 facts and    1111 exclusive pairs
             368 ops   and   32205 exclusive pairs
time:   9,   124 facts and    1111 exclusive pairs
             368 ops   and   32205 exclusive pairs
time:  10,   124 facts and    1111 exclusive pairs

creating thin gp-based encoding...
plan graph layer 0...
plan graph layer 1...
plan graph layer 2...
plan graph layer 3...
plan graph layer 4...
plan graph layer 5...
plan graph layer 6...
plan graph layer 7...
plan graph layer 8...
plan graph layer 9...
plan graph layer 10...
goal constraints...
exclusion constraints layer 0...
exclusion constraints layer 1...
exclusion constraints layer 2...
exclusion constraints layer 3...
exclusion constraints layer 4...
exclusion constraints layer 5...
exclusion constraints layer 6...
exclusion constraints layer 7...
exclusion constraints layer 8...
exclusion constraints layer 9...
exclusion constraints layer 10...

DECISION LAYER 10, WRITING THIN GP-BASED ENCODING WITH 4380 VARS, 110821 CLAUSES.

time spent:    0.00 seconds instantiating 244 action templates
               0.00 seconds reachability analysis, yielding 124 facts and 244 actions
               0.00 seconds collecting 124 relevant facts
               0.00 seconds building connectivity graph
               0.00 seconds building (std) graph
               0.02 seconds CNF output time
               0.02 seconds total planner time (solving not included)


***Solving***


[ filemap ]
[ extract ]

variables : 4380
pure lits : 127

1-clauses : 30
2-clauses : 109704
3-clauses : 151
n-clauses : 936
discarded : 0

[ solve ]


unsatisfiable                             

[ stats ]

decisions : 13015
conflicts : 6689
time : ~0.34

***UNSAT***


bb: parsing domain file
domain 'GRIPPER-STRIPS' defined
 ... done.
bb: parsing problem file
problem 'GRIPPER-30' defined
 ... done.


time:   0,    33 facts and       0 exclusive pairs
              95 ops   and    1143 exclusive pairs
time:   1,    94 facts and    1081 exclusive pairs
             218 ops   and    9435 exclusive pairs
time:   2,    94 facts and    1021 exclusive pairs
             278 ops   and   19635 exclusive pairs
time:   3,   124 facts and    1141 exclusive pairs
             368 ops   and   35775 exclusive pairs
time:   4,   124 facts and    1111 exclusive pairs
graph has leveled off at time step 5


             368 ops   and   32205 exclusive pairs
time:   5,   124 facts and    1111 exclusive pairs
             368 ops   and   32205 exclusive pairs
time:   6,   124 facts and    1111 exclusive pairs
             368 ops   and   32205 exclusive pairs
time:   7,   124 facts and    1111 exclusive pairs
             368 ops   and   32205 exclusive pairs
time:   8,   124 facts and    1111 exclusive pairs
             368 ops   and   32205 exclusive pairs
time:   9,   124 facts and    1111 exclusive pairs
             368 ops   and   32205 exclusive pairs
time:  10,   124 facts and    1111 exclusive pairs
             368 ops   and   32205 exclusive pairs
time:  11,   124 facts and    1111 exclusive pairs

creating thin gp-based encoding...
plan graph layer 0...
plan graph layer 1...
plan graph layer 2...
plan graph layer 3...
plan graph layer 4...
plan graph layer 5...
plan graph layer 6...
plan graph layer 7...
plan graph layer 8...
plan graph layer 9...
plan graph layer 10...
plan graph layer 11...
goal constraints...
exclusion constraints layer 0...
exclusion constraints layer 1...
exclusion constraints layer 2...
exclusion constraints layer 3...
exclusion constraints layer 4...
exclusion constraints layer 5...
exclusion constraints layer 6...
exclusion constraints layer 7...
exclusion constraints layer 8...
exclusion constraints layer 9...
exclusion constraints layer 10...
exclusion constraints layer 11...

DECISION LAYER 11, WRITING THIN GP-BASED ENCODING WITH 4872 VARS, 124613 CLAUSES.

time spent:    0.00 seconds instantiating 244 action templates
               0.00 seconds reachability analysis, yielding 124 facts and 244 actions
               0.00 seconds collecting 124 relevant facts
               0.00 seconds building connectivity graph
               0.00 seconds building (std) graph
               0.02 seconds CNF output time
               0.02 seconds total planner time (solving not included)


***Solving***


[ filemap ]
[ extract ]

variables : 4872
pure lits : 127

1-clauses : 30
2-clauses : 123372
3-clauses : 151
n-clauses : 1060
discarded : 0

[ solve ]


unsatisfiable                             

[ stats ]

decisions : 13649
conflicts : 8920
time : ~0.56

***UNSAT***


bb: parsing domain file
domain 'GRIPPER-STRIPS' defined
 ... done.
bb: parsing problem file
problem 'GRIPPER-30' defined
 ... done.


time:   0,    33 facts and       0 exclusive pairs
              95 ops   and    1143 exclusive pairs
time:   1,    94 facts and    1081 exclusive pairs
             218 ops   and    9435 exclusive pairs
time:   2,    94 facts and    1021 exclusive pairs
             278 ops   and   19635 exclusive pairs
time:   3,   124 facts and    1141 exclusive pairs
             368 ops   and   35775 exclusive pairs
time:   4,   124 facts and    1111 exclusive pairs
graph has leveled off at time step 5


             368 ops   and   32205 exclusive pairs
time:   5,   124 facts and    1111 exclusive pairs
             368 ops   and   32205 exclusive pairs
time:   6,   124 facts and    1111 exclusive pairs
             368 ops   and   32205 exclusive pairs
time:   7,   124 facts and    1111 exclusive pairs
             368 ops   and   32205 exclusive pairs
time:   8,   124 facts and    1111 exclusive pairs
             368 ops   and   32205 exclusive pairs
time:   9,   124 facts and    1111 exclusive pairs
             368 ops   and   32205 exclusive pairs
time:  10,   124 facts and    1111 exclusive pairs
             368 ops   and   32205 exclusive pairs
time:  11,   124 facts and    1111 exclusive pairs
             368 ops   and   32205 exclusive pairs
time:  12,   124 facts and    1111 exclusive pairs

creating thin gp-based encoding...
plan graph layer 0...
plan graph layer 1...
plan graph layer 2...
plan graph layer 3...
plan graph layer 4...
plan graph layer 5...
plan graph layer 6...
plan graph layer 7...
plan graph layer 8...
plan graph layer 9...
plan graph layer 10...
plan graph layer 11...
plan graph layer 12...
goal constraints...
exclusion constraints layer 0...
exclusion constraints layer 1...
exclusion constraints layer 2...
exclusion constraints layer 3...
exclusion constraints layer 4...
exclusion constraints layer 5...
exclusion constraints layer 6...
exclusion constraints layer 7...
exclusion constraints layer 8...
exclusion constraints layer 9...
exclusion constraints layer 10...
exclusion constraints layer 11...
exclusion constraints layer 12...

DECISION LAYER 12, WRITING THIN GP-BASED ENCODING WITH 5364 VARS, 138405 CLAUSES.

time spent:    0.00 seconds instantiating 244 action templates
               0.00 seconds reachability analysis, yielding 124 facts and 244 actions
               0.00 seconds collecting 124 relevant facts
               0.00 seconds building connectivity graph
               0.00 seconds building (std) graph
               0.02 seconds CNF output time
               0.02 seconds total planner time (solving not included)


***Solving***


[ filemap ]
[ extract ]

variables : 5364
pure lits : 127

1-clauses : 30
2-clauses : 137040
3-clauses : 151
n-clauses : 1184
discarded : 0

[ solve ]


unsatisfiable                             

[ stats ]

decisions : 29127
conflicts : 15355
time : ~1.264

***UNSAT***


bb: parsing domain file
domain 'GRIPPER-STRIPS' defined
 ... done.
bb: parsing problem file
problem 'GRIPPER-30' defined
 ... done.


time:   0,    33 facts and       0 exclusive pairs
              95 ops   and    1143 exclusive pairs
time:   1,    94 facts and    1081 exclusive pairs
             218 ops   and    9435 exclusive pairs
time:   2,    94 facts and    1021 exclusive pairs
             278 ops   and   19635 exclusive pairs
time:   3,   124 facts and    1141 exclusive pairs
             368 ops   and   35775 exclusive pairs
time:   4,   124 facts and    1111 exclusive pairs
graph has leveled off at time step 5


             368 ops   and   32205 exclusive pairs
time:   5,   124 facts and    1111 exclusive pairs
             368 ops   and   32205 exclusive pairs
time:   6,   124 facts and    1111 exclusive pairs
             368 ops   and   32205 exclusive pairs
time:   7,   124 facts and    1111 exclusive pairs
             368 ops   and   32205 exclusive pairs
time:   8,   124 facts and    1111 exclusive pairs
             368 ops   and   32205 exclusive pairs
time:   9,   124 facts and    1111 exclusive pairs
             368 ops   and   32205 exclusive pairs
time:  10,   124 facts and    1111 exclusive pairs
             368 ops   and   32205 exclusive pairs
time:  11,   124 facts and    1111 exclusive pairs
             368 ops   and   32205 exclusive pairs
time:  12,   124 facts and    1111 exclusive pairs
             368 ops   and   32205 exclusive pairs
time:  13,   124 facts and    1111 exclusive pairs

creating thin gp-based encoding...
plan graph layer 0...
plan graph layer 1...
plan graph layer 2...
plan graph layer 3...
plan graph layer 4...
plan graph layer 5...
plan graph layer 6...
plan graph layer 7...
plan graph layer 8...
plan graph layer 9...
plan graph layer 10...
plan graph layer 11...
plan graph layer 12...
plan graph layer 13...
goal constraints...
exclusion constraints layer 0...
exclusion constraints layer 1...
exclusion constraints layer 2...
exclusion constraints layer 3...
exclusion constraints layer 4...
exclusion constraints layer 5...
exclusion constraints layer 6...
exclusion constraints layer 7...
exclusion constraints layer 8...
exclusion constraints layer 9...
exclusion constraints layer 10...
exclusion constraints layer 11...
exclusion constraints layer 12...
exclusion constraints layer 13...

DECISION LAYER 13, WRITING THIN GP-BASED ENCODING WITH 5856 VARS, 152197 CLAUSES.

time spent:    0.00 seconds instantiating 244 action templates
               0.00 seconds reachability analysis, yielding 124 facts and 244 actions
               0.00 seconds collecting 124 relevant facts
               0.00 seconds building connectivity graph
               0.00 seconds building (std) graph
               0.02 seconds CNF output time
               0.02 seconds total planner time (solving not included)


***Solving***


[ filemap ]
[ extract ]

variables : 5856
pure lits : 127

1-clauses : 30
2-clauses : 150708
3-clauses : 151
n-clauses : 1308
discarded : 0

[ solve ]


unsatisfiable                             

[ stats ]

decisions : 69302
conflicts : 51455
time : ~6.407

***UNSAT***


bb: parsing domain file
domain 'GRIPPER-STRIPS' defined
 ... done.
bb: parsing problem file
problem 'GRIPPER-30' defined
 ... done.


time:   0,    33 facts and       0 exclusive pairs
              95 ops   and    1143 exclusive pairs
time:   1,    94 facts and    1081 exclusive pairs
             218 ops   and    9435 exclusive pairs
time:   2,    94 facts and    1021 exclusive pairs
             278 ops   and   19635 exclusive pairs
time:   3,   124 facts and    1141 exclusive pairs
             368 ops   and   35775 exclusive pairs
time:   4,   124 facts and    1111 exclusive pairs
graph has leveled off at time step 5


             368 ops   and   32205 exclusive pairs
time:   5,   124 facts and    1111 exclusive pairs
             368 ops   and   32205 exclusive pairs
time:   6,   124 facts and    1111 exclusive pairs
             368 ops   and   32205 exclusive pairs
time:   7,   124 facts and    1111 exclusive pairs
             368 ops   and   32205 exclusive pairs
time:   8,   124 facts and    1111 exclusive pairs
             368 ops   and   32205 exclusive pairs
time:   9,   124 facts and    1111 exclusive pairs
             368 ops   and   32205 exclusive pairs
time:  10,   124 facts and    1111 exclusive pairs
             368 ops   and   32205 exclusive pairs
time:  11,   124 facts and    1111 exclusive pairs
             368 ops   and   32205 exclusive pairs
time:  12,   124 facts and    1111 exclusive pairs
             368 ops   and   32205 exclusive pairs
time:  13,   124 facts and    1111 exclusive pairs
             368 ops   and   32205 exclusive pairs
time:  14,   124 facts and    1111 exclusive pairs

creating thin gp-based encoding...
plan graph layer 0...
plan graph layer 1...
plan graph layer 2...
plan graph layer 3...
plan graph layer 4...
plan graph layer 5...
plan graph layer 6...
plan graph layer 7...
plan graph layer 8...
plan graph layer 9...
plan graph layer 10...
plan graph layer 11...
plan graph layer 12...
plan graph layer 13...
plan graph layer 14...
goal constraints...
exclusion constraints layer 0...
exclusion constraints layer 1...
exclusion constraints layer 2...
exclusion constraints layer 3...
exclusion constraints layer 4...
exclusion constraints layer 5...
exclusion constraints layer 6...
exclusion constraints layer 7...
exclusion constraints layer 8...
exclusion constraints layer 9...
exclusion constraints layer 10...
exclusion constraints layer 11...
exclusion constraints layer 12...
exclusion constraints layer 13...
exclusion constraints layer 14...

DECISION LAYER 14, WRITING THIN GP-BASED ENCODING WITH 6348 VARS, 165989 CLAUSES.

time spent:    0.00 seconds instantiating 244 action templates
               0.00 seconds reachability analysis, yielding 124 facts and 244 actions
               0.00 seconds collecting 124 relevant facts
               0.00 seconds building connectivity graph
               0.00 seconds building (std) graph
               0.03 seconds CNF output time
               0.03 seconds total planner time (solving not included)


***Solving***


[ filemap ]
[ extract ]

variables : 6348
pure lits : 127

1-clauses : 30
2-clauses : 164376
3-clauses : 151
n-clauses : 1432
discarded : 0

[ solve ]


unsatisfiable                             

[ stats ]

decisions : 55941
conflicts : 41293
time : ~3.81

***UNSAT***


bb: parsing domain file
domain 'GRIPPER-STRIPS' defined
 ... done.
bb: parsing problem file
problem 'GRIPPER-30' defined
 ... done.


time:   0,    33 facts and       0 exclusive pairs
              95 ops   and    1143 exclusive pairs
time:   1,    94 facts and    1081 exclusive pairs
             218 ops   and    9435 exclusive pairs
time:   2,    94 facts and    1021 exclusive pairs
             278 ops   and   19635 exclusive pairs
time:   3,   124 facts and    1141 exclusive pairs
             368 ops   and   35775 exclusive pairs
time:   4,   124 facts and    1111 exclusive pairs
graph has leveled off at time step 5


             368 ops   and   32205 exclusive pairs
time:   5,   124 facts and    1111 exclusive pairs
             368 ops   and   32205 exclusive pairs
time:   6,   124 facts and    1111 exclusive pairs
             368 ops   and   32205 exclusive pairs
time:   7,   124 facts and    1111 exclusive pairs
             368 ops   and   32205 exclusive pairs
time:   8,   124 facts and    1111 exclusive pairs
             368 ops   and   32205 exclusive pairs
time:   9,   124 facts and    1111 exclusive pairs
             368 ops   and   32205 exclusive pairs
time:  10,   124 facts and    1111 exclusive pairs
             368 ops   and   32205 exclusive pairs
time:  11,   124 facts and    1111 exclusive pairs
             368 ops   and   32205 exclusive pairs
time:  12,   124 facts and    1111 exclusive pairs
             368 ops   and   32205 exclusive pairs
time:  13,   124 facts and    1111 exclusive pairs
             368 ops   and   32205 exclusive pairs
time:  14,   124 facts and    1111 exclusive pairs
             368 ops   and   32205 exclusive pairs
time:  15,   124 facts and    1111 exclusive pairs

creating thin gp-based encoding...
plan graph layer 0...
plan graph layer 1...
plan graph layer 2...
plan graph layer 3...
plan graph layer 4...
plan graph layer 5...
plan graph layer 6...
plan graph layer 7...
plan graph layer 8...
plan graph layer 9...
plan graph layer 10...
plan graph layer 11...
plan graph layer 12...
plan graph layer 13...
plan graph layer 14...
plan graph layer 15...
goal constraints...
exclusion constraints layer 0...
exclusion constraints layer 1...
exclusion constraints layer 2...
exclusion constraints layer 3...
exclusion constraints layer 4...
exclusion constraints layer 5...
exclusion constraints layer 6...
exclusion constraints layer 7...
exclusion constraints layer 8...
exclusion constraints layer 9...
exclusion constraints layer 10...
exclusion constraints layer 11...
exclusion constraints layer 12...
exclusion constraints layer 13...
exclusion constraints layer 14...
exclusion constraints layer 15...

DECISION LAYER 15, WRITING THIN GP-BASED ENCODING WITH 6840 VARS, 179781 CLAUSES.

time spent:    0.00 seconds instantiating 244 action templates
               0.00 seconds reachability analysis, yielding 124 facts and 244 actions
               0.00 seconds collecting 124 relevant facts
               0.00 seconds building connectivity graph
               0.00 seconds building (std) graph
               0.03 seconds CNF output time
               0.03 seconds total planner time (solving not included)


***Solving***


[ filemap ]
[ extract ]

variables : 6840
pure lits : 127

1-clauses : 30
2-clauses : 178044
3-clauses : 151
n-clauses : 1556
discarded : 0

[ solve ]


unsatisfiable                             

[ stats ]

decisions : 273664
conflicts : 234083
time : ~51.16

***UNSAT***


bb: parsing domain file
domain 'GRIPPER-STRIPS' defined
 ... done.
bb: parsing problem file
problem 'GRIPPER-30' defined
 ... done.


time:   0,    33 facts and       0 exclusive pairs
              95 ops   and    1143 exclusive pairs
time:   1,    94 facts and    1081 exclusive pairs
             218 ops   and    9435 exclusive pairs
time:   2,    94 facts and    1021 exclusive pairs
             278 ops   and   19635 exclusive pairs
time:   3,   124 facts and    1141 exclusive pairs
             368 ops   and   35775 exclusive pairs
time:   4,   124 facts and    1111 exclusive pairs
graph has leveled off at time step 5


             368 ops   and   32205 exclusive pairs
time:   5,   124 facts and    1111 exclusive pairs
             368 ops   and   32205 exclusive pairs
time:   6,   124 facts and    1111 exclusive pairs
             368 ops   and   32205 exclusive pairs
time:   7,   124 facts and    1111 exclusive pairs
             368 ops   and   32205 exclusive pairs
time:   8,   124 facts and    1111 exclusive pairs
             368 ops   and   32205 exclusive pairs
time:   9,   124 facts and    1111 exclusive pairs
             368 ops   and   32205 exclusive pairs
time:  10,   124 facts and    1111 exclusive pairs
             368 ops   and   32205 exclusive pairs
time:  11,   124 facts and    1111 exclusive pairs
             368 ops   and   32205 exclusive pairs
time:  12,   124 facts and    1111 exclusive pairs
             368 ops   and   32205 exclusive pairs
time:  13,   124 facts and    1111 exclusive pairs
             368 ops   and   32205 exclusive pairs
time:  14,   124 facts and    1111 exclusive pairs
             368 ops   and   32205 exclusive pairs
time:  15,   124 facts and    1111 exclusive pairs
             368 ops   and   32205 exclusive pairs
time:  16,   124 facts and    1111 exclusive pairs

creating thin gp-based encoding...
plan graph layer 0...
plan graph layer 1...
plan graph layer 2...
plan graph layer 3...
plan graph layer 4...
plan graph layer 5...
plan graph layer 6...
plan graph layer 7...
plan graph layer 8...
plan graph layer 9...
plan graph layer 10...
plan graph layer 11...
plan graph layer 12...
plan graph layer 13...
plan graph layer 14...
plan graph layer 15...
plan graph layer 16...
goal constraints...
exclusion constraints layer 0...
exclusion constraints layer 1...
exclusion constraints layer 2...
exclusion constraints layer 3...
exclusion constraints layer 4...
exclusion constraints layer 5...
exclusion constraints layer 6...
exclusion constraints layer 7...
exclusion constraints layer 8...
exclusion constraints layer 9...
exclusion constraints layer 10...
exclusion constraints layer 11...
exclusion constraints layer 12...
exclusion constraints layer 13...
exclusion constraints layer 14...
exclusion constraints layer 15...
exclusion constraints layer 16...

DECISION LAYER 16, WRITING THIN GP-BASED ENCODING WITH 7332 VARS, 193573 CLAUSES.

time spent:    0.00 seconds instantiating 244 action templates
               0.00 seconds reachability analysis, yielding 124 facts and 244 actions
               0.00 seconds collecting 124 relevant facts
               0.00 seconds building connectivity graph
               0.00 seconds building (std) graph
               0.03 seconds CNF output time
               0.03 seconds total planner time (solving not included)


***Solving***


[ filemap ]
[ extract ]

variables : 7332
pure lits : 127

1-clauses : 30
2-clauses : 191712
3-clauses : 151
n-clauses : 1680
discarded : 0

[ solve ]


unsatisfiable                             

[ stats ]

decisions : 425226
conflicts : 357170
time : ~92.492

***UNSAT***


bb: parsing domain file
domain 'GRIPPER-STRIPS' defined
 ... done.
bb: parsing problem file
problem 'GRIPPER-30' defined
 ... done.


time:   0,    33 facts and       0 exclusive pairs
              95 ops   and    1143 exclusive pairs
time:   1,    94 facts and    1081 exclusive pairs
             218 ops   and    9435 exclusive pairs
time:   2,    94 facts and    1021 exclusive pairs
             278 ops   and   19635 exclusive pairs
time:   3,   124 facts and    1141 exclusive pairs
             368 ops   and   35775 exclusive pairs
time:   4,   124 facts and    1111 exclusive pairs
graph has leveled off at time step 5


             368 ops   and   32205 exclusive pairs
time:   5,   124 facts and    1111 exclusive pairs
             368 ops   and   32205 exclusive pairs
time:   6,   124 facts and    1111 exclusive pairs
             368 ops   and   32205 exclusive pairs
time:   7,   124 facts and    1111 exclusive pairs
             368 ops   and   32205 exclusive pairs
time:   8,   124 facts and    1111 exclusive pairs
             368 ops   and   32205 exclusive pairs
time:   9,   124 facts and    1111 exclusive pairs
             368 ops   and   32205 exclusive pairs
time:  10,   124 facts and    1111 exclusive pairs
             368 ops   and   32205 exclusive pairs
time:  11,   124 facts and    1111 exclusive pairs
             368 ops   and   32205 exclusive pairs
time:  12,   124 facts and    1111 exclusive pairs
             368 ops   and   32205 exclusive pairs
time:  13,   124 facts and    1111 exclusive pairs
             368 ops   and   32205 exclusive pairs
time:  14,   124 facts and    1111 exclusive pairs
             368 ops   and   32205 exclusive pairs
time:  15,   124 facts and    1111 exclusive pairs
             368 ops   and   32205 exclusive pairs
time:  16,   124 facts and    1111 exclusive pairs
             368 ops   and   32205 exclusive pairs
time:  17,   124 facts and    1111 exclusive pairs

creating thin gp-based encoding...
plan graph layer 0...
plan graph layer 1...
plan graph layer 2...
plan graph layer 3...
plan graph layer 4...
plan graph layer 5...
plan graph layer 6...
plan graph layer 7...
plan graph layer 8...
plan graph layer 9...
plan graph layer 10...
plan graph layer 11...
plan graph layer 12...
plan graph layer 13...
plan graph layer 14...
plan graph layer 15...
plan graph layer 16...
plan graph layer 17...
goal constraints...
exclusion constraints layer 0...
exclusion constraints layer 1...
exclusion constraints layer 2...
exclusion constraints layer 3...
exclusion constraints layer 4...
exclusion constraints layer 5...
exclusion constraints layer 6...
exclusion constraints layer 7...
exclusion constraints layer 8...
exclusion constraints layer 9...
exclusion constraints layer 10...
exclusion constraints layer 11...
exclusion constraints layer 12...
exclusion constraints layer 13...
exclusion constraints layer 14...
exclusion constraints layer 15...
exclusion constraints layer 16...
exclusion constraints layer 17...

DECISION LAYER 17, WRITING THIN GP-BASED ENCODING WITH 7824 VARS, 207365 CLAUSES.

time spent:    0.00 seconds instantiating 244 action templates
               0.00 seconds reachability analysis, yielding 124 facts and 244 actions
               0.00 seconds collecting 124 relevant facts
               0.00 seconds building connectivity graph
               0.00 seconds building (std) graph
               0.04 seconds CNF output time
               0.04 seconds total planner time (solving not included)


***Solving***


[ filemap ]
[ extract ]

variables : 7824
pure lits : 127

1-clauses : 30
2-clauses : 205380
3-clauses : 151
n-clauses : 1804
discarded : 0

[ solve ]


unsatisfiable                             

[ stats ]

decisions : 361810
conflicts : 287756
time : ~72.507

***UNSAT***


bb: parsing domain file
domain 'GRIPPER-STRIPS' defined
 ... done.
bb: parsing problem file
problem 'GRIPPER-30' defined
 ... done.


time:   0,    33 facts and       0 exclusive pairs
              95 ops   and    1143 exclusive pairs
time:   1,    94 facts and    1081 exclusive pairs
             218 ops   and    9435 exclusive pairs
time:   2,    94 facts and    1021 exclusive pairs
             278 ops   and   19635 exclusive pairs
time:   3,   124 facts and    1141 exclusive pairs
             368 ops   and   35775 exclusive pairs
time:   4,   124 facts and    1111 exclusive pairs
graph has leveled off at time step 5


             368 ops   and   32205 exclusive pairs
time:   5,   124 facts and    1111 exclusive pairs
             368 ops   and   32205 exclusive pairs
time:   6,   124 facts and    1111 exclusive pairs
             368 ops   and   32205 exclusive pairs
time:   7,   124 facts and    1111 exclusive pairs
             368 ops   and   32205 exclusive pairs
time:   8,   124 facts and    1111 exclusive pairs
             368 ops   and   32205 exclusive pairs
time:   9,   124 facts and    1111 exclusive pairs
             368 ops   and   32205 exclusive pairs
time:  10,   124 facts and    1111 exclusive pairs
             368 ops   and   32205 exclusive pairs
time:  11,   124 facts and    1111 exclusive pairs
             368 ops   and   32205 exclusive pairs
time:  12,   124 facts and    1111 exclusive pairs
             368 ops   and   32205 exclusive pairs
time:  13,   124 facts and    1111 exclusive pairs
             368 ops   and   32205 exclusive pairs
time:  14,   124 facts and    1111 exclusive pairs
             368 ops   and   32205 exclusive pairs
time:  15,   124 facts and    1111 exclusive pairs
             368 ops   and   32205 exclusive pairs
time:  16,   124 facts and    1111 exclusive pairs
             368 ops   and   32205 exclusive pairs
time:  17,   124 facts and    1111 exclusive pairs
             368 ops   and   32205 exclusive pairs
time:  18,   124 facts and    1111 exclusive pairs

creating thin gp-based encoding...
plan graph layer 0...
plan graph layer 1...
plan graph layer 2...
plan graph layer 3...
plan graph layer 4...
plan graph layer 5...
plan graph layer 6...
plan graph layer 7...
plan graph layer 8...
plan graph layer 9...
plan graph layer 10...
plan graph layer 11...
plan graph layer 12...
plan graph layer 13...
plan graph layer 14...
plan graph layer 15...
plan graph layer 16...
plan graph layer 17...
plan graph layer 18...
goal constraints...
exclusion constraints layer 0...
exclusion constraints layer 1...
exclusion constraints layer 2...
exclusion constraints layer 3...
exclusion constraints layer 4...
exclusion constraints layer 5...
exclusion constraints layer 6...
exclusion constraints layer 7...
exclusion constraints layer 8...
exclusion constraints layer 9...
exclusion constraints layer 10...
exclusion constraints layer 11...
exclusion constraints layer 12...
exclusion constraints layer 13...
exclusion constraints layer 14...
exclusion constraints layer 15...
exclusion constraints layer 16...
exclusion constraints layer 17...
exclusion constraints layer 18...

DECISION LAYER 18, WRITING THIN GP-BASED ENCODING WITH 8316 VARS, 221157 CLAUSES.

time spent:    0.00 seconds instantiating 244 action templates
               0.00 seconds reachability analysis, yielding 124 facts and 244 actions
               0.00 seconds collecting 124 relevant facts
               0.00 seconds building connectivity graph
               0.00 seconds building (std) graph
               0.04 seconds CNF output time
               0.04 seconds total planner time (solving not included)


***Solving***


[ filemap ]
[ extract ]

variables : 8316
pure lits : 127

1-clauses : 30
2-clauses : 219048
3-clauses : 151
n-clauses : 1928
discarded : 0

[ solve ]

