
ipp: parsing domain file
domain 'LOGISTICS' defined
 ... done.
ipp: parsing problem file
problem 'LOGISTICS-7-0' defined
 ... done.


instantiated 402 actions


time:   0,   111 facts and       0 exclusive pairs (   13,       0 positives)
             125 ops   and      38 exclusive pairs
time:   1,   138 facts and      63 exclusive pairs (   27,      24 positives)
             168 ops   and     333 exclusive pairs
time:   2,   138 facts and      27 exclusive pairs (   27,      15 positives)
             177 ops   and     405 exclusive pairs
time:   3,   147 facts and      54 exclusive pairs (   36,      42 positives)
             204 ops   and     909 exclusive pairs
time:   4,   156 facts and     117 exclusive pairs (   45,     105 positives)
             222 ops   and    1323 exclusive pairs
time:   5,   156 facts and      90 exclusive pairs (   45,      87 positives)
             240 ops   and    2061 exclusive pairs
time:   6,   174 facts and     378 exclusive pairs (   63,     357 positives)
             294 ops   and    5850 exclusive pairs
time:   7,   192 facts and     828 exclusive pairs (   81,     807 positives)
             330 ops   and    7821 exclusive pairs
time:   8,   192 facts and     360 exclusive pairs (   81,     357 positives)
             348 ops   and    6111 exclusive pairs
time:   9,   210 facts and     549 exclusive pairs (   99,     528 positives)
             384 ops   and    7290 exclusive pairs
time:  10,   210 facts and     414 exclusive pairs (   99,     411 positives)

goals first reachable in 10 time steps


graph has leveled off at time step 11

             384 ops   and    6552 exclusive pairs
time:  11,   210 facts and     414 exclusive pairs (   99,     411 positives)

graph has leveled off! wave front mechanism is taking over

expanding wave front to level   12


found plan as follows:

time step    0: LOAD-TRUCK OBJ33 TRU3 POS3
                LOAD-TRUCK OBJ12 TRU1 POS1
                LOAD-TRUCK OBJ13 TRU1 POS1
                LOAD-TRUCK OBJ31 TRU3 POS3
                LOAD-TRUCK OBJ23 TRU2 POS2
                LOAD-TRUCK OBJ32 TRU3 POS3
                FLY-AIRPLANE APN1 APT1 APT3
time step    1: DRIVE-TRUCK TRU2 POS2 APT2 CIT2
                DRIVE-TRUCK TRU1 POS1 APT1 CIT1
                DRIVE-TRUCK TRU3 POS3 APT3 CIT3
time step    2: UNLOAD-TRUCK OBJ33 TRU3 APT3
                UNLOAD-TRUCK OBJ12 TRU1 APT1
                UNLOAD-TRUCK OBJ13 TRU1 APT1
                UNLOAD-TRUCK OBJ31 TRU3 APT3
                UNLOAD-TRUCK OBJ23 TRU2 APT2
                UNLOAD-TRUCK OBJ32 TRU3 APT3
time step    3: LOAD-AIRPLANE OBJ32 APN1 APT3
                LOAD-AIRPLANE OBJ31 APN1 APT3
                LOAD-AIRPLANE OBJ33 APN1 APT3
time step    4: FLY-AIRPLANE APN1 APT3 APT1
time step    5: UNLOAD-AIRPLANE OBJ32 APN1 APT1
                LOAD-AIRPLANE OBJ13 APN1 APT1
                LOAD-AIRPLANE OBJ12 APN1 APT1
                UNLOAD-AIRPLANE OBJ33 APN1 APT1
time step    6: FLY-AIRPLANE APN1 APT1 APT2
                LOAD-TRUCK OBJ32 TRU1 APT1
time step    7: DRIVE-TRUCK TRU1 APT1 POS1 CIT1
                LOAD-AIRPLANE OBJ23 APN1 APT2
                UNLOAD-AIRPLANE OBJ31 APN1 APT2
                UNLOAD-AIRPLANE OBJ12 APN1 APT2
time step    8: LOAD-TRUCK OBJ12 TRU2 APT2
                FLY-AIRPLANE APN1 APT2 APT1
                UNLOAD-TRUCK OBJ32 TRU1 POS1
time step    9: UNLOAD-AIRPLANE OBJ23 APN1 APT1
                DRIVE-TRUCK TRU2 APT2 POS2 CIT2
time step   10: UNLOAD-TRUCK OBJ12 TRU2 POS2
                FLY-AIRPLANE APN1 APT1 APT3
time step   11: UNLOAD-AIRPLANE OBJ13 APN1 APT3



number of actions tried:     291986
number of noops tried  :     475303

had   95056 simple memoizing hits
had   10420 partial memoizing hits
had   43387 subset memoizing hits

time spent:    0.00 seconds instantiating 402 operators
               0.00 seconds building graph
               0.00 seconds calculating exclusions
               0.26 seconds searching graph
               0.26 seconds total time

Memory used:   0.20 MBytes for domain representation
               3.17 MBytes for graph
               0.14 MBytes for exclusions
               1.44 MBytes for memoization
               1.12 MBytes for wave front



__MEMKB 9600
