
ipp: parsing domain file
domain 'LOGISTICS' defined
 ... done.
ipp: parsing problem file
problem 'LOGISTICS-11-0' defined
 ... done.


instantiated 908 actions


time:   0,   192 facts and       0 exclusive pairs (   16,       0 positives)
             208 ops   and      44 exclusive pairs
time:   1,   224 facts and      80 exclusive pairs (   32,      28 positives)
             256 ops   and     376 exclusive pairs
time:   2,   224 facts and      32 exclusive pairs (   32,      16 positives)
             268 ops   and     472 exclusive pairs
time:   3,   236 facts and      68 exclusive pairs (   44,      52 positives)
             292 ops   and     808 exclusive pairs
time:   4,   236 facts and      44 exclusive pairs (   44,      40 positives)

graph has leveled off at time step 5

             292 ops   and     724 exclusive pairs
time:   5,   236 facts and      44 exclusive pairs (   44,      40 positives)

problem unsolvable: can't reach non exclusive goals


time spent:    0.00 seconds instantiating 908 operators
               0.00 seconds building graph
               0.00 seconds calculating exclusions

Memory used:   0.43 MBytes for domain representation
               2.49 MBytes for graph
               0.05 MBytes for exclusions
               0.05 MBytes for memoization
               0.00 MBytes for wave front



__MEMKB 4992
