---SatPlan Version: 1.1

bb: parsing domain file
domain 'LOGISTICS' defined
 ... done.
bb: parsing problem file
problem 'LOGISTICS-14-1' defined
 ... done.


time:   0,    22 facts and       0 exclusive pairs
              57 ops   and      90 exclusive pairs
time:   1,    50 facts and      55 exclusive pairs

creating thin gp-based encoding...
plan graph layer 0...
plan graph layer 1...
goal constraints...

goal fact not coded - level too low??


bb: parsing domain file
domain 'LOGISTICS' defined
 ... done.
bb: parsing problem file
problem 'LOGISTICS-14-1' defined
 ... done.


time:   0,    22 facts and       0 exclusive pairs
              57 ops   and      90 exclusive pairs
time:   1,    50 facts and      55 exclusive pairs
             150 ops   and    1230 exclusive pairs
time:   2,    50 facts and      40 exclusive pairs

creating thin gp-based encoding...
plan graph layer 0...
plan graph layer 1...
plan graph layer 2...
goal constraints...

goal fact not coded - level too low??


bb: parsing domain file
domain 'LOGISTICS' defined
 ... done.
bb: parsing problem file
problem 'LOGISTICS-14-1' defined
 ... done.


time:   0,    22 facts and       0 exclusive pairs
              57 ops   and      90 exclusive pairs
time:   1,    50 facts and      55 exclusive pairs
             150 ops   and    1230 exclusive pairs
time:   2,    50 facts and      40 exclusive pairs
             165 ops   and    1380 exclusive pairs
time:   3,    65 facts and      85 exclusive pairs

creating thin gp-based encoding...
plan graph layer 0...
plan graph layer 1...
plan graph layer 2...
plan graph layer 3...
goal constraints...

goal fact not coded - level too low??


bb: parsing domain file
domain 'LOGISTICS' defined
 ... done.
bb: parsing problem file
problem 'LOGISTICS-14-1' defined
 ... done.


time:   0,    22 facts and       0 exclusive pairs
              57 ops   and      90 exclusive pairs
time:   1,    50 facts and      55 exclusive pairs
             150 ops   and    1230 exclusive pairs
time:   2,    50 facts and      40 exclusive pairs
             165 ops   and    1380 exclusive pairs
time:   3,    65 facts and      85 exclusive pairs
             225 ops   and    3270 exclusive pairs
time:   4,    95 facts and     475 exclusive pairs

creating thin gp-based encoding...
plan graph layer 0...
plan graph layer 1...
plan graph layer 2...
plan graph layer 3...
plan graph layer 4...
goal constraints...

goal fact not coded - level too low??


bb: parsing domain file
domain 'LOGISTICS' defined
 ... done.
bb: parsing problem file
problem 'LOGISTICS-14-1' defined
 ... done.


time:   0,    22 facts and       0 exclusive pairs
              57 ops   and      90 exclusive pairs
time:   1,    50 facts and      55 exclusive pairs
             150 ops   and    1230 exclusive pairs
time:   2,    50 facts and      40 exclusive pairs
             165 ops   and    1380 exclusive pairs
time:   3,    65 facts and      85 exclusive pairs
             225 ops   and    3270 exclusive pairs
time:   4,    95 facts and     475 exclusive pairs
             285 ops   and    6615 exclusive pairs
time:   5,    95 facts and     355 exclusive pairs

creating thin gp-based encoding...
plan graph layer 0...
plan graph layer 1...
plan graph layer 2...
plan graph layer 3...
plan graph layer 4...
plan graph layer 5...
goal constraints...

goal fact not coded - level too low??


bb: parsing domain file
domain 'LOGISTICS' defined
 ... done.
bb: parsing problem file
problem 'LOGISTICS-14-1' defined
 ... done.


time:   0,    22 facts and       0 exclusive pairs
              57 ops   and      90 exclusive pairs
time:   1,    50 facts and      55 exclusive pairs
             150 ops   and    1230 exclusive pairs
time:   2,    50 facts and      40 exclusive pairs
             165 ops   and    1380 exclusive pairs
time:   3,    65 facts and      85 exclusive pairs
             225 ops   and    3270 exclusive pairs
time:   4,    95 facts and     475 exclusive pairs
             285 ops   and    6615 exclusive pairs
time:   5,    95 facts and     355 exclusive pairs
             405 ops   and   18675 exclusive pairs
time:   6,   155 facts and     565 exclusive pairs

creating thin gp-based encoding...
plan graph layer 0...
plan graph layer 1...
plan graph layer 2...
plan graph layer 3...
plan graph layer 4...
plan graph layer 5...
plan graph layer 6...
goal constraints...

goal fact not coded - level too low??


bb: parsing domain file
domain 'LOGISTICS' defined
 ... done.
bb: parsing problem file
problem 'LOGISTICS-14-1' defined
 ... done.


time:   0,    22 facts and       0 exclusive pairs
              57 ops   and      90 exclusive pairs
time:   1,    50 facts and      55 exclusive pairs
             150 ops   and    1230 exclusive pairs
time:   2,    50 facts and      40 exclusive pairs
             165 ops   and    1380 exclusive pairs
time:   3,    65 facts and      85 exclusive pairs
             225 ops   and    3270 exclusive pairs
time:   4,    95 facts and     475 exclusive pairs
             285 ops   and    6615 exclusive pairs
time:   5,    95 facts and     355 exclusive pairs
             405 ops   and   18675 exclusive pairs
time:   6,   155 facts and     565 exclusive pairs
             645 ops   and   37515 exclusive pairs
time:   7,   215 facts and    1255 exclusive pairs

creating thin gp-based encoding...
plan graph layer 0...
plan graph layer 1...
plan graph layer 2...
plan graph layer 3...
plan graph layer 4...
plan graph layer 5...
plan graph layer 6...
plan graph layer 7...
goal constraints...

goal fact not coded - level too low??


bb: parsing domain file
domain 'LOGISTICS' defined
 ... done.
bb: parsing problem file
problem 'LOGISTICS-14-1' defined
 ... done.


time:   0,    22 facts and       0 exclusive pairs
              57 ops   and      90 exclusive pairs
time:   1,    50 facts and      55 exclusive pairs
             150 ops   and    1230 exclusive pairs
time:   2,    50 facts and      40 exclusive pairs
             165 ops   and    1380 exclusive pairs
time:   3,    65 facts and      85 exclusive pairs
             225 ops   and    3270 exclusive pairs
time:   4,    95 facts and     475 exclusive pairs
             285 ops   and    6615 exclusive pairs
time:   5,    95 facts and     355 exclusive pairs
             405 ops   and   18675 exclusive pairs
time:   6,   155 facts and     565 exclusive pairs
             645 ops   and   37515 exclusive pairs
time:   7,   215 facts and    1255 exclusive pairs
             765 ops   and   43575 exclusive pairs
time:   8,   215 facts and    1195 exclusive pairs

creating thin gp-based encoding...
plan graph layer 0...
plan graph layer 1...
plan graph layer 2...
plan graph layer 3...
plan graph layer 4...
plan graph layer 5...
plan graph layer 6...
plan graph layer 7...
plan graph layer 8...
goal constraints...

goal fact not coded - level too low??


bb: parsing domain file
domain 'LOGISTICS' defined
 ... done.
bb: parsing problem file
problem 'LOGISTICS-14-1' defined
 ... done.


time:   0,    22 facts and       0 exclusive pairs
              57 ops   and      90 exclusive pairs
time:   1,    50 facts and      55 exclusive pairs
             150 ops   and    1230 exclusive pairs
time:   2,    50 facts and      40 exclusive pairs
             165 ops   and    1380 exclusive pairs
time:   3,    65 facts and      85 exclusive pairs
             225 ops   and    3270 exclusive pairs
time:   4,    95 facts and     475 exclusive pairs
             285 ops   and    6615 exclusive pairs
time:   5,    95 facts and     355 exclusive pairs
             405 ops   and   18675 exclusive pairs
time:   6,   155 facts and     565 exclusive pairs
             645 ops   and   37515 exclusive pairs
time:   7,   215 facts and    1255 exclusive pairs
             765 ops   and   43575 exclusive pairs
time:   8,   215 facts and    1195 exclusive pairs
             825 ops   and   47805 exclusive pairs
time:   9,   275 facts and    2125 exclusive pairs

creating thin gp-based encoding...
plan graph layer 0...
plan graph layer 1...
plan graph layer 2...
plan graph layer 3...
plan graph layer 4...
plan graph layer 5...
plan graph layer 6...
plan graph layer 7...
plan graph layer 8...
plan graph layer 9...
goal constraints...
exclusion constraints layer 0...
exclusion constraints layer 1...
exclusion constraints layer 2...
exclusion constraints layer 3...
exclusion constraints layer 4...
exclusion constraints layer 5...
exclusion constraints layer 6...
exclusion constraints layer 7...
exclusion constraints layer 8...
exclusion constraints layer 9...

DECISION LAYER 9, WRITING THIN GP-BASED ENCODING WITH 4759 VARS, 32006 CLAUSES.

time spent:    0.00 seconds instantiating 2250 action templates
               0.00 seconds reachability analysis, yielding 275 facts and 670 actions
               0.00 seconds collecting 275 relevant facts
               0.00 seconds building connectivity graph
               0.00 seconds building (std) graph
               0.03 seconds CNF output time
               0.03 seconds total planner time (solving not included)


***Solving***


[ filemap ]
[ extract ]

variables : 4759
pure lits : 283

1-clauses : 14
2-clauses : 30985
3-clauses : 412
n-clauses : 595
discarded : 0

[ solve ]


unsatisfiable                             

[ stats ]

decisions : 985
conflicts : 21
time : ~0.01

***UNSAT***


bb: parsing domain file
domain 'LOGISTICS' defined
 ... done.
bb: parsing problem file
problem 'LOGISTICS-14-1' defined
 ... done.


time:   0,    22 facts and       0 exclusive pairs
              57 ops   and      90 exclusive pairs
time:   1,    50 facts and      55 exclusive pairs
             150 ops   and    1230 exclusive pairs
time:   2,    50 facts and      40 exclusive pairs
             165 ops   and    1380 exclusive pairs
time:   3,    65 facts and      85 exclusive pairs
             225 ops   and    3270 exclusive pairs
time:   4,    95 facts and     475 exclusive pairs
             285 ops   and    6615 exclusive pairs
time:   5,    95 facts and     355 exclusive pairs
             405 ops   and   18675 exclusive pairs
time:   6,   155 facts and     565 exclusive pairs
             645 ops   and   37515 exclusive pairs
time:   7,   215 facts and    1255 exclusive pairs
             765 ops   and   43575 exclusive pairs
time:   8,   215 facts and    1195 exclusive pairs
             825 ops   and   47805 exclusive pairs
time:   9,   275 facts and    2125 exclusive pairs
             945 ops   and   57945 exclusive pairs
time:  10,   275 facts and    2065 exclusive pairs

creating thin gp-based encoding...
plan graph layer 0...
plan graph layer 1...
plan graph layer 2...
plan graph layer 3...
plan graph layer 4...
plan graph layer 5...
plan graph layer 6...
plan graph layer 7...
plan graph layer 8...
plan graph layer 9...
plan graph layer 10...
goal constraints...
exclusion constraints layer 0...
exclusion constraints layer 1...
exclusion constraints layer 2...
exclusion constraints layer 3...
exclusion constraints layer 4...
exclusion constraints layer 5...
exclusion constraints layer 6...
exclusion constraints layer 7...
exclusion constraints layer 8...
exclusion constraints layer 9...
exclusion constraints layer 10...

DECISION LAYER 10, WRITING THIN GP-BASED ENCODING WITH 5979 VARS, 41066 CLAUSES.

time spent:    0.00 seconds instantiating 2250 action templates
               0.00 seconds reachability analysis, yielding 275 facts and 670 actions
               0.00 seconds collecting 275 relevant facts
               0.00 seconds building connectivity graph
               0.00 seconds building (std) graph
               0.04 seconds CNF output time
               0.04 seconds total planner time (solving not included)


***Solving***


[ filemap ]
[ extract ]

variables : 5979
pure lits : 283

1-clauses : 14
2-clauses : 39770
3-clauses : 487
n-clauses : 795
discarded : 0

[ solve ]


unsatisfiable                             

[ stats ]

decisions : 1740
conflicts : 54
time : ~0.01

***UNSAT***


bb: parsing domain file
domain 'LOGISTICS' defined
 ... done.
bb: parsing problem file
problem 'LOGISTICS-14-1' defined
 ... done.


time:   0,    22 facts and       0 exclusive pairs
              57 ops   and      90 exclusive pairs
time:   1,    50 facts and      55 exclusive pairs
             150 ops   and    1230 exclusive pairs
time:   2,    50 facts and      40 exclusive pairs
             165 ops   and    1380 exclusive pairs
time:   3,    65 facts and      85 exclusive pairs
             225 ops   and    3270 exclusive pairs
time:   4,    95 facts and     475 exclusive pairs
             285 ops   and    6615 exclusive pairs
time:   5,    95 facts and     355 exclusive pairs
             405 ops   and   18675 exclusive pairs
time:   6,   155 facts and     565 exclusive pairs
             645 ops   and   37515 exclusive pairs
time:   7,   215 facts and    1255 exclusive pairs
             765 ops   and   43575 exclusive pairs
time:   8,   215 facts and    1195 exclusive pairs
             825 ops   and   47805 exclusive pairs
time:   9,   275 facts and    2125 exclusive pairs
             945 ops   and   57945 exclusive pairs
time:  10,   275 facts and    2065 exclusive pairs
graph has leveled off at time step 11


             945 ops   and   56085 exclusive pairs
time:  11,   275 facts and    2065 exclusive pairs

creating thin gp-based encoding...
plan graph layer 0...
plan graph layer 1...
plan graph layer 2...
plan graph layer 3...
plan graph layer 4...
plan graph layer 5...
plan graph layer 6...
plan graph layer 7...
plan graph layer 8...
plan graph layer 9...
plan graph layer 10...
plan graph layer 11...
goal constraints...
exclusion constraints layer 0...
exclusion constraints layer 1...
exclusion constraints layer 2...
exclusion constraints layer 3...
exclusion constraints layer 4...
exclusion constraints layer 5...
exclusion constraints layer 6...
exclusion constraints layer 7...
exclusion constraints layer 8...
exclusion constraints layer 9...
exclusion constraints layer 10...
exclusion constraints layer 11...

DECISION LAYER 11, WRITING THIN GP-BASED ENCODING WITH 7199 VARS, 50126 CLAUSES.

time spent:    0.00 seconds instantiating 2250 action templates
               0.00 seconds reachability analysis, yielding 275 facts and 670 actions
               0.00 seconds collecting 275 relevant facts
               0.00 seconds building connectivity graph
               0.00 seconds building (std) graph
               0.05 seconds CNF output time
               0.05 seconds total planner time (solving not included)


***Solving***


[ filemap ]
[ extract ]

variables : 7199
pure lits : 283

1-clauses : 14
2-clauses : 48555
3-clauses : 562
n-clauses : 995
discarded : 0

[ solve ]


unsatisfiable                             

[ stats ]

decisions : 3239
conflicts : 437
time : ~0.01

***UNSAT***


bb: parsing domain file
domain 'LOGISTICS' defined
 ... done.
bb: parsing problem file
problem 'LOGISTICS-14-1' defined
 ... done.


time:   0,    22 facts and       0 exclusive pairs
              57 ops   and      90 exclusive pairs
time:   1,    50 facts and      55 exclusive pairs
             150 ops   and    1230 exclusive pairs
time:   2,    50 facts and      40 exclusive pairs
             165 ops   and    1380 exclusive pairs
time:   3,    65 facts and      85 exclusive pairs
             225 ops   and    3270 exclusive pairs
time:   4,    95 facts and     475 exclusive pairs
             285 ops   and    6615 exclusive pairs
time:   5,    95 facts and     355 exclusive pairs
             405 ops   and   18675 exclusive pairs
time:   6,   155 facts and     565 exclusive pairs
             645 ops   and   37515 exclusive pairs
time:   7,   215 facts and    1255 exclusive pairs
             765 ops   and   43575 exclusive pairs
time:   8,   215 facts and    1195 exclusive pairs
             825 ops   and   47805 exclusive pairs
time:   9,   275 facts and    2125 exclusive pairs
             945 ops   and   57945 exclusive pairs
time:  10,   275 facts and    2065 exclusive pairs
graph has leveled off at time step 11


             945 ops   and   56085 exclusive pairs
time:  11,   275 facts and    2065 exclusive pairs
             945 ops   and   56085 exclusive pairs
time:  12,   275 facts and    2065 exclusive pairs

creating thin gp-based encoding...
plan graph layer 0...
plan graph layer 1...
plan graph layer 2...
plan graph layer 3...
plan graph layer 4...
plan graph layer 5...
plan graph layer 6...
plan graph layer 7...
plan graph layer 8...
plan graph layer 9...
plan graph layer 10...
plan graph layer 11...
plan graph layer 12...
goal constraints...
exclusion constraints layer 0...
exclusion constraints layer 1...
exclusion constraints layer 2...
exclusion constraints layer 3...
exclusion constraints layer 4...
exclusion constraints layer 5...
exclusion constraints layer 6...
exclusion constraints layer 7...
exclusion constraints layer 8...
exclusion constraints layer 9...
exclusion constraints layer 10...
exclusion constraints layer 11...
exclusion constraints layer 12...

DECISION LAYER 12, WRITING THIN GP-BASED ENCODING WITH 8419 VARS, 59186 CLAUSES.

time spent:    0.00 seconds instantiating 2250 action templates
               0.00 seconds reachability analysis, yielding 275 facts and 670 actions
               0.00 seconds collecting 275 relevant facts
               0.00 seconds building connectivity graph
               0.00 seconds building (std) graph
               0.06 seconds CNF output time
               0.06 seconds total planner time (solving not included)


***Solving***


[ filemap ]
[ extract ]

variables : 8419
pure lits : 283

1-clauses : 14
2-clauses : 57340
3-clauses : 637
n-clauses : 1195
discarded : 0

[ solve ]


unsatisfiable                             

[ stats ]

decisions : 9125
conflicts : 1361
time : ~0.041

***UNSAT***


bb: parsing domain file
domain 'LOGISTICS' defined
 ... done.
bb: parsing problem file
problem 'LOGISTICS-14-1' defined
 ... done.


time:   0,    22 facts and       0 exclusive pairs
              57 ops   and      90 exclusive pairs
time:   1,    50 facts and      55 exclusive pairs
             150 ops   and    1230 exclusive pairs
time:   2,    50 facts and      40 exclusive pairs
             165 ops   and    1380 exclusive pairs
time:   3,    65 facts and      85 exclusive pairs
             225 ops   and    3270 exclusive pairs
time:   4,    95 facts and     475 exclusive pairs
             285 ops   and    6615 exclusive pairs
time:   5,    95 facts and     355 exclusive pairs
             405 ops   and   18675 exclusive pairs
time:   6,   155 facts and     565 exclusive pairs
             645 ops   and   37515 exclusive pairs
time:   7,   215 facts and    1255 exclusive pairs
             765 ops   and   43575 exclusive pairs
time:   8,   215 facts and    1195 exclusive pairs
             825 ops   and   47805 exclusive pairs
time:   9,   275 facts and    2125 exclusive pairs
             945 ops   and   57945 exclusive pairs
time:  10,   275 facts and    2065 exclusive pairs
graph has leveled off at time step 11


             945 ops   and   56085 exclusive pairs
time:  11,   275 facts and    2065 exclusive pairs
             945 ops   and   56085 exclusive pairs
time:  12,   275 facts and    2065 exclusive pairs
             945 ops   and   56085 exclusive pairs
time:  13,   275 facts and    2065 exclusive pairs

creating thin gp-based encoding...
plan graph layer 0...
plan graph layer 1...
plan graph layer 2...
plan graph layer 3...
plan graph layer 4...
plan graph layer 5...
plan graph layer 6...
plan graph layer 7...
plan graph layer 8...
plan graph layer 9...
plan graph layer 10...
plan graph layer 11...
plan graph layer 12...
plan graph layer 13...
goal constraints...
exclusion constraints layer 0...
exclusion constraints layer 1...
exclusion constraints layer 2...
exclusion constraints layer 3...
exclusion constraints layer 4...
exclusion constraints layer 5...
exclusion constraints layer 6...
exclusion constraints layer 7...
exclusion constraints layer 8...
exclusion constraints layer 9...
exclusion constraints layer 10...
exclusion constraints layer 11...
exclusion constraints layer 12...
exclusion constraints layer 13...

DECISION LAYER 13, WRITING THIN GP-BASED ENCODING WITH 9639 VARS, 68246 CLAUSES.

time spent:    0.00 seconds instantiating 2250 action templates
               0.00 seconds reachability analysis, yielding 275 facts and 670 actions
               0.00 seconds collecting 275 relevant facts
               0.00 seconds building connectivity graph
               0.00 seconds building (std) graph
               0.07 seconds CNF output time
               0.07 seconds total planner time (solving not included)


***Solving***


[ filemap ]
[ extract ]

variables : 9639
pure lits : 283

1-clauses : 14
2-clauses : 66125
3-clauses : 712
n-clauses : 1395
discarded : 0

[ solve ]


satisfiable                             

[ stats ]

decisions : 8675
conflicts : 295
time : ~0.01


bb: parsing domain file
domain 'LOGISTICS' defined
 ... done.
bb: parsing problem file
problem 'LOGISTICS-14-1' defined
 ... done.


time:   0,    22 facts and       0 exclusive pairs
              57 ops   and      90 exclusive pairs
time:   1,    50 facts and      55 exclusive pairs
             150 ops   and    1230 exclusive pairs
time:   2,    50 facts and      40 exclusive pairs
             165 ops   and    1380 exclusive pairs
time:   3,    65 facts and      85 exclusive pairs
             225 ops   and    3270 exclusive pairs
time:   4,    95 facts and     475 exclusive pairs
             285 ops   and    6615 exclusive pairs
time:   5,    95 facts and     355 exclusive pairs
             405 ops   and   18675 exclusive pairs
time:   6,   155 facts and     565 exclusive pairs
             645 ops   and   37515 exclusive pairs
time:   7,   215 facts and    1255 exclusive pairs
             765 ops   and   43575 exclusive pairs
time:   8,   215 facts and    1195 exclusive pairs
             825 ops   and   47805 exclusive pairs
time:   9,   275 facts and    2125 exclusive pairs
             945 ops   and   57945 exclusive pairs
time:  10,   275 facts and    2065 exclusive pairs
graph has leveled off at time step 11


             945 ops   and   56085 exclusive pairs
time:  11,   275 facts and    2065 exclusive pairs
             945 ops   and   56085 exclusive pairs
time:  12,   275 facts and    2065 exclusive pairs
             945 ops   and   56085 exclusive pairs
time:  13,   275 facts and    2065 exclusive pairs

creating thin gp-based encoding...
plan graph layer 0...
plan graph layer 1...
plan graph layer 2...
plan graph layer 3...
plan graph layer 4...
plan graph layer 5...
plan graph layer 6...
plan graph layer 7...
plan graph layer 8...
plan graph layer 9...
plan graph layer 10...
plan graph layer 11...
plan graph layer 12...
plan graph layer 13...
goal constraints...
exclusion constraints layer 0...
exclusion constraints layer 1...
exclusion constraints layer 2...
exclusion constraints layer 3...
exclusion constraints layer 4...
exclusion constraints layer 5...
exclusion constraints layer 6...
exclusion constraints layer 7...
exclusion constraints layer 8...
exclusion constraints layer 9...
exclusion constraints layer 10...
exclusion constraints layer 11...
exclusion constraints layer 12...
exclusion constraints layer 13...

DECISION LAYER 13, WRITING THIN GP-BASED ENCODING WITH 9639 VARS, 68246 CLAUSES.

time spent:    0.00 seconds instantiating 2250 action templates
               0.00 seconds reachability analysis, yielding 275 facts and 670 actions
               0.00 seconds collecting 275 relevant facts
               0.00 seconds building connectivity graph
               0.00 seconds building (std) graph
               0.07 seconds CNF output time
               0.07 seconds total planner time (solving not included)

Pruned:  0: (LOAD-TRUCK OBJ53 TRU4 POS4) [1]
Pruned:  0: (LOAD-TRUCK OBJ53 TRU4 POS4) [1]
Pruned:  0: (LOAD-TRUCK OBJ53 TRU4 POS4) [1]
Pruned:  0: (LOAD-TRUCK OBJ53 TRU4 POS4) [1]
Pruned:  0: (LOAD-TRUCK OBJ53 TRU4 POS4) [1]
Pruned:  0: (LOAD-TRUCK OBJ53 TRU4 POS4) [1]
Pruned:  0: (LOAD-TRUCK OBJ53 TRU4 POS4) [1]
Pruned:  0: (LOAD-TRUCK OBJ53 TRU4 POS4) [1]
Pruned:  0: (LOAD-TRUCK OBJ53 TRU4 POS4) [1]
Pruned:  0: (LOAD-TRUCK OBJ53 TRU4 POS4) [1]
Pruned:  0: (LOAD-TRUCK OBJ53 TRU4 POS4) [1]
Pruned:  0: (LOAD-TRUCK OBJ53 TRU4 POS4) [1]
Pruned:  0: (LOAD-TRUCK OBJ53 TRU4 POS4) [1]
Pruned:  0: (LOAD-TRUCK OBJ53 TRU4 POS4) [1]
Pruned:  0: (LOAD-TRUCK OBJ53 TRU4 POS4) [1]
Pruned:  0: (LOAD-TRUCK OBJ53 TRU4 POS4) [1]
Pruned:  0: (LOAD-TRUCK OBJ53 TRU4 POS4) [1]
Pruned:  0: (LOAD-TRUCK OBJ53 TRU4 POS4) [1]
Pruned:  0: (LOAD-TRUCK OBJ53 TRU4 POS4) [1]
Pruned:  0: (LOAD-TRUCK OBJ53 TRU4 POS4) [1]
Pruned:  0: (LOAD-TRUCK OBJ53 TRU4 POS4) [1]
Pruned:  0: (LOAD-TRUCK OBJ53 TRU4 POS4) [1]
Pruned:  0: (LOAD-TRUCK OBJ53 TRU4 POS4) [1]
Pruned:  0: (LOAD-TRUCK OBJ53 TRU4 POS4) [1]
Pruned:  0: (LOAD-TRUCK OBJ53 TRU4 POS4) [1]
Pruned:  0: (LOAD-TRUCK OBJ53 TRU4 POS4) [1]
Pruned:  0: (LOAD-TRUCK OBJ53 TRU4 POS4) [1]
Pruned:  0: (LOAD-TRUCK OBJ53 TRU4 POS4) [1]
Pruned:  0: (LOAD-TRUCK OBJ53 TRU4 POS4) [1]
Pruned:  0: (LOAD-TRUCK OBJ53 TRU4 POS4) [1]
Pruned:  0: (LOAD-TRUCK OBJ53 TRU4 POS4) [1]
Pruned:  0: (LOAD-TRUCK OBJ53 TRU4 POS4) [1]
Pruned:  0: (LOAD-TRUCK OBJ53 TRU4 POS4) [1]
Pruned:  0: (LOAD-TRUCK OBJ53 TRU4 POS4) [1]
Pruned:  0: (LOAD-TRUCK OBJ53 TRU4 POS4) [1]
Pruned:  0: (LOAD-TRUCK OBJ53 TRU4 POS4) [1]
Pruned:  0: (LOAD-TRUCK OBJ53 TRU4 POS4) [1]
Pruned:  0: (LOAD-TRUCK OBJ53 TRU4 POS4) [1]
Pruned:  0: (LOAD-TRUCK OBJ53 TRU4 POS4) [1]
Pruned:  0: (LOAD-TRUCK OBJ53 TRU4 POS4) [1]
Pruned:  0: (LOAD-TRUCK OBJ53 TRU4 POS4) [1]
Pruned:  0: (LOAD-TRUCK OBJ53 TRU4 POS4) [1]
Pruned:  0: (LOAD-TRUCK OBJ53 TRU4 POS4) [1]
Pruned:  0: (LOAD-TRUCK OBJ53 TRU4 POS4) [1]
Pruned:  0: (LOAD-TRUCK OBJ53 TRU4 POS4) [1]
Pruned:  0: (LOAD-TRUCK OBJ53 TRU4 POS4) [1]
Pruned:  0: (LOAD-TRUCK OBJ53 TRU4 POS4) [1]
Pruned:  0: (LOAD-TRUCK OBJ53 TRU4 POS4) [1]
Pruned:  0: (LOAD-TRUCK OBJ53 TRU4 POS4) [1]
Pruned:  0: (LOAD-TRUCK OBJ53 TRU4 POS4) [1]
Pruned:  0: (LOAD-TRUCK OBJ53 TRU4 POS4) [1]
Pruned:  0: (LOAD-TRUCK OBJ53 TRU4 POS4) [1]
Pruned:  0: (LOAD-TRUCK OBJ53 TRU4 POS4) [1]
Pruned:  0: (LOAD-TRUCK OBJ53 TRU4 POS4) [1]
Pruned:  0: (LOAD-TRUCK OBJ53 TRU4 POS4) [1]
Pruned:  0: (LOAD-TRUCK OBJ53 TRU4 POS4) [1]
Pruned:  0: (LOAD-TRUCK OBJ53 TRU4 POS4) [1]
Pruned:  0: (LOAD-TRUCK OBJ53 TRU4 POS4) [1]
Pruned:  0: (LOAD-TRUCK OBJ53 TRU4 POS4) [1]
Pruned:  0: (LOAD-TRUCK OBJ53 TRU4 POS4) [1]
Pruned:  0: (LOAD-TRUCK OBJ53 TRU4 POS4) [1]
Pruned:  0: (LOAD-TRUCK OBJ53 TRU4 POS4) [1]
Pruned:  0: (LOAD-TRUCK OBJ53 TRU4 POS4) [1]
Pruned:  0: (LOAD-TRUCK OBJ53 TRU4 POS4) [1]
Pruned:  0: (LOAD-TRUCK OBJ53 TRU4 POS4) [1]
Pruned:  0: (LOAD-TRUCK OBJ53 TRU4 POS4) [1]
Pruned:  0: (LOAD-TRUCK OBJ53 TRU4 POS4) [1]
Pruned:  0: (LOAD-TRUCK OBJ53 TRU4 POS4) [1]
Pruned:  0: (LOAD-TRUCK OBJ53 TRU4 POS4) [1]
Pruned:  0: (LOAD-TRUCK OBJ53 TRU4 POS4) [1]
Pruned:  0: (LOAD-TRUCK OBJ53 TRU4 POS4) [1]
Pruned:  0: (LOAD-TRUCK OBJ53 TRU4 POS4) [1]
Pruned:  0: (LOAD-TRUCK OBJ53 TRU4 POS4) [1]
Pruned:  0: (LOAD-TRUCK OBJ53 TRU4 POS4) [1]
Pruned:  0: (LOAD-TRUCK OBJ53 TRU4 POS4) [1]
Pruned:  0: (LOAD-TRUCK OBJ53 TRU4 POS4) [1]
Pruned:  0: (LOAD-TRUCK OBJ53 TRU4 POS4) [1]
Pruned:  0: (LOAD-TRUCK OBJ53 TRU4 POS4) [1]
Pruned:  0: (LOAD-TRUCK OBJ53 TRU4 POS4) [1]
Pruned:  0: (LOAD-TRUCK OBJ53 TRU4 POS4) [1]
Pruned:  0: (LOAD-TRUCK OBJ53 TRU4 POS4) [1]
Pruned:  0: (LOAD-TRUCK OBJ53 TRU4 POS4) [1]
Pruned:  0: (LOAD-TRUCK OBJ53 TRU4 POS4) [1]
Pruned:  0: (LOAD-TRUCK OBJ53 TRU4 POS4) [1]
Pruned:  0: (LOAD-TRUCK OBJ53 TRU4 POS4) [1]
Pruned:  0: (LOAD-TRUCK OBJ53 TRU4 POS4) [1]
Pruned:  0: (LOAD-TRUCK OBJ53 TRU4 POS4) [1]
Pruned:  0: (LOAD-TRUCK OBJ53 TRU4 POS4) [1]
Pruned:  0: (LOAD-TRUCK OBJ53 TRU4 POS4) [1]
Pruned:  0: (LOAD-TRUCK OBJ53 TRU4 POS4) [1]
Pruned:  0: (LOAD-TRUCK OBJ53 TRU4 POS4) [1]
Pruned:  0: (LOAD-TRUCK OBJ53 TRU4 POS4) [1]
Pruned:  0: (LOAD-TRUCK OBJ53 TRU4 POS4) [1]
Pruned:  0: (LOAD-TRUCK OBJ53 TRU4 POS4) [1]
Pruned:  0: (LOAD-TRUCK OBJ53 TRU4 POS4) [1]
Pruned:  0: (LOAD-TRUCK OBJ53 TRU4 POS4) [1]
Pruned:  0: (LOAD-TRUCK OBJ53 TRU4 POS4) [1]
Pruned:  0: (LOAD-TRUCK OBJ53 TRU4 POS4) [1]
Pruned:  0: (LOAD-TRUCK OBJ53 TRU4 POS4) [1]
Pruned:  0: (LOAD-TRUCK OBJ53 TRU4 POS4) [1]
Pruned:  0: (LOAD-TRUCK OBJ53 TRU4 POS4) [1]
Pruned:  0: (LOAD-TRUCK OBJ53 TRU4 POS4) [1]
Pruned:  0: (LOAD-TRUCK OBJ53 TRU4 POS4) [1]
Pruned:  0: (LOAD-TRUCK OBJ53 TRU4 POS4) [1]
Pruned:  0: (LOAD-TRUCK OBJ53 TRU4 POS4) [1]
Pruned:  0: (LOAD-TRUCK OBJ53 TRU4 POS4) [1]
Pruned:  0: (LOAD-TRUCK OBJ53 TRU4 POS4) [1]
Pruned:  0: (LOAD-TRUCK OBJ53 TRU4 POS4) [1]
Pruned:  0: (LOAD-TRUCK OBJ53 TRU4 POS4) [1]
Pruned:  0: (LOAD-TRUCK OBJ53 TRU4 POS4) [1]
Pruned:  0: (LOAD-TRUCK OBJ53 TRU4 POS4) [1]
Pruned:  0: (LOAD-TRUCK OBJ53 TRU4 POS4) [1]
Pruned:  0: (LOAD-TRUCK OBJ53 TRU4 POS4) [1]
Pruned:  0: (LOAD-TRUCK OBJ53 TRU4 POS4) [1]
Pruned:  0: (LOAD-TRUCK OBJ53 TRU4 POS4) [1]
Pruned:  0: (LOAD-TRUCK OBJ53 TRU4 POS4) [1]
Pruned:  0: (LOAD-TRUCK OBJ53 TRU4 POS4) [1]
Pruned:  0: (LOAD-TRUCK OBJ53 TRU4 POS4) [1]
Pruned:  0: (LOAD-TRUCK OBJ53 TRU4 POS4) [1]
Pruned:  0: (LOAD-TRUCK OBJ53 TRU4 POS4) [1]
Pruned:  0: (LOAD-TRUCK OBJ53 TRU4 POS4) [1]
Pruned:  0: (LOAD-TRUCK OBJ53 TRU4 POS4) [1]
Pruned:  0: (LOAD-TRUCK OBJ53 TRU4 POS4) [1]
Pruned:  0: (LOAD-TRUCK OBJ53 TRU4 POS4) [1]
Pruned:  0: (LOAD-TRUCK OBJ53 TRU4 POS4) [1]
Pruned:  0: (LOAD-TRUCK OBJ53 TRU4 POS4) [1]
Pruned:  0: (LOAD-TRUCK OBJ53 TRU4 POS4) [1]
Pruned:  0: (LOAD-TRUCK OBJ53 TRU4 POS4) [1]
Pruned:  0: (LOAD-TRUCK OBJ53 TRU4 POS4) [1]
Pruned:  0: (LOAD-TRUCK OBJ53 TRU4 POS4) [1]
Pruned:  0: (LOAD-TRUCK OBJ53 TRU4 POS4) [1]
Pruned:  0: (LOAD-TRUCK OBJ53 TRU4 POS4) [1]
Pruned:  0: (LOAD-TRUCK OBJ53 TRU4 POS4) [1]
Pruned:  0: (LOAD-TRUCK OBJ53 TRU4 POS4) [1]
Pruned:  0: (LOAD-TRUCK OBJ53 TRU4 POS4) [1]
Pruned:  0: (LOAD-TRUCK OBJ53 TRU4 POS4) [1]
Pruned:  0: (LOAD-TRUCK OBJ53 TRU4 POS4) [1]
Pruned:  0: (LOAD-TRUCK OBJ53 TRU4 POS4) [1]
Pruned:  0: (LOAD-TRUCK OBJ53 TRU4 POS4) [1]
Pruned:  0: (LOAD-TRUCK OBJ53 TRU4 POS4) [1]
Pruned:  0: (LOAD-TRUCK OBJ53 TRU4 POS4) [1]
Pruned:  0: (LOAD-TRUCK OBJ53 TRU4 POS4) [1]
Pruned:  0: (LOAD-TRUCK OBJ53 TRU4 POS4) [1]
Pruned:  0: (LOAD-TRUCK OBJ53 TRU4 POS4) [1]
Pruned:  0: (LOAD-TRUCK OBJ53 TRU4 POS4) [1]
Pruned:  0: (LOAD-TRUCK OBJ53 TRU4 POS4) [1]
Pruned:  0: (LOAD-TRUCK OBJ53 TRU4 POS4) [1]
Pruned:  0: (LOAD-TRUCK OBJ53 TRU4 POS4) [1]
Pruned:  0: (LOAD-TRUCK OBJ53 TRU4 POS4) [1]
Pruned:  0: (LOAD-TRUCK OBJ53 TRU4 POS4) [1]
Pruned:  0: (LOAD-TRUCK OBJ53 TRU4 POS4) [1]
Pruned:  0: (LOAD-TRUCK OBJ53 TRU4 POS4) [1]
Pruned:  0: (LOAD-TRUCK OBJ53 TRU4 POS4) [1]
Pruned:  0: (LOAD-TRUCK OBJ53 TRU4 POS4) [1]
Pruned:  0: (LOAD-TRUCK OBJ53 TRU4 POS4) [1]
Pruned:  0: (LOAD-TRUCK OBJ53 TRU4 POS4) [1]
Pruned:  0: (LOAD-TRUCK OBJ53 TRU4 POS4) [1]
Pruned:  0: (LOAD-TRUCK OBJ53 TRU4 POS4) [1]
Pruned:  0: (LOAD-TRUCK OBJ53 TRU4 POS4) [1]
Pruned:  0: (LOAD-TRUCK OBJ53 TRU4 POS4) [1]
Pruned:  0: (LOAD-TRUCK OBJ53 TRU4 POS4) [1]
Pruned:  0: (LOAD-TRUCK OBJ53 TRU4 POS4) [1]
Pruned:  0: (LOAD-TRUCK OBJ53 TRU4 POS4) [1]
Pruned:  0: (LOAD-TRUCK OBJ53 TRU4 POS4) [1]
Pruned:  0: (LOAD-TRUCK OBJ53 TRU4 POS4) [1]
Pruned:  0: (LOAD-TRUCK OBJ53 TRU4 POS4) [1]
Pruned:  0: (LOAD-TRUCK OBJ53 TRU4 POS4) [1]
Pruned:  0: (LOAD-TRUCK OBJ53 TRU4 POS4) [1]
Pruned:  0: (LOAD-TRUCK OBJ53 TRU4 POS4) [1]
Pruned:  0: (LOAD-TRUCK OBJ53 TRU4 POS4) [1]
Pruned:  0: (LOAD-TRUCK OBJ53 TRU4 POS4) [1]
Pruned:  0: (LOAD-TRUCK OBJ53 TRU4 POS4) [1]
Pruned:  0: (LOAD-TRUCK OBJ53 TRU4 POS4) [1]
Pruned:  0: (LOAD-TRUCK OBJ53 TRU4 POS4) [1]
Pruned:  0: (LOAD-TRUCK OBJ53 TRU4 POS4) [1]
Pruned:  0: (LOAD-TRUCK OBJ53 TRU4 POS4) [1]
Pruned:  0: (LOAD-TRUCK OBJ53 TRU4 POS4) [1]
Pruned:  0: (LOAD-TRUCK OBJ53 TRU4 POS4) [1]
Pruned:  0: (LOAD-TRUCK OBJ53 TRU4 POS4) [1]
Pruned:  0: (LOAD-TRUCK OBJ53 TRU4 POS4) [1]
Pruned:  0: (LOAD-TRUCK OBJ53 TRU4 POS4) [1]
Pruned:  0: (LOAD-TRUCK OBJ53 TRU4 POS4) [1]
Pruned:  0: (LOAD-TRUCK OBJ53 TRU4 POS4) [1]
Pruned:  0: (LOAD-TRUCK OBJ53 TRU4 POS4) [1]
Pruned:  0: (LOAD-TRUCK OBJ53 TRU4 POS4) [1]
Pruned:  0: (LOAD-TRUCK OBJ53 TRU4 POS4) [1]
Pruned:  0: (LOAD-TRUCK OBJ53 TRU4 POS4) [1]
Pruned:  0: (LOAD-TRUCK OBJ53 TRU4 POS4) [1]
Pruned:  0: (LOAD-TRUCK OBJ53 TRU4 POS4) [1]
Pruned:  0: (LOAD-TRUCK OBJ53 TRU4 POS4) [1]
Pruned:  0: (LOAD-TRUCK OBJ53 TRU4 POS4) [1]
Pruned:  0: (LOAD-TRUCK OBJ53 TRU4 POS4) [1]
Pruned:  0: (LOAD-TRUCK OBJ53 TRU4 POS4) [1]
Pruned:  0: (LOAD-TRUCK OBJ53 TRU4 POS4) [1]
Pruned:  0: (LOAD-TRUCK OBJ53 TRU4 POS4) [1]
Pruned:  0: (LOAD-TRUCK OBJ53 TRU4 POS4) [1]
Pruned:  0: (LOAD-TRUCK OBJ53 TRU4 POS4) [1]
Pruned:  0: (LOAD-TRUCK OBJ53 TRU4 POS4) [1]
Pruned:  0: (LOAD-TRUCK OBJ53 TRU4 POS4) [1]
Pruned:  0: (LOAD-TRUCK OBJ53 TRU4 POS4) [1]
Pruned:  0: (LOAD-TRUCK OBJ53 TRU4 POS4) [1]
Pruned:  0: (LOAD-TRUCK OBJ53 TRU4 POS4) [1]
Pruned:  0: (LOAD-TRUCK OBJ53 TRU4 POS4) [1]
Pruned:  0: (LOAD-TRUCK OBJ53 TRU4 POS4) [1]
Pruned:  0: (LOAD-TRUCK OBJ53 TRU4 POS4) [1]
Pruned:  0: (LOAD-TRUCK OBJ53 TRU4 POS4) [1]
Pruned:  0: (LOAD-TRUCK OBJ53 TRU4 POS4) [1]
Pruned:  0: (LOAD-TRUCK OBJ53 TRU4 POS4) [1]
Pruned:  0: (LOAD-TRUCK OBJ53 TRU4 POS4) [1]
Pruned:  0: (LOAD-TRUCK OBJ53 TRU4 POS4) [1]
Pruned:  0: (LOAD-TRUCK OBJ53 TRU4 POS4) [1]
Pruned:  0: (LOAD-TRUCK OBJ53 TRU4 POS4) [1]
Pruned:  0: (LOAD-TRUCK OBJ53 TRU4 POS4) [1]
Pruned:  0: (LOAD-TRUCK OBJ53 TRU4 POS4) [1]
Pruned:  0: (LOAD-TRUCK OBJ53 TRU4 POS4) [1]
Pruned:  0: (LOAD-TRUCK OBJ53 TRU4 POS4) [1]
Pruned:  0: (LOAD-TRUCK OBJ53 TRU4 POS4) [1]
Pruned:  0: (LOAD-TRUCK OBJ53 TRU4 POS4) [1]
Pruned:  0: (LOAD-TRUCK OBJ53 TRU4 POS4) [1]
Pruned:  0: (LOAD-TRUCK OBJ53 TRU4 POS4) [1]
Pruned:  0: (LOAD-TRUCK OBJ53 TRU4 POS4) [1]
Pruned:  0: (LOAD-TRUCK OBJ53 TRU4 POS4) [1]
Pruned:  0: (LOAD-TRUCK OBJ53 TRU4 POS4) [1]
Pruned:  0: (LOAD-TRUCK OBJ53 TRU4 POS4) [1]
Pruned:  0: (LOAD-TRUCK OBJ53 TRU4 POS4) [1]
Pruned:  0: (LOAD-TRUCK OBJ53 TRU4 POS4) [1]
Pruned:  0: (LOAD-TRUCK OBJ53 TRU4 POS4) [1]
Pruned:  0: (LOAD-TRUCK OBJ53 TRU4 POS4) [1]
Pruned:  0: (LOAD-TRUCK OBJ53 TRU4 POS4) [1]
Pruned:  0: (LOAD-TRUCK OBJ53 TRU4 POS4) [1]
Pruned:  0: (LOAD-TRUCK OBJ53 TRU4 POS4) [1]
Pruned:  0: (LOAD-TRUCK OBJ53 TRU4 POS4) [1]
Pruned:  0: (LOAD-TRUCK OBJ53 TRU4 POS4) [1]
Pruned:  0: (LOAD-TRUCK OBJ53 TRU4 POS4) [1]
Pruned:  0: (LOAD-TRUCK OBJ53 TRU4 POS4) [1]
Pruned:  0: (LOAD-TRUCK OBJ53 TRU4 POS4) [1]
Pruned:  0: (LOAD-TRUCK OBJ53 TRU4 POS4) [1]
Pruned:  0: (LOAD-TRUCK OBJ53 TRU4 POS4) [1]
Pruned:  0: (LOAD-TRUCK OBJ53 TRU4 POS4) [1]
Pruned:  0: (LOAD-TRUCK OBJ53 TRU4 POS4) [1]
Pruned:  0: (LOAD-TRUCK OBJ53 TRU4 POS4) [1]
Pruned:  0: (LOAD-TRUCK OBJ53 TRU4 POS4) [1]
Pruned:  0: (LOAD-TRUCK OBJ53 TRU4 POS4) [1]
Pruned:  0: (LOAD-TRUCK OBJ53 TRU4 POS4) [1]
Pruned:  0: (LOAD-TRUCK OBJ53 TRU4 POS4) [1]
Pruned:  0: (LOAD-TRUCK OBJ53 TRU4 POS4) [1]
Pruned:  0: (LOAD-TRUCK OBJ53 TRU4 POS4) [1]
Pruned:  0: (LOAD-TRUCK OBJ53 TRU4 POS4) [1]
Pruned:  0: (LOAD-TRUCK OBJ53 TRU4 POS4) [1]
Pruned:  0: (LOAD-TRUCK OBJ53 TRU4 POS4) [1]
Pruned:  0: (LOAD-TRUCK OBJ53 TRU4 POS4) [1]
Pruned:  0: (LOAD-TRUCK OBJ53 TRU4 POS4) [1]
Pruned:  0: (LOAD-TRUCK OBJ53 TRU4 POS4) [1]
Pruned:  0: (LOAD-TRUCK OBJ53 TRU4 POS4) [1]
Pruned:  0: (LOAD-TRUCK OBJ53 TRU4 POS4) [1]
Pruned:  0: (LOAD-TRUCK OBJ53 TRU4 POS4) [1]
Pruned:  0: (LOAD-TRUCK OBJ53 TRU4 POS4) [1]
Pruned:  0: (LOAD-TRUCK OBJ53 TRU4 POS4) [1]
Pruned:  0: (LOAD-TRUCK OBJ53 TRU4 POS4) [1]
Pruned:  0: (LOAD-TRUCK OBJ53 TRU4 POS4) [1]
Pruned:  0: (LOAD-TRUCK OBJ53 TRU4 POS4) [1]
Pruned:  0: (LOAD-TRUCK OBJ53 TRU4 POS4) [1]
Pruned:  0: (LOAD-TRUCK OBJ53 TRU4 POS4) [1]
Pruned:  0: (LOAD-TRUCK OBJ53 TRU4 POS4) [1]
Pruned:  0: (LOAD-TRUCK OBJ53 TRU4 POS4) [1]
Pruned:  0: (LOAD-TRUCK OBJ53 TRU4 POS4) [1]
Pruned:  0: (LOAD-TRUCK OBJ53 TRU4 POS4) [1]
Pruned:  0: (LOAD-TRUCK OBJ53 TRU4 POS4) [1]
Pruned:  0: (LOAD-TRUCK OBJ53 TRU4 POS4) [1]
Pruned:  0: (LOAD-TRUCK OBJ53 TRU4 POS4) [1]
Pruned:  0: (LOAD-TRUCK OBJ53 TRU4 POS4) [1]
Pruned:  0: (LOAD-TRUCK OBJ53 TRU4 POS4) [1]
Pruned:  0: (LOAD-TRUCK OBJ53 TRU4 POS4) [1]
Pruned:  0: (LOAD-TRUCK OBJ53 TRU4 POS4) [1]
Pruned:  0: (LOAD-TRUCK OBJ53 TRU4 POS4) [1]
Pruned:  0: (LOAD-TRUCK OBJ53 TRU4 POS4) [1]
Pruned:  0: (LOAD-TRUCK OBJ53 TRU4 POS4) [1]
Pruned:  0: (LOAD-TRUCK OBJ53 TRU4 POS4) [1]
Pruned:  3: (DRIVE-TRUCK TRU2 APT2 POS2 CIT2) [1]
Pruned:  4: (DRIVE-TRUCK TRU2 POS2 APT2 CIT2) [1]
Pruned:  6: (DRIVE-TRUCK TRU4 APT4 APT4 CIT4) [1]
Pruned:  7: (DRIVE-TRUCK TRU4 APT4 APT4 CIT4) [1]
Pruned:  11: (DRIVE-TRUCK TRU4 POS4 POS4 CIT4) [1]
---SatPlan Version: 1.1
***SAT!***

Solved in 13 layers

Real Time: = 0.61
User Time: = 0.49
Syst Time: = 0.11

__MEMKB 8320
