MaxPlanII beta.

bb: parsing domain file
domain 'TPP-PROPOSITIONAL' defined
 ... done.
bb: parsing problem file
problem 'TPP' defined
 ... done.


******  Solve with 1 layers Start******

creating action-based encoding:
        building rplan graph layers, up to layer [1];
        goal constraints;

no achiever in for goal?? deadline too low!#001


******  Solve with 2 layers Start******

creating action-based encoding:
        building rplan graph layers, up to layer [2];
        goal constraints;

no achiever in for goal?? deadline too low!#001


******  Solve with 3 layers Start******

creating action-based encoding:
        building rplan graph layers, up to layer [3];
        goal constraints;

no achiever in for goal?? deadline too low!#001


******  Solve with 4 layers Start******

creating action-based encoding:
        building rplan graph layers, up to layer [4];
        goal constraints;

no achiever in for goal?? deadline too low!#001


******  Solve with 5 layers Start******

creating action-based encoding:
        building rplan graph layers, up to layer [5];
        goal constraints;

no achiever in for goal?? deadline too low!#001


******  Solve with 6 layers Start******

creating action-based encoding:
        building rplan graph layers, up to layer [6];
        goal constraints;

no achiever in for goal?? deadline too low!#001


******  Solve with 7 layers Start******

creating action-based encoding:
        building rplan graph layers, up to layer [7];
        goal constraints;

no achiever in for goal?? deadline too low!#001


******  Solve with 8 layers Start******

creating action-based encoding:
        building rplan graph layers, up to layer [8];
        goal constraints;

no achiever in for goal?? deadline too low!#001


******  Solve with 9 layers Start******

creating action-based encoding:
        building rplan graph layers, up to layer [9];
        goal constraints;
        building exclusion constraints --> up to layer 9...

DECISION LAYER 9, WRITING ACTION-BASED ENCODING WITH 87614 VARS, 8404201 CLAUSES.
17 G clauses, 247402 A clauses, 8156782 E clauses.c CNF file planning task -p , -o /home/matheus/repo/acervo-2010/planejadores_analise_resultados/comp/tpp/domain.pddl, -f /home/matheus/repo/acervo-2010/planejadores_analise_resultados/comp/tpp/p27.pddl, bound 9, action based encoding
In building up solver: p cnf 87614 8404201
==================================[ MINISAT ]===================================
| Conflicts |     ORIGINAL     |              LEARNT              | Progress |
|           | Clauses Literals |   Limit Clauses Literals  Lit/Cl |          |
==============================================================================
|         0 | 8404201 21358576 | 2801400       0        0     0.0 |  0.000 % |
|       100 | 8404179 21358532 | 3081540      94     4059    43.2 |  0.007 % |
|       250 | 8404179 21358532 | 3389694     232     8660    37.3 |  0.552 % |
|       476 | 8404179 21358532 | 3728663     449    15734    35.0 |  0.870 % |
|       813 | 8404179 21358532 | 4101530     784    35602    45.4 |  0.872 % |
|      1320 | 8404179 21358532 | 4511683    1289    81582    63.3 |  0.874 % |
==============================================================================
Totoal time used by londex constraint checking is [B0.100000][L0.070000],apply counts 10477, apply_generated 0
restarts          :            6
conflicts         :         1452           (     1561 / sec      )
decisions         :         3129           (     3365 / sec      )
propagations      :      3673042           (  3949508 / sec      )
inspects          :      7794283           (  8380949 / sec      )
conflict literals :        85218           (     2.70 % deleted  )
CPU time          :         0.93 sec
UNSATISFIABLE

******  Solve with 10 layers Start******

creating action-based encoding:
        building rplan graph layers, up to layer [10];
        goal constraints;
        building exclusion constraints --> up to layer 10...

DECISION LAYER 10, WRITING ACTION-BASED ENCODING WITH 119715 VARS, 12876304 CLAUSES.
17 G clauses, 340307 A clauses, 12535980 E clauses.c CNF file planning task -p , -o /home/matheus/repo/acervo-2010/planejadores_analise_resultados/comp/tpp/domain.pddl, -f /home/matheus/repo/acervo-2010/planejadores_analise_resultados/comp/tpp/p27.pddl, bound 10, action based encoding
In building up solver: p cnf 119715 12876304
==================================[ MINISAT ]===================================
| Conflicts |     ORIGINAL     |              LEARNT              | Progress |
|           | Clauses Literals |   Limit Clauses Literals  Lit/Cl |          |
==============================================================================
|         0 | 12876304 33309730 | 4292101       0        0     0.0 |  0.000 % |
|       100 | 12876243 33309606 | 4721311      94     2257    24.0 |  0.003 % |
|       251 | 12876243 33309606 | 5193442     241     8650    35.9 |  0.006 % |
|       476 | 12876243 33309606 | 5712786     458    18978    41.4 |  0.013 % |
|       814 | 12876243 33309606 | 6284065     783    34547    44.1 |  0.024 % |
|      1320 | 12876243 33309606 | 6912472    1271    83704    65.9 |  0.428 % |
|      2079 | 12876243 33309606 | 7603719    2014   180012    89.4 |  0.441 % |
|      3218 | 12876243 33309606 | 8364091    3148   324734   103.2 |  0.446 % |
|      4927 | 12876243 33309606 | 9200500    4805   503285   104.7 |  0.904 % |
|      7489 | 12876243 33309606 | 10120550    7318   681733    93.2 |  1.964 % |
|     11334 | 12876243 33309606 | 11132605   11111   996044    89.6 |  3.170 % |
|     17101 | 12271523 31992047 | 12245865   15768  1710566   108.5 | 20.964 % |
|     25750 | 8847673 24270763 | 13470452   20965  2952203   140.8 | 22.032 % |
|     38724 | 8732941 24017375 | 14817497   33292  4744537   142.5 | 22.712 % |
|     58185 | 8590243 23681389 | 16299246   50860  6862711   134.9 | 23.658 % |
|     87378 | 8548429 23585181 | 17929171   78503 12556095   159.9 | 24.025 % |
|    131167 | 8422508 23282699 | 19722088  110930 18260366   164.6 | 24.837 % |
|    196852 | 8230044 22829410 | 21694297  164439 29019669   176.5 | 26.788 % |
==============================================================================
Totoal time used by londex constraint checking is [B20.440000][L22.930000],apply counts 2929497, apply_generated 0
restarts          :           18
conflicts         :       259000           (      695 / sec      )
decisions         :       312766           (      840 / sec      )
propagations      :   1157778981           (  3108716 / sec      )
inspects          :   3567863686           (  9579958 / sec      )
conflict literals :     38391386           (    26.64 % deleted  )
CPU time          :       372.43 sec
UNSATISFIABLE

******  Solve with 11 layers Start******

creating action-based encoding:
        building rplan graph layers, up to layer [11];
        goal constraints;
        building exclusion constraints --> up to layer 11...

DECISION LAYER 11, WRITING ACTION-BASED ENCODING WITH 152044 VARS, 17423479 CLAUSES.
17 G clauses, 433872 A clauses, 16989590 E clauses.c CNF file planning task -p , -o /home/matheus/repo/acervo-2010/planejadores_analise_resultados/comp/tpp/domain.pddl, -f /home/matheus/repo/acervo-2010/planejadores_analise_resultados/comp/tpp/p27.pddl, bound 11, action based encoding
In building up solver: p cnf 152044 17423479
==================================[ MINISAT ]===================================
| Conflicts |     ORIGINAL     |              LEARNT              | Progress |
|           | Clauses Literals |   Limit Clauses Literals  Lit/Cl |          |
==============================================================================
|         0 | 17423479 45687595 | 5807826       0        0     0.0 |  0.000 % |
|       100 | 17423418 45687472 | 6388609      91     9236   101.5 |  0.006 % |
|       250 | 17423418 45687472 | 7027469     237    13465    56.8 |  0.009 % |
|       475 | 17423418 45687472 | 7730216     455    21058    46.3 |  0.099 % |
|       812 | 17423418 45687472 | 8503238     789    76364    96.8 |  0.228 % |
|      1318 | 17423418 45687472 | 9353562    1275   103957    81.5 |  0.241 % |
|      2077 | 17423418 45687472 | 10288918    2033   153340    75.4 |  0.242 % |
|      3216 | 17423418 45687472 | 11317810    3151   207774    65.9 |  0.579 % |
|      4925 | 17423418 45687472 | 12449591    4814   307345    63.8 |  1.325 % |
|      7487 | 17423418 45687472 | 13694550    7360   610370    82.9 |  1.335 % |
|     11331 | 17423418 45687472 | 15064005   11142   971360    87.2 |  1.892 % |
|     17097 | 16790382 44324475 | 16570405   15577  1418831    91.1 |  3.517 % |
|     25746 | 16790382 44324475 | 18227446   24166  2288925    94.7 |  4.000 % |
|     38720 | 16546101 43798064 | 20050191   36438  4257225   116.8 |  4.866 % |
|     58181 | 16442772 43574048 | 22055210   55449 10739526   193.7 |  5.064 % |
|     87373 | 16235539 43122187 | 24260731   82963 16172129   194.9 |  6.155 % |
|    131162 | 16167506 42971975 | 26686804  125832 29587714   235.1 |  7.188 % |
|    196847 | 15651052 41845065 | 29355484  189244 50063361   264.5 | 10.014 % |
|    295373 | 15170573 40780767 | 32291032  285174 89398051   313.5 | 11.173 % |
