
ipp: parsing domain file
domain 'GROUNDED-PATHWAYS-PROPOSITIONAL' defined
 ... done.
ipp: parsing problem file
problem 'GROUNDED-PATHWAYS-02' defined
 ... done.


AND has only one son (anymore)
AND has only one son (anymore)
AND has only one son (anymore)
AND has only one son (anymore)
AND has only one son (anymore)
AND has only one son (anymore)
AND has only one son (anymore)
AND has only one son (anymore)
AND has only one son (anymore)
AND has only one son (anymore)
AND has only one son (anymore)
AND has only one son (anymore)
AND has only one son (anymore)
AND has only one son (anymore)
AND has only one son (anymore)
AND has only one son (anymore)
AND has only one son (anymore)
AND has only one son (anymore)
AND has only one son (anymore)
AND has only one son (anymore)
AND has only one son (anymore)
AND has only one son (anymore)
AND has only one son (anymore)
AND has only one son (anymore)
AND has only one son (anymore)
AND has only one son (anymore)
AND has only one son (anymore)
AND has only one son (anymore)
AND has only one son (anymore)
AND has only one son (anymore)
instantiated 80 actions


time:   0,    70 facts and       0 exclusive pairs (   13,       0 positives)
              82 ops   and     114 exclusive pairs
time:   1,    96 facts and     338 exclusive pairs (   26,      91 positives)
             132 ops   and    1642 exclusive pairs
time:   2,   109 facts and     153 exclusive pairs (   39,     117 positives)
             161 ops   and    1926 exclusive pairs
time:   3,   114 facts and     106 exclusive pairs (   44,      62 positives)
             176 ops   and    2228 exclusive pairs
time:   4,   124 facts and     190 exclusive pairs (   54,     124 positives)
             197 ops   and    2932 exclusive pairs
time:   5,   135 facts and     305 exclusive pairs (   65,     206 positives)
             211 ops   and    3247 exclusive pairs
time:   6,   138 facts and     251 exclusive pairs (   68,     140 positives)
             217 ops   and    3275 exclusive pairs
time:   7,   140 facts and     266 exclusive pairs (   70,     147 positives)

goals first reachable in 7 time steps


found plan as follows:

time step    0: CHOOSE_GE2_L1_L0
time step    1: CHOOSE_E2F13P1-DP12_L2_L1
                INITIALIZE_GE2
time step    2: CHOOSE_E2F4-DP12P1_L3_L2
                INITIALIZE_E2F13P1-DP12
time step    3: ASSOCIATE_E2F13P1-DP12_GE2_E2F13P1-DP12-GE2
                INITIALIZE_E2F4-DP12P1
time step    4: SYNTHESIZE_E2F13P1-DP12-GE2_P107
                SYNTHESIZE_E2F13P1-DP12-GE2_CYCDP1
time step    5: DUMMY-ACTION-2-2
                ASSOCIATE_P107_E2F4-DP12P1_P107-E2F4-DP12P1
time step    6: DUMMY-ACTION-1-1



number of actions tried:         25
number of noops tried  :         14

had       3 simple memoizing hits
had       0 partial memoizing hits
had       0 subset memoizing hits

time spent:    0.00 seconds instantiating 80 operators
               0.00 seconds building graph
               0.00 seconds calculating exclusions
               0.00 seconds searching graph
               0.00 seconds total time

Memory used:   0.08 MBytes for domain representation
               1.64 MBytes for graph
               0.05 MBytes for exclusions
               0.00 MBytes for memoization
               0.00 MBytes for wave front



__MEMKB 3840
