
ipp: parsing domain file
domain 'GROUNDED-PATHWAYS-PROPOSITIONAL' defined
 ... done.
ipp: parsing problem file
problem 'GROUNDED-PATHWAYS-03' defined
 ... done.


AND has only one son (anymore)
AND has only one son (anymore)
AND has only one son (anymore)
AND has only one son (anymore)
AND has only one son (anymore)
AND has only one son (anymore)
AND has only one son (anymore)
AND has only one son (anymore)
AND has only one son (anymore)
AND has only one son (anymore)
AND has only one son (anymore)
AND has only one son (anymore)
AND has only one son (anymore)
AND has only one son (anymore)
AND has only one son (anymore)
AND has only one son (anymore)
AND has only one son (anymore)
AND has only one son (anymore)
AND has only one son (anymore)
AND has only one son (anymore)
AND has only one son (anymore)
AND has only one son (anymore)
AND has only one son (anymore)
AND has only one son (anymore)
AND has only one son (anymore)
AND has only one son (anymore)
AND has only one son (anymore)
AND has only one son (anymore)
AND has only one son (anymore)
AND has only one son (anymore)
AND has only one son (anymore)
AND has only one son (anymore)
AND has only one son (anymore)
AND has only one son (anymore)
AND has only one son (anymore)
instantiated 118 actions


time:   0,    99 facts and       0 exclusive pairs (   20,       0 positives)
             118 ops   and     247 exclusive pairs
time:   1,   139 facts and     800 exclusive pairs (   40,     210 positives)
             196 ops   and    3861 exclusive pairs
time:   2,   159 facts and     307 exclusive pairs (   60,     250 positives)
             235 ops   and    4053 exclusive pairs
time:   3,   160 facts and     139 exclusive pairs (   61,      82 positives)
             248 ops   and    4360 exclusive pairs
time:   4,   171 facts and     219 exclusive pairs (   72,     138 positives)
             273 ops   and    5241 exclusive pairs
time:   5,   185 facts and     312 exclusive pairs (   86,     186 positives)
             296 ops   and    6018 exclusive pairs
time:   6,   194 facts and     385 exclusive pairs (   95,     224 positives)
             309 ops   and    6499 exclusive pairs
time:   7,   198 facts and     402 exclusive pairs (   99,     226 positives)

goals first reachable in 7 time steps

             316 ops   and    6720 exclusive pairs
time:   8,   198 facts and     375 exclusive pairs (   99,     206 positives)

found plan as follows:

time step    0: CHOOSE_GP_L1_L0
time step    1: CHOOSE_SP1_L2_L1
                INITIALIZE_GP
time step    2: INITIALIZE_SP1
                CHOOSE_CDK46P1_L3_L2
time step    3: INITIALIZE_CDK46P1
                ASSOCIATE_SP1_GP_SP1-GP
time step    4: SYNTHESIZE_SP1-GP_CYCD
                SYNTHESIZE_SP1-GP_CYCA
                SYNTHESIZE_SP1-GP_P107
                INITIALIZE_SP1
                INITIALIZE_GP
time step    5: ASSOCIATE_SP1_P107_SP1-P107
                DUMMY-ACTION-2-2
                ASSOCIATE_CDK46P1_CYCD_CDK46P1-CYCD
time step    6: DUMMY-ACTION-3-2
                ASSOCIATE_SP1-P107_GP_SP1-P107-GP
time step    7: DUMMY-ACTION-1-1



number of actions tried:      10680
number of noops tried  :      12800

had    3379 simple memoizing hits
had     364 partial memoizing hits
had    3352 subset memoizing hits

time spent:    0.00 seconds instantiating 118 operators
               0.00 seconds building graph
               0.00 seconds calculating exclusions
               0.00 seconds searching graph
               0.00 seconds total time

Memory used:   0.11 MBytes for domain representation
               2.51 MBytes for graph
               0.11 MBytes for exclusions
               0.05 MBytes for memoization
               0.00 MBytes for wave front



__MEMKB 5248
