
ipp: parsing domain file
domain 'GROUNDED-PATHWAYS-PROPOSITIONAL' defined
 ... done.
ipp: parsing problem file
problem 'GROUNDED-PATHWAYS-05' defined
 ... done.


AND has only one son (anymore)
AND has only one son (anymore)
AND has only one son (anymore)
AND has only one son (anymore)
AND has only one son (anymore)
AND has only one son (anymore)
AND has only one son (anymore)
AND has only one son (anymore)
AND has only one son (anymore)
AND has only one son (anymore)
AND has only one son (anymore)
AND has only one son (anymore)
AND has only one son (anymore)
AND has only one son (anymore)
AND has only one son (anymore)
AND has only one son (anymore)
AND has only one son (anymore)
AND has only one son (anymore)
AND has only one son (anymore)
AND has only one son (anymore)
AND has only one son (anymore)
AND has only one son (anymore)
AND has only one son (anymore)
AND has only one son (anymore)
AND has only one son (anymore)
AND has only one son (anymore)
AND has only one son (anymore)
AND has only one son (anymore)
AND has only one son (anymore)
AND has only one son (anymore)
AND has only one son (anymore)
AND has only one son (anymore)
AND has only one son (anymore)
AND has only one son (anymore)
AND has only one son (anymore)
AND has only one son (anymore)
AND has only one son (anymore)
AND has only one son (anymore)
AND has only one son (anymore)
AND has only one son (anymore)
AND has only one son (anymore)
AND has only one son (anymore)
AND has only one son (anymore)
AND has only one son (anymore)
AND has only one son (anymore)
AND has only one son (anymore)
AND has only one son (anymore)
AND has only one son (anymore)
AND has only one son (anymore)
AND has only one son (anymore)
AND has only one son (anymore)
AND has only one son (anymore)
AND has only one son (anymore)
AND has only one son (anymore)
AND has only one son (anymore)
AND has only one son (anymore)
AND has only one son (anymore)
AND has only one son (anymore)
AND has only one son (anymore)
instantiated 266 actions


time:   0,   148 facts and       0 exclusive pairs (   23,       0 positives)
             170 ops   and     319 exclusive pairs
time:   1,   194 facts and    1058 exclusive pairs (   46,     276 positives)
             260 ops   and    5097 exclusive pairs
time:   2,   217 facts and     388 exclusive pairs (   69,     322 positives)
             309 ops   and    5486 exclusive pairs
time:   3,   222 facts and     176 exclusive pairs (   74,     102 positives)
             355 ops   and    8104 exclusive pairs
time:   4,   242 facts and     329 exclusive pairs (   94,     222 positives)
             414 ops   and   12343 exclusive pairs
time:   5,   260 facts and     493 exclusive pairs (  112,     335 positives)
             482 ops   and   18288 exclusive pairs
time:   6,   277 facts and     526 exclusive pairs (  129,     330 positives)
             539 ops   and   23400 exclusive pairs
time:   7,   296 facts and     819 exclusive pairs (  148,     552 positives)
             562 ops   and   24871 exclusive pairs
time:   8,   296 facts and     657 exclusive pairs (  148,     432 positives)

goals first reachable in 8 time steps

             562 ops   and   24200 exclusive pairs
time:   9,   296 facts and     573 exclusive pairs (  148,     348 positives)

found plan as follows:

time step    0: CHOOSE_GE2_L1_L0
time step    1: CHOOSE_E2F13-DP12_L2_L1
                INITIALIZE_GE2
time step    2: INITIALIZE_E2F13-DP12
                CHOOSE_P53_L3_L2
time step    3: INITIALIZE_P53
                CHOOSE_SP1_L4_L3
                ASSOCIATE_E2F13-DP12_GE2_E2F13-DP12-GE2
time step    4: SYNTHESIZE_E2F13-DP12-GE2_CYCE
                SYNTHESIZE_E2F13-DP12-GE2_P107
                INITIALIZE_SP1
                CHOOSE_CDK1P1P2_L5_L4
                SYNTHESIZE_P53_GADD45
                SYNTHESIZE_P53_P21
                SYNTHESIZE_E2F13-DP12-GE2_P107P1
                SYNTHESIZE_E2F13-DP12-GE2_C-MYC
time step    5: DUMMY-ACTION-6-2
                CHOOSE_PCNA_L6_L5
                INITIALIZE_CDK1P1P2
                ASSOCIATE_SP1_P107_SP1-P107
                DUMMY-ACTION-1-2
time step    6: DUMMY-ACTION-2-2
                ASSOCIATE_CDK1P1P2_GADD45_CDK1P1P2-GADD45
                INITIALIZE_PCNA
                INITIALIZE_SP1
time step    7: ASSOCIATE_SP1_P107P1_SP1-P107P1
                ASSOCIATE_PCNA_P21_PCNA-P21
                DUMMY-ACTION-3-2
time step    8: DUMMY-ACTION-4-1
                DUMMY-ACTION-5-2



number of actions tried:   14493996
number of noops tried  :   12722792

had  998338 simple memoizing hits
had  227246 partial memoizing hits
had 6856616 subset memoizing hits

time spent:    0.00 seconds instantiating 266 operators
               0.00 seconds building graph
               0.00 seconds calculating exclusions
              10.75 seconds searching graph
              10.75 seconds total time

Memory used:   0.26 MBytes for domain representation
               4.16 MBytes for graph
               0.34 MBytes for exclusions
               3.51 MBytes for memoization
               0.00 MBytes for wave front



__MEMKB 14208
