
ipp: parsing domain file
domain 'GROUNDED-PATHWAYS-PROPOSITIONAL' defined
 ... done.
ipp: parsing problem file
problem 'GROUNDED-PATHWAYS-07' defined
 ... done.


AND has only one son (anymore)
AND has only one son (anymore)
AND has only one son (anymore)
AND has only one son (anymore)
AND has only one son (anymore)
AND has only one son (anymore)
AND has only one son (anymore)
AND has only one son (anymore)
AND has only one son (anymore)
AND has only one son (anymore)
AND has only one son (anymore)
AND has only one son (anymore)
AND has only one son (anymore)
AND has only one son (anymore)
AND has only one son (anymore)
AND has only one son (anymore)
AND has only one son (anymore)
AND has only one son (anymore)
AND has only one son (anymore)
AND has only one son (anymore)
AND has only one son (anymore)
AND has only one son (anymore)
AND has only one son (anymore)
AND has only one son (anymore)
AND has only one son (anymore)
AND has only one son (anymore)
AND has only one son (anymore)
AND has only one son (anymore)
AND has only one son (anymore)
AND has only one son (anymore)
AND has only one son (anymore)
AND has only one son (anymore)
AND has only one son (anymore)
AND has only one son (anymore)
AND has only one son (anymore)
AND has only one son (anymore)
AND has only one son (anymore)
AND has only one son (anymore)
AND has only one son (anymore)
AND has only one son (anymore)
AND has only one son (anymore)
AND has only one son (anymore)
AND has only one son (anymore)
AND has only one son (anymore)
AND has only one son (anymore)
AND has only one son (anymore)
AND has only one son (anymore)
AND has only one son (anymore)
AND has only one son (anymore)
AND has only one son (anymore)
AND has only one son (anymore)
AND has only one son (anymore)
AND has only one son (anymore)
AND has only one son (anymore)
AND has only one son (anymore)
AND has only one son (anymore)
AND has only one son (anymore)
AND has only one son (anymore)
AND has only one son (anymore)
AND has only one son (anymore)
AND has only one son (anymore)
AND has only one son (anymore)
AND has only one son (anymore)
AND has only one son (anymore)
AND has only one son (anymore)
AND has only one son (anymore)
AND has only one son (anymore)
AND has only one son (anymore)
AND has only one son (anymore)
AND has only one son (anymore)
AND has only one son (anymore)
AND has only one son (anymore)
AND has only one son (anymore)
AND has only one son (anymore)
AND has only one son (anymore)
AND has only one son (anymore)
AND has only one son (anymore)
AND has only one son (anymore)
AND has only one son (anymore)
AND has only one son (anymore)
AND has only one son (anymore)
AND has only one son (anymore)
AND has only one son (anymore)
AND has only one son (anymore)
AND has only one son (anymore)
AND has only one son (anymore)
AND has only one son (anymore)
AND has only one son (anymore)
AND has only one son (anymore)
AND has only one son (anymore)
AND has only one son (anymore)
instantiated 597 actions


time:   0,   262 facts and       0 exclusive pairs (   41,       0 positives)
             302 ops   and     940 exclusive pairs
time:   1,   344 facts and    3362 exclusive pairs (   82,     861 positives)
             464 ops   and   16104 exclusive pairs
time:   2,   385 facts and    1063 exclusive pairs (  123,     943 positives)
             553 ops   and   16790 exclusive pairs
time:   3,   390 facts and     290 exclusive pairs (  128,     170 positives)
             633 ops   and   24118 exclusive pairs
time:   4,   426 facts and     593 exclusive pairs (  164,     409 positives)
             736 ops   and   36373 exclusive pairs
time:   5,   454 facts and    1020 exclusive pairs (  192,     753 positives)
             834 ops   and   50919 exclusive pairs
time:   6,   473 facts and     949 exclusive pairs (  211,     631 positives)
             933 ops   and   66166 exclusive pairs
time:   7,   514 facts and    1689 exclusive pairs (  252,    1205 positives)
            1030 ops   and   84784 exclusive pairs
time:   8,   522 facts and    1477 exclusive pairs (