
ipp: parsing domain file
domain 'GROUNDED-PATHWAYS-PROPOSITIONAL' defined
 ... done.
ipp: parsing problem file
problem 'GROUNDED-PATHWAYS-15' defined
 ... done.


AND has only one son (anymore)
AND has only one son (anymore)
AND has only one son (anymore)
AND has only one son (anymore)
AND has only one son (anymore)
AND has only one son (anymore)
AND has only one son (anymore)
AND has only one son (anymore)
AND has only one son (anymore)
AND has only one son (anymore)
AND has only one son (anymore)
AND has only one son (anymore)
AND has only one son (anymore)
AND has only one son (anymore)
AND has only one son (anymore)
AND has only one son (anymore)
AND has only one son (anymore)
AND has only one son (anymore)
AND has only one son (anymore)
AND has only one son (anymore)
AND has only one son (anymore)
AND has only one son (anymore)
AND has only one son (anymore)
AND has only one son (anymore)
AND has only one son (anymore)
AND has only one son (anymore)
AND has only one son (anymore)
AND has only one son (anymore)
AND has only one son (anymore)
AND has only one son (anymore)
AND has only one son (anymore)
AND has only one son (anymore)
AND has only one son (anymore)
AND has only one son (anymore)
AND has only one son (anymore)
AND has only one son (anymore)
AND has only one son (anymore)
AND has only one son (anymore)
AND has only one son (anymore)
AND has only one son (anymore)
AND has only one son (anymore)
AND has only one son (anymore)
AND has only one son (anymore)
AND has only one son (anymore)
AND has only one son (anymore)
AND has only one son (anymore)
AND has only one son (anymore)
AND has only one son (anymore)
AND has only one son (anymore)
AND has only one son (anymore)
AND has only one son (anymore)
AND has only one son (anymore)
AND has only one son (anymore)
AND has only one son (anymore)
AND has only one son (anymore)
AND has only one son (anymore)
AND has only one son (anymore)
AND has only one son (anymore)
AND has only one son (anymore)
AND has only one son (anymore)
AND has only one son (anymore)
AND has only one son (anymore)
AND has only one son (anymore)
AND has only one son (anymore)
AND has only one son (anymore)
AND has only one son (anymore)
AND has only one son (anymore)
AND has only one son (anymore)
AND has only one son (anymore)
AND has only one son (anymore)
AND has only one son (anymore)
AND has only one son (anymore)
AND has only one son (anymore)
AND has only one son (anymore)
AND has only one son (anymore)
AND has only one son (anymore)
AND has only one son (anymore)
AND has only one son (anymore)
AND has only one son (anymore)
AND has only one son (anymore)
AND has only one son (anymore)
AND has only one son (anymore)
AND has only one son (anymore)
AND has only one son (anymore)
AND has only one son (anymore)
AND has only one son (anymore)
AND has only one son (anymore)
AND has only one son (anymore)
AND has only one son (anymore)
AND has only one son (anymore)
AND has only one son (anymore)
AND has only one son (anymore)
AND has only one son (anymore)
AND has only one son (anymore)
AND has only one son (anymore)
AND has only one son (anymore)
AND has only one son (anymore)
AND has only one son (anymore)
AND has only one son (anymore)
AND has only one son (anymore)
AND has only one son (anymore)
AND has only one son (anymore)
AND has only one son (anymore)
AND has only one son (anymore)
AND has only one son (anymore)
AND has only one son (anymore)
AND has only one son (anymore)
AND has only one son (anymore)
AND has only one son (anymore)
AND has only one son (anymore)
AND has only one son (anymore)
AND has only one son (anymore)
AND has only one son (anymore)
AND has only one son (anymore)
AND has only one son (anymore)
AND has only one son (anymore)
AND has only one son (anymore)
AND has only one son (anymore)
AND has only one son (anymore)
AND has only one son (anymore)
AND has only one son (anymore)
AND has only one son (anymore)
AND has only one son (anymore)
AND has only one son (anymore)
AND has only one son (anymore)
AND has only one son (anymore)
AND has only one son (anymore)
AND has only one son (anymore)
AND has only one son (anymore)
AND has only one son (anymore)
AND has only one son (anymore)
AND has only one son (anymore)
AND has only one son (anymore)
AND has only one son (anymore)
AND has only one son (anymore)
AND has only one son (anymore)
AND has only one son (anymore)
AND has only one son (anymore)
AND has only one son (anymore)
AND has only one son (anymore)
AND has only one son (anymore)
AND has only one son (anymore)
AND has only one son (anymore)
AND has only one son (anymore)
AND has only one son (anymore)
AND has only one son (anymore)
AND has only one son (anymore)
AND has only one son (anymore)
AND has only one son (anymore)
AND has only one son (anymore)
AND has only one son (anymore)
AND has only one son (anymore)
AND has only one son (anymore)
AND has only one son (anymore)
AND has only one son (anymore)
AND has only one son (anymore)
AND has only one son (anymore)
AND has only one son (anymore)
AND has only one son (anymore)
AND has only one son (anymore)
AND has only one son (anymore)
AND has only one son (anymore)
AND has only one son (anymore)
AND has only one son (anymore)
AND has only one son (anymore)
AND has only one son (anymore)
AND has only one son (anymore)
AND has only one son (anymore)
AND has only one son (anymore)
AND has only one son (anymore)
AND has only one son (anymore)
AND has only one son (anymore)
AND has only one son (anymore)
AND has only one son (anymore)
AND has only one son (anymore)
AND has only one son (anymore)
AND has only one son (anymore)
AND has only one son (anymore)
AND has only one son (anymore)
AND has only one son (anymore)
AND has only one son (anymore)
AND has only one son (anymore)
AND has only one son (anymore)
AND has only one son (anymore)
AND has only one son (anymore)
AND has only one son (anymore)
AND has only one son (anymore)
AND has only one son (anymore)
AND has only one son (anymore)
AND has only one son (anymore)
AND has only one son (anymore)
AND has only one son (anymore)
AND has only one son (anymore)
AND has only one son (anymore)
AND has only one son (anymore)
AND has only one son (anymore)
AND has only one son (anymore)
AND has only one son (anymore)
AND has only one son (anymore)
AND has only one son (anymore)
AND has only one son (anymore)
AND has only one son (anymore)
AND has only one son (anymore)
AND has only one son (anymore)
AND has only one son (anymore)
AND has only one son (anymore)
AND has only one son (anymore)
AND has only one son (anymore)
AND has only one son (anymore)
AND has only one son (anymore)
AND has only one son (anymore)
AND has only one son (anymore)
AND has only one son (anymore)
AND has only one son (anymore)
AND has only one son (anymore)
AND has only one son (anymore)
AND has only one son (anymore)
AND has only one son (anymore)
AND has only one son (anymore)
AND has only one son (anymore)
AND has only one son (anymore)
AND has only one son (anymore)
AND has only one son (anymore)
AND has only one son (anymore)
AND has only one son (anymore)
AND has only one son (anymore)
AND has only one son (anymore)
AND has only one son (anymore)
AND has only one son (anymore)
AND has only one son (anymore)
AND has only one son (anymore)
AND has only one son (anymore)
instantiated 1174 actions


time:   0,   317 facts and       0 exclusive pairs (   46,       0 positives)
             362 ops   and    1170 exclusive pairs
time:   1,   409 facts and    4232 exclusive pairs (   92,    1081 positives)
             544 ops   and   20254 exclusive pairs
time:   2,   455 facts and    1308 exclusive pairs (  138,    1173 positives)
             643 ops   and   20905 exclusive pairs
time:   3,   460 facts and     325 exclusive pairs (  143,     190 positives)
             732 ops   and   29977 exclusive pairs
time:   4,   499 facts and     640 exclusive pairs (  182,     434 positives)
             848 ops   and   45336 exclusive pairs
time:   5,   532 facts and    1291 exclusive pairs (  215,     984 positives)
            1008 ops   and   72569 exclusive pairs
time:   6,   564 facts and    1665