
ipp: parsing domain file
domain 'GROUNDED-PATHWAYS-PROPOSITIONAL' defined
 ... done.
ipp: parsing problem file
problem 'GROUNDED-PATHWAYS-23' defined
 ... done.


AND has only one son (anymore)
AND has only one son (anymore)
AND has only one son (anymore)
AND has only one son (anymore)
AND has only one son (anymore)
AND has only one son (anymore)
AND has only one son (anymore)
AND has only one son (anymore)
AND has only one son (anymore)
AND has only one son (anymore)
AND has only one son (anymore)
AND has only one son (anymore)
AND has only one son (anymore)
AND has only one son (anymore)
AND has only one son (anymore)
AND has only one son (anymore)
AND has only one son (anymore)
AND has only one son (anymore)
AND has only one son (anymore)
AND has only one son (anymore)
AND has only one son (anymore)
AND has only one son (anymore)
AND has only one son (anymore)
AND has only one son (anymore)
AND has only one son (anymore)
AND has only one son (anymore)
AND has only one son (anymore)
AND has only one son (anymore)
AND has only one son (anymore)
AND has only one son (anymore)
AND has only one son (anymore)
AND has only one son (anymore)
AND has only one son (anymore)
AND has only one son (anymore)
AND has only one son (anymore)
AND has only one son (anymore)
AND has only one son (anymore)
AND has only one son (anymore)
AND has only one son (anymore)
AND has only one son (anymore)
AND has only one son (anymore)
AND has only one son (anymore)
AND has only one son (anymore)
AND has only one son (anymore)
AND has only one son (anymore)
AND has only one son (anymore)
AND has only one son (anymore)
AND has only one son (anymore)
AND has only one son (anymore)
AND has only one son (anymore)
AND has only one son (anymore)
AND has only one son (anymore)
AND has only one son (anymore)
AND has only one son (anymore)
AND has only one son (anymore)
AND has only one son (anymore)
AND has only one son (anymore)
AND has only one son (anymore)
AND has only one son (anymore)
AND has only one son (anymore)
AND has only one son (anymore)
AND has only one son (anymore)
AND has only one son (anymore)
AND has only one son (anymore)
AND has only one son (anymore)
AND has only one son (anymore)
AND has only one son (anymore)
AND has only one son (anymore)
AND has only one son (anymore)
AND has only one son (anymore)
AND has only one son (anymore)
AND has only one son (anymore)
AND has only one son (anymore)
AND has only one son (anymore)
AND has only one son (anymore)
AND has only one son (anymore)
AND has only one son (anymore)
AND has only one son (anymore)
AND has only one son (anymore)
AND has only one son (anymore)
AND has only one son (anymore)
AND has only one son (anymore)
AND has only one son (anymore)
AND has only one son (anymore)
AND has only one son (anymore)
AND has only one son (anymore)
AND has only one son (anymore)
AND has only one son (anymore)
AND has only one son (anymore)
AND has only one son (anymore)
AND has only one son (anymore)
AND has only one son (anymore)
AND has only one son (anymore)
AND has only one son (anymore)
AND has only one son (anymore)
AND has only one son (anymore)
AND has only one son (anymore)
AND has only one son (anymore)
AND has only one son (anymore)
AND has only one son (anymore)
AND has only one son (anymore)
AND has only one son (anymore)
AND has only one son (anymore)
AND has only one son (anymore)
AND has only one son (anymore)
AND has only one son (anymore)
AND has only one son (anymore)
AND has only one son (anymore)
AND has only one son (anymore)
AND has only one son (anymore)
AND has only one son (anymore)
AND has only one son (anymore)
AND has only one son (anymore)
AND has only one son (anymore)
AND has only one son (anymore)
AND has only one son (anymore)
AND has only one son (anymore)
AND has only one son (anymore)
AND has only one son (anymore)
AND has only one son (anymore)
AND has only one son (anymore)
AND has only one son (anymore)
AND has only one son (anymore)
AND has only one son (anymore)
AND has only one son (anymore)
AND has only one son (anymore)
AND has only one son (anymore)
AND has only one son (anymore)
AND has only one son (anymore)
AND has only one son (anymore)
AND has only one son (anymore)
AND has only one son (anymore)
AND has only one son (anymore)
AND has only one son (anymore)
AND has only one son (anymore)
AND has only one son (anymore)
AND has only one son (anymore)
AND has only one son (anymore)
AND has only one son (anymore)
AND has only one son (anymore)
AND has only one son (anymore)
AND has only one son (anymore)
AND has only one son (anymore)
AND has only one son (anymore)
AND has only one son (anymore)
AND has only one son (anymore)
AND has only one son (anymore)
AND has only one son (anymore)
AND has only one son (anymore)
AND has only one son (anymore)
AND has only one son (anymore)
AND has only one son (anymore)
AND has only one son (anymore)
AND has only one son (anymore)
AND has only one son (anymore)
AND has only one son (anymore)
AND has only one son (anymore)
AND has only one son (anymore)
AND has only one son (anymore)
AND has only one son (anymore)
AND has only one son (anymore)
AND has only one son (anymore)
AND has only one son (anymore)
AND has only one son (anymore)
AND has only one son (anymore)
AND has only one son (anymore)
AND has only one son (anymore)
AND has only one son (anymore)
AND has only one son (anymore)
AND has only one son (anymore)
AND has only one son (anymore)
AND has only one son (anymore)
AND has only one son (anymore)
AND has only one son (anymore)
AND has only one son (anymore)
AND has only one son (anymore)
AND has only one son (anymore)
AND has only one son (anymore)
AND has only one son (anymore)
AND has only one son (anymore)
AND has only one son (anymore)
AND has only one son (anymore)
AND has only one son (anymore)
AND has only one son (anymore)
AND has only one son (anymore)
AND has only one son (anymore)
AND has only one son (anymore)
AND has only one son (anymore)
AND has only one son (anymore)
AND has only one son (anymore)
AND has only one son (anymore)
AND has only one son (anymore)
AND has only one son (anymore)
AND has only one son (anymore)
AND has only one son (anymore)
AND has only one son (anymore)
AND has only one son (anymore)
AND has only one son (anymore)
AND has only one son (anymore)
AND has only one son (anymore)
AND has only one son (anymore)
AND has only one son (anymore)
AND has only one son (anymore)
AND has only one son (anymore)
AND has only one son (anymore)
AND has only one son (anymore)
AND has only one son (anymore)
AND has only one son (anymore)
AND has only one son (anymore)
AND has only one son (anymore)
AND has only one son (anymore)
AND has only one son (anymore)
AND has only one son (anymore)
AND has only one son (anymore)
AND has only one son (anymore)
AND has only one son (anymore)
AND has only one son (anymore)
AND has only one son (anymore)
AND has only one son (anymore)
AND has only one son (anymore)
AND has only one son (anymore)
AND has only one son (anymore)
AND has only one son (anymore)
AND has only one son (anymore)
AND has only one son (anymore)
AND has only one son (anymore)
AND has only one son (anymore)
AND has only one son (anymore)
AND has only one son (anymore)
AND has only one son (anymore)
AND has only one son (anymore)
AND has only one son (anymore)
AND has only one son (anymore)
AND has only one son (anymore)
AND has only one son (anymore)
AND has only one son (anymore)
AND has only one son (anymore)
AND has only one son (anymore)
AND has only one son (anymore)
AND has only one son (anymore)
AND has only one son (anymore)
AND has only one son (anymore)
AND has only one son (anymore)
AND has only one son (anymore)
AND has only one son (anymore)
AND has only one son (anymore)
AND has only one son (anymore)
AND has only one son (anymore)
AND has only one son (anymore)
AND has only one son (anymore)
AND has only one son (anymore)
AND has only one son (anymore)
AND has only one son (anymore)
AND has only one son (anymore)
AND has only one son (anymore)
AND has only one son (anymore)
AND has only one son (anymore)
AND has only one son (anymore)
AND has only one son (anymore)