
ipp: parsing domain file
domain 'GROUNDED-PATHWAYS-PROPOSITIONAL' defined
 ... done.
ipp: parsing problem file
problem 'GROUNDED-PATHWAYS-30' defined
 ... done.


AND has only one son (anymore)
AND has only one son (anymore)
AND has only one son (anymore)
AND has only one son (anymore)
AND has only one son (anymore)
AND has only one son (anymore)
AND has only one son (anymore)
AND has only one son (anymore)
AND has only one son (anymore)
AND has only one son (anymore)
AND has only one son (anymore)
AND has only one son (anymore)
AND has only one son (anymore)
AND has only one son (anymore)
AND has only one son (anymore)
AND has only one son (anymore)
AND has only one son (anymore)
AND has only one son (anymore)
AND has only one son (anymore)
AND has only one son (anymore)
AND has only one son (anymore)
AND has only one son (anymore)
AND has only one son (anymore)
AND has only one son (anymore)
AND has only one son (anymore)
AND has only one son (anymore)
AND has only one son (anymore)
AND has only one son (anymore)
AND has only one son (anymore)
AND has only one son (anymore)
AND has only one son (anymore)
AND has only one son (anymore)
AND has only one son (anymore)
AND has only one son (anymore)
AND has only one son (anymore)
AND has only one son (anymore)
AND has only one son (anymore)
AND has only one son (anymore)
AND has only one son (anymore)
AND has only one son (anymore)
AND has only one son (anymore)
AND has only one son (anymore)
AND has only one son (anymore)
AND has only one son (anymore)
AND has only one son (anymore)
AND has only one son (anymore)
AND has only one son (anymore)
AND has only one son (anymore)
AND has only one son (anymore)
AND has only one son (anymore)
AND has only one son (anymore)
AND has only one son (anymore)
AND has only one son (anymore)
AND has only one son (anymore)
AND has only one son (anymore)
AND has only one son (anymore)
AND has only one son (anymore)
AND has only one son (anymore)
AND has only one son (anymore)
AND has only one son (anymore)
AND has only one son (anymore)
AND has only one son (anymore)
AND has only one son (anymore)
AND has only one son (anymore)
AND has only one son (anymore)
AND has only one son (anymore)
AND has only one son (anymore)
AND has only one son (anymore)
AND has only one son (anymore)
AND has only one son (anymore)
AND has only one son (anymore)
AND has only one son (anymore)
AND has only one son (anymore)
AND has only one son (anymore)
AND has only one son (anymore)
AND has only one son (anymore)
AND has only one son (anymore)
AND has only one son (anymore)
AND has only one son (anymore)
AND has only one son (anymore)
AND has only one son (anymore)
AND has only one son (anymore)
AND has only one son (anymore)
AND has only one son (anymore)
AND has only one son (anymore)
AND has only one son (anymore)
AND has only one son (anymore)
AND has only one son (anymore)
AND has only one son (anymore)
AND has only one son (anymore)
AND has only one son (anymore)
AND has only one son (anymore)
AND has only one son (anymore)
AND has only one son (anymore)
AND has only one son (anymore)
AND has only one son (anymore)
AND has only one son (anymore)
AND has only one son (anymore)
AND has only one son (anymore)
AND has only one son (anymore)
AND has only one son (anymore)
AND has only one son (anymore)
AND has only one son (anymore)
AND has only one son (anymore)
AND has only one son (anymore)
AND has only one son (anymore)
AND has only one son (anymore)
AND has only one son (anymore)
AND has only one son (anymore)
AND has only one son (anymore)
AND has only one son (anymore)
AND has only one son (anymore)
AND has only one son (anymore)
AND has only one son (anymore)
AND has only one son (anymore)
AND has only one son (anymore)
AND has only one son (anymore)
AND has only one son (anymore)
AND has only one son (anymore)
AND has only one son (anymore)
AND has only one son (anymore)
AND has only one son (anymore)
AND has only one son (anymore)
AND has only one son (anymore)
AND has only one son (anymore)
AND has only one son (anymore)
AND has only one son (anymore)
AND has only one son (anymore)
AND has only one son (anymore)
AND has only one son (anymore)
AND has only one son (anymore)
AND has only one son (anymore)
AND has only one son (anymore)
AND has only one son (anymore)
AND has only one son (anymore)
AND has only one son (anymore)
AND has only one son (anymore)
AND has only one son (anymore)
AND has only one son (anymore)
AND has only one son (anymore)
AND has only one son (anymore)
AND has only one son (anymore)
AND has only one son (anymore)
AND has only one son (anymore)
AND has only one son (anymore)
AND has only one son (anymore)
AND has only one son (anymore)
AND has only one son (anymore)
AND has only one son (anymore)
AND has only one son (anymore)
AND has only one son (anymore)
AND has only one son (anymore)
AND has only one son (anymore)
AND has only one son (anymore)
AND has only one son (anymore)
AND has only one son (anymore)
AND has only one son (anymore)
AND has only one son (anymore)
AND has only one son (anymore)
AND has only one son (anymore)
AND has only one son (anymore)
AND has only one son (anymore)
AND has only one son (anymore)
AND has only one son (anymore)
AND has only one son (anymore)
AND has only one son (anymore)
AND has only one son (anymore)
AND has only one son (anymore)
AND has only one son (anymore)
AND has only one son (anymore)
AND has only one son (anymore)
AND has only one son (anymore)
AND has only one son (anymore)
AND has only one son (anymore)
AND has only one son (anymore)
AND has only one son (anymore)
AND has only one son (anymore)
AND has only one son (anymore)
AND has only one son (anymore)
AND has only one son (anymore)
AND has only one son (anymore)
AND has only one son (anymore)
AND has only one son (anymore)
AND has only one son (anymore)
AND has only one son (anymore)
AND has only one son (anymore)
AND has only one son (anymore)
AND has only one son (anymore)
AND has only one son (anymore)
AND has only one son (anymore)
AND has only one son (anymore)
AND has only one son (anymore)
AND has only one son (anymore)
AND has only one son (anymore)
AND has only one son (anymore)
AND has only one son (anymore)
AND has only one son (anymore)
AND has only one son (anymore)
AND has only one son (anymore)
AND has only one son (anymore)
AND has only one son (anymore)
AND has only one son (anymore)
AND has only one son (anymore)
AND has only one son (anymore)
AND has only one son (anymore)
AND has only one son (anymore)
AND has only one son (anymore)
AND has only one son (anymore)
AND has only one son (anymore)
AND has only one son (anymore)
AND has only one son (anymore)
AND has only one son (anymore)
AND has only one son (anymore)
AND has only one son (anymore)
AND has only one son (anymore)
AND has only one son (anymore)
AND has only one son (anymore)
AND has only one son (anymore)
AND has only one son (anymore)
AND has only one son (anymore)
AND has only one son (anymore)
AND has only one son (anymore)
AND has only one son (anymore)
AND has only one son (anymore)
AND has only one son (anymore)
AND has only one son (anymore)
AND has only one son (anymore)
AND has only one son (anymore)
AND has only one son (anymore)
AND has only one son (anymore)
AND has only one son (anymore)
AND has only one son (anymore)
AND has only one son (anymore)
AND has only one son (anymore)
AND has only one son (anymore)
AND has only one son (anymore)
AND has only one son (anymore)
AND has only one son (anymore)
AND has only one son (anymore)
AND has only one son (anymore)
AND has only one son (anymore)
AND has only one son (anymore)
AND has only one son (anymore)
AND has only one son (anymore)
AND has only one son (anymore)
AND has only one son (anymore)
AND has only one son (anymore)
AND has only one son (anymore)
AND has only one son (anymore)
AND has only one son (anymore)
AND has only one son (anymore)
AND has only one son (anymore)
AND has only one son (anymore)
AND has only one son (anymore)
AND has only one son (anymore)
AND has only one son (anymore)
AND has only one son (anymore)
AND has only one son (anymore)
AND has only one son (anymore)
AND has only one son (anymore)
AND has only one son (anymore)
AND has only one son (anymore)
AND has only one son (anymore)
AND has only one son (anymore)
AND has only one son (anymore)
AND has only one son (anymore)
AND has only one son (anymore)
AND has only one son (anymore)
AND has only one son (anymore)
AND has only one son (anymore)
AND has only one son (anymore)
AND has only one son (anymore)
AND has only one son (anymore)
AND has only one son (anymore)
AND has only one son (anymore)
AND has only one son (anymore)
AND has only one son (anymore)
AND has only one son (anymore)
AND has only one son (anymore)
AND has only one son (anymore)
AND has only one son (anymore)
AND has only one son (anymore)
AND has only one son (anymore)
AND has only one son (anymore)
AND has only one son (anymore)
AND has only one son (anymore)
AND has only one son (anymore)
AND has only one son (anymore)
AND has only one son (anymore)
AND has only one son (anymore)
AND has only one son (anymore)
AND has only one son (anymore)
AND has only one son (anymore)
AND has only one son (anymore)
AND has only one son (anymore)
AND has only one son (anymore)
AND has only one son (anymore)
AND has only one son (anymore)
AND has only one son (anymore)
AND has only one son (anymore)
AND has only one son (anymore)
AND has only one son (anymore)
AND has only one son (anymore)
AND has only one son (anymore)
AND has only one son (anymore)
AND has only one son (anymore)
AND has only one son (anymore)
AND has only one son (anymore)
AND has only one son (anymore)
AND has only one son (anymore)
AND has only one son (anymore)
AND has only one son (anymore)
AND has only one son (anymore)
AND has only one son (anymore)
AND has only one son (anymore)
AND has only one son (anymore)
AND has only one son (anymore)
AND has only one son (anymore)
AND has only one son (anymore)
AND has only one son (anymore)
AND has only one son (anymore)
AND has only one son (anymore)
AND has only one son (anymore)
AND has only one son (anymore)
AND has only one son (anymore)
AND has only one son (anymore)
AND has only one son (anymore)
AND has only one son (anymore)
AND has only one son (anymore)
AND has only one son (anymore)
AND has only one son (anymore)
AND has only one son (anymore)
AND has only one son (anymore)
AND has only one son (anymore)
AND has only one son (anymore)
AND has only one son (anymore)
AND has only one son (anymore)
AND has only one son (anymore)
AND has only one son (anymore)
AND has only one son (anymore)
AND has only one son (anymore)
AND has only one son (anymore)
AND has only one son (anymore)
AND has only one son (anymore)
AND has only one son (anymore)
AND has only one son (anymore)
AND has only one son (anymore)
AND has only one son (anymore)
AND has only one son (anymore)
AND has only one son (anymore)
AND has only one son (anymore)
AND has only one son (anymore)
AND has only one son (anymore)
AND has only one son (anymore)
AND has only one son (anymore)
AND has only one son (anymore)
AND has only one son (anymore)
AND has only one son (anymore)
AND has only one son (anymore)
AND has only one son (anymore)
AND has only one son (anymore)
AND has only one son (anymore)
AND has only one son (anymore)
AND has only one son (anymore)
AND has only one son (anymore)
AND has only one son (anymore)
AND has only one son (anymore)
AND has only one son (anymore)
AND has only one son (anymore)
AND has only one son (anymore)
AND has only one son (anymore)
AND has only one son (anymore)
AND has only one son (anymore)
AND has only one son (anymore)
AND has only one son (anymore)
AND has only one son (anymore)
AND has only one son (anymore)
AND has only one son (anymore)
AND has only one son (anymore)
instantiated 2284 actions


time:   0,   579 facts and       0 exclusive pairs (   59,       0 positives)
             637 ops   and    1885 exclusive pairs
time:   1,   697 facts and    6962 exclusive pairs (  118,    1770 positives)
             871 ops   and   33267 exclusive pairs
time:   2,   756 facts and    2062 exclusive pairs (  177,    1888 positives)
             996 ops   and   33710 exclusive pairs
time:   3,   761 facts and     416 exclusive pairs (  182,     242 positives)
            1113 ops   and   48675 exclusive pairs
time:   4,   816 facts and     935 exclusive pairs (  237,     660 positives)
            1307 ops   and   78281 exclusive pairs
time:   5,   877 facts and    2220 exclusive pairs (  298,    1782 positives)
            1549 ops   and  122938 exclusive pairs
time:   6,   938 facts and    3256 exclusive pairs (  359,    2623 positives)
            1789 ops   and  170288 exclusive pairs
time:   7,  1010 facts and    4210 exclusive pairs (  431,    3341 positives)
            2008 ops   and  221900 exclusive pairs
time:   8,  1018 facts and    2972 exclusive pairs (  439,    2072 positives)
            2078 ops   and  239006 exclusive pairs
time:   9,  1023 facts and    2166 exclusive pairs (  444,    1248 positives)
            2152 ops   and  267799 exclusive pairs
time:  10,  1034 facts and    2296 exclusive pairs (  455,    1318 positives)
            2270 ops   and  316030 exclusive pairs
time:  11,  1072 facts and    2963 exclusive pairs (  493,    1745 positives)
            2431 ops   and  376646 exclusive pairs
time:  12,  1129 facts and    4694 exclusive pairs (  550,    3065 positives)
            2590 ops   and  442727 exclusive pairs
time:  13,  1144 facts and    4195 exclusive pairs (  565,    2528 positives)
            2674 ops   and  493410 exclusive pairs
time:  14,  1145 facts and    3707 exclusive pairs (  566,    2043 positives)
            2733 ops   and  546462 exclusive pairs
time:  15,  1146 facts and    3719 exclusive pairs (  567,    2055 positives)

goals first reachable in 15 time steps


NO MEMORY in file memory.c:549

Command exited with non-zero status 1
__MEMKB 4190336
