
ipp: parsing domain file
domain 'BLOCKS' defined
 ... done.
ipp: parsing problem file
problem 'BLOCKS-16-2' defined
 ... done.


instantiated 512 actions


time:   0,   305 facts and       0 exclusive pairs (   19,       0 positives)
             307 ops   and      11 exclusive pairs
time:   1,   314 facts and      48 exclusive pairs (   23,      16 positives)
             322 ops   and     195 exclusive pairs
time:   2,   318 facts and      66 exclusive pairs (   27,      36 positives)
             332 ops   and     401 exclusive pairs
time:   3,   323 facts and      96 exclusive pairs (   30,      58 positives)
             346 ops   and     809 exclusive pairs
time:   4,   330 facts and     188 exclusive pairs (   37,     141 positives)
             363 ops   and    1541 exclusive pairs
time:   5,   335 facts and     226 exclusive pairs (   41,     180 positives)
             379 ops   and    2339 exclusive pairs
time:   6,   343 facts and     351 exclusive pairs (   49,     308 positives)
             396 ops   and    3371 exclusive pairs
time:   7,   346 facts and     302 exclusive pairs (   51,     268 positives)
             410 ops   and    4174 exclusive pairs
time:   8,   356 facts and     496 exclusive pairs (   61,     454 positives)
             431 ops   and    5896 exclusive pairs
time:   9,   359 facts and     438 exclusive pairs (   63,     400 positives)
             447 ops   and    7136 exclusive pairs
time:  10,   371 facts and     718 exclusive pairs (   75,     668 positives)
             472 ops   and    9795 exclusive pairs
time:  11,   374 facts and     635 exclusive pairs (   77,     591 positives)
             490 ops   and   11561 exclusive pairs
time:  12,   388 facts and    1011 exclusive pairs (   91,     953 positives)
             519 ops   and   15418 exclusive pairs
time:  13,   391 facts and     884 exclusive pairs (   93,     834 positives)
             539 ops   and   17794 exclusive pairs
time:  14,   407 facts and    1370 exclusive pairs (  109,    1304 positives)
             572 ops   and   23161 exclusive pairs
time:  15,   410 facts and    1191 exclusive pairs (  111,    1135 positives)
             594 ops   and   26273 exclusive pairs
time:  16,   428 facts and    1801 exclusive pairs (  129,    1727 positives)
             631 ops   and   33498 exclusive pairs
time:  17,   431 facts and    1562 exclusive pairs (  131,    1500 positives)
             655 ops   and   37484 exclusive pairs
time:  18,   451 facts and    2310 exclusive pairs (  151,    2228 positives)
             696 ops   and   46951 exclusive pairs
time:  19,   454 facts and    2003 exclusive pairs (  153,    1935 positives)
             722 ops   and   51961 exclusive pairs
time:  20,   476 facts and    2903 exclusive pairs (  175,    2813 positives)
             767 ops   and   64090 exclusive pairs
time:  21,   479 facts and    2520 exclusive pairs (  177,    2446 positives)
             795 ops   and   70286 exclusive pairs
time:  22,   503 facts and    3586 exclusive pairs (  201,    3488 positives)
             844 ops   and   85533 exclusive pairs
time:  23,   506 facts and    3119 exclusive pairs (  203,    3039 positives)
             874 ops   and   93089 exclusive pairs
time:  24,   532 facts and    4365 exclusive pairs (  229,    4259 positives)
             927 ops   and  111946 exclusive pairs
time:  25,   535 facts and    3806 exclusive pairs (  231,    3720 positives)
             959 ops   and  121048 exclusive pairs
time:  26,   563 facts and    5246 exclusive pairs (  259,    5132 positives)
            1016 ops   and  144042 exclusive pairs
time:  27,   565 facts and    4538 exclusive pairs (  260,    4449 positives)
            1048 ops   and  153819 exclusive pairs
time:  28,   594 facts and    6096 exclusive pairs (  289,    5994 positives)
            1106 ops   and  180085 exclusive pairs
time:  29,   594 facts and    5254 exclusive pairs (  289,    5210 positives)
            1106 ops   and  171974 exclusive pairs
time:  30,   594 facts and    4608 exclusive pairs (  289,    4608 po