---SatPlan Version: 1.1

bb: parsing domain file
domain 'BLOCKS' defined
 ... done.
bb: parsing problem file
problem 'BLOCKS-4-2' defined
 ... done.


time:   0,     8 facts and       0 exclusive pairs
              11 ops   and      12 exclusive pairs
time:   1,    12 facts and      17 exclusive pairs

creating thin gp-based encoding...
plan graph layer 0...
plan graph layer 1...
goal constraints...

goal fact not coded - level too low??


bb: parsing domain file
domain 'BLOCKS' defined
 ... done.
bb: parsing problem file
problem 'BLOCKS-4-2' defined
 ... done.


time:   0,     8 facts and       0 exclusive pairs
              11 ops   and      12 exclusive pairs
time:   1,    12 facts and      17 exclusive pairs
              25 ops   and     189 exclusive pairs
time:   2,    19 facts and      74 exclusive pairs

creating thin gp-based encoding...
plan graph layer 0...
plan graph layer 1...
plan graph layer 2...
goal constraints...

goal fact not coded - level too low??


bb: parsing domain file
domain 'BLOCKS' defined
 ... done.
bb: parsing problem file
problem 'BLOCKS-4-2' defined
 ... done.


time:   0,     8 facts and       0 exclusive pairs
              11 ops   and      12 exclusive pairs
time:   1,    12 facts and      17 exclusive pairs
              25 ops   and     189 exclusive pairs
time:   2,    19 facts and      74 exclusive pairs
              40 ops   and     571 exclusive pairs
time:   3,    20 facts and      73 exclusive pairs

creating thin gp-based encoding...
plan graph layer 0...
plan graph layer 1...
plan graph layer 2...
plan graph layer 3...
goal constraints...

goal fact not coded - level too low??


bb: parsing domain file
domain 'BLOCKS' defined
 ... done.
bb: parsing problem file
problem 'BLOCKS-4-2' defined
 ... done.


time:   0,     8 facts and       0 exclusive pairs
              11 ops   and      12 exclusive pairs
time:   1,    12 facts and      17 exclusive pairs
              25 ops   and     189 exclusive pairs
time:   2,    19 facts and      74 exclusive pairs
              40 ops   and     571 exclusive pairs
time:   3,    20 facts and      73 exclusive pairs
              47 ops   and     783 exclusive pairs
time:   4,    25 facts and     128 exclusive pairs

creating thin gp-based encoding...
plan graph layer 0...
plan graph layer 1...
plan graph layer 2...
plan graph layer 3...
plan graph layer 4...
goal constraints...
exclusion constraints layer 0...
exclusion constraints layer 1...
exclusion constraints layer 2...
exclusion constraints layer 3...
exclusion constraints layer 4...

DECISION LAYER 4, WRITING THIN GP-BASED ENCODING WITH 207 VARS, 1296 CLAUSES.

time spent:    0.00 seconds instantiating 40 action templates
               0.00 seconds reachability analysis, yielding 29 facts and 40 actions
               0.00 seconds collecting 29 relevant facts
               0.00 seconds building connectivity graph
               0.00 seconds building (std) graph
               0.00 seconds CNF output time
               0.00 seconds total planner time (solving not included)


***Solving***


[ filemap ]
[ extract ]

variables : 207
pure lits : 30

1-clauses : 3
2-clauses : 1244
3-clauses : 30
n-clauses : 19
discarded : 0

[ solve ]


unsatisfiable                             

[ stats ]

decisions : 0
conflicts : 1
time : ~0.01

***UNSAT***


bb: parsing domain file
domain 'BLOCKS' defined
 ... done.
bb: parsing problem file
problem 'BLOCKS-4-2' defined
 ... done.


time:   0,     8 facts and       0 exclusive pairs
              11 ops   and      12 exclusive pairs
time:   1,    12 facts and      17 exclusive pairs
              25 ops   and     189 exclusive pairs
time:   2,    19 facts and      74 exclusive pairs
              40 ops   and     571 exclusive pairs
time:   3,    20 facts and      73 exclusive pairs
              47 ops   and     783 exclusive pairs
time:   4,    25 facts and     128 exclusive pairs
              57 ops   and    1174 exclusive pairs
time:   5,    25 facts and     110 exclusive pairs

creating thin gp-based encoding...
plan graph layer 0...
plan graph layer 1...
plan graph layer 2...
plan graph layer 3...
plan graph layer 4...
plan graph layer 5...
goal constraints...
exclusion constraints layer 0...
exclusion constraints layer 1...
exclusion constraints layer 2...
exclusion constraints layer 3...
exclusion constraints layer 4...
exclusion constraints layer 5...

DECISION LAYER 5, WRITING THIN GP-BASED ENCODING WITH 289 VARS, 2062 CLAUSES.

time spent:    0.00 seconds instantiating 40 action templates
               0.00 seconds reachability analysis, yielding 29 facts and 40 actions
               0.00 seconds collecting 29 relevant facts
               0.00 seconds building connectivity graph
               0.00 seconds building (std) graph
               0.00 seconds CNF output time
               0.00 seconds total planner time (solving not included)


***Solving***


[ filemap ]
[ extract ]

variables : 289
pure lits : 30

1-clauses : 3
2-clauses : 1985
3-clauses : 46
n-clauses : 28
discarded : 0

[ solve ]


unsatisfiable                             

[ stats ]

decisions : 0
conflicts : 1
time : ~0.01

***UNSAT***


bb: parsing domain file
domain 'BLOCKS' defined
 ... done.
bb: parsing problem file
problem 'BLOCKS-4-2' defined
 ... done.


time:   0,     8 facts and       0 exclusive pairs
              11 ops   and      12 exclusive pairs
time:   1,    12 facts and      17 exclusive pairs
              25 ops   and     189 exclusive pairs
time:   2,    19 facts and      74 exclusive pairs
              40 ops   and     571 exclusive pairs
time:   3,    20 facts and      73 exclusive pairs
              47 ops   and     783 exclusive pairs
time:   4,    25 facts and     128 exclusive pairs
              57 ops   and    1174 exclusive pairs
time:   5,    25 facts and     110 exclusive pairs
              57 ops   and    1110 exclusive pairs
time:   6,    25 facts and      96 exclusive pairs

creating thin gp-based encoding...
plan graph layer 0...
plan graph layer 1...
plan graph layer 2...
plan graph layer 3...
plan graph layer 4...
plan graph layer 5...
plan graph layer 6...
goal constraints...
exclusion constraints layer 0...
exclusion constraints layer 1...
exclusion constraints layer 2...
exclusion constraints layer 3...
exclusion constraints layer 4...
exclusion constraints layer 5...
exclusion constraints layer 6...

DECISION LAYER 6, WRITING THIN GP-BASED ENCODING WITH 371 VARS, 2814 CLAUSES.

time spent:    0.00 seconds instantiating 40 action templates
               0.00 seconds reachability analysis, yielding 29 facts and 40 actions
               0.00 seconds collecting 29 relevant facts
               0.00 seconds building connectivity graph
               0.00 seconds building (std) graph
               0.00 seconds CNF output time
               0.00 seconds total planner time (solving not included)


***Solving***


[ filemap ]
[ extract ]

variables : 371
pure lits : 30

1-clauses : 3
2-clauses : 2712
3-clauses : 62
n-clauses : 37
discarded : 0

[ solve ]


satisfiable                             

[ stats ]

decisions : 62
conflicts : 8
time : ~0.01


bb: parsing domain file
domain 'BLOCKS' defined
 ... done.
bb: parsing problem file
problem 'BLOCKS-4-2' defined
 ... done.


time:   0,     8 facts and       0 exclusive pairs
              11 ops   and      12 exclusive pairs
time:   1,    12 facts and      17 exclusive pairs
              25 ops   and     189 exclusive pairs
time:   2,    19 facts and      74 exclusive pairs
              40 ops   and     571 exclusive pairs
time:   3,    20 facts and      73 exclusive pairs
              47 ops   and     783 exclusive pairs
time:   4,    25 facts and     128 exclusive pairs
              57 ops   and    1174 exclusive pairs
time:   5,    25 facts and     110 exclusive pairs
              57 ops   and    1110 exclusive pairs
time:   6,    25 facts and      96 exclusive pairs

creating thin gp-based encoding...
plan graph layer 0...
plan graph layer 1...
plan graph layer 2...
plan graph layer 3...
plan graph layer 4...
plan graph layer 5...
plan graph layer 6...
goal constraints...
exclusion constraints layer 0...
exclusion constraints layer 1...
exclusion constraints layer 2...
exclusion constraints layer 3...
exclusion constraints layer 4...
exclusion constraints layer 5...
exclusion constraints layer 6...

DECISION LAYER 6, WRITING THIN GP-BASED ENCODING WITH 371 VARS, 2814 CLAUSES.

time spent:    0.00 seconds instantiating 40 action templates
               0.00 seconds reachability analysis, yielding 29 facts and 40 actions
               0.00 seconds collecting 29 relevant facts
               0.00 seconds building connectivity graph
               0.00 seconds building (std) graph
               0.00 seconds CNF output time
               0.00 seconds total planner time (solving not included)

Pruned:  0: (PICK-UP C) [1]
Pruned:  0: (PICK-UP C) [1]
Pruned:  0: (PICK-UP C) [1]
Pruned:  0: (PICK-UP C) [1]
Pruned:  0: (PICK-UP C) [1]
Pruned:  0: (PICK-UP C) [1]
Pruned:  0: (PICK-UP C) [1]
Pruned:  0: (PICK-UP C) [1]
Pruned:  0: (PICK-UP C) [1]
Pruned:  0: (PICK-UP C) [1]
Pruned:  0: (PICK-UP C) [1]
Pruned:  0: (PICK-UP C) [1]
Pruned:  0: (PICK-UP C) [1]
Pruned:  0: (PICK-UP C) [1]
Pruned:  0: (PICK-UP C) [1]
Pruned:  0: (PICK-UP C) [1]
Pruned:  0: (PICK-UP C) [1]
Pruned:  0: (PICK-UP C) [1]
Pruned:  0: (PICK-UP C) [1]
Pruned:  0: (PICK-UP C) [1]
Pruned:  0: (PICK-UP C) [1]
Pruned:  0: (PICK-UP C) [1]
Pruned:  0: (PICK-UP C) [1]
Pruned:  0: (PICK-UP C) [1]
Pruned:  0: (PICK-UP C) [1]
Pruned:  0: (PICK-UP C) [1]
Pruned:  0: (PICK-UP C) [1]
Pruned:  0: (PICK-UP C) [1]
Pruned:  0: (PICK-UP C) [1]
Pruned:  0: (PICK-UP C) [1]
Pruned:  0: (PICK-UP C) [1]
Pruned:  0: (PICK-UP C) [1]
Pruned:  0: (PICK-UP C) [1]
Pruned:  0: (PICK-UP C) [1]
Pruned:  0: (PICK-UP C) [1]
Pruned:  0: (PICK-UP C) [1]
Pruned:  0: (PICK-UP C) [1]
Pruned:  0: (PICK-UP C) [1]
Pruned:  0: (PICK-UP C) [1]
Pruned:  0: (PICK-UP C) [1]
---SatPlan Version: 1.1
***SAT!***

Solved in 6 layers

Real Time: = 0.02
User Time: = 0.01
Syst Time: = 0

__MEMKB 1920
