#
# (C) Copyright 2008, University of Illinois, Urbana-Champaign
#
# All rights reserved. Use of this software is permitted ONLY for
# non-commercial research purposes, and it may be copied only
# for that use only. All copies must include this copyright message.
# This software is made available AS IS, and neither the authors
# nor the University of Illinois, make any warranty about the
# software or its performance.
#

Parsing domain file
 domain 'GRIPPER-STRIPS' defined
Parsing problem file
 problem 'GRIPPER-10' defined



checking for cyclic := effects --- OK.

Starting SGPlan search ...



Solution found.

; Time 0.00
; ParsingTime 0.00
; NrActions 39
; MakeSpan
; MetricValue
; PlanningTechnique Modified-FF(enforced hill-climbing search) as the subplanner

0.001: (PICK BALL10 ROOMA RIGHT) [1]
1.002: (MOVE ROOMA ROOMB) [1]
2.003: (DROP BALL10 ROOMB RIGHT) [1]
3.004: (MOVE ROOMB ROOMA) [1]
4.005: (PICK BALL9 ROOMA RIGHT) [1]
5.006: (MOVE ROOMA ROOMB) [1]
6.007: (DROP BALL9 ROOMB RIGHT) [1]
7.008: (MOVE ROOMB ROOMA) [1]
8.009: (PICK BALL8 ROOMA RIGHT) [1]
9.010: (MOVE ROOMA ROOMB) [1]
10.011: (DROP BALL8 ROOMB RIGHT) [1]
11.012: (MOVE ROOMB ROOMA) [1]
12.013: (PICK BALL7 ROOMA RIGHT) [1]
13.014: (MOVE ROOMA ROOMB) [1]
14.015: (DROP BALL7 ROOMB RIGHT) [1]
15.016: (MOVE ROOMB ROOMA) [1]
16.017: (PICK BALL6 ROOMA RIGHT) [1]
17.018: (MOVE ROOMA ROOMB) [1]
18.019: (DROP BALL6 ROOMB RIGHT) [1]
19.020: (MOVE ROOMB ROOMA) [1]
20.021: (PICK BALL5 ROOMA RIGHT) [1]
21.022: (MOVE ROOMA ROOMB) [1]
22.023: (DROP BALL5 ROOMB RIGHT) [1]
23.024: (MOVE ROOMB ROOMA) [1]
24.025: (PICK BALL4 ROOMA RIGHT) [1]
25.026: (MOVE ROOMA ROOMB) [1]
26.027: (DROP BALL4 ROOMB RIGHT) [1]
27.028: (MOVE ROOMB ROOMA) [1]
28.029: (PICK BALL3 ROOMA RIGHT) [1]
29.030: (MOVE ROOMA ROOMB) [1]
30.031: (DROP BALL3 ROOMB RIGHT) [1]
31.032: (MOVE ROOMB ROOMA) [1]
32.033: (PICK BALL2 ROOMA RIGHT) [1]
33.034: (MOVE ROOMA ROOMB) [1]
34.035: (DROP BALL2 ROOMB RIGHT) [1]
35.036: (MOVE ROOMB ROOMA) [1]
36.037: (PICK BALL1 ROOMA RIGHT) [1]
37.038: (MOVE ROOMA ROOMB) [1]
38.039: (DROP BALL1 ROOMB RIGHT) [1]
__MEMKB 20204
