
Parsing domain file:  domain 'DRIVERLOG' defined ... done.
Parsing problem file:  problem 'DLOG-5-5-25' defined ... done.



Modality: Fast Planner

Number of actions             :   10010
Number of conditional actions :       0
Number of facts               :    1045


Analyzing Planning Problem:
	Temporal Planning Problem: NO
	Numeric Planning Problem: NO
	Problem with Timed Initial Litearals: NO
	Problem with Derived Predicates: NO

Evaluation function weights:
     Action duration 0.00; Action cost 1.00


Computing mutex... done

Preprocessing total time: 1.15 seconds

Searching ('.' = every 50 search steps):
........... search limit exceeded. Restart.
............. search limit exceeded. Restart.
............... search limit exceeded. Restart.
.................. search limit exceeded. Restart.
..................... search limit exceeded. Restart.
........... solution found: 

Plan computed:
   Time: (ACTION) [action Duration; action Cost]
 0.0000: (WALK DRIVER5 S3 P0-3) [D:1.0000; C:1.0000]
 0.0000: (BOARD-TRUCK DRIVER3 TRUCK2 S8) [D:1.0000; C:1.0000]
 0.0000: (WALK DRIVER1 S3 P19-3) [D:1.0000; C:1.0000]
 0.0000: (LOAD-TRUCK PACKAGE16 TRUCK3 S19) [D:1.0000; C:1.0000]
 0.0000: (WALK DRIVER4 S12 P7-12) [D:1.0000; C:1.0000]
 0.0000: (WALK DRIVER2 S11 P11-8) [D:1.0000; C:1.0000]
 1.0000: (WALK DRIVER5 P0-3 S0) [D:1.0000; C:1.0000]
 1.0000: (DRIVE-TRUCK TRUCK2 S8 S18 DRIVER3) [D:1.0000; C:1.0000]
 1.0000: (WALK DRIVER1 P19-3 S19) [D:1.0000; C:1.0000]
 1.0000: (WALK DRIVER4 P7-12 S7) [D:1.0000; C:1.0000]
 1.0000: (WALK DRIVER2 P11-8 S8) [D:1.0000; C:1.0000]
 2.0000: (BOARD-TRUCK DRIVER5 TRUCK4 S0) [D:1.0000; C:1.0000]
 2.0000: (DRIVE-TRUCK TRUCK2 S18 S4 DRIVER3) [D:1.0000; C:1.0000]
 2.0000: (BOARD-TRUCK DRIVER1 TRUCK3 S19) [D:1.0000; C:1.0000]
 2.0000: (WALK DRIVER2 S8 P13-8) [D:1.0000; C:1.0000]
 3.0000: (DRIVE-TRUCK TRUCK4 S0 S8 DRIVER5) [D:1.0000; C:1.0000]
 3.0000: (LOAD-TRUCK PACKAGE3 TRUCK2 S4) [D:1.0000; C:1.0000]
 3.0000: (LOAD-TRUCK PACKAGE21 TRUCK2 S4) [D:1.0000; C:1.0000]
 3.0000: (DISEMBARK-TRUCK DRIVER3 TRUCK2 S4) [D:1.0000; C:1.0000]
 3.0000: (DRIVE-TRUCK TRUCK3 S19 S17 DRIVER1) [D:1.0000; C:1.0000]
 3.0000: (WALK DRIVER2 P13-8 S13) [D:1.0000; C:1.0000]
 4.0000: (LOAD-TRUCK PACKAGE13 TRUCK4 S8) [D:1.0000; C:1.0000]
 4.0000: (BOARD-TRUCK DRIVER3 TRUCK1 S4) [D:1.0000; C:1.0000]
 4.0000: (DRIVE-TRUCK TRUCK3 S17 S7 DRIVER1) [D:1.0000; C:1.0000]
 5.0000: (DRIVE-TRUCK TRUCK4 S8 S0 DRIVER5) [D:1.0000; C:1.0000]
 5.0000: (DISEMBARK-TRUCK DRIVER3 TRUCK1 S4) [D:1.0000; C:1.0000]
 6.0000: (DRIVE-TRUCK TRUCK4 S0 S16 DRIVER5) [D:1.0000; C:1.0000]
 6.0000: (BOARD-TRUCK DRIVER3 TRUCK2 S4) [D:1.0000; C:1.0000]
 7.0000: (LOAD-TRUCK PACKAGE18 TRUCK4 S16) [D:1.0000; C:1.0000]
 7.0000: (DRIVE-TRUCK TRUCK2 S4 S2 DRIVER3) [D:1.0000; C:1.0000]
 8.0000: (DRIVE-TRUCK TRUCK4 S16 S5 DRIVER5) [D:1.0000; C:1.0000]
 8.0000: (DRIVE-TRUCK TRUCK2 S2 S12 DRIVER3) [D:1.0000; C:1.0000]
 9.0000: (DRIVE-TRUCK TRUCK4 S5 S15 DRIVER5) [D:1.0000; C:1.0000]
 9.0000: (LOAD-TRUCK PACKAGE17 TRUCK2 S12) [D:1.0000; C:1.0000]
 10.0000: (UNLOAD-TRUCK PACKAGE18 TRUCK4 S15) [D:1.0000; C:1.0000]
 10.0000: (DRIVE-TRUCK TRUCK2 S12 S11 DRIVER3) [D:1.0000; C:1.0000]
 11.0000: (DRIVE-TRUCK TRUCK4 S15 S2 DRIVER5) [D:1.0000; C:1.0000]
 11.0000: (DRIVE-TRUCK TRUCK2 S11 S19 DRIVER3) [D:1.0000; C:1.0000]
 12.0000: (DRIVE-TRUCK TRUCK4 S2 S15 DRIVER5) [D:1.0000; C:1.0000]
 12.0000: (UNLOAD-TRUCK PACKAGE3 TRUCK2 S19) [D:1.0000; C:1.0000]
 13.0000: (UNLOAD-TRUCK PACKAGE13 TRUCK4 S15) [D:1.0000; C:1.0000]
 13.0000: (DRIVE-TRUCK TRUCK2 S19 S17 DRIVER3) [D:1.0000; C:1.0000]
 14.0000: (DRIVE-TRUCK TRUCK4 S15 S9 DRIVER5) [D:1.0000; C:1.0000]
 14.0000: (UNLOAD-TRUCK PACKAGE17 TRUCK2 S17) [D:1.0000; C:1.0000]
 15.0000: (LOAD-TRUCK PACKAGE15 TRUCK4 S9) [D:1.0000; C:1.0000]
 15.0000: (DRIVE-TRUCK TRUCK2 S17 S11 DRIVER3) [D:1.0000; C:1.0000]
 16.0000: (DRIVE-TRUCK TRUCK2 S11 S17 DRIVER3) [D:1.0000; C:1.0000]
 16.0000: (DRIVE-TRUCK TRUCK4 S9 S15 DRIVER5) [D:1.0000; C:1.0000]
 17.0000: (LOAD-TRUCK PACKAGE2 TRUCK2 S17) [D:1.0000; C:1.0000]
 17.0000: (LOAD-TRUCK PACKAGE8 TRUCK2 S17) [D:1.0000; C:1.0000]
 17.0000: (LOAD-TRUCK PACKAGE11 TRUCK4 S15) [D:1.0000; C:1.0000]
 18.0000: (DRIVE-TRUCK TRUCK2 S17 S7 DRIVER3) [D:1.0000; C:1.0000]
 18.0000: (DRIVE-TRUCK TRUCK4 S15 S12 DRIVER5) [D:1.0000; C:1.0000]
 19.0000: (UNLOAD-TRUCK PACKAGE8 TRUCK2 S7) [D:1.0000; C:1.0000]
 19.0000: (DRIVE-TRUCK TRUCK4 S12 S11 DRIVER5) [D:1.0000; C:1.0000]
 20.0000: (DRIVE-TRUCK TRUCK2 S7 S17 DRIVER3) [D:1.0000; C:1.0000]
 20.0000: (LOAD-TRUCK PACKAGE8 TRUCK3 S7) [D:1.0000; C:1.0000]
 20.0000: (UNLOAD-TRUCK PACKAGE15 TRUCK4 S11) [D:1.0000; C:1.0000]
 21.0000: (DRIVE-TRUCK TRUCK2 S17 S5 DRIVER3) [D:1.0000; C:1.0000]
 21.0000: (DRIVE-TRUCK TRUCK3 S7 S17 DRIVER1) [D:1.0000; C:1.0000]
 21.0000: (DRIVE-TRUCK TRUCK4 S11 S1 DRIVER5) [D:1.0000; C:1.0000]
 22.0000: (LOAD-TRUCK PACKAGE5 TRUCK2 S5) [D:1.0000; C:1.0000]
 22.0000: (DRIVE-TRUCK TRUCK3 S17 S5 DRIVER1) [D:1.0000; C:1.0000]
 22.0000: (LOAD-TRUCK PACKAGE25 TRUCK4 S1) [D:1.0000; C:1.0000]
 23.0000: (DRIVE-TRUCK TRUCK2 S5 S14 DRIVER3) [D:1.0000; C:1.0000]
 23.0000: (UNLOAD-TRUCK PACKAGE8 TRUCK3 S5) [D:1.0000; C:1.0000]
 23.0000: (LOAD-TRUCK PACKAGE12 TRUCK3 S5) [D:1.0000; C:1.0000]
 23.0000: (DRIVE-TRUCK TRUCK4 S1 S12 DRIVER5) [D:1.0000; C:1.0000]
 24.0000: (UNLOAD-TRUCK PACKAGE5 TRUCK2 S14) [D:1.0000; C:1.0000]
 24.0000: (LOAD-TRUCK PACKAGE8 TRUCK3 S5) [D:1.0000; C:1.0000]
 24.0000: (UNLOAD-TRUCK PACKAGE25 TRUCK4 S12) [D:1.0000; C:1.0000]
 25.0000: (DRIVE-TRUCK TRUCK3 S5 S11 DRIVER1) [D:1.0000; C:1.0000]
 25.0000: (DRIVE-TRUCK TRUCK2 S14 S5 DRIVER3) [D:1.0000; C:1.0000]
 25.0000: (DRIVE-TRUCK TRUCK4 S12 S1 DRIVER5) [D:1.0000; C:1.0000]
 26.0000: (UNLOAD-TRUCK PACKAGE12 TRUCK3 S11) [D:1.0000; C:1.0000]
 26.0000: (LOAD-TRUCK PACKAGE19 TRUCK3 S11) [D:1.0000; C:1.0000]
 26.0000: (DRIVE-TRUCK TRUCK2 S5 S10 DRIVER3) [D:1.0000; C:1.0000]
 26.0000: (DRIVE-TRUCK TRUCK4 S1 S13 DRIVER5) [D:1.0000; C:1.0000]
 27.0000: (DRIVE-TRUCK TRUCK3 S11 S5 DRIVER1) [D:1.0000; C:1.0000]
 27.0000: (UNLOAD-TRUCK PACKAGE2 TRUCK2 S10) [D:1.0000; C:1.0000]
 27.0000: (LOAD-TRUCK PACKAGE4 TRUCK2 S10) [D:1.0000; C:1.0000]
 27.0000: (UNLOAD-TRUCK PACKAGE11 TRUCK4 S13) [D:1.0000; C:1.0000]
 28.0000: (LOAD-TRUCK PACKAGE14 TRUCK3 S5) [D:1.0000; C:1.0000]
 28.0000: (DRIVE-TRUCK TRUCK2 S10 S6 DRIVER3) [D:1.0000; C:1.0000]
 28.0000: (DRIVE-TRUCK TRUCK4 S13 S1 DRIVER5) [D:1.0000; C:1.0000]
 29.0000: (DRIVE-TRUCK TRUCK3 S5 S11 DRIVER1) [D:1.0000; C:1.0000]
 29.0000: (DISEMBARK-TRUCK DRIVER3 TRUCK2 S6) [D:1.0000; C:1.0000]
 29.0000: (DRIVE-TRUCK TRUCK4 S1 S4 DRIVER5) [D:1.0000; C:1.0000]
 30.0000: (DRIVE-TRUCK TRUCK3 S11 S4 DRIVER1) [D:1.0000; C:1.0000]
 30.0000: (BOARD-TRUCK DRIVER3 TRUCK5 S6) [D:1.0000; C:1.0000]
 30.0000: (DISEMBARK-TRUCK DRIVER5 TRUCK4 S4) [D:1.0000; C:1.0000]
 31.0000: (DRIVE-TRUCK TRUCK3 S4 S7 DRIVER1) [D:1.0000; C:1.0000]
 31.0000: (DRIVE-TRUCK TRUCK5 S6 S2 DRIVER3) [D:1.0000; C:1.0000]
 31.0000: (BOARD-TRUCK DRIVER5 TRUCK1 S4) [D:1.0000; C:1.0000]
 32.0000: (DISEMBARK-TRUCK DRIVER1 TRUCK3 S7) [D:1.0000; C:1.0000]
 32.0000: (DRIVE-TRUCK TRUCK5 S2 S16 DRIVER3) [D:1.0000; C:1.0000]
 32.0000: (DRIVE-TRUCK TRUCK1 S4 S11 DRIVER5) [D:1.0000; C:1.0000]
 33.0000: (BOARD-TRUCK DRIVER4 TRUCK3 S7) [D:1.0000; C:1.0000]
 33.0000: (DISEMBARK-TRUCK DRIVER3 TRUCK5 S16) [D:1.0000; C:1.0000]
 33.0000: (DRIVE-TRUCK TRUCK1 S11 S5 DRIVER5) [D:1.0000; C:1.0000]
 34.0000: (DRIVE-TRUCK TRUCK3 S7 S18 DRIVER4) [D:1.0000; C:1.0000]
 34.0000: (DISEMBARK-TRUCK DRIVER5 TRUCK1 S5) [D:1.0000; C:1.0000]
 35.0000: (LOAD-TRUCK PACKAGE22 TRUCK3 S18) [D:1.0000; C:1.0000]
 35.0000: (WALK DRIVER5 S5 P5-3) [D:1.0000; C:1.0000]
 36.0000: (DRIVE-TRUCK TRUCK3 S18 S8 DRIVER4) [D:1.0000; C:1.0000]
 36.0000: (WALK DRIVER5 P5-3 S3) [D:1.0000; C:1.0000]
 37.0000: (UNLOAD-TRUCK PACKAGE22 TRUCK3 S8) [D:1.0000; C:1.0000]
 38.0000: (DRIVE-TRUCK TRUCK3 S8 S13 DRIVER4) [D:1.0000; C:1.0000]
 39.0000: (DRIVE-TRUCK TRUCK3 S13 S1 DRIVER4) [D:1.0000; C:1.0000]
 40.0000: (DRIVE-TRUCK TRUCK3 S1 S18 DRIVER4) [D:1.0000; C:1.0000]
 41.0000: (DRIVE-TRUCK TRUCK3 S18 S4 DRIVER4) [D:1.0000; C:1.0000]
 42.0000: (UNLOAD-TRUCK PACKAGE19 TRUCK3 S4) [D:1.0000; C:1.0000]
 43.0000: (DRIVE-TRUCK TRUCK3 S4 S2 DRIVER4) [D:1.0000; C:1.0000]
 44.0000: (DRIVE-TRUCK TRUCK3 S2 S6 DRIVER4) [D:1.0000; C:1.0000]
 45.0000: (UNLOAD-TRUCK PACKAGE8 TRUCK3 S6) [D:1.0000; C:1.0000]
 46.0000: (DRIVE-TRUCK TRUCK3 S6 S2 DRIVER4) [D:1.0000; C:1.0000]
 47.0000: (LOAD-TRUCK PACKAGE10 TRUCK3 S2) [D:1.0000; C:1.0000]
 47.0000: (LOAD-TRUCK PACKAGE23 TRUCK3 S2) [D:1.0000; C:1.0000]
 48.0000: (DRIVE-TRUCK TRUCK3 S2 S6 DRIVER4) [D:1.0000; C:1.0000]
 49.0000: (DRIVE-TRUCK TRUCK3 S6 S14 DRIVER4) [D:1.0000; C:1.0000]
 50.0000: (UNLOAD-TRUCK PACKAGE10 TRUCK3 S14) [D:1.0000; C:1.0000]
 51.0000: (DRIVE-TRUCK TRUCK3 S14 S6 DRIVER4) [D:1.0000; C:1.0000]
 52.0000: (UNLOAD-TRUCK PACKAGE14 TRUCK3 S6) [D:1.0000; C:1.0000]
 52.0000: (LOAD-TRUCK PACKAGE24 TRUCK3 S6) [D:1.0000; C:1.0000]
 53.0000: (DRIVE-TRUCK TRUCK3 S6 S2 DRIVER4) [D:1.0000; C:1.0000]
 54.0000: (UNLOAD-TRUCK PACKAGE24 TRUCK3 S2) [D:1.0000; C:1.0000]
 55.0000: (DRIVE-TRUCK TRUCK3 S2 S6 DRIVER4) [D:1.0000; C:1.0000]
 56.0000: (DRIVE-TRUCK TRUCK3 S6 S14 DRIVER4) [D:1.0000; C:1.0000]
 57.0000: (DRIVE-TRUCK TRUCK3 S14 S6 DRIVER4) [D:1.0000; C:1.0000]
 58.0000: (DRIVE-TRUCK TRUCK3 S6 S10 DRIVER4) [D:1.0000; C:1.0000]
 59.0000: (UNLOAD-TRUCK PACKAGE16 TRUCK3 S10) [D:1.0000; C:1.0000]
 60.0000: (DRIVE-TRUCK TRUCK3 S10 S5 DRIVER4) [D:1.0000; C:1.0000]
 61.0000: (DRIVE-TRUCK TRUCK3 S5 S17 DRIVER4) [D:1.0000; C:1.0000]
 62.0000: (UNLOAD-TRUCK PACKAGE23 TRUCK3 S17) [D:1.0000; C:1.0000]
 63.0000: (DRIVE-TRUCK TRUCK3 S17 S7 DRIVER4) [D:1.0000; C:1.0000]
 64.0000: (DISEMBARK-TRUCK DRIVER4 TRUCK3 S7) [D:1.0000; C:1.0000]
 65.0000: (BOARD-TRUCK DRIVER1 TRUCK3 S7) [D:1.0000; C:1.0000]
 65.0000: (WALK DRIVER4 S7 P7-3) [D:1.0000; C:1.0000]
 66.0000: (DRIVE-TRUCK TRUCK3 S7 S16 DRIVER1) [D:1.0000; C:1.0000]
 66.0000: (WALK DRIVER4 P7-3 S3) [D:1.0000; C:1.0000]
 67.0000: (DISEMBARK-TRUCK DRIVER1 TRUCK3 S16) [D:1.0000; C:1.0000]
 68.0000: (BOARD-TRUCK DRIVER3 TRUCK3 S16) [D:1.0000; C:1.0000]
 69.0000: (DRIVE-TRUCK TRUCK3 S16 S2 DRIVER3) [D:1.0000; C:1.0000]
 70.0000: (DRIVE-TRUCK TRUCK3 S2 S6 DRIVER3) [D:1.0000; C:1.0000]
 71.0000: (DRIVE-TRUCK TRUCK3 S6 S3 DRIVER3) [D:1.0000; C:1.0000]
 72.0000: (DISEMBARK-TRUCK DRIVER3 TRUCK3 S3) [D:1.0000; C:1.0000]
 73.0000: (WALK DRIVER3 S3 P19-3) [D:1.0000; C:1.0000]
 73.0000: (BOARD-TRUCK DRIVER4 TRUCK3 S3) [D:1.0000; C:1.0000]
 74.0000: (WALK DRIVER3 P19-3 S19) [D:1.0000; C:1.0000]
 74.0000: (DRIVE-TRUCK TRUCK3 S3 S13 DRIVER4) [D:1.0000; C:1.0000]
 75.0000: (WALK DRIVER3 S19 P14-19) [D:1.0000; C:1.0000]
 75.0000: (DRIVE-TRUCK TRUCK3 S13 S10 DRIVER4) [D:1.0000; C:1.0000]
 76.0000: (WALK DRIVER3 P14-19 S14) [D:1.0000; C:1.0000]
 76.0000: (DISEMBARK-TRUCK DRIVER4 TRUCK3 S10) [D:1.0000; C:1.0000]
 77.0000: (WALK DRIVER3 S14 P14-6) [D:1.0000; C:1.0000]
 77.0000: (WALK DRIVER4 S10 P10-15) [D:1.0000; C:1.0000]
 78.0000: (WALK DRIVER3 P14-6 S6) [D:1.0000; C:1.0000]
 78.0000: (WALK DRIVER4 P10-15 S15) [D:1.0000; C:1.0000]
 79.0000: (BOARD-TRUCK DRIVER3 TRUCK2 S6) [D:1.0000; C:1.0000]
 79.0000: (WALK DRIVER4 S15 P15-4) [D:1.0000; C:1.0000]
 80.0000: (DRIVE-TRUCK TRUCK2 S6 S11 DRIVER3) [D:1.0000; C:1.0000]
 80.0000: (WALK DRIVER4 P15-4 S4) [D:1.0000; C:1.0000]
 81.0000: (UNLOAD-TRUCK PACKAGE4 TRUCK2 S11) [D:1.0000; C:1.0000]
 82.0000: (DRIVE-TRUCK TRUCK2 S11 S12 DRIVER3) [D:1.0000; C:1.0000]
 83.0000: (DRIVE-TRUCK TRUCK2 S12 S2 DRIVER3) [D:1.0000; C:1.0000]
 84.0000: (DRIVE-TRUCK TRUCK2 S2 S9 DRIVER3) [D:1.0000; C:1.0000]
 85.0000: (LOAD-TRUCK PACKAGE9 TRUCK2 S9) [D:1.0000; C:1.0000]
 85.0000: (LOAD-TRUCK PACKAGE20 TRUCK2 S9) [D:1.0000; C:1.0000]
 86.0000: (DRIVE-TRUCK TRUCK2 S9 S10 DRIVER3) [D:1.0000; C:1.0000]
 87.0000: (DRIVE-TRUCK TRUCK2 S10 S18 DRIVER3) [D:1.0000; C:1.0000]
 88.0000: (DRIVE-TRUCK TRUCK2 S18 S7 DRIVER3) [D:1.0000; C:1.0000]
 89.0000: (UNLOAD-TRUCK PACKAGE20 TRUCK2 S7) [D:1.0000; C:1.0000]
 90.0000: (DRIVE-TRUCK TRUCK2 S7 S17 DRIVER3) [D:1.0000; C:1.0000]
 91.0000: (DRIVE-TRUCK TRUCK2 S17 S11 DRIVER3) [D:1.0000; C:1.0000]
 92.0000: (DRIVE-TRUCK TRUCK2 S11 S17 DRIVER3) [D:1.0000; C:1.0000]
 93.0000: (DRIVE-TRUCK TRUCK2 S17 S7 DRIVER3) [D:1.0000; C:1.0000]
 94.0000: (UNLOAD-TRUCK PACKAGE9 TRUCK2 S7) [D:1.0000; C:1.0000]
 95.0000: (DRIVE-TRUCK TRUCK2 S7 S3 DRIVER3) [D:1.0000; C:1.0000]
 96.0000: (UNLOAD-TRUCK PACKAGE21 TRUCK2 S3) [D:1.0000; C:1.0000]
 97.0000: (DRIVE-TRUCK TRUCK2 S3 S7 DRIVER3) [D:1.0000; C:1.0000]
 98.0000: (DRIVE-TRUCK TRUCK2 S7 S4 DRIVER3) [D:1.0000; C:1.0000]
 99.0000: (DISEMBARK-TRUCK DRIVER3 TRUCK2 S4) [D:1.0000; C:1.0000]
 100.0000: (BOARD-TRUCK DRIVER3 TRUCK4 S4) [D:1.0000; C:1.0000]
 100.0000: (BOARD-TRUCK DRIVER4 TRUCK2 S4) [D:1.0000; C:1.0000]
 101.0000: (DRIVE-TRUCK TRUCK2 S4 S7 DRIVER4) [D:1.0000; C:1.0000]
 101.0000: (DRIVE-TRUCK TRUCK4 S4 S11 DRIVER3) [D:1.0000; C:1.0000]
 102.0000: (DRIVE-TRUCK TRUCK2 S7 S3 DRIVER4) [D:1.0000; C:1.0000]
 102.0000: (DRIVE-TRUCK TRUCK4 S11 S3 DRIVER3) [D:1.0000; C:1.0000]
 103.0000: (DISEMBARK-TRUCK DRIVER3 TRUCK4 S3) [D:1.0000; C:1.0000]
 103.0000: (DISEMBARK-TRUCK DRIVER4 TRUCK2 S3) [D:1.0000; C:1.0000]
 104.0000: (WALK DRIVER3 S3 P7-3) [D:1.0000; C:1.0000]
 104.0000: (BOARD-TRUCK DRIVER5 TRUCK2 S3) [D:1.0000; C:1.0000]
 104.0000: (WALK DRIVER4 S3 P7-3) [D:1.0000; C:1.0000]
 105.0000: (WALK DRIVER3 P7-3 S3) [D:1.0000; C:1.0000]
 105.0000: (DRIVE-TRUCK TRUCK2 S3 S13 DRIVER5) [D:1.0000; C:1.0000]
 105.0000: (WALK DRIVER4 P7-3 S7) [D:1.0000; C:1.0000]
 106.0000: (WALK DRIVER3 S3 P5-3) [D:1.0000; C:1.0000]
 106.0000: (DRIVE-TRUCK TRUCK2 S13 S1 DRIVER5) [D:1.0000; C:1.0000]
 106.0000: (WALK DRIVER4 S7 P4-7) [D:1.0000; C:1.0000]
 107.0000: (WALK DRIVER3 P5-3 S5) [D:1.0000; C:1.0000]
 107.0000: (DRIVE-TRUCK TRUCK2 S1 S11 DRIVER5) [D:1.0000; C:1.0000]
 107.0000: (WALK DRIVER4 P4-7 S4) [D:1.0000; C:1.0000]
 108.0000: (BOARD-TRUCK DRIVER3 TRUCK1 S5) [D:1.0000; C:1.0000]
 108.0000: (DISEMBARK-TRUCK DRIVER5 TRUCK2 S11) [D:1.0000; C:1.0000]
 108.0000: (WALK DRIVER4 S4 P4-7) [D:1.0000; C:1.0000]
 109.0000: (DRIVE-TRUCK TRUCK1 S5 S12 DRIVER3) [D:1.0000; C:1.0000]
 109.0000: (WALK DRIVER5 S11 P11-8) [D:1.0000; C:1.0000]
 109.0000: (WALK DRIVER4 P4-7 S7) [D:1.0000; C:1.0000]
 110.0000: (WALK DRIVER5 P11-8 S8) [D:1.0000; C:1.0000]
 110.0000: (DRIVE-TRUCK TRUCK1 S12 S2 DRIVER3) [D:1.0000; C:1.0000]
 110.0000: (WALK DRIVER4 S7 P7-3) [D:1.0000; C:1.0000]
 111.0000: (WALK DRIVER4 P7-3 S7) [D:1.0000; C:1.0000]
 111.0000: (WALK DRIVER5 S8 P8-5) [D:1.0000; C:1.0000]
 112.0000: (WALK DRIVER4 S7 P7-3) [D:1.0000; C:1.0000]
 112.0000: (WALK DRIVER5 P8-5 S5) [D:1.0000; C:1.0000]
 113.0000: (WALK DRIVER4 P7-3 S7) [D:1.0000; C:1.0000]
 113.0000: (WALK DRIVER5 S5 P12-5) [D:1.0000; C:1.0000]
 114.0000: (WALK DRIVER4 S7 P7-3) [D:1.0000; C:1.0000]
 114.0000: (WALK DRIVER5 P12-5 S5) [D:1.0000; C:1.0000]
 115.0000: (WALK DRIVER4 P7-3 S7) [D:1.0000; C:1.0000]
 115.0000: (WALK DRIVER5 S5 P18-5) [D:1.0000; C:1.0000]
 116.0000: (WALK DRIVER4 S7 P7-3) [D:1.0000; C:1.0000]
 116.0000: (WALK DRIVER5 P18-5 S5) [D:1.0000; C:1.0000]
 117.0000: (WALK DRIVER4 P7-3 S7) [D:1.0000; C:1.0000]
 117.0000: (WALK DRIVER5 S5 P12-5) [D:1.0000; C:1.0000]
 118.0000: (WALK DRIVER4 S7 P4-7) [D:1.0000; C:1.0000]
 118.0000: (WALK DRIVER5 P12-5 S5) [D:1.0000; C:1.0000]
 119.0000: (WALK DRIVER4 P4-7 S7) [D:1.0000; C:1.0000]
 119.0000: (WALK DRIVER5 S5 P5-3) [D:1.0000; C:1.0000]
 120.0000: (WALK DRIVER4 S7 P7-3) [D:1.0000; C:1.0000]
 120.0000: (WALK DRIVER5 P5-3 S5) [D:1.0000; C:1.0000]
 121.0000: (WALK DRIVER4 P7-3 S7) [D:1.0000; C:1.0000]
 122.0000: (WALK DRIVER4 S7 P7-3) [D:1.0000; C:1.0000]
 123.0000: (WALK DRIVER4 P7-3 S7) [D:1.0000; C:1.0000]
 124.0000: (WALK DRIVER4 S7 P4-7) [D:1.0000; C:1.0000]
 125.0000: (WALK DRIVER4 P4-7 S7) [D:1.0000; C:1.0000]
 126.0000: (WALK DRIVER4 S7 P7-3) [D:1.0000; C:1.0000]
 127.0000: (WALK DRIVER4 P7-3 S7) [D:1.0000; C:1.0000]
 128.0000: (WALK DRIVER4 S7 P7-3) [D:1.0000; C:1.0000]
 129.0000: (WALK DRIVER4 P7-3 S7) [D:1.0000; C:1.0000]
 130.0000: (WALK DRIVER4 S7 P7-3) [D:1.0000; C:1.0000]
 131.0000: (WALK DRIVER4 P7-3 S7) [D:1.0000; C:1.0000]
 132.0000: (WALK DRIVER4 S7 P7-3) [D:1.0000; C:1.0000]
 133.0000: (WALK DRIVER4 P7-3 S7) [D:1.0000; C:1.0000]
 134.0000: (WALK DRIVER4 S7 P7-3) [D:1.0000; C:1.0000]
 135.0000: (WALK DRIVER4 P7-3 S7) [D:1.0000; C:1.0000]
 136.0000: (WALK DRIVER4 S7 P7-3) [D:1.0000; C:1.0000]
 137.0000: (WALK DRIVER4 P7-3 S7) [D:1.0000; C:1.0000]
 138.0000: (WALK DRIVER4 S7 P7-3) [D:1.0000; C:1.0000]
 139.0000: (WALK DRIVER4 P7-3 S7) [D:1.0000; C:1.0000]
 140.0000: (WALK DRIVER4 S7 P7-3) [D:1.0000; C:1.0000]
 141.0000: (WALK DRIVER4 P7-3 S7) [D:1.0000; C:1.0000]


Solution found:
Total time:      184.60
Search time:     183.45
Actions:         252
Execution cost:  252.00
Duration:        142.000
Plan quality:    252.000

__MEMKB 214328
