
ff: parsing domain file
domain 'GROUNDED-PATHWAYS-PROPOSITIONAL' defined
 ... done.
ff: parsing problem file
problem 'GROUNDED-PATHWAYS-01' defined
 ... done.


got 63 facts

Cueing down from goal distance:    6 into depth [1]
                                   5            [1]
                                   4            [1]
                                   3            [1]
                                   2            [1]
                                   1            [1]
                                   0            

ff: found legal plan as follows

step    0: CHOOSE_P300_L1_L0
        1: INITIALIZE_P300
        2: CHOOSE_PCAF_L2_L1
        3: INITIALIZE_PCAF
        4: ASSOCIATE_PCAF_P300_PCAF-P300
        5: DUMMY-ACTION-1-2
     

time spent:    0.00 seconds instantiating 78 easy, 0 hard action templates
               0.00 seconds reachability analysis, yielding 63 facts and 78 actions
               0.00 seconds creating final representation with 63 relevant facts
               0.00 seconds building connectivity graph
               0.00 seconds searching, evaluating 7 states, to a max depth of 1
               0.00 seconds total time

__MEMKB 3456
