
ff: parsing domain file
domain 'GROUNDED-PATHWAYS-PROPOSITIONAL' defined
 ... done.
ff: parsing problem file
problem 'GROUNDED-PATHWAYS-08' defined
 ... done.


got 311 facts

Cueing down from goal distance:   84 into depth [1]
                                  83            [1]
                                  82            [1]
                                  81            [1]
                                  80            [1]
                                  79            [1]
                                  78            [1]
                                  77            [1]
                                  76            [1]
                                  75            [1]
                                  74            [1]
                                  73            [1]
                                  72            [1]
                                  71            [1]
                                  70            [1]
                                  69            [1]
                                  68            [1]
                                  67            [1]
                                  66            [1]
                                  65            [1]
                                  64            [1]
                                  63            [1]
                                  62            [1]
                                  61            [1]
                                  59            [1]
                                  58            [1]
                                  57            [1]
                                  56            [1]
                                  55            [1]
                                  54            [1]
                                  53            [1]
                                  52            [1]
                                  51            [1]
                                  50            [1]
                                  49            [1]
                                  48            [1]
                                  47            [1]
                                  46            [1]
                                  45            [1]
                                  41            [1]
                                  40            [1]
                                  39            [1]
                                  38            [1]
                                  37            [1]
                                  36            [1]
                                  35            [1][2]
                                  34            [1][2]
                                  31            [1]
                                  30            [1]
                                  29            [1]
                                  28            [1]
                                  26            [1]
                                  25            [1][2][3][4]
                                  24            [1]
                                  23            [1]
                                  22            [1][2]
                                  21            [1][2]
                                  20            [1][2]
                                  19            [1]
                                  18            [1]
                                  17            [1]
                                  16            [1]
                                  15            [1]
                                  14            [1]
                                  13            [1]
                                  12            [1][2]
                                  11            [1][2]
                                  10            [1][2][3]
                                   9            [1]
                                   8            [1]
                                   7            [1]
                                   6            [1][2][3]
                                   5            [1]
                                   4            [1]
                                   3            [1]
                                   2            [1]
                                   1            [1]
                                   0            

ff: found legal plan as follows

step    0: CHOOSE_CYCH_L1_L0
        1: INITIALIZE_CYCH
        2: CHOOSE_CDK7_L2_L1
        3: INITIALIZE_CDK7
        4: CHOOSE_E2F13P1-DP12P1_L3_L2
        5: INITIALIZE_E2F13P1-DP12P1
        6: CHOOSE_PRB_L4_L3
        7: INITIALIZE_PRB
        8: CHOOSE_CDK46P3-CYCD_L5_L4
        9: INITIALIZE_CDK46P3-CYCD
       10: CHOOSE_HDAC1_L6_L5
       11: INITIALIZE_HDAC1
       12: CHOOSE_CDK2_L7_L6
       13: INITIALIZE_CDK2
       14: CHOOSE_P53_L8_L7
       15: INITIALIZE_P53
       16: SYNTHESIZE_P53_C-FOS
       17: SYNTHESIZE_P53_MDM2
       18: SYNTHESIZE_P53_P21
       19: CHOOSE_JUN_L9_L8
       20: INITIALIZE_JUN
       21: CHOOSE_GERCC1_L10_L9
       22: INITIALIZE_GERCC1
       23: ASSOCIATE_JUN_C-FOS_JUN-C-FOS
       24: CHOOSE_SP1_L11_L10
       25: INITIALIZE_SP1
       26: CHOOSE_CDK2P1_L12_L11
       27: INITIALIZE_CDK2P1
       28: ASSOCIATE_CDK7_CYCH_CDK7-CYCH
       29: ASSOCIATE-WITH-CATALYZE_CDK2_CDK7-CYCH_CDK2P2
       30: CHOOSE_DP12_L13_L12
       31: INITIALIZE_DP12
       32: CHOOSE_SKP1_L14_L13
       33: INITIALIZE_SKP1
       34: CHOOSE_P68_L15_L14
       35: INITIALIZE_P68
       36: CHOOSE_GP_L16_L15
       37: INITIALIZE_GP
       38: CHOOSE_SKP2_L17_L16
       39: INITIALIZE_SKP2
       40: ASSOCIATE-WITH-CATALYZE_PRB_CDK46P3-CYCD_PRBP1
       41: ASSOCIATE_JUN-C-FOS_GERCC1_JUN-C-FOS-GERCC1
       42: SYNTHESIZE_JUN-C-FOS-GERCC1_ERCC1
       43: DUMMY-ACTION-11-2
       44: DUMMY-ACTION-10-1
       45: ASSOCIATE-WITH-CATALYZE_CDK2P1_CDK7-CYCH_CDK2P1P2
       46: INITIALIZE_CDK2P1
       47: ASSOCIATE_SP1_GP_SP1-GP
       48: SYNTHESIZE_SP1-GP_CYCEP1
       49: SYNTHESIZE_SP1-GP_CYCE
       50: SYNTHESIZE_SP1-GP_CYCA
       51: ASSOCIATE_CDK2P1_CYCEP1_CDK2P1-CYCEP1
       52: ASSOCIATE_P21_CDK2P1-CYCEP1_P21-CDK2P1-CYCEP1
       53: DUMMY-ACTION-12-1
       54: ASSOCIATE_CDK2P2_CYCA_CDK2P2-CYCA
       55: INITIALIZE_CDK2
       56: SYNTHESIZE_SP1-GP_CYCA
       57: ASSOCIATE-WITH-CATALYZE_DP12_CDK2P2-CYCA_DP12P1
       58: ASSOCIATE_P53_DP12P1_P53-DP12P1
       59: DUMMY-ACTION-6-2
       60: ASSOCIATE-WITH-CATALYZE_SKP2_CDK2P2-CYCA_SKP2P1
       61: INITIALIZE_SKP2
       62: ASSOCIATE-WITH-CATALYZE_SKP1_CDK2P2-CYCA_SKP1P1
       63: INITIALIZE_SKP1
       64: ASSOCIATE_CDK2_CYCE_CDK2-CYCE
       65: SYNTHESIZE_SP1-GP_CYCE
       66: ASSOCIATE-WITH-CATALYZE_CDK2-CYCE_CDK7-CYCH_CDK2P2-CYCE
       67: ASSOCIATE-WITH-CATALYZE_PRBP1_CDK2P2-CYCE_PRBP1P2
       68: ASSOCIATE-WITH-CATALYZE_P68_CDK2P2-CYCA_P68P2
       69: ASSOCIATE-WITH-CATALYZE_P68P2_CDK2P2-CYCE_P68P1P2
       70: DUMMY-ACTION-1-2
       71: ASSOCIATE_MDM2_PRBP1P2_MDM2-PRBP1P2
       72: DUMMY-ACTION-8-2
       73: ASSOCIATE_SKP2P1_SKP1_SKP2P1-SKP1
       74: DUMMY-ACTION-5-2
       75: ASSOCIATE-WITH-CATALYZE_SKP2_CDK2P2-CYCA_SKP2P1
       76: INITIALIZE_SKP2
       77: ASSOCIATE_CDK2P1P2_CYCE_CDK2P1P2-CYCE
       78: INITIALIZE_CDK2P1
       79: DUMMY-ACTION-7-2
       80: ASSOCIATE_CDK2P1_CYCA_CDK2P1-CYCA
       81: ASSOCIATE-WITH-CATALYZE_CDK2P1-CYCA_CDK7-CYCH_CDK2P1P2-CYCA
       82: DUMMY-ACTION-9-2
       83: ASSOCIATE_SKP2P1_SKP1P1_SKP2P1-SKP1P1
       84: INITIALIZE_SKP1
       85: DUMMY-ACTION-4-2
       86: ASSOCIATE-WITH-CATALYZE_SKP1_CDK2P2-CYCA_SKP1P1
       87: ASSOCIATE_SKP2_SKP1P1_SKP2-SKP1P1
       88: DUMMY-ACTION-3-2
       89: ASSOCIATE_SKP2-SKP1P1_CDK2P1P2-CYCA_SKP2-SKP1P1-CDK2P1P2-CYCA
       90: DUMMY-ACTION-2-2
     

time spent:    0.00 seconds instantiating 956 easy, 0 hard action templates
               0.00 seconds reachability analysis, yielding 311 facts and 956 actions
               0.00 seconds creating final representation with 311 relevant facts
               0.00 seconds building connectivity graph
               0.01 seconds searching, evaluating 311 states, to a max depth of 4
               0.01 seconds total time

__MEMKB 8576
