
ff: parsing domain file
domain 'GROUNDED-PATHWAYS-PROPOSITIONAL' defined
 ... done.
ff: parsing problem file
problem 'GROUNDED-PATHWAYS-10' defined
 ... done.


got 264 facts

Cueing down from goal distance:   72 into depth [1]
                                  71            [1]
                                  70            [1]
                                  67            [1]
                                  66            [1]
                                  65            [1]
                                  64            [1]
                                  63            [1]
                                  62            [1]
                                  61            [1]
                                  60            [1]
                                  59            [1]
                                  58            [1]
                                  57            [1]
                                  56            [1]
                                  55            [1]
                                  54            [1]
                                  53            [1]
                                  52            [1]
                                  51            [1]
                                  50            [1]
                                  49            [1]
                                  48            [1]
                                  47            [1]
                                  46            [1]
                                  45            [1]
                                  44            [1]
                                  43            [1]
                                  42            [1]
                                  41            [1][2][3][4]
                                  40            [1]
                                  39            [1]
                                  38            [1]
                                  37            [1]
                                  36            [1]
                                  35            [1]
                                  34            [1]
                                  33            [1]
                                  32            [1]
                                  31            [1]
                                  30            [1]
                                  29            [1]
                                  28            [1]
                                  27            [1]
                                  26            [1]
                                  25            [1]
                                  24            [1]
                                  23            [1][2]
                                  22            [1]
                                  21            [1]
                                  20            [1]
                                  19            [1]
                                  18            [1]
                                  16            [1][2]
                                  15            [1]
                                  14            [1]
                                  13            [1]
                                  12            [1][2][3][4][5][6][7][8]
                                  11            [1]
                                  10            [1][2][3][4][5]
                                   9            [1]
                                   8            [1][2]
                                   7            [1]
                                   6            [1][2][3][4]
                                   5            [1]
                                   4            [1][2][3][4][5]
                                   3            [1]
                                   2            [1]
                                   1            [1]
                                   0            

ff: found legal plan as follows

step    0: CHOOSE_DP12_L1_L0
        1: INITIALIZE_DP12
        2: CHOOSE_E2F5_L2_L1
        3: INITIALIZE_E2F5
        4: CHOOSE_P130_L3_L2
        5: INITIALIZE_P130
        6: CHOOSE_GE2_L4_L3
        7: INITIALIZE_GE2
        8: CHOOSE_HDAC1_L5_L4
        9: INITIALIZE_HDAC1
       10: ASSOCIATE_E2F5_DP12_E2F5-DP12
       11: CHOOSE_MAX_L6_L5
       12: INITIALIZE_MAX
       13: CHOOSE_CDK2P1_L7_L6
       14: INITIALIZE_CDK2P1
       15: CHOOSE_GCDC25A_L8_L7
       16: INITIALIZE_GCDC25A
       17: CHOOSE_E2F13_L9_L8
       18: INITIALIZE_E2F13
       19: CHOOSE_RAF1_L10_L9
       20: INITIALIZE_RAF1
       21: CHOOSE_CDK46P1_L11_L10
       22: INITIALIZE_CDK46P1
       23: CHOOSE_P27_L12_L11
       24: INITIALIZE_P27
       25: CHOOSE_P57_L13_L12
       26: INITIALIZE_P57
       27: CHOOSE_P57P1_L14_L13
       28: INITIALIZE_P57P1
       29: ASSOCIATE_P130_E2F5-DP12_P130-E2F5-DP12
       30: ASSOCIATE_HDAC1_P130-E2F5-DP12_HDAC1-P130-E2F5-DP12
       31: INITIALIZE_DP12
       32: INITIALIZE_E2F5
       33: DUMMY-ACTION-8-2
       34: ASSOCIATE_E2F5_DP12_E2F5-DP12
       35: ASSOCIATE_E2F5-DP12_GE2_E2F5-DP12-GE2
       36: SYNTHESIZE_E2F5-DP12-GE2_CYCE
       37: SYNTHESIZE_E2F5-DP12-GE2_CYCEP1
       38: SYNTHESIZE_E2F5-DP12-GE2_POL
       39: SYNTHESIZE_E2F5-DP12-GE2_C-MYC
       40: SYNTHESIZE_E2F5-DP12-GE2_CYCA
       41: SYNTHESIZE_E2F5-DP12-GE2_CYCD
       42: DUMMY-ACTION-11-2
       43: DUMMY-ACTION-4-2
       44: DUMMY-ACTION-2-2
       45: ASSOCIATE_C-MYC_MAX_C-MYC-MAX
       46: ASSOCIATE_C-MYC-MAX_GCDC25A_C-MYC-MAX-GCDC25A
       47: SYNTHESIZE_C-MYC-MAX-GCDC25A_CDC25A
       48: ASSOCIATE_CDK2P1_CYCA_CDK2P1-CYCA
       49: SYNTHESIZE_E2F5-DP12-GE2_CYCDP1
       50: ASSOCIATE-WITH-CATALYZE_CDC25A_RAF1_CDC25AP1
       51: SYNTHESIZE_C-MYC-MAX-GCDC25A_CDC25A
       52: DUMMY-ACTION-13-2
       53: ASSOCIATE-WITH-CATALYZE_CDK2P1-CYCA_CDC25AP1_CDK2-CYCA
       54: ASSOCIATE-WITH-CATALYZE_CDK46P1_CDC25AP1_CDK46
       55: DUMMY-ACTION-9-1
       56: ASSOCIATE_CDK46_CYCDP1_CDK46-CYCDP1
       57: ASSOCIATE_RAF1_CDC25A_RAF1-CDC25A
       58: INITIALIZE_RAF1
       59: DUMMY-ACTION-12-2
       60: ASSOCIATE_RAF1_CDC25AP1_RAF1-CDC25AP1
       61: DUMMY-ACTION-10-1
       62: ASSOCIATE_CDK2-CYCA_E2F13_CDK2-CYCA-E2F13
       63: INITIALIZE_RAF1
       64: SYNTHESIZE_C-MYC-MAX-GCDC25A_CDC25A
       65: SYNTHESIZE_E2F5-DP12-GE2_CYCA
       66: INITIALIZE_CDK2P1
       67: DUMMY-ACTION-7-1
       68: ASSOCIATE-WITH-CATALYZE_CDC25A_RAF1_CDC25AP1
       69: ASSOCIATE_CDK2P1_CYCA_CDK2P1-CYCA
       70: ASSOCIATE-WITH-CATALYZE_CDK2P1-CYCA_CDC25AP1_CDK2-CYCA
       71: ASSOCIATE_P57_CDK2-CYCA_P57-CDK2-CYCA
       72: INITIALIZE_CDK2P1
       73: INITIALIZE_P57
       74: DUMMY-ACTION-14-1
       75: ASSOCIATE_CDK2P1_CYCE_CDK2P1-CYCE
       76: ASSOCIATE-WITH-CATALYZE_CDK2P1-CYCE_CDC25AP1_CDK2-CYCE
       77: ASSOCIATE_P27_CDK2-CYCE_P27-CDK2-CYCE
       78: INITIALIZE_P27
       79: DUMMY-ACTION-6-2
       80: ASSOCIATE_P27_CDK46-CYCDP1_P27-CDK46-CYCDP1
       81: INITIALIZE_CDK46P1
       82: DUMMY-ACTION-5-1
       83: ASSOCIATE-WITH-CATALYZE_CDK46P1_CDC25AP1_CDK46
       84: ASSOCIATE_CDK46_CYCD_CDK46-CYCD
       85: ASSOCIATE_P57_CDK46-CYCD_P57-CDK46-CYCD
       86: INITIALIZE_CDK46P1
       87: SYNTHESIZE_E2F5-DP12-GE2_CYCD
       88: DUMMY-ACTION-3-2
       89: ASSOCIATE-WITH-CATALYZE_CDK46P1_CDC25AP1_CDK46
       90: ASSOCIATE_CDK46_CYCD_CDK46-CYCD
       91: ASSOCIATE_P57P1_CDK46-CYCD_P57P1-CDK46-CYCD
       92: DUMMY-ACTION-1-2
     

time spent:    0.00 seconds instantiating 823 easy, 0 hard action templates
               0.00 seconds reachability analysis, yielding 264 facts and 823 actions
               0.00 seconds creating final representation with 264 relevant facts
               0.00 seconds building connectivity graph
               0.10 seconds searching, evaluating 5765 states, to a max depth of 8
               0.10 seconds total time

__MEMKB 11904
