
ff: parsing domain file
domain 'GROUNDED-PATHWAYS-PROPOSITIONAL' defined
 ... done.
ff: parsing problem file
problem 'GROUNDED-PATHWAYS-11' defined
 ... done.


got 266 facts

Cueing down from goal distance:   67 into depth [1]
                                  66            [1]
                                  65            [1]
                                  64            [1]
                                  63            [1]
                                  62            [1]
                                  61            [1]
                                  60            [1]
                                  59            [1]
                                  58            [1]
                                  57            [1]
                                  56            [1]
                                  55            [1]
                                  54            [1]
                                  53            [1]
                                  52            [1]
                                  51            [1]
                                  50            [1]
                                  45            [1]
                                  44            [1]
                                  43            [1]
                                  42            [1][2]
                                  41            [1]
                                  40            [1]
                                  39            [1]
                                  38            [1]
                                  37            [1]
                                  36            [1]
                                  35            [1]
                                  34            [1]
                                  33            [1]
                                  32            [1][2]
                                  31            [1]
                                  30            [1]
                                  29            [1]
                                  28            [1]
                                  27            [1][2]
                                  26            [1][2]
                                  25            [1][2]
                                  24            [1]
                                  23            [1][2]
                                  22            [1]
                                  21            [1][2]
                                  20            [1]
                                  19            [1][2]
                                  18            [1][2][3]
                                  17            [1]
                                  16            [1]
                                  15            [1]
                                  14            [1][2][3]
                                  13            [1][2]
                                  12            [1][2][3][4]
                                  11            [1]
                                  10            [1][2]
                                   9            [1]
                                   8            [1][2][3][4][5]
                                   7            [1]
                                   6            [1][2]
                                   5            [1]
                                   4            [1][2][3][4]
                                   3            [1]
                                   2            [1]
                                   1            [1]
                                   0            

ff: found legal plan as follows

step    0: CHOOSE_DP12_L1_L0
        1: INITIALIZE_DP12
        2: CHOOSE_P53_L2_L1
        3: INITIALIZE_P53
        4: SYNTHESIZE_P53_P21
        5: CHOOSE_P130_L3_L2
        6: INITIALIZE_P130
        7: CHOOSE_CDK2_L4_L3
        8: INITIALIZE_CDK2
        9: CHOOSE_GE2_L5_L4
       10: INITIALIZE_GE2
       11: CHOOSE_CDK46P1_L6_L5
       12: INITIALIZE_CDK46P1
       13: CHOOSE_SP1_L7_L6
       14: INITIALIZE_SP1
       15: CHOOSE_PCNA_L8_L7
       16: INITIALIZE_PCNA
       17: CHOOSE_GP_L9_L8
       18: INITIALIZE_GP
       19: CHOOSE_P57_L10_L9
       20: INITIALIZE_P57
       21: ASSOCIATE_SP1_GP_SP1-GP
       22: SYNTHESIZE_SP1-GP_CYCD
       23: SYNTHESIZE_SP1-GP_CYCEP1
       24: SYNTHESIZE_SP1-GP_CYCA
       25: SYNTHESIZE_SP1-GP_CYCE
       26: SYNTHESIZE_SP1-GP_P107
       27: SYNTHESIZE_SP1-GP_CYCDP1
       28: SYNTHESIZE_SP1-GP_P107P1
       29: SYNTHESIZE_SP1-GP_P19ARF
       30: DUMMY-ACTION-13-2
       31: DUMMY-ACTION-10-2
       32: INITIALIZE_SP1
       33: INITIALIZE_GP
       34: ASSOCIATE_SP1_P107_SP1-P107
       35: DUMMY-ACTION-7-1
       36: ASSOCIATE_SP1-P107_GP_SP1-P107-GP
       37: DUMMY-ACTION-14-2
       38: ASSOCIATE_CDK46P1_CYCD_CDK46P1-CYCD
       39: INITIALIZE_CDK46P1
       40: ASSOCIATE_CDK2_CYCEP1_CDK2-CYCEP1
       41: INITIALIZE_CDK2
       42: ASSOCIATE_CDK2_CYCA_CDK2-CYCA
       43: INITIALIZE_CDK2
       44: ASSOCIATE_CDK2_CYCE_CDK2-CYCE
       45: ASSOCIATE_CDK46P1_CYCDP1_CDK46P1-CYCDP1
       46: SYNTHESIZE_SP1-GP_CYCDP1
       47: DUMMY-ACTION-9-2
       48: ASSOCIATE_PCNA_CYCDP1_PCNA-CYCDP1
       49: INITIALIZE_PCNA
       50: DUMMY-ACTION-6-1
       51: ASSOCIATE_PCNA_P21_PCNA-P21
       52: SYNTHESIZE_P53_P21
       53: ASSOCIATE_P57_CDK46P1-CYCD_P57-CDK46P1-CYCD
       54: INITIALIZE_SP1
       55: INITIALIZE_P57
       56: DUMMY-ACTION-8-1
       57: ASSOCIATE_SP1_P107P1_SP1-P107P1
       58: DUMMY-ACTION-15-2
       59: ASSOCIATE_PCNA-P21_CDK46P1-CYCDP1_PCNA-P21-CDK46P1-CYCDP1
       60: INITIALIZE_PCNA
       61: DUMMY-ACTION-4-1
       62: ASSOCIATE_PCNA_P21_PCNA-P21
       63: SYNTHESIZE_P53_P21
       64: ASSOCIATE_PCNA-P21_CDK2-CYCE_PCNA-P21-CDK2-CYCE
       65: SYNTHESIZE_SP1-GP_CYCE
       66: INITIALIZE_CDK2
       67: DUMMY-ACTION-2-2
       68: ASSOCIATE_CDK2_CYCE_CDK2-CYCE
       69: ASSOCIATE_P57_CDK2-CYCE_P57-CDK2-CYCE
       70: INITIALIZE_P57
       71: DUMMY-ACTION-1-1
       72: ASSOCIATE_P21_CDK2-CYCEP1_P21-CDK2-CYCEP1
       73: SYNTHESIZE_SP1-GP_CYCEP1
       74: INITIALIZE_CDK2
       75: SYNTHESIZE_P53_P21
       76: DUMMY-ACTION-12-2
       77: ASSOCIATE_CDK2_CYCEP1_CDK2-CYCEP1
       78: ASSOCIATE_P57_CDK2-CYCEP1_P57-CDK2-CYCEP1
       79: INITIALIZE_P57
       80: DUMMY-ACTION-5-2
       81: ASSOCIATE_P21_CDK2-CYCA_P21-CDK2-CYCA
       82: SYNTHESIZE_SP1-GP_CYCA
       83: INITIALIZE_CDK2
       84: DUMMY-ACTION-11-1
       85: ASSOCIATE_CDK2_CYCA_CDK2-CYCA
       86: ASSOCIATE_P57_CDK2-CYCA_P57-CDK2-CYCA
       87: DUMMY-ACTION-3-1
     

time spent:    0.00 seconds instantiating 727 easy, 0 hard action templates
               0.00 seconds reachability analysis, yielding 266 facts and 727 actions
               0.00 seconds creating final representation with 266 relevant facts
               0.00 seconds building connectivity graph
               0.02 seconds searching, evaluating 1141 states, to a max depth of 5
               0.02 seconds total time

__MEMKB 7808
