
Parsing domain file:  domain 'DEPOT' defined ... done.
Parsing problem file:  problem 'DEPOTPROB8765' defined ... done.



Modality: Fast Planner

Number of actions             :    1932
Number of conditional actions :       0
Number of facts               :     334


Analyzing Planning Problem:
	Temporal Planning Problem: NO
	Numeric Planning Problem: NO
	Problem with Timed Initial Litearals: NO
	Problem with Derived Predicates: NO

Evaluation function weights:
     Action duration 0.00; Action cost 1.00


Computing mutex... done

Preprocessing total time: 0.04 seconds

Searching ('.' = every 50 search steps):
...... solution found: 

Plan computed:
   Time: (ACTION) [action Duration; action Cost]
 0.0000: (DRIVE TRUCK1 DISTRIBUTOR0 DEPOT0) [D:1.0000; C:1.0000]
 0.0000: (LIFT HOIST0 CRATE1 PALLET0 DEPOT0) [D:1.0000; C:1.0000]
 0.0000: (LIFT HOIST2 CRATE9 CRATE5 DEPOT2) [D:1.0000; C:1.0000]
 0.0000: (LIFT HOIST5 CRATE8 CRATE7 DISTRIBUTOR2) [D:1.0000; C:1.0000]
 0.0000: (LIFT HOIST1 CRATE3 CRATE0 DEPOT1) [D:1.0000; C:1.0000]
 1.0000: (LOAD HOIST0 CRATE1 TRUCK1 DEPOT0) [D:1.0000; C:1.0000]
 1.0000: (LOAD HOIST2 CRATE9 TRUCK0 DEPOT2) [D:1.0000; C:1.0000]
 2.0000: (LIFT HOIST2 CRATE5 CRATE4 DEPOT2) [D:1.0000; C:1.0000]
 2.0000: (DRIVE TRUCK1 DEPOT0 DISTRIBUTOR1) [D:1.0000; C:1.0000]
 3.0000: (LOAD HOIST2 CRATE5 TRUCK0 DEPOT2) [D:1.0000; C:1.0000]
 3.0000: (UNLOAD HOIST4 CRATE1 TRUCK1 DISTRIBUTOR1) [D:1.0000; C:1.0000]
 4.0000: (LIFT HOIST2 CRATE4 CRATE2 DEPOT2) [D:1.0000; C:1.0000]
 4.0000: (DROP HOIST4 CRATE1 PALLET4 DISTRIBUTOR1) [D:1.0000; C:1.0000]
 4.0000: (DRIVE TRUCK1 DISTRIBUTOR1 DISTRIBUTOR0) [D:1.0000; C:1.0000]
 5.0000: (LOAD HOIST2 CRATE4 TRUCK0 DEPOT2) [D:1.0000; C:1.0000]
 5.0000: (DRIVE TRUCK1 DISTRIBUTOR0 DEPOT1) [D:1.0000; C:1.0000]
 6.0000: (LIFT HOIST2 CRATE2 PALLET2 DEPOT2) [D:1.0000; C:1.0000]
 7.0000: (LOAD HOIST2 CRATE2 TRUCK0 DEPOT2) [D:1.0000; C:1.0000]
 8.0000: (UNLOAD HOIST2 CRATE5 TRUCK0 DEPOT2) [D:1.0000; C:1.0000]
 9.0000: (DRIVE TRUCK0 DEPOT2 DISTRIBUTOR2) [D:1.0000; C:1.0000]
 9.0000: (DROP HOIST2 CRATE5 PALLET2 DEPOT2) [D:1.0000; C:1.0000]
 10.0000: (LOAD HOIST5 CRATE8 TRUCK0 DISTRIBUTOR2) [D:1.0000; C:1.0000]
 11.0000: (LIFT HOIST5 CRATE7 CRATE6 DISTRIBUTOR2) [D:1.0000; C:1.0000]
 12.0000: (LOAD HOIST5 CRATE7 TRUCK0 DISTRIBUTOR2) [D:1.0000; C:1.0000]
 13.0000: (LIFT HOIST5 CRATE6 PALLET5 DISTRIBUTOR2) [D:1.0000; C:1.0000]
 14.0000: (LOAD HOIST5 CRATE6 TRUCK0 DISTRIBUTOR2) [D:1.0000; C:1.0000]
 15.0000: (UNLOAD HOIST5 CRATE2 TRUCK0 DISTRIBUTOR2) [D:1.0000; C:1.0000]
 16.0000: (DRIVE TRUCK0 DISTRIBUTOR2 DEPOT0) [D:1.0000; C:1.0000]
 16.0000: (DROP HOIST5 CRATE2 PALLET5 DISTRIBUTOR2) [D:1.0000; C:1.0000]
 17.0000: (UNLOAD HOIST0 CRATE4 TRUCK0 DEPOT0) [D:1.0000; C:1.0000]
 18.0000: (DROP HOIST0 CRATE4 PALLET0 DEPOT0) [D:1.0000; C:1.0000]
 18.0000: (DRIVE TRUCK0 DEPOT0 DISTRIBUTOR0) [D:1.0000; C:1.0000]
 19.0000: (UNLOAD HOIST3 CRATE8 TRUCK0 DISTRIBUTOR0) [D:1.0000; C:1.0000]
 20.0000: (DRIVE TRUCK0 DISTRIBUTOR0 DEPOT1) [D:1.0000; C:1.0000]
 20.0000: (DROP HOIST3 CRATE8 PALLET3 DISTRIBUTOR0) [D:1.0000; C:1.0000]
 21.0000: (LOAD HOIST1 CRATE3 TRUCK0 DEPOT1) [D:1.0000; C:1.0000]
 22.0000: (UNLOAD HOIST1 CRATE9 TRUCK0 DEPOT1) [D:1.0000; C:1.0000]
 23.0000: (DROP HOIST1 CRATE9 CRATE0 DEPOT1) [D:1.0000; C:1.0000]
 23.0000: (DRIVE TRUCK0 DEPOT1 DEPOT2) [D:1.0000; C:1.0000]
 24.0000: (LIFT HOIST1 CRATE9 CRATE0 DEPOT1) [D:1.0000; C:1.0000]
 24.0000: (UNLOAD HOIST2 CRATE6 TRUCK0 DEPOT2) [D:1.0000; C:1.0000]
 25.0000: (DROP HOIST1 CRATE9 CRATE0 DEPOT1) [D:1.0000; C:1.0000]
 25.0000: (DROP HOIST2 CRATE6 CRATE5 DEPOT2) [D:1.0000; C:1.0000]
 26.0000: (LIFT HOIST1 CRATE9 CRATE0 DEPOT1) [D:1.0000; C:1.0000]
 27.0000: (DROP HOIST1 CRATE9 CRATE0 DEPOT1) [D:1.0000; C:1.0000]
 28.0000: (LIFT HOIST1 CRATE9 CRATE0 DEPOT1) [D:1.0000; C:1.0000]
 29.0000: (DROP HOIST1 CRATE9 CRATE0 DEPOT1) [D:1.0000; C:1.0000]
 30.0000: (LIFT HOIST1 CRATE9 CRATE0 DEPOT1) [D:1.0000; C:1.0000]
 31.0000: (DROP HOIST1 CRATE9 CRATE0 DEPOT1) [D:1.0000; C:1.0000]
 32.0000: (LIFT HOIST1 CRATE9 CRATE0 DEPOT1) [D:1.0000; C:1.0000]
 33.0000: (DROP HOIST1 CRATE9 CRATE0 DEPOT1) [D:1.0000; C:1.0000]
 34.0000: (LIFT HOIST1 CRATE9 CRATE0 DEPOT1) [D:1.0000; C:1.0000]
 35.0000: (DROP HOIST1 CRATE9 CRATE0 DEPOT1) [D:1.0000; C:1.0000]
 36.0000: (LIFT HOIST1 CRATE9 CRATE0 DEPOT1) [D:1.0000; C:1.0000]
 37.0000: (DROP HOIST1 CRATE9 CRATE0 DEPOT1) [D:1.0000; C:1.0000]
 38.0000: (LIFT HOIST1 CRATE9 CRATE0 DEPOT1) [D:1.0000; C:1.0000]
 39.0000: (DROP HOIST1 CRATE9 CRATE0 DEPOT1) [D:1.0000; C:1.0000]
 40.0000: (LIFT HOIST1 CRATE9 CRATE0 DEPOT1) [D:1.0000; C:1.0000]
 41.0000: (DROP HOIST1 CRATE9 CRATE0 DEPOT1) [D:1.0000; C:1.0000]
 42.0000: (LIFT HOIST1 CRATE9 CRATE0 DEPOT1) [D:1.0000; C:1.0000]
 43.0000: (DROP HOIST1 CRATE9 CRATE0 DEPOT1) [D:1.0000; C:1.0000]
 44.0000: (LIFT HOIST1 CRATE9 CRATE0 DEPOT1) [D:1.0000; C:1.0000]
 45.0000: (DROP HOIST1 CRATE9 CRATE0 DEPOT1) [D:1.0000; C:1.0000]
 46.0000: (LIFT HOIST1 CRATE9 CRATE0 DEPOT1) [D:1.0000; C:1.0000]
 47.0000: (DROP HOIST1 CRATE9 CRATE0 DEPOT1) [D:1.0000; C:1.0000]
 48.0000: (LIFT HOIST1 CRATE9 CRATE0 DEPOT1) [D:1.0000; C:1.0000]
 49.0000: (DROP HOIST1 CRATE9 CRATE0 DEPOT1) [D:1.0000; C:1.0000]
 50.0000: (LIFT HOIST1 CRATE9 CRATE0 DEPOT1) [D:1.0000; C:1.0000]
 51.0000: (DROP HOIST1 CRATE9 CRATE0 DEPOT1) [D:1.0000; C:1.0000]
 52.0000: (LIFT HOIST1 CRATE9 CRATE0 DEPOT1) [D:1.0000; C:1.0000]
 53.0000: (DROP HOIST1 CRATE9 CRATE0 DEPOT1) [D:1.0000; C:1.0000]
 54.0000: (LIFT HOIST1 CRATE9 CRATE0 DEPOT1) [D:1.0000; C:1.0000]
 55.0000: (LOAD HOIST1 CRATE9 TRUCK1 DEPOT1) [D:1.0000; C:1.0000]
 56.0000: (LIFT HOIST1 CRATE0 PALLET1 DEPOT1) [D:1.0000; C:1.0000]
 57.0000: (LOAD HOIST1 CRATE0 TRUCK1 DEPOT1) [D:1.0000; C:1.0000]
 58.0000: (DRIVE TRUCK1 DEPOT1 DEPOT2) [D:1.0000; C:1.0000]
 59.0000: (UNLOAD HOIST2 CRATE0 TRUCK1 DEPOT2) [D:1.0000; C:1.0000]
 60.0000: (LOAD HOIST2 CRATE0 TRUCK0 DEPOT2) [D:1.0000; C:1.0000]
 60.0000: (DRIVE TRUCK1 DEPOT2 DISTRIBUTOR0) [D:1.0000; C:1.0000]
 61.0000: (DRIVE TRUCK0 DEPOT2 DISTRIBUTOR1) [D:1.0000; C:1.0000]
 61.0000: (DRIVE TRUCK1 DISTRIBUTOR0 DISTRIBUTOR2) [D:1.0000; C:1.0000]
 62.0000: (UNLOAD HOIST4 CRATE7 TRUCK0 DISTRIBUTOR1) [D:1.0000; C:1.0000]
 62.0000: (UNLOAD HOIST5 CRATE9 TRUCK1 DISTRIBUTOR2) [D:1.0000; C:1.0000]
 63.0000: (DROP HOIST4 CRATE7 CRATE1 DISTRIBUTOR1) [D:1.0000; C:1.0000]
 63.0000: (DROP HOIST5 CRATE9 CRATE2 DISTRIBUTOR2) [D:1.0000; C:1.0000]
 64.0000: (UNLOAD HOIST4 CRATE0 TRUCK0 DISTRIBUTOR1) [D:1.0000; C:1.0000]
 65.0000: (DROP HOIST4 CRATE0 CRATE7 DISTRIBUTOR1) [D:1.0000; C:1.0000]
 65.0000: (DRIVE TRUCK0 DISTRIBUTOR1 DISTRIBUTOR2) [D:1.0000; C:1.0000]
 66.0000: (UNLOAD HOIST5 CRATE3 TRUCK0 DISTRIBUTOR2) [D:1.0000; C:1.0000]
 67.0000: (DROP HOIST5 CRATE3 CRATE9 DISTRIBUTOR2) [D:1.0000; C:1.0000]


Solution found:
Total time:      0.21
Search time:     0.17
Actions:         90
Execution cost:  90.00
Duration:        68.000
Plan quality:    90.000

__MEMKB 116352
