
Parsing domain file:  domain 'DEPOT' defined ... done.
Parsing problem file:  problem 'DEPOTPROB7654' defined ... done.



Modality: Fast Planner

Number of actions             :    2212
Number of conditional actions :       0
Number of facts               :     378


Analyzing Planning Problem:
	Temporal Planning Problem: NO
	Numeric Planning Problem: NO
	Problem with Timed Initial Litearals: NO
	Problem with Derived Predicates: NO

Evaluation function weights:
     Action duration 0.00; Action cost 1.00


Computing mutex... done

Preprocessing total time: 0.04 seconds

Searching ('.' = every 50 search steps):
. solution found: 

Plan computed:
   Time: (ACTION) [action Duration; action Cost]
 0.0000: (DRIVE TRUCK0 DEPOT1 DEPOT0) [D:1.0000; C:1.0000]
 0.0000: (LIFT HOIST0 CRATE5 CRATE1 DEPOT0) [D:1.0000; C:1.0000]
 0.0000: (LIFT HOIST4 CRATE7 CRATE6 DISTRIBUTOR1) [D:1.0000; C:1.0000]
 0.0000: (DRIVE TRUCK1 DEPOT2 DEPOT0) [D:1.0000; C:1.0000]
 0.0000: (LIFT HOIST1 CRATE8 PALLET1 DEPOT1) [D:1.0000; C:1.0000]
 0.0000: (LIFT HOIST3 CRATE9 CRATE2 DISTRIBUTOR0) [D:1.0000; C:1.0000]
 1.0000: (LOAD HOIST0 CRATE5 TRUCK0 DEPOT0) [D:1.0000; C:1.0000]
 1.0000: (DROP HOIST4 CRATE7 CRATE0 DISTRIBUTOR1) [D:1.0000; C:1.0000]
 1.0000: (DROP HOIST1 CRATE8 PALLET7 DEPOT1) [D:1.0000; C:1.0000]
 2.0000: (DRIVE TRUCK0 DEPOT0 DISTRIBUTOR2) [D:1.0000; C:1.0000]
 2.0000: (LIFT HOIST4 CRATE6 PALLET4 DISTRIBUTOR1) [D:1.0000; C:1.0000]
 2.0000: (LIFT HOIST0 CRATE1 PALLET9 DEPOT0) [D:1.0000; C:1.0000]
 3.0000: (UNLOAD HOIST5 CRATE5 TRUCK0 DISTRIBUTOR2) [D:1.0000; C:1.0000]
 3.0000: (LOAD HOIST0 CRATE1 TRUCK1 DEPOT0) [D:1.0000; C:1.0000]
 4.0000: (DROP HOIST5 CRATE5 PALLET5 DISTRIBUTOR2) [D:1.0000; C:1.0000]
 4.0000: (DRIVE TRUCK0 DISTRIBUTOR2 DISTRIBUTOR1) [D:1.0000; C:1.0000]
 4.0000: (DRIVE TRUCK1 DEPOT0 DISTRIBUTOR1) [D:1.0000; C:1.0000]
 5.0000: (LOAD HOIST4 CRATE6 TRUCK0 DISTRIBUTOR1) [D:1.0000; C:1.0000]
 6.0000: (LIFT HOIST4 CRATE7 CRATE0 DISTRIBUTOR1) [D:1.0000; C:1.0000]
 6.0000: (DRIVE TRUCK0 DISTRIBUTOR1 DEPOT1) [D:1.0000; C:1.0000]
 7.0000: (DROP HOIST4 CRATE7 PALLET4 DISTRIBUTOR1) [D:1.0000; C:1.0000]
 7.0000: (UNLOAD HOIST1 CRATE6 TRUCK0 DEPOT1) [D:1.0000; C:1.0000]
 8.0000: (LIFT HOIST4 CRATE0 PALLET8 DISTRIBUTOR1) [D:1.0000; C:1.0000]
 8.0000: (DROP HOIST1 CRATE6 PALLET1 DEPOT1) [D:1.0000; C:1.0000]
 9.0000: (LOAD HOIST4 CRATE0 TRUCK1 DISTRIBUTOR1) [D:1.0000; C:1.0000]
 10.0000: (LIFT HOIST4 CRATE7 PALLET4 DISTRIBUTOR1) [D:1.0000; C:1.0000]
 11.0000: (LOAD HOIST4 CRATE7 TRUCK1 DISTRIBUTOR1) [D:1.0000; C:1.0000]
 12.0000: (UNLOAD HOIST4 CRATE1 TRUCK1 DISTRIBUTOR1) [D:1.0000; C:1.0000]
 13.0000: (DROP HOIST4 CRATE1 PALLET8 DISTRIBUTOR1) [D:1.0000; C:1.0000]
 13.0000: (DRIVE TRUCK1 DISTRIBUTOR1 DEPOT1) [D:1.0000; C:1.0000]
 14.0000: (UNLOAD HOIST1 CRATE7 TRUCK1 DEPOT1) [D:1.0000; C:1.0000]
 15.0000: (LOAD HOIST1 CRATE7 TRUCK0 DEPOT1) [D:1.0000; C:1.0000]
 16.0000: (UNLOAD HOIST1 CRATE7 TRUCK0 DEPOT1) [D:1.0000; C:1.0000]
 17.0000: (DROP HOIST1 CRATE7 CRATE6 DEPOT1) [D:1.0000; C:1.0000]
 17.0000: (DRIVE TRUCK0 DEPOT1 DISTRIBUTOR0) [D:1.0000; C:1.0000]
 18.0000: (LOAD HOIST3 CRATE9 TRUCK0 DISTRIBUTOR0) [D:1.0000; C:1.0000]
 19.0000: (DRIVE TRUCK0 DISTRIBUTOR0 DEPOT1) [D:1.0000; C:1.0000]
 20.0000: (UNLOAD HOIST1 CRATE9 TRUCK0 DEPOT1) [D:1.0000; C:1.0000]
 21.0000: (DROP HOIST1 CRATE9 CRATE7 DEPOT1) [D:1.0000; C:1.0000]


Solution found:
Total time:      0.06
Search time:     0.02
Actions:         39
Execution cost:  39.00
Duration:        22.000
Plan quality:    39.000

__MEMKB 114432
