
Parsing domain file:  domain 'DEPOT' defined ... done.
Parsing problem file:  problem 'DEPOTPROB7615' defined ... done.



Modality: Fast Planner

Number of actions             :    6166
Number of conditional actions :       0
Number of facts               :     740


Analyzing Planning Problem:
	Temporal Planning Problem: NO
	Numeric Planning Problem: NO
	Problem with Timed Initial Litearals: NO
	Problem with Derived Predicates: NO

Evaluation function weights:
     Action duration 0.00; Action cost 1.00


Computing mutex... done

Preprocessing total time: 0.17 seconds

Searching ('.' = every 50 search steps):
.. solution found: 

Plan computed:
   Time: (ACTION) [action Duration; action Cost]
 0.0000: (DRIVE TRUCK0 DISTRIBUTOR2 DEPOT3) [D:1.0000; C:1.0000]
 0.0000: (LIFT HOIST3 CRATE5 CRATE2 DEPOT3) [D:1.0000; C:1.0000]
 0.0000: (DRIVE TRUCK3 DISTRIBUTOR1 DEPOT1) [D:1.0000; C:1.0000]
 0.0000: (LIFT HOIST1 CRATE14 CRATE12 DEPOT1) [D:1.0000; C:1.0000]
 0.0000: (LIFT HOIST5 CRATE9 CRATE1 DISTRIBUTOR1) [D:1.0000; C:1.0000]
 0.0000: (LIFT HOIST6 CRATE8 CRATE7 DISTRIBUTOR2) [D:1.0000; C:1.0000]
 0.0000: (LIFT HOIST0 CRATE13 CRATE4 DEPOT0) [D:1.0000; C:1.0000]
 0.0000: (LIFT HOIST7 CRATE10 CRATE0 DISTRIBUTOR3) [D:1.0000; C:1.0000]
 1.0000: (LOAD HOIST1 CRATE14 TRUCK2 DEPOT1) [D:1.0000; C:1.0000]
 1.0000: (LOAD HOIST0 CRATE13 TRUCK1 DEPOT0) [D:1.0000; C:1.0000]
 2.0000: (LIFT HOIST1 CRATE12 CRATE6 DEPOT1) [D:1.0000; C:1.0000]
 2.0000: (LIFT HOIST0 CRATE4 CRATE3 DEPOT0) [D:1.0000; C:1.0000]
 3.0000: (LOAD HOIST1 CRATE12 TRUCK3 DEPOT1) [D:1.0000; C:1.0000]
 3.0000: (LOAD HOIST0 CRATE4 TRUCK1 DEPOT0) [D:1.0000; C:1.0000]
 4.0000: (LIFT HOIST1 CRATE6 PALLET1 DEPOT1) [D:1.0000; C:1.0000]
 4.0000: (LIFT HOIST0 CRATE3 PALLET0 DEPOT0) [D:1.0000; C:1.0000]
 5.0000: (LOAD HOIST1 CRATE6 TRUCK3 DEPOT1) [D:1.0000; C:1.0000]
 5.0000: (LOAD HOIST0 CRATE3 TRUCK1 DEPOT0) [D:1.0000; C:1.0000]
 6.0000: (LIFT HOIST1 CRATE11 PALLET8 DEPOT1) [D:1.0000; C:1.0000]
 6.0000: (DRIVE TRUCK3 DEPOT1 DISTRIBUTOR1) [D:1.0000; C:1.0000]
 6.0000: (DRIVE TRUCK1 DEPOT0 DEPOT2) [D:1.0000; C:1.0000]
 7.0000: (LOAD HOIST1 CRATE11 TRUCK2 DEPOT1) [D:1.0000; C:1.0000]
 8.0000: (DRIVE TRUCK2 DEPOT1 DISTRIBUTOR1) [D:1.0000; C:1.0000]
 9.0000: (LOAD HOIST5 CRATE9 TRUCK2 DISTRIBUTOR1) [D:1.0000; C:1.0000]
 10.0000: (LIFT HOIST5 CRATE1 PALLET5 DISTRIBUTOR1) [D:1.0000; C:1.0000]
 11.0000: (LOAD HOIST5 CRATE1 TRUCK3 DISTRIBUTOR1) [D:1.0000; C:1.0000]
 12.0000: (UNLOAD HOIST5 CRATE11 TRUCK2 DISTRIBUTOR1) [D:1.0000; C:1.0000]
 13.0000: (DROP HOIST5 CRATE11 PALLET5 DISTRIBUTOR1) [D:1.0000; C:1.0000]
 13.0000: (DRIVE TRUCK2 DISTRIBUTOR1 DEPOT1) [D:1.0000; C:1.0000]
 14.0000: (UNLOAD HOIST5 CRATE1 TRUCK3 DISTRIBUTOR1) [D:1.0000; C:1.0000]
 14.0000: (UNLOAD HOIST1 CRATE14 TRUCK2 DEPOT1) [D:1.0000; C:1.0000]
 15.0000: (DROP HOIST5 CRATE1 CRATE11 DISTRIBUTOR1) [D:1.0000; C:1.0000]
 15.0000: (DRIVE TRUCK3 DISTRIBUTOR1 DEPOT1) [D:1.0000; C:1.0000]
 15.0000: (DRIVE TRUCK2 DEPOT1 DEPOT3) [D:1.0000; C:1.0000]
 15.0000: (DROP HOIST1 CRATE14 PALLET1 DEPOT1) [D:1.0000; C:1.0000]
 16.0000: (DRIVE TRUCK3 DEPOT1 DISTRIBUTOR0) [D:1.0000; C:1.0000]
 16.0000: (LOAD HOIST3 CRATE5 TRUCK2 DEPOT3) [D:1.0000; C:1.0000]
 17.0000: (UNLOAD HOIST4 CRATE6 TRUCK3 DISTRIBUTOR0) [D:1.0000; C:1.0000]
 17.0000: (LIFT HOIST3 CRATE2 PALLET3 DEPOT3) [D:1.0000; C:1.0000]
 17.0000: (DRIVE TRUCK2 DEPOT3 DISTRIBUTOR3) [D:1.0000; C:1.0000]
 18.0000: (DROP HOIST4 CRATE6 PALLET4 DISTRIBUTOR0) [D:1.0000; C:1.0000]
 18.0000: (LOAD HOIST3 CRATE2 TRUCK0 DEPOT3) [D:1.0000; C:1.0000]
 19.0000: (DRIVE TRUCK0 DEPOT3 DISTRIBUTOR2) [D:1.0000; C:1.0000]
 19.0000: (UNLOAD HOIST4 CRATE12 TRUCK3 DISTRIBUTOR0) [D:1.0000; C:1.0000]
 20.0000: (LOAD HOIST6 CRATE8 TRUCK0 DISTRIBUTOR2) [D:1.0000; C:1.0000]
 20.0000: (DROP HOIST4 CRATE12 CRATE6 DISTRIBUTOR0) [D:1.0000; C:1.0000]
 21.0000: (LIFT HOIST6 CRATE7 PALLET6 DISTRIBUTOR2) [D:1.0000; C:1.0000]
 22.0000: (LOAD HOIST6 CRATE7 TRUCK0 DISTRIBUTOR2) [D:1.0000; C:1.0000]
 23.0000: (UNLOAD HOIST6 CRATE2 TRUCK0 DISTRIBUTOR2) [D:1.0000; C:1.0000]
 24.0000: (DROP HOIST6 CRATE2 PALLET6 DISTRIBUTOR2) [D:1.0000; C:1.0000]
 24.0000: (DRIVE TRUCK0 DISTRIBUTOR2 DEPOT2) [D:1.0000; C:1.0000]
 25.0000: (UNLOAD HOIST2 CRATE7 TRUCK0 DEPOT2) [D:1.0000; C:1.0000]
 26.0000: (DROP HOIST2 CRATE7 PALLET2 DEPOT2) [D:1.0000; C:1.0000]
 27.0000: (UNLOAD HOIST2 CRATE3 TRUCK1 DEPOT2) [D:1.0000; C:1.0000]
 28.0000: (LOAD HOIST2 CRATE3 TRUCK0 DEPOT2) [D:1.0000; C:1.0000]
 28.0000: (DRIVE TRUCK1 DEPOT2 DEPOT1) [D:1.0000; C:1.0000]
 29.0000: (DRIVE TRUCK0 DEPOT2 DISTRIBUTOR3) [D:1.0000; C:1.0000]
 30.0000: (LOAD HOIST7 CRATE10 TRUCK0 DISTRIBUTOR3) [D:1.0000; C:1.0000]
 31.0000: (LIFT HOIST7 CRATE0 PALLET7 DISTRIBUTOR3) [D:1.0000; C:1.0000]
 32.0000: (LOAD HOIST7 CRATE0 TRUCK0 DISTRIBUTOR3) [D:1.0000; C:1.0000]
 33.0000: (UNLOAD HOIST7 CRATE8 TRUCK0 DISTRIBUTOR3) [D:1.0000; C:1.0000]
 34.0000: (DROP HOIST7 CRATE8 PALLET7 DISTRIBUTOR3) [D:1.0000; C:1.0000]
 34.0000: (DRIVE TRUCK0 DISTRIBUTOR3 DEPOT3) [D:1.0000; C:1.0000]
 35.0000: (UNLOAD HOIST3 CRATE0 TRUCK0 DEPOT3) [D:1.0000; C:1.0000]
 35.0000: (UNLOAD HOIST7 CRATE9 TRUCK2 DISTRIBUTOR3) [D:1.0000; C:1.0000]
 36.0000: (DROP HOIST3 CRATE0 PALLET3 DEPOT3) [D:1.0000; C:1.0000]
 36.0000: (DROP HOIST7 CRATE9 CRATE8 DISTRIBUTOR3) [D:1.0000; C:1.0000]
 36.0000: (DRIVE TRUCK2 DISTRIBUTOR3 DEPOT1) [D:1.0000; C:1.0000]
 37.0000: (UNLOAD HOIST3 CRATE3 TRUCK0 DEPOT3) [D:1.0000; C:1.0000]
 37.0000: (UNLOAD HOIST1 CRATE5 TRUCK2 DEPOT1) [D:1.0000; C:1.0000]
 38.0000: (DROP HOIST3 CRATE3 CRATE0 DEPOT3) [D:1.0000; C:1.0000]
 38.0000: (DROP HOIST1 CRATE5 CRATE14 DEPOT1) [D:1.0000; C:1.0000]
 39.0000: (UNLOAD HOIST1 CRATE4 TRUCK1 DEPOT1) [D:1.0000; C:1.0000]
 40.0000: (DROP HOIST1 CRATE4 CRATE5 DEPOT1) [D:1.0000; C:1.0000]
 40.0000: (DRIVE TRUCK1 DEPOT1 DISTRIBUTOR2) [D:1.0000; C:1.0000]
 41.0000: (UNLOAD HOIST6 CRATE13 TRUCK1 DISTRIBUTOR2) [D:1.0000; C:1.0000]
 42.0000: (DROP HOIST6 CRATE13 CRATE2 DISTRIBUTOR2) [D:1.0000; C:1.0000]


Solution found:
Total time:      0.26
Search time:     0.09
Actions:         77
Execution cost:  77.00
Duration:        43.000
Plan quality:    77.000

__MEMKB 127232
