
Parsing domain file:  domain 'DEPOT' defined ... done.
Parsing problem file:  problem 'DEPOTPROB5646' defined ... done.



Modality: Fast Planner

Number of actions             :    1068
Number of conditional actions :       0
Number of facts               :     214


Analyzing Planning Problem:
	Temporal Planning Problem: NO
	Numeric Planning Problem: NO
	Problem with Timed Initial Litearals: NO
	Problem with Derived Predicates: NO

Evaluation function weights:
     Action duration 0.00; Action cost 1.00


Computing mutex... done

Preprocessing total time: 0.02 seconds

Searching ('.' = every 50 search steps):
 solution found: 

Plan computed:
   Time: (ACTION) [action Duration; action Cost]
 0.0000: (DRIVE TRUCK1 DEPOT0 DEPOT2) [D:1.0000; C:1.0000]
 0.0000: (LIFT HOIST2 CRATE5 CRATE1 DEPOT2) [D:1.0000; C:1.0000]
 0.0000: (LIFT HOIST0 CRATE2 PALLET0 DEPOT0) [D:1.0000; C:1.0000]
 0.0000: (LIFT HOIST3 CRATE4 PALLET3 DISTRIBUTOR0) [D:1.0000; C:1.0000]
 1.0000: (LOAD HOIST2 CRATE5 TRUCK1 DEPOT2) [D:1.0000; C:1.0000]
 1.0000: (DROP HOIST3 CRATE4 PALLET9 DISTRIBUTOR0) [D:1.0000; C:1.0000]
 2.0000: (LIFT HOIST2 CRATE1 CRATE0 DEPOT2) [D:1.0000; C:1.0000]
 3.0000: (LOAD HOIST2 CRATE1 TRUCK1 DEPOT2) [D:1.0000; C:1.0000]
 4.0000: (LIFT HOIST2 CRATE0 PALLET2 DEPOT2) [D:1.0000; C:1.0000]
 5.0000: (LOAD HOIST2 CRATE0 TRUCK1 DEPOT2) [D:1.0000; C:1.0000]
 6.0000: (DRIVE TRUCK1 DEPOT2 DEPOT0) [D:1.0000; C:1.0000]
 7.0000: (LOAD HOIST0 CRATE2 TRUCK1 DEPOT0) [D:1.0000; C:1.0000]
 8.0000: (UNLOAD HOIST0 CRATE0 TRUCK1 DEPOT0) [D:1.0000; C:1.0000]
 9.0000: (DROP HOIST0 CRATE0 PALLET0 DEPOT0) [D:1.0000; C:1.0000]
 9.0000: (DRIVE TRUCK1 DEPOT0 DISTRIBUTOR1) [D:1.0000; C:1.0000]
 10.0000: (UNLOAD HOIST4 CRATE1 TRUCK1 DISTRIBUTOR1) [D:1.0000; C:1.0000]
 10.0000: (LIFT HOIST0 CRATE3 PALLET8 DEPOT0) [D:1.0000; C:1.0000]
 11.0000: (LOAD HOIST4 CRATE1 TRUCK0 DISTRIBUTOR1) [D:1.0000; C:1.0000]
 11.0000: (DROP HOIST0 CRATE3 PALLET7 DEPOT0) [D:1.0000; C:1.0000]
 12.0000: (DRIVE TRUCK0 DISTRIBUTOR1 DISTRIBUTOR2) [D:1.0000; C:1.0000]
 12.0000: (UNLOAD HOIST4 CRATE2 TRUCK1 DISTRIBUTOR1) [D:1.0000; C:1.0000]
 13.0000: (UNLOAD HOIST5 CRATE1 TRUCK0 DISTRIBUTOR2) [D:1.0000; C:1.0000]
 13.0000: (DROP HOIST4 CRATE2 PALLET4 DISTRIBUTOR1) [D:1.0000; C:1.0000]
 13.0000: (DRIVE TRUCK1 DISTRIBUTOR1 DEPOT1) [D:1.0000; C:1.0000]
 14.0000: (DROP HOIST5 CRATE1 PALLET5 DISTRIBUTOR2) [D:1.0000; C:1.0000]
 14.0000: (UNLOAD HOIST1 CRATE5 TRUCK1 DEPOT1) [D:1.0000; C:1.0000]
 15.0000: (DROP HOIST1 CRATE5 PALLET1 DEPOT1) [D:1.0000; C:1.0000]


Solution found:
Total time:      0.02
Search time:     0.00
Actions:         27
Execution cost:  27.00
Duration:        16.000
Plan quality:    27.000

__MEMKB 111744
