MaxPlanII beta.

bb: parsing domain file
domain 'BLOCKS' defined
 ... done.
bb: parsing problem file
problem 'BLOCKS-12-0' defined
 ... done.


******  Solve with 1 layers Start******

creating action-based encoding:
        building rplan graph layers, up to layer [1];
        goal constraints;

no achiever in for goal?? deadline too low!#001


******  Solve with 2 layers Start******

creating action-based encoding:
        building rplan graph layers, up to layer [2];
        goal constraints;

no achiever in for goal?? deadline too low!#001


******  Solve with 3 layers Start******

creating action-based encoding:
        building rplan graph layers, up to layer [3];
        goal constraints;

no achiever in for goal?? deadline too low!#001


******  Solve with 4 layers Start******

creating action-based encoding:
        building rplan graph layers, up to layer [4];
        goal constraints;

no achiever in for goal?? deadline too low!#001


******  Solve with 5 layers Start******

creating action-based encoding:
        building rplan graph layers, up to layer [5];
        goal constraints;

no achiever in for goal?? deadline too low!#001


******  Solve with 6 layers Start******

creating action-based encoding:
        building rplan graph layers, up to layer [6];
        goal constraints;

no achiever in for goal?? deadline too low!#001


******  Solve with 7 layers Start******

creating action-based encoding:
        building rplan graph layers, up to layer [7];
        goal constraints;

no achiever in for goal?? deadline too low!#001


******  Solve with 8 layers Start******

creating action-based encoding:
        building rplan graph layers, up to layer [8];
        goal constraints;

no achiever in for goal?? deadline too low!#001


******  Solve with 9 layers Start******

creating action-based encoding:
        building rplan graph layers, up to layer [9];
        goal constraints;

no achiever in for goal?? deadline too low!#001


******  Solve with 10 layers Start******

creating action-based encoding:
        building rplan graph layers, up to layer [10];
        goal constraints;
        building exclusion constraints --> up to layer 10...

DECISION LAYER 10, WRITING ACTION-BASED ENCODING WITH 2223 VARS, 121165 CLAUSES.
11 G clauses, 4149 A clauses, 117005 E clauses.c CNF file planning task -p , -o /home/matheus/repo/acervo-2010/planejadores_analise_resultados/comp/blocksworld/domain.pddl, -f /home/matheus/repo/acervo-2010/planejadores_analise_resultados/comp/blocksworld/probBLOCKS-12-0.pddl, bound 10, action based encoding
In building up solver: p cnf 2223 121165
==================================[ MINISAT ]===================================
| Conflicts |     ORIGINAL     |              LEARNT              | Progress |
|           | Clauses Literals |   Limit Clauses Literals  Lit/Cl |          |
==============================================================================
|         0 |  110141   310058 |   36713       0        0     0.0 |  0.000 % |
==============================================================================
Totoal time used by londex constraint checking is [B0.000000][L0.000000],apply counts 8, apply_generated 0
restarts          :            1
conflicts         :            1           (      inf / sec      )
decisions         :            0           (      nan / sec      )
propagations      :          554           (      inf / sec      )
inspects          :          915           (      inf / sec      )
conflict literals :            0           (      nan % deleted  )
CPU time          :         0.00 sec
UNSATISFIABLE

******  Solve with 11 layers Start******

creating action-based encoding:
        building rplan graph layers, up to layer [11];
        goal constraints;
        building exclusion constraints --> up to layer 11...

DECISION LAYER 11, WRITING ACTION-BASED ENCODING WITH 2716 VARS, 162554 CLAUSES.
11 G clauses, 5098 A clauses, 157445 E clauses.c CNF file planning task -p , -o /home/matheus/repo/acervo-2010/planejadores_analise_resultados/comp/blocksworld/domain.pddl, -f /home/matheus/repo/acervo-2010/planejadores_analise_resultados/comp/blocksworld/probBLOCKS-12-0.pddl, bound 11, action based encoding
In building up solver: p cnf 2716 162554
==================================[ MINISAT ]===================================
| Conflicts |     ORIGINAL     |              LEARNT              | Progress |
|           | Clauses Literals |   Limit Clauses Literals  Lit/Cl |          |
==============================================================================
|         0 |  162554   449168 |   54184       0        0     0.0 |  0.000 % |
==============================================================================
Totoal time used by londex constraint checking is [B0.000000][L0.000000],apply counts 16, apply_generated 0
restarts          :            1
conflicts         :            3           (      inf / sec      )
decisions         :            2           (      inf / sec      )
propagations      :         1321           (      inf / sec      )
inspects          :         2416           (      inf / sec      )
conflict literals :            2           (     0.00 % deleted  )
CPU time          :         0.00 sec
UNSATISFIABLE

******  Solve with 12 layers Start******

creating action-based encoding:
        building rplan graph layers, up to layer [12];
        goal constraints;
        building exclusion constraints --> up to layer 12...

DECISION LAYER 12, WRITING ACTION-BASED ENCODING WITH 3209 VARS, 203943 CLAUSES.
11 G clauses, 6047 A clauses, 197885 E clauses.c CNF file planning task -p , -o /home/matheus/repo/acervo-2010/planejadores_analise_resultados/comp/blocksworld/domain.pddl, -f /home/matheus/repo/acervo-2010/planejadores_analise_resultados/comp/blocksworld/probBLOCKS-12-0.pddl, bound 12, action based encoding
In building up solver: p cnf 3209 203943
==================================[ MINISAT ]===================================
| Conflicts |     ORIGINAL     |              LEARNT              | Progress |
|           | Clauses Literals |   Limit Clauses Literals  Lit/Cl |          |
==============================================================================
|         0 |  203943   566734 |   67981       0        0     0.0 |  0.000 % |
==============================================================================
Totoal time used by londex constraint checking is [B0.000000][L0.000000],apply counts 132, apply_generated 0
restarts          :            1
conflicts         :            7           (      700 / sec      )
decisions         :          106           (    10600 / sec      )
propagations      :         3222           (   322200 / sec      )
inspects          :         5835           (   583500 / sec      )
conflict literals :           92           (    20.00 % deleted  )
CPU time          :         0.01 sec
UNSATISFIABLE

******  Solve with 13 layers Start******

creating action-based encoding:
        building rplan graph layers, up to layer [13];
        goal constraints;
        building exclusion constraints --> up to layer 13...

DECISION LAYER 13, WRITING ACTION-BASED ENCODING WITH 3702 VARS, 245332 CLAUSES.
11 G clauses, 6996 A clauses, 238325 E clauses.c CNF file planning task -p , -o /home/matheus/repo/acervo-2010/planejadores_analise_resultados/comp/blocksworld/domain.pddl, -f /home/matheus/repo/acervo-2010/planejadores_analise_resultados/comp/blocksworld/probBLOCKS-12-0.pddl, bound 13, action based encoding
In building up solver: p cnf 3702 245332
==================================[ MINISAT ]===================================
| Conflicts |     ORIGINAL     |              LEARNT              | Progress |
|           | Clauses Literals |   Limit Clauses Literals  Lit/Cl |          |
==============================================================================
|         0 |  245332   684300 |   81777       0        0     0.0 |  0.000 % |
==============================================================================
Totoal time used by londex constraint checking is [B0.000000][L0.000000],apply counts 439, apply_generated 0
restarts          :            1
conflicts         :           21           (      inf / sec      )
decisions         :          173           (      inf / sec      )
propagations      :        10305           (      inf / sec      )
inspects          :        20076           (      inf / sec      )
conflict literals :          374           (     0.53 % deleted  )
CPU time          :         0.00 sec
UNSATISFIABLE

******  Solve with 14 layers Start******

creating action-based encoding:
        building rplan graph layers, up to layer [14];
        goal constraints;
        building exclusion constraints --> up to layer 14...

DECISION LAYER 14, WRITING ACTION-BASED ENCODING WITH 4195 VARS, 286721 CLAUSES.
11 G clauses, 7945 A clauses, 278765 E clauses.c CNF file planning task -p , -o /home/matheus/repo/acervo-2010/planejadores_analise_resultados/comp/blocksworld/domain.pddl, -f /home/matheus/repo/acervo-2010/planejadores_analise_resultados/comp/blocksworld/probBLOCKS-12-0.pddl, bound 14, action based encoding
In building up solver: p cnf 4195 286721
==================================[ MINISAT ]===================================
| Conflicts |     ORIGINAL     |              LEARNT              | Progress |
|           | Clauses Literals |   Limit Clauses Literals  Lit/Cl |          |
==============================================================================
|         0 |  286721   801866 |   95573       0        0     0.0 |  0.000 % |
==============================================================================
Totoal time used by londex constraint checking is [B0.000000][L0.000000],apply counts 351, apply_generated 0
restarts          :            1
conflicts         :           24           (      inf / sec      )
decisions         :          138           (      inf / sec      )
propagations      :        10235           (      inf / sec      )
inspects          :        21853           (      inf / sec      )
conflict literals :          713           (     2.99 % deleted  )
CPU time          :         0.00 sec
UNSATISFIABLE

******  Solve with 15 layers Start******

creating action-based encoding:
        building rplan graph layers, up to layer [15];
        goal constraints;
        building exclusion constraints --> up to layer 15...

DECISION LAYER 15, WRITING ACTION-BASED ENCODING WITH 4688 VARS, 328110 CLAUSES.
11 G clauses, 8894 A clauses, 319205 E clauses.c CNF file planning task -p , -o /home/matheus/repo/acervo-2010/planejadores_analise_resultados/comp/blocksworld/domain.pddl, -f /home/matheus/repo/acervo-2010/planejadores_analise_resultados/comp/blocksworld/probBLOCKS-12-0.pddl, bound 15, action based encoding
In building up solver: p cnf 4688 328110
==================================[ MINISAT ]===================================
| Conflicts |     ORIGINAL     |              LEARNT              | Progress |
|           | Clauses Literals |   Limit Clauses Literals  Lit/Cl |          |
==============================================================================
|         0 |  328110   919432 |  109370       0        0     0.0 |  0.000 % |
==============================================================================
Totoal time used by londex constraint checking is [B0.000000][L0.000000],apply counts 927, apply_generated 0
restarts          :            1
conflicts         :           43           (      inf / sec      )
decisions         :          344           (      inf / sec      )
propagations      :        24451           (      inf / sec      )
inspects          :        47232           (      inf / sec      )
conflict literals :         1463           (     2.47 % deleted  )
CPU time          :         0.00 sec
UNSATISFIABLE

******  Solve with 16 layers Start******

creating action-based encoding:
        building rplan graph layers, up to layer [16];
        goal constraints;
        building exclusion constraints --> up to layer 16...

DECISION LAYER 16, WRITING ACTION-BASED ENCODING WITH 5181 VARS, 369499 CLAUSES.
11 G clauses, 9843 A clauses, 359645 E clauses.c CNF file planning task -p , -o /home/matheus/repo/acervo-2010/planejadores_analise_resultados/comp/blocksworld/domain.pddl, -f /home/matheus/repo/acervo-2010/planejadores_analise_resultados/comp/blocksworld/probBLOCKS-12-0.pddl, bound 16, action based encoding
In building up solver: p cnf 5181 369499
==================================[ MINISAT ]===================================
| Conflicts |     ORIGINAL     |              LEARNT              | Progress |
|           | Clauses Literals |   Limit Clauses Literals  Lit/Cl |          |
==============================================================================
|         0 |  369499  1036998 |  123166       0        0     0.0 |  0.000 % |
==============================================================================
Totoal time used by londex constraint checking is [B0.000000][L0.010000],apply counts 917, apply_generated 0
restarts          :            1
conflicts         :           32           (     3200 / sec      )
decisions         :          283           (    28300 / sec      )
propagations      :        20852           (  2085200 / sec      )
inspects          :        43664           (  4366400 / sec      )
conflict literals :         1271           (     9.21 % deleted  )
CPU time          :         0.01 sec
UNSATISFIABLE

******  Solve with 17 layers Start******

creating action-based encoding:
        building rplan graph layers, up to layer [17];
        goal constraints;
        building exclusion constraints --> up to layer 17...

DECISION LAYER 17, WRITING ACTION-BASED ENCODING WITH 5674 VARS, 410888 CLAUSES.
11 G clauses, 10792 A clauses, 400085 E clauses.c CNF file planning task -p , -o /home/matheus/repo/acervo-2010/planejadores_analise_resultados/comp/blocksworld/domain.pddl, -f /home/matheus/repo/acervo-2010/planejadores_analise_resultados/comp/blocksworld/probBLOCKS-12-0.pddl, bound 17, action based encoding
In building up solver: p cnf 5674 410888
==================================[ MINISAT ]===================================
| Conflicts |     ORIGINAL     |              LEARNT              | Progress |
|           | Clauses Literals |   Limit Clauses Literals  Lit/Cl |          |
==============================================================================
|         0 |  410888  1154564 |  136962       0        0     0.0 |  0.000 % |
==============================================================================
Totoal time used by londex constraint checking is [B0.000000][L0.010000],apply counts 2593, apply_generated 0
restarts          :            1
conflicts         :           83           (     2767 / sec      )
decisions         :          386           (    12867 / sec      )
propagations      :        40147           (  1338233 / sec      )
inspects          :        97883           (  3262767 / sec      )
conflict literals :         4319           (     5.35 % deleted  )
CPU time          :         0.03 sec
UNSATISFIABLE

******  Solve with 18 layers Start******

creating action-based encoding:
        building rplan graph layers, up to layer [18];
        goal constraints;
        building exclusion constraints --> up to layer 18...

DECISION LAYER 18, WRITING ACTION-BASED ENCODING WITH 6167 VARS, 452277 CLAUSES.
11 G clauses, 11741 A clauses, 440525 E clauses.c CNF file planning task -p , -o /home/matheus/repo/acervo-2010/planejadores_analise_resultados/comp/blocksworld/domain.pddl, -f /home/matheus/repo/acervo-2010/planejadores_analise_resultados/comp/blocksworld/probBLOCKS-12-0.pddl, bound 18, action based encoding
In building up solver: p cnf 6167 452277
==================================[ MINISAT ]===================================
| Conflicts |     ORIGINAL     |              LEARNT              | Progress |
|           | Clauses Literals |   Limit Clauses Literals  Lit/Cl |          |
==============================================================================
|         0 |  452277  1272130 |  150759       0        0     0.0 |  0.000 % |
|       100 |  452197  1271946 |  165835      98     6887    70.3 | 19.899 % |
==============================================================================
Totoal time used by londex constraint checking is [B0.000000][L0.000000],apply counts 2005, apply_generated 0
restarts          :            2
conflicts         :          122           (     6100 / sec      )
decisions         :          433           (    21650 / sec      )
propagations      :        60058           (  3002900 / sec      )
inspects          :       147366           (  7368300 / sec      )
conflict literals :         7541           (     6.89 % deleted  )
CPU time          :         0.02 sec
UNSATISFIABLE

******  Solve with 19 layers Start******

creating action-based encoding:
        building rplan graph layers, up to layer [19];
        goal constraints;
        building exclusion constraints --> up to layer 19...

DECISION LAYER 19, WRITING ACTION-BASED ENCODING WITH 6660 VARS, 493666 CLAUSES.
11 G clauses, 12690 A clauses, 480965 E clauses.c CNF file planning task -p , -o /home/matheus/repo/acervo-2010/planejadores_analise_resultados/comp/blocksworld/domain.pddl, -f /home/matheus/repo/acervo-2010/planejadores_analise_resultados/comp/blocksworld/probBLOCKS-12-0.pddl, bound 19, action based encoding
In building up solver: p cnf 6660 493666
==================================[ MINISAT ]===================================
| Conflicts |     ORIGINAL     |              LEARNT              | Progress |
|           | Clauses Literals |   Limit Clauses Literals  Lit/Cl |          |
==============================================================================
|         0 |  493666  1389696 |  164555       0        0     0.0 |  0.000 % |
|       100 |  493586  1389512 |  181011      99     8616    87.0 |  0.048 % |
|       250 |  493586  1389512 |  199112     249    11774    47.3 |  0.046 % |
==============================================================================
Totoal time used by londex constraint checking is [B0.000000][L0.010000],apply counts 3974, apply_generated 0
restarts          :            3
conflicts         :          314           (     6280 / sec      )
decisions         :          710           (    14200 / sec      )
propagations      :        97061           (  1941220 / sec      )
inspects          :       281645           (  5632900 / sec      )
conflict literals :        12673           (     3.91 % deleted  )
CPU time          :         0.05 sec
UNSATISFIABLE

******  Solve with 20 layers Start******

creating action-based encoding:
        building rplan graph layers, up to layer [20];
        goal constraints;
        building exclusion constraints --> up to layer 20...

DECISION LAYER 20, WRITING ACTION-BASED ENCODING WITH 7153 VARS, 535055 CLAUSES.
11 G clauses, 13639 A clauses, 521405 E clauses.c CNF file planning task -p , -o /home/matheus/repo/acervo-2010/planejadores_analise_resultados/comp/blocksworld/domain.pddl, -f /home/matheus/repo/acervo-2010/planejadores_analise_resultados/comp/blocksworld/probBLOCKS-12-0.pddl, bound 20, action based encoding
In building up solver: p cnf 7153 535055
==================================[ MINISAT ]===================================
| Conflicts |     ORIGINAL     |              LEARNT              | Progress |
|           | Clauses Literals |   Limit Clauses Literals  Lit/Cl |          |
==============================================================================
|         0 |  535055  1507262 |  178351       0        0     0.0 |  0.000 % |
|       100 |  534975  1507078 |  196186      99      981     9.9 |  0.044 % |
|       251 |  534975  1507078 |  215805     238    18066    75.9 | 18.165 % |
|       476 |  534975  1507078 |  237385     459    31573    68.8 | 27.476 % |
==============================================================================
Totoal time used by londex constraint checking is [B0.000000][L0.020000],apply counts 11208, apply_generated 0
restarts          :            4
conflicts         :          639           (     4564 / sec      )
decisions         :         1232           (     8800 / sec      )
propagations      :       325404           (  2324314 / sec      )
inspects          :       820427           (  5860193 / sec      )
conflict literals :        35873           (    19.28 % deleted  )
CPU time          :         0.14 sec
UNSATISFIABLE

******  Solve with 21 layers Start******

creating action-based encoding:
        building rplan graph layers, up to layer [21];
        goal constraints;
        building exclusion constraints --> up to layer 21...

DECISION LAYER 21, WRITING ACTION-BASED ENCODING WITH 7646 VARS, 576444 CLAUSES.
11 G clauses, 14588 A clauses, 561845 E clauses.c CNF file planning task -p , -o /home/matheus/repo/acervo-2010/planejadores_analise_resultados/comp/blocksworld/domain.pddl, -f /home/matheus/repo/acervo-2010/planejadores_analise_resultados/comp/blocksworld/probBLOCKS-12-0.pddl, bound 21, action based encoding
In building up solver: p cnf 7646 576444
==================================[ MINISAT ]===================================
| Conflicts |     ORIGINAL     |              LEARNT              | Progress |
|           | Clauses Literals |   Limit Clauses Literals  Lit/Cl |          |
==============================================================================
|         0 |  576444  1624828 |  192148       0        0     0.0 |  0.000 % |
|       100 |  576364  1624644 |  211363      99     1211    12.2 |  0.040 % |
|       250 |  576364  1624644 |  232499     238    17419    73.2 | 18.415 % |
|       475 |  576364  1624644 |  255749     455    30596    67.2 | 25.690 % |
|       813 |  576364  1624644 |  281324     791    51884    65.6 | 25.713 % |
|      1319 |  576364  1624644 |  309456    1290    85433    66.2 | 29.246 % |
|      2078 |  576364  1624644 |  340402    2031   109591    54.0 | 53.821 % |
==============================================================================
Totoal time used by londex constraint checking is [B0.020000][L0.050000],apply counts 26858, apply_generated 0
restarts          :            7
conflicts         :         2166           (     6564 / sec      )
decisions         :         3686           (    11170 / sec      )
propagations      :       825184           (  2500558 / sec      )
inspects          :      2329944           (  7060436 / sec      )
conflict literals :       110982           (    21.15 % deleted  )
CPU time          :         0.33 sec
UNSATISFIABLE

******  Solve with 22 layers Start******

creating action-based encoding:
        building rplan graph layers, up to layer [22];
        goal constraints;
        building exclusion constraints --> up to layer 22...

DECISION LAYER 22, WRITING ACTION-BASED ENCODING WITH 8139 VARS, 617833 CLAUSES.
11 G clauses, 15537 A clauses, 602285 E clauses.c CNF file planning task -p , -o /home/matheus/repo/acervo-2010/planejadores_analise_resultados/comp/blocksworld/domain.pddl, -f /home/matheus/repo/acervo-2010/planejadores_analise_resultados/comp/blocksworld/probBLOCKS-12-0.pddl, bound 22, action based encoding
In building up solver: p cnf 8139 617833
==================================[ MINISAT ]===================================
| Conflicts |     ORIGINAL     |              LEARNT              | Progress |
|           | Clauses Literals |   Limit Clauses Literals  Lit/Cl |          |
==============================================================================
|         0 |  617833  1742394 |  205944       0        0     0.0 |  0.000 % |
|       100 |  617753  1742210 |  226538      99     9590    96.9 |  0.038 % |
|       250 |  617753  1742210 |  249192     239    23817    99.7 |  9.768 % |
|       475 |  617753  1742210 |  274111     464    38439    82.8 |  9.769 % |
|       812 |  617753  1742210 |  301523     798    55199    69.2 | 11.919 % |
|      1318 |  617753  1742210 |  331675    1298    90550    69.8 | 17.214 % |
|      2077 |  617753  1742210 |  364842    2054   158497    77.2 | 24.157 % |
==============================================================================
Totoal time used by londex constraint checking is [B0.050000][L0.120000],apply counts 36081, apply_generated 0
restarts          :            7
conflicts         :         2920           (     5840 / sec      )
decisions         :         4641           (     9282 / sec      )
propagations      :      1297105           (  2594210 / sec      )
inspects          :      3536697           (  7073394 / sec      )
conflict literals :       201083           (    18.67 % deleted  )
CPU time          :         0.50 sec
UNSATISFIABLE

******  Solve with 23 layers Start******

creating action-based encoding:
        building rplan graph layers, up to layer [23];
        goal constraints;
        building exclusion constraints --> up to layer 23...

DECISION LAYER 23, WRITING ACTION-BASED ENCODING WITH 8632 VARS, 659222 CLAUSES.
11 G clauses, 16486 A clauses, 642725 E clauses.c CNF file planning task -p , -o /home/matheus/repo/acervo-2010/planejadores_analise_resultados/comp/blocksworld/domain.pddl, -f /home/matheus/repo/acervo-2010/planejadores_analise_resultados/comp/blocksworld/probBLOCKS-12-0.pddl, bound 23, action based encoding
In building up solver: p cnf 8632 659222
==================================[ MINISAT ]===================================
| Conflicts |     ORIGINAL     |              LEARNT              | Progress |
|           | Clauses Literals |   Limit Clauses Literals  Lit/Cl |          |
==============================================================================
|         0 |  659222  1859960 |  219740       0        0     0.0 |  0.000 % |
|       100 |  659142  1859776 |  241714      99     2902    29.3 |  0.036 % |
|       250 |  659142  1859776 |  265885     239     9657    40.4 | 11.817 % |
|       475 |  659142  1859776 |  292474     457    23564    51.6 | 14.956 % |
|       812 |  659142  1859776 |  321721     791    65756    83.1 | 17.772 % |
|      1318 |  659142  1859776 |  353893    1295   129612   100.1 | 18.259 % |
|      2077 |  659142  1859776 |  389283    2050   175203    85.5 | 19.498 % |
|      3216 |  659142  1859776 |  428211    3186   265719    83.4 | 24.781 % |
|      4924 |  407742  1235431 |  471032    4326   376955    87.1 | 25.255 % |
|      7486 |  407742  1235431 |  518135    6878   671474    97.6 | 27.865 % |
==============================================================================
Totoal time used by londex constraint checking is [B0.310000][L0.200000],apply counts 148696, apply_generated 0
restarts          :           10
conflicts         :        11055           (     4870 / sec      )
decisions         :        15121           (     6661 / sec      )
propagations      :      4533629           (  1997193 / sec      )
inspects          :     13447077           (  5923822 / sec      )
conflict literals :       961179           (    24.00 % deleted  )
CPU time          :         2.27 sec
UNSATISFIABLE

******  Solve with 24 layers Start******

creating action-based encoding:
        building rplan graph layers, up to layer [24];
        goal constraints;
        building exclusion constraints --> up to layer 24...

DECISION LAYER 24, WRITING ACTION-BASED ENCODING WITH 9125 VARS, 700611 CLAUSES.
11 G clauses, 17435 A clauses, 683165 E clauses.c CNF file planning task -p , -o /home/matheus/repo/acervo-2010/planejadores_analise_resultados/comp/blocksworld/domain.pddl, -f /home/matheus/repo/acervo-2010/planejadores_analise_resultados/comp/blocksworld/probBLOCKS-12-0.pddl, bound 24, action based encoding
In building up solver: p cnf 9125 700611
==================================[ MINISAT ]===================================
| Conflicts |     ORIGINAL     |              LEARNT              | Progress |
|           | Clauses Literals |   Limit Clauses Literals  Lit/Cl |          |
==============================================================================
|         0 |  700611  1977526 |  233537       0        0     0.0 |  0.000 % |
|       100 |  700531  1977342 |  256891      99     4227    42.7 |  0.035 % |
|       250 |  700531  1977342 |  282580     248    12320    49.7 |  9.447 % |
|       477 |  700531  1977342 |  310838     467    21886    46.9 | 18.061 % |
|       814 |  700531  1977342 |  341922     800    53038    66.3 | 21.557 % |
|      1320 |  700531  1977342 |  376114    1306    78751    60.3 | 21.557 % |
|      2079 |  700531  1977342 |  413725    2064   137054    66.4 | 21.568 % |
|      3218 |  700531  1977342 |  455098    3200   280852    87.8 | 21.689 % |
|      4926 |  700531  1977342 |  500607    4899   477388    97.4 | 21.963 % |
|      7488 |  700531  1977342 |  550668    7459   913073   122.4 | 22.028 % |
|     11332 |  471444  1408565 |  605735   11121  1634286   147.0 | 23.201 % |
|     17098 |  431795  1305934 |  666308   14905  2034741   136.5 | 29.546 % |
==============================================================================
Totoal time used by londex constraint checking is [B0.510000][L0.510000],apply counts 293857, apply_generated 0
restarts          :           12
conflicts         :        20715           (     4118 / sec      )
decisions         :        27244           (     5416 / sec      )
propagations      :      9813247           (  1950944 / sec      )
inspects          :     32447132           (  6450722 / sec      )
conflict literals :      2708825           (    31.27 % deleted  )
CPU time          :         5.03 sec
UNSATISFIABLE

******  Solve with 25 layers Start******

creating action-based encoding:
        building rplan graph layers, up to layer [25];
        goal constraints;
        building exclusion constraints --> up to layer 25...

DECISION LAYER 25, WRITING ACTION-BASED ENCODING WITH 9618 VARS, 742000 CLAUSES.
11 G clauses, 18384 A clauses, 723605 E clauses.c CNF file planning task -p , -o /home/matheus/repo/acervo-2010/planejadores_analise_resultados/comp/blocksworld/domain.pddl, -f /home/matheus/repo/acervo-2010/planejadores_analise_resultados/comp/blocksworld/probBLOCKS-12-0.pddl, bound 25, action based encoding
In building up solver: p cnf 9618 742000
==================================[ MINISAT ]===================================
| Conflicts |     ORIGINAL     |              LEARNT              | Progress |
|           | Clauses Literals |   Limit Clauses Literals  Lit/Cl |          |
==============================================================================
|         0 |  742000  2095092 |  247333       0        0     0.0 |  0.000 % |
|       101 |  741920  2094908 |  272066     100     9047    90.5 |  0.032 % |
|       251 |  741920  2094908 |  299273     241    27894   115.7 | 17.010 % |
|       476 |  741920  2094908 |  329200     460    43155    93.8 | 20.036 % |
|       813 |  741920  2094908 |  362120     795    79319    99.8 | 20.472 % |
|      1319 |  741920  2094908 |  398332    1301   149332   114.8 | 20.476 % |
|      2079 |  741920  2094908 |  438165    2058   205000    99.6 | 20.566 % |
|      3219 |  741920  2094908 |  481982    3195   402320   125.9 | 20.659 % |
|      4927 |  741920  2094908 |  530180    4896   632000   129.1 | 20.836 % |
|      7489 |  512399  1524884 |  583198    7398  1051289   142.1 | 20.993 % |
|     11333 |  508621  1515230 |  641518   11166  1664198   149.0 | 21.397 % |
|     17099 |  508621  1515230 |  705670   16931  2704276   159.7 | 21.429 % |
|     25748 |  508234  1514189 |  776237   25559  4393248   171.9 | 21.523 % |
|     38722 |  507814  1513160 |  853861   38426  7212690   187.7 | 21.627 % |
|     58183 |  507814  1513160 |  939247   57884 11150451   192.6 | 24.746 % |
==============================================================================
Totoal time used by londex constraint checking is [B1.970000][L1.810000],apply counts 1073175, apply_generated 0
restarts          :           15
conflicts         :        72202           (     2954 / sec      )
decisions         :        87313           (     3573 / sec      )
propagations      :     34927527           (  1429113 / sec      )
inspects          :    183446967           (  7506013 / sec      )
conflict literals :     13453237           (    39.52 % deleted  )
CPU time          :        24.44 sec
UNSATISFIABLE

******  Solve with 26 layers Start******

creating action-based encoding:
        building rplan graph layers, up to layer [26];
        goal constraints;
        building exclusion constraints --> up to layer 26...

DECISION LAYER 26, WRITING ACTION-BASED ENCODING WITH 10111 VARS, 783389 CLAUSES.
11 G clauses, 19333 A clauses, 764045 E clauses.c CNF file planning task -p , -o /home/matheus/repo/acervo-2010/planejadores_analise_resultados/comp/blocksworld/domain.pddl, -f /home/matheus/repo/acervo-2010/planejadores_analise_resultados/comp/blocksworld/probBLOCKS-12-0.pddl, bound 26, action based encoding
In building up solver: p cnf 10111 783389
==================================[ MINISAT ]===================================
| Conflicts |     ORIGINAL     |              LEARNT              | Progress |
|           | Clauses Literals |   Limit Clauses Literals  Lit/Cl |          |
==============================================================================
|         0 |  783389  2212658 |  261129       0        0     0.0 |  0.000 % |
|       100 |  783309  2212474 |  287242      99     3539    35.7 |  0.031 % |
|       250 |  783309  2212474 |  315966     245    28660   117.0 |  7.843 % |
|       475 |  783309  2212474 |  347563     467    46634    99.9 | 10.672 % |
|       812 |  783309  2212474 |  382319     802    60439    75.4 | 12.956 % |
|      1318 |  783309  2212474 |  420551    1299   128052    98.6 | 17.319 % |
|      2077 |  783309  2212474 |  462606    2056   225330   109.6 | 19.029 % |
|      3216 |  783309  2212474 |  508867    3191   337220   105.7 | 19.426 % |
|      4925 |  783309  2212474 |  559753    4896   568833   116.2 | 19.873 % |
|      7487 |  549158  1631321 |  615729    7322   880059   120.2 | 19.989 % |
|     11331 |  549158  1631321 |  677301   11165  1583419   141.8 | 20.021 % |
|     17097 |  549158  1631321 |  745032   16929  2517774   148.7 | 20.078 % |
|     25746 |  548275  1628968 |  819535   25560  3898145   152.5 | 21.472 % |
|     38720 |  530626  1584566 |  901488   38221  6487551   169.7 | 22.046 % |
|     58181 |  523917  1566693 |  991637   57398 10504678   183.0 | 22.313 % |
|     87373 |  523917  1566693 | 1090801   86581 17273210   199.5 | 22.512 % |
|    131163 |  497548  1499412 | 1199881  128151 28492678   222.3 | 25.113 % |
==============================================================================
Totoal time used by londex constraint checking is [B5.720000][L5.220000],apply counts 2925949, apply_generated 0
restarts          :           17
conflicts         :       182512           (     2034 / sec      )
decisions         :       212911           (     2373 / sec      )
propagations      :     97318986           (  1084697 / sec      )
inspects          :    852644564           (  9503395 / sec      )
conflict literals :     39400266           (    43.03 % deleted  )
CPU time          :        89.72 sec
UNSATISFIABLE

******  Solve with 27 layers Start******

creating action-based encoding:
        building rplan graph layers, up to layer [27];
        goal constraints;
        building exclusion constraints --> up to layer 27...

DECISION LAYER 27, WRITING ACTION-BASED ENCODING WITH 10604 VARS, 824778 CLAUSES.
11 G clauses, 20282 A clauses, 804485 E clauses.c CNF file planning task -p , -o /home/matheus/repo/acervo-2010/planejadores_analise_resultados/comp/blocksworld/domain.pddl, -f /home/matheus/repo/acervo-2010/planejadores_analise_resultados/comp/blocksworld/probBLOCKS-12-0.pddl, bound 27, action based encoding
In building up solver: p cnf 10604 824778
==================================[ MINISAT ]===================================
| Conflicts |     ORIGINAL     |              LEARNT              | Progress |
|           | Clauses Literals |   Limit Clauses Literals  Lit/Cl |          |
==============================================================================
|         0 |  824778  2330224 |  274926       0        0     0.0 |  0.000 % |
|       101 |  824698  2330040 |  302419     100     1801    18.0 |  0.029 % |
|       251 |  824698  2330040 |  332660     237    15169    64.0 |  9.780 % |
|       476 |  824698  2330040 |  365927     457    35208    77.0 | 15.362 % |
|       813 |  824698  2330040 |  402519     793    60975    76.9 | 15.391 % |
|      1319 |  824698  2330040 |  442771    1297    81944    63.2 | 15.853 % |
|      2078 |  824698  2330040 |  487048    2050   118657    57.9 | 18.578 % |
|      3218 |  824698  2330040 |  535753    3189   182997    57.4 | 18.607 % |
|      4926 |  824698  2330040 |  589328    4893   407007    83.2 | 18.738 % |
|      7489 |  824698  2330040 |  648261    7453   745632   100.0 | 18.804 % |
|     11333 |  595981  1762020 |  713087   11056  1563092   141.4 | 18.909 % |
|     17099 |  593758  1756255 |  784396   16788  2503173   149.1 | 19.004 % |
|     25748 |  593758  1756255 |  862836   25435  4184427   164.5 | 19.040 % |
|     38724 |  593361  1755211 |  949119   38398  8153140   212.3 | 19.100 % |
|     58185 |  593361  1755211 | 1044031   57857 13629620   235.6 | 19.156 % |
|     87377 |  591589  1750791 | 1148434   87030 21072407   242.1 | 20.004 % |
|    131166 |  577675  1716638 | 1263278  129783 32746194   252.3 | 20.172 % |
|    196850 |  573648  1706104 | 1389605  195287 52864035   270.7 | 21.530 % |
|    295376 |  560918  1672649 | 1528566  293309 85021165   289.9 | 22.473 % |
|    443165 |  528183  1588978 | 1681422  427587 121790348   284.8 | 26.019 % |
==============================================================================
Totoal time used by londex constraint checking is [B22.300000][L21.240000],apply counts 10728713, apply_generated 0
restarts          :           20
conflicts         :       642325           (     1077 / sec      )
decisions         :       714547           (     1198 / sec      )
propagations      :    369773624           (   619760 / sec      )
inspects          :   8291242731           ( 13896559 / sec      )
conflict literals :    180223981           (    47.18 % deleted  )
CPU time          :       596.64 sec
UNSATISFIABLE

******  Solve with 28 layers Start******

creating action-based encoding:
        building rplan graph layers, up to layer [28];
        goal constraints;
        building exclusion constraints --> up to layer 28...

DECISION LAYER 28, WRITING ACTION-BASED ENCODING WITH 11097 VARS, 866167 CLAUSES.
11 G clauses, 21231 A clauses, 844925 E clauses.c CNF file planning task -p , -o /home/matheus/repo/acervo-2010/planejadores_analise_resultados/comp/blocksworld/domain.pddl, -f /home/matheus/repo/acervo-2010/planejadores_analise_resultados/comp/blocksworld/probBLOCKS-12-0.pddl, bound 28, action based encoding
In building up solver: p cnf 11097 866167
==================================[ MINISAT ]===================================
| Conflicts |     ORIGINAL     |              LEARNT              | Progress |
|           | Clauses Literals |   Limit Clauses Literals  Lit/Cl |          |
==============================================================================
|         0 |  866167  2447790 |  288722       0        0     0.0 |  0.000 % |
|       100 |  866087  2447606 |  317594      99    10458   105.6 |  0.028 % |
|       250 |  866087  2447606 |  349354     249    15823    63.5 |  0.027 % |
|       476 |  866087  2447606 |  384289     474    19380    40.9 |  6.236 % |
|       813 |  866087  2447606 |  422718     800    88728   110.9 | 10.327 % |
|      1319 |  866087  2447606 |  464990    1303   126870    97.4 | 11.309 % |
|      2078 |  866087  2447606 |  511489    2055   161196    78.4 | 12.346 % |
|      3217 |  866087  2447606 |  562637    3187   267076    83.8 | 16.185 % |
|      4925 |  866087  2447606 |  618901    4890   437306    89.4 | 17.816 % |
|      7487 |  866087  2447606 |  680791    7451   863820   115.9 | 17.843 % |
|     11331 |  638970  1883419 |  748871   11083  1527146   137.8 | 17.897 % |
|     17097 |  638970  1883419 |  823758   16847  2919816   173.3 | 17.942 % |
|     25746 |  637918  1880829 |  906133   25476  5226376   205.1 | 17.969 % |
|     38720 |  637918  1880829 |  996747   38449  9073805   236.0 | 17.996 % |
|     58181 |  637430  1879566 | 1096421   57905 15278326   263.9 | 18.025 % |
|     87373 |  637430  1879566 | 1206063   87095 24467904   280.9 | 18.077 % |
