MaxPlanII beta.

bb: parsing domain file
domain 'BLOCKS' defined
 ... done.
bb: parsing problem file
problem 'BLOCKS-13-1' defined
 ... done.


******  Solve with 1 layers Start******

creating action-based encoding:
        building rplan graph layers, up to layer [1];
        goal constraints;

no achiever in for goal?? deadline too low!#001


******  Solve with 2 layers Start******

creating action-based encoding:
        building rplan graph layers, up to layer [2];
        goal constraints;

no achiever in for goal?? deadline too low!#001


******  Solve with 3 layers Start******

creating action-based encoding:
        building rplan graph layers, up to layer [3];
        goal constraints;

no achiever in for goal?? deadline too low!#001


******  Solve with 4 layers Start******

creating action-based encoding:
        building rplan graph layers, up to layer [4];
        goal constraints;

no achiever in for goal?? deadline too low!#001


******  Solve with 5 layers Start******

creating action-based encoding:
        building rplan graph layers, up to layer [5];
        goal constraints;

no achiever in for goal?? deadline too low!#001


******  Solve with 6 layers Start******

creating action-based encoding:
        building rplan graph layers, up to layer [6];
        goal constraints;

no achiever in for goal?? deadline too low!#001


******  Solve with 7 layers Start******

creating action-based encoding:
        building rplan graph layers, up to layer [7];
        goal constraints;

no achiever in for goal?? deadline too low!#001


******  Solve with 8 layers Start******

creating action-based encoding:
        building rplan graph layers, up to layer [8];
        goal constraints;

no achiever in for goal?? deadline too low!#001


******  Solve with 9 layers Start******

creating action-based encoding:
        building rplan graph layers, up to layer [9];
        goal constraints;

no achiever in for goal?? deadline too low!#001


******  Solve with 10 layers Start******

creating action-based encoding:
        building rplan graph layers, up to layer [10];
        goal constraints;

no achiever in for goal?? deadline too low!#001


******  Solve with 11 layers Start******

creating action-based encoding:
        building rplan graph layers, up to layer [11];
        goal constraints;

no achiever in for goal?? deadline too low!#001


******  Solve with 12 layers Start******

creating action-based encoding:
        building rplan graph layers, up to layer [12];
        goal constraints;
        building exclusion constraints --> up to layer 12...

DECISION LAYER 12, WRITING ACTION-BASED ENCODING WITH 2859 VARS, 175540 CLAUSES.
12 G clauses, 5354 A clauses, 170174 E clauses.c CNF file planning task -p , -o /home/matheus/repo/acervo-2010/planejadores_analise_resultados/comp/blocksworld/domain.pddl, -f /home/matheus/repo/acervo-2010/planejadores_analise_resultados/comp/blocksworld/probBLOCKS-13-1.pddl, bound 12, action based encoding
In building up solver: p cnf 2859 175540
==================================[ MINISAT ]===================================
| Conflicts |     ORIGINAL     |              LEARNT              | Progress |
|           | Clauses Literals |   Limit Clauses Literals  Lit/Cl |          |
==============================================================================
|         0 |  165543   461447 |   55181       0        0     0.0 |  0.000 % |
==============================================================================
Totoal time used by londex constraint checking is [B0.000000][L0.000000],apply counts 3, apply_generated 0
restarts          :            1
conflicts         :            1           (      inf / sec      )
decisions         :            0           (      nan / sec      )
propagations      :          224           (      inf / sec      )
inspects          :          321           (      inf / sec      )
conflict literals :            0           (      nan % deleted  )
CPU time          :         0.00 sec
UNSATISFIABLE

******  Solve with 13 layers Start******

creating action-based encoding:
        building rplan graph layers, up to layer [13];
        goal constraints;
        building exclusion constraints --> up to layer 13...

DECISION LAYER 13, WRITING ACTION-BASED ENCODING WITH 3432 VARS, 231285 CLAUSES.
12 G clauses, 6460 A clauses, 224813 E clauses.c CNF file planning task -p , -o /home/matheus/repo/acervo-2010/planejadores_analise_resultados/comp/blocksworld/domain.pddl, -f /home/matheus/repo/acervo-2010/planejadores_analise_resultados/comp/blocksworld/probBLOCKS-13-1.pddl, bound 13, action based encoding
In building up solver: p cnf 3432 231285
==================================[ MINISAT ]===================================
| Conflicts |     ORIGINAL     |              LEARNT              | Progress |
|           | Clauses Literals |   Limit Clauses Literals  Lit/Cl |          |
==============================================================================
|         0 |  231285   638574 |   77095       0        0     0.0 |  0.000 % |
==============================================================================
Totoal time used by londex constraint checking is [B0.000000][L0.000000],apply counts 11, apply_generated 0
restarts          :            1
conflicts         :            3           (      inf / sec      )
decisions         :            2           (      inf / sec      )
propagations      :         1194           (      inf / sec      )
inspects          :         2164           (      inf / sec      )
conflict literals :            2           (     0.00 % deleted  )
CPU time          :         0.00 sec
UNSATISFIABLE

******  Solve with 14 layers Start******

creating action-based encoding:
        building rplan graph layers, up to layer [14];
        goal constraints;
        building exclusion constraints --> up to layer 14...

DECISION LAYER 14, WRITING ACTION-BASED ENCODING WITH 4005 VARS, 287030 CLAUSES.
12 G clauses, 7566 A clauses, 279452 E clauses.c CNF file planning task -p , -o /home/matheus/repo/acervo-2010/planejadores_analise_resultados/comp/blocksworld/domain.pddl, -f /home/matheus/repo/acervo-2010/planejadores_analise_resultados/comp/blocksworld/probBLOCKS-13-1.pddl, bound 14, action based encoding
In building up solver: p cnf 4005 287030
==================================[ MINISAT ]===================================
| Conflicts |     ORIGINAL     |              LEARNT              | Progress |
|           | Clauses Literals |   Limit Clauses Literals  Lit/Cl |          |
==============================================================================
|         0 |  287030   796292 |   95676       0        0     0.0 |  0.000 % |
==============================================================================
Totoal time used by londex constraint checking is [B0.000000][L0.000000],apply counts 181, apply_generated 0
restarts          :            1
conflicts         :            8           (      400 / sec      )
decisions         :          141           (     7050 / sec      )
propagations      :         3873           (   193650 / sec      )
inspects          :         7860           (   393000 / sec      )
conflict literals :           69           (     1.43 % deleted  )
CPU time          :         0.02 sec
UNSATISFIABLE

******  Solve with 15 layers Start******

creating action-based encoding:
        building rplan graph layers, up to layer [15];
        goal constraints;
        building exclusion constraints --> up to layer 15...

DECISION LAYER 15, WRITING ACTION-BASED ENCODING WITH 4578 VARS, 342775 CLAUSES.
12 G clauses, 8672 A clauses, 334091 E clauses.c CNF file planning task -p , -o /home/matheus/repo/acervo-2010/planejadores_analise_resultados/comp/blocksworld/domain.pddl, -f /home/matheus/repo/acervo-2010/planejadores_analise_resultados/comp/blocksworld/probBLOCKS-13-1.pddl, bound 15, action based encoding
In building up solver: p cnf 4578 342775
==================================[ MINISAT ]===================================
| Conflicts |     ORIGINAL     |              LEARNT              | Progress |
|           | Clauses Literals |   Limit Clauses Literals  Lit/Cl |          |
==============================================================================
|         0 |  342775   954010 |  114258       0        0     0.0 |  0.000 % |
==============================================================================
Totoal time used by londex constraint checking is [B0.000000][L0.000000],apply counts 143, apply_generated 0
restarts          :            1
conflicts         :            6           (      300 / sec      )
decisions         :          100           (     5000 / sec      )
propagations      :         4400           (   220000 / sec      )
inspects          :         7129           (   356450 / sec      )
conflict literals :           92           (    12.38 % deleted  )
CPU time          :         0.02 sec
UNSATISFIABLE

******  Solve with 16 layers Start******

creating action-based encoding:
        building rplan graph layers, up to layer [16];
        goal constraints;
        building exclusion constraints --> up to layer 16...

DECISION LAYER 16, WRITING ACTION-BASED ENCODING WITH 5151 VARS, 398520 CLAUSES.
12 G clauses, 9778 A clauses, 388730 E clauses.c CNF file planning task -p , -o /home/matheus/repo/acervo-2010/planejadores_analise_resultados/comp/blocksworld/domain.pddl, -f /home/matheus/repo/acervo-2010/planejadores_analise_resultados/comp/blocksworld/probBLOCKS-13-1.pddl, bound 16, action based encoding
In building up solver: p cnf 5151 398520
==================================[ MINISAT ]===================================
| Conflicts |     ORIGINAL     |              LEARNT              | Progress |
|           | Clauses Literals |   Limit Clauses Literals  Lit/Cl |          |
==============================================================================
|         0 |  398520  1111728 |  132840       0        0     0.0 |  0.000 % |
==============================================================================
Totoal time used by londex constraint checking is [B0.000000][L0.000000],apply counts 207, apply_generated 0
restarts          :            1
conflicts         :           13           (     1300 / sec      )
decisions         :          108           (    10800 / sec      )
propagations      :        10679           (  1067900 / sec      )
inspects          :        17512           (  1751200 / sec      )
conflict literals :          494           (    16.97 % deleted  )
CPU time          :         0.01 sec
UNSATISFIABLE

******  Solve with 17 layers Start******

creating action-based encoding:
        building rplan graph layers, up to layer [17];
        goal constraints;
        building exclusion constraints --> up to layer 17...

DECISION LAYER 17, WRITING ACTION-BASED ENCODING WITH 5724 VARS, 454265 CLAUSES.
12 G clauses, 10884 A clauses, 443369 E clauses.c CNF file planning task -p , -o /home/matheus/repo/acervo-2010/planejadores_analise_resultados/comp/blocksworld/domain.pddl, -f /home/matheus/repo/acervo-2010/planejadores_analise_resultados/comp/blocksworld/probBLOCKS-13-1.pddl, bound 17, action based encoding
In building up solver: p cnf 5724 454265
==================================[ MINISAT ]===================================
| Conflicts |     ORIGINAL     |              LEARNT              | Progress |
|           | Clauses Literals |   Limit Clauses Literals  Lit/Cl |          |
==============================================================================
|         0 |  454265  1269446 |  151421       0        0     0.0 |  0.000 % |
==============================================================================
Totoal time used by londex constraint checking is [B0.000000][L0.010000],apply counts 460, apply_generated 0
restarts          :            1
conflicts         :           16           (     1600 / sec      )
decisions         :          209           (    20900 / sec      )
propagations      :        11067           (  1106700 / sec      )
inspects          :        20617           (  2061700 / sec      )
conflict literals :          672           (    11.70 % deleted  )
CPU time          :         0.01 sec
UNSATISFIABLE

******  Solve with 18 layers Start******

creating action-based encoding:
        building rplan graph layers, up to layer [18];
        goal constraints;
        building exclusion constraints --> up to layer 18...

DECISION LAYER 18, WRITING ACTION-BASED ENCODING WITH 6297 VARS, 510010 CLAUSES.
12 G clauses, 11990 A clauses, 498008 E clauses.c CNF file planning task -p , -o /home/matheus/repo/acervo-2010/planejadores_analise_resultados/comp/blocksworld/domain.pddl, -f /home/matheus/repo/acervo-2010/planejadores_analise_resultados/comp/blocksworld/probBLOCKS-13-1.pddl, bound 18, action based encoding
In building up solver: p cnf 6297 510010
==================================[ MINISAT ]===================================
| Conflicts |     ORIGINAL     |              LEARNT              | Progress |
|           | Clauses Literals |   Limit Clauses Literals  Lit/Cl |          |
==============================================================================
|         0 |  510010  1427164 |  170003       0        0     0.0 |  0.000 % |
==============================================================================
Totoal time used by londex constraint checking is [B0.000000][L0.000000],apply counts 956, apply_generated 0
restarts          :            1
conflicts         :           73           (     7300 / sec      )
decisions         :          337           (    33700 / sec      )
propagations      :        35625           (  3562500 / sec      )
inspects          :        78149           (  7814900 / sec      )
conflict literals :         4731           (     7.45 % deleted  )
CPU time          :         0.01 sec
UNSATISFIABLE

******  Solve with 19 layers Start******

creating action-based encoding:
        building rplan graph layers, up to layer [19];
        goal constraints;
        building exclusion constraints --> up to layer 19...

DECISION LAYER 19, WRITING ACTION-BASED ENCODING WITH 6870 VARS, 565755 CLAUSES.
12 G clauses, 13096 A clauses, 552647 E clauses.c CNF file planning task -p , -o /home/matheus/repo/acervo-2010/planejadores_analise_resultados/comp/blocksworld/domain.pddl, -f /home/matheus/repo/acervo-2010/planejadores_analise_resultados/comp/blocksworld/probBLOCKS-13-1.pddl, bound 19, action based encoding
In building up solver: p cnf 6870 565755
==================================[ MINISAT ]===================================
| Conflicts |     ORIGINAL     |              LEARNT              | Progress |
|           | Clauses Literals |   Limit Clauses Literals  Lit/Cl |          |
==============================================================================
|         0 |  565755  1584882 |  188585       0        0     0.0 |  0.000 % |
==============================================================================
Totoal time used by londex constraint checking is [B0.010000][L0.000000],apply counts 1074, apply_generated 0
restarts          :            1
conflicts         :           42           (     2100 / sec      )
decisions         :          296           (    14800 / sec      )
propagations      :        33627           (  1681350 / sec      )
inspects          :        68452           (  3422600 / sec      )
conflict literals :         2247           (     9.80 % deleted  )
CPU time          :         0.02 sec
UNSATISFIABLE

******  Solve with 20 layers Start******

creating action-based encoding:
        building rplan graph layers, up to layer [20];
        goal constraints;
        building exclusion constraints --> up to layer 20...

DECISION LAYER 20, WRITING ACTION-BASED ENCODING WITH 7443 VARS, 621500 CLAUSES.
12 G clauses, 14202 A clauses, 607286 E clauses.c CNF file planning task -p , -o /home/matheus/repo/acervo-2010/planejadores_analise_resultados/comp/blocksworld/domain.pddl, -f /home/matheus/repo/acervo-2010/planejadores_analise_resultados/comp/blocksworld/probBLOCKS-13-1.pddl, bound 20, action based encoding
In building up solver: p cnf 7443 621500
==================================[ MINISAT ]===================================
| Conflicts |     ORIGINAL     |              LEARNT              | Progress |
|           | Clauses Literals |   Limit Clauses Literals  Lit/Cl |          |
==============================================================================
|         0 |  621500  1742600 |  207166       0        0     0.0 |  0.000 % |
|       100 |  621443  1742471 |  227883      99     9529    96.3 |  0.043 % |
==============================================================================
Totoal time used by londex constraint checking is [B0.010000][L0.010000],apply counts 2913, apply_generated 0
restarts          :            2
conflicts         :          163           (     4075 / sec      )
decisions         :          661           (    16525 / sec      )
propagations      :        67881           (  1697025 / sec      )
inspects          :       175235           (  4380875 / sec      )
conflict literals :        10087           (     8.91 % deleted  )
CPU time          :         0.04 sec
UNSATISFIABLE

******  Solve with 21 layers Start******

creating action-based encoding:
        building rplan graph layers, up to layer [21];
        goal constraints;
        building exclusion constraints --> up to layer 21...

DECISION LAYER 21, WRITING ACTION-BASED ENCODING WITH 8016 VARS, 677245 CLAUSES.
12 G clauses, 15308 A clauses, 661925 E clauses.c CNF file planning task -p , -o /home/matheus/repo/acervo-2010/planejadores_analise_resultados/comp/blocksworld/domain.pddl, -f /home/matheus/repo/acervo-2010/planejadores_analise_resultados/comp/blocksworld/probBLOCKS-13-1.pddl, bound 21, action based encoding
In building up solver: p cnf 8016 677245
==================================[ MINISAT ]===================================
| Conflicts |     ORIGINAL     |              LEARNT              | Progress |
|           | Clauses Literals |   Limit Clauses Literals  Lit/Cl |          |
==============================================================================
|         0 |  677245  1900318 |  225748       0        0     0.0 |  0.000 % |
|       100 |  677188  1900189 |  248323      99     6481    65.5 |  0.039 % |
|       250 |  677188  1900189 |  273155     242    17003    70.3 | 15.932 % |
==============================================================================
Totoal time used by londex constraint checking is [B0.020000][L0.000000],apply counts 6040, apply_generated 0
restarts          :            3
conflicts         :          416           (     5200 / sec      )
decisions         :          931           (    11638 / sec      )
propagations      :       225781           (  2822262 / sec      )
inspects          :       564185           (  7052312 / sec      )
conflict literals :        22037           (    10.75 % deleted  )
CPU time          :         0.08 sec
UNSATISFIABLE

******  Solve with 22 layers Start******

creating action-based encoding:
        building rplan graph layers, up to layer [22];
        goal constraints;
        building exclusion constraints --> up to layer 22...

DECISION LAYER 22, WRITING ACTION-BASED ENCODING WITH 8589 VARS, 732990 CLAUSES.
12 G clauses, 16414 A clauses, 716564 E clauses.c CNF file planning task -p , -o /home/matheus/repo/acervo-2010/planejadores_analise_resultados/comp/blocksworld/domain.pddl, -f /home/matheus/repo/acervo-2010/planejadores_analise_resultados/comp/blocksworld/probBLOCKS-13-1.pddl, bound 22, action based encoding
In building up solver: p cnf 8589 732990
==================================[ MINISAT ]===================================
| Conflicts |     ORIGINAL     |              LEARNT              | Progress |
|           | Clauses Literals |   Limit Clauses Literals  Lit/Cl |          |
==============================================================================
|         0 |  732990  2058036 |  244330       0        0     0.0 |  0.000 % |
|       101 |  732933  2057907 |  268763     100     3552    35.5 |  0.036 % |
|       251 |  732933  2057907 |  295639     241    16336    67.8 | 10.213 % |
|       476 |  732933  2057907 |  325203     437    26586    60.8 | 35.572 % |
==============================================================================
Totoal time used by londex constraint checking is [B0.010000][L0.010000],apply counts 7494, apply_generated 0
restarts          :            4
conflicts         :          482           (     4382 / sec      )
decisions         :         1464           (    13309 / sec      )
propagations      :       254740           (  2315818 / sec      )
inspects          :       668948           (  6081345 / sec      )
conflict literals :        26694           (     9.45 % deleted  )
CPU time          :         0.11 sec
UNSATISFIABLE

******  Solve with 23 layers Start******

creating action-based encoding:
        building rplan graph layers, up to layer [23];
        goal constraints;
        building exclusion constraints --> up to layer 23...

DECISION LAYER 23, WRITING ACTION-BASED ENCODING WITH 9162 VARS, 788735 CLAUSES.
12 G clauses, 17520 A clauses, 771203 E clauses.c CNF file planning task -p , -o /home/matheus/repo/acervo-2010/planejadores_analise_resultados/comp/blocksworld/domain.pddl, -f /home/matheus/repo/acervo-2010/planejadores_analise_resultados/comp/blocksworld/probBLOCKS-13-1.pddl, bound 23, action based encoding
In building up solver: p cnf 9162 788735
==================================[ MINISAT ]===================================
| Conflicts |     ORIGINAL     |              LEARNT              | Progress |
|           | Clauses Literals |   Limit Clauses Literals  Lit/Cl |          |
==============================================================================
|         0 |  788735  2215754 |  262911       0        0     0.0 |  0.000 % |
|       100 |  788678  2215625 |  289202      99    11619   117.4 |  0.036 % |
==============================================================================
Totoal time used by londex constraint checking is [B0.000000][L0.020000],apply counts 4534, apply_generated 0
restarts          :            2
conflicts         :          250           (     3571 / sec      )
decisions         :          764           (    10914 / sec      )
propagations      :       172257           (  2460814 / sec      )
inspects          :       404483           (  5778329 / sec      )
conflict literals :        26344           (    10.04 % deleted  )
CPU time          :         0.07 sec
UNSATISFIABLE

******  Solve with 24 layers Start******

creating action-based encoding:
        building rplan graph layers, up to layer [24];
        goal constraints;
        building exclusion constraints --> up to layer 24...

DECISION LAYER 24, WRITING ACTION-BASED ENCODING WITH 9735 VARS, 844480 CLAUSES.
12 G clauses, 18626 A clauses, 825842 E clauses.c CNF file planning task -p , -o /home/matheus/repo/acervo-2010/planejadores_analise_resultados/comp/blocksworld/domain.pddl, -f /home/matheus/repo/acervo-2010/planejadores_analise_resultados/comp/blocksworld/probBLOCKS-13-1.pddl, bound 24, action based encoding
In building up solver: p cnf 9735 844480
==================================[ MINISAT ]===================================
| Conflicts |     ORIGINAL     |              LEARNT              | Progress |
|           | Clauses Literals |   Limit Clauses Literals  Lit/Cl |          |
==============================================================================
|         0 |  844480  2373472 |  281493       0        0     0.0 |  0.000 % |
|       103 |  844423  2373343 |  309642     102     8292    81.3 |  0.033 % |
|       253 |  844423  2373343 |  340607     240    21869    91.1 | 22.713 % |
|       478 |  844423  2373343 |  374667     458    37728    82.4 | 28.076 % |
|       815 |  844423  2373343 |  412134     785    62674    79.8 | 32.471 % |
|      1321 |  844423  2373343 |  453347    1268   100854    79.5 | 55.769 % |
==============================================================================
Totoal time used by londex constraint checking is [B0.060000][L0.050000],apply counts 22917, apply_generated 0
restarts          :            6
conflicts         :         1394           (     4224 / sec      )
decisions         :         2894           (     8770 / sec      )
propagations      :       554093           (  1679070 / sec      )
inspects          :      1710527           (  5183415 / sec      )
conflict literals :       104712           (    18.58 % deleted  )
CPU time          :         0.33 sec
UNSATISFIABLE

******  Solve with 25 layers Start******

creating action-based encoding:
        building rplan graph layers, up to layer [25];
        goal constraints;
        building exclusion constraints --> up to layer 25...

DECISION LAYER 25, WRITING ACTION-BASED ENCODING WITH 10308 VARS, 900225 CLAUSES.
12 G clauses, 19732 A clauses, 880481 E clauses.c CNF file planning task -p , -o /home/matheus/repo/acervo-2010/planejadores_analise_resultados/comp/blocksworld/domain.pddl, -f /home/matheus/repo/acervo-2010/planejadores_analise_resultados/comp/blocksworld/probBLOCKS-13-1.pddl, bound 25, action based encoding
In building up solver: p cnf 10308 900225
==================================[ MINISAT ]===================================
| Conflicts |     ORIGINAL     |              LEARNT              | Progress |
|           | Clauses Literals |   Limit Clauses Literals  Lit/Cl |          |
==============================================================================
|         0 |  900225  2531190 |  300075       0        0     0.0 |  0.000 % |
|       100 |  900168  2531061 |  330082      99     2509    25.3 |  0.030 % |
|       250 |  900168  2531061 |  363091     240     9904    41.3 | 13.786 % |
|       476 |  900168  2531061 |  399400     456    24061    52.8 | 24.826 % |
|       813 |  900168  2531061 |  439340     787    37673    47.9 | 30.695 % |
|      1319 |  900168  2531061 |  483274    1278    64232    50.3 | 33.025 % |
|      2078 |  900168  2531061 |  531601    2022    97721    48.3 | 46.480 % |
==============================================================================
Totoal time used by londex constraint checking is [B0.050000][L0.090000],apply counts 26252, apply_generated 0
restarts          :            7
conflicts         :         2608           (     7451 / sec      )
decisions         :         4212           (    12034 / sec      )
propagations      :       783912           (  2239749 / sec      )
inspects          :      2628642           (  7510406 / sec      )
conflict literals :       122952           (    15.28 % deleted  )
CPU time          :         0.35 sec
UNSATISFIABLE

******  Solve with 26 layers Start******

creating action-based encoding:
        building rplan graph layers, up to layer [26];
        goal constraints;
        building exclusion constraints --> up to layer 26...

DECISION LAYER 26, WRITING ACTION-BASED ENCODING WITH 10881 VARS, 955970 CLAUSES.
12 G clauses, 20838 A clauses, 935120 E clauses.c CNF file planning task -p , -o /home/matheus/repo/acervo-2010/planejadores_analise_resultados/comp/blocksworld/domain.pddl, -f /home/matheus/repo/acervo-2010/planejadores_analise_resultados/comp/blocksworld/probBLOCKS-13-1.pddl, bound 26, action based encoding
In building up solver: p cnf 10881 955970
==================================[ MINISAT ]===================================
| Conflicts |     ORIGINAL     |              LEARNT              | Progress |
|           | Clauses Literals |   Limit Clauses Literals  Lit/Cl |          |
==============================================================================
|         0 |  955970  2688908 |  318656       0        0     0.0 |  0.000 % |
|       100 |  955913  2688779 |  350522      99     2006    20.3 |  0.028 % |
|       250 |  955913  2688779 |  385574     240    16782    69.9 |  8.492 % |
|       475 |  955913  2688779 |  424131     456    38748    85.0 | 14.678 % |
|       812 |  955913  2688779 |  466544     785    81183   103.4 | 18.694 % |
|      1318 |  955913  2688779 |  513199    1286   116695    90.7 | 27.167 % |
|      2077 |  955913  2688779 |  564519    2043   173382    84.9 | 28.904 % |
|      3216 |  955913  2688779 |  620970    3176   251328    79.1 | 29.345 % |
|      4924 |  955913  2688779 |  683067    4880   384075    78.7 | 29.401 % |
|      7486 |  955913  2688779 |  751374    7419   617873    83.3 | 29.997 % |
==============================================================================
Totoal time used by londex constraint checking is [B0.230000][L0.180000],apply counts 91329, apply_generated 0
restarts          :           10
conflicts         :         7670           (     4917 / sec      )
decisions         :        10508           (     6736 / sec      )
propagations      :      3203694           (  2053650 / sec      )
inspects          :      9705431           (  6221430 / sec      )
conflict literals :       628996           (    24.28 % deleted  )
CPU time          :         1.56 sec
UNSATISFIABLE

******  Solve with 27 layers Start******

creating action-based encoding:
        building rplan graph layers, up to layer [27];
        goal constraints;
        building exclusion constraints --> up to layer 27...

DECISION LAYER 27, WRITING ACTION-BASED ENCODING WITH 11454 VARS, 1011715 CLAUSES.
12 G clauses, 21944 A clauses, 989759 E clauses.c CNF file planning task -p , -o /home/matheus/repo/acervo-2010/planejadores_analise_resultados/comp/blocksworld/domain.pddl, -f /home/matheus/repo/acervo-2010/planejadores_analise_resultados/comp/blocksworld/probBLOCKS-13-1.pddl, bound 27, action based encoding
In building up solver: p cnf 11454 1011715
==================================[ MINISAT ]===================================
| Conflicts |     ORIGINAL     |              LEARNT              | Progress |
|           | Clauses Literals |   Limit Clauses Literals  Lit/Cl |          |
==============================================================================
|         0 | 1011715  2846626 |  337238       0        0     0.0 |  0.000 % |
|       100 | 1011658  2846497 |  370962      99    19400   196.0 |  0.027 % |
|       250 | 1011658  2846497 |  408058     240    48401   201.7 |  8.521 % |
|       475 | 1011658  2846497 |  448864     451    69506   154.1 | 23.521 % |
|       812 | 1011658  2846497 |  493750     784    80791   103.0 | 23.967 % |
|      1318 | 1011658  2846497 |  543125    1287   129575   100.7 | 25.354 % |
|      2077 | 1011658  2846497 |  597438    2044   162602    79.6 | 27.510 % |
|      3218 | 1011658  2846497 |  657181    3182   258386    81.2 | 27.589 % |
|      4926 | 1011658  2846497 |  722900    4889   549563   112.4 | 27.615 % |
|      7488 | 1011658  2846497 |  795190    7451   899928   120.8 | 27.615 % |
|     11332 |  606668  1835778 |  874709   11145  1853755   166.3 | 27.643 % |
|     17098 |  606668  1835778 |  962179   16900  2428889   143.7 | 27.895 % |
|     25747 |  602336  1824360 | 1058397   25377  3562401   140.4 | 35.273 % |
==============================================================================
Totoal time used by londex constraint checking is [B1.000000][L0.720000],apply counts 435273, apply_generated 0
restarts          :           13
conflicts         :        29609           (     3655 / sec      )
decisions         :        36681           (     4529 / sec      )
propagations      :     12566090           (  1551369 / sec      )
inspects          :     50747341           (  6265104 / sec      )
conflict literals :      3906471           (    33.90 % deleted  )
CPU time          :         8.10 sec
UNSATISFIABLE

******  Solve with 28 layers Start******

creating action-based encoding:
        building rplan graph layers, up to layer [28];
        goal constraints;
        building exclusion constraints --> up to layer 28...

DECISION LAYER 28, WRITING ACTION-BASED ENCODING WITH 12027 VARS, 1067460 CLAUSES.
12 G clauses, 23050 A clauses, 1044398 E clauses.c CNF file planning task -p , -o /home/matheus/repo/acervo-2010/planejadores_analise_resultados/comp/blocksworld/domain.pddl, -f /home/matheus/repo/acervo-2010/planejadores_analise_resultados/comp/blocksworld/probBLOCKS-13-1.pddl, bound 28, action based encoding
In building up solver: p cnf 12027 1067460
==================================[ MINISAT ]===================================
| Conflicts |     ORIGINAL     |              LEARNT              | Progress |
|           | Clauses Literals |   Limit Clauses Literals  Lit/Cl |          |
==============================================================================
|         0 | 1067460  3004344 |  355820       0        0     0.0 |  0.000 % |
|       100 | 1067403  3004215 |  391402      99     1033    10.4 |  0.025 % |
|       250 | 1067403  3004215 |  430542     243    19393    79.8 |  4.290 % |
|       475 | 1067403  3004215 |  473596     468    22499    48.1 |  4.291 % |
|       812 | 1067403  3004215 |  520956     793    43994    55.5 | 11.408 % |
|      1318 | 1067403  3004215 |  573052    1288    78895    61.3 | 18.717 % |
|      2077 | 1067403  3004215 |  630357    2043   147782    72.3 | 20.205 % |
|      3216 | 1067403  3004215 |  693393    3177   277166    87.2 | 22.433 % |
|      4924 | 1067403  3004215 |  762732    4883   555973   113.9 | 26.141 % |
|      7486 | 1067403  3004215 |  839005    7444   795250   106.8 | 26.152 % |
|     11330 |  662848  1994094 |  922905   10823  1200297   110.9 | 26.275 % |
|     17096 |  661464  1990273 | 1015196   16574  1958160   118.1 | 26.333 % |
|     25745 |  661464  1990273 | 1116716   25221  3319414   131.6 | 26.382 % |
|     38719 |  661002  1989036 | 1228387   38177  4864692   127.4 | 26.433 % |
|     58180 |  660076  1986683 | 1351226   57597  9612192   166.9 | 26.583 % |
|     87372 |  657405  1979739 | 1486348   86646 16876371   194.8 | 26.915 % |
|    131161 |  654408  1971328 | 1634983  129825 25184023   194.0 | 28.960 % |
==============================================================================
Totoal time used by londex constraint checking is [B3.810000][L3.630000],apply counts 1985519, apply_generated 0
restarts          :           17
conflicts         :       140558           (     2590 / sec      )
decisions         :       162841           (     3001 / sec      )
propagations      :     59234564           (  1091680 / sec      )
inspects          :    451787585           (  8326347 / sec      )
conflict literals :     26818641           (    40.43 % deleted  )
CPU time          :        54.26 sec
UNSATISFIABLE

******  Solve with 29 layers Start******

creating action-based encoding:
        building rplan graph layers, up to layer [29];
        goal constraints;
        building exclusion constraints --> up to layer 29...

DECISION LAYER 29, WRITING ACTION-BASED ENCODING WITH 12600 VARS, 1123205 CLAUSES.
12 G clauses, 24156 A clauses, 1099037 E clauses.c CNF file planning task -p , -o /home/matheus/repo/acervo-2010/planejadores_analise_resultados/comp/blocksworld/domain.pddl, -f /home/matheus/repo/acervo-2010/planejadores_analise_resultados/comp/blocksworld/probBLOCKS-13-1.pddl, bound 29, action based encoding
In building up solver: p cnf 12600 1123205
==================================[ MINISAT ]===================================
| Conflicts |     ORIGINAL     |              LEARNT              | Progress |
|           | Clauses Literals |   Limit Clauses Literals  Lit/Cl |          |
==============================================================================
|         0 | 1123205  3162062 |  374401       0        0     0.0 |  0.000 % |
|       100 | 1123148  3161933 |  411841      99     1125    11.4 |  0.024 % |
|       250 | 1123148  3161933 |  453025     249     4364    17.5 |  0.024 % |
|       475 | 1123148  3161933 |  498328     473    22753    48.1 |  0.167 % |
|       812 | 1123148  3161933 |  548161     805    62933    78.2 |  7.087 % |
|      1318 | 1123148  3161933 |  602977    1300    94020    72.3 | 22.127 % |
|      2077 | 1123148  3161933 |  663274    2057   153660    74.7 | 22.921 % |
|      3216 | 1123148  3161933 |  729602    3195   293983    92.0 | 24.922 % |
|      4924 | 1123148  3161933 |  802562    4899   578202   118.0 | 25.032 % |
|      7486 | 1123148  3161933 |  882818    7460  1231874   165.1 | 25.057 % |
|     11331 | 1123148  3161933 |  971100   11303  1884991   166.8 | 25.103 % |
|     17097 |  718112  2150504 | 1068210   16696  2991490   179.2 | 25.183 % |
|     25746 |  718112  2150504 | 1175031   25341  4846688   191.3 | 25.263 % |
|     38720 |  717110  2147787 | 1292534   38283  7933249   207.2 | 25.461 % |
|     58181 |  714087  2139626 | 1421787   57025 13873672   243.3 | 26.017 % |
|     87373 |  621028  1900440 | 1563966   81934 18684029   228.0 | 34.358 % |
==============================================================================
Totoal time used by londex constraint checking is [B3.140000][L2.680000],apply counts 1518917, apply_generated 0
restarts          :           16
conflicts         :        95865           (     2086 / sec      )
decisions         :       116131           (     2527 / sec      )
propagations      :     45849935           (   997822 / sec      )
inspects          :    270329327           (  5883119 / sec      )
conflict literals :     21883914           (    36.18 % deleted  )
CPU time          :        45.95 sec
UNSATISFIABLE

******  Solve with 30 layers Start******

creating action-based encoding:
        building rplan graph layers, up to layer [30];
        goal constraints;
        building exclusion constraints --> up to layer 30...

DECISION LAYER 30, WRITING ACTION-BASED ENCODING WITH 13173 VARS, 1178950 CLAUSES.
12 G clauses, 25262 A clauses, 1153676 E clauses.c CNF file planning task -p , -o /home/matheus/repo/acervo-2010/planejadores_analise_resultados/comp/blocksworld/domain.pddl, -f /home/matheus/repo/acervo-2010/planejadores_analise_resultados/comp/blocksworld/probBLOCKS-13-1.pddl, bound 30, action based encoding
In building up solver: p cnf 13173 1178950
==================================[ MINISAT ]===================================
| Conflicts |     ORIGINAL     |              LEARNT              | Progress |
|           | Clauses Literals |   Limit Clauses Literals  Lit/Cl |          |
==============================================================================
|         0 | 1178950  3319780 |  392983       0        0     0.0 |  0.000 % |
|       101 | 1178893  3319651 |  432281     100     9304    93.0 |  0.023 % |
|       251 | 1178893  3319651 |  475509     250    11699    46.8 |  0.023 % |
|       477 | 1178893  3319651 |  523060     476    20105    42.2 |  0.023 % |
|       814 | 1178893  3319651 |  575366     800    49610    62.0 | 11.068 % |
|      1321 | 1178893  3319651 |  632903    1303   110711    85.0 | 18.401 % |
|      2080 | 1178893  3319651 |  696193    2054   257538   125.4 | 22.638 % |
|      3219 | 1178893  3319651 |  765813    3188   462999   145.2 | 23.928 % |
|      4929 | 1178893  3319651 |  842394    4897   685500   140.0 | 23.951 % |
|      7491 | 1178893  3319651 |  926633    7457  1110491   148.9 | 23.997 % |
|     11335 |  774200  2309132 | 1019297   11018  1624377   147.4 | 24.088 % |
|     17101 |  774200  2309132 | 1121226   16783  2665122   158.8 | 24.111 % |
|     25750 |  773314  2306644 | 1233349   25423  4757137   187.1 | 24.118 % |
|     38724 |  773314  2306644 | 1356684   38396  8035640   209.3 | 24.141 % |
|     58185 |  773022  2305797 | 1492352   57847 17198026   297.3 | 24.201 % |
|     87377 |  771275  2301402 | 1641588   86993 24897837   286.2 | 24.422 % |
|    131166 |  771275  2301402 | 1805746  130769 38774392   296.5 | 24.680 % |
|    196850 |  680084  2067570 | 1986321  190807 56074732   293.9 | 29.819 % |
|    295377 |  680084  2067570 | 2184953  289330 81183556   280.6 | 30.062 % |
==============================================================================
Totoal time used by londex constraint checking is [B14.400000][L14.620000],apply counts 7446222, apply_generated 0
restarts          :           19
conflicts         :       416793           (     1435 / sec      )
decisions         :       468799           (     1614 / sec      )
propagations      :    214665858           (   739080 / sec      )
inspects          :   3081355584           ( 10608902 / sec      )
conflict literals :    112736669           (    47.93 % deleted  )
CPU time          :       290.45 sec
UNSATISFIABLE

******  Solve with 31 layers Start******

creating action-based encoding:
        building rplan graph layers, up to layer [31];
        goal constraints;
        building exclusion constraints --> up to layer 31...

DECISION LAYER 31, WRITING ACTION-BASED ENCODING WITH 13746 VARS, 1234695 CLAUSES.
12 G clauses, 26368 A clauses, 1208315 E clauses.c CNF file planning task -p , -o /home/matheus/repo/acervo-2010/planejadores_analise_resultados/comp/blocksworld/domain.pddl, -f /home/matheus/repo/acervo-2010/planejadores_analise_resultados/comp/blocksworld/probBLOCKS-13-1.pddl, bound 31, action based encoding
In building up solver: p cnf 13746 1234695
==================================[ MINISAT ]===================================
| Conflicts |     ORIGINAL     |              LEARNT              | Progress |
|           | Clauses Literals |   Limit Clauses Literals  Lit/Cl |          |
==============================================================================
|         0 | 1234695  3477498 |  411565       0        0     0.0 |  0.000 % |
|       100 | 1234638  3477369 |  452722      99     1213    12.3 |  0.022 % |
|       250 | 1234638  3477369 |  497994     248    12853    51.8 |  3.732 % |
|       475 | 1234638  3477369 |  547793     465    28051    60.3 | 15.408 % |
|       812 | 1234638  3477369 |  602572     799    34186    42.8 | 17.984 % |
|      1318 | 1234638  3477369 |  662830    1298    76143    58.7 | 22.567 % |
|      2077 | 1234638  3477369 |  729113    2055   141917    69.1 | 22.850 % |
|      3216 | 1234638  3477369 |  802024    3191   332518   104.2 | 22.901 % |
|      4925 | 1234638  3477369 |  882226    4899   495273   101.1 | 22.908 % |
|      7487 | 1234638  3477369 |  970449    7460  1147679   153.8 | 22.930 % |
|     11332 | 1234638  3477369 | 1067494   11304  1693521   149.8 | 22.954 % |
|     17098 |  829340  2465373 | 1174243   16897  2718696   160.9 | 23.018 % |
|     25747 |  829340  2465373 | 1291667   25545  4728622   185.1 | 23.041 % |
|     38722 |  828203  2462407 | 1420834   38510  8577074   222.7 | 23.091 % |
|     58183 |  827548  2460561 | 1562917   57958 16579383   286.1 | 23.134 % |
|     87375 |  827548  2460561 | 1719209   87145 24990633   286.8 | 23.243 % |
|    131164 |  826479  2457428 | 1891130  130920 48183914   368.0 | 23.310 % |
|    196848 |  826479  2457428 | 2080243  196601 71743552   364.9 | 23.360 % |
|    295375 |  825994  2456102 | 2288267  295081 109166738   370.0 | 23.659 % |
|    443164 |  818547  2436890 | 2517094  434159 158392566   364.8 | 28.350 % |
