MaxPlanII beta.

bb: parsing domain file
domain 'BLOCKS' defined
 ... done.
bb: parsing problem file
problem 'BLOCKS-7-1' defined
 ... done.


******  Solve with 1 layers Start******

creating action-based encoding:
        building rplan graph layers, up to layer [1];
        goal constraints;

no achiever in for goal?? deadline too low!#001


******  Solve with 2 layers Start******

creating action-based encoding:
        building rplan graph layers, up to layer [2];
        goal constraints;

no achiever in for goal?? deadline too low!#001


******  Solve with 3 layers Start******

creating action-based encoding:
        building rplan graph layers, up to layer [3];
        goal constraints;

no achiever in for goal?? deadline too low!#001


******  Solve with 4 layers Start******

creating action-based encoding:
        building rplan graph layers, up to layer [4];
        goal constraints;

no achiever in for goal?? deadline too low!#001


******  Solve with 5 layers Start******

creating action-based encoding:
        building rplan graph layers, up to layer [5];
        goal constraints;

no achiever in for goal?? deadline too low!#001


******  Solve with 6 layers Start******

creating action-based encoding:
        building rplan graph layers, up to layer [6];
        goal constraints;
        building exclusion constraints --> up to layer 6...

DECISION LAYER 6, WRITING ACTION-BASED ENCODING WITH 507 VARS, 11191 CLAUSES.
6 G clauses, 902 A clauses, 10283 E clauses.c CNF file planning task -p , -o /home/matheus/repo/acervo-2010/planejadores_analise_resultados/comp/blocksworld/domain.pddl, -f /home/matheus/repo/acervo-2010/planejadores_analise_resultados/comp/blocksworld/probBLOCKS-7-1.pddl, bound 6, action based encoding
In building up solver: p cnf 507 11191
==================================[ MINISAT ]===================================
| Conflicts |     ORIGINAL     |              LEARNT              | Progress |
|           | Clauses Literals |   Limit Clauses Literals  Lit/Cl |          |
==============================================================================
|         0 |    9170    26205 |    3056       0        0     0.0 |  0.000 % |
==============================================================================
Totoal time used by londex constraint checking is [B0.000000][L0.000000],apply counts 2, apply_generated 0
restarts          :            1
conflicts         :            1           (      inf / sec      )
decisions         :            0           (      nan / sec      )
propagations      :           79           (      inf / sec      )
inspects          :           93           (      inf / sec      )
conflict literals :            0           (      nan % deleted  )
CPU time          :         0.00 sec
UNSATISFIABLE

******  Solve with 7 layers Start******

creating action-based encoding:
        building rplan graph layers, up to layer [7];
        goal constraints;
        building exclusion constraints --> up to layer 7...

DECISION LAYER 7, WRITING ACTION-BASED ENCODING WITH 690 VARS, 17100 CLAUSES.
6 G clauses, 1246 A clauses, 15848 E clauses.c CNF file planning task -p , -o /home/matheus/repo/acervo-2010/planejadores_analise_resultados/comp/blocksworld/domain.pddl, -f /home/matheus/repo/acervo-2010/planejadores_analise_resultados/comp/blocksworld/probBLOCKS-7-1.pddl, bound 7, action based encoding
In building up solver: p cnf 690 17100
==================================[ MINISAT ]===================================
| Conflicts |     ORIGINAL     |              LEARNT              | Progress |
|           | Clauses Literals |   Limit Clauses Literals  Lit/Cl |          |
==============================================================================
|         0 |   17100    47364 |    5700       0        0     0.0 |  0.000 % |
==============================================================================
Totoal time used by londex constraint checking is [B0.000000][L0.000000],apply counts 31, apply_generated 0
restarts          :            1
conflicts         :            5           (      inf / sec      )
decisions         :            5           (      inf / sec      )
propagations      :          935           (      inf / sec      )
inspects          :         1893           (      inf / sec      )
conflict literals :            6           (    14.29 % deleted  )
CPU time          :         0.00 sec
UNSATISFIABLE

******  Solve with 8 layers Start******

creating action-based encoding:
        building rplan graph layers, up to layer [8];
        goal constraints;
        building exclusion constraints --> up to layer 8...

DECISION LAYER 8, WRITING ACTION-BASED ENCODING WITH 873 VARS, 23009 CLAUSES.
6 G clauses, 1590 A clauses, 21413 E clauses.c CNF file planning task -p , -o /home/matheus/repo/acervo-2010/planejadores_analise_resultados/comp/blocksworld/domain.pddl, -f /home/matheus/repo/acervo-2010/planejadores_analise_resultados/comp/blocksworld/probBLOCKS-7-1.pddl, bound 8, action based encoding
In building up solver: p cnf 873 23009
==================================[ MINISAT ]===================================
| Conflicts |     ORIGINAL     |              LEARNT              | Progress |
|           | Clauses Literals |   Limit Clauses Literals  Lit/Cl |          |
==============================================================================
|         0 |   23009    64670 |    7669       0        0     0.0 |  0.000 % |
==============================================================================
Totoal time used by londex constraint checking is [B0.000000][L0.000000],apply counts 43, apply_generated 0
restarts          :            1
conflicts         :            9           (      900 / sec      )
decisions         :           10           (     1000 / sec      )
propagations      :         1894           (   189400 / sec      )
inspects          :         3629           (   362900 / sec      )
conflict literals :           20           (     0.00 % deleted  )
CPU time          :         0.01 sec
UNSATISFIABLE

******  Solve with 9 layers Start******

creating action-based encoding:
        building rplan graph layers, up to layer [9];
        goal constraints;
        building exclusion constraints --> up to layer 9...

DECISION LAYER 9, WRITING ACTION-BASED ENCODING WITH 1056 VARS, 28918 CLAUSES.
6 G clauses, 1934 A clauses, 26978 E clauses.c CNF file planning task -p , -o /home/matheus/repo/acervo-2010/planejadores_analise_resultados/comp/blocksworld/domain.pddl, -f /home/matheus/repo/acervo-2010/planejadores_analise_resultados/comp/blocksworld/probBLOCKS-7-1.pddl, bound 9, action based encoding
In building up solver: p cnf 1056 28918
==================================[ MINISAT ]===================================
| Conflicts |     ORIGINAL     |              LEARNT              | Progress |
|           | Clauses Literals |   Limit Clauses Literals  Lit/Cl |          |
==============================================================================
|         0 |   28918    81976 |    9639       0        0     0.0 |  0.000 % |
==============================================================================
Totoal time used by londex constraint checking is [B0.000000][L0.000000],apply counts 120, apply_generated 0
restarts          :            1
conflicts         :           12           (      inf / sec      )
decisions         :           40           (      inf / sec      )
propagations      :         3275           (      inf / sec      )
inspects          :         6237           (      inf / sec      )
conflict literals :          112           (    11.81 % deleted  )
CPU time          :         0.00 sec
UNSATISFIABLE

******  Solve with 10 layers Start******

creating action-based encoding:
        building rplan graph layers, up to layer [10];
        goal constraints;
        building exclusion constraints --> up to layer 10...

DECISION LAYER 10, WRITING ACTION-BASED ENCODING WITH 1239 VARS, 34827 CLAUSES.
6 G clauses, 2278 A clauses, 32543 E clauses.c CNF file planning task -p , -o /home/matheus/repo/acervo-2010/planejadores_analise_resultados/comp/blocksworld/domain.pddl, -f /home/matheus/repo/acervo-2010/planejadores_analise_resultados/comp/blocksworld/probBLOCKS-7-1.pddl, bound 10, action based encoding
In building up solver: p cnf 1239 34827
==================================[ MINISAT ]===================================
| Conflicts |     ORIGINAL     |              LEARNT              | Progress |
|           | Clauses Literals |   Limit Clauses Literals  Lit/Cl |          |
==============================================================================
|         0 |   34827    99282 |   11609       0        0     0.0 |  0.000 % |
==============================================================================
Totoal time used by londex constraint checking is [B0.000000][L0.000000],apply counts 299, apply_generated 0
restarts          :            1
conflicts         :           29           (      inf / sec      )
decisions         :          114           (      inf / sec      )
propagations      :         5543           (      inf / sec      )
inspects          :        11021           (      inf / sec      )
conflict literals :          257           (     0.39 % deleted  )
CPU time          :         0.00 sec
UNSATISFIABLE

******  Solve with 11 layers Start******

creating action-based encoding:
        building rplan graph layers, up to layer [11];
        goal constraints;
        building exclusion constraints --> up to layer 11...

DECISION LAYER 11, WRITING ACTION-BASED ENCODING WITH 1422 VARS, 40736 CLAUSES.
6 G clauses, 2622 A clauses, 38108 E clauses.c CNF file planning task -p , -o /home/matheus/repo/acervo-2010/planejadores_analise_resultados/comp/blocksworld/domain.pddl, -f /home/matheus/repo/acervo-2010/planejadores_analise_resultados/comp/blocksworld/probBLOCKS-7-1.pddl, bound 11, action based encoding
In building up solver: p cnf 1422 40736
==================================[ MINISAT ]===================================
| Conflicts |     ORIGINAL     |              LEARNT              | Progress |
|           | Clauses Literals |   Limit Clauses Literals  Lit/Cl |          |
==============================================================================
|         0 |   40736   116588 |   13578       0        0     0.0 |  0.000 % |
==============================================================================
Totoal time used by londex constraint checking is [B0.000000][L0.000000],apply counts 680, apply_generated 0
restarts          :            1
conflicts         :           69           (      inf / sec      )
decisions         :          171           (      inf / sec      )
propagations      :        13182           (      inf / sec      )
inspects          :        30868           (      inf / sec      )
conflict literals :         1431           (    12.96 % deleted  )
CPU time          :         0.00 sec
UNSATISFIABLE

******  Solve with 12 layers Start******

creating action-based encoding:
        building rplan graph layers, up to layer [12];
        goal constraints;
        building exclusion constraints --> up to layer 12...

DECISION LAYER 12, WRITING ACTION-BASED ENCODING WITH 1605 VARS, 46645 CLAUSES.
6 G clauses, 2966 A clauses, 43673 E clauses.c CNF file planning task -p , -o /home/matheus/repo/acervo-2010/planejadores_analise_resultados/comp/blocksworld/domain.pddl, -f /home/matheus/repo/acervo-2010/planejadores_analise_resultados/comp/blocksworld/probBLOCKS-7-1.pddl, bound 12, action based encoding
In building up solver: p cnf 1605 46645
==================================[ MINISAT ]===================================
| Conflicts |     ORIGINAL     |              LEARNT              | Progress |
|           | Clauses Literals |   Limit Clauses Literals  Lit/Cl |          |
==============================================================================
|         0 |   46645   133894 |   15548       0        0     0.0 |  0.000 % |
|       102 |   46631   133866 |   17103      95     2554    26.9 | 26.044 % |
==============================================================================
Totoal time used by londex constraint checking is [B0.000000][L0.000000],apply counts 1445, apply_generated 0
restarts          :            2
conflicts         :          184           (     9200 / sec      )
decisions         :          328           (    16400 / sec      )
propagations      :        28586           (  1429300 / sec      )
inspects          :        69716           (  3485800 / sec      )
conflict literals :         3235           (    12.80 % deleted  )
CPU time          :         0.02 sec
UNSATISFIABLE

******  Solve with 13 layers Start******

creating action-based encoding:
        building rplan graph layers, up to layer [13];
        goal constraints;
        building exclusion constraints --> up to layer 13...

DECISION LAYER 13, WRITING ACTION-BASED ENCODING WITH 1788 VARS, 52554 CLAUSES.
6 G clauses, 3310 A clauses, 49238 E clauses.c CNF file planning task -p , -o /home/matheus/repo/acervo-2010/planejadores_analise_resultados/comp/blocksworld/domain.pddl, -f /home/matheus/repo/acervo-2010/planejadores_analise_resultados/comp/blocksworld/probBLOCKS-7-1.pddl, bound 13, action based encoding
In building up solver: p cnf 1788 52554
==================================[ MINISAT ]===================================
| Conflicts |     ORIGINAL     |              LEARNT              | Progress |
|           | Clauses Literals |   Limit Clauses Literals  Lit/Cl |          |
==============================================================================
|         0 |   52554   151200 |   17518       0        0     0.0 |  0.000 % |
|       100 |   52554   151200 |   19270     100     4237    42.4 |  0.022 % |
|       250 |   52370   150761 |   21197     245    10805    44.1 | 12.154 % |
==============================================================================
Totoal time used by londex constraint checking is [B0.010000][L0.000000],apply counts 2646, apply_generated 0
restarts          :            3
conflicts         :          318           (    10600 / sec      )
decisions         :          572           (    19067 / sec      )
propagations      :        62412           (  2080400 / sec      )
inspects          :       154792           (  5159733 / sec      )
conflict literals :        11629           (    10.48 % deleted  )
CPU time          :         0.03 sec
UNSATISFIABLE

******  Solve with 14 layers Start******

creating action-based encoding:
        building rplan graph layers, up to layer [14];
        goal constraints;
        building exclusion constraints --> up to layer 14...

DECISION LAYER 14, WRITING ACTION-BASED ENCODING WITH 1971 VARS, 58463 CLAUSES.
6 G clauses, 3654 A clauses, 54803 E clauses.c CNF file planning task -p , -o /home/matheus/repo/acervo-2010/planejadores_analise_resultados/comp/blocksworld/domain.pddl, -f /home/matheus/repo/acervo-2010/planejadores_analise_resultados/comp/blocksworld/probBLOCKS-7-1.pddl, bound 14, action based encoding
In building up solver: p cnf 1971 58463
==================================[ MINISAT ]===================================
| Conflicts |     ORIGINAL     |              LEARNT              | Progress |
|           | Clauses Literals |   Limit Clauses Literals  Lit/Cl |          |
==============================================================================
|         0 |   58463   168506 |   19487       0        0     0.0 |  0.000 % |
|       100 |   58463   168506 |   21436     100      631     6.3 |  0.009 % |
|       250 |   56997   164970 |   23579     238     6189    26.0 | 12.432 % |
|       475 |   56997   164970 |   25937     458    15542    33.9 | 17.108 % |
|       812 |   56997   164970 |   28531     791    25094    31.7 | 17.612 % |
|      1318 |   42001   127589 |   31384    1128    38222    33.9 | 18.524 % |
==============================================================================
Totoal time used by londex constraint checking is [B0.020000][L0.030000],apply counts 13692, apply_generated 0
restarts          :            6
conflicts         :         1679           (    11993 / sec      )
decisions         :         2419           (    17279 / sec      )
propagations      :       255652           (  1826086 / sec      )
inspects          :       727864           (  5199029 / sec      )
conflict literals :        46148           (    20.24 % deleted  )
CPU time          :         0.14 sec
UNSATISFIABLE

******  Solve with 15 layers Start******

creating action-based encoding:
        building rplan graph layers, up to layer [15];
        goal constraints;
        building exclusion constraints --> up to layer 15...

DECISION LAYER 15, WRITING ACTION-BASED ENCODING WITH 2154 VARS, 64372 CLAUSES.
6 G clauses, 3998 A clauses, 60368 E clauses.c CNF file planning task -p , -o /home/matheus/repo/acervo-2010/planejadores_analise_resultados/comp/blocksworld/domain.pddl, -f /home/matheus/repo/acervo-2010/planejadores_analise_resultados/comp/blocksworld/probBLOCKS-7-1.pddl, bound 15, action based encoding
In building up solver: p cnf 2154 64372
==================================[ MINISAT ]===================================
| Conflicts |     ORIGINAL     |              LEARNT              | Progress |
|           | Clauses Literals |   Limit Clauses Literals  Lit/Cl |          |
==============================================================================
|         0 |   64372   185812 |   21457       0        0     0.0 |  0.000 % |
|       101 |   64372   185812 |   23603     101     6939    68.7 |  0.014 % |
|       252 |   62906   182276 |   25963     233    11582    49.7 | 15.184 % |
|       477 |   62906   182276 |   28559     457    16020    35.1 | 15.326 % |
|       814 |   62906   182276 |   31415     792    32442    41.0 | 15.604 % |
|      1321 |   62906   182276 |   34557    1297    55045    42.4 | 15.789 % |
|      2080 |   48701   146904 |   38012    1985    87081    43.9 | 16.114 % |
==============================================================================
Totoal time used by londex constraint checking is [B0.040000][L0.080000],apply counts 27080, apply_generated 0
restarts          :            7
conflicts         :         3213           (    10710 / sec      )
decisions         :         4206           (    14020 / sec      )
propagations      :       536170           (  1787233 / sec      )
inspects          :      1666331           (  5554437 / sec      )
conflict literals :       126078           (    20.90 % deleted  )
CPU time          :         0.30 sec
UNSATISFIABLE

******  Solve with 16 layers Start******

creating action-based encoding:
        building rplan graph layers, up to layer [16];
        goal constraints;
        building exclusion constraints --> up to layer 16...

DECISION LAYER 16, WRITING ACTION-BASED ENCODING WITH 2337 VARS, 70281 CLAUSES.
6 G clauses, 4342 A clauses, 65933 E clauses.c CNF file planning task -p , -o /home/matheus/repo/acervo-2010/planejadores_analise_resultados/comp/blocksworld/domain.pddl, -f /home/matheus/repo/acervo-2010/planejadores_analise_resultados/comp/blocksworld/probBLOCKS-7-1.pddl, bound 16, action based encoding
In building up solver: p cnf 2337 70281
==================================[ MINISAT ]===================================
| Conflicts |     ORIGINAL     |              LEARNT              | Progress |
|           | Clauses Literals |   Limit Clauses Literals  Lit/Cl |          |
==============================================================================
|         0 |   70281   203118 |   23427       0        0     0.0 |  0.000 % |
|       100 |   70281   203118 |   25770     100      854     8.5 |  0.006 % |
|       250 |   64993   190316 |   28347     243     6215    25.6 | 12.972 % |
|       475 |   64993   190316 |   31181     466    18530    39.8 | 14.129 % |
|       813 |   64993   190316 |   34299     802    31182    38.9 | 14.379 % |
|      1319 |   64993   190316 |   37729    1306    49266    37.7 | 14.638 % |
|      2078 |   54806   164662 |   41502    2046    91612    44.8 | 14.899 % |
|      3217 |   51253   155661 |   45653    2976   139610    46.9 | 18.408 % |
|      4926 |   50241   152904 |   50218    4593   213912    46.6 | 19.221 % |
==============================================================================
Totoal time used by londex constraint checking is [B0.160000][L0.070000],apply counts 52524, apply_generated 0
restarts          :            9
conflicts         :         6463           (    10595 / sec      )
decisions         :         8169           (    13392 / sec      )
propagations      :      1024129           (  1678900 / sec      )
inspects          :      3626657           (  5945339 / sec      )
conflict literals :       278877           (    24.01 % deleted  )
CPU time          :         0.61 sec
UNSATISFIABLE

******  Solve with 17 layers Start******

creating action-based encoding:
        building rplan graph layers, up to layer [17];
        goal constraints;
        building exclusion constraints --> up to layer 17...

DECISION LAYER 17, WRITING ACTION-BASED ENCODING WITH 2520 VARS, 76190 CLAUSES.
6 G clauses, 4686 A clauses, 71498 E clauses.c CNF file planning task -p , -o /home/matheus/repo/acervo-2010/planejadores_analise_resultados/comp/blocksworld/domain.pddl, -f /home/matheus/repo/acervo-2010/planejadores_analise_resultados/comp/blocksworld/probBLOCKS-7-1.pddl, bound 17, action based encoding
In building up solver: p cnf 2520 76190
==================================[ MINISAT ]===================================
| Conflicts |     ORIGINAL     |              LEARNT              | Progress |
|           | Clauses Literals |   Limit Clauses Literals  Lit/Cl |          |
==============================================================================
|         0 |   76190   220424 |   25396       0        0     0.0 |  0.000 % |
|       100 |   76190   220424 |   27936     100     7637    76.4 |  0.008 % |
|       250 |   74724   216888 |   30729     243    11910    49.0 |  8.772 % |
|       475 |   74724   216888 |   33802     464    18464    39.8 | 12.422 % |
|       812 |   74724   216888 |   37182     800    36198    45.2 | 13.257 % |
|      1318 |   74724   216888 |   40901    1304    55432    42.5 | 13.496 % |
|      2077 |   74724   216888 |   44991    2059    87017    42.3 | 13.977 % |
|      3216 |   60287   180943 |   49490    3132   149730    47.8 | 14.209 % |
|      4925 |   60287   180943 |   54439    4837   254756    52.7 | 14.608 % |
|      7487 |   59750   179540 |   59882    7373   475610    64.5 | 14.727 % |
|     11331 |   58315   175749 |   65871   10852   704439    64.9 | 16.271 % |
==============================================================================
Totoal time used by londex constraint checking is [B0.210000][L0.260000],apply counts 122273, apply_generated 0
restarts          :           11
conflicts         :        13827           (     8751 / sec      )
decisions         :        16849           (    10664 / sec      )
propagations      :      2513328           (  1590714 / sec      )
inspects          :     11952266           (  7564725 / sec      )
conflict literals :       879185           (    24.88 % deleted  )
CPU time          :         1.58 sec
UNSATISFIABLE

******  Solve with 18 layers Start******

creating action-based encoding:
        building rplan graph layers, up to layer [18];
        goal constraints;
        building exclusion constraints --> up to layer 18...

DECISION LAYER 18, WRITING ACTION-BASED ENCODING WITH 2703 VARS, 82099 CLAUSES.
6 G clauses, 5030 A clauses, 77063 E clauses.c CNF file planning task -p , -o /home/matheus/repo/acervo-2010/planejadores_analise_resultados/comp/blocksworld/domain.pddl, -f /home/matheus/repo/acervo-2010/planejadores_analise_resultados/comp/blocksworld/probBLOCKS-7-1.pddl, bound 18, action based encoding
In building up solver: p cnf 2703 82099
==================================[ MINISAT ]===================================
| Conflicts |     ORIGINAL     |              LEARNT              | Progress |
|           | Clauses Literals |   Limit Clauses Literals  Lit/Cl |          |
==============================================================================
|         0 |   82099   237730 |   27366       0        0     0.0 |  0.000 % |
|       100 |   82099   237730 |   30103     100      760     7.6 |  0.005 % |
|       250 |   76811   224928 |   33113     249     2397     9.6 |  4.663 % |
|       475 |   76811   224928 |   36424     470    16751    35.6 | 12.099 % |
|       812 |   76811   224928 |   40067     804    31414    39.1 | 12.433 % |
|      1318 |   76811   224928 |   44073    1309    42815    32.7 | 12.545 % |
|      2077 |   66455   198916 |   48481    2042    92017    45.1 | 12.654 % |
|      3217 |   66455   198916 |   53329    3180   150934    47.5 | 12.876 % |
|      4925 |   66119   198024 |   58661    4875   243321    49.9 | 13.208 % |
|      7487 |   66119   198024 |   64528    7432   404065    54.4 | 13.618 % |
|     11331 |   65462   196366 |   70980   11145   697662    62.6 | 13.729 % |
|     17097 |   65307   195962 |   78078   16896  1155575    68.4 | 16.285 % |
|     25746 |   61801   187013 |   85886   24865  1819550    73.2 | 17.395 % |
==============================================================================
Totoal time used by londex constraint checking is [B0.600000][L0.570000],apply counts 306645, apply_generated 0
restarts          :           13
conflicts         :        32656           (     7559 / sec      )
decisions         :        38122           (     8825 / sec      )
propagations      :      5961491           (  1379975 / sec      )
inspects          :     42008802           (  9724260 / sec      )
conflict literals :      2331739           (    33.57 % deleted  )
CPU time          :         4.32 sec
UNSATISFIABLE

******  Solve with 19 layers Start******

creating action-based encoding:
        building rplan graph layers, up to layer [19];
        goal constraints;
        building exclusion constraints --> up to layer 19...

DECISION LAYER 19, WRITING ACTION-BASED ENCODING WITH 2886 VARS, 88008 CLAUSES.
6 G clauses, 5374 A clauses, 82628 E clauses.c CNF file planning task -p , -o /home/matheus/repo/acervo-2010/planejadores_analise_resultados/comp/blocksworld/domain.pddl, -f /home/matheus/repo/acervo-2010/planejadores_analise_resultados/comp/blocksworld/probBLOCKS-7-1.pddl, bound 19, action based encoding
In building up solver: p cnf 2886 88008
==================================[ MINISAT ]===================================
| Conflicts |     ORIGINAL     |              LEARNT              | Progress |
|           | Clauses Literals |   Limit Clauses Literals  Lit/Cl |          |
==============================================================================
|         0 |   88008   255036 |   29336       0        0     0.0 |  0.000 % |
|       100 |   88008   255036 |   32270     100      644     6.4 |  0.004 % |
|       251 |   86542   251500 |   35497     247     9678    39.2 |  4.886 % |
|       476 |   86542   251500 |   39046     471    20185    42.9 |  4.924 % |
|       813 |   86542   251500 |   42951     802    37163    46.3 | 11.573 % |
|      1319 |   86542   251500 |   47246    1306    49635    38.0 | 11.715 % |
|      2080 |   86542   251500 |   51971    2067    59265    28.7 | 11.713 % |
|      3219 |   72664   216981 |   57168    3159   119211    37.7 | 12.336 % |
|      4928 |   71794   214767 |   62884    4781   262158    54.8 | 12.581 % |
|      7490 |   71794   214767 |   69173    7342   475963    64.8 | 12.683 % |
|     11334 |   71759   214682 |   76090   11183   826845    73.9 | 12.999 % |
|     17100 |   71509   213970 |   83699   16927  1384659    81.8 | 13.415 % |
|     25749 |   70971   212502 |   92069   25550  2317611    90.7 | 13.724 % |
|     38723 |   69178   207779 |  101276   37894  3686048    97.3 | 14.903 % |
|     58184 |   69178   207779 |  111403   57339  5711500    99.6 | 19.579 % |
|     87378 |   50765   159335 |  122544   62418  6093037    97.6 | 29.870 % |
==============================================================================
Totoal time used by londex constraint checking is [B1.610000][L1.600000],apply counts 886209, apply_generated 0
restarts          :           16
conflicts         :        90524           (     5170 / sec      )
decisions         :       103468           (     5909 / sec      )
propagations      :     18259848           (  1042824 / sec      )
inspects          :    252978883           ( 14447680 / sec      )
conflict literals :      8380852           (    33.19 % deleted  )
CPU time          :        17.51 sec
UNSATISFIABLE

******  Solve with 20 layers Start******

creating action-based encoding:
        building rplan graph layers, up to layer [20];
        goal constraints;
        building exclusion constraints --> up to layer 20...

DECISION LAYER 20, WRITING ACTION-BASED ENCODING WITH 3069 VARS, 93917 CLAUSES.
6 G clauses, 5718 A clauses, 88193 E clauses.c CNF file planning task -p , -o /home/matheus/repo/acervo-2010/planejadores_analise_resultados/comp/blocksworld/domain.pddl, -f /home/matheus/repo/acervo-2010/planejadores_analise_resultados/comp/blocksworld/probBLOCKS-7-1.pddl, bound 20, action based encoding
In building up solver: p cnf 3069 93917
==================================[ MINISAT ]===================================
| Conflicts |     ORIGINAL     |              LEARNT              | Progress |
|           | Clauses Literals |   Limit Clauses Literals  Lit/Cl |          |
==============================================================================
|         0 |   93917   272342 |   31305       0        0     0.0 |  0.000 % |
|       100 |   93917   272342 |   34436     100      777     7.8 |  0.004 % |
|       250 |   88629   259540 |   37879     248     3088    12.5 |  4.596 % |
|       475 |   88629   259540 |   41667     468    15526    33.2 |  9.940 % |
|       812 |   88629   259540 |   45834     804    31224    38.8 | 10.723 % |
|      1318 |   88629   259540 |   50417    1308    56077    42.9 | 10.851 % |
|      2078 |   88629   259540 |   55459    2066   112543    54.5 | 11.052 % |
|      3217 |   78531   234228 |   61005    3163   197026    62.3 | 11.145 % |
|      4926 |   78531   234228 |   67105    4870   337308    69.3 | 11.406 % |
|      7488 |   78159   233253 |   73816    7423   536147    72.2 | 11.895 % |
|     11332 |   77359   231194 |   81197   11247   859154    76.4 | 12.058 % |
|     17098 |   77359   231194 |   89317   17011  1611427    94.7 | 12.417 % |
|     25747 |   76928   230074 |   98249   25647  2598408   101.3 | 12.518 % |
|     38721 |   76928   230074 |  108073   38619  4437080   114.9 | 12.712 % |
|     58182 |   76561   229067 |  118881   58066  7203108   124.1 | 12.941 % |
|     87374 |   73762   221917 |  130769   86795 11719889   135.0 | 15.545 % |
|    131163 |   73762   221917 |  143846  130568 18275685   140.0 | 17.435 % |
|    196847 |   69989   211902 |  158230   53362  5912611   110.8 | 18.514 % |
==============================================================================
Totoal time used by londex constraint checking is [B6.570000][L5.600000],apply counts 2929572, apply_generated 0
restarts          :           18
conflicts         :       292998           (     3784 / sec      )
decisions         :       324025           (     4185 / sec      )
propagations      :     59252132           (   765235 / sec      )
inspects          :   1259158399           ( 16261893 / sec      )
conflict literals :     36344719           (    33.39 % deleted  )
CPU time          :        77.43 sec
UNSATISFIABLE

******  Solve with 21 layers Start******

creating action-based encoding:
        building rplan graph layers, up to layer [21];
        goal constraints;
        building exclusion constraints --> up to layer 21...

DECISION LAYER 21, WRITING ACTION-BASED ENCODING WITH 3252 VARS, 99826 CLAUSES.
6 G clauses, 6062 A clauses, 93758 E clauses.c CNF file planning task -p , -o /home/matheus/repo/acervo-2010/planejadores_analise_resultados/comp/blocksworld/domain.pddl, -f /home/matheus/repo/acervo-2010/planejadores_analise_resultados/comp/blocksworld/probBLOCKS-7-1.pddl, bound 21, action based encoding
In building up solver: p cnf 3252 99826
==================================[ MINISAT ]===================================
| Conflicts |     ORIGINAL     |              LEARNT              | Progress |
|           | Clauses Literals |   Limit Clauses Literals  Lit/Cl |          |
==============================================================================
|         0 |   99826   289648 |   33275       0        0     0.0 |  0.000 % |
|       100 |   99826   289648 |   36602     100      767     7.7 |  0.003 % |
|       251 |   94538   276846 |   40263     250     2882    11.5 |  3.877 % |
|       478 |   94538   276846 |   44289     475    13005    27.4 |  4.431 % |
|       815 |   94538   276846 |   48718     808    26572    32.9 |  9.440 % |
|      1321 |   94538   276846 |   53590    1310    59305    45.3 | 10.364 % |
|      2080 |   94538   276846 |   58949    2068    94249    45.6 | 10.464 % |
|      3219 |   84310   251156 |   64844    3151   166222    52.8 | 10.553 % |
|      4927 |   84310   251156 |   71328    4858   331750    68.3 | 10.641 % |
|      7491 |   84000   250348 |   78461    7414   534514    72.1 | 10.825 % |
|     11335 |   84000   250348 |   86307   11257   957919    85.1 | 10.865 % |
|     17101 |   83765   249743 |   94937   17005  1534451    90.2 | 11.133 % |
|     25750 |   83765   249743 |  104431   25651  2551420    99.5 | 11.379 % |
|     38724 |   83307   248557 |  114874   38562  4240954   110.0 | 11.974 % |
|     58185 |   81979   245059 |  126362   57935  6998132   120.8 | 12.486 % |
|     87378 |   81979   245059 |  138998   87127 11574276   132.8 | 12.577 % |
|    131167 |   81857   244722 |  152898  130893 18519863   141.5 | 13.414 % |
|    196851 |   81857   244722 |  168187   44373  5936357   133.8 | 13.717 % |
|    295377 |   79900   239443 |  185006  142778 20567468   144.1 | 14.427 % |
|    443166 |   79900   239443 |  203507  107553 15881467   147.7 | 14.516 % |
|    664849 |   79066   237132 |  223858  128213 18677429   145.7 | 16.516 % |
|    997374 |   73367   222033 |  246243   13872  1247649    89.9 | 19.256 % |
==============================================================================
Totoal time used by londex constraint checking is [B28.940000][L21.400000],apply counts 11967755, apply_generated 0
restarts          :           22
conflicts         :      1158779           (     3087 / sec      )
decisions         :      1274316           (     3394 / sec      )
propagations      :    234297363           (   624111 / sec      )
inspects          :   6265904342           ( 16690830 / sec      )
conflict literals :    161417411           (    34.84 % deleted  )
CPU time          :       375.41 sec
UNSATISFIABLE

******  Solve with 22 layers Start******

creating action-based encoding:
        building rplan graph layers, up to layer [22];
        goal constraints;
        building exclusion constraints --> up to layer 22...

DECISION LAYER 22, WRITING ACTION-BASED ENCODING WITH 3435 VARS, 105735 CLAUSES.
6 G clauses, 6406 A clauses, 99323 E clauses.c CNF file planning task -p , -o /home/matheus/repo/acervo-2010/planejadores_analise_resultados/comp/blocksworld/domain.pddl, -f /home/matheus/repo/acervo-2010/planejadores_analise_resultados/comp/blocksworld/probBLOCKS-7-1.pddl, bound 22, action based encoding
In building up solver: p cnf 3435 105735
==================================[ MINISAT ]===================================
| Conflicts |     ORIGINAL     |              LEARNT              | Progress |
|           | Clauses Literals |   Limit Clauses Literals  Lit/Cl |          |
==============================================================================
|         0 |  105735   306954 |   35245       0        0     0.0 |  0.000 % |
|       100 |  105735   306954 |   38770     100      983     9.8 |  0.004 % |
|       250 |  105233   305778 |   42646     249     5263    21.1 |  0.525 % |
|       475 |  105233   305778 |   46911     473    20997    44.4 |  4.107 % |
|       813 |  105233   305778 |   51602     809    43221    53.4 |  8.823 % |
|      1319 |  105233   305778 |   56762    1310    73924    56.4 |  9.812 % |
|      2078 |  105233   305778 |   62439    2068   108824    52.6 |  9.899 % |
|      3217 |   90356   268820 |   68683    3161   179385    56.7 |  9.986 % |
|      4925 |   89977   267859 |   75551    4857   287660    59.2 | 10.248 % |
|      7487 |   89977   267859 |   83106    7416   520628    70.2 | 10.454 % |
|     11331 |   89343   266248 |   91416   11186   963971    86.2 | 10.545 % |
|     17097 |   89343   266248 |  100558   16951  1547892    91.3 | 10.570 % |
|     25746 |   89260   266059 |  110614   25574  2492314    97.5 | 10.746 % |
|     38720 |   89260   266059 |  121675   38546  4274618   110.9 | 10.802 % |
|     58181 |   88861   265060 |  133843   57932  6798909   117.4 | 11.534 % |
|     87373 |   87261   260889 |  147227   86968 11168373   128.4 | 11.998 % |
|    131163 |   87261   260889 |  161950  130755 18552874   141.9 | 12.200 % |
|    196847 |   86734   259488 |  178145   34856  4766165   136.7 | 12.407 % |
|    295373 |   86734   259488 |  195959  133378 21309568   159.8 | 12.811 % |
==============================================================================
Totoal time used by londex constraint checking is [B8.510000][L7.030000],apply counts 3741739, apply_generated 0
restarts          :           19
conflicts         :       379076           (     3053 / sec      )
decisions         :       418929           (     3374 / sec      )
propagations      :     76624024           (   617139 / sec      )
inspects          :   1999831864           ( 16106893 / sec      )
conflict literals :     60283900           (    24.40 % deleted  )
CPU time          :       124.16 sec
SATISFIABLE

Info:    470.96 seconds total solving time
           0.00 MB memory used
        solution found at layer 22

__MEMKB 149100
