MaxPlanII beta.

bb: parsing domain file
domain 'BLOCKS' defined
 ... done.
bb: parsing problem file
problem 'BLOCKS-4-1' defined
 ... done.


******  Solve with 1 layers Start******

creating action-based encoding:
        building rplan graph layers, up to layer [1];
        goal constraints;

no achiever in for goal?? deadline too low!#001


******  Solve with 2 layers Start******

creating action-based encoding:
        building rplan graph layers, up to layer [2];
        goal constraints;

no achiever in for goal?? deadline too low!#001


******  Solve with 3 layers Start******

creating action-based encoding:
        building rplan graph layers, up to layer [3];
        goal constraints;

no achiever in for goal?? deadline too low!#001


******  Solve with 4 layers Start******

creating action-based encoding:
        building rplan graph layers, up to layer [4];
        goal constraints;

no achiever in for goal?? deadline too low!#001


******  Solve with 5 layers Start******

creating action-based encoding:
        building rplan graph layers, up to layer [5];
        goal constraints;
        building exclusion constraints --> up to layer 5...

DECISION LAYER 5, WRITING ACTION-BASED ENCODING WITH 149 VARS, 1315 CLAUSES.
3 G clauses, 244 A clauses, 1068 E clauses.c CNF file planning task -p , -o /home/matheus/repo/acervo-2010/planejadores_analise_resultados/comp/blocksworld/domain.pddl, -f /home/matheus/repo/acervo-2010/planejadores_analise_resultados/comp/blocksworld/probBLOCKS-4-1.pddl, bound 5, action based encoding
In building up solver: p cnf 149 1315
==================================[ MINISAT ]===================================
| Conflicts |     ORIGINAL     |              LEARNT              | Progress |
|           | Clauses Literals |   Limit Clauses Literals  Lit/Cl |          |
==============================================================================
|         0 |     989     2773 |     329       0        0     0.0 |  0.000 % |
==============================================================================
Totoal time used by londex constraint checking is [B0.000000][L0.000000],apply counts 7, apply_generated 0
restarts          :            1
conflicts         :            1           (      inf / sec      )
decisions         :            0           (      nan / sec      )
propagations      :           68           (      inf / sec      )
inspects          :          111           (      inf / sec      )
conflict literals :            0           (      nan % deleted  )
CPU time          :         0.00 sec
UNSATISFIABLE

******  Solve with 6 layers Start******

creating action-based encoding:
        building rplan graph layers, up to layer [6];
        goal constraints;
        building exclusion constraints --> up to layer 6...

DECISION LAYER 6, WRITING ACTION-BASED ENCODING WITH 218 VARS, 2232 CLAUSES.
3 G clauses, 369 A clauses, 1860 E clauses.c CNF file planning task -p , -o /home/matheus/repo/acervo-2010/planejadores_analise_resultados/comp/blocksworld/domain.pddl, -f /home/matheus/repo/acervo-2010/planejadores_analise_resultados/comp/blocksworld/probBLOCKS-4-1.pddl, bound 6, action based encoding
In building up solver: p cnf 218 2232
==================================[ MINISAT ]===================================
| Conflicts |     ORIGINAL     |              LEARNT              | Progress |
|           | Clauses Literals |   Limit Clauses Literals  Lit/Cl |          |
==============================================================================
|         0 |    2232     6127 |     744       0        0     0.0 |  0.000 % |
==============================================================================
Totoal time used by londex constraint checking is [B0.000000][L0.000000],apply counts 26, apply_generated 0
restarts          :            1
conflicts         :            4           (      inf / sec      )
decisions         :            4           (      inf / sec      )
propagations      :          342           (      inf / sec      )
inspects          :          620           (      inf / sec      )
conflict literals :            3           (     0.00 % deleted  )
CPU time          :         0.00 sec
UNSATISFIABLE

******  Solve with 7 layers Start******

creating action-based encoding:
        building rplan graph layers, up to layer [7];
        goal constraints;
        building exclusion constraints --> up to layer 7...

DECISION LAYER 7, WRITING ACTION-BASED ENCODING WITH 287 VARS, 3149 CLAUSES.
3 G clauses, 494 A clauses, 2652 E clauses.c CNF file planning task -p , -o /home/matheus/repo/acervo-2010/planejadores_analise_resultados/comp/blocksworld/domain.pddl, -f /home/matheus/repo/acervo-2010/planejadores_analise_resultados/comp/blocksworld/probBLOCKS-4-1.pddl, bound 7, action based encoding
In building up solver: p cnf 287 3149
==================================[ MINISAT ]===================================
| Conflicts |     ORIGINAL     |              LEARNT              | Progress |
|           | Clauses Literals |   Limit Clauses Literals  Lit/Cl |          |
==============================================================================
|         0 |    3149     8901 |    1049       0        0     0.0 |  0.000 % |
==============================================================================
Totoal time used by londex constraint checking is [B0.000000][L0.000000],apply counts 88, apply_generated 0
restarts          :            1
conflicts         :           10           (      inf / sec      )
decisions         :           14           (      inf / sec      )
propagations      :         1122           (      inf / sec      )
inspects          :         2239           (      inf / sec      )
conflict literals :           12           (     0.00 % deleted  )
CPU time          :         0.00 sec
UNSATISFIABLE

******  Solve with 8 layers Start******

creating action-based encoding:
        building rplan graph layers, up to layer [8];
        goal constraints;
        building exclusion constraints --> up to layer 8...

DECISION LAYER 8, WRITING ACTION-BASED ENCODING WITH 356 VARS, 4066 CLAUSES.
3 G clauses, 619 A clauses, 3444 E clauses.c CNF file planning task -p , -o /home/matheus/repo/acervo-2010/planejadores_analise_resultados/comp/blocksworld/domain.pddl, -f /home/matheus/repo/acervo-2010/planejadores_analise_resultados/comp/blocksworld/probBLOCKS-4-1.pddl, bound 8, action based encoding
In building up solver: p cnf 356 4066
==================================[ MINISAT ]===================================
| Conflicts |     ORIGINAL     |              LEARNT              | Progress |
|           | Clauses Literals |   Limit Clauses Literals  Lit/Cl |          |
==============================================================================
|         0 |    4066    11675 |    1355       0        0     0.0 |  0.000 % |
==============================================================================
Totoal time used by londex constraint checking is [B0.000000][L0.000000],apply counts 114, apply_generated 0
restarts          :            1
conflicts         :           20           (      inf / sec      )
decisions         :           30           (      inf / sec      )
propagations      :         1853           (      inf / sec      )
inspects          :         3831           (      inf / sec      )
conflict literals :          104           (     0.00 % deleted  )
CPU time          :         0.00 sec
UNSATISFIABLE

******  Solve with 9 layers Start******

creating action-based encoding:
        building rplan graph layers, up to layer [9];
        goal constraints;
        building exclusion constraints --> up to layer 9...

DECISION LAYER 9, WRITING ACTION-BASED ENCODING WITH 425 VARS, 4983 CLAUSES.
3 G clauses, 744 A clauses, 4236 E clauses.c CNF file planning task -p , -o /home/matheus/repo/acervo-2010/planejadores_analise_resultados/comp/blocksworld/domain.pddl, -f /home/matheus/repo/acervo-2010/planejadores_analise_resultados/comp/blocksworld/probBLOCKS-4-1.pddl, bound 9, action based encoding
In building up solver: p cnf 425 4983
==================================[ MINISAT ]===================================
| Conflicts |     ORIGINAL     |              LEARNT              | Progress |
|           | Clauses Literals |   Limit Clauses Literals  Lit/Cl |          |
==============================================================================
|         0 |    4983    14449 |    1661       0        0     0.0 |  0.000 % |
==============================================================================
Totoal time used by londex constraint checking is [B0.000000][L0.000000],apply counts 350, apply_generated 0
restarts          :            1
conflicts         :           36           (     3600 / sec      )
decisions         :           84           (     8400 / sec      )
propagations      :         3416           (   341600 / sec      )
inspects          :         8523           (   852300 / sec      )
conflict literals :          274           (     3.18 % deleted  )
CPU time          :         0.01 sec
UNSATISFIABLE

******  Solve with 10 layers Start******

creating action-based encoding:
        building rplan graph layers, up to layer [10];
        goal constraints;
        building exclusion constraints --> up to layer 10...

DECISION LAYER 10, WRITING ACTION-BASED ENCODING WITH 494 VARS, 5900 CLAUSES.
3 G clauses, 869 A clauses, 5028 E clauses.c CNF file planning task -p , -o /home/matheus/repo/acervo-2010/planejadores_analise_resultados/comp/blocksworld/domain.pddl, -f /home/matheus/repo/acervo-2010/planejadores_analise_resultados/comp/blocksworld/probBLOCKS-4-1.pddl, bound 10, action based encoding
In building up solver: p cnf 494 5900
==================================[ MINISAT ]===================================
| Conflicts |     ORIGINAL     |              LEARNT              | Progress |
|           | Clauses Literals |   Limit Clauses Literals  Lit/Cl |          |
==============================================================================
|         0 |    5900    17223 |    1966       0        0     0.0 |  0.000 % |
==============================================================================
Totoal time used by londex constraint checking is [B0.000000][L0.000000],apply counts 419, apply_generated 0
restarts          :            1
conflicts         :           40           (      inf / sec      )
decisions         :          104           (      inf / sec      )
propagations      :         4238           (      inf / sec      )
inspects          :         9907           (      inf / sec      )
conflict literals :          358           (    12.25 % deleted  )
CPU time          :         0.00 sec
SATISFIABLE

Info:      0.02 seconds total solving time
           0.00 MB memory used
        solution found at layer 10

__MEMKB 7108
