MaxPlanII beta.

bb: parsing domain file
domain 'BLOCKS' defined
 ... done.
bb: parsing problem file
problem 'BLOCKS-11-1' defined
 ... done.


******  Solve with 1 layers Start******

creating action-based encoding:
        building rplan graph layers, up to layer [1];
        goal constraints;

no achiever in for goal?? deadline too low!#001


******  Solve with 2 layers Start******

creating action-based encoding:
        building rplan graph layers, up to layer [2];
        goal constraints;

no achiever in for goal?? deadline too low!#001


******  Solve with 3 layers Start******

creating action-based encoding:
        building rplan graph layers, up to layer [3];
        goal constraints;

no achiever in for goal?? deadline too low!#001


******  Solve with 4 layers Start******

creating action-based encoding:
        building rplan graph layers, up to layer [4];
        goal constraints;
        building exclusion constraints --> up to layer 4...

DECISION LAYER 4, WRITING ACTION-BASED ENCODING WITH 643 VARS, 29605 CLAUSES.
10 G clauses, 1164 A clauses, 28431 E clauses.c CNF file planning task -p , -o /home/matheus/repo/acervo-2010/planejadores_analise_resultados/comp/blocksworld/domain.pddl, -f /home/matheus/repo/acervo-2010/planejadores_analise_resultados/comp/blocksworld/probBLOCKS-11-1.pddl, bound 4, action based encoding
In building up solver: p cnf 643 29605
Empty Clause!
Empty Clause!
==================================[ MINISAT ]===================================
| Conflicts |     ORIGINAL     |              LEARNT              | Progress |
|           | Clauses Literals |   Limit Clauses Literals  Lit/Cl |          |
==============================================================================
|         0 |   18089    51821 |    6029       0        0     0.0 |  0.000 % |
==============================================================================
Totoal time used by londex constraint checking is [B0.000000][L0.000000],apply counts 3, apply_generated 0
restarts          :            1
conflicts         :            1           (      inf / sec      )
decisions         :            0           (      nan / sec      )
propagations      :          182           (      inf / sec      )
inspects          :          148           (      inf / sec      )
conflict literals :            0           (      nan % deleted  )
CPU time          :         0.00 sec
UNSATISFIABLE

******  Solve with 5 layers Start******

creating action-based encoding:
        building rplan graph layers, up to layer [5];
        goal constraints;
        building exclusion constraints --> up to layer 5...

DECISION LAYER 5, WRITING ACTION-BASED ENCODING WITH 1062 VARS, 59614 CLAUSES.
10 G clauses, 1968 A clauses, 57636 E clauses.c CNF file planning task -p , -o /home/matheus/repo/acervo-2010/planejadores_analise_resultados/comp/blocksworld/domain.pddl, -f /home/matheus/repo/acervo-2010/planejadores_analise_resultados/comp/blocksworld/probBLOCKS-11-1.pddl, bound 5, action based encoding
In building up solver: p cnf 1062 59614
==================================[ MINISAT ]===================================
| Conflicts |     ORIGINAL     |              LEARNT              | Progress |
|           | Clauses Literals |   Limit Clauses Literals  Lit/Cl |          |
==============================================================================
|         0 |   59614   159192 |   19871       0        0     0.0 |  0.000 % |
==============================================================================
Totoal time used by londex constraint checking is [B0.000000][L0.000000],apply counts 15, apply_generated 0
restarts          :            1
conflicts         :            3           (      300 / sec      )
decisions         :            2           (      200 / sec      )
propagations      :         1252           (   125200 / sec      )
inspects          :         2434           (   243400 / sec      )
conflict literals :            2           (     0.00 % deleted  )
CPU time          :         0.01 sec
UNSATISFIABLE

******  Solve with 6 layers Start******

creating action-based encoding:
        building rplan graph layers, up to layer [6];
        goal constraints;
        building exclusion constraints --> up to layer 6...

DECISION LAYER 6, WRITING ACTION-BASED ENCODING WITH 1481 VARS, 89623 CLAUSES.
10 G clauses, 2772 A clauses, 86841 E clauses.c CNF file planning task -p , -o /home/matheus/repo/acervo-2010/planejadores_analise_resultados/comp/blocksworld/domain.pddl, -f /home/matheus/repo/acervo-2010/planejadores_analise_resultados/comp/blocksworld/probBLOCKS-11-1.pddl, bound 6, action based encoding
In building up solver: p cnf 1481 89623
==================================[ MINISAT ]===================================
| Conflicts |     ORIGINAL     |              LEARNT              | Progress |
|           | Clauses Literals |   Limit Clauses Literals  Lit/Cl |          |
==============================================================================
|         0 |   89623   244818 |   29874       0        0     0.0 |  0.000 % |
==============================================================================
Totoal time used by londex constraint checking is [B0.000000][L0.000000],apply counts 31, apply_generated 0
restarts          :            1
conflicts         :            7           (      inf / sec      )
decisions         :            8           (      inf / sec      )
propagations      :         3400           (      inf / sec      )
inspects          :         6300           (      inf / sec      )
conflict literals :            8           (     0.00 % deleted  )
CPU time          :         0.00 sec
UNSATISFIABLE

******  Solve with 7 layers Start******

creating action-based encoding:
        building rplan graph layers, up to layer [7];
        goal constraints;
        building exclusion constraints --> up to layer 7...

DECISION LAYER 7, WRITING ACTION-BASED ENCODING WITH 1900 VARS, 119632 CLAUSES.
10 G clauses, 3576 A clauses, 116046 E clauses.c CNF file planning task -p , -o /home/matheus/repo/acervo-2010/planejadores_analise_resultados/comp/blocksworld/domain.pddl, -f /home/matheus/repo/acervo-2010/planejadores_analise_resultados/comp/blocksworld/probBLOCKS-11-1.pddl, bound 7, action based encoding
In building up solver: p cnf 1900 119632
==================================[ MINISAT ]===================================
| Conflicts |     ORIGINAL     |              LEARNT              | Progress |
|           | Clauses Literals |   Limit Clauses Literals  Lit/Cl |          |
==============================================================================
|         0 |  119632   330444 |   39877       0        0     0.0 |  0.000 % |
==============================================================================
Totoal time used by londex constraint checking is [B0.000000][L0.000000],apply counts 128, apply_generated 0
restarts          :            1
conflicts         :           17           (      inf / sec      )
decisions         :           64           (      inf / sec      )
propagations      :         8575           (      inf / sec      )
inspects          :        18123           (      inf / sec      )
conflict literals :          316           (    10.23 % deleted  )
CPU time          :         0.00 sec
UNSATISFIABLE

******  Solve with 8 layers Start******

creating action-based encoding:
        building rplan graph layers, up to layer [8];
        goal constraints;
        building exclusion constraints --> up to layer 8...

DECISION LAYER 8, WRITING ACTION-BASED ENCODING WITH 2319 VARS, 149641 CLAUSES.
10 G clauses, 4380 A clauses, 145251 E clauses.c CNF file planning task -p , -o /home/matheus/repo/acervo-2010/planejadores_analise_resultados/comp/blocksworld/domain.pddl, -f /home/matheus/repo/acervo-2010/planejadores_analise_resultados/comp/blocksworld/probBLOCKS-11-1.pddl, bound 8, action based encoding
In building up solver: p cnf 2319 149641
==================================[ MINISAT ]===================================
| Conflicts |     ORIGINAL     |              LEARNT              | Progress |
|           | Clauses Literals |   Limit Clauses Literals  Lit/Cl |          |
==============================================================================
|         0 |  149641   416070 |   49880       0        0     0.0 |  0.000 % |
==============================================================================
Totoal time used by londex constraint checking is [B0.000000][L0.000000],apply counts 367, apply_generated 0
restarts          :            1
conflicts         :           39           (     1950 / sec      )
decisions         :          141           (     7050 / sec      )
propagations      :        20918           (  1045900 / sec      )
inspects          :        43384           (  2169200 / sec      )
conflict literals :          610           (    11.34 % deleted  )
CPU time          :         0.02 sec
UNSATISFIABLE

******  Solve with 9 layers Start******

creating action-based encoding:
        building rplan graph layers, up to layer [9];
        goal constraints;
        building exclusion constraints --> up to layer 9...

DECISION LAYER 9, WRITING ACTION-BASED ENCODING WITH 2738 VARS, 179650 CLAUSES.
10 G clauses, 5184 A clauses, 174456 E clauses.c CNF file planning task -p , -o /home/matheus/repo/acervo-2010/planejadores_analise_resultados/comp/blocksworld/domain.pddl, -f /home/matheus/repo/acervo-2010/planejadores_analise_resultados/comp/blocksworld/probBLOCKS-11-1.pddl, bound 9, action based encoding
In building up solver: p cnf 2738 179650
==================================[ MINISAT ]===================================
| Conflicts |     ORIGINAL     |              LEARNT              | Progress |
|           | Clauses Literals |   Limit Clauses Literals  Lit/Cl |          |
==============================================================================
|         0 |  179650   501696 |   59883       0        0     0.0 |  0.000 % |
==============================================================================
Totoal time used by londex constraint checking is [B0.000000][L0.000000],apply counts 488, apply_generated 0
restarts          :            1
conflicts         :           79           (     3950 / sec      )
decisions         :          192           (     9600 / sec      )
propagations      :        37478           (  1873900 / sec      )
inspects          :        93666           (  4683300 / sec      )
conflict literals :         4306           (    16.08 % deleted  )
CPU time          :         0.02 sec
UNSATISFIABLE

******  Solve with 10 layers Start******

creating action-based encoding:
        building rplan graph layers, up to layer [10];
        goal constraints;
        building exclusion constraints --> up to layer 10...

DECISION LAYER 10, WRITING ACTION-BASED ENCODING WITH 3157 VARS, 209659 CLAUSES.
10 G clauses, 5988 A clauses, 203661 E clauses.c CNF file planning task -p , -o /home/matheus/repo/acervo-2010/planejadores_analise_resultados/comp/blocksworld/domain.pddl, -f /home/matheus/repo/acervo-2010/planejadores_analise_resultados/comp/blocksworld/probBLOCKS-11-1.pddl, bound 10, action based encoding
In building up solver: p cnf 3157 209659
==================================[ MINISAT ]===================================
| Conflicts |     ORIGINAL     |              LEARNT              | Progress |
|           | Clauses Literals |   Limit Clauses Literals  Lit/Cl |          |
==============================================================================
|         0 |  209659   587322 |   69886       0        0     0.0 |  0.000 % |
|       100 |  209633   587270 |   76875      90     6182    68.7 | 11.853 % |
==============================================================================
Totoal time used by londex constraint checking is [B0.000000][L0.000000],apply counts 1124, apply_generated 0
restarts          :            2
conflicts         :          136           (    13600 / sec      )
decisions         :          324           (    32400 / sec      )
propagations      :        75535           (  7553500 / sec      )
inspects          :       168990           ( 16899000 / sec      )
conflict literals :         6395           (    21.65 % deleted  )
CPU time          :         0.01 sec
UNSATISFIABLE

******  Solve with 11 layers Start******

creating action-based encoding:
        building rplan graph layers, up to layer [11];
        goal constraints;
        building exclusion constraints --> up to layer 11...

DECISION LAYER 11, WRITING ACTION-BASED ENCODING WITH 3576 VARS, 239668 CLAUSES.
10 G clauses, 6792 A clauses, 232866 E clauses.c CNF file planning task -p , -o /home/matheus/repo/acervo-2010/planejadores_analise_resultados/comp/blocksworld/domain.pddl, -f /home/matheus/repo/acervo-2010/planejadores_analise_resultados/comp/blocksworld/probBLOCKS-11-1.pddl, bound 11, action based encoding
In building up solver: p cnf 3576 239668
==================================[ MINISAT ]===================================
| Conflicts |     ORIGINAL     |              LEARNT              | Progress |
|           | Clauses Literals |   Limit Clauses Literals  Lit/Cl |          |
==============================================================================
|         0 |  239668   672948 |   79889       0        0     0.0 |  0.000 % |
|       101 |  239642   672896 |   87878      96     7595    79.1 |  8.417 % |
|       251 |  239642   672896 |   96666     230    16745    72.8 | 19.911 % |
==============================================================================
Totoal time used by londex constraint checking is [B0.000000][L0.020000],apply counts 2452, apply_generated 0
restarts          :            3
conflicts         :          306           (     7650 / sec      )
decisions         :          641           (    16025 / sec      )
propagations      :       151158           (  3778950 / sec      )
inspects          :       344244           (  8606100 / sec      )
conflict literals :        17364           (    19.93 % deleted  )
CPU time          :         0.04 sec
UNSATISFIABLE

******  Solve with 12 layers Start******

creating action-based encoding:
        building rplan graph layers, up to layer [12];
        goal constraints;
        building exclusion constraints --> up to layer 12...

DECISION LAYER 12, WRITING ACTION-BASED ENCODING WITH 3995 VARS, 269677 CLAUSES.
10 G clauses, 7596 A clauses, 262071 E clauses.c CNF file planning task -p , -o /home/matheus/repo/acervo-2010/planejadores_analise_resultados/comp/blocksworld/domain.pddl, -f /home/matheus/repo/acervo-2010/planejadores_analise_resultados/comp/blocksworld/probBLOCKS-11-1.pddl, bound 12, action based encoding
In building up solver: p cnf 3995 269677
==================================[ MINISAT ]===================================
| Conflicts |     ORIGINAL     |              LEARNT              | Progress |
|           | Clauses Literals |   Limit Clauses Literals  Lit/Cl |          |
==============================================================================
|         0 |  269677   758574 |   89892       0        0     0.0 |  0.000 % |
|       100 |  269677   758574 |   98881     100     7485    74.8 |  0.007 % |
|       250 |  259747   734815 |  108769     248    21463    86.5 |  4.557 % |
|       475 |  259747   734815 |  119646     458    32249    70.4 | 11.840 % |
==============================================================================
Totoal time used by londex constraint checking is [B0.010000][L0.000000],apply counts 5649, apply_generated 0
restarts          :            4
conflicts         :          653           (     8162 / sec      )
decisions         :         1138           (    14225 / sec      )
propagations      :       288264           (  3603300 / sec      )
inspects          :       697990           (  8724875 / sec      )
conflict literals :        38852           (    15.01 % deleted  )
CPU time          :         0.08 sec
UNSATISFIABLE

******  Solve with 13 layers Start******

creating action-based encoding:
        building rplan graph layers, up to layer [13];
        goal constraints;
        building exclusion constraints --> up to layer 13...

DECISION LAYER 13, WRITING ACTION-BASED ENCODING WITH 4414 VARS, 299686 CLAUSES.
10 G clauses, 8400 A clauses, 291276 E clauses.c CNF file planning task -p , -o /home/matheus/repo/acervo-2010/planejadores_analise_resultados/comp/blocksworld/domain.pddl, -f /home/matheus/repo/acervo-2010/planejadores_analise_resultados/comp/blocksworld/probBLOCKS-11-1.pddl, bound 13, action based encoding
In building up solver: p cnf 4414 299686
==================================[ MINISAT ]===================================
| Conflicts |     ORIGINAL     |              LEARNT              | Progress |
|           | Clauses Literals |   Limit Clauses Literals  Lit/Cl |          |
==============================================================================
|         0 |  299686   844200 |   99895       0        0     0.0 |  0.000 % |
|       100 |  299686   844200 |  109885     100    15359   153.6 |  0.005 % |
|       250 |  299292   843259 |  120873     246    29765   121.0 |  2.204 % |
|       475 |  299292   843259 |  132960     462    47027   101.8 |  9.702 % |
|       812 |  299292   843259 |  146256     793    69493    87.6 | 12.101 % |
|      1318 |  299292   843259 |  160882    1290   107742    83.5 | 13.279 % |
|      2077 |  299292   843259 |  176970    2013   146392    72.7 | 21.117 % |
==============================================================================
Totoal time used by londex constraint checking is [B0.030000][L0.050000],apply counts 14889, apply_generated 0
restarts          :            7
conflicts         :         2106           (     8424 / sec      )
decisions         :         2858           (    11432 / sec      )
propagations      :       847506           (  3390024 / sec      )
inspects          :      2184705           (  8738820 / sec      )
conflict literals :       146700           (    16.60 % deleted  )
CPU time          :         0.25 sec
UNSATISFIABLE

******  Solve with 14 layers Start******

creating action-based encoding:
        building rplan graph layers, up to layer [14];
        goal constraints;
        building exclusion constraints --> up to layer 14...

DECISION LAYER 14, WRITING ACTION-BASED ENCODING WITH 4833 VARS, 329695 CLAUSES.
10 G clauses, 9204 A clauses, 320481 E clauses.c CNF file planning task -p , -o /home/matheus/repo/acervo-2010/planejadores_analise_resultados/comp/blocksworld/domain.pddl, -f /home/matheus/repo/acervo-2010/planejadores_analise_resultados/comp/blocksworld/probBLOCKS-11-1.pddl, bound 14, action based encoding
In building up solver: p cnf 4833 329695
==================================[ MINISAT ]===================================
| Conflicts |     ORIGINAL     |              LEARNT              | Progress |
|           | Clauses Literals |   Limit Clauses Literals  Lit/Cl |          |
==============================================================================
|         0 |  329695   929826 |  109898       0        0     0.0 |  0.000 % |
|       100 |  329695   929826 |  120888     100    10695   107.0 |  0.004 % |
|       251 |  319765   906067 |  132977     245    30022   122.5 |  4.512 % |
|       477 |  319765   906067 |  146274     468    47876   102.3 |  6.978 % |
|       814 |  319765   906067 |  160902     798    90394   113.3 |  8.469 % |
|      1321 |  319765   906067 |  176992    1302   103031    79.1 |  8.608 % |
|      2080 |  319765   906067 |  194691    2059   153959    74.8 |  8.734 % |
|      3220 |  272397   787841 |  214160    2910   220177    75.7 | 14.075 % |
==============================================================================
Totoal time used by londex constraint checking is [B0.040000][L0.050000],apply counts 26601, apply_generated 0
restarts          :            8
conflicts         :         3747           (     8714 / sec      )
decisions         :         5356           (    12456 / sec      )
propagations      :      1419901           (  3302095 / sec      )
inspects          :      3615141           (  8407305 / sec      )
conflict literals :       258473           (    13.20 % deleted  )
CPU time          :         0.43 sec
UNSATISFIABLE

******  Solve with 15 layers Start******

creating action-based encoding:
        building rplan graph layers, up to layer [15];
        goal constraints;
        building exclusion constraints --> up to layer 15...

DECISION LAYER 15, WRITING ACTION-BASED ENCODING WITH 5252 VARS, 359704 CLAUSES.
10 G clauses, 10008 A clauses, 349686 E clauses.c CNF file planning task -p , -o /home/matheus/repo/acervo-2010/planejadores_analise_resultados/comp/blocksworld/domain.pddl, -f /home/matheus/repo/acervo-2010/planejadores_analise_resultados/comp/blocksworld/probBLOCKS-11-1.pddl, bound 15, action based encoding
In building up solver: p cnf 5252 359704
==================================[ MINISAT ]===================================
| Conflicts |     ORIGINAL     |              LEARNT              | Progress |
|           | Clauses Literals |   Limit Clauses Literals  Lit/Cl |          |
==============================================================================
|         0 |  359704  1015452 |  119901       0        0     0.0 |  0.000 % |
|       100 |  359704  1015452 |  131891     100    11128   111.3 |  0.003 % |
|       250 |  349774   991693 |  145080     246    18253    74.2 |  4.095 % |
|       476 |  349774   991693 |  159588     469    37409    79.8 |  4.781 % |
|       813 |  349774   991693 |  175547     804    70566    87.8 |  6.970 % |
|      1320 |  349774   991693 |  193102    1306   115288    88.3 |  7.218 % |
|      2079 |  349774   991693 |  212412    2063   202410    98.1 |  7.922 % |
|      3218 |  287147   836059 |  233653    2835   271686    95.8 | 13.348 % |
==============================================================================
Totoal time used by londex constraint checking is [B0.020000][L0.040000],apply counts 29157, apply_generated 0
restarts          :            8
conflicts         :         4276           (     7919 / sec      )
decisions         :         6215           (    11509 / sec      )
propagations      :      1611069           (  2983461 / sec      )
inspects          :      4298236           (  7959696 / sec      )
conflict literals :       377254           (    15.07 % deleted  )
CPU time          :         0.54 sec
UNSATISFIABLE

******  Solve with 16 layers Start******

creating action-based encoding:
        building rplan graph layers, up to layer [16];
        goal constraints;
        building exclusion constraints --> up to layer 16...

DECISION LAYER 16, WRITING ACTION-BASED ENCODING WITH 5671 VARS, 389713 CLAUSES.
10 G clauses, 10812 A clauses, 378891 E clauses.c CNF file planning task -p , -o /home/matheus/repo/acervo-2010/planejadores_analise_resultados/comp/blocksworld/domain.pddl, -f /home/matheus/repo/acervo-2010/planejadores_analise_resultados/comp/blocksworld/probBLOCKS-11-1.pddl, bound 16, action based encoding
In building up solver: p cnf 5671 389713
==================================[ MINISAT ]===================================
| Conflicts |     ORIGINAL     |              LEARNT              | Progress |
|           | Clauses Literals |   Limit Clauses Literals  Lit/Cl |          |
==============================================================================
|         0 |  389713  1101078 |  129904       0        0     0.0 |  0.000 % |
|       100 |  389713  1101078 |  142894     100     5255    52.5 |  0.003 % |
|       250 |  379783  1077319 |  157184     247    18126    73.4 |  1.765 % |
|       475 |  379783  1077319 |  172902     465    40283    86.6 |  5.944 % |
|       812 |  379783  1077319 |  190192     798    68838    86.3 |  6.720 % |
|      1318 |  379783  1077319 |  209212    1301   113630    87.3 |  7.407 % |
|      2077 |  379783  1077319 |  230133    2056   177037    86.1 |  7.619 % |
|      3216 |  379783  1077319 |  253146    3192   276645    86.7 |  7.743 % |
|      4924 |  345455   992728 |  278461    4881   453598    92.9 |  8.007 % |
|      7486 |  345455   992728 |  306307    7438   750792   100.9 |  8.200 % |
==============================================================================
Totoal time used by londex constraint checking is [B0.170000][L0.100000],apply counts 71140, apply_generated 0
restarts          :           10
conflicts         :         9805           (     7210 / sec      )
decisions         :        13248           (     9741 / sec      )
propagations      :      3881684           (  2854179 / sec      )
inspects          :     11526938           (  8475690 / sec      )
conflict literals :      1095388           (    16.32 % deleted  )
CPU time          :         1.36 sec
UNSATISFIABLE

******  Solve with 17 layers Start******

creating action-based encoding:
        building rplan graph layers, up to layer [17];
        goal constraints;
        building exclusion constraints --> up to layer 17...

DECISION LAYER 17, WRITING ACTION-BASED ENCODING WITH 6090 VARS, 419722 CLAUSES.
10 G clauses, 11616 A clauses, 408096 E clauses.c CNF file planning task -p , -o /home/matheus/repo/acervo-2010/planejadores_analise_resultados/comp/blocksworld/domain.pddl, -f /home/matheus/repo/acervo-2010/planejadores_analise_resultados/comp/blocksworld/probBLOCKS-11-1.pddl, bound 17, action based encoding
In building up solver: p cnf 6090 419722
==================================[ MINISAT ]===================================
| Conflicts |     ORIGINAL     |              LEARNT              | Progress |
|           | Clauses Literals |   Limit Clauses Literals  Lit/Cl |          |
==============================================================================
|         0 |  419722  1186704 |  139907       0        0     0.0 |  0.000 % |
|       100 |  419722  1186704 |  153898     100     4147    41.5 |  0.003 % |
|       250 |  409792  1162945 |  169287     246    15144    61.6 |  3.580 % |
|       475 |  409792  1162945 |  186216     468    55569   118.7 |  4.976 % |
|       812 |  409792  1162945 |  204838     802    90531   112.9 |  6.011 % |
|      1318 |  409792  1162945 |  225322    1304   149667   114.8 |  6.209 % |
|      2077 |  409792  1162945 |  247854    2056   249066   121.1 |  7.587 % |
|      3216 |  409792  1162945 |  272639    3193   424147   132.8 |  7.689 % |
|      4924 |  372068  1070133 |  299903    4861   699208   143.8 |  7.836 % |
|      7486 |  372068  1070133 |  329893    7419  1065016   143.6 |  7.997 % |
|     11330 |  370385  1065870 |  362883   11241  1550744   138.0 |  9.772 % |
|     17096 |  343495   997083 |  399171   16443  2272115   138.2 | 13.402 % |
==============================================================================
Totoal time used by londex constraint checking is [B0.370000][L0.260000],apply counts 165427, apply_generated 0
restarts          :           12
conflicts         :        21985           (     6193 / sec      )
decisions         :        28282           (     7967 / sec      )
propagations      :      8606227           (  2424289 / sec      )
inspects          :     30080847           (  8473478 / sec      )
conflict literals :      2778928           (    21.58 % deleted  )
CPU time          :         3.55 sec
UNSATISFIABLE

******  Solve with 18 layers Start******

creating action-based encoding:
        building rplan graph layers, up to layer [18];
        goal constraints;
        building exclusion constraints --> up to layer 18...

DECISION LAYER 18, WRITING ACTION-BASED ENCODING WITH 6509 VARS, 449731 CLAUSES.
10 G clauses, 12420 A clauses, 437301 E clauses.c CNF file planning task -p , -o /home/matheus/repo/acervo-2010/planejadores_analise_resultados/comp/blocksworld/domain.pddl, -f /home/matheus/repo/acervo-2010/planejadores_analise_resultados/comp/blocksworld/probBLOCKS-11-1.pddl, bound 18, action based encoding
In building up solver: p cnf 6509 449731
==================================[ MINISAT ]===================================
| Conflicts |     ORIGINAL     |              LEARNT              | Progress |
|           | Clauses Literals |   Limit Clauses Literals  Lit/Cl |          |
==============================================================================
|         0 |  449731  1272330 |  149910       0        0     0.0 |  0.000 % |
|       100 |  449731  1272330 |  164901     100      919     9.2 |  0.002 % |
|       250 |  446277  1264150 |  181391     249     5662    22.7 |  0.553 % |
|       475 |  446277  1264150 |  199530     471    39336    83.5 |  3.811 % |
|       812 |  446277  1264150 |  219483     805    79469    98.7 |  5.119 % |
|      1318 |  446277  1264150 |  241432    1309   168691   128.9 |  5.686 % |
|      2077 |  446277  1264150 |  265575    2067   261979   126.7 |  6.240 % |
|      3216 |  446277  1264150 |  292132    3200   363744   113.7 |  6.975 % |
|      4924 |  446277  1264150 |  321345    4908   622932   126.9 |  6.975 % |
|      7486 |  402383  1156551 |  353480    7373   994437   134.9 |  7.624 % |
|     11330 |  391987  1130118 |  388828   11117  1714874   154.3 |  8.807 % |
|     17097 |  391987  1130118 |  427711   16874  2455391   145.5 |  9.712 % |
|     25747 |  384600  1111561 |  470482   25367  3958085   156.0 | 10.004 % |
|     38721 |  380072  1100355 |  517530   38156  6107188   160.1 | 19.989 % |
==============================================================================
Totoal time used by londex constraint checking is [B0.710000][L0.640000],apply counts 338906, apply_generated 0
restarts          :           14
conflicts         :        41148           (     4910 / sec      )
decisions         :        51563           (     6153 / sec      )
propagations      :     17212517           (  2054000 / sec      )
inspects          :     76077463           (  9078456 / sec      )
conflict literals :      6381371           (    22.52 % deleted  )
CPU time          :         8.38 sec
UNSATISFIABLE

******  Solve with 19 layers Start******

creating action-based encoding:
        building rplan graph layers, up to layer [19];
        goal constraints;
        building exclusion constraints --> up to layer 19...

DECISION LAYER 19, WRITING ACTION-BASED ENCODING WITH 6928 VARS, 479740 CLAUSES.
10 G clauses, 13224 A clauses, 466506 E clauses.c CNF file planning task -p , -o /home/matheus/repo/acervo-2010/planejadores_analise_resultados/comp/blocksworld/domain.pddl, -f /home/matheus/repo/acervo-2010/planejadores_analise_resultados/comp/blocksworld/probBLOCKS-11-1.pddl, bound 19, action based encoding
In building up solver: p cnf 6928 479740
==================================[ MINISAT ]===================================
| Conflicts |     ORIGINAL     |              LEARNT              | Progress |
|           | Clauses Literals |   Limit Clauses Literals  Lit/Cl |          |
==============================================================================
|         0 |  479740  1357956 |  159913       0        0     0.0 |  0.000 % |
|       100 |  479740  1357956 |  175904     100     2575    25.8 |  0.002 % |
|       250 |  469810  1334197 |  193495     247     4714    19.1 |  1.446 % |
|       475 |  469810  1334197 |  212844     471    45389    96.4 |  1.491 % |
|       812 |  469810  1334197 |  234129     804    84611   105.2 |  5.371 % |
|      1318 |  469810  1334197 |  257541    1308   108894    83.3 |  5.431 % |
|      2078 |  469810  1334197 |  283296    2065   188591    91.3 |  5.559 % |
|      3218 |  469810  1334197 |  311625    3204   297321    92.8 |  5.634 % |
|      4926 |  439052  1258502 |  342788    4804   579330   120.6 |  6.267 % |
|      7491 |  439052  1258502 |  377066    7363   802206   109.0 |  6.467 % |
|     11335 |  439052  1258502 |  414773   11205  1426983   127.4 |  6.556 % |
|     17101 |  432395  1241921 |  456250   16913  2214476   130.9 |  7.839 % |
|     25750 |  432395  1241921 |  501875   25555  3941801   154.2 |  8.258 % |
|     38726 |  420374  1211549 |  552063   38050  6280226   165.1 | 10.133 % |
|     58187 |  368466  1073142 |  607269   54978 10229794   186.1 | 21.480 % |
==============================================================================
Totoal time used by londex constraint checking is [B1.090000][L0.810000],apply counts 516617, apply_generated 0
restarts          :           15
conflicts         :        62975           (     4269 / sec      )
decisions         :        77842           (     5277 / sec      )
propagations      :     26945782           (  1826833 / sec      )
inspects          :    140912047           (  9553359 / sec      )
conflict literals :     11290593           (    24.05 % deleted  )
CPU time          :        14.75 sec
UNSATISFIABLE

******  Solve with 20 layers Start******

creating action-based encoding:
        building rplan graph layers, up to layer [20];
        goal constraints;
        building exclusion constraints --> up to layer 20...

DECISION LAYER 20, WRITING ACTION-BASED ENCODING WITH 7347 VARS, 509749 CLAUSES.
10 G clauses, 14028 A clauses, 495711 E clauses.c CNF file planning task -p , -o /home/matheus/repo/acervo-2010/planejadores_analise_resultados/comp/blocksworld/domain.pddl, -f /home/matheus/repo/acervo-2010/planejadores_analise_resultados/comp/blocksworld/probBLOCKS-11-1.pddl, bound 20, action based encoding
In building up solver: p cnf 7347 509749
==================================[ MINISAT ]===================================
| Conflicts |     ORIGINAL     |              LEARNT              | Progress |
|           | Clauses Literals |   Limit Clauses Literals  Lit/Cl |          |
==============================================================================
|         0 |  509749  1443582 |  169916       0        0     0.0 |  0.000 % |
|       100 |  509749  1443582 |  186908     100     8958    89.6 |  0.002 % |
|       250 |  509581  1443201 |  205598     249    11237    45.1 |  0.042 % |
|       475 |  509581  1443201 |  226158     469    43227    92.2 |  3.009 % |
|       812 |  509581  1443201 |  248774     805    73387    91.2 |  4.125 % |
|      1318 |  509581  1443201 |  273651    1309   137090   104.7 |  4.507 % |
|      2077 |  509581  1443201 |  301017    2065   218650   105.9 |  5.078 % |
|      3216 |  509581  1443201 |  331118    3197   322888   101.0 |  5.391 % |
|      4924 |  469637  1345554 |  364230    4854   495741   102.1 |  5.527 % |
|      7488 |  469637  1345554 |  400653    7415   975444   131.6 |  6.058 % |
|     11333 |  469637  1345554 |  440718   11257  1669411   148.3 |  6.180 % |
|     17099 |  464364  1332515 |  484790   17005  2624519   154.3 |  6.439 % |
|     25749 |  464364  1332515 |  533269   25653  4373489   170.5 |  6.523 % |
|     38723 |  462423  1327573 |  586596   38609  7074398   183.2 |  6.605 % |
|     58185 |  460973  1323947 |  645256   58006 11347647   195.6 |  9.801 % |
|     87378 |  438571  1266880 |  709781   86106 17819882   207.0 | 10.142 % |
|    131167 |  436049  1260406 |  780759  129527 27539916   212.6 | 13.272 % |
|    196851 |  331672   985729 |  858835  169701 36573260   215.5 | 25.849 % |
==============================================================================
Totoal time used by londex constraint checking is [B3.460000][L3.470000],apply counts 1752891, apply_generated 0
restarts          :           18
conflicts         :       197461           (     2728 / sec      )
decisions         :       229467           (     3170 / sec      )
propagations      :     86105036           (  1189625 / sec      )
inspects          :    971474492           ( 13421864 / sec      )
conflict literals :     40947785           (    30.90 % deleted  )
CPU time          :        72.38 sec
UNSATISFIABLE

******  Solve with 21 layers Start******

creating action-based encoding:
        building rplan graph layers, up to layer [21];
        goal constraints;
        building exclusion constraints --> up to layer 21...

DECISION LAYER 21, WRITING ACTION-BASED ENCODING WITH 7766 VARS, 539758 CLAUSES.
10 G clauses, 14832 A clauses, 524916 E clauses.c CNF file planning task -p , -o /home/matheus/repo/acervo-2010/planejadores_analise_resultados/comp/blocksworld/domain.pddl, -f /home/matheus/repo/acervo-2010/planejadores_analise_resultados/comp/blocksworld/probBLOCKS-11-1.pddl, bound 21, action based encoding
In building up solver: p cnf 7766 539758
==================================[ MINISAT ]===================================
| Conflicts |     ORIGINAL     |              LEARNT              | Progress |
|           | Clauses Literals |   Limit Clauses Literals  Lit/Cl |          |
==============================================================================
|         0 |  539758  1529208 |  179919       0        0     0.0 |  0.000 % |
|       100 |  539758  1529208 |  197911     100      890     8.9 |  0.001 % |
|       250 |  529828  1505449 |  217702     249     4172    16.8 |  1.211 % |
|       475 |  529828  1505449 |  239472     470    51474   109.5 |  2.809 % |
|       812 |  529828  1505449 |  263419     805    79141    98.3 |  2.884 % |
|      1318 |  529828  1505449 |  289761    1308   168798   129.1 |  3.002 % |
|      2077 |  529828  1505449 |  318737    2064   261999   126.9 |  4.443 % |
|      3216 |  529828  1505449 |  350611    3199   412423   128.9 |  5.294 % |
|      4924 |  497481  1425831 |  385672    4878   649774   133.2 |  5.370 % |
|      7486 |  497481  1425831 |  424240    7438   963795   129.6 |  5.422 % |
|     11330 |  496649  1423787 |  466664   11269  1554037   137.9 |  5.488 % |
|     17096 |  496649  1423787 |  513330   17031  2721466   159.8 |  5.592 % |
|     25745 |  495298  1420381 |  564663   25655  4432605   172.8 |  5.731 % |
|     38719 |  493086  1414893 |  621129   38552  7682406   199.3 |  5.872 % |
|     58180 |  491983  1412148 |  683242   57980 12652068   218.2 |  6.184 % |
|     87372 |  484704  1393909 |  751566   86946 20387050   234.5 |  7.458 % |
|    131161 |  478398  1377549 |  826723  130434 32680137   250.5 |  7.984 % |
|    196845 |  461423  1334301 |  909395  194872 51812667   265.9 | 10.303 % |
|    295371 |  461423  1334301 | 1000335  293302 79801665   272.1 | 21.814 % |
==============================================================================
Totoal time used by londex constraint checking is [B6.200000][L5.340000],apply counts 2793242, apply_generated 0
restarts          :           19
conflicts         :       309303           (     2054 / sec      )
decisions         :       356291           (     2366 / sec      )
propagations      :    139881143           (   929011 / sec      )
inspects          :   2123284487           ( 14101644 / sec      )
conflict literals :     82507486           (    30.45 % deleted  )
CPU time          :       150.57 sec
UNSATISFIABLE

******  Solve with 22 layers Start******

creating action-based encoding:
        building rplan graph layers, up to layer [22];
        goal constraints;
        building exclusion constraints --> up to layer 22...

DECISION LAYER 22, WRITING ACTION-BASED ENCODING WITH 8185 VARS, 569767 CLAUSES.
10 G clauses, 15636 A clauses, 554121 E clauses.c CNF file planning task -p , -o /home/matheus/repo/acervo-2010/planejadores_analise_resultados/comp/blocksworld/domain.pddl, -f /home/matheus/repo/acervo-2010/planejadores_analise_resultados/comp/blocksworld/probBLOCKS-11-1.pddl, bound 22, action based encoding
In building up solver: p cnf 8185 569767
==================================[ MINISAT ]===================================
| Conflicts |     ORIGINAL     |              LEARNT              | Progress |
|           | Clauses Literals |   Limit Clauses Literals  Lit/Cl |          |
==============================================================================
|         0 |  569767  1614834 |  189922       0        0     0.0 |  0.000 % |
|       100 |  569767  1614834 |  208914     100     8331    83.3 |  0.001 % |
|       250 |  559837  1591075 |  229806     249    16427    66.0 |  1.149 % |
|       475 |  559837  1591075 |  252786     474    18657    39.4 |  1.149 % |
|       812 |  559837  1591075 |  278065     808    60109    74.4 |  3.262 % |
|      1318 |  559837  1591075 |  305871    1311   115918    88.4 |  4.485 % |
|      2077 |  559837  1591075 |  336458    2063   169225    82.0 |  4.717 % |
|      3216 |  559837  1591075 |  370104    3199   280354    87.6 |  4.829 % |
|      4924 |  559837  1591075 |  407115    4900   396566    80.9 |  5.413 % |
|      7487 |  523818  1502284 |  447826    7388   804831   108.9 |  5.670 % |
|     11331 |  523818  1502284 |  492609   11230  1440015   128.2 |  5.767 % |
|     17097 |  522352  1498627 |  541870   16978  2325109   136.9 |  5.841 % |
|     25747 |  522352  1498627 |  596057   25626  4165836   162.6 |  5.890 % |
|     38722 |  521122  1495586 |  655662   38572  6257156   162.2 |  6.061 % |
|     58184 |  518784  1489747 |  721228   57852 10885774   188.2 |  6.256 % |
|     87376 |  517173  1485689 |  793351   86931 18803092   216.3 |  6.587 % |
|    131165 |  517173  1485689 |  872686  130715 30340669   232.1 |  6.745 % |
|    196850 |  513529  1476553 |  959955  196257 54930976   279.9 |  7.099 % |
|    295376 |  508548  1463826 | 1055951  294601 92301463   313.3 |  7.894 % |
|    443165 |  500619  1443170 | 1161546  440736 148304407   336.5 | 15.603 % |
==============================================================================
Totoal time used by londex constraint checking is [B12.700000][L10.580000],apply counts 5597368, apply_generated 0
restarts          :           20
conflicts         :       589325           (     1132 / sec      )
decisions         :       660600           (     1268 / sec      )
propagations      :    272093134           (   522462 / sec      )
inspects          :   7346359132           ( 14106183 / sec      )
conflict literals :    191269895           (    34.14 % deleted  )
CPU time          :       520.79 sec
UNSATISFIABLE

******  Solve with 23 layers Start******

creating action-based encoding:
        building rplan graph layers, up to layer [23];
        goal constraints;
        building exclusion constraints --> up to layer 23...

DECISION LAYER 23, WRITING ACTION-BASED ENCODING WITH 8604 VARS, 599776 CLAUSES.
10 G clauses, 16440 A clauses, 583326 E clauses.c CNF file planning task -p , -o /home/matheus/repo/acervo-2010/planejadores_analise_resultados/comp/blocksworld/domain.pddl, -f /home/matheus/repo/acervo-2010/planejadores_analise_resultados/comp/blocksworld/probBLOCKS-11-1.pddl, bound 23, action based encoding
In building up solver: p cnf 8604 599776
==================================[ MINISAT ]===================================
| Conflicts |     ORIGINAL     |              LEARNT              | Progress |
|           | Clauses Literals |   Limit Clauses Literals  Lit/Cl |          |
==============================================================================
|         0 |  599776  1700460 |  199925       0        0     0.0 |  0.000 % |
|       100 |  599776  1700460 |  219918     100     2230    22.3 |  0.001 % |
|       250 |  589846  1676701 |  241909     247    14514    58.8 |  1.093 % |
|       475 |  589846  1676701 |  266100     470    49204   104.7 |  1.895 % |
|       812 |  589846  1676701 |  292710     805    69663    86.5 |  2.895 % |
|      1318 |  589846  1676701 |  321981    1308   144272   110.3 |  3.001 % |
|      2077 |  589846  1676701 |  354179    2062   169487    82.2 |  4.022 % |
|      3216 |  589846  1676701 |  389597    3198   268735    84.0 |  4.126 % |
|      4924 |  589846  1676701 |  428557    4904   490850   100.1 |  4.196 % |
|      7486 |  564248  1613673 |  471413    7422   964092   129.9 |  4.592 % |
|     11330 |  564248  1613673 |  518554   11264  1581591   140.4 |  4.638 % |
|     17096 |  559632  1602384 |  570409   17014  2407932   141.5 |  4.837 % |
|     25745 |  559632  1602384 |  627450   25661  4386999   171.0 |  4.905 % |
