#
# (C) Copyright 2008, University of Illinois, Urbana-Champaign
#
# All rights reserved. Use of this software is permitted ONLY for
# non-commercial research purposes, and it may be copied only
# for that use only. All copies must include this copyright message.
# This software is made available AS IS, and neither the authors
# nor the University of Illinois, make any warranty about the
# software or its performance.
#

Parsing domain file
 domain 'MYSTERY-STRIPS' defined
Parsing problem file
 problem 'STRIPS-MYSTY-X-1' defined



checking for cyclic := effects --- OK.




; Time 0.08
; ParsingTime 0.07
; NrActions 5
; MakeSpan
; MetricValue
; PlanningTechnique Modified-FF(enforced hill-climbing search) as the subplanner

0.001: (OVERCOME ABRASION REST PORK URANUS VENUS) [1]
1.002: (FEAST REST PORK LAMB ALSACE QUEBEC) [1]
2.003: (FEAST REST LAMB FLOUNDER SURREY PENNSYLVANIA) [1]
3.004: (FEAST REST FLOUNDER RICE PENNSYLVANIA ALSACE) [1]
4.005: (SUCCUMB ABRASION REST RICE URANUS VENUS) [1]
#
# (C) Copyright 2008, University of Illinois, Urbana-Champaign
#
# All rights reserved. Use of this software is permitted ONLY for
# non-commercial research purposes, and it may be copied only
# for that use only. All copies must include this copyright message.
# This software is made available AS IS, and neither the authors
# nor the University of Illinois, make any warranty about the
# software or its performance.
#

Parsing domain file
 domain 'MYSTERY-STRIPS' defined
Parsing problem file
 problem 'STRIPS-MYSTY-X-2' defined



checking for cyclic := effects --- OK.




; Time 0.12
; ParsingTime 0.11
; NrActions 10
; MakeSpan
; MetricValue
; PlanningTechnique Modified-FF(enforced hill-climbing search) as the subplanner

0.001: (FEAST SATIETY ONION MUFFIN KENTUCKY BOSNIA) [1]
1.002: (OVERCOME DEPRESSION-1 SATIETY MUFFIN MERCURY VULCAN) [1]
2.003: (FEAST SATIETY MUFFIN HAM ARIZONA KENTUCKY) [1]
3.004: (FEAST SATIETY HAM TUNA BOSNIA SURREY) [1]
4.005: (FEAST SATIETY TUNA BEEF ARIZONA KENTUCKY) [1]
5.006: (OVERCOME GRIEF-7 ENTERTAINMENT HAM PLUTO JUPITER) [1]
6.007: (FEAST ENTERTAINMENT HAM TUNA KENTUCKY BOSNIA) [1]
7.008: (FEAST ENTERTAINMENT TUNA BEEF ALSACE ARIZONA) [1]
8.009: (SUCCUMB GRIEF-7 ENTERTAINMENT BEEF PLUTO JUPITER) [1]
9.010: (SUCCUMB DEPRESSION-1 SATIETY BEEF MERCURY VULCAN) [1]
#
# (C) Copyright 2008, University of Illinois, Urbana-Champaign
#
# All rights reserved. Use of this software is permitted ONLY for
# non-commercial research purposes, and it may be copied only
# for that use only. All copies must include this copyright message.
# This software is made available AS IS, and neither the authors
# nor the University of Illinois, make any warranty about the
# software or its performance.
#

Parsing domain file
 domain 'MYSTERY-STRIPS' defined
Parsing problem file
 problem 'STRIPS-MYSTY-X-3' defined



checking for cyclic := effects --- OK.




; Time 0.10
; ParsingTime 0.10
; NrActions 4
; MakeSpan
; MetricValue
; PlanningTechnique Modified-FF(enforced hill-climbing search) as the subplanner

0.001: (FEAST LOVE ORANGE CHOCOLATE GUANABARA BAVARIA) [1]
1.002: (OVERCOME HANGOVER LOVE CHOCOLATE VENUS NEPTUNE) [1]
2.003: (FEAST LOVE CHOCOLATE HAM GOIAS GUANABARA) [1]
3.004: (SUCCUMB HANGOVER LOVE HAM VENUS NEPTUNE) [1]
#
# (C) Copyright 2008, University of Illinois, Urbana-Champaign
#
# All rights reserved. Use of this software is permitted ONLY for
# non-commercial research purposes, and it may be copied only
# for that use only. All copies must include this copyright message.
# This software is made available AS IS, and neither the authors
# nor the University of Illinois, make any warranty about the
# software or its performance.
#

Parsing domain file
 domain 'MYSTERY-STRIPS' defined
Parsing problem file
 problem 'STRIPS-MYSTY-X-4' defined



checking for cyclic := effects --- OK.









#
# (C) Copyright 2008, University of Illinois, Urbana-Champaign
#
# All rights reserved. Use of this software is permitted ONLY for
# non-commercial research purposes, and it may be copied only
# for that use only. All copies must include this copyright message.
# This software is made available AS IS, and neither the authors
# nor the University of Illinois, make any warranty about the
# software or its performance.
#

Parsing domain file
 domain 'MYSTERY-STRIPS' defined
Parsing problem file
 problem 'STRIPS-MYSTY-X-5' defined



checking for cyclic := effects --- OK.













#
# (C) Copyright 2008, University of Illinois, Urbana-Champaign
#
# All rights reserved. Use of this software is permitted ONLY for
# non-commercial research purposes, and it may be copied only
# for that use only. All copies must include this copyright message.
# This software is made available AS IS, and neither the authors
# nor the University of Illinois, make any warranty about the
# software or its performance.
#

Parsing domain file
 domain 'MYSTERY-STRIPS' defined
Parsing problem file
 problem 'STRIPS-MYSTY-X-6' defined



checking for cyclic := effects --- OK.













#
# (C) Copyright 2008, University of Illinois, Urbana-Champaign
#
# All rights reserved. Use of this software is permitted ONLY for
# non-commercial research purposes, and it may be copied only
# for that use only. All copies must include this copyright message.
# This software is made available AS IS, and neither the authors
# nor the University of Illinois, make any warranty about the
# software or its performance.
#

Parsing domain file
 domain 'MYSTERY-STRIPS' defined
Parsing problem file
 problem 'STRIPS-MYSTY-X-7' defined


create ff: goal can be simplified to dis_FALSE. No plan will solve it

#
# (C) Copyright 2008, University of Illinois, Urbana-Champaign
#
# All rights reserved. Use of this software is permitted ONLY for
# non-commercial research purposes, and it may be copied only
# for that use only. All copies must include this copyright message.
# This software is made available AS IS, and neither the authors
# nor the University of Illinois, make any warranty about the
# software or its performance.
#

Parsing domain file
 domain 'MYSTERY-STRIPS' defined
Parsing problem file
 problem 'STRIPS-MYSTY-X-8' defined



checking for cyclic := effects --- OK.









#
# (C) Copyright 2008, University of Illinois, Urbana-Champaign
#
# All rights reserved. Use of this software is permitted ONLY for
# non-commercial research purposes, and it may be copied only
# for that use only. All copies must include this copyright message.
# This software is made available AS IS, and neither the authors
# nor the University of Illinois, make any warranty about the
# software or its performance.
#

Parsing domain file
 domain 'MYSTERY-STRIPS' defined
Parsing problem file
 problem 'STRIPS-MYSTY-X-9' defined



checking for cyclic := effects --- OK.






; Time 1.43
; ParsingTime 0.10
; NrActions 8
; MakeSpan
; MetricValue
; PlanningTechnique Modified-FF(best-first search) as the subplanner

0.001: (OVERCOME SCIATICA ENTERTAINMENT FLOUNDER SATURN VENUS) [1]
1.002: (OVERCOME JEALOUSY EXCITEMENT GUAVA EARTH URANUS) [1]
2.003: (FEAST EXCITEMENT GUAVA APPLE MANITOBA KENTUCKY) [1]
3.004: (FEAST EXCITEMENT APPLE HOTDOG BAVARIA ARIZONA) [1]
4.005: (FEAST EXCITEMENT HOTDOG WURST BOSNIA BAVARIA) [1]
5.006: (SUCCUMB JEALOUSY EXCITEMENT WURST EARTH URANUS) [1]
6.007: (FEAST ENTERTAINMENT FLOUNDER HAMBURGER BAVARIA ARIZONA) [1]
7.008: (SUCCUMB SCIATICA ENTERTAINMENT HAMBURGER SATURN VENUS) [1]
#
# (C) Copyright 2008, University of Illinois, Urbana-Champaign
#
# All rights reserved. Use of this software is permitted ONLY for
# non-commercial research purposes, and it may be copied only
# for that use only. All copies must include this copyright message.
# This software is made available AS IS, and neither the authors
# nor the University of Illinois, make any warranty about the
# software or its performance.
#

Parsing domain file
 domain 'MYSTERY-STRIPS' defined
Parsing problem file
 problem 'STRIPS-MYSTY-X-10' defined



checking for cyclic := effects --- OK.





#
# (C) Copyright 2008, University of Illinois, Urbana-Champaign
#
# All rights reserved. Use of this software is permitted ONLY for
# non-commercial research purposes, and it may be copied only
# for that use only. All copies must include this copyright message.
# This software is made available AS IS, and neither the authors
# nor the University of Illinois, make any warranty about the
# software or its performance.
#

Parsing domain file
 domain 'MYSTERY-STRIPS' defined
Parsing problem file
 problem 'STRIPS-MYSTY-X-11' defined



checking for cyclic := effects --- OK.




; Time 0.10
; ParsingTime 0.10
; NrActions 9
; MakeSpan
; MetricValue
; PlanningTechnique Modified-FF(enforced hill-climbing search) as the subplanner

0.001: (FEAST LUBRICITY PEAR SWEETROLL QUEBEC BOSNIA) [1]
1.002: (OVERCOME LONELINESS LUBRICITY SWEETROLL URANUS SATURN) [1]
2.003: (FEAST LUBRICITY SWEETROLL PEAR ALSACE QUEBEC) [1]
3.004: (OVERCOME LACERATION LUBRICITY PEAR NEPTUNE URANUS) [1]
4.005: (FEAST LUBRICITY PEAR CHERRY ALSACE QUEBEC) [1]
5.006: (FEAST LUBRICITY CHERRY CHICKEN BOSNIA SURREY) [1]
6.007: (FEAST LUBRICITY CHICKEN SHRIMP MANITOBA KENTUCKY) [1]
7.008: (SUCCUMB LACERATION LUBRICITY SHRIMP NEPTUNE URANUS) [1]
8.009: (SUCCUMB LONELINESS LUBRICITY SHRIMP URANUS SATURN) [1]
#
# (C) Copyright 2008, University of Illinois, Urbana-Champaign
#
# All rights reserved. Use of this software is permitted ONLY for
# non-commercial research purposes, and it may be copied only
# for that use only. All copies must include this copyright message.
# This software is made available AS IS, and neither the authors
# nor the University of Illinois, make any warranty about the
# software or its performance.
#

Parsing domain file
 domain 'MYSTERY-STRIPS' defined
Parsing problem file
 problem 'STRIPS-MYSTY-X-12' defined



checking for cyclic := effects --- OK.









#
# (C) Copyright 2008, University of Illinois, Urbana-Champaign
#
# All rights reserved. Use of this software is permitted ONLY for
# non-commercial research purposes, and it may be copied only
# for that use only. All copies must include this copyright message.
# This software is made available AS IS, and neither the authors
# nor the University of Illinois, make any warranty about the
# software or its performance.
#

Parsing domain file
 domain 'MYSTERY-STRIPS' defined
Parsing problem file
 problem 'STRIPS-MYSTY-X-13' defined



checking for cyclic := effects --- OK.










; Time 111.68
; ParsingTime 0.30
; NrActions 21
; MakeSpan
; MetricValue
; PlanningTechnique Modified-FF(best-first search) as the subplanner

0.001: (OVERCOME HANGOVER-31 LOVE BAGUETTE VULCAN VENUS) [1]
1.002: (FEAST ACHIEVEMENT TURKEY SCALLOP ALSACE BAVARIA) [1]
2.003: (FEAST LOVE BAGUETTE LEMON ALSACE BAVARIA) [1]
3.004: (OVERCOME LACERATION-20 LOVE LEMON NEPTUNE VULCAN) [1]
4.005: (FEAST LOVE LEMON ONION BAVARIA QUEBEC) [1]
5.006: (FEAST LOVE ONION TURKEY OREGON ALSACE) [1]
6.007: (FEAST LOVE TURKEY POTATO OREGON ALSACE) [1]
7.008: (FEAST LOVE POTATO MUFFIN OREGON ALSACE) [1]
8.009: (FEAST LOVE MUFFIN HAM ALSACE BAVARIA) [1]
9.010: (SUCCUMB LACERATION-20 LOVE HAM NEPTUNE VULCAN) [1]
10.011: (FEAST AESTHETICS HAMBURGER PAPAYA ALSACE BAVARIA) [1]
11.012: (FEAST AESTHETICS PAPAYA LOBSTER ALSACE BAVARIA) [1]
12.013: (FEAST AESTHETICS LOBSTER BAGUETTE OREGON ALSACE) [1]
13.014: (FEAST AESTHETICS BAGUETTE LEMON OREGON ALSACE) [1]
14.015: (OVERCOME PROSTATITIS-18 AESTHETICS LEMON MARS NEPTUNE) [1]
15.016: (FEAST AESTHETICS LEMON FLOUNDER ALSACE BAVARIA) [1]
16.017: (FEAST AESTHETICS FLOUNDER SCALLION BAVARIA QUEBEC) [1]
17.018: (FEAST AESTHETICS SCALLION HAMBURGER OREGON ALSACE) [1]
18.019: (FEAST AESTHETICS HAMBURGER PAPAYA OREGON ALSACE) [1]
19.020: (FEAST AESTHETICS PAPAYA LOBSTER OREGON ALSACE) [1]
20.021: (SUCCUMB PROSTATITIS-18 AESTHETICS LOBSTER MARS NEPTUNE) [1]
#
# (C) Copyright 2008, University of Illinois, Urbana-Champaign
#
# All rights reserved. Use of this software is permitted ONLY for
# non-commercial research purposes, and it may be copied only
# for that use only. All copies must include this copyright message.
# This software is made available AS IS, and neither the authors
# nor the University of Illinois, make any warranty about the
# software or its performance.
#

Parsing domain file
 domain 'MYSTERY-STRIPS' defined
Parsing problem file
 problem 'STRIPS-MYSTY-X-14' defined



checking for cyclic := effects --- OK.




; Time 7.61
; ParsingTime 0.57
; NrActions 12
; MakeSpan
; MetricValue
; PlanningTechnique Modified-FF(enforced hill-climbing search) as the subplanner

0.001: (FEAST REST SCALLOP LETTUCE QUEBEC BAVARIA) [1]
1.002: (FEAST REST LETTUCE PISTACHIO ARIZONA PENNSYLVANIA) [1]
2.003: (FEAST ACHIEVEMENT POTATO SHRIMP ARIZONA PENNSYLVANIA) [1]
3.004: (OVERCOME PROSTATITIS-23 REST PISTACHIO VULCAN JUPITER) [1]
4.005: (OVERCOME ANXIETY-25 REST PISTACHIO MARS VULCAN) [1]
5.006: (FEAST REST PISTACHIO LETTUCE ALSACE ARIZONA) [1]
6.007: (FEAST REST LETTUCE SCALLOP ALSACE ARIZONA) [1]
7.008: (FEAST REST SCALLOP SCALLION SURREY QUEBEC) [1]
8.009: (FEAST REST SCALLION SHRIMP PENNSYLVANIA SURREY) [1]
9.010: (FEAST REST SHRIMP POTATO PENNSYLVANIA SURREY) [1]
10.011: (SUCCUMB PROSTATITIS-23 REST POTATO MARS VULCAN) [1]
11.012: (SUCCUMB ANXIETY-25 REST POTATO VULCAN JUPITER) [1]
#
# (C) Copyright 2008, University of Illinois, Urbana-Champaign
#
# All rights reserved. Use of this software is permitted ONLY for
# non-commercial research purposes, and it may be copied only
# for that use only. All copies must include this copyright message.
# This software is made available AS IS, and neither the authors
# nor the University of Illinois, make any warranty about the
# software or its performance.
#

Parsing domain file
 domain 'MYSTERY-STRIPS' defined
Parsing problem file
 problem 'STRIPS-MYSTY-X-15' defined



checking for cyclic := effects --- OK.




; Time 0.27
; ParsingTime 0.25
; NrActions 6
; MakeSpan
; MetricValue
; PlanningTechnique Modified-FF(enforced hill-climbing search) as the subplanner

0.001: (OVERCOME JEALOUSY SATISFACTION PISTACHIO NEPTUNE EARTH) [1]
1.002: (FEAST SATISFACTION PISTACHIO BROCCOLI SURREY MORAVIA) [1]
2.003: (FEAST SATISFACTION BROCCOLI LEMON SURREY MORAVIA) [1]
3.004: (FEAST SATISFACTION LEMON COD BAVARIA ALSACE) [1]
4.005: (FEAST SATISFACTION COD CHICKEN PENNSYLVANIA QUEBEC) [1]
5.006: (SUCCUMB JEALOUSY SATISFACTION CHICKEN NEPTUNE EARTH) [1]
#
# (C) Copyright 2008, University of Illinois, Urbana-Champaign
#
# All rights reserved. Use of this software is permitted ONLY for
# non-commercial research purposes, and it may be copied only
# for that use only. All copies must include this copyright message.
# This software is made available AS IS, and neither the authors
# nor the University of Illinois, make any warranty about the
# software or its performance.
#

Parsing domain file
 domain 'MYSTERY-STRIPS' defined
Parsing problem file
 problem 'STRIPS-MYSTY-X-16' defined



checking for cyclic := effects --- OK.













#
# (C) Copyright 2008, University of Illinois, Urbana-Champaign
#
# All rights reserved. Use of this software is permitted ONLY for
# non-commercial research purposes, and it may be copied only
# for that use only. All copies must include this copyright message.
# This software is made available AS IS, and neither the authors
# nor the University of Illinois, make any warranty about the
# software or its performance.
#

Parsing domain file
 domain 'MYSTERY-STRIPS' defined
Parsing problem file
 problem 'STRIPS-MYSTY-X-17' defined



checking for cyclic := effects --- OK.




; Time 0.23
; ParsingTime 0.21
; NrActions 4
; MakeSpan
; MetricValue
; PlanningTechnique Modified-FF(enforced hill-climbing search) as the subplanner

0.001: (FEAST SATISFACTION POTATO YOGURT GUANABARA BOSNIA) [1]
1.002: (OVERCOME ABRASION SATISFACTION YOGURT MERCURY SATURN) [1]
2.003: (FEAST SATISFACTION YOGURT WONDERBREAD GUANABARA BOSNIA) [1]
3.004: (SUCCUMB ABRASION SATISFACTION WONDERBREAD MERCURY SATURN) [1]
#
# (C) Copyright 2008, University of Illinois, Urbana-Champaign
#
# All rights reserved. Use of this software is permitted ONLY for
# non-commercial research purposes, and it may be copied only
# for that use only. All copies must include this copyright message.
# This software is made available AS IS, and neither the authors
# nor the University of Illinois, make any warranty about the
# software or its performance.
#

Parsing domain file
 domain 'MYSTERY-STRIPS' defined
Parsing problem file
 problem 'STRIPS-MYSTY-X-18' defined


create ff: goal can be simplified to dis_FALSE. No plan will solve it

#
# (C) Copyright 2008, University of Illinois, Urbana-Champaign
#
# All rights reserved. Use of this software is permitted ONLY for
# non-commercial research purposes, and it may be copied only
# for that use only. All copies must include this copyright message.
# This software is made available AS IS, and neither the authors
# nor the University of Illinois, make any warranty about the
# software or its performance.
#

Parsing domain file
 domain 'MYSTERY-STRIPS' defined
Parsing problem file
 problem 'STRIPS-MYSTY-X-19' defined



checking for cyclic := effects --- OK.






; Time 3.80
; ParsingTime 0.13
; NrActions 7
; MakeSpan
; MetricValue
; PlanningTechnique Modified-FF(best-first search) as the subplanner

0.001: (FEAST ENTERTAINMENT LOBSTER HAROSET BAVARIA MANITOBA) [1]
1.002: (FEAST STIMULATION LAMB BEEF GOIAS BOSNIA) [1]
2.003: (OVERCOME ABRASION STIMULATION BEEF SATURN EARTH) [1]
3.004: (FEAST STIMULATION BEEF LAMB PENNSYLVANIA OREGON) [1]
4.005: (FEAST STIMULATION LAMB HAROSET OREGON GOIAS) [1]
5.006: (FEAST STIMULATION HAROSET LOBSTER BAVARIA MANITOBA) [1]
6.007: (SUCCUMB ABRASION STIMULATION LOBSTER SATURN EARTH) [1]
#
# (C) Copyright 2008, University of Illinois, Urbana-Champaign
#
# All rights reserved. Use of this software is permitted ONLY for
# non-commercial research purposes, and it may be copied only
# for that use only. All copies must include this copyright message.
# This software is made available AS IS, and neither the authors
# nor the University of Illinois, make any warranty about the
# software or its performance.
#

Parsing domain file
 domain 'MYSTERY-STRIPS' defined
Parsing problem file
 problem 'STRIPS-MYSTY-X-20' defined



checking for cyclic := effects --- OK.




; Time 0.15
; ParsingTime 0.12
; NrActions 13
; MakeSpan
; MetricValue
; PlanningTechnique Modified-FF(enforced hill-climbing search) as the subplanner

0.001: (OVERCOME ABRASION INTOXICATION WONDERBREAD NEPTUNE VENUS) [1]
1.002: (FEAST INTOXICATION WONDERBREAD MUTTON MORAVIA BOSNIA) [1]
2.003: (FEAST INTOXICATION MUTTON PORK GUANABARA QUEBEC) [1]
3.004: (FEAST INTOXICATION PORK COD GUANABARA QUEBEC) [1]
4.005: (SUCCUMB ABRASION INTOXICATION COD NEPTUNE VENUS) [1]
5.006: (FEAST UNDERSTANDING MARZIPAN COD KENTUCKY MORAVIA) [1]
6.007: (FEAST ACHIEVEMENT CHERRY MARZIPAN BOSNIA GOIAS) [1]
7.008: (FEAST ACHIEVEMENT MARZIPAN COD ALSACE KENTUCKY) [1]
8.009: (OVERCOME ABRASION ACHIEVEMENT COD NEPTUNE VENUS) [1]
9.010: (FEAST ACHIEVEMENT COD MARZIPAN BOSNIA GOIAS) [1]
10.011: (FEAST ACHIEVEMENT MARZIPAN CHERRY QUEBEC ALSACE) [1]
11.012: (FEAST ACHIEVEMENT CHERRY PEPPER MORAVIA BOSNIA) [1]
12.013: (SUCCUMB ABRASION ACHIEVEMENT PEPPER NEPTUNE VENUS) [1]
#
# (C) Copyright 2008, University of Illinois, Urbana-Champaign
#
# All rights reserved. Use of this software is permitted ONLY for
# non-commercial research purposes, and it may be copied only
# for that use only. All copies must include this copyright message.
# This software is made available AS IS, and neither the authors
# nor the University of Illinois, make any warranty about the
# software or its performance.
#

Parsing domain file
 domain 'MYSTERY-STRIPS' defined
Parsing problem file
 problem 'STRIPS-MYSTY-X-21' defined



checking for cyclic := effects --- OK.









#
# (C) Copyright 2008, University of Illinois, Urbana-Champaign
#
# All rights reserved. Use of this software is permitted ONLY for
# non-commercial research purposes, and it may be copied only
# for that use only. All copies must include this copyright message.
# This software is made available AS IS, and neither the authors
# nor the University of Illinois, make any warranty about the
# software or its performance.
#

Parsing domain file
 domain 'MYSTERY-STRIPS' defined
Parsing problem file
 problem 'STRIPS-MYSTY-X-22' defined



checking for cyclic := effects --- OK.









#
# (C) Copyright 2008, University of Illinois, Urbana-Champaign
#
# All rights reserved. Use of this software is permitted ONLY for
# non-commercial research purposes, and it may be copied only
# for that use only. All copies must include this copyright message.
# This software is made available AS IS, and neither the authors
# nor the University of Illinois, make any warranty about the
# software or its performance.
#

Parsing domain file
 domain 'MYSTERY-STRIPS' defined
Parsing problem file
 problem 'STRIPS-MYSTY-X-23' defined



checking for cyclic := effects --- OK.









#
# (C) Copyright 2008, University of Illinois, Urbana-Champaign
#
# All rights reserved. Use of this software is permitted ONLY for
# non-commercial research purposes, and it may be copied only
# for that use only. All copies must include this copyright message.
# This software is made available AS IS, and neither the authors
# nor the University of Illinois, make any warranty about the
# software or its performance.
#

Parsing domain file
 domain 'MYSTERY-STRIPS' defined
Parsing problem file
 problem 'STRIPS-MYSTY-X-24' defined



checking for cyclic := effects --- OK.

















#
# (C) Copyright 2008, University of Illinois, Urbana-Champaign
#
# All rights reserved. Use of this software is permitted ONLY for
# non-commercial research purposes, and it may be copied only
# for that use only. All copies must include this copyright message.
# This software is made available AS IS, and neither the authors
# nor the University of Illinois, make any warranty about the
# software or its performance.
#

Parsing domain file
 domain 'MYSTERY-STRIPS' defined
Parsing problem file
 problem 'STRIPS-MYSTY-X-25' defined



checking for cyclic := effects --- OK.




; Time 0.09
; ParsingTime 0.08
; NrActions 4
; MakeSpan
; MetricValue
; PlanningTechnique Modified-FF(enforced hill-climbing search) as the subplanner

0.001: (FEAST EXPECTATION TUNA WURST KENTUCKY BAVARIA) [1]
1.002: (OVERCOME DEPRESSION EXPECTATION WURST JUPITER URANUS) [1]
2.003: (FEAST EXPECTATION WURST CHICKEN KENTUCKY BAVARIA) [1]
3.004: (SUCCUMB DEPRESSION EXPECTATION CHICKEN JUPITER URANUS) [1]
#
# (C) Copyright 2008, University of Illinois, Urbana-Champaign
#
# All rights reserved. Use of this software is permitted ONLY for
# non-commercial research purposes, and it may be copied only
# for that use only. All copies must include this copyright message.
# This software is made available AS IS, and neither the authors
# nor the University of Illinois, make any warranty about the
# software or its performance.
#

Parsing domain file
 domain 'MYSTERY-STRIPS' defined
Parsing problem file
 problem 'STRIPS-MYSTY-X-26' defined



checking for cyclic := effects --- OK.






; Time 1.13
; ParsingTime 0.09
; NrActions 7
; MakeSpan
; MetricValue
; PlanningTechnique Modified-FF(best-first search) as the subplanner

0.001: (OVERCOME BOILS ENTERTAINMENT HAROSET EARTH NEPTUNE) [1]
1.002: (FEAST UNDERSTANDING PAPAYA FLOUNDER MORAVIA KENTUCKY) [1]
2.003: (FEAST ENTERTAINMENT HAROSET RICE OREGON BAVARIA) [1]
3.004: (FEAST ENTERTAINMENT RICE PISTACHIO MANITOBA OREGON) [1]
4.005: (FEAST ENTERTAINMENT PISTACHIO TURKEY MORAVIA KENTUCKY) [1]
5.006: (FEAST ENTERTAINMENT TURKEY PAPAYA MANITOBA OREGON) [1]
6.007: (SUCCUMB BOILS ENTERTAINMENT PAPAYA EARTH NEPTUNE) [1]
#
# (C) Copyright 2008, University of Illinois, Urbana-Champaign
#
# All rights reserved. Use of this software is permitted ONLY for
# non-commercial research purposes, and it may be copied only
# for that use only. All copies must include this copyright message.
# This software is made available AS IS, and neither the authors
# nor the University of Illinois, make any warranty about the
# software or its performance.
#

Parsing domain file
 domain 'MYSTERY-STRIPS' defined
Parsing problem file
 problem 'STRIPS-MYSTY-X-27' defined



checking for cyclic := effects --- OK.




; Time 0.08
; ParsingTime 0.08
; NrActions 5
; MakeSpan
; MetricValue
; PlanningTechnique Modified-FF(enforced hill-climbing search) as the subplanner

0.001: (OVERCOME GRIEF SATISFACTION SCALLION MARS URANUS) [1]
1.002: (OVERCOME BOILS SATISFACTION SCALLION MERCURY MARS) [1]
2.003: (FEAST SATISFACTION SCALLION GUAVA ARIZONA PENNSYLVANIA) [1]
3.004: (SUCCUMB GRIEF SATISFACTION GUAVA MERCURY MARS) [1]
4.005: (SUCCUMB BOILS SATISFACTION GUAVA MARS URANUS) [1]
#
# (C) Copyright 2008, University of Illinois, Urbana-Champaign
#
# All rights reserved. Use of this software is permitted ONLY for
# non-commercial research purposes, and it may be copied only
# for that use only. All copies must include this copyright message.
# This software is made available AS IS, and neither the authors
# nor the University of Illinois, make any warranty about the
# software or its performance.
#

Parsing domain file
 domain 'MYSTERY-STRIPS' defined
Parsing problem file
 problem 'STRIPS-MYSTY-X-28' defined



checking for cyclic := effects --- OK.




; Time 0.07
; ParsingTime 0.07
; NrActions 7
; MakeSpan
; MetricValue
; PlanningTechnique Modified-FF(enforced hill-climbing search) as the subplanner

0.001: (FEAST INTOXICATION WURST MUFFIN GOIAS BOSNIA) [1]
1.002: (OVERCOME ANGER INTOXICATION MUFFIN VULCAN EARTH) [1]
2.003: (FEAST INTOXICATION MUFFIN BROCCOLI BOSNIA PENNSYLVANIA) [1]
3.004: (OVERCOME BOILS INTOXICATION BROCCOLI NEPTUNE VULCAN) [1]
4.005: (FEAST INTOXICATION BROCCOLI LAMB ALSACE KENTUCKY) [1]
5.006: (SUCCUMB ANGER INTOXICATION LAMB NEPTUNE VULCAN) [1]
6.007: (SUCCUMB BOILS INTOXICATION LAMB VULCAN EARTH) [1]
#
# (C) Copyright 2008, University of Illinois, Urbana-Champaign
#
# All rights reserved. Use of this software is permitted ONLY for
# non-commercial research purposes, and it may be copied only
# for that use only. All copies must include this copyright message.
# This software is made available AS IS, and neither the authors
# nor the University of Illinois, make any warranty about the
# software or its performance.
#

Parsing domain file
 domain 'MYSTERY-STRIPS' defined
Parsing problem file
 problem 'STRIPS-MYSTY-X-29' defined



checking for cyclic := effects --- OK.




; Time 0.09
; ParsingTime 0.09
; NrActions 4
; MakeSpan
; MetricValue
; PlanningTechnique Modified-FF(enforced hill-climbing search) as the subplanner

0.001: (OVERCOME JEALOUSY EXCITEMENT PORK NEPTUNE URANUS) [1]
1.002: (FEAST EXCITEMENT PORK BROCCOLI MANITOBA BAVARIA) [1]
2.003: (FEAST EXCITEMENT BROCCOLI SHRIMP PENNSYLVANIA ALSACE) [1]
3.004: (SUCCUMB JEALOUSY EXCITEMENT SHRIMP NEPTUNE URANUS) [1]
#
# (C) Copyright 2008, University of Illinois, Urbana-Champaign
#
# All rights reserved. Use of this software is permitted ONLY for
# non-commercial research purposes, and it may be copied only
# for that use only. All copies must include this copyright message.
# This software is made available AS IS, and neither the authors
# nor the University of Illinois, make any warranty about the
# software or its performance.
#

Parsing domain file
 domain 'MYSTERY-STRIPS' defined
Parsing problem file
 problem 'STRIPS-MYSTY-X-30' defined



checking for cyclic := effects --- OK.




; Time 0.11
; ParsingTime 0.10
; NrActions 11
; MakeSpan
; MetricValue
; PlanningTechnique Modified-FF(enforced hill-climbing search) as the subplanner

0.001: (OVERCOME BOILS EXPECTATION HAMBURGER NEPTUNE VENUS) [1]
1.002: (FEAST EXPECTATION HAMBURGER HOTDOG BOSNIA BAVARIA) [1]
2.003: (FEAST INTOXICATION BEEF HOTDOG BOSNIA BAVARIA) [1]
3.004: (FEAST EXPECTATION HOTDOG CUCUMBER MORAVIA KENTUCKY) [1]
4.005: (FEAST EXPECTATION CUCUMBER BAGUETTE BOSNIA BAVARIA) [1]
5.006: (OVERCOME DREAD EXPECTATION BAGUETTE VULCAN NEPTUNE) [1]
6.007: (FEAST EXPECTATION BAGUETTE CUCUMBER ALSACE GUANABARA) [1]
7.008: (FEAST EXPECTATION CUCUMBER HOTDOG OREGON BOSNIA) [1]
8.009: (FEAST EXPECTATION HOTDOG MUTTON BAVARIA MORAVIA) [1]
9.010: (SUCCUMB DREAD EXPECTATION MUTTON VULCAN NEPTUNE) [1]
10.011: (SUCCUMB BOILS EXPECTATION MUTTON NEPTUNE VENUS) [1]
