#
# (C) Copyright 2008, University of Illinois, Urbana-Champaign
#
# All rights reserved. Use of this software is permitted ONLY for
# non-commercial research purposes, and it may be copied only
# for that use only. All copies must include this copyright message.
# This software is made available AS IS, and neither the authors
# nor the University of Illinois, make any warranty about the
# software or its performance.
#

Parsing domain file
 domain 'DRIVERLOG' defined
Parsing problem file
 problem 'DLOG-2-2-2' defined



checking for cyclic := effects --- OK.




; Time 0.03
; ParsingTime 0.03
; NrActions 8
; MakeSpan
; MetricValue
; PlanningTechnique Modified-FF(enforced hill-climbing search) as the subplanner

0.001: (WALK DRIVER2 S2 P1-2) [1]
1.002: (WALK DRIVER2 P1-2 S1) [1]
2.003: (WALK DRIVER2 S1 P1-0) [1]
3.004: (WALK DRIVER2 P1-0 S0) [1]
4.005: (WALK DRIVER1 S2 P1-2) [1]
5.006: (BOARD-TRUCK DRIVER2 TRUCK1 S0) [1]
6.007: (WALK DRIVER1 P1-2 S1) [1]
7.008: (DRIVE-TRUCK TRUCK1 S0 S1 DRIVER2) [1]
#
# (C) Copyright 2008, University of Illinois, Urbana-Champaign
#
# All rights reserved. Use of this software is permitted ONLY for
# non-commercial research purposes, and it may be copied only
# for that use only. All copies must include this copyright message.
# This software is made available AS IS, and neither the authors
# nor the University of Illinois, make any warranty about the
# software or its performance.
#

Parsing domain file
 domain 'DRIVERLOG' defined
Parsing problem file
 problem 'DLOG-2-2-3' defined



checking for cyclic := effects --- OK.






; Time 0.03
; ParsingTime 0.03
; NrActions 22
; MakeSpan
; MetricValue
; PlanningTechnique Modified-FF(enforced hill-climbing search) as the subplanner

0.001: (BOARD-TRUCK DRIVER2 TRUCK1 S0) [1]
1.002: (DRIVE-TRUCK TRUCK1 S0 S1 DRIVER2) [1]
2.003: (DISEMBARK-TRUCK DRIVER2 TRUCK1 S1) [1]
3.004: (BOARD-TRUCK DRIVER2 TRUCK2 S1) [1]
4.005: (LOAD-TRUCK PACKAGE2 TRUCK2 S1) [1]
5.006: (LOAD-TRUCK PACKAGE3 TRUCK2 S1) [1]
6.007: (DRIVE-TRUCK TRUCK2 S1 S2 DRIVER2) [1]
7.008: (LOAD-TRUCK PACKAGE1 TRUCK2 S2) [1]
8.009: (UNLOAD-TRUCK PACKAGE2 TRUCK2 S2) [1]
9.010: (DRIVE-TRUCK TRUCK2 S2 S0 DRIVER2) [1]
10.011: (UNLOAD-TRUCK PACKAGE1 TRUCK2 S0) [1]
11.012: (UNLOAD-TRUCK PACKAGE3 TRUCK2 S0) [1]
12.013: (WALK DRIVER1 S0 P0-1) [1]
13.014: (WALK DRIVER1 P0-1 S1) [1]
14.015: (DISEMBARK-TRUCK DRIVER2 TRUCK2 S0) [1]
15.016: (WALK DRIVER2 S0 P0-1) [1]
16.017: (WALK DRIVER2 P0-1 S1) [1]
17.018: (BOARD-TRUCK DRIVER1 TRUCK1 S1) [1]
18.019: (DRIVE-TRUCK TRUCK1 S1 S2 DRIVER1) [1]
19.020: (DISEMBARK-TRUCK DRIVER1 TRUCK1 S2) [1]
20.021: (WALK DRIVER1 S2 P2-1) [1]
21.022: (WALK DRIVER1 P2-1 S1) [1]
#
# (C) Copyright 2008, University of Illinois, Urbana-Champaign
#
# All rights reserved. Use of this software is permitted ONLY for
# non-commercial research purposes, and it may be copied only
# for that use only. All copies must include this copyright message.
# This software is made available AS IS, and neither the authors
# nor the University of Illinois, make any warranty about the
# software or its performance.
#

Parsing domain file
 domain 'DRIVERLOG' defined
Parsing problem file
 problem 'DLOG-2-2-4' defined



checking for cyclic := effects --- OK.






; Time 0.03
; ParsingTime 0.03
; NrActions 13
; MakeSpan
; MetricValue
; PlanningTechnique Modified-FF(enforced hill-climbing search) as the subplanner

0.001: (BOARD-TRUCK DRIVER1 TRUCK1 S1) [1]
1.002: (LOAD-TRUCK PACKAGE3 TRUCK1 S1) [1]
2.003: (DRIVE-TRUCK TRUCK1 S1 S0 DRIVER1) [1]
3.004: (LOAD-TRUCK PACKAGE1 TRUCK1 S0) [1]
4.005: (LOAD-TRUCK PACKAGE2 TRUCK1 S0) [1]
5.006: (DRIVE-TRUCK TRUCK1 S0 S1 DRIVER1) [1]
6.007: (UNLOAD-TRUCK PACKAGE1 TRUCK1 S1) [1]
7.008: (UNLOAD-TRUCK PACKAGE2 TRUCK1 S1) [1]
8.009: (DRIVE-TRUCK TRUCK1 S1 S2 DRIVER1) [1]
9.010: (UNLOAD-TRUCK PACKAGE3 TRUCK1 S2) [1]
10.011: (WALK DRIVER2 S0 P2-0) [1]
11.012: (WALK DRIVER2 P2-0 S2) [1]
12.013: (DRIVE-TRUCK TRUCK1 S2 S1 DRIVER1) [1]
#
# (C) Copyright 2008, University of Illinois, Urbana-Champaign
#
# All rights reserved. Use of this software is permitted ONLY for
# non-commercial research purposes, and it may be copied only
# for that use only. All copies must include this copyright message.
# This software is made available AS IS, and neither the authors
# nor the University of Illinois, make any warranty about the
# software or its performance.
#

Parsing domain file
 domain 'DRIVERLOG' defined
Parsing problem file
 problem 'DLOG-3-2-4' defined



checking for cyclic := effects --- OK.






; Time 0.03
; ParsingTime 0.03
; NrActions 22
; MakeSpan
; MetricValue
; PlanningTechnique Modified-FF(enforced hill-climbing search) as the subplanner

0.001: (BOARD-TRUCK DRIVER2 TRUCK1 S1) [1]
1.002: (BOARD-TRUCK DRIVER3 TRUCK2 S0) [1]
2.003: (LOAD-TRUCK PACKAGE3 TRUCK2 S0) [1]
3.004: (DRIVE-TRUCK TRUCK1 S1 S0 DRIVER2) [1]
4.005: (DRIVE-TRUCK TRUCK2 S0 S1 DRIVER3) [1]
5.006: (LOAD-TRUCK PACKAGE4 TRUCK2 S1) [1]
6.007: (DRIVE-TRUCK TRUCK2 S1 S0 DRIVER3) [1]
7.008: (UNLOAD-TRUCK PACKAGE4 TRUCK2 S0) [1]
8.009: (DRIVE-TRUCK TRUCK2 S0 S1 DRIVER3) [1]
9.010: (DRIVE-TRUCK TRUCK2 S1 S2 DRIVER3) [1]
10.011: (LOAD-TRUCK PACKAGE1 TRUCK2 S2) [1]
11.012: (UNLOAD-TRUCK PACKAGE3 TRUCK2 S2) [1]
12.013: (DRIVE-TRUCK TRUCK2 S2 S1 DRIVER3) [1]
13.014: (UNLOAD-TRUCK PACKAGE1 TRUCK2 S1) [1]
14.015: (DRIVE-TRUCK TRUCK2 S1 S2 DRIVER3) [1]
15.016: (DISEMBARK-TRUCK DRIVER3 TRUCK2 S2) [1]
16.017: (WALK DRIVER3 S2 P1-2) [1]
17.018: (WALK DRIVER3 P1-2 S1) [1]
18.019: (DRIVE-TRUCK TRUCK1 S0 S1 DRIVER2) [1]
19.020: (DISEMBARK-TRUCK DRIVER2 TRUCK1 S1) [1]
20.021: (WALK DRIVER2 S1 P0-1) [1]
21.022: (WALK DRIVER2 P0-1 S0) [1]
#
# (C) Copyright 2008, University of Illinois, Urbana-Champaign
#
# All rights reserved. Use of this software is permitted ONLY for
# non-commercial research purposes, and it may be copied only
# for that use only. All copies must include this copyright message.
# This software is made available AS IS, and neither the authors
# nor the University of Illinois, make any warranty about the
# software or its performance.
#

Parsing domain file
 domain 'DRIVERLOG' defined
Parsing problem file
 problem 'DLOG-3-2-5' defined



checking for cyclic := effects --- OK.






; Time 0.03
; ParsingTime 0.03
; NrActions 21
; MakeSpan
; MetricValue
; PlanningTechnique Modified-FF(enforced hill-climbing search) as the subplanner

0.001: (BOARD-TRUCK DRIVER1 TRUCK2 S1) [1]
1.002: (DRIVE-TRUCK TRUCK2 S1 S2 DRIVER1) [1]
2.003: (LOAD-TRUCK PACKAGE3 TRUCK2 S2) [1]
3.004: (LOAD-TRUCK PACKAGE4 TRUCK2 S2) [1]
4.005: (DRIVE-TRUCK TRUCK2 S2 S0 DRIVER1) [1]
5.006: (LOAD-TRUCK PACKAGE2 TRUCK2 S0) [1]
6.007: (UNLOAD-TRUCK PACKAGE4 TRUCK2 S0) [1]
7.008: (DRIVE-TRUCK TRUCK2 S0 S1 DRIVER1) [1]
8.009: (UNLOAD-TRUCK PACKAGE2 TRUCK2 S1) [1]
9.010: (UNLOAD-TRUCK PACKAGE3 TRUCK2 S1) [1]
10.011: (WALK DRIVER2 S0 P0-2) [1]
11.012: (WALK DRIVER2 P0-2 S2) [1]
12.013: (DRIVE-TRUCK TRUCK2 S1 S0 DRIVER1) [1]
13.014: (WALK DRIVER3 S0 P0-1) [1]
14.015: (WALK DRIVER3 P0-1 S1) [1]
15.016: (BOARD-TRUCK DRIVER3 TRUCK1 S1) [1]
16.017: (LOAD-TRUCK PACKAGE1 TRUCK2 S0) [1]
17.018: (DRIVE-TRUCK TRUCK2 S0 S1 DRIVER1) [1]
18.019: (DRIVE-TRUCK TRUCK1 S1 S2 DRIVER3) [1]
19.020: (UNLOAD-TRUCK PACKAGE1 TRUCK2 S1) [1]
20.021: (DRIVE-TRUCK TRUCK2 S1 S2 DRIVER1) [1]
#
# (C) Copyright 2008, University of Illinois, Urbana-Champaign
#
# All rights reserved. Use of this software is permitted ONLY for
# non-commercial research purposes, and it may be copied only
# for that use only. All copies must include this copyright message.
# This software is made available AS IS, and neither the authors
# nor the University of Illinois, make any warranty about the
# software or its performance.
#

Parsing domain file
 domain 'DRIVERLOG' defined
Parsing problem file
 problem 'DLOG-3-3-5' defined



checking for cyclic := effects --- OK.






; Time 0.07
; ParsingTime 0.03
; NrActions 13
; MakeSpan
; MetricValue
; PlanningTechnique Modified-FF(enforced hill-climbing search) as the subplanner

0.001: (BOARD-TRUCK DRIVER3 TRUCK3 S1) [1]
1.002: (LOAD-TRUCK PACKAGE1 TRUCK3 S1) [1]
2.003: (DRIVE-TRUCK TRUCK3 S1 S2 DRIVER3) [1]
3.004: (UNLOAD-TRUCK PACKAGE1 TRUCK3 S2) [1]
4.005: (WALK DRIVER1 S2 P1-2) [1]
5.006: (WALK DRIVER2 S2 P2-0) [1]
6.007: (WALK DRIVER1 P1-2 S1) [1]
7.008: (WALK DRIVER2 P2-0 S0) [1]
8.009: (DISEMBARK-TRUCK DRIVER3 TRUCK3 S2) [1]
9.010: (WALK DRIVER3 S2 P1-2) [1]
10.011: (WALK DRIVER3 P1-2 S1) [1]
11.012: (BOARD-TRUCK DRIVER3 TRUCK2 S1) [1]
12.013: (DRIVE-TRUCK TRUCK2 S1 S0 DRIVER3) [1]
#
# (C) Copyright 2008, University of Illinois, Urbana-Champaign
#
# All rights reserved. Use of this software is permitted ONLY for
# non-commercial research purposes, and it may be copied only
# for that use only. All copies must include this copyright message.
# This software is made available AS IS, and neither the authors
# nor the University of Illinois, make any warranty about the
# software or its performance.
#

Parsing domain file
 domain 'DRIVERLOG' defined
Parsing problem file
 problem 'DLOG-3-3-6' defined



checking for cyclic := effects --- OK.






; Time 0.03
; ParsingTime 0.03
; NrActions 17
; MakeSpan
; MetricValue
; PlanningTechnique Modified-FF(enforced hill-climbing search) as the subplanner

0.001: (BOARD-TRUCK DRIVER1 TRUCK3 S1) [1]
1.002: (LOAD-TRUCK PACKAGE4 TRUCK3 S1) [1]
2.003: (LOAD-TRUCK PACKAGE5 TRUCK3 S1) [1]
3.004: (DRIVE-TRUCK TRUCK3 S1 S2 DRIVER1) [1]
4.005: (LOAD-TRUCK PACKAGE2 TRUCK3 S2) [1]
5.006: (UNLOAD-TRUCK PACKAGE4 TRUCK3 S2) [1]
6.007: (DRIVE-TRUCK TRUCK3 S2 S1 DRIVER1) [1]
7.008: (UNLOAD-TRUCK PACKAGE2 TRUCK3 S1) [1]
8.009: (DRIVE-TRUCK TRUCK3 S1 S0 DRIVER1) [1]
9.010: (UNLOAD-TRUCK PACKAGE5 TRUCK3 S0) [1]
10.011: (WALK DRIVER3 S2 P2-1) [1]
11.012: (WALK DRIVER3 P2-1 S1) [1]
12.013: (WALK DRIVER2 S2 P0-2) [1]
13.014: (BOARD-TRUCK DRIVER3 TRUCK2 S1) [1]
14.015: (DISEMBARK-TRUCK DRIVER1 TRUCK3 S0) [1]
15.016: (WALK DRIVER2 P0-2 S0) [1]
16.017: (DRIVE-TRUCK TRUCK2 S1 S0 DRIVER3) [1]
#
# (C) Copyright 2008, University of Illinois, Urbana-Champaign
#
# All rights reserved. Use of this software is permitted ONLY for
# non-commercial research purposes, and it may be copied only
# for that use only. All copies must include this copyright message.
# This software is made available AS IS, and neither the authors
# nor the University of Illinois, make any warranty about the
# software or its performance.
#

Parsing domain file
 domain 'DRIVERLOG' defined
Parsing problem file
 problem 'DLOG-3-3-7' defined



checking for cyclic := effects --- OK.








; Time 0.04
; ParsingTime 0.03
; NrActions 25
; MakeSpan
; MetricValue
; PlanningTechnique Modified-FF(enforced hill-climbing search) as the subplanner

0.001: (BOARD-TRUCK DRIVER1 TRUCK3 S2) [1]
1.002: (LOAD-TRUCK PACKAGE7 TRUCK3 S2) [1]
2.003: (DRIVE-TRUCK TRUCK3 S2 S0 DRIVER1) [1]
3.004: (LOAD-TRUCK PACKAGE4 TRUCK3 S0) [1]
4.005: (DRIVE-TRUCK TRUCK3 S0 S2 DRIVER1) [1]
5.006: (UNLOAD-TRUCK PACKAGE4 TRUCK3 S2) [1]
6.007: (DRIVE-TRUCK TRUCK3 S2 S1 DRIVER1) [1]
7.008: (UNLOAD-TRUCK PACKAGE7 TRUCK3 S1) [1]
8.009: (LOAD-TRUCK PACKAGE2 TRUCK3 S1) [1]
9.010: (DRIVE-TRUCK TRUCK3 S1 S0 DRIVER1) [1]
10.011: (LOAD-TRUCK PACKAGE1 TRUCK3 S0) [1]
11.012: (LOAD-TRUCK PACKAGE3 TRUCK3 S0) [1]
12.013: (UNLOAD-TRUCK PACKAGE2 TRUCK3 S0) [1]
13.014: (DRIVE-TRUCK TRUCK3 S0 S2 DRIVER1) [1]
14.015: (UNLOAD-TRUCK PACKAGE1 TRUCK3 S2) [1]
15.016: (DRIVE-TRUCK TRUCK3 S2 S1 DRIVER1) [1]
16.017: (UNLOAD-TRUCK PACKAGE3 TRUCK3 S1) [1]
17.018: (DRIVE-TRUCK TRUCK3 S1 S0 DRIVER1) [1]
18.019: (WALK DRIVER3 S1 P2-1) [1]
19.020: (WALK DRIVER3 P2-1 S2) [1]
20.021: (BOARD-TRUCK DRIVER3 TRUCK2 S2) [1]
21.022: (DRIVE-TRUCK TRUCK2 S2 S1 DRIVER3) [1]
22.023: (DISEMBARK-TRUCK DRIVER1 TRUCK3 S0) [1]
23.024: (WALK DRIVER1 S0 P2-0) [1]
24.025: (WALK DRIVER1 P2-0 S2) [1]
#
# (C) Copyright 2008, University of Illinois, Urbana-Champaign
#
# All rights reserved. Use of this software is permitted ONLY for
# non-commercial research purposes, and it may be copied only
# for that use only. All copies must include this copyright message.
# This software is made available AS IS, and neither the authors
# nor the University of Illinois, make any warranty about the
# software or its performance.
#

Parsing domain file
 domain 'DRIVERLOG' defined
Parsing problem file
 problem 'DLOG-2-3-6' defined



checking for cyclic := effects --- OK.






; Time 0.05
; ParsingTime 0.03
; NrActions 32
; MakeSpan
; MetricValue
; PlanningTechnique Modified-FF(enforced hill-climbing search) as the subplanner

0.001: (WALK DRIVER2 S1 P1-2) [1]
1.002: (WALK DRIVER2 P1-2 S2) [1]
2.003: (BOARD-TRUCK DRIVER2 TRUCK1 S2) [1]
3.004: (DRIVE-TRUCK TRUCK1 S2 S3 DRIVER2) [1]
4.005: (LOAD-TRUCK PACKAGE3 TRUCK1 S3) [1]
5.006: (DRIVE-TRUCK TRUCK1 S3 S0 DRIVER2) [1]
6.007: (DRIVE-TRUCK TRUCK1 S0 S1 DRIVER2) [1]
7.008: (LOAD-TRUCK PACKAGE2 TRUCK1 S1) [1]
8.009: (UNLOAD-TRUCK PACKAGE3 TRUCK1 S1) [1]
9.010: (DRIVE-TRUCK TRUCK1 S1 S2 DRIVER2) [1]
10.011: (UNLOAD-TRUCK PACKAGE2 TRUCK1 S2) [1]
11.012: (WALK DRIVER1 S4 P3-4) [1]
12.013: (LOAD-TRUCK PACKAGE1 TRUCK1 S2) [1]
13.014: (DRIVE-TRUCK TRUCK1 S2 S0 DRIVER2) [1]
14.015: (WALK DRIVER1 P3-4 S3) [1]
15.016: (DRIVE-TRUCK TRUCK1 S0 S3 DRIVER2) [1]
16.017: (UNLOAD-TRUCK PACKAGE1 TRUCK1 S3) [1]
17.018: (DRIVE-TRUCK TRUCK1 S3 S4 DRIVER2) [1]
18.019: (DISEMBARK-TRUCK DRIVER2 TRUCK1 S4) [1]
19.020: (WALK DRIVER2 S4 P4-0) [1]
20.021: (WALK DRIVER2 P4-0 S0) [1]
21.022: (BOARD-TRUCK DRIVER2 TRUCK2 S0) [1]
22.023: (DRIVE-TRUCK TRUCK2 S0 S4 DRIVER2) [1]
23.024: (DRIVE-TRUCK TRUCK2 S4 S3 DRIVER2) [1]
24.025: (DISEMBARK-TRUCK DRIVER2 TRUCK2 S3) [1]
25.026: (WALK DRIVER2 S3 P3-4) [1]
26.027: (WALK DRIVER2 P3-4 S4) [1]
27.028: (WALK DRIVER1 S3 P3-4) [1]
28.029: (WALK DRIVER1 P3-4 S4) [1]
29.030: (BOARD-TRUCK DRIVER1 TRUCK1 S4) [1]
30.031: (DRIVE-TRUCK TRUCK1 S4 S3 DRIVER1) [1]
31.032: (DISEMBARK-TRUCK DRIVER1 TRUCK1 S3) [1]
#
# (C) Copyright 2008, University of Illinois, Urbana-Champaign
#
# All rights reserved. Use of this software is permitted ONLY for
# non-commercial research purposes, and it may be copied only
# for that use only. All copies must include this copyright message.
# This software is made available AS IS, and neither the authors
# nor the University of Illinois, make any warranty about the
# software or its performance.
#

Parsing domain file
 domain 'DRIVERLOG' defined
Parsing problem file
 problem 'DLOG-2-3-6' defined



checking for cyclic := effects --- OK.






; Time 0.03
; ParsingTime 0.03
; NrActions 19
; MakeSpan
; MetricValue
; PlanningTechnique Modified-FF(enforced hill-climbing search) as the subplanner

0.001: (BOARD-TRUCK DRIVER1 TRUCK2 S4) [1]
1.002: (LOAD-TRUCK PACKAGE3 TRUCK2 S4) [1]
2.003: (LOAD-TRUCK PACKAGE4 TRUCK2 S4) [1]
3.004: (LOAD-TRUCK PACKAGE5 TRUCK2 S4) [1]
4.005: (DRIVE-TRUCK TRUCK2 S4 S5 DRIVER1) [1]
5.006: (UNLOAD-TRUCK PACKAGE3 TRUCK2 S5) [1]
6.007: (DRIVE-TRUCK TRUCK2 S5 S1 DRIVER1) [1]
7.008: (UNLOAD-TRUCK PACKAGE4 TRUCK2 S1) [1]
8.009: (DRIVE-TRUCK TRUCK2 S1 S3 DRIVER1) [1]
9.010: (UNLOAD-TRUCK PACKAGE5 TRUCK2 S3) [1]
10.011: (DRIVE-TRUCK TRUCK2 S3 S0 DRIVER1) [1]
11.012: (LOAD-TRUCK PACKAGE2 TRUCK2 S0) [1]
12.013: (DRIVE-TRUCK TRUCK2 S0 S1 DRIVER1) [1]
13.014: (LOAD-TRUCK PACKAGE1 TRUCK2 S1) [1]
14.015: (UNLOAD-TRUCK PACKAGE2 TRUCK2 S1) [1]
15.016: (DRIVE-TRUCK TRUCK2 S1 S5 DRIVER1) [1]
16.017: (UNLOAD-TRUCK PACKAGE1 TRUCK2 S5) [1]
17.018: (DRIVE-TRUCK TRUCK2 S5 S1 DRIVER1) [1]
18.019: (DISEMBARK-TRUCK DRIVER1 TRUCK2 S1) [1]
#
# (C) Copyright 2008, University of Illinois, Urbana-Champaign
#
# All rights reserved. Use of this software is permitted ONLY for
# non-commercial research purposes, and it may be copied only
# for that use only. All copies must include this copyright message.
# This software is made available AS IS, and neither the authors
# nor the University of Illinois, make any warranty about the
# software or its performance.
#

Parsing domain file
 domain 'DRIVERLOG' defined
Parsing problem file
 problem 'DLOG-2-3-6' defined



checking for cyclic := effects --- OK.






; Time 0.03
; ParsingTime 0.03
; NrActions 22
; MakeSpan
; MetricValue
; PlanningTechnique Modified-FF(enforced hill-climbing search) as the subplanner

0.001: (BOARD-TRUCK DRIVER2 TRUCK1 S0) [1]
1.002: (LOAD-TRUCK PACKAGE4 TRUCK1 S0) [1]
2.003: (DRIVE-TRUCK TRUCK1 S0 S2 DRIVER2) [1]
3.004: (LOAD-TRUCK PACKAGE2 TRUCK1 S2) [1]
4.005: (DRIVE-TRUCK TRUCK1 S2 S5 DRIVER2) [1]
5.006: (LOAD-TRUCK PACKAGE5 TRUCK1 S5) [1]
6.007: (DRIVE-TRUCK TRUCK1 S5 S6 DRIVER2) [1]
7.008: (UNLOAD-TRUCK PACKAGE4 TRUCK1 S6) [1]
8.009: (DRIVE-TRUCK TRUCK1 S6 S1 DRIVER2) [1]
9.010: (UNLOAD-TRUCK PACKAGE5 TRUCK1 S1) [1]
10.011: (DRIVE-TRUCK TRUCK1 S1 S3 DRIVER2) [1]
11.012: (LOAD-TRUCK PACKAGE3 TRUCK1 S3) [1]
12.013: (UNLOAD-TRUCK PACKAGE2 TRUCK1 S3) [1]
13.014: (DRIVE-TRUCK TRUCK1 S3 S6 DRIVER2) [1]
14.015: (DRIVE-TRUCK TRUCK1 S6 S4 DRIVER2) [1]
15.016: (UNLOAD-TRUCK PACKAGE3 TRUCK1 S4) [1]
16.017: (DISEMBARK-TRUCK DRIVER2 TRUCK1 S4) [1]
17.018: (WALK DRIVER2 S4 P4-2) [1]
18.019: (WALK DRIVER2 P4-2 S2) [1]
19.020: (BOARD-TRUCK DRIVER2 TRUCK2 S2) [1]
20.021: (DRIVE-TRUCK TRUCK2 S2 S4 DRIVER2) [1]
21.022: (DISEMBARK-TRUCK DRIVER2 TRUCK2 S4) [1]
#
# (C) Copyright 2008, University of Illinois, Urbana-Champaign
#
# All rights reserved. Use of this software is permitted ONLY for
# non-commercial research purposes, and it may be copied only
# for that use only. All copies must include this copyright message.
# This software is made available AS IS, and neither the authors
# nor the University of Illinois, make any warranty about the
# software or its performance.
#

Parsing domain file
 domain 'DRIVERLOG' defined
Parsing problem file
 problem 'DLOG-2-3-6' defined



checking for cyclic := effects --- OK.




























; Time 2.13
; ParsingTime 0.03
; NrActions 41
; MakeSpan
; MetricValue
; PlanningTechnique Modified-FF(best-first search) as the subplanner

0.001: (WALK DRIVER2 S3 P3-9) [1]
1.002: (WALK DRIVER2 P3-9 S9) [1]
2.003: (BOARD-TRUCK DRIVER2 TRUCK2 S9) [1]
3.004: (DRIVE-TRUCK TRUCK2 S9 S7 DRIVER2) [1]
4.005: (LOAD-TRUCK PACKAGE4 TRUCK2 S7) [1]
5.006: (DRIVE-TRUCK TRUCK2 S7 S4 DRIVER2) [1]
6.007: (LOAD-TRUCK PACKAGE2 TRUCK2 S4) [1]
7.008: (LOAD-TRUCK PACKAGE5 TRUCK2 S4) [1]
8.009: (DRIVE-TRUCK TRUCK2 S4 S1 DRIVER2) [1]
9.010: (LOAD-TRUCK PACKAGE6 TRUCK2 S1) [1]
10.011: (UNLOAD-TRUCK PACKAGE4 TRUCK2 S1) [1]
11.012: (DRIVE-TRUCK TRUCK2 S1 S0 DRIVER2) [1]
12.013: (UNLOAD-TRUCK PACKAGE5 TRUCK2 S0) [1]
13.014: (DRIVE-TRUCK TRUCK2 S0 S2 DRIVER2) [1]
14.015: (UNLOAD-TRUCK PACKAGE2 TRUCK2 S2) [1]
15.016: (UNLOAD-TRUCK PACKAGE6 TRUCK2 S2) [1]
16.017: (DRIVE-TRUCK TRUCK2 S2 S1 DRIVER2) [1]
17.018: (DRIVE-TRUCK TRUCK2 S1 S3 DRIVER2) [1]
18.019: (LOAD-TRUCK PACKAGE1 TRUCK2 S3) [1]
19.020: (DRIVE-TRUCK TRUCK2 S3 S1 DRIVER2) [1]
20.021: (DRIVE-TRUCK TRUCK2 S1 S2 DRIVER2) [1]
21.022: (UNLOAD-TRUCK PACKAGE1 TRUCK2 S2) [1]
22.023: (DISEMBARK-TRUCK DRIVER2 TRUCK2 S2) [1]
23.024: (BOARD-TRUCK DRIVER2 TRUCK3 S2) [1]
24.025: (DRIVE-TRUCK TRUCK3 S2 S0 DRIVER2) [1]
25.026: (WALK DRIVER1 S1 P1-7) [1]
26.027: (WALK DRIVER1 P1-7 S7) [1]
27.028: (WALK DRIVER1 S7 P2-7) [1]
28.029: (WALK DRIVER1 P2-7 S2) [1]
29.030: (BOARD-TRUCK DRIVER1 TRUCK2 S2) [1]
30.031: (DRIVE-TRUCK TRUCK2 S2 S5 DRIVER1) [1]
31.032: (DISEMBARK-TRUCK DRIVER2 TRUCK3 S0) [1]
32.033: (WALK DRIVER2 S0 P0-8) [1]
33.034: (WALK DRIVER2 P0-8 S8) [1]
34.035: (WALK DRIVER2 S8 P8-7) [1]
35.036: (WALK DRIVER2 P8-7 S7) [1]
36.037: (WALK DRIVER2 S7 P7-9) [1]
37.038: (WALK DRIVER2 P7-9 S9) [1]
38.039: (DISEMBARK-TRUCK DRIVER1 TRUCK2 S5) [1]
39.040: (WALK DRIVER1 S5 P4-5) [1]
40.041: (WALK DRIVER1 P4-5 S4) [1]
#
# (C) Copyright 2008, University of Illinois, Urbana-Champaign
#
# All rights reserved. Use of this software is permitted ONLY for
# non-commercial research purposes, and it may be copied only
# for that use only. All copies must include this copyright message.
# This software is made available AS IS, and neither the authors
# nor the University of Illinois, make any warranty about the
# software or its performance.
#

Parsing domain file
 domain 'DRIVERLOG' defined
Parsing problem file
 problem 'DLOG-2-3-6' defined



checking for cyclic := effects --- OK.






; Time 0.06
; ParsingTime 0.04
; NrActions 32
; MakeSpan
; MetricValue
; PlanningTechnique Modified-FF(enforced hill-climbing search) as the subplanner

0.001: (WALK DRIVER1 S0 P0-2) [1]
1.002: (WALK DRIVER1 P0-2 S2) [1]
2.003: (BOARD-TRUCK DRIVER1 TRUCK3 S2) [1]
3.004: (DRIVE-TRUCK TRUCK3 S2 S5 DRIVER1) [1]
4.005: (DRIVE-TRUCK TRUCK3 S5 S4 DRIVER1) [1]
5.006: (DRIVE-TRUCK TRUCK3 S4 S6 DRIVER1) [1]
6.007: (LOAD-TRUCK PACKAGE2 TRUCK3 S6) [1]
7.008: (LOAD-TRUCK PACKAGE4 TRUCK3 S6) [1]
8.009: (DRIVE-TRUCK TRUCK3 S6 S4 DRIVER1) [1]
9.010: (DRIVE-TRUCK TRUCK3 S4 S0 DRIVER1) [1]
10.011: (UNLOAD-TRUCK PACKAGE2 TRUCK3 S0) [1]
11.012: (UNLOAD-TRUCK PACKAGE4 TRUCK3 S0) [1]
12.013: (DRIVE-TRUCK TRUCK3 S0 S2 DRIVER1) [1]
13.014: (DRIVE-TRUCK TRUCK3 S2 S5 DRIVER1) [1]
14.015: (LOAD-TRUCK PACKAGE3 TRUCK3 S5) [1]
15.016: (DRIVE-TRUCK TRUCK3 S5 S2 DRIVER1) [1]
16.017: (LOAD-TRUCK PACKAGE6 TRUCK3 S2) [1]
17.018: (DRIVE-TRUCK TRUCK3 S2 S8 DRIVER1) [1]
18.019: (DRIVE-TRUCK TRUCK3 S8 S4 DRIVER1) [1]
19.020: (UNLOAD-TRUCK PACKAGE3 TRUCK3 S4) [1]
20.021: (DRIVE-TRUCK TRUCK3 S4 S5 DRIVER1) [1]
21.022: (UNLOAD-TRUCK PACKAGE6 TRUCK3 S5) [1]
22.023: (BOARD-TRUCK DRIVER2 TRUCK2 S9) [1]
23.024: (DRIVE-TRUCK TRUCK2 S9 S8 DRIVER2) [1]
24.025: (DRIVE-TRUCK TRUCK3 S5 S4 DRIVER1) [1]
25.026: (LOAD-TRUCK PACKAGE1 TRUCK3 S4) [1]
26.027: (DRIVE-TRUCK TRUCK3 S4 S5 DRIVER1) [1]
27.028: (UNLOAD-TRUCK PACKAGE1 TRUCK3 S5) [1]
28.029: (DRIVE-TRUCK TRUCK3 S5 S4 DRIVER1) [1]
29.030: (DISEMBARK-TRUCK DRIVER1 TRUCK3 S4) [1]
30.031: (WALK DRIVER1 S4 P11-4) [1]
31.032: (WALK DRIVER1 P11-4 S11) [1]
#
# (C) Copyright 2008, University of Illinois, Urbana-Champaign
#
# All rights reserved. Use of this software is permitted ONLY for
# non-commercial research purposes, and it may be copied only
# for that use only. All copies must include this copyright message.
# This software is made available AS IS, and neither the authors
# nor the University of Illinois, make any warranty about the
# software or its performance.
#

Parsing domain file
 domain 'DRIVERLOG' defined
Parsing problem file
 problem 'DLOG-3-3-6' defined



checking for cyclic := effects --- OK.






; Time 0.62
; ParsingTime 0.04
; NrActions 46
; MakeSpan
; MetricValue
; PlanningTechnique Modified-FF(enforced hill-climbing search) as the subplanner

0.001: (BOARD-TRUCK DRIVER3 TRUCK1 S2) [1]
1.002: (DRIVE-TRUCK TRUCK1 S2 S3 DRIVER3) [1]
2.003: (LOAD-TRUCK PACKAGE4 TRUCK1 S3) [1]
3.004: (DRIVE-TRUCK TRUCK1 S3 S9 DRIVER3) [1]
4.005: (LOAD-TRUCK PACKAGE3 TRUCK1 S9) [1]
5.006: (DRIVE-TRUCK TRUCK1 S9 S4 DRIVER3) [1]
6.007: (DRIVE-TRUCK TRUCK1 S4 S1 DRIVER3) [1]
7.008: (LOAD-TRUCK PACKAGE5 TRUCK1 S1) [1]
8.009: (DRIVE-TRUCK TRUCK1 S1 S5 DRIVER3) [1]
9.010: (LOAD-TRUCK PACKAGE2 TRUCK1 S5) [1]
10.011: (DRIVE-TRUCK TRUCK1 S5 S0 DRIVER3) [1]
11.012: (UNLOAD-TRUCK PACKAGE2 TRUCK1 S0) [1]
12.013: (DRIVE-TRUCK TRUCK1 S0 S5 DRIVER3) [1]
13.014: (DRIVE-TRUCK TRUCK1 S5 S4 DRIVER3) [1]
14.015: (LOAD-TRUCK PACKAGE6 TRUCK1 S4) [1]
15.016: (UNLOAD-TRUCK PACKAGE3 TRUCK1 S4) [1]
16.017: (UNLOAD-TRUCK PACKAGE4 TRUCK1 S4) [1]
17.018: (DRIVE-TRUCK TRUCK1 S4 S5 DRIVER3) [1]
18.019: (UNLOAD-TRUCK PACKAGE6 TRUCK1 S5) [1]
19.020: (DRIVE-TRUCK TRUCK1 S5 S0 DRIVER3) [1]
20.021: (DRIVE-TRUCK TRUCK1 S0 S3 DRIVER3) [1]
21.022: (UNLOAD-TRUCK PACKAGE5 TRUCK1 S3) [1]
22.023: (DRIVE-TRUCK TRUCK1 S3 S1 DRIVER3) [1]
23.024: (DRIVE-TRUCK TRUCK1 S1 S5 DRIVER3) [1]
24.025: (LOAD-TRUCK PACKAGE1 TRUCK1 S5) [1]
25.026: (DRIVE-TRUCK TRUCK1 S5 S1 DRIVER3) [1]
26.027: (DRIVE-TRUCK TRUCK1 S1 S0 DRIVER3) [1]
27.028: (UNLOAD-TRUCK PACKAGE1 TRUCK1 S0) [1]
28.029: (DRIVE-TRUCK TRUCK1 S0 S8 DRIVER3) [1]
29.030: (DRIVE-TRUCK TRUCK1 S8 S1 DRIVER3) [1]
30.031: (DISEMBARK-TRUCK DRIVER3 TRUCK1 S1) [1]
31.032: (BOARD-TRUCK DRIVER3 TRUCK2 S1) [1]
32.033: (DRIVE-TRUCK TRUCK2 S1 S8 DRIVER3) [1]
33.034: (DISEMBARK-TRUCK DRIVER3 TRUCK2 S8) [1]
34.035: (BOARD-TRUCK DRIVER3 TRUCK3 S8) [1]
35.036: (DRIVE-TRUCK TRUCK3 S8 S1 DRIVER3) [1]
36.037: (WALK DRIVER2 S2 P1-2) [1]
37.038: (WALK DRIVER2 P1-2 S1) [1]
38.039: (BOARD-TRUCK DRIVER2 TRUCK1 S1) [1]
39.040: (DRIVE-TRUCK TRUCK1 S1 S6 DRIVER2) [1]
40.041: (DRIVE-TRUCK TRUCK3 S1 S3 DRIVER3) [1]
41.042: (DISEMBARK-TRUCK DRIVER3 TRUCK3 S3) [1]
42.043: (WALK DRIVER3 S3 P2-3) [1]
43.044: (WALK DRIVER3 P2-3 S2) [1]
44.045: (WALK DRIVER3 S2 P1-2) [1]
45.046: (WALK DRIVER3 P1-2 S1) [1]
#
# (C) Copyright 2008, University of Illinois, Urbana-Champaign
#
# All rights reserved. Use of this software is permitted ONLY for
# non-commercial research purposes, and it may be copied only
# for that use only. All copies must include this copyright message.
# This software is made available AS IS, and neither the authors
# nor the University of Illinois, make any warranty about the
# software or its performance.
#

Parsing domain file
 domain 'DRIVERLOG' defined
Parsing problem file
 problem 'DLOG-4-4-8' defined



checking for cyclic := effects --- OK.






; Time 0.08
; ParsingTime 0.05
; NrActions 47
; MakeSpan
; MetricValue
; PlanningTechnique Modified-FF(enforced hill-climbing search) as the subplanner

0.001: (WALK DRIVER3 S5 P5-9) [1]
1.002: (WALK DRIVER3 P5-9 S9) [1]
2.003: (BOARD-TRUCK DRIVER3 TRUCK2 S9) [1]
3.004: (LOAD-TRUCK PACKAGE7 TRUCK2 S9) [1]
4.005: (DRIVE-TRUCK TRUCK2 S9 S1 DRIVER3) [1]
5.006: (LOAD-TRUCK PACKAGE5 TRUCK2 S1) [1]
6.007: (DRIVE-TRUCK TRUCK2 S1 S6 DRIVER3) [1]
7.008: (DRIVE-TRUCK TRUCK2 S6 S8 DRIVER3) [1]
8.009: (LOAD-TRUCK PACKAGE6 TRUCK2 S8) [1]
9.010: (DRIVE-TRUCK TRUCK2 S8 S5 DRIVER3) [1]
10.011: (DRIVE-TRUCK TRUCK2 S5 S2 DRIVER3) [1]
11.012: (UNLOAD-TRUCK PACKAGE7 TRUCK2 S2) [1]
12.013: (DRIVE-TRUCK TRUCK2 S2 S3 DRIVER3) [1]
13.014: (DRIVE-TRUCK TRUCK2 S3 S11 DRIVER3) [1]
14.015: (LOAD-TRUCK PACKAGE4 TRUCK2 S11) [1]
15.016: (UNLOAD-TRUCK PACKAGE6 TRUCK2 S11) [1]
16.017: (DRIVE-TRUCK TRUCK2 S11 S7 DRIVER3) [1]
17.018: (UNLOAD-TRUCK PACKAGE4 TRUCK2 S7) [1]
18.019: (DRIVE-TRUCK TRUCK2 S7 S6 DRIVER3) [1]
19.020: (DRIVE-TRUCK TRUCK2 S6 S10 DRIVER3) [1]
20.021: (LOAD-TRUCK PACKAGE8 TRUCK2 S10) [1]
21.022: (DRIVE-TRUCK TRUCK2 S10 S1 DRIVER3) [1]
22.023: (DRIVE-TRUCK TRUCK2 S1 S0 DRIVER3) [1]
23.024: (UNLOAD-TRUCK PACKAGE5 TRUCK2 S0) [1]
24.025: (UNLOAD-TRUCK PACKAGE8 TRUCK2 S0) [1]
25.026: (DRIVE-TRUCK TRUCK2 S0 S3 DRIVER3) [1]
26.027: (DISEMBARK-TRUCK DRIVER3 TRUCK2 S3) [1]
27.028: (BOARD-TRUCK DRIVER3 TRUCK3 S3) [1]
28.029: (DRIVE-TRUCK TRUCK3 S3 S2 DRIVER3) [1]
29.030: (LOAD-TRUCK PACKAGE2 TRUCK3 S2) [1]
30.031: (DRIVE-TRUCK TRUCK3 S2 S3 DRIVER3) [1]
31.032: (LOAD-TRUCK PACKAGE1 TRUCK3 S3) [1]
32.033: (DRIVE-TRUCK TRUCK3 S3 S0 DRIVER3) [1]
33.034: (DRIVE-TRUCK TRUCK3 S0 S5 DRIVER3) [1]
34.035: (DRIVE-TRUCK TRUCK3 S5 S2 DRIVER3) [1]
35.036: (UNLOAD-TRUCK PACKAGE1 TRUCK3 S2) [1]
36.037: (DRIVE-TRUCK TRUCK3 S2 S5 DRIVER3) [1]
37.038: (UNLOAD-TRUCK PACKAGE2 TRUCK3 S5) [1]
38.039: (DRIVE-TRUCK TRUCK3 S5 S0 DRIVER3) [1]
39.040: (DRIVE-TRUCK TRUCK3 S0 S8 DRIVER3) [1]
40.041: (LOAD-TRUCK PACKAGE3 TRUCK3 S8) [1]
41.042: (DRIVE-TRUCK TRUCK3 S8 S0 DRIVER3) [1]
42.043: (DRIVE-TRUCK TRUCK3 S0 S1 DRIVER3) [1]
43.044: (UNLOAD-TRUCK PACKAGE3 TRUCK3 S1) [1]
44.045: (DRIVE-TRUCK TRUCK3 S1 S0 DRIVER3) [1]
45.046: (DRIVE-TRUCK TRUCK3 S0 S8 DRIVER3) [1]
46.047: (DISEMBARK-TRUCK DRIVER3 TRUCK3 S8) [1]
#
# (C) Copyright 2008, University of Illinois, Urbana-Champaign
#
# All rights reserved. Use of this software is permitted ONLY for
# non-commercial research purposes, and it may be copied only
# for that use only. All copies must include this copyright message.
# This software is made available AS IS, and neither the authors
# nor the University of Illinois, make any warranty about the
# software or its performance.
#

Parsing domain file
 domain 'DRIVERLOG' defined
Parsing problem file
 problem 'DLOG-5-5-10' defined



checking for cyclic := effects --- OK.









































































#
# (C) Copyright 2008, University of Illinois, Urbana-Champaign
#
# All rights reserved. Use of this software is permitted ONLY for
# non-commercial research purposes, and it may be copied only
# for that use only. All copies must include this copyright message.
# This software is made available AS IS, and neither the authors
# nor the University of Illinois, make any warranty about the
# software or its performance.
#

Parsing domain file
 domain 'DRIVERLOG' defined
Parsing problem file
 problem 'DLOG-5-5-15' defined



checking for cyclic := effects --- OK.






















































; Time 17.68
; ParsingTime 0.08
; NrActions 110
; MakeSpan
; MetricValue
; PlanningTechnique Modified-FF(best-first search) as the subplanner

0.001: (BOARD-TRUCK DRIVER5 TRUCK1 S2) [1]
1.002: (DRIVE-TRUCK TRUCK1 S2 S9 DRIVER5) [1]
2.003: (LOAD-TRUCK PACKAGE12 TRUCK1 S9) [1]
3.004: (DRIVE-TRUCK TRUCK1 S9 S2 DRIVER5) [1]
4.005: (LOAD-TRUCK PACKAGE13 TRUCK1 S2) [1]
5.006: (DRIVE-TRUCK TRUCK1 S2 S11 DRIVER5) [1]
6.007: (DRIVE-TRUCK TRUCK1 S11 S15 DRIVER5) [1]
7.008: (LOAD-TRUCK PACKAGE14 TRUCK1 S15) [1]
8.009: (DRIVE-TRUCK TRUCK1 S15 S13 DRIVER5) [1]
9.010: (DRIVE-TRUCK TRUCK1 S13 S14 DRIVER5) [1]
10.011: (DRIVE-TRUCK TRUCK1 S14 S10 DRIVER5) [1]
11.012: (UNLOAD-TRUCK PACKAGE13 TRUCK1 S10) [1]
12.013: (DRIVE-TRUCK TRUCK1 S10 S14 DRIVER5) [1]
13.014: (LOAD-TRUCK PACKAGE15 TRUCK1 S14) [1]
14.015: (DRIVE-TRUCK TRUCK1 S14 S4 DRIVER5) [1]
15.016: (UNLOAD-TRUCK PACKAGE15 TRUCK1 S4) [1]
16.017: (DRIVE-TRUCK TRUCK1 S4 S1 DRIVER5) [1]
17.018: (LOAD-TRUCK PACKAGE11 TRUCK1 S1) [1]
18.019: (DRIVE-TRUCK TRUCK1 S1 S13 DRIVER5) [1]
19.020: (DRIVE-TRUCK TRUCK1 S13 S8 DRIVER5) [1]
20.021: (UNLOAD-TRUCK PACKAGE11 TRUCK1 S8) [1]
21.022: (DRIVE-TRUCK TRUCK1 S8 S14 DRIVER5) [1]
22.023: (DRIVE-TRUCK TRUCK1 S14 S6 DRIVER5) [1]
23.024: (UNLOAD-TRUCK PACKAGE12 TRUCK1 S6) [1]
24.025: (DRIVE-TRUCK TRUCK1 S6 S14 DRIVER5) [1]
25.026: (DRIVE-TRUCK TRUCK1 S14 S13 DRIVER5) [1]
26.027: (DRIVE-TRUCK TRUCK1 S13 S1 DRIVER5) [1]
27.028: (UNLOAD-TRUCK PACKAGE14 TRUCK1 S1) [1]
28.029: (LOAD-TRUCK PACKAGE6 TRUCK1 S1) [1]
29.030: (DRIVE-TRUCK TRUCK1 S1 S13 DRIVER5) [1]
30.031: (DRIVE-TRUCK TRUCK1 S13 S12 DRIVER5) [1]
31.032: (LOAD-TRUCK PACKAGE8 TRUCK1 S12) [1]
32.033: (DRIVE-TRUCK TRUCK1 S12 S13 DRIVER5) [1]
33.034: (UNLOAD-TRUCK PACKAGE8 TRUCK1 S13) [1]
34.035: (DRIVE-TRUCK TRUCK1 S13 S12 DRIVER5) [1]
35.036: (LOAD-TRUCK PACKAGE9 TRUCK1 S12) [1]
36.037: (DRIVE-TRUCK TRUCK1 S12 S4 DRIVER5) [1]
37.038: (DRIVE-TRUCK TRUCK1 S4 S5 DRIVER5) [1]
38.039: (LOAD-TRUCK PACKAGE10 TRUCK1 S5) [1]
39.040: (DRIVE-TRUCK TRUCK1 S5 S4 DRIVER5) [1]
40.041: (DRIVE-TRUCK TRUCK1 S4 S8 DRIVER5) [1]
41.042: (UNLOAD-TRUCK PACKAGE6 TRUCK1 S8) [1]
42.043: (DRIVE-TRUCK TRUCK1 S8 S11 DRIVER5) [1]
43.044: (UNLOAD-TRUCK PACKAGE10 TRUCK1 S11) [1]
44.045: (DRIVE-TRUCK TRUCK1 S11 S10 DRIVER5) [1]
45.046: (DRIVE-TRUCK TRUCK1 S10 S1 DRIVER5) [1]
46.047: (UNLOAD-TRUCK PACKAGE9 TRUCK1 S1) [1]
47.048: (DRIVE-TRUCK TRUCK1 S1 S13 DRIVER5) [1]
48.049: (DRIVE-TRUCK TRUCK1 S13 S12 DRIVER5) [1]
49.050: (LOAD-TRUCK PACKAGE1 TRUCK1 S12) [1]
50.051: (DRIVE-TRUCK TRUCK1 S12 S13 DRIVER5) [1]
51.052: (DRIVE-TRUCK TRUCK1 S13 S14 DRIVER5) [1]
52.053: (LOAD-TRUCK PACKAGE2 TRUCK1 S14) [1]
53.054: (DRIVE-TRUCK TRUCK1 S14 S13 DRIVER5) [1]
54.055: (DRIVE-TRUCK TRUCK1 S13 S15 DRIVER5) [1]
55.056: (UNLOAD-TRUCK PACKAGE2 TRUCK1 S15) [1]
56.057: (DRIVE-TRUCK TRUCK1 S15 S3 DRIVER5) [1]
57.058: (LOAD-TRUCK PACKAGE3 TRUCK1 S3) [1]
58.059: (DRIVE-TRUCK TRUCK1 S3 S0 DRIVER5) [1]
59.060: (DRIVE-TRUCK TRUCK1 S0 S2 DRIVER5) [1]
60.061: (LOAD-TRUCK PACKAGE5 TRUCK1 S2) [1]
61.062: (DRIVE-TRUCK TRUCK1 S2 S11 DRIVER5) [1]
62.063: (DRIVE-TRUCK TRUCK1 S11 S10 DRIVER5) [1]
63.064: (UNLOAD-TRUCK PACKAGE3 TRUCK1 S10) [1]
64.065: (DRIVE-TRUCK TRUCK1 S10 S1 DRIVER5) [1]
65.066: (UNLOAD-TRUCK PACKAGE1 TRUCK1 S1) [1]
66.067: (DRIVE-TRUCK TRUCK1 S1 S13 DRIVER5) [1]
67.068: (DRIVE-TRUCK TRUCK1 S13 S14 DRIVER5) [1]
68.069: (DRIVE-TRUCK TRUCK1 S14 S6 DRIVER5) [1]
69.070: (LOAD-TRUCK PACKAGE4 TRUCK1 S6) [1]
70.071: (UNLOAD-TRUCK PACKAGE5 TRUCK1 S6) [1]
71.072: (DRIVE-TRUCK TRUCK1 S6 S14 DRIVER5) [1]
72.073: (DRIVE-TRUCK TRUCK1 S14 S10 DRIVER5) [1]
73.074: (DRIVE-TRUCK TRUCK1 S10 S3 DRIVER5) [1]
74.075: (UNLOAD-TRUCK PACKAGE4 TRUCK1 S3) [1]
75.076: (BOARD-TRUCK DRIVER3 TRUCK5 S10) [1]
76.077: (DRIVE-TRUCK TRUCK5 S10 S14 DRIVER3) [1]
77.078: (DRIVE-TRUCK TRUCK5 S14 S6 DRIVER3) [1]
78.079: (DISEMBARK-TRUCK DRIVER5 TRUCK1 S3) [1]
79.080: (BOARD-TRUCK DRIVER5 TRUCK4 S3) [1]
80.081: (DRIVE-TRUCK TRUCK4 S3 S13 DRIVER5) [1]
81.082: (DRIVE-TRUCK TRUCK4 S13 S8 DRIVER5) [1]
82.083: (WALK DRIVER4 S9 P9-12) [1]
83.084: (WALK DRIVER4 P9-12 S12) [1]
84.085: (BOARD-TRUCK DRIVER4 TRUCK3 S12) [1]
85.086: (DRIVE-TRUCK TRUCK3 S12 S5 DRIVER4) [1]
86.087: (DISEMBARK-TRUCK DRIVER5 TRUCK4 S8) [1]
87.088: (BOARD-TRUCK DRIVER5 TRUCK2 S8) [1]
88.089: (DRIVE-TRUCK TRUCK2 S8 S13 DRIVER5) [1]
89.090: (DRIVE-TRUCK TRUCK2 S13 S1 DRIVER5) [1]
90.091: (DRIVE-TRUCK TRUCK3 S5 S3 DRIVER4) [1]
91.092: (DISEMBARK-TRUCK DRIVER4 TRUCK3 S3) [1]
92.093: (BOARD-TRUCK DRIVER4 TRUCK1 S3) [1]
93.094: (DRIVE-TRUCK TRUCK1 S3 S13 DRIVER4) [1]
94.095: (DRIVE-TRUCK TRUCK1 S13 S14 DRIVER4) [1]
95.096: (WALK DRIVER2 S13 P3-13) [1]
96.097: (WALK DRIVER2 P3-13 S3) [1]
97.098: (BOARD-TRUCK DRIVER2 TRUCK3 S3) [1]
98.099: (DRIVE-TRUCK TRUCK3 S3 S5 DRIVER2) [1]
99.100: (DISEMBARK-TRUCK DRIVER5 TRUCK2 S1) [1]
100.101: (WALK DRIVER5 S1 P1-15) [1]
101.102: (WALK DRIVER5 P1-15 S15) [1]
102.103: (DISEMBARK-TRUCK DRIVER2 TRUCK3 S5) [1]
103.104: (WALK DRIVER2 S5 P1-5) [1]
104.105: (WALK DRIVER2 P1-5 S1) [1]
105.106: (DISEMBARK-TRUCK DRIVER4 TRUCK1 S14) [1]
106.107: (WALK DRIVER4 S14 P2-14) [1]
107.108: (WALK DRIVER4 P2-14 S2) [1]
108.109: (WALK DRIVER4 S2 P2-1) [1]
109.110: (WALK DRIVER4 P2-1 S1) [1]
#
# (C) Copyright 2008, University of Illinois, Urbana-Champaign
#
# All rights reserved. Use of this software is permitted ONLY for
# non-commercial research purposes, and it may be copied only
# for that use only. All copies must include this copyright message.
# This software is made available AS IS, and neither the authors
# nor the University of Illinois, make any warranty about the
# software or its performance.
#

Parsing domain file
 domain 'DRIVERLOG' defined
Parsing problem file
 problem 'DLOG-5-5-20' defined



checking for cyclic := effects --- OK.




























































; Time 40.14
; ParsingTime 0.11
; NrActions 105
; MakeSpan
; MetricValue
; PlanningTechnique Modified-FF(best-first search) as the subplanner

0.001: (WALK DRIVER1 S11 P11-3) [1]
1.002: (BOARD-TRUCK DRIVER4 TRUCK5 S2) [1]
2.003: (WALK DRIVER1 P11-3 S3) [1]
3.004: (DRIVE-TRUCK TRUCK5 S2 S18 DRIVER4) [1]
4.005: (LOAD-TRUCK PACKAGE17 TRUCK5 S18) [1]
5.006: (DRIVE-TRUCK TRUCK5 S18 S0 DRIVER4) [1]
6.007: (BOARD-TRUCK DRIVER1 TRUCK2 S3) [1]
7.008: (LOAD-TRUCK PACKAGE15 TRUCK2 S3) [1]
8.009: (DRIVE-TRUCK TRUCK2 S3 S18 DRIVER1) [1]
9.010: (DRIVE-TRUCK TRUCK5 S0 S16 DRIVER4) [1]
10.011: (UNLOAD-TRUCK PACKAGE15 TRUCK2 S18) [1]
11.012: (UNLOAD-TRUCK PACKAGE17 TRUCK5 S16) [1]
12.013: (DRIVE-TRUCK TRUCK2 S18 S2 DRIVER1) [1]
13.014: (LOAD-TRUCK PACKAGE16 TRUCK2 S2) [1]
14.015: (LOAD-TRUCK PACKAGE19 TRUCK5 S16) [1]
15.016: (DRIVE-TRUCK TRUCK5 S16 S14 DRIVER4) [1]
16.017: (DRIVE-TRUCK TRUCK2 S2 S8 DRIVER1) [1]
17.018: (DRIVE-TRUCK TRUCK5 S14 S2 DRIVER4) [1]
18.019: (UNLOAD-TRUCK PACKAGE16 TRUCK2 S8) [1]
19.020: (UNLOAD-TRUCK PACKAGE19 TRUCK5 S2) [1]
20.021: (DRIVE-TRUCK TRUCK5 S2 S15 DRIVER4) [1]
21.022: (LOAD-TRUCK PACKAGE18 TRUCK5 S15) [1]
22.023: (DRIVE-TRUCK TRUCK5 S15 S17 DRIVER4) [1]
23.024: (DRIVE-TRUCK TRUCK5 S17 S3 DRIVER4) [1]
24.025: (UNLOAD-TRUCK PACKAGE18 TRUCK5 S3) [1]
25.026: (DRIVE-TRUCK TRUCK2 S8 S14 DRIVER1) [1]
26.027: (LOAD-TRUCK PACKAGE10 TRUCK5 S3) [1]
27.028: (LOAD-TRUCK PACKAGE14 TRUCK2 S14) [1]
28.029: (DRIVE-TRUCK TRUCK5 S3 S18 DRIVER4) [1]
29.030: (DRIVE-TRUCK TRUCK5 S18 S10 DRIVER4) [1]
30.031: (UNLOAD-TRUCK PACKAGE10 TRUCK5 S10) [1]
31.032: (DRIVE-TRUCK TRUCK2 S14 S16 DRIVER1) [1]
32.033: (LOAD-TRUCK PACKAGE11 TRUCK2 S16) [1]
33.034: (DRIVE-TRUCK TRUCK2 S16 S0 DRIVER1) [1]
34.035: (DRIVE-TRUCK TRUCK2 S0 S13 DRIVER1) [1]
35.036: (LOAD-TRUCK PACKAGE13 TRUCK2 S13) [1]
36.037: (UNLOAD-TRUCK PACKAGE11 TRUCK2 S13) [1]
37.038: (DRIVE-TRUCK TRUCK2 S13 S10 DRIVER1) [1]
38.039: (LOAD-TRUCK PACKAGE12 TRUCK2 S10) [1]
39.040: (DRIVE-TRUCK TRUCK2 S10 S13 DRIVER1) [1]
40.041: (DRIVE-TRUCK TRUCK2 S13 S1 DRIVER1) [1]
41.042: (DRIVE-TRUCK TRUCK2 S1 S12 DRIVER1) [1]
42.043: (UNLOAD-TRUCK PACKAGE12 TRUCK2 S12) [1]
43.044: (UNLOAD-TRUCK PACKAGE13 TRUCK2 S12) [1]
44.045: (DRIVE-TRUCK TRUCK2 S12 S17 DRIVER1) [1]
45.046: (DRIVE-TRUCK TRUCK2 S17 S15 DRIVER1) [1]
46.047: (UNLOAD-TRUCK PACKAGE14 TRUCK2 S15) [1]
47.048: (DRIVE-TRUCK TRUCK5 S10 S18 DRIVER4) [1]
48.049: (LOAD-TRUCK PACKAGE9 TRUCK5 S18) [1]
49.050: (DRIVE-TRUCK TRUCK5 S18 S2 DRIVER4) [1]
50.051: (LOAD-TRUCK PACKAGE4 TRUCK5 S2) [1]
51.052: (DRIVE-TRUCK TRUCK5 S2 S18 DRIVER4) [1]
52.053: (DRIVE-TRUCK TRUCK5 S18 S3 DRIVER4) [1]
53.054: (LOAD-TRUCK PACKAGE5 TRUCK5 S3) [1]
54.055: (DRIVE-TRUCK TRUCK5 S3 S7 DRIVER4) [1]
55.056: (LOAD-TRUCK PACKAGE7 TRUCK5 S7) [1]
56.057: (UNLOAD-TRUCK PACKAGE9 TRUCK5 S7) [1]
57.058: (DRIVE-TRUCK TRUCK5 S7 S15 DRIVER4) [1]
58.059: (UNLOAD-TRUCK PACKAGE5 TRUCK5 S15) [1]
59.060: (DRIVE-TRUCK TRUCK5 S15 S7 DRIVER4) [1]
60.061: (DRIVE-TRUCK TRUCK5 S7 S0 DRIVER4) [1]
61.062: (DRIVE-TRUCK TRUCK5 S0 S10 DRIVER4) [1]
62.063: (LOAD-TRUCK PACKAGE6 TRUCK5 S10) [1]
63.064: (UNLOAD-TRUCK PACKAGE4 TRUCK5 S10) [1]
64.065: (UNLOAD-TRUCK PACKAGE7 TRUCK5 S10) [1]
65.066: (DRIVE-TRUCK TRUCK5 S10 S0 DRIVER4) [1]
66.067: (DRIVE-TRUCK TRUCK5 S0 S7 DRIVER4) [1]
67.068: (UNLOAD-TRUCK PACKAGE6 TRUCK5 S7) [1]
68.069: (DRIVE-TRUCK TRUCK5 S7 S8 DRIVER4) [1]
69.070: (DRIVE-TRUCK TRUCK2 S15 S7 DRIVER1) [1]
70.071: (DRIVE-TRUCK TRUCK2 S7 S3 DRIVER1) [1]
71.072: (LOAD-TRUCK PACKAGE1 TRUCK2 S3) [1]
72.073: (DRIVE-TRUCK TRUCK2 S3 S18 DRIVER1) [1]
73.074: (LOAD-TRUCK PACKAGE2 TRUCK2 S18) [1]
74.075: (DRIVE-TRUCK TRUCK2 S18 S0 DRIVER1) [1]
75.076: (DRIVE-TRUCK TRUCK2 S0 S7 DRIVER1) [1]
76.077: (UNLOAD-TRUCK PACKAGE2 TRUCK2 S7) [1]
77.078: (DRIVE-TRUCK TRUCK2 S7 S1 DRIVER1) [1]
78.079: (UNLOAD-TRUCK PACKAGE1 TRUCK2 S1) [1]
79.080: (DRIVE-TRUCK TRUCK2 S1 S18 DRIVER1) [1]
80.081: (DRIVE-TRUCK TRUCK2 S18 S0 DRIVER1) [1]
81.082: (DISEMBARK-TRUCK DRIVER4 TRUCK5 S8) [1]
82.083: (BOARD-TRUCK DRIVER4 TRUCK3 S8) [1]
83.084: (DRIVE-TRUCK TRUCK3 S8 S6 DRIVER4) [1]
84.085: (DRIVE-TRUCK TRUCK3 S6 S3 DRIVER4) [1]
85.086: (WALK DRIVER5 S4 P18-4) [1]
86.087: (WALK DRIVER5 P18-4 S18) [1]
87.088: (WALK DRIVER5 S18 P18-8) [1]
88.089: (WALK DRIVER5 P18-8 S8) [1]
89.090: (BOARD-TRUCK DRIVER5 TRUCK5 S8) [1]
90.091: (DRIVE-TRUCK TRUCK5 S8 S9 DRIVER5) [1]
91.092: (DISEMBARK-TRUCK DRIVER4 TRUCK3 S3) [1]
92.093: (WALK DRIVER4 S3 P3-13) [1]
93.094: (WALK DRIVER4 P3-13 S13) [1]
94.095: (WALK DRIVER4 S13 P13-12) [1]
95.096: (WALK DRIVER4 P13-12 S12) [1]
96.097: (BOARD-TRUCK DRIVER4 TRUCK1 S12) [1]
97.098: (DRIVE-TRUCK TRUCK1 S12 S17 DRIVER4) [1]
98.099: (DISEMBARK-TRUCK DRIVER5 TRUCK5 S9) [1]
99.100: (DRIVE-TRUCK TRUCK2 S0 S7 DRIVER1) [1]
100.101: (DRIVE-TRUCK TRUCK2 S7 S1 DRIVER1) [1]
101.102: (DISEMBARK-TRUCK DRIVER1 TRUCK2 S1) [1]
102.103: (BOARD-TRUCK DRIVER3 TRUCK2 S1) [1]
103.104: (DRIVE-TRUCK TRUCK2 S1 S18 DRIVER3) [1]
104.105: (DRIVE-TRUCK TRUCK2 S18 S0 DRIVER3) [1]
#
# (C) Copyright 2008, University of Illinois, Urbana-Champaign
#
# All rights reserved. Use of this software is permitted ONLY for
# non-commercial research purposes, and it may be copied only
# for that use only. All copies must include this copyright message.
# This software is made available AS IS, and neither the authors
# nor the University of Illinois, make any warranty about the
# software or its performance.
#

Parsing domain file
 domain 'DRIVERLOG' defined
Parsing problem file
 problem 'DLOG-5-5-25' defined



checking for cyclic := effects --- OK.













































































































































#
# (C) Copyright 2008, University of Illinois, Urbana-Champaign
#
# All rights reserved. Use of this software is permitted ONLY for
# non-commercial research purposes, and it may be copied only
# for that use only. All copies must include this copyright message.
# This software is made available AS IS, and neither the authors
# nor the University of Illinois, make any warranty about the
# software or its performance.
#

Parsing domain file
 domain 'DRIVERLOG' defined
Parsing problem file
 problem 'DLOG-8-6-25' defined



checking for cyclic := effects --- OK.









































































