#
# (C) Copyright 2008, University of Illinois, Urbana-Champaign
#
# All rights reserved. Use of this software is permitted ONLY for
# non-commercial research purposes, and it may be copied only
# for that use only. All copies must include this copyright message.
# This software is made available AS IS, and neither the authors
# nor the University of Illinois, make any warranty about the
# software or its performance.
#

Parsing domain file
 domain 'LOGISTICS' defined
Parsing problem file
 problem 'LOGISTICS-14-1' defined



checking for cyclic := effects --- OK.

Starting SGPlan search ...







Solution found.



; Time 0.01
; ParsingTime 0.00
; NrActions 89
; MakeSpan
; MetricValue
; PlanningTechnique Modified-FF(enforced hill-climbing search) as the subplanner

0.001: (LOAD-TRUCK OBJ42 TRU4 POS4) [1]
1.002: (LOAD-TRUCK OBJ52 TRU5 POS5) [1]
2.003: (DRIVE-TRUCK TRU5 POS5 APT5 CIT5) [1]
3.004: (LOAD-TRUCK OBJ21 TRU2 POS2) [1]
4.005: (DRIVE-TRUCK TRU2 POS2 APT2 CIT2) [1]
5.006: (UNLOAD-TRUCK OBJ52 TRU5 APT5) [1]
6.007: (UNLOAD-TRUCK OBJ21 TRU2 APT2) [1]
7.008: (LOAD-AIRPLANE OBJ52 APN2 APT5) [1]
8.009: (FLY-AIRPLANE APN2 APT5 APT1) [1]
9.010: (LOAD-TRUCK OBJ12 TRU1 POS1) [1]
10.011: (LOAD-TRUCK OBJ32 TRU3 POS3) [1]
11.012: (DRIVE-TRUCK TRU3 POS3 APT3 CIT3) [1]
12.013: (UNLOAD-AIRPLANE OBJ52 APN2 APT1) [1]
13.014: (UNLOAD-TRUCK OBJ32 TRU3 APT3) [1]
14.015: (DRIVE-TRUCK TRU4 POS4 APT4 CIT4) [1]
15.016: (UNLOAD-TRUCK OBJ42 TRU4 APT4) [1]
16.017: (FLY-AIRPLANE APN1 APT1 APT4) [1]
17.018: (LOAD-AIRPLANE OBJ42 APN1 APT4) [1]
18.019: (FLY-AIRPLANE APN1 APT4 APT2) [1]
19.020: (LOAD-AIRPLANE OBJ21 APN1 APT2) [1]
20.021: (FLY-AIRPLANE APN1 APT2 APT1) [1]
21.022: (UNLOAD-AIRPLANE OBJ42 APN1 APT1) [1]
22.023: (DRIVE-TRUCK TRU1 POS1 APT1 CIT1) [1]
23.024: (UNLOAD-TRUCK OBJ12 TRU1 APT1) [1]
24.025: (LOAD-TRUCK OBJ42 TRU1 APT1) [1]
25.026: (LOAD-TRUCK OBJ52 TRU1 APT1) [1]
26.027: (DRIVE-TRUCK TRU1 APT1 POS1 CIT1) [1]
27.028: (LOAD-AIRPLANE OBJ12 APN1 APT1) [1]
28.029: (FLY-AIRPLANE APN1 APT1 APT3) [1]
29.030: (LOAD-AIRPLANE OBJ32 APN1 APT3) [1]
30.031: (UNLOAD-TRUCK OBJ42 TRU1 POS1) [1]
31.032: (UNLOAD-TRUCK OBJ52 TRU1 POS1) [1]
32.033: (UNLOAD-AIRPLANE OBJ12 APN1 APT3) [1]
33.034: (FLY-AIRPLANE APN1 APT3 APT4) [1]
34.035: (UNLOAD-AIRPLANE OBJ21 APN1 APT4) [1]
35.036: (LOAD-TRUCK OBJ21 TRU4 APT4) [1]
36.037: (DRIVE-TRUCK TRU4 APT4 POS4 CIT4) [1]
37.038: (UNLOAD-AIRPLANE OBJ32 APN1 APT4) [1]
38.039: (UNLOAD-TRUCK OBJ21 TRU4 POS4) [1]
39.040: (LOAD-TRUCK OBJ11 TRU1 POS1) [1]
40.041: (DRIVE-TRUCK TRU1 POS1 APT1 CIT1) [1]
41.042: (UNLOAD-TRUCK OBJ11 TRU1 APT1) [1]
42.043: (LOAD-TRUCK OBJ41 TRU4 POS4) [1]
43.044: (LOAD-AIRPLANE OBJ11 APN2 APT1) [1]
44.045: (DRIVE-TRUCK TRU5 APT5 POS5 CIT5) [1]
45.046: (LOAD-TRUCK OBJ51 TRU5 POS5) [1]
46.047: (LOAD-TRUCK OBJ53 TRU5 POS5) [1]
47.048: (DRIVE-TRUCK TRU5 POS5 APT5 CIT5) [1]
48.049: (UNLOAD-TRUCK OBJ51 TRU5 APT5) [1]
49.050: (UNLOAD-TRUCK OBJ53 TRU5 APT5) [1]
50.051: (FLY-AIRPLANE APN1 APT4 APT5) [1]
51.052: (LOAD-AIRPLANE OBJ51 APN1 APT5) [1]
52.053: (FLY-AIRPLANE APN1 APT5 APT4) [1]
53.054: (UNLOAD-AIRPLANE OBJ51 APN1 APT4) [1]
54.055: (FLY-AIRPLANE APN2 APT1 APT4) [1]
55.056: (UNLOAD-AIRPLANE OBJ11 APN2 APT4) [1]
56.057: (DRIVE-TRUCK TRU4 POS4 APT4 CIT4) [1]
57.058: (UNLOAD-TRUCK OBJ41 TRU4 APT4) [1]
58.059: (LOAD-AIRPLANE OBJ41 APN1 APT4) [1]
59.060: (FLY-AIRPLANE APN1 APT4 APT1) [1]
60.061: (LOAD-TRUCK OBJ51 TRU4 APT4) [1]
61.062: (LOAD-TRUCK OBJ11 TRU4 APT4) [1]
62.063: (DRIVE-TRUCK TRU4 APT4 POS4 CIT4) [1]
63.064: (UNLOAD-AIRPLANE OBJ41 APN1 APT1) [1]
64.065: (UNLOAD-TRUCK OBJ51 TRU4 POS4) [1]
65.066: (UNLOAD-TRUCK OBJ11 TRU4 POS4) [1]
66.067: (LOAD-TRUCK OBJ43 TRU4 POS4) [1]
67.068: (DRIVE-TRUCK TRU4 POS4 APT4 CIT4) [1]
68.069: (UNLOAD-TRUCK OBJ43 TRU4 APT4) [1]
69.070: (LOAD-AIRPLANE OBJ43 APN2 APT4) [1]
70.071: (FLY-AIRPLANE APN2 APT4 APT1) [1]
71.072: (UNLOAD-AIRPLANE OBJ43 APN2 APT1) [1]
72.073: (DRIVE-TRUCK TRU2 APT2 POS2 CIT2) [1]
73.074: (LOAD-TRUCK OBJ22 TRU2 POS2) [1]
74.075: (DRIVE-TRUCK TRU2 POS2 APT2 CIT2) [1]
75.076: (UNLOAD-TRUCK OBJ22 TRU2 APT2) [1]
76.077: (DRIVE-TRUCK TRU1 APT1 POS1 CIT1) [1]
77.078: (LOAD-TRUCK OBJ13 TRU1 POS1) [1]
78.079: (DRIVE-TRUCK TRU1 POS1 APT1 CIT1) [1]
79.080: (UNLOAD-TRUCK OBJ13 TRU1 APT1) [1]
80.081: (LOAD-AIRPLANE OBJ13 APN1 APT1) [1]
81.082: (FLY-AIRPLANE APN1 APT1 APT2) [1]
82.083: (LOAD-AIRPLANE OBJ22 APN1 APT2) [1]
83.084: (UNLOAD-AIRPLANE OBJ13 APN1 APT2) [1]
84.085: (FLY-AIRPLANE APN1 APT2 APT3) [1]
85.086: (UNLOAD-AIRPLANE OBJ22 APN1 APT3) [1]
86.087: (LOAD-TRUCK OBJ22 TRU3 APT3) [1]
87.088: (DRIVE-TRUCK TRU3 APT3 POS3 CIT3) [1]
88.089: (UNLOAD-TRUCK OBJ22 TRU3 POS3) [1]
__MEMKB 22268
