#
# (C) Copyright 2008, University of Illinois, Urbana-Champaign
#
# All rights reserved. Use of this software is permitted ONLY for
# non-commercial research purposes, and it may be copied only
# for that use only. All copies must include this copyright message.
# This software is made available AS IS, and neither the authors
# nor the University of Illinois, make any warranty about the
# software or its performance.
#

Parsing domain file
 domain 'LOGISTICS' defined
Parsing problem file
 problem 'LOGISTICS-15-0' defined



checking for cyclic := effects --- OK.

Starting SGPlan search ...







Solution found.



; Time 0.01
; ParsingTime 0.00
; NrActions 94
; MakeSpan
; MetricValue
; PlanningTechnique Modified-FF(enforced hill-climbing search) as the subplanner

0.001: (LOAD-TRUCK OBJ21 TRU2 POS2) [1]
1.002: (DRIVE-TRUCK TRU2 POS2 APT2 CIT2) [1]
2.003: (UNLOAD-TRUCK OBJ21 TRU2 APT2) [1]
3.004: (LOAD-TRUCK OBJ52 TRU5 POS5) [1]
4.005: (LOAD-AIRPLANE OBJ21 APN2 APT2) [1]
5.006: (FLY-AIRPLANE APN2 APT2 APT3) [1]
6.007: (LOAD-TRUCK OBJ53 TRU5 POS5) [1]
7.008: (DRIVE-TRUCK TRU5 POS5 APT5 CIT5) [1]
8.009: (LOAD-TRUCK OBJ41 TRU4 POS4) [1]
9.010: (DRIVE-TRUCK TRU4 POS4 APT4 CIT4) [1]
10.011: (UNLOAD-TRUCK OBJ52 TRU5 APT5) [1]
11.012: (UNLOAD-AIRPLANE OBJ21 APN2 APT3) [1]
12.013: (UNLOAD-TRUCK OBJ53 TRU5 APT5) [1]
13.014: (UNLOAD-TRUCK OBJ41 TRU4 APT4) [1]
14.015: (LOAD-AIRPLANE OBJ52 APN1 APT5) [1]
15.016: (LOAD-TRUCK OBJ33 TRU3 POS3) [1]
16.017: (LOAD-AIRPLANE OBJ53 APN1 APT5) [1]
17.018: (FLY-AIRPLANE APN1 APT5 APT4) [1]
18.019: (LOAD-AIRPLANE OBJ41 APN1 APT4) [1]
19.020: (UNLOAD-AIRPLANE OBJ52 APN1 APT4) [1]
20.021: (FLY-AIRPLANE APN1 APT4 APT2) [1]
21.022: (UNLOAD-AIRPLANE OBJ53 APN1 APT2) [1]
22.023: (FLY-AIRPLANE APN1 APT2 APT1) [1]
23.024: (UNLOAD-AIRPLANE OBJ41 APN1 APT1) [1]
24.025: (DRIVE-TRUCK TRU3 POS3 APT3 CIT3) [1]
25.026: (LOAD-TRUCK OBJ21 TRU3 APT3) [1]
26.027: (UNLOAD-TRUCK OBJ33 TRU3 APT3) [1]
27.028: (DRIVE-TRUCK TRU3 APT3 POS3 CIT3) [1]
28.029: (UNLOAD-TRUCK OBJ21 TRU3 POS3) [1]
29.030: (LOAD-TRUCK OBJ12 TRU1 POS1) [1]
30.031: (LOAD-TRUCK OBJ11 TRU1 POS1) [1]
31.032: (DRIVE-TRUCK TRU1 POS1 APT1 CIT1) [1]
32.033: (UNLOAD-TRUCK OBJ12 TRU1 APT1) [1]
33.034: (LOAD-AIRPLANE OBJ12 APN1 APT1) [1]
34.035: (UNLOAD-TRUCK OBJ11 TRU1 APT1) [1]
35.036: (LOAD-AIRPLANE OBJ11 APN1 APT1) [1]
36.037: (FLY-AIRPLANE APN1 APT1 APT3) [1]
37.038: (UNLOAD-AIRPLANE OBJ11 APN1 APT3) [1]
38.039: (FLY-AIRPLANE APN1 APT3 APT4) [1]
39.040: (DRIVE-TRUCK TRU5 APT5 POS5 CIT5) [1]
40.041: (LOAD-TRUCK OBJ51 TRU5 POS5) [1]
41.042: (DRIVE-TRUCK TRU5 POS5 APT5 CIT5) [1]
42.043: (UNLOAD-TRUCK OBJ51 TRU5 APT5) [1]
43.044: (FLY-AIRPLANE APN2 APT3 APT5) [1]
44.045: (LOAD-AIRPLANE OBJ51 APN2 APT5) [1]
45.046: (FLY-AIRPLANE APN2 APT5 APT3) [1]
46.047: (UNLOAD-AIRPLANE OBJ51 APN2 APT3) [1]
47.048: (DRIVE-TRUCK TRU4 APT4 POS4 CIT4) [1]
48.049: (LOAD-TRUCK OBJ42 TRU4 POS4) [1]
49.050: (DRIVE-TRUCK TRU4 POS4 APT4 CIT4) [1]
50.051: (UNLOAD-TRUCK OBJ42 TRU4 APT4) [1]
51.052: (LOAD-AIRPLANE OBJ42 APN1 APT4) [1]
52.053: (FLY-AIRPLANE APN1 APT4 APT2) [1]
53.054: (UNLOAD-AIRPLANE OBJ12 APN1 APT2) [1]
54.055: (LOAD-TRUCK OBJ12 TRU2 APT2) [1]
55.056: (DRIVE-TRUCK TRU2 APT2 POS2 CIT2) [1]
56.057: (UNLOAD-TRUCK OBJ12 TRU2 POS2) [1]
57.058: (UNLOAD-AIRPLANE OBJ42 APN1 APT2) [1]
58.059: (DRIVE-TRUCK TRU3 POS3 APT3 CIT3) [1]
59.060: (LOAD-TRUCK OBJ51 TRU3 APT3) [1]
60.061: (DRIVE-TRUCK TRU3 APT3 POS3 CIT3) [1]
61.062: (UNLOAD-TRUCK OBJ51 TRU3 POS3) [1]
62.063: (LOAD-TRUCK OBJ23 TRU2 POS2) [1]
63.064: (LOAD-TRUCK OBJ22 TRU2 POS2) [1]
64.065: (DRIVE-TRUCK TRU2 POS2 APT2 CIT2) [1]
65.066: (UNLOAD-TRUCK OBJ23 TRU2 APT2) [1]
66.067: (LOAD-TRUCK OBJ31 TRU3 POS3) [1]
67.068: (DRIVE-TRUCK TRU3 POS3 APT3 CIT3) [1]
68.069: (LOAD-AIRPLANE OBJ23 APN1 APT2) [1]
69.070: (UNLOAD-TRUCK OBJ22 TRU2 APT2) [1]
70.071: (UNLOAD-TRUCK OBJ31 TRU3 APT3) [1]
71.072: (LOAD-AIRPLANE OBJ22 APN1 APT2) [1]
72.073: (LOAD-AIRPLANE OBJ31 APN2 APT3) [1]
73.074: (FLY-AIRPLANE APN2 APT3 APT4) [1]
74.075: (FLY-AIRPLANE APN1 APT2 APT4) [1]
75.076: (UNLOAD-AIRPLANE OBJ23 APN1 APT4) [1]
76.077: (LOAD-TRUCK OBJ23 TRU4 APT4) [1]
77.078: (UNLOAD-AIRPLANE OBJ22 APN1 APT4) [1]
78.079: (UNLOAD-AIRPLANE OBJ31 APN2 APT4) [1]
79.080: (DRIVE-TRUCK TRU1 APT1 POS1 CIT1) [1]
80.081: (LOAD-TRUCK OBJ13 TRU1 POS1) [1]
81.082: (DRIVE-TRUCK TRU1 POS1 APT1 CIT1) [1]
82.083: (UNLOAD-TRUCK OBJ13 TRU1 APT1) [1]
83.084: (DRIVE-TRUCK TRU4 APT4 POS4 CIT4) [1]
84.085: (LOAD-TRUCK OBJ43 TRU4 POS4) [1]
85.086: (UNLOAD-TRUCK OBJ23 TRU4 POS4) [1]
86.087: (DRIVE-TRUCK TRU4 POS4 APT4 CIT4) [1]
87.088: (UNLOAD-TRUCK OBJ43 TRU4 APT4) [1]
88.089: (LOAD-AIRPLANE OBJ43 APN1 APT4) [1]
89.090: (FLY-AIRPLANE APN1 APT4 APT5) [1]
90.091: (UNLOAD-AIRPLANE OBJ43 APN1 APT5) [1]
91.092: (LOAD-TRUCK OBJ43 TRU5 APT5) [1]
92.093: (DRIVE-TRUCK TRU5 APT5 POS5 CIT5) [1]
93.094: (UNLOAD-TRUCK OBJ43 TRU5 POS5) [1]
__MEMKB 22144
