#
# (C) Copyright 2008, University of Illinois, Urbana-Champaign
#
# All rights reserved. Use of this software is permitted ONLY for
# non-commercial research purposes, and it may be copied only
# for that use only. All copies must include this copyright message.
# This software is made available AS IS, and neither the authors
# nor the University of Illinois, make any warranty about the
# software or its performance.
#

Parsing domain file
 domain 'LOGISTICS' defined
Parsing problem file
 problem 'LOGISTICS-9-1' defined



checking for cyclic := effects --- OK.

Starting SGPlan search ...





Solution found.



; Time 0.00
; ParsingTime 0.00
; NrActions 36
; MakeSpan
; MetricValue
; PlanningTechnique Modified-FF(enforced hill-climbing search) as the subplanner

0.001: (LOAD-TRUCK OBJ12 TRU1 POS1) [1]
1.002: (DRIVE-TRUCK TRU1 POS1 APT1 CIT1) [1]
2.003: (UNLOAD-TRUCK OBJ12 TRU1 APT1) [1]
3.004: (LOAD-AIRPLANE OBJ12 APN1 APT1) [1]
4.005: (FLY-AIRPLANE APN1 APT1 APT3) [1]
5.006: (UNLOAD-AIRPLANE OBJ12 APN1 APT3) [1]
6.007: (LOAD-TRUCK OBJ33 TRU3 POS3) [1]
7.008: (LOAD-TRUCK OBJ32 TRU3 POS3) [1]
8.009: (DRIVE-TRUCK TRU3 POS3 APT3 CIT3) [1]
9.010: (LOAD-TRUCK OBJ12 TRU3 APT3) [1]
10.011: (UNLOAD-TRUCK OBJ33 TRU3 APT3) [1]
11.012: (UNLOAD-TRUCK OBJ32 TRU3 APT3) [1]
12.013: (DRIVE-TRUCK TRU3 APT3 POS3 CIT3) [1]
13.014: (UNLOAD-TRUCK OBJ12 TRU3 POS3) [1]
14.015: (LOAD-TRUCK OBJ23 TRU2 POS2) [1]
15.016: (DRIVE-TRUCK TRU2 POS2 APT2 CIT2) [1]
16.017: (UNLOAD-TRUCK OBJ23 TRU2 APT2) [1]
17.018: (DRIVE-TRUCK TRU1 APT1 POS1 CIT1) [1]
18.019: (LOAD-TRUCK OBJ13 TRU1 POS1) [1]
19.020: (LOAD-TRUCK OBJ11 TRU1 POS1) [1]
20.021: (DRIVE-TRUCK TRU1 POS1 APT1 CIT1) [1]
21.022: (UNLOAD-TRUCK OBJ13 TRU1 APT1) [1]
22.023: (UNLOAD-TRUCK OBJ11 TRU1 APT1) [1]
23.024: (FLY-AIRPLANE APN1 APT3 APT1) [1]
24.025: (LOAD-AIRPLANE OBJ13 APN1 APT1) [1]
25.026: (LOAD-AIRPLANE OBJ11 APN1 APT1) [1]
26.027: (FLY-AIRPLANE APN1 APT1 APT2) [1]
27.028: (LOAD-AIRPLANE OBJ23 APN1 APT2) [1]
28.029: (UNLOAD-AIRPLANE OBJ11 APN1 APT2) [1]
29.030: (FLY-AIRPLANE APN1 APT2 APT3) [1]
30.031: (UNLOAD-AIRPLANE OBJ13 APN1 APT3) [1]
31.032: (UNLOAD-AIRPLANE OBJ23 APN1 APT3) [1]
32.033: (DRIVE-TRUCK TRU3 POS3 APT3 CIT3) [1]
33.034: (LOAD-TRUCK OBJ13 TRU3 APT3) [1]
34.035: (DRIVE-TRUCK TRU3 APT3 POS3 CIT3) [1]
35.036: (UNLOAD-TRUCK OBJ13 TRU3 POS3) [1]
__MEMKB 20192
