#
# (C) Copyright 2008, University of Illinois, Urbana-Champaign
#
# All rights reserved. Use of this software is permitted ONLY for
# non-commercial research purposes, and it may be copied only
# for that use only. All copies must include this copyright message.
# This software is made available AS IS, and neither the authors
# nor the University of Illinois, make any warranty about the
# software or its performance.
#

Parsing domain file
 domain 'LOGISTICS' defined
Parsing problem file
 problem 'LOGISTICS-13-0' defined



checking for cyclic := effects --- OK.

Starting SGPlan search ...







Solution found.



; Time 0.01
; ParsingTime 0.00
; NrActions 88
; MakeSpan
; MetricValue
; PlanningTechnique Modified-FF(enforced hill-climbing search) as the subplanner

0.001: (LOAD-TRUCK OBJ33 TRU3 POS3) [1]
1.002: (LOAD-TRUCK OBJ32 TRU3 POS3) [1]
2.003: (DRIVE-TRUCK TRU3 POS3 APT3 CIT3) [1]
3.004: (UNLOAD-TRUCK OBJ33 TRU3 APT3) [1]
4.005: (LOAD-TRUCK OBJ41 TRU4 POS4) [1]
5.006: (DRIVE-TRUCK TRU4 POS4 APT4 CIT4) [1]
6.007: (UNLOAD-TRUCK OBJ32 TRU3 APT3) [1]
7.008: (UNLOAD-TRUCK OBJ41 TRU4 APT4) [1]
8.009: (LOAD-TRUCK OBJ51 TRU5 POS5) [1]
9.010: (DRIVE-TRUCK TRU5 POS5 APT5 CIT5) [1]
10.011: (UNLOAD-TRUCK OBJ51 TRU5 APT5) [1]
11.012: (FLY-AIRPLANE APN2 APT1 APT3) [1]
12.013: (LOAD-AIRPLANE OBJ33 APN2 APT3) [1]
13.014: (FLY-AIRPLANE APN2 APT3 APT1) [1]
14.015: (UNLOAD-AIRPLANE OBJ33 APN2 APT1) [1]
15.016: (DRIVE-TRUCK TRU1 POS1 APT1 CIT1) [1]
16.017: (LOAD-TRUCK OBJ33 TRU1 APT1) [1]
17.018: (DRIVE-TRUCK TRU1 APT1 POS1 CIT1) [1]
18.019: (UNLOAD-TRUCK OBJ33 TRU1 POS1) [1]
19.020: (FLY-AIRPLANE APN1 APT2 APT4) [1]
20.021: (LOAD-AIRPLANE OBJ41 APN1 APT4) [1]
21.022: (FLY-AIRPLANE APN1 APT4 APT3) [1]
22.023: (LOAD-AIRPLANE OBJ32 APN1 APT3) [1]
23.024: (UNLOAD-AIRPLANE OBJ41 APN1 APT3) [1]
24.025: (FLY-AIRPLANE APN1 APT3 APT2) [1]
25.026: (UNLOAD-AIRPLANE OBJ32 APN1 APT2) [1]
26.027: (LOAD-TRUCK OBJ11 TRU1 POS1) [1]
27.028: (LOAD-TRUCK OBJ13 TRU1 POS1) [1]
28.029: (FLY-AIRPLANE APN1 APT2 APT1) [1]
29.030: (DRIVE-TRUCK TRU1 POS1 APT1 CIT1) [1]
30.031: (UNLOAD-TRUCK OBJ11 TRU1 APT1) [1]
31.032: (UNLOAD-TRUCK OBJ13 TRU1 APT1) [1]
32.033: (LOAD-AIRPLANE OBJ11 APN1 APT1) [1]
33.034: (LOAD-AIRPLANE OBJ13 APN1 APT1) [1]
34.035: (FLY-AIRPLANE APN1 APT1 APT5) [1]
35.036: (UNLOAD-AIRPLANE OBJ11 APN1 APT5) [1]
36.037: (LOAD-TRUCK OBJ11 TRU5 APT5) [1]
37.038: (DRIVE-TRUCK TRU5 APT5 POS5 CIT5) [1]
38.039: (LOAD-TRUCK OBJ53 TRU5 POS5) [1]
39.040: (LOAD-TRUCK OBJ52 TRU5 POS5) [1]
40.041: (UNLOAD-TRUCK OBJ11 TRU5 POS5) [1]
41.042: (DRIVE-TRUCK TRU5 POS5 APT5 CIT5) [1]
42.043: (UNLOAD-TRUCK OBJ53 TRU5 APT5) [1]
43.044: (LOAD-AIRPLANE OBJ53 APN1 APT5) [1]
44.045: (UNLOAD-TRUCK OBJ52 TRU5 APT5) [1]
45.046: (LOAD-AIRPLANE OBJ52 APN1 APT5) [1]
46.047: (FLY-AIRPLANE APN1 APT5 APT1) [1]
47.048: (UNLOAD-AIRPLANE OBJ53 APN1 APT1) [1]
48.049: (LOAD-TRUCK OBJ53 TRU1 APT1) [1]
49.050: (DRIVE-TRUCK TRU1 APT1 POS1 CIT1) [1]
50.051: (FLY-AIRPLANE APN1 APT1 APT4) [1]
51.052: (UNLOAD-AIRPLANE OBJ13 APN1 APT4) [1]
52.053: (LOAD-TRUCK OBJ13 TRU4 APT4) [1]
53.054: (UNLOAD-AIRPLANE OBJ52 APN1 APT4) [1]
54.055: (UNLOAD-TRUCK OBJ53 TRU1 POS1) [1]
55.056: (DRIVE-TRUCK TRU4 APT4 POS4 CIT4) [1]
56.057: (LOAD-TRUCK OBJ43 TRU4 POS4) [1]
57.058: (UNLOAD-TRUCK OBJ13 TRU4 POS4) [1]
58.059: (DRIVE-TRUCK TRU4 POS4 APT4 CIT4) [1]
59.060: (UNLOAD-TRUCK OBJ43 TRU4 APT4) [1]
60.061: (LOAD-AIRPLANE OBJ43 APN1 APT4) [1]
61.062: (FLY-AIRPLANE APN1 APT4 APT2) [1]
62.063: (UNLOAD-AIRPLANE OBJ43 APN1 APT2) [1]
63.064: (LOAD-TRUCK OBJ12 TRU1 POS1) [1]
64.065: (DRIVE-TRUCK TRU1 POS1 APT1 CIT1) [1]
65.066: (LOAD-TRUCK OBJ23 TRU2 POS2) [1]
66.067: (DRIVE-TRUCK TRU2 POS2 APT2 CIT2) [1]
67.068: (UNLOAD-TRUCK OBJ12 TRU1 APT1) [1]
68.069: (UNLOAD-TRUCK OBJ23 TRU2 APT2) [1]
69.070: (LOAD-AIRPLANE OBJ12 APN2 APT1) [1]
70.071: (LOAD-AIRPLANE OBJ23 APN1 APT2) [1]
71.072: (FLY-AIRPLANE APN1 APT2 APT5) [1]
72.073: (UNLOAD-AIRPLANE OBJ23 APN1 APT5) [1]
73.074: (LOAD-TRUCK OBJ23 TRU5 APT5) [1]
74.075: (DRIVE-TRUCK TRU5 APT5 POS5 CIT5) [1]
75.076: (UNLOAD-TRUCK OBJ23 TRU5 POS5) [1]
76.077: (DRIVE-TRUCK TRU3 APT3 POS3 CIT3) [1]
77.078: (LOAD-TRUCK OBJ31 TRU3 POS3) [1]
78.079: (DRIVE-TRUCK TRU3 POS3 APT3 CIT3) [1]
79.080: (UNLOAD-TRUCK OBJ31 TRU3 APT3) [1]
80.081: (FLY-AIRPLANE APN2 APT1 APT3) [1]
81.082: (UNLOAD-AIRPLANE OBJ12 APN2 APT3) [1]
82.083: (LOAD-AIRPLANE OBJ31 APN2 APT3) [1]
83.084: (FLY-AIRPLANE APN2 APT3 APT1) [1]
84.085: (LOAD-TRUCK OBJ12 TRU3 APT3) [1]
85.086: (DRIVE-TRUCK TRU3 APT3 POS3 CIT3) [1]
86.087: (UNLOAD-AIRPLANE OBJ31 APN2 APT1) [1]
87.088: (UNLOAD-TRUCK OBJ12 TRU3 POS3) [1]
__MEMKB 22284
