#
# (C) Copyright 2008, University of Illinois, Urbana-Champaign
#
# All rights reserved. Use of this software is permitted ONLY for
# non-commercial research purposes, and it may be copied only
# for that use only. All copies must include this copyright message.
# This software is made available AS IS, and neither the authors
# nor the University of Illinois, make any warranty about the
# software or its performance.
#

Parsing domain file
 domain 'LOGISTICS' defined
Parsing problem file
 problem 'LOGISTICS-4-2' defined



checking for cyclic := effects --- OK.

Starting SGPlan search ...



Solution found.



; Time 0.00
; ParsingTime 0.00
; NrActions 15
; MakeSpan
; MetricValue
; PlanningTechnique Modified-FF(enforced hill-climbing search) as the subplanner

0.001: (LOAD-TRUCK OBJ11 TRU1 POS1) [1]
1.002: (DRIVE-TRUCK TRU1 POS1 APT1 CIT1) [1]
2.003: (UNLOAD-TRUCK OBJ11 TRU1 APT1) [1]
3.004: (LOAD-TRUCK OBJ21 TRU2 POS2) [1]
4.005: (LOAD-AIRPLANE OBJ11 APN1 APT1) [1]
5.006: (FLY-AIRPLANE APN1 APT1 APT2) [1]
6.007: (UNLOAD-AIRPLANE OBJ11 APN1 APT2) [1]
7.008: (DRIVE-TRUCK TRU2 POS2 APT2 CIT2) [1]
8.009: (UNLOAD-TRUCK OBJ21 TRU2 APT2) [1]
9.010: (LOAD-AIRPLANE OBJ21 APN1 APT2) [1]
10.011: (FLY-AIRPLANE APN1 APT2 APT1) [1]
11.012: (LOAD-TRUCK OBJ11 TRU2 APT2) [1]
12.013: (DRIVE-TRUCK TRU2 APT2 POS2 CIT2) [1]
13.014: (UNLOAD-AIRPLANE OBJ21 APN1 APT1) [1]
14.015: (UNLOAD-TRUCK OBJ11 TRU2 POS2) [1]
__MEMKB 19844
