---SatPlan Version: 1.1

bb: parsing domain file
domain 'DRIVERLOG' defined
 ... done.
bb: parsing problem file
problem 'DLOG-5-5-25' defined
 ... done.


time:   0,    40 facts and       0 exclusive pairs
              67 ops   and      64 exclusive pairs
time:   1,    67 facts and      64 exclusive pairs

creating thin gp-based encoding...
plan graph layer 0...
plan graph layer 1...
goal constraints...

goal fact not coded - level too low??


bb: parsing domain file
domain 'DRIVERLOG' defined
 ... done.
bb: parsing problem file
problem 'DLOG-5-5-25' defined
 ... done.


time:   0,    40 facts and       0 exclusive pairs
              67 ops   and      64 exclusive pairs
time:   1,    67 facts and      64 exclusive pairs
             146 ops   and     930 exclusive pairs
time:   2,    92 facts and     269 exclusive pairs

creating thin gp-based encoding...
plan graph layer 0...
plan graph layer 1...
plan graph layer 2...
goal constraints...

goal fact not coded - level too low??


bb: parsing domain file
domain 'DRIVERLOG' defined
 ... done.
bb: parsing problem file
problem 'DLOG-5-5-25' defined
 ... done.


time:   0,    40 facts and       0 exclusive pairs
              67 ops   and      64 exclusive pairs
time:   1,    67 facts and      64 exclusive pairs
             146 ops   and     930 exclusive pairs
time:   2,    92 facts and     269 exclusive pairs
             309 ops   and    8628 exclusive pairs
time:   3,   178 facts and    2254 exclusive pairs

creating thin gp-based encoding...
plan graph layer 0...
plan graph layer 1...
plan graph layer 2...
plan graph layer 3...
goal constraints...

goal fact not coded - level too low??


bb: parsing domain file
domain 'DRIVERLOG' defined
 ... done.
bb: parsing problem file
problem 'DLOG-5-5-25' defined
 ... done.


time:   0,    40 facts and       0 exclusive pairs
              67 ops   and      64 exclusive pairs
time:   1,    67 facts and      64 exclusive pairs
             146 ops   and     930 exclusive pairs
time:   2,    92 facts and     269 exclusive pairs
             309 ops   and    8628 exclusive pairs
time:   3,   178 facts and    2254 exclusive pairs
             701 ops   and   69372 exclusive pairs
time:   4,   276 facts and    7414 exclusive pairs

creating thin gp-based encoding...
plan graph layer 0...
plan graph layer 1...
plan graph layer 2...
plan graph layer 3...
plan graph layer 4...
goal constraints...

goal fact not coded - level too low??


bb: parsing domain file
domain 'DRIVERLOG' defined
 ... done.
bb: parsing problem file
problem 'DLOG-5-5-25' defined
 ... done.


time:   0,    40 facts and       0 exclusive pairs
              67 ops   and      64 exclusive pairs
time:   1,    67 facts and      64 exclusive pairs
             146 ops   and     930 exclusive pairs
time:   2,    92 facts and     269 exclusive pairs
             309 ops   and    8628 exclusive pairs
time:   3,   178 facts and    2254 exclusive pairs
             701 ops   and   69372 exclusive pairs
time:   4,   276 facts and    7414 exclusive pairs
            1390 ops   and  304187 exclusive pairs
time:   5,   440 facts and   15837 exclusive pairs

creating thin gp-based encoding...
plan graph layer 0...
plan graph layer 1...
plan graph layer 2...
plan graph layer 3...
plan graph layer 4...
plan graph layer 5...
goal constraints...

goal fact not coded - level too low??


bb: parsing domain file
domain 'DRIVERLOG' defined
 ... done.
bb: parsing problem file
problem 'DLOG-5-5-25' defined
 ... done.


time:   0,    40 facts and       0 exclusive pairs
              67 ops   and      64 exclusive pairs
time:   1,    67 facts and      64 exclusive pairs
             146 ops   and     930 exclusive pairs
time:   2,    92 facts and     269 exclusive pairs
             309 ops   and    8628 exclusive pairs
time:   3,   178 facts and    2254 exclusive pairs
             701 ops   and   69372 exclusive pairs
time:   4,   276 facts and    7414 exclusive pairs
            1390 ops   and  304187 exclusive pairs
time:   5,   440 facts and   15837 exclusive pairs
            2987 ops   and 1558000 exclusive pairs
time:   6,   698 facts and   48364 exclusive pairs

creating thin gp-based encoding...
plan graph layer 0...
plan graph layer 1...
plan graph layer 2...
plan graph layer 3...
plan graph layer 4...
plan graph layer 5...
plan graph layer 6...
goal constraints...

goal fact not coded - level too low??


bb: parsing domain file
domain 'DRIVERLOG' defined
 ... done.
bb: parsing problem file
problem 'DLOG-5-5-25' defined
 ... done.


time:   0,    40 facts and       0 exclusive pairs
              67 ops   and      64 exclusive pairs
time:   1,    67 facts and      64 exclusive pairs
             146 ops   and     930 exclusive pairs
time:   2,    92 facts and     269 exclusive pairs
             309 ops   and    8628 exclusive pairs
time:   3,   178 facts and    2254 exclusive pairs
             701 ops   and   69372 exclusive pairs
time:   4,   276 facts and    7414 exclusive pairs
            1390 ops   and  304187 exclusive pairs
time:   5,   440 facts and   15837 exclusive pairs
            2987 ops   and 1558000 exclusive pairs
time:   6,   698 facts and   48364 exclusive pairs
            5204 ops   and 4815917 exclusive pairs
time:   7,   995 facts and   81199 exclusive pairs

creating thin gp-based encoding...
plan graph layer 0...
plan graph layer 1...
plan graph layer 2...
plan graph layer 3...
plan graph layer 4...
plan graph layer 5...
plan graph layer 6...
plan graph layer 7...
goal constraints...

goal fact not coded - level too low??


bb: parsing domain file
domain 'DRIVERLOG' defined
 ... done.
bb: parsing problem file
problem 'DLOG-5-5-25' defined
 ... done.


time:   0,    40 facts and       0 exclusive pairs
              67 ops   and      64 exclusive pairs
time:   1,    67 facts and      64 exclusive pairs
             146 ops   and     930 exclusive pairs
time:   2,    92 facts and     269 exclusive pairs
             309 ops   and    8628 exclusive pairs
time:   3,   178 facts and    2254 exclusive pairs
             701 ops   and   69372 exclusive pairs
time:   4,   276 facts and    7414 exclusive pairs
            1390 ops   and  304187 exclusive pairs
time:   5,   440 facts and   15837 exclusive pairs
            2987 ops   and 1558000 exclusive pairs
time:   6,   698 facts and   48364 exclusive pairs
            5204 ops   and 4815917 exclusive pairs
time:   7,   995 facts and   81199 exclusive pairs
            8613 ops   and 10946593 exclusive pairs
time:   8,  1039 facts and   29099 exclusive pairs

creating thin gp-based encoding...
plan graph layer 0...
plan graph layer 1...
plan graph layer 2...
plan graph layer 3...
plan graph layer 4...
plan graph layer 5...
plan graph layer 6...
plan graph layer 7...
plan graph layer 8...
goal constraints...

goal fact not coded - level too low??


bb: parsing domain file
domain 'DRIVERLOG' defined
 ... done.
bb: parsing problem file
problem 'DLOG-5-5-25' defined
 ... done.


time:   0,    40 facts and       0 exclusive pairs
              67 ops   and      64 exclusive pairs
time:   1,    67 facts and      64 exclusive pairs
             146 ops   and     930 exclusive pairs
time:   2,    92 facts and     269 exclusive pairs
             309 ops   and    8628 exclusive pairs
time:   3,   178 facts and    2254 exclusive pairs
             701 ops   and   69372 exclusive pairs
time:   4,   276 facts and    7414 exclusive pairs
            1390 ops   and  304187 exclusive pairs
time:   5,   440 facts and   15837 exclusive pairs
            2987 ops   and 1558000 exclusive pairs
time:   6,   698 facts and   48364 exclusive pairs
            5204 ops   and 4815917 exclusive pairs
time:   7,   995 facts and   81199 exclusive pairs
            8613 ops   and 10946593 exclusive pairs
time:   8,  1039 facts and   29099 exclusive pairs
           10479 ops   and 11428405 exclusive pairs
time:   9,  1045 facts and   18648 exclusive pairs

creating thin gp-based encoding...
plan graph layer 0...
plan graph layer 1...
plan graph layer 2...
plan graph layer 3...
plan graph layer 4...
plan graph layer 5...
plan graph layer 6...
plan graph layer 7...
plan graph layer 8...
plan graph layer 9...
goal constraints...
exclusion constraints layer 0...
exclusion constraints layer 1...
exclusion constraints layer 2...
exclusion constraints layer 3...
exclusion constraints layer 4...
exclusion constraints layer 5...
exclusion constraints layer 6...
exclusion constraints layer 7...
exclusion constraints layer 8...
exclusion constraints layer 9...

DECISION LAYER 9, WRITING THIN GP-BASED ENCODING WITH 34766 VARS, 1541258 CLAUSES.

time spent:    0.03 seconds instantiating 21710 action templates
               0.03 seconds reachability analysis, yielding 1045 facts and 10010 actions
               0.01 seconds collecting 1045 relevant facts
               0.03 seconds building connectivity graph
               0.00 seconds building (std) graph
              97.04 seconds CNF output time
              97.14 seconds total planner time (solving not included)


***Solving***


[ filemap ]
[ extract ]

variables : 34766
pure lits : 1051

1-clauses : 34
2-clauses : 1537310
3-clauses : 669
n-clauses : 3245
discarded : 0

[ solve ]


unsatisfiable                             

[ stats ]

decisions : 0
conflicts : 1
time : ~0.01

***UNSAT***


bb: parsing domain file
domain 'DRIVERLOG' defined
 ... done.
bb: parsing problem file
problem 'DLOG-5-5-25' defined
 ... done.


time:   0,    40 facts and       0 exclusive pairs
              67 ops   and      64 exclusive pairs
time:   1,    67 facts and      64 exclusive pairs
             146 ops   and     930 exclusive pairs
time:   2,    92 facts and     269 exclusive pairs
             309 ops   and    8628 exclusive pairs
time:   3,   178 facts and    2254 exclusive pairs
             701 ops   and   69372 exclusive pairs
time:   4,   276 facts and    7414 exclusive pairs
            1390 ops   and  304187 exclusive pairs
time:   5,   440 facts and   15837 exclusive pairs
            2987 ops   and 1558000 exclusive pairs
time:   6,   698 facts and   48364 exclusive pairs
            5204 ops   and 4815917 exclusive pairs
time:   7,   995 facts and   81199 exclusive pairs
            8613 ops   and 10946593 exclusive pairs
time:   8,  1039 facts and   29099 exclusive pairs
           10479 ops   and 11428405 exclusive pairs
time:   9,  1045 facts and   18648 exclusive pairs
           11037 ops   and 11667780 exclusive pairs
time:  10,  1045 facts and   18290 exclusive pairs

creating thin gp-based encoding...
plan graph layer 0...
plan graph layer 1...
plan graph layer 2...
plan graph layer 3...
plan graph layer 4...
plan graph layer 5...
plan graph layer 6...
plan graph layer 7...
plan graph layer 8...
plan graph layer 9...
plan graph layer 10...
goal constraints...
exclusion constraints layer 0...
exclusion constraints layer 1...
exclusion constraints layer 2...
exclusion constraints layer 3...
exclusion constraints layer 4...
exclusion constraints layer 5...
exclusion constraints layer 6...
exclusion constraints layer 7...
exclusion constraints layer 8...
exclusion constraints layer 9...
exclusion constraints layer 10...

DECISION LAYER 10, WRITING THIN GP-BASED ENCODING WITH 46848 VARS, 2189005 CLAUSES.

time spent:    0.03 seconds instantiating 21710 action templates
               0.03 seconds reachability analysis, yielding 1045 facts and 10010 actions
               0.01 seconds collecting 1045 relevant facts
               0.02 seconds building connectivity graph
               0.00 seconds building (std) graph
             126.57 seconds CNF output time
             126.66 seconds total planner time (solving not included)


***Solving***


[ filemap ]
[ extract ]

variables : 46848
pure lits : 1051

1-clauses : 34
2-clauses : 2184012
3-clauses : 669
n-clauses : 4290
discarded : 0

[ solve ]


unsatisfiable                             

[ stats ]

decisions : 16942
conflicts : 255
time : ~0.098

***UNSAT***


bb: parsing domain file
domain 'DRIVERLOG' defined
 ... done.
bb: parsing problem file
problem 'DLOG-5-5-25' defined
 ... done.


time:   0,    40 facts and       0 exclusive pairs
              67 ops   and      64 exclusive pairs
time:   1,    67 facts and      64 exclusive pairs
             146 ops   and     930 exclusive pairs
time:   2,    92 facts and     269 exclusive pairs
             309 ops   and    8628 exclusive pairs
time:   3,   178 facts and    2254 exclusive pairs
             701 ops   and   69372 exclusive pairs
time:   4,   276 facts and    7414 exclusive pairs
            1390 ops   and  304187 exclusive pairs
time:   5,   440 facts and   15837 exclusive pairs
            2987 ops   and 1558000 exclusive pairs
time:   6,   698 facts and   48364 exclusive pairs
            5204 ops   and 4815917 exclusive pairs
time:   7,   995 facts and   81199 exclusive pairs
            8613 ops   and 10946593 exclusive pairs
time:   8,  1039 facts and   29099 exclusive pairs
           10479 ops   and 11428405 exclusive pairs
time:   9,  1045 facts and   18648 exclusive pairs
           11037 ops   and 11667780 exclusive pairs
time:  10,  1045 facts and   18290 exclusive pairs
graph has leveled off at time step 11


           11055 ops   and 11585925 exclusive pairs
time:  11,  1045 facts and   18290 exclusive pairs

creating thin gp-based encoding...
plan graph layer 0...
plan graph layer 1...
plan graph layer 2...
plan graph layer 3...
plan graph layer 4...
plan graph layer 5...
plan graph layer 6...
plan graph layer 7...
plan graph layer 8...
plan graph layer 9...
plan graph layer 10...
plan graph layer 11...
goal constraints...
exclusion constraints layer 0...
exclusion constraints layer 1...
exclusion constraints layer 2...
exclusion constraints layer 3...
exclusion constraints layer 4...
exclusion constraints layer 5...
exclusion constraints layer 6...
exclusion constraints layer 7...
exclusion constraints layer 8...
exclusion constraints layer 9...
exclusion constraints layer 10...
exclusion constraints layer 11...

DECISION LAYER 11, WRITING THIN GP-BASED ENCODING WITH 58948 VARS, 2838075 CLAUSES.

time spent:    0.03 seconds instantiating 21710 action templates
               0.03 seconds reachability analysis, yielding 1045 facts and 10010 actions
               0.01 seconds collecting 1045 relevant facts
               0.02 seconds building connectivity graph
               0.00 seconds building (std) graph
             157.12 seconds CNF output time
             157.21 seconds total planner time (solving not included)


***Solving***


[ filemap ]
[ extract ]

variables : 58948
pure lits : 1051

1-clauses : 34
2-clauses : 2832037
3-clauses : 669
n-clauses : 5335
discarded : 0

[ solve ]


unsatisfiable                             

[ stats ]

decisions : 30772
conflicts : 583
time : ~0.459

***UNSAT***


bb: parsing domain file
domain 'DRIVERLOG' defined
 ... done.
bb: parsing problem file
problem 'DLOG-5-5-25' defined
 ... done.


time:   0,    40 facts and       0 exclusive pairs
              67 ops   and      64 exclusive pairs
time:   1,    67 facts and      64 exclusive pairs
             146 ops   and     930 exclusive pairs
time:   2,    92 facts and     269 exclusive pairs
             309 ops   and    8628 exclusive pairs
time:   3,   178 facts and    2254 exclusive pairs
             701 ops   and   69372 exclusive pairs
time:   4,   276 facts and    7414 exclusive pairs
            1390 ops   and  304187 exclusive pairs
time:   5,   440 facts and   15837 exclusive pairs
            2987 ops   and 1558000 exclusive pairs
time:   6,   698 facts and   48364 exclusive pairs
            5204 ops   and 4815917 exclusive pairs
time:   7,   995 facts and   81199 exclusive pairs
            8613 ops   and 10946593 exclusive pairs
time:   8,  1039 facts and   29099 exclusive pairs
           10479 ops   and 11428405 exclusive pairs
time:   9,  1045 facts and   18648 exclusive pairs
           11037 ops   and 11667780 exclusive pairs
time:  10,  1045 facts and   18290 exclusive pairs
graph has leveled off at time step 11


           11055 ops   and 11585925 exclusive pairs
time:  11,  1045 facts and   18290 exclusive pairs
           11055 ops   and 11585925 exclusive pairs
time:  12,  1045 facts and   18290 exclusive pairs

creating thin gp-based encoding...
plan graph layer 0...
plan graph layer 1...
plan graph layer 2...
plan graph layer 3...
plan graph layer 4...
plan graph layer 5...
plan graph layer 6...
plan graph layer 7...
plan graph layer 8...
plan graph layer 9...
plan graph layer 10...
plan graph layer 11...
plan graph layer 12...
goal constraints...
exclusion constraints layer 0...
exclusion constraints layer 1...
exclusion constraints layer 2...
exclusion constraints layer 3...
exclusion constraints layer 4...
exclusion constraints layer 5...
exclusion constraints layer 6...
exclusion constraints layer 7...
exclusion constraints layer 8...
exclusion constraints layer 9...
exclusion constraints layer 10...
exclusion constraints layer 11...
exclusion constraints layer 12...

DECISION LAYER 12, WRITING THIN GP-BASED ENCODING WITH 71048 VARS, 3487145 CLAUSES.

time spent:    0.03 seconds instantiating 21710 action templates
               0.03 seconds reachability analysis, yielding 1045 facts and 10010 actions
               0.01 seconds collecting 1045 relevant facts
               0.02 seconds building connectivity graph
               0.00 seconds building (std) graph
             183.80 seconds CNF output time
             183.89 seconds total planner time (solving not included)


***Solving***


[ filemap ]
[ extract ]

variables : 71048
pure lits : 1051

1-clauses : 34
2-clauses : 3480062
3-clauses : 669
n-clauses : 6380
discarded : 0

[ solve ]


unsatisfiable                             

[ stats ]

decisions : 81916
conflicts : 1873
time : ~1.627

***UNSAT***


bb: parsing domain file
domain 'DRIVERLOG' defined
 ... done.
bb: parsing problem file
problem 'DLOG-5-5-25' defined
 ... done.


time:   0,    40 facts and       0 exclusive pairs
              67 ops   and      64 exclusive pairs
time:   1,    67 facts and      64 exclusive pairs
             146 ops   and     930 exclusive pairs
time:   2,    92 facts and     269 exclusive pairs
             309 ops   and    8628 exclusive pairs
time:   3,   178 facts and    2254 exclusive pairs
             701 ops   and   69372 exclusive pairs
time:   4,   276 facts and    7414 exclusive pairs
            1390 ops   and  304187 exclusive pairs
time:   5,   440 facts and   15837 exclusive pairs
            2987 ops   and 1558000 exclusive pairs
time:   6,   698 facts and   48364 exclusive pairs
            5204 ops   and 4815917 exclusive pairs
time:   7,   995 facts and   81199 exclusive pairs
            8613 ops   and 10946593 exclusive pairs
time:   8,  1039 facts and   29099 exclusive pairs
           10479 ops   and 11428405 exclusive pairs
time:   9,  1045 facts and   18648 exclusive pairs
           11037 ops   and 11667780 exclusive pairs
time:  10,  1045 facts and   18290 exclusive pairs
graph has leveled off at time step 11


           11055 ops   and 11585925 exclusive pairs
time:  11,  1045 facts and   18290 exclusive pairs
           11055 ops   and 11585925 exclusive pairs
time:  12,  1045 facts and   18290 exclusive pairs
           11055 ops   and 11585925 exclusive pairs
time:  13,  1045 facts and   18290 exclusive pairs

creating thin gp-based encoding...
plan graph layer 0...
plan graph layer 1...
plan graph layer 2...
plan graph layer 3...
plan graph layer 4...
plan graph layer 5...
plan graph layer 6...
plan graph layer 7...
plan graph layer 8...
plan graph layer 9...
plan graph layer 10...
plan graph layer 11...
plan graph layer 12...
plan graph layer 13...
goal constraints...
exclusion constraints layer 0...
exclusion constraints layer 1...
exclusion constraints layer 2...
exclusion constraints layer 3...
exclusion constraints layer 4...
exclusion constraints layer 5...
exclusion constraints layer 6...
exclusion constraints layer 7...
exclusion constraints layer 8...
exclusion constraints layer 9...
exclusion constraints layer 10...
exclusion constraints layer 11...
exclusion constraints layer 12...
exclusion constraints layer 13...

DECISION LAYER 13, WRITING THIN GP-BASED ENCODING WITH 83148 VARS, 4136215 CLAUSES.

time spent:    0.03 seconds instantiating 21710 action templates
               0.03 seconds reachability analysis, yielding 1045 facts and 10010 actions
               0.01 seconds collecting 1045 relevant facts
               0.02 seconds building connectivity graph
               0.00 seconds building (std) graph
             213.10 seconds CNF output time
             213.19 seconds total planner time (solving not included)


***Solving***


[ filemap ]
[ extract ]

variables : 83148
pure lits : 1051

1-clauses : 34
2-clauses : 4128087
3-clauses : 669
n-clauses : 7425
discarded : 0

[ solve ]


unsatisfiable                             

[ stats ]

decisions : 155703
conflicts : 8595
time : ~7.314

***UNSAT***


bb: parsing domain file
domain 'DRIVERLOG' defined
 ... done.
bb: parsing problem file
problem 'DLOG-5-5-25' defined
 ... done.


time:   0,    40 facts and       0 exclusive pairs
              67 ops   and      64 exclusive pairs
time:   1,    67 facts and      64 exclusive pairs
             146 ops   and     930 exclusive pairs
time:   2,    92 facts and     269 exclusive pairs
             309 ops   and    8628 exclusive pairs
time:   3,   178 facts and    2254 exclusive pairs
             701 ops   and   69372 exclusive pairs
time:   4,   276 facts and    7414 exclusive pairs
            1390 ops   and  304187 exclusive pairs
time:   5,   440 facts and   15837 exclusive pairs
            2987 ops   and 1558000 exclusive pairs
time:   6,   698 facts and   48364 exclusive pairs
            5204 ops   and 4815917 exclusive pairs
time:   7,   995 facts and   81199 exclusive pairs
            8613 ops   and 10946593 exclusive pairs
time:   8,  1039 facts and   29099 exclusive pairs
           10479 ops   and 11428405 exclusive pairs
time:   9,  1045 facts and   18648 exclusive pairs
           11037 ops   and 11667780 exclusive pairs
time:  10,  1045 facts and   18290 exclusive pairs
graph has leveled off at time step 11


           11055 ops   and 11585925 exclusive pairs
time:  11,  1045 facts and   18290 exclusive pairs
           11055 ops   and 11585925 exclusive pairs
time:  12,  1045 facts and   18290 exclusive pairs
           11055 ops   and 11585925 exclusive pairs
time:  13,  1045 facts and   18290 exclusive pairs
           11055 ops   and 11585925 exclusive pairs
time:  14,  1045 facts and   18290 exclusive pairs

creating thin gp-based encoding...
plan graph layer 0...
plan graph layer 1...
plan graph layer 2...
plan graph layer 3...
plan graph layer 4...
plan graph layer 5...
plan graph layer 6...
plan graph layer 7...
plan graph layer 8...
plan graph layer 9...
plan graph layer 10...
plan graph layer 11...
plan graph layer 12...
plan graph layer 13...
plan graph layer 14...
goal constraints...
exclusion constraints layer 0...
exclusion constraints layer 1...
exclusion constraints layer 2...
exclusion constraints layer 3...
exclusion constraints layer 4...
exclusion constraints layer 5...
exclusion constraints layer 6...
exclusion constraints layer 7...
exclusion constraints layer 8...
exclusion constraints layer 9...
exclusion constraints layer 10...
exclusion constraints layer 11...
exclusion constraints layer 12...
exclusion constraints layer 13...
exclusion constraints layer 14...

DECISION LAYER 14, WRITING THIN GP-BASED ENCODING WITH 95248 VARS, 4785285 CLAUSES.

time spent:    0.03 seconds instantiating 21710 action templates
               0.03 seconds reachability analysis, yielding 1045 facts and 10010 actions
               0.00 seconds collecting 1045 relevant facts
               0.03 seconds building connectivity graph
               0.00 seconds building (std) graph
             239.28 seconds CNF output time
             239.37 seconds total planner time (solving not included)


***Solving***


[ filemap ]
[ extract ]

variables : 95248
pure lits : 1051

1-clauses : 34
2-clauses : 4776112
3-clauses : 669
n-clauses : 8470
discarded : 0

[ solve ]


unsatisfiable                             

[ stats ]

decisions : 363589
conflicts : 56081
time : ~123.998

***UNSAT***


bb: parsing domain file
domain 'DRIVERLOG' defined
 ... done.
bb: parsing problem file
problem 'DLOG-5-5-25' defined
 ... done.


time:   0,    40 facts and       0 exclusive pairs
              67 ops   and      64 exclusive pairs
time:   1,    67 facts and      64 exclusive pairs
             146 ops   and     930 exclusive pairs
time:   2,    92 facts and     269 exclusive pairs
             309 ops   and    8628 exclusive pairs
time:   3,   178 facts and    2254 exclusive pairs
             701 ops   and   69372 exclusive pairs
time:   4,   276 facts and    7414 exclusive pairs
            1390 ops   and  304187 exclusive pairs
time:   5,   440 facts and   15837 exclusive pairs
            2987 ops   and 1558000 exclusive pairs
time:   6,   698 facts and   48364 exclusive pairs
            5204 ops   and 4815917 exclusive pairs
time:   7,   995 facts and   81199 exclusive pairs
            8613 ops   and 10946593 exclusive pairs
time:   8,  1039 facts and   29099 exclusive pairs
           10479 ops   and 11428405 exclusive pairs
time:   9,  1045 facts and   18648 exclusive pairs
           11037 ops   and 11667780 exclusive pairs
time:  10,  1045 facts and   18290 exclusive pairs
graph has leveled off at time step 11


           11055 ops   and 11585925 exclusive pairs
time:  11,  1045 facts and   18290 exclusive pairs
           11055 ops   and 11585925 exclusive pairs
time:  12,  1045 facts and   18290 exclusive pairs
           11055 ops   and 11585925 exclusive pairs
time:  13,  1045 facts and   18290 exclusive pairs
           11055 ops   and 11585925 exclusive pairs
time:  14,  1045 facts and   18290 exclusive pairs
           11055 ops   and 11585925 exclusive pairs
time:  15,  1045 facts and   18290 exclusive pairs

creating thin gp-based encoding...
plan graph layer 0...
plan graph layer 1...
plan graph layer 2...
plan graph layer 3...
plan graph layer 4...
plan graph layer 5...
plan graph layer 6...
plan graph layer 7...
plan graph layer 8...
plan graph layer 9...
plan graph layer 10...
plan graph layer 11...
plan graph layer 12...
plan graph layer 13...
plan graph layer 14...
plan graph layer 15...
goal constraints...
exclusion constraints layer 0...
exclusion constraints layer 1...
exclusion constraints layer 2...
exclusion constraints layer 3...
exclusion constraints layer 4...
exclusion constraints layer 5...
exclusion constraints layer 6...
exclusion constraints layer 7...
exclusion constraints layer 8...
exclusion constraints layer 9...
exclusion constraints layer 10...
exclusion constraints layer 11...
exclusion constraints layer 12...
exclusion constraints layer 13...
exclusion constraints layer 14...
exclusion constraints layer 15...

DECISION LAYER 15, WRITING THIN GP-BASED ENCODING WITH 107348 VARS, 5434355 CLAUSES.

time spent:    0.03 seconds instantiating 21710 action templates
               0.03 seconds reachability analysis, yielding 1045 facts and 10010 actions
               0.00 seconds collecting 1045 relevant facts
               0.03 seconds building connectivity graph
               0.00 seconds building (std) graph
             272.26 seconds CNF output time
             272.35 seconds total planner time (solving not included)


***Solving***


[ filemap ]
[ extract ]

variables : 107348
pure lits : 1051

1-clauses : 34
2-clauses : 5424137
3-clauses : 669
n-clauses : 9515
discarded : 0

[ solve ]


unsatisfiable                             

[ stats ]

decisions : 549403
conflicts : 105881
time : ~339.856


Program Timeout
Command exited with non-zero status 2
__MEMKB 590064
