---SatPlan Version: 1.1

bb: parsing domain file
domain 'DRIVERLOG' defined
 ... done.
bb: parsing problem file
problem 'DLOG-3-2-5' defined
 ... done.


time:   0,    12 facts and       0 exclusive pairs
              22 ops   and      21 exclusive pairs
time:   1,    22 facts and      21 exclusive pairs

creating thin gp-based encoding...
plan graph layer 0...
plan graph layer 1...
goal constraints...

goal fact not coded - level too low??


bb: parsing domain file
domain 'DRIVERLOG' defined
 ... done.
bb: parsing problem file
problem 'DLOG-3-2-5' defined
 ... done.


time:   0,    12 facts and       0 exclusive pairs
              22 ops   and      21 exclusive pairs
time:   1,    22 facts and      21 exclusive pairs
              52 ops   and     282 exclusive pairs
time:   2,    32 facts and      84 exclusive pairs

creating thin gp-based encoding...
plan graph layer 0...
plan graph layer 1...
plan graph layer 2...
goal constraints...

goal fact not coded - level too low??


bb: parsing domain file
domain 'DRIVERLOG' defined
 ... done.
bb: parsing problem file
problem 'DLOG-3-2-5' defined
 ... done.


time:   0,    12 facts and       0 exclusive pairs
              22 ops   and      21 exclusive pairs
time:   1,    22 facts and      21 exclusive pairs
              52 ops   and     282 exclusive pairs
time:   2,    32 facts and      84 exclusive pairs
             102 ops   and    1847 exclusive pairs
time:   3,    49 facts and     298 exclusive pairs

creating thin gp-based encoding...
plan graph layer 0...
plan graph layer 1...
plan graph layer 2...
plan graph layer 3...
goal constraints...

goal fact not coded - level too low??


bb: parsing domain file
domain 'DRIVERLOG' defined
 ... done.
bb: parsing problem file
problem 'DLOG-3-2-5' defined
 ... done.


time:   0,    12 facts and       0 exclusive pairs
              22 ops   and      21 exclusive pairs
time:   1,    22 facts and      21 exclusive pairs
              52 ops   and     282 exclusive pairs
time:   2,    32 facts and      84 exclusive pairs
             102 ops   and    1847 exclusive pairs
time:   3,    49 facts and     298 exclusive pairs
             161 ops   and    5526 exclusive pairs
time:   4,    49 facts and     188 exclusive pairs

creating thin gp-based encoding...
plan graph layer 0...
plan graph layer 1...
plan graph layer 2...
plan graph layer 3...
plan graph layer 4...
goal constraints...

goal fact not coded - level too low??


bb: parsing domain file
domain 'DRIVERLOG' defined
 ... done.
bb: parsing problem file
problem 'DLOG-3-2-5' defined
 ... done.


time:   0,    12 facts and       0 exclusive pairs
              22 ops   and      21 exclusive pairs
time:   1,    22 facts and      21 exclusive pairs
              52 ops   and     282 exclusive pairs
time:   2,    32 facts and      84 exclusive pairs
             102 ops   and    1847 exclusive pairs
time:   3,    49 facts and     298 exclusive pairs
             161 ops   and    5526 exclusive pairs
time:   4,    49 facts and     188 exclusive pairs
             201 ops   and    7200 exclusive pairs
time:   5,    57 facts and     180 exclusive pairs

creating thin gp-based encoding...
plan graph layer 0...
plan graph layer 1...
plan graph layer 2...
plan graph layer 3...
plan graph layer 4...
plan graph layer 5...
goal constraints...
exclusion constraints layer 0...
exclusion constraints layer 1...
exclusion constraints layer 2...
exclusion constraints layer 3...
exclusion constraints layer 4...
exclusion constraints layer 5...

DECISION LAYER 5, WRITING THIN GP-BASED ENCODING WITH 759 VARS, 4593 CLAUSES.

time spent:    0.02 seconds instantiating 264 action templates
               0.00 seconds reachability analysis, yielding 57 facts and 168 actions
               0.00 seconds collecting 57 relevant facts
               0.00 seconds building connectivity graph
               0.00 seconds building (std) graph
               0.02 seconds CNF output time
               0.04 seconds total planner time (solving not included)


***Solving***


[ filemap ]
[ extract ]

variables : 759
pure lits : 61

1-clauses : 8
2-clauses : 4430
3-clauses : 49
n-clauses : 106
discarded : 0

[ solve ]


unsatisfiable                             

[ stats ]

decisions : 0
conflicts : 1
time : ~0.01

***UNSAT***


bb: parsing domain file
domain 'DRIVERLOG' defined
 ... done.
bb: parsing problem file
problem 'DLOG-3-2-5' defined
 ... done.


time:   0,    12 facts and       0 exclusive pairs
              22 ops   and      21 exclusive pairs
time:   1,    22 facts and      21 exclusive pairs
              52 ops   and     282 exclusive pairs
time:   2,    32 facts and      84 exclusive pairs
             102 ops   and    1847 exclusive pairs
time:   3,    49 facts and     298 exclusive pairs
             161 ops   and    5526 exclusive pairs
time:   4,    49 facts and     188 exclusive pairs
             201 ops   and    7200 exclusive pairs
time:   5,    57 facts and     180 exclusive pairs
             225 ops   and    7380 exclusive pairs
time:   6,    57 facts and     152 exclusive pairs

creating thin gp-based encoding...
plan graph layer 0...
plan graph layer 1...
plan graph layer 2...
plan graph layer 3...
plan graph layer 4...
plan graph layer 5...
plan graph layer 6...
goal constraints...
exclusion constraints layer 0...
exclusion constraints layer 1...
exclusion constraints layer 2...
exclusion constraints layer 3...
exclusion constraints layer 4...
exclusion constraints layer 5...
exclusion constraints layer 6...

DECISION LAYER 6, WRITING THIN GP-BASED ENCODING WITH 1041 VARS, 6887 CLAUSES.

time spent:    0.02 seconds instantiating 264 action templates
               0.00 seconds reachability analysis, yielding 57 facts and 168 actions
               0.00 seconds collecting 57 relevant facts
               0.00 seconds building connectivity graph
               0.00 seconds building (std) graph
               0.03 seconds CNF output time
               0.05 seconds total planner time (solving not included)


***Solving***


[ filemap ]
[ extract ]

variables : 1041
pure lits : 61

1-clauses : 8
2-clauses : 6667
3-clauses : 49
n-clauses : 163
discarded : 0

[ solve ]


unsatisfiable                             

[ stats ]

decisions : 237
conflicts : 13
time : ~0.01

***UNSAT***


bb: parsing domain file
domain 'DRIVERLOG' defined
 ... done.
bb: parsing problem file
problem 'DLOG-3-2-5' defined
 ... done.


time:   0,    12 facts and       0 exclusive pairs
              22 ops   and      21 exclusive pairs
time:   1,    22 facts and      21 exclusive pairs
              52 ops   and     282 exclusive pairs
time:   2,    32 facts and      84 exclusive pairs
             102 ops   and    1847 exclusive pairs
time:   3,    49 facts and     298 exclusive pairs
             161 ops   and    5526 exclusive pairs
time:   4,    49 facts and     188 exclusive pairs
             201 ops   and    7200 exclusive pairs
time:   5,    57 facts and     180 exclusive pairs
             225 ops   and    7380 exclusive pairs
time:   6,    57 facts and     152 exclusive pairs
graph has leveled off at time step 7


             225 ops   and    7160 exclusive pairs
time:   7,    57 facts and     152 exclusive pairs

creating thin gp-based encoding...
plan graph layer 0...
plan graph layer 1...
plan graph layer 2...
plan graph layer 3...
plan graph layer 4...
plan graph layer 5...
plan graph layer 6...
plan graph layer 7...
goal constraints...
exclusion constraints layer 0...
exclusion constraints layer 1...
exclusion constraints layer 2...
exclusion constraints layer 3...
exclusion constraints layer 4...
exclusion constraints layer 5...
exclusion constraints layer 6...
exclusion constraints layer 7...

DECISION LAYER 7, WRITING THIN GP-BASED ENCODING WITH 1323 VARS, 9181 CLAUSES.

time spent:    0.02 seconds instantiating 264 action templates
               0.00 seconds reachability analysis, yielding 57 facts and 168 actions
               0.00 seconds collecting 57 relevant facts
               0.00 seconds building connectivity graph
               0.00 seconds building (std) graph
               0.04 seconds CNF output time
               0.06 seconds total planner time (solving not included)


***Solving***


[ filemap ]
[ extract ]

variables : 1323
pure lits : 61

1-clauses : 8
2-clauses : 8904
3-clauses : 49
n-clauses : 220
discarded : 0

[ solve ]


unsatisfiable                             

[ stats ]

decisions : 523
conflicts : 111
time : ~0.012

***UNSAT***


bb: parsing domain file
domain 'DRIVERLOG' defined
 ... done.
bb: parsing problem file
problem 'DLOG-3-2-5' defined
 ... done.


time:   0,    12 facts and       0 exclusive pairs
              22 ops   and      21 exclusive pairs
time:   1,    22 facts and      21 exclusive pairs
              52 ops   and     282 exclusive pairs
time:   2,    32 facts and      84 exclusive pairs
             102 ops   and    1847 exclusive pairs
time:   3,    49 facts and     298 exclusive pairs
             161 ops   and    5526 exclusive pairs
time:   4,    49 facts and     188 exclusive pairs
             201 ops   and    7200 exclusive pairs
time:   5,    57 facts and     180 exclusive pairs
             225 ops   and    7380 exclusive pairs
time:   6,    57 facts and     152 exclusive pairs
graph has leveled off at time step 7


             225 ops   and    7160 exclusive pairs
time:   7,    57 facts and     152 exclusive pairs
             225 ops   and    7160 exclusive pairs
time:   8,    57 facts and     152 exclusive pairs

creating thin gp-based encoding...
plan graph layer 0...
plan graph layer 1...
plan graph layer 2...
plan graph layer 3...
plan graph layer 4...
plan graph layer 5...
plan graph layer 6...
plan graph layer 7...
plan graph layer 8...
goal constraints...
exclusion constraints layer 0...
exclusion constraints layer 1...
exclusion constraints layer 2...
exclusion constraints layer 3...
exclusion constraints layer 4...
exclusion constraints layer 5...
exclusion constraints layer 6...
exclusion constraints layer 7...
exclusion constraints layer 8...

DECISION LAYER 8, WRITING THIN GP-BASED ENCODING WITH 1605 VARS, 11475 CLAUSES.

time spent:    0.02 seconds instantiating 264 action templates
               0.00 seconds reachability analysis, yielding 57 facts and 168 actions
               0.00 seconds collecting 57 relevant facts
               0.00 seconds building connectivity graph
               0.00 seconds building (std) graph
               0.04 seconds CNF output time
               0.06 seconds total planner time (solving not included)


***Solving***


[ filemap ]
[ extract ]

variables : 1605
pure lits : 61

1-clauses : 8
2-clauses : 11141
3-clauses : 49
n-clauses : 277
discarded : 0

[ solve ]


satisfiable                             

[ stats ]

decisions : 782
conflicts : 34
time : ~0.01


bb: parsing domain file
domain 'DRIVERLOG' defined
 ... done.
bb: parsing problem file
problem 'DLOG-3-2-5' defined
 ... done.


time:   0,    12 facts and       0 exclusive pairs
              22 ops   and      21 exclusive pairs
time:   1,    22 facts and      21 exclusive pairs
              52 ops   and     282 exclusive pairs
time:   2,    32 facts and      84 exclusive pairs
             102 ops   and    1847 exclusive pairs
time:   3,    49 facts and     298 exclusive pairs
             161 ops   and    5526 exclusive pairs
time:   4,    49 facts and     188 exclusive pairs
             201 ops   and    7200 exclusive pairs
time:   5,    57 facts and     180 exclusive pairs
             225 ops   and    7380 exclusive pairs
time:   6,    57 facts and     152 exclusive pairs
graph has leveled off at time step 7


             225 ops   and    7160 exclusive pairs
time:   7,    57 facts and     152 exclusive pairs
             225 ops   and    7160 exclusive pairs
time:   8,    57 facts and     152 exclusive pairs

creating thin gp-based encoding...
plan graph layer 0...
plan graph layer 1...
plan graph layer 2...
plan graph layer 3...
plan graph layer 4...
plan graph layer 5...
plan graph layer 6...
plan graph layer 7...
plan graph layer 8...
goal constraints...
exclusion constraints layer 0...
exclusion constraints layer 1...
exclusion constraints layer 2...
exclusion constraints layer 3...
exclusion constraints layer 4...
exclusion constraints layer 5...
exclusion constraints layer 6...
exclusion constraints layer 7...
exclusion constraints layer 8...

DECISION LAYER 8, WRITING THIN GP-BASED ENCODING WITH 1605 VARS, 11475 CLAUSES.

time spent:    0.02 seconds instantiating 264 action templates
               0.00 seconds reachability analysis, yielding 57 facts and 168 actions
               0.00 seconds collecting 57 relevant facts
               0.00 seconds building connectivity graph
               0.00 seconds building (std) graph
               0.02 seconds CNF output time
               0.04 seconds total planner time (solving not included)

Pruned:  0: (WALK DRIVER1 P0-2 S2) [1]
Pruned:  0: (WALK DRIVER1 P0-2 S2) [1]
Pruned:  0: (WALK DRIVER1 P0-2 S2) [1]
Pruned:  0: (WALK DRIVER1 P0-2 S2) [1]
Pruned:  0: (WALK DRIVER1 P0-2 S2) [1]
Pruned:  0: (WALK DRIVER1 P0-2 S2) [1]
Pruned:  0: (WALK DRIVER1 P0-2 S2) [1]
Pruned:  0: (WALK DRIVER1 P0-2 S2) [1]
Pruned:  0: (WALK DRIVER1 P0-2 S2) [1]
Pruned:  0: (WALK DRIVER1 P0-2 S2) [1]
Pruned:  0: (WALK DRIVER1 P0-2 S2) [1]
Pruned:  0: (WALK DRIVER1 P0-2 S2) [1]
Pruned:  0: (WALK DRIVER1 P0-2 S2) [1]
Pruned:  0: (WALK DRIVER1 P0-2 S2) [1]
Pruned:  0: (WALK DRIVER1 P0-2 S2) [1]
Pruned:  0: (WALK DRIVER1 P0-2 S2) [1]
Pruned:  0: (WALK DRIVER1 P0-2 S2) [1]
Pruned:  0: (WALK DRIVER1 P0-2 S2) [1]
Pruned:  0: (WALK DRIVER1 P0-2 S2) [1]
Pruned:  0: (WALK DRIVER1 P0-2 S2) [1]
Pruned:  0: (WALK DRIVER1 P0-2 S2) [1]
Pruned:  0: (WALK DRIVER1 P0-2 S2) [1]
Pruned:  0: (WALK DRIVER1 P0-2 S2) [1]
Pruned:  0: (WALK DRIVER1 P0-2 S2) [1]
Pruned:  0: (WALK DRIVER1 P0-2 S2) [1]
Pruned:  0: (WALK DRIVER1 P0-2 S2) [1]
Pruned:  0: (WALK DRIVER1 P0-2 S2) [1]
Pruned:  0: (WALK DRIVER1 P0-2 S2) [1]
Pruned:  0: (WALK DRIVER1 P0-2 S2) [1]
Pruned:  0: (WALK DRIVER1 P0-2 S2) [1]
Pruned:  0: (WALK DRIVER1 P0-2 S2) [1]
Pruned:  0: (WALK DRIVER1 P0-2 S2) [1]
Pruned:  0: (WALK DRIVER1 P0-2 S2) [1]
Pruned:  0: (WALK DRIVER1 P0-2 S2) [1]
Pruned:  0: (WALK DRIVER1 P0-2 S2) [1]
Pruned:  0: (WALK DRIVER1 P0-2 S2) [1]
Pruned:  0: (WALK DRIVER1 P0-2 S2) [1]
Pruned:  0: (WALK DRIVER1 P0-2 S2) [1]
Pruned:  0: (WALK DRIVER1 P0-2 S2) [1]
Pruned:  0: (WALK DRIVER1 P0-2 S2) [1]
Pruned:  0: (WALK DRIVER1 P0-2 S2) [1]
Pruned:  0: (WALK DRIVER1 P0-2 S2) [1]
Pruned:  0: (WALK DRIVER1 P0-2 S2) [1]
Pruned:  0: (WALK DRIVER1 P0-2 S2) [1]
Pruned:  0: (WALK DRIVER1 P0-2 S2) [1]
Pruned:  0: (WALK DRIVER1 P0-2 S2) [1]
Pruned:  0: (WALK DRIVER1 P0-2 S2) [1]
Pruned:  0: (WALK DRIVER1 P0-2 S2) [1]
Pruned:  0: (WALK DRIVER1 P0-2 S2) [1]
Pruned:  0: (WALK DRIVER1 P0-2 S2) [1]
Pruned:  0: (WALK DRIVER1 P0-2 S2) [1]
Pruned:  0: (WALK DRIVER1 P0-2 S2) [1]
Pruned:  0: (WALK DRIVER1 P0-2 S2) [1]
Pruned:  0: (WALK DRIVER1 P0-2 S2) [1]
Pruned:  0: (WALK DRIVER1 P0-2 S2) [1]
Pruned:  0: (WALK DRIVER1 P0-2 S2) [1]
Pruned:  0: (WALK DRIVER1 P0-2 S2) [1]
Pruned:  0: (WALK DRIVER1 P0-2 S2) [1]
Pruned:  0: (WALK DRIVER1 P0-2 S2) [1]
Pruned:  0: (WALK DRIVER1 P0-2 S2) [1]
Pruned:  0: (WALK DRIVER1 P0-2 S2) [1]
Pruned:  0: (WALK DRIVER1 P0-2 S2) [1]
Pruned:  0: (WALK DRIVER1 P0-2 S2) [1]
Pruned:  0: (WALK DRIVER1 P0-2 S2) [1]
Pruned:  0: (WALK DRIVER1 P0-2 S2) [1]
Pruned:  0: (WALK DRIVER1 P0-2 S2) [1]
Pruned:  0: (WALK DRIVER1 P0-2 S2) [1]
Pruned:  0: (WALK DRIVER1 P0-2 S2) [1]
Pruned:  0: (WALK DRIVER1 P0-2 S2) [1]
Pruned:  0: (WALK DRIVER1 P0-2 S2) [1]
Pruned:  0: (WALK DRIVER1 P0-2 S2) [1]
Pruned:  0: (WALK DRIVER1 P0-2 S2) [1]
Pruned:  0: (WALK DRIVER1 P0-2 S2) [1]
Pruned:  0: (WALK DRIVER1 P0-2 S2) [1]
Pruned:  0: (WALK DRIVER1 P0-2 S2) [1]
Pruned:  0: (WALK DRIVER1 P0-2 S2) [1]
Pruned:  0: (WALK DRIVER1 P0-2 S2) [1]
Pruned:  0: (WALK DRIVER1 P0-2 S2) [1]
Pruned:  0: (WALK DRIVER1 P0-2 S2) [1]
Pruned:  0: (WALK DRIVER1 P0-2 S2) [1]
Pruned:  0: (WALK DRIVER1 P0-2 S2) [1]
Pruned:  0: (WALK DRIVER1 P0-2 S2) [1]
Pruned:  0: (WALK DRIVER1 P0-2 S2) [1]
Pruned:  0: (WALK DRIVER1 P0-2 S2) [1]
Pruned:  0: (WALK DRIVER1 P0-2 S2) [1]
Pruned:  0: (WALK DRIVER1 P0-2 S2) [1]
Pruned:  0: (WALK DRIVER1 P0-2 S2) [1]
Pruned:  0: (WALK DRIVER1 P0-2 S2) [1]
Pruned:  0: (WALK DRIVER1 P0-2 S2) [1]
Pruned:  0: (WALK DRIVER1 P0-2 S2) [1]
Pruned:  0: (WALK DRIVER1 P0-2 S2) [1]
Pruned:  0: (WALK DRIVER1 P0-2 S2) [1]
---SatPlan Version: 1.1
***SAT!***

Solved in 8 layers

Real Time: = 1.03
User Time: = 0.95
Syst Time: = 0.06

__MEMKB 11184
