---SatPlan Version: 1.1

bb: parsing domain file
domain 'DRIVERLOG' defined
 ... done.
bb: parsing problem file
problem 'DLOG-3-2-4' defined
 ... done.


time:   0,    11 facts and       0 exclusive pairs
              21 ops   and      21 exclusive pairs
time:   1,    21 facts and      21 exclusive pairs

creating thin gp-based encoding...
plan graph layer 0...
plan graph layer 1...
goal constraints...

goal fact not coded - level too low??


bb: parsing domain file
domain 'DRIVERLOG' defined
 ... done.
bb: parsing problem file
problem 'DLOG-3-2-4' defined
 ... done.


time:   0,    11 facts and       0 exclusive pairs
              21 ops   and      21 exclusive pairs
time:   1,    21 facts and      21 exclusive pairs
              52 ops   and     291 exclusive pairs
time:   2,    30 facts and      58 exclusive pairs

creating thin gp-based encoding...
plan graph layer 0...
plan graph layer 1...
plan graph layer 2...
goal constraints...

goal fact not coded - level too low??


bb: parsing domain file
domain 'DRIVERLOG' defined
 ... done.
bb: parsing problem file
problem 'DLOG-3-2-4' defined
 ... done.


time:   0,    11 facts and       0 exclusive pairs
              21 ops   and      21 exclusive pairs
time:   1,    21 facts and      21 exclusive pairs
              52 ops   and     291 exclusive pairs
time:   2,    30 facts and      58 exclusive pairs
              98 ops   and    1437 exclusive pairs
time:   3,    45 facts and     196 exclusive pairs

creating thin gp-based encoding...
plan graph layer 0...
plan graph layer 1...
plan graph layer 2...
plan graph layer 3...
goal constraints...

goal fact not coded - level too low??


bb: parsing domain file
domain 'DRIVERLOG' defined
 ... done.
bb: parsing problem file
problem 'DLOG-3-2-4' defined
 ... done.


time:   0,    11 facts and       0 exclusive pairs
              21 ops   and      21 exclusive pairs
time:   1,    21 facts and      21 exclusive pairs
              52 ops   and     291 exclusive pairs
time:   2,    30 facts and      58 exclusive pairs
              98 ops   and    1437 exclusive pairs
time:   3,    45 facts and     196 exclusive pairs
             151 ops   and    4234 exclusive pairs
time:   4,    45 facts and     122 exclusive pairs

creating thin gp-based encoding...
plan graph layer 0...
plan graph layer 1...
plan graph layer 2...
plan graph layer 3...
plan graph layer 4...
goal constraints...

goal fact not coded - level too low??


bb: parsing domain file
domain 'DRIVERLOG' defined
 ... done.
bb: parsing problem file
problem 'DLOG-3-2-4' defined
 ... done.


time:   0,    11 facts and       0 exclusive pairs
              21 ops   and      21 exclusive pairs
time:   1,    21 facts and      21 exclusive pairs
              52 ops   and     291 exclusive pairs
time:   2,    30 facts and      58 exclusive pairs
              98 ops   and    1437 exclusive pairs
time:   3,    45 facts and     196 exclusive pairs
             151 ops   and    4234 exclusive pairs
time:   4,    45 facts and     122 exclusive pairs
             181 ops   and    5503 exclusive pairs
time:   5,    49 facts and     121 exclusive pairs

creating thin gp-based encoding...
plan graph layer 0...
plan graph layer 1...
plan graph layer 2...
plan graph layer 3...
plan graph layer 4...
plan graph layer 5...
goal constraints...
exclusion constraints layer 0...
exclusion constraints layer 1...
exclusion constraints layer 2...
exclusion constraints layer 3...
exclusion constraints layer 4...
exclusion constraints layer 5...

DECISION LAYER 5, WRITING THIN GP-BASED ENCODING WITH 704 VARS, 4348 CLAUSES.

time spent:    0.02 seconds instantiating 256 action templates
               0.00 seconds reachability analysis, yielding 49 facts and 144 actions
               0.00 seconds collecting 49 relevant facts
               0.00 seconds building connectivity graph
               0.00 seconds building (std) graph
               0.02 seconds CNF output time
               0.04 seconds total planner time (solving not included)


***Solving***


[ filemap ]
[ extract ]

variables : 704
pure lits : 51

1-clauses : 9
2-clauses : 4198
3-clauses : 38
n-clauses : 103
discarded : 0

[ solve ]


unsatisfiable                             

[ stats ]

decisions : 22
conflicts : 6
time : ~0.01

***UNSAT***


bb: parsing domain file
domain 'DRIVERLOG' defined
 ... done.
bb: parsing problem file
problem 'DLOG-3-2-4' defined
 ... done.


time:   0,    11 facts and       0 exclusive pairs
              21 ops   and      21 exclusive pairs
time:   1,    21 facts and      21 exclusive pairs
              52 ops   and     291 exclusive pairs
time:   2,    30 facts and      58 exclusive pairs
              98 ops   and    1437 exclusive pairs
time:   3,    45 facts and     196 exclusive pairs
             151 ops   and    4234 exclusive pairs
time:   4,    45 facts and     122 exclusive pairs
             181 ops   and    5503 exclusive pairs
time:   5,    49 facts and     121 exclusive pairs
graph has leveled off at time step 6


             193 ops   and    5833 exclusive pairs
time:   6,    49 facts and     121 exclusive pairs

creating thin gp-based encoding...
plan graph layer 0...
plan graph layer 1...
plan graph layer 2...
plan graph layer 3...
plan graph layer 4...
plan graph layer 5...
plan graph layer 6...
goal constraints...
exclusion constraints layer 0...
exclusion constraints layer 1...
exclusion constraints layer 2...
exclusion constraints layer 3...
exclusion constraints layer 4...
exclusion constraints layer 5...
exclusion constraints layer 6...

DECISION LAYER 6, WRITING THIN GP-BASED ENCODING WITH 946 VARS, 6361 CLAUSES.

time spent:    0.01 seconds instantiating 256 action templates
               0.00 seconds reachability analysis, yielding 49 facts and 144 actions
               0.01 seconds collecting 49 relevant facts
               0.00 seconds building connectivity graph
               0.00 seconds building (std) graph
               0.03 seconds CNF output time
               0.05 seconds total planner time (solving not included)


***Solving***


[ filemap ]
[ extract ]

variables : 946
pure lits : 51

1-clauses : 9
2-clauses : 6162
3-clauses : 38
n-clauses : 152
discarded : 0

[ solve ]


unsatisfiable                             

[ stats ]

decisions : 271
conflicts : 34
time : ~0.01

***UNSAT***


bb: parsing domain file
domain 'DRIVERLOG' defined
 ... done.
bb: parsing problem file
problem 'DLOG-3-2-4' defined
 ... done.


time:   0,    11 facts and       0 exclusive pairs
              21 ops   and      21 exclusive pairs
time:   1,    21 facts and      21 exclusive pairs
              52 ops   and     291 exclusive pairs
time:   2,    30 facts and      58 exclusive pairs
              98 ops   and    1437 exclusive pairs
time:   3,    45 facts and     196 exclusive pairs
             151 ops   and    4234 exclusive pairs
time:   4,    45 facts and     122 exclusive pairs
             181 ops   and    5503 exclusive pairs
time:   5,    49 facts and     121 exclusive pairs
graph has leveled off at time step 6


             193 ops   and    5833 exclusive pairs
time:   6,    49 facts and     121 exclusive pairs
             193 ops   and    5833 exclusive pairs
time:   7,    49 facts and     121 exclusive pairs

creating thin gp-based encoding...
plan graph layer 0...
plan graph layer 1...
plan graph layer 2...
plan graph layer 3...
plan graph layer 4...
plan graph layer 5...
plan graph layer 6...
plan graph layer 7...
goal constraints...
exclusion constraints layer 0...
exclusion constraints layer 1...
exclusion constraints layer 2...
exclusion constraints layer 3...
exclusion constraints layer 4...
exclusion constraints layer 5...
exclusion constraints layer 6...
exclusion constraints layer 7...

DECISION LAYER 7, WRITING THIN GP-BASED ENCODING WITH 1188 VARS, 8374 CLAUSES.

time spent:    0.02 seconds instantiating 256 action templates
               0.00 seconds reachability analysis, yielding 49 facts and 144 actions
               0.00 seconds collecting 49 relevant facts
               0.00 seconds building connectivity graph
               0.00 seconds building (std) graph
               0.03 seconds CNF output time
               0.05 seconds total planner time (solving not included)


***Solving***


[ filemap ]
[ extract ]

variables : 1188
pure lits : 51

1-clauses : 9
2-clauses : 8126
3-clauses : 38
n-clauses : 201
discarded : 0

[ solve ]


satisfiable                             

[ stats ]

decisions : 940
conflicts : 155
time : ~0.013


bb: parsing domain file
domain 'DRIVERLOG' defined
 ... done.
bb: parsing problem file
problem 'DLOG-3-2-4' defined
 ... done.


time:   0,    11 facts and       0 exclusive pairs
              21 ops   and      21 exclusive pairs
time:   1,    21 facts and      21 exclusive pairs
              52 ops   and     291 exclusive pairs
time:   2,    30 facts and      58 exclusive pairs
              98 ops   and    1437 exclusive pairs
time:   3,    45 facts and     196 exclusive pairs
             151 ops   and    4234 exclusive pairs
time:   4,    45 facts and     122 exclusive pairs
             181 ops   and    5503 exclusive pairs
time:   5,    49 facts and     121 exclusive pairs
graph has leveled off at time step 6


             193 ops   and    5833 exclusive pairs
time:   6,    49 facts and     121 exclusive pairs
             193 ops   and    5833 exclusive pairs
time:   7,    49 facts and     121 exclusive pairs

creating thin gp-based encoding...
plan graph layer 0...
plan graph layer 1...
plan graph layer 2...
plan graph layer 3...
plan graph layer 4...
plan graph layer 5...
plan graph layer 6...
plan graph layer 7...
goal constraints...
exclusion constraints layer 0...
exclusion constraints layer 1...
exclusion constraints layer 2...
exclusion constraints layer 3...
exclusion constraints layer 4...
exclusion constraints layer 5...
exclusion constraints layer 6...
exclusion constraints layer 7...

DECISION LAYER 7, WRITING THIN GP-BASED ENCODING WITH 1188 VARS, 8374 CLAUSES.

time spent:    0.01 seconds instantiating 256 action templates
               0.01 seconds reachability analysis, yielding 49 facts and 144 actions
               0.00 seconds collecting 49 relevant facts
               0.00 seconds building connectivity graph
               0.00 seconds building (std) graph
               0.02 seconds CNF output time
               0.04 seconds total planner time (solving not included)

Pruned:  0: (WALK DRIVER3 P1-2 S2) [1]
Pruned:  0: (WALK DRIVER3 P1-2 S2) [1]
Pruned:  0: (WALK DRIVER3 P1-2 S2) [1]
Pruned:  0: (WALK DRIVER3 P1-2 S2) [1]
Pruned:  0: (WALK DRIVER3 P1-2 S2) [1]
Pruned:  0: (WALK DRIVER3 P1-2 S2) [1]
Pruned:  0: (WALK DRIVER3 P1-2 S2) [1]
Pruned:  0: (WALK DRIVER3 P1-2 S2) [1]
Pruned:  0: (WALK DRIVER3 P1-2 S2) [1]
Pruned:  0: (WALK DRIVER3 P1-2 S2) [1]
Pruned:  0: (WALK DRIVER3 P1-2 S2) [1]
Pruned:  0: (WALK DRIVER3 P1-2 S2) [1]
Pruned:  0: (WALK DRIVER3 P1-2 S2) [1]
Pruned:  0: (WALK DRIVER3 P1-2 S2) [1]
Pruned:  0: (WALK DRIVER3 P1-2 S2) [1]
Pruned:  0: (WALK DRIVER3 P1-2 S2) [1]
Pruned:  0: (WALK DRIVER3 P1-2 S2) [1]
Pruned:  0: (WALK DRIVER3 P1-2 S2) [1]
Pruned:  0: (WALK DRIVER3 P1-2 S2) [1]
Pruned:  0: (WALK DRIVER3 P1-2 S2) [1]
Pruned:  0: (WALK DRIVER3 P1-2 S2) [1]
Pruned:  0: (WALK DRIVER3 P1-2 S2) [1]
Pruned:  0: (WALK DRIVER3 P1-2 S2) [1]
Pruned:  0: (WALK DRIVER3 P1-2 S2) [1]
Pruned:  0: (WALK DRIVER3 P1-2 S2) [1]
Pruned:  0: (WALK DRIVER3 P1-2 S2) [1]
Pruned:  0: (WALK DRIVER3 P1-2 S2) [1]
Pruned:  0: (WALK DRIVER3 P1-2 S2) [1]
Pruned:  0: (WALK DRIVER3 P1-2 S2) [1]
Pruned:  0: (WALK DRIVER3 P1-2 S2) [1]
Pruned:  0: (WALK DRIVER3 P1-2 S2) [1]
Pruned:  0: (WALK DRIVER3 P1-2 S2) [1]
Pruned:  0: (WALK DRIVER3 P1-2 S2) [1]
Pruned:  0: (WALK DRIVER3 P1-2 S2) [1]
Pruned:  0: (WALK DRIVER3 P1-2 S2) [1]
Pruned:  0: (WALK DRIVER3 P1-2 S2) [1]
Pruned:  0: (WALK DRIVER3 P1-2 S2) [1]
Pruned:  0: (WALK DRIVER3 P1-2 S2) [1]
Pruned:  0: (WALK DRIVER3 P1-2 S2) [1]
Pruned:  0: (WALK DRIVER3 P1-2 S2) [1]
Pruned:  0: (WALK DRIVER3 P1-2 S2) [1]
Pruned:  0: (WALK DRIVER3 P1-2 S2) [1]
Pruned:  0: (WALK DRIVER3 P1-2 S2) [1]
Pruned:  0: (WALK DRIVER3 P1-2 S2) [1]
Pruned:  0: (WALK DRIVER3 P1-2 S2) [1]
Pruned:  0: (WALK DRIVER3 P1-2 S2) [1]
Pruned:  0: (WALK DRIVER3 P1-2 S2) [1]
Pruned:  0: (WALK DRIVER3 P1-2 S2) [1]
Pruned:  0: (WALK DRIVER3 P1-2 S2) [1]
Pruned:  0: (WALK DRIVER3 P1-2 S2) [1]
Pruned:  0: (WALK DRIVER3 P1-2 S2) [1]
Pruned:  0: (WALK DRIVER3 P1-2 S2) [1]
Pruned:  0: (WALK DRIVER3 P1-2 S2) [1]
Pruned:  0: (WALK DRIVER3 P1-2 S2) [1]
Pruned:  0: (WALK DRIVER3 P1-2 S2) [1]
Pruned:  0: (WALK DRIVER3 P1-2 S2) [1]
Pruned:  0: (WALK DRIVER3 P1-2 S2) [1]
Pruned:  0: (WALK DRIVER3 P1-2 S2) [1]
Pruned:  0: (WALK DRIVER3 P1-2 S2) [1]
Pruned:  0: (WALK DRIVER3 P1-2 S2) [1]
Pruned:  0: (WALK DRIVER3 P1-2 S2) [1]
Pruned:  0: (WALK DRIVER3 P1-2 S2) [1]
Pruned:  0: (WALK DRIVER3 P1-2 S2) [1]
Pruned:  0: (WALK DRIVER3 P1-2 S2) [1]
Pruned:  0: (WALK DRIVER3 P1-2 S2) [1]
Pruned:  0: (WALK DRIVER3 P1-2 S2) [1]
Pruned:  0: (WALK DRIVER3 P1-2 S2) [1]
Pruned:  0: (WALK DRIVER3 P1-2 S2) [1]
Pruned:  0: (WALK DRIVER3 P1-2 S2) [1]
Pruned:  0: (WALK DRIVER3 P1-2 S2) [1]
Pruned:  0: (WALK DRIVER3 P1-2 S2) [1]
Pruned:  0: (WALK DRIVER3 P1-2 S2) [1]
Pruned:  0: (WALK DRIVER3 P1-2 S2) [1]
Pruned:  0: (WALK DRIVER3 P1-2 S2) [1]
Pruned:  0: (WALK DRIVER3 P1-2 S2) [1]
Pruned:  0: (WALK DRIVER3 P1-2 S2) [1]
---SatPlan Version: 1.1
***SAT!***

Solved in 7 layers

Real Time: = 0.86
User Time: = 0.8
Syst Time: = 0.05

__MEMKB 11188
