---SatPlan Version: 1.1

bb: parsing domain file
domain 'DRIVERLOG' defined
 ... done.
bb: parsing problem file
problem 'DLOG-2-2-3' defined
 ... done.


time:   0,     9 facts and       0 exclusive pairs
              17 ops   and      17 exclusive pairs
time:   1,    17 facts and      17 exclusive pairs

creating thin gp-based encoding...
plan graph layer 0...
plan graph layer 1...
goal constraints...

goal fact not coded - level too low??


bb: parsing domain file
domain 'DRIVERLOG' defined
 ... done.
bb: parsing problem file
problem 'DLOG-2-2-3' defined
 ... done.


time:   0,     9 facts and       0 exclusive pairs
              17 ops   and      17 exclusive pairs
time:   1,    17 facts and      17 exclusive pairs
              41 ops   and     229 exclusive pairs
time:   2,    23 facts and      40 exclusive pairs

creating thin gp-based encoding...
plan graph layer 0...
plan graph layer 1...
plan graph layer 2...
goal constraints...

goal fact not coded - level too low??


bb: parsing domain file
domain 'DRIVERLOG' defined
 ... done.
bb: parsing problem file
problem 'DLOG-2-2-3' defined
 ... done.


time:   0,     9 facts and       0 exclusive pairs
              17 ops   and      17 exclusive pairs
time:   1,    17 facts and      17 exclusive pairs
              41 ops   and     229 exclusive pairs
time:   2,    23 facts and      40 exclusive pairs
              72 ops   and     979 exclusive pairs
time:   3,    30 facts and      80 exclusive pairs

creating thin gp-based encoding...
plan graph layer 0...
plan graph layer 1...
plan graph layer 2...
plan graph layer 3...
goal constraints...

goal fact not coded - level too low??


bb: parsing domain file
domain 'DRIVERLOG' defined
 ... done.
bb: parsing problem file
problem 'DLOG-2-2-3' defined
 ... done.


time:   0,     9 facts and       0 exclusive pairs
              17 ops   and      17 exclusive pairs
time:   1,    17 facts and      17 exclusive pairs
              41 ops   and     229 exclusive pairs
time:   2,    23 facts and      40 exclusive pairs
              72 ops   and     979 exclusive pairs
time:   3,    30 facts and      80 exclusive pairs
              96 ops   and    1809 exclusive pairs
time:   4,    32 facts and      79 exclusive pairs

creating thin gp-based encoding...
plan graph layer 0...
plan graph layer 1...
plan graph layer 2...
plan graph layer 3...
plan graph layer 4...
goal constraints...

goal fact not coded - level too low??


bb: parsing domain file
domain 'DRIVERLOG' defined
 ... done.
bb: parsing problem file
problem 'DLOG-2-2-3' defined
 ... done.


time:   0,     9 facts and       0 exclusive pairs
              17 ops   and      17 exclusive pairs
time:   1,    17 facts and      17 exclusive pairs
              41 ops   and     229 exclusive pairs
time:   2,    23 facts and      40 exclusive pairs
              72 ops   and     979 exclusive pairs
time:   3,    30 facts and      80 exclusive pairs
              96 ops   and    1809 exclusive pairs
time:   4,    32 facts and      79 exclusive pairs
             121 ops   and    2796 exclusive pairs
time:   5,    39 facts and     106 exclusive pairs

creating thin gp-based encoding...
plan graph layer 0...
plan graph layer 1...
plan graph layer 2...
plan graph layer 3...
plan graph layer 4...
plan graph layer 5...
goal constraints...
exclusion constraints layer 0...
exclusion constraints layer 1...
exclusion constraints layer 2...
exclusion constraints layer 3...
exclusion constraints layer 4...
exclusion constraints layer 5...

DECISION LAYER 5, WRITING THIN GP-BASED ENCODING WITH 497 VARS, 2440 CLAUSES.

time spent:    0.01 seconds instantiating 188 action templates
               0.00 seconds reachability analysis, yielding 39 facts and 108 actions
               0.00 seconds collecting 39 relevant facts
               0.01 seconds building connectivity graph
               0.00 seconds building (std) graph
               0.01 seconds CNF output time
               0.03 seconds total planner time (solving not included)


***Solving***


[ filemap ]
[ extract ]

variables : 497
pure lits : 41

1-clauses : 7
2-clauses : 2329
3-clauses : 42
n-clauses : 62
discarded : 0

[ solve ]


unsatisfiable                             

[ stats ]

decisions : 0
conflicts : 1
time : ~0.01

***UNSAT***


bb: parsing domain file
domain 'DRIVERLOG' defined
 ... done.
bb: parsing problem file
problem 'DLOG-2-2-3' defined
 ... done.


time:   0,     9 facts and       0 exclusive pairs
              17 ops   and      17 exclusive pairs
time:   1,    17 facts and      17 exclusive pairs
              41 ops   and     229 exclusive pairs
time:   2,    23 facts and      40 exclusive pairs
              72 ops   and     979 exclusive pairs
time:   3,    30 facts and      80 exclusive pairs
              96 ops   and    1809 exclusive pairs
time:   4,    32 facts and      79 exclusive pairs
             121 ops   and    2796 exclusive pairs
time:   5,    39 facts and     106 exclusive pairs
             145 ops   and    3779 exclusive pairs
time:   6,    39 facts and      98 exclusive pairs

creating thin gp-based encoding...
plan graph layer 0...
plan graph layer 1...
plan graph layer 2...
plan graph layer 3...
plan graph layer 4...
plan graph layer 5...
plan graph layer 6...
goal constraints...
exclusion constraints layer 0...
exclusion constraints layer 1...
exclusion constraints layer 2...
exclusion constraints layer 3...
exclusion constraints layer 4...
exclusion constraints layer 5...
exclusion constraints layer 6...

DECISION LAYER 6, WRITING THIN GP-BASED ENCODING WITH 681 VARS, 3662 CLAUSES.

time spent:    0.02 seconds instantiating 188 action templates
               0.00 seconds reachability analysis, yielding 39 facts and 108 actions
               0.00 seconds collecting 39 relevant facts
               0.00 seconds building connectivity graph
               0.00 seconds building (std) graph
               0.02 seconds CNF output time
               0.04 seconds total planner time (solving not included)


***Solving***


[ filemap ]
[ extract ]

variables : 681
pure lits : 41

1-clauses : 7
2-clauses : 3512
3-clauses : 44
n-clauses : 99
discarded : 0

[ solve ]


unsatisfiable                             

[ stats ]

decisions : 88
conflicts : 17
time : ~0.01

***UNSAT***


bb: parsing domain file
domain 'DRIVERLOG' defined
 ... done.
bb: parsing problem file
problem 'DLOG-2-2-3' defined
 ... done.


time:   0,     9 facts and       0 exclusive pairs
              17 ops   and      17 exclusive pairs
time:   1,    17 facts and      17 exclusive pairs
              41 ops   and     229 exclusive pairs
time:   2,    23 facts and      40 exclusive pairs
              72 ops   and     979 exclusive pairs
time:   3,    30 facts and      80 exclusive pairs
              96 ops   and    1809 exclusive pairs
time:   4,    32 facts and      79 exclusive pairs
             121 ops   and    2796 exclusive pairs
time:   5,    39 facts and     106 exclusive pairs
             145 ops   and    3779 exclusive pairs
time:   6,    39 facts and      98 exclusive pairs
graph has leveled off at time step 7


             147 ops   and    3728 exclusive pairs
time:   7,    39 facts and      98 exclusive pairs

creating thin gp-based encoding...
plan graph layer 0...
plan graph layer 1...
plan graph layer 2...
plan graph layer 3...
plan graph layer 4...
plan graph layer 5...
plan graph layer 6...
plan graph layer 7...
goal constraints...
exclusion constraints layer 0...
exclusion constraints layer 1...
exclusion constraints layer 2...
exclusion constraints layer 3...
exclusion constraints layer 4...
exclusion constraints layer 5...
exclusion constraints layer 6...
exclusion constraints layer 7...

DECISION LAYER 7, WRITING THIN GP-BASED ENCODING WITH 867 VARS, 4909 CLAUSES.

time spent:    0.02 seconds instantiating 188 action templates
               0.00 seconds reachability analysis, yielding 39 facts and 108 actions
               0.00 seconds collecting 39 relevant facts
               0.00 seconds building connectivity graph
               0.00 seconds building (std) graph
               0.03 seconds CNF output time
               0.05 seconds total planner time (solving not included)


***Solving***


[ filemap ]
[ extract ]

variables : 867
pure lits : 41

1-clauses : 7
2-clauses : 4720
3-clauses : 44
n-clauses : 138
discarded : 0

[ solve ]


unsatisfiable                             

[ stats ]

decisions : 324
conflicts : 52
time : ~0.01

***UNSAT***


bb: parsing domain file
domain 'DRIVERLOG' defined
 ... done.
bb: parsing problem file
problem 'DLOG-2-2-3' defined
 ... done.


time:   0,     9 facts and       0 exclusive pairs
              17 ops   and      17 exclusive pairs
time:   1,    17 facts and      17 exclusive pairs
              41 ops   and     229 exclusive pairs
time:   2,    23 facts and      40 exclusive pairs
              72 ops   and     979 exclusive pairs
time:   3,    30 facts and      80 exclusive pairs
              96 ops   and    1809 exclusive pairs
time:   4,    32 facts and      79 exclusive pairs
             121 ops   and    2796 exclusive pairs
time:   5,    39 facts and     106 exclusive pairs
             145 ops   and    3779 exclusive pairs
time:   6,    39 facts and      98 exclusive pairs
graph has leveled off at time step 7


             147 ops   and    3728 exclusive pairs
time:   7,    39 facts and      98 exclusive pairs
             147 ops   and    3728 exclusive pairs
time:   8,    39 facts and      98 exclusive pairs

creating thin gp-based encoding...
plan graph layer 0...
plan graph layer 1...
plan graph layer 2...
plan graph layer 3...
plan graph layer 4...
plan graph layer 5...
plan graph layer 6...
plan graph layer 7...
plan graph layer 8...
goal constraints...
exclusion constraints layer 0...
exclusion constraints layer 1...
exclusion constraints layer 2...
exclusion constraints layer 3...
exclusion constraints layer 4...
exclusion constraints layer 5...
exclusion constraints layer 6...
exclusion constraints layer 7...
exclusion constraints layer 8...

DECISION LAYER 8, WRITING THIN GP-BASED ENCODING WITH 1053 VARS, 6156 CLAUSES.

time spent:    0.02 seconds instantiating 188 action templates
               0.00 seconds reachability analysis, yielding 39 facts and 108 actions
               0.00 seconds collecting 39 relevant facts
               0.01 seconds building connectivity graph
               0.00 seconds building (std) graph
               0.03 seconds CNF output time
               0.06 seconds total planner time (solving not included)


***Solving***


[ filemap ]
[ extract ]

variables : 1053
pure lits : 41

1-clauses : 7
2-clauses : 5928
3-clauses : 44
n-clauses : 177
discarded : 0

[ solve ]


unsatisfiable                             

[ stats ]

decisions : 799
conflicts : 110
time : ~0.011

***UNSAT***


bb: parsing domain file
domain 'DRIVERLOG' defined
 ... done.
bb: parsing problem file
problem 'DLOG-2-2-3' defined
 ... done.


time:   0,     9 facts and       0 exclusive pairs
              17 ops   and      17 exclusive pairs
time:   1,    17 facts and      17 exclusive pairs
              41 ops   and     229 exclusive pairs
time:   2,    23 facts and      40 exclusive pairs
              72 ops   and     979 exclusive pairs
time:   3,    30 facts and      80 exclusive pairs
              96 ops   and    1809 exclusive pairs
time:   4,    32 facts and      79 exclusive pairs
             121 ops   and    2796 exclusive pairs
time:   5,    39 facts and     106 exclusive pairs
             145 ops   and    3779 exclusive pairs
time:   6,    39 facts and      98 exclusive pairs
graph has leveled off at time step 7


             147 ops   and    3728 exclusive pairs
time:   7,    39 facts and      98 exclusive pairs
             147 ops   and    3728 exclusive pairs
time:   8,    39 facts and      98 exclusive pairs
             147 ops   and    3728 exclusive pairs
time:   9,    39 facts and      98 exclusive pairs

creating thin gp-based encoding...
plan graph layer 0...
plan graph layer 1...
plan graph layer 2...
plan graph layer 3...
plan graph layer 4...
plan graph layer 5...
plan graph layer 6...
plan graph layer 7...
plan graph layer 8...
plan graph layer 9...
goal constraints...
exclusion constraints layer 0...
exclusion constraints layer 1...
exclusion constraints layer 2...
exclusion constraints layer 3...
exclusion constraints layer 4...
exclusion constraints layer 5...
exclusion constraints layer 6...
exclusion constraints layer 7...
exclusion constraints layer 8...
exclusion constraints layer 9...

DECISION LAYER 9, WRITING THIN GP-BASED ENCODING WITH 1239 VARS, 7403 CLAUSES.

time spent:    0.02 seconds instantiating 188 action templates
               0.00 seconds reachability analysis, yielding 39 facts and 108 actions
               0.00 seconds collecting 39 relevant facts
               0.00 seconds building connectivity graph
               0.00 seconds building (std) graph
               0.03 seconds CNF output time
               0.05 seconds total planner time (solving not included)


***Solving***


[ filemap ]
[ extract ]

variables : 1239
pure lits : 41

1-clauses : 7
2-clauses : 7136
3-clauses : 44
n-clauses : 216
discarded : 0

[ solve ]


satisfiable                             

[ stats ]

decisions : 779
conflicts : 78
time : ~0.011


bb: parsing domain file
domain 'DRIVERLOG' defined
 ... done.
bb: parsing problem file
problem 'DLOG-2-2-3' defined
 ... done.


time:   0,     9 facts and       0 exclusive pairs
              17 ops   and      17 exclusive pairs
time:   1,    17 facts and      17 exclusive pairs
              41 ops   and     229 exclusive pairs
time:   2,    23 facts and      40 exclusive pairs
              72 ops   and     979 exclusive pairs
time:   3,    30 facts and      80 exclusive pairs
              96 ops   and    1809 exclusive pairs
time:   4,    32 facts and      79 exclusive pairs
             121 ops   and    2796 exclusive pairs
time:   5,    39 facts and     106 exclusive pairs
             145 ops   and    3779 exclusive pairs
time:   6,    39 facts and      98 exclusive pairs
graph has leveled off at time step 7


             147 ops   and    3728 exclusive pairs
time:   7,    39 facts and      98 exclusive pairs
             147 ops   and    3728 exclusive pairs
time:   8,    39 facts and      98 exclusive pairs
             147 ops   and    3728 exclusive pairs
time:   9,    39 facts and      98 exclusive pairs

creating thin gp-based encoding...
plan graph layer 0...
plan graph layer 1...
plan graph layer 2...
plan graph layer 3...
plan graph layer 4...
plan graph layer 5...
plan graph layer 6...
plan graph layer 7...
plan graph layer 8...
plan graph layer 9...
goal constraints...
exclusion constraints layer 0...
exclusion constraints layer 1...
exclusion constraints layer 2...
exclusion constraints layer 3...
exclusion constraints layer 4...
exclusion constraints layer 5...
exclusion constraints layer 6...
exclusion constraints layer 7...
exclusion constraints layer 8...
exclusion constraints layer 9...

DECISION LAYER 9, WRITING THIN GP-BASED ENCODING WITH 1239 VARS, 7403 CLAUSES.

time spent:    0.01 seconds instantiating 188 action templates
               0.00 seconds reachability analysis, yielding 39 facts and 108 actions
               0.00 seconds collecting 39 relevant facts
               0.01 seconds building connectivity graph
               0.00 seconds building (std) graph
               0.01 seconds CNF output time
               0.03 seconds total planner time (solving not included)

Pruned:  0: (DRIVE-TRUCK TRUCK2 S0 S1 DRIVER1) [1]
Pruned:  0: (DRIVE-TRUCK TRUCK2 S0 S1 DRIVER1) [1]
Pruned:  0: (DRIVE-TRUCK TRUCK2 S0 S1 DRIVER1) [1]
Pruned:  0: (DRIVE-TRUCK TRUCK2 S0 S1 DRIVER1) [1]
Pruned:  0: (DRIVE-TRUCK TRUCK2 S0 S1 DRIVER1) [1]
Pruned:  0: (DRIVE-TRUCK TRUCK2 S0 S1 DRIVER1) [1]
Pruned:  0: (DRIVE-TRUCK TRUCK2 S0 S1 DRIVER1) [1]
Pruned:  0: (DRIVE-TRUCK TRUCK2 S0 S1 DRIVER1) [1]
Pruned:  0: (DRIVE-TRUCK TRUCK2 S0 S1 DRIVER1) [1]
Pruned:  0: (DRIVE-TRUCK TRUCK2 S0 S1 DRIVER1) [1]
Pruned:  0: (DRIVE-TRUCK TRUCK2 S0 S1 DRIVER1) [1]
Pruned:  0: (DRIVE-TRUCK TRUCK2 S0 S1 DRIVER1) [1]
Pruned:  0: (DRIVE-TRUCK TRUCK2 S0 S1 DRIVER1) [1]
Pruned:  0: (DRIVE-TRUCK TRUCK2 S0 S1 DRIVER1) [1]
Pruned:  0: (DRIVE-TRUCK TRUCK2 S0 S1 DRIVER1) [1]
Pruned:  0: (DRIVE-TRUCK TRUCK2 S0 S1 DRIVER1) [1]
Pruned:  0: (DRIVE-TRUCK TRUCK2 S0 S1 DRIVER1) [1]
Pruned:  0: (DRIVE-TRUCK TRUCK2 S0 S1 DRIVER1) [1]
Pruned:  0: (DRIVE-TRUCK TRUCK2 S0 S1 DRIVER1) [1]
Pruned:  0: (DRIVE-TRUCK TRUCK2 S0 S1 DRIVER1) [1]
Pruned:  0: (DRIVE-TRUCK TRUCK2 S0 S1 DRIVER1) [1]
Pruned:  0: (DRIVE-TRUCK TRUCK2 S0 S1 DRIVER1) [1]
Pruned:  0: (DRIVE-TRUCK TRUCK2 S0 S1 DRIVER1) [1]
Pruned:  0: (DRIVE-TRUCK TRUCK2 S0 S1 DRIVER1) [1]
Pruned:  0: (DRIVE-TRUCK TRUCK2 S0 S1 DRIVER1) [1]
Pruned:  0: (DRIVE-TRUCK TRUCK2 S0 S1 DRIVER1) [1]
Pruned:  0: (DRIVE-TRUCK TRUCK2 S0 S1 DRIVER1) [1]
Pruned:  0: (DRIVE-TRUCK TRUCK2 S0 S1 DRIVER1) [1]
Pruned:  0: (DRIVE-TRUCK TRUCK2 S0 S1 DRIVER1) [1]
Pruned:  0: (DRIVE-TRUCK TRUCK2 S0 S1 DRIVER1) [1]
Pruned:  0: (DRIVE-TRUCK TRUCK2 S0 S1 DRIVER1) [1]
Pruned:  0: (DRIVE-TRUCK TRUCK2 S0 S1 DRIVER1) [1]
Pruned:  0: (DRIVE-TRUCK TRUCK2 S0 S1 DRIVER1) [1]
Pruned:  0: (DRIVE-TRUCK TRUCK2 S0 S1 DRIVER1) [1]
Pruned:  0: (DRIVE-TRUCK TRUCK2 S0 S1 DRIVER1) [1]
Pruned:  0: (DRIVE-TRUCK TRUCK2 S0 S1 DRIVER1) [1]
Pruned:  0: (DRIVE-TRUCK TRUCK2 S0 S1 DRIVER1) [1]
Pruned:  0: (DRIVE-TRUCK TRUCK2 S0 S1 DRIVER1) [1]
Pruned:  0: (DRIVE-TRUCK TRUCK2 S0 S1 DRIVER1) [1]
Pruned:  0: (DRIVE-TRUCK TRUCK2 S0 S1 DRIVER1) [1]
Pruned:  0: (DRIVE-TRUCK TRUCK2 S0 S1 DRIVER1) [1]
Pruned:  0: (DRIVE-TRUCK TRUCK2 S0 S1 DRIVER1) [1]
Pruned:  0: (DRIVE-TRUCK TRUCK2 S0 S1 DRIVER1) [1]
Pruned:  0: (DRIVE-TRUCK TRUCK2 S0 S1 DRIVER1) [1]
Pruned:  0: (DRIVE-TRUCK TRUCK2 S0 S1 DRIVER1) [1]
Pruned:  0: (DRIVE-TRUCK TRUCK2 S0 S1 DRIVER1) [1]
Pruned:  0: (DRIVE-TRUCK TRUCK2 S0 S1 DRIVER1) [1]
Pruned:  0: (DRIVE-TRUCK TRUCK2 S0 S1 DRIVER1) [1]
Pruned:  0: (DRIVE-TRUCK TRUCK2 S0 S1 DRIVER1) [1]
Pruned:  0: (DRIVE-TRUCK TRUCK2 S0 S1 DRIVER1) [1]
Pruned:  0: (DRIVE-TRUCK TRUCK2 S0 S1 DRIVER1) [1]
Pruned:  0: (DRIVE-TRUCK TRUCK2 S0 S1 DRIVER1) [1]
Pruned:  0: (DRIVE-TRUCK TRUCK2 S0 S1 DRIVER1) [1]
Pruned:  0: (DRIVE-TRUCK TRUCK2 S0 S1 DRIVER1) [1]
Pruned:  0: (DRIVE-TRUCK TRUCK2 S0 S1 DRIVER1) [1]
Pruned:  0: (DRIVE-TRUCK TRUCK2 S0 S1 DRIVER1) [1]
Pruned:  0: (DRIVE-TRUCK TRUCK2 S0 S1 DRIVER1) [1]
Pruned:  0: (DRIVE-TRUCK TRUCK2 S0 S1 DRIVER1) [1]
Pruned:  0: (DRIVE-TRUCK TRUCK2 S0 S1 DRIVER1) [1]
Pruned:  0: (DRIVE-TRUCK TRUCK2 S0 S1 DRIVER1) [1]
Pruned:  0: (DRIVE-TRUCK TRUCK2 S0 S1 DRIVER1) [1]
Pruned:  0: (DRIVE-TRUCK TRUCK2 S0 S1 DRIVER1) [1]
Pruned:  0: (DRIVE-TRUCK TRUCK2 S0 S1 DRIVER1) [1]
Pruned:  0: (DRIVE-TRUCK TRUCK2 S0 S1 DRIVER1) [1]
Pruned:  0: (DRIVE-TRUCK TRUCK2 S0 S1 DRIVER1) [1]
Pruned:  0: (DRIVE-TRUCK TRUCK2 S0 S1 DRIVER1) [1]
Pruned:  0: (DRIVE-TRUCK TRUCK2 S0 S1 DRIVER1) [1]
Pruned:  0: (DRIVE-TRUCK TRUCK2 S0 S1 DRIVER1) [1]
Pruned:  0: (DRIVE-TRUCK TRUCK2 S0 S1 DRIVER1) [1]
Pruned:  0: (DRIVE-TRUCK TRUCK2 S0 S1 DRIVER1) [1]
Pruned:  0: (DRIVE-TRUCK TRUCK2 S0 S1 DRIVER1) [1]
Pruned:  0: (DRIVE-TRUCK TRUCK2 S0 S1 DRIVER1) [1]
Pruned:  0: (DRIVE-TRUCK TRUCK2 S0 S1 DRIVER1) [1]
Pruned:  0: (DRIVE-TRUCK TRUCK2 S0 S1 DRIVER1) [1]
Pruned:  0: (DRIVE-TRUCK TRUCK2 S0 S1 DRIVER1) [1]
Pruned:  0: (DRIVE-TRUCK TRUCK2 S0 S1 DRIVER1) [1]
Pruned:  0: (DRIVE-TRUCK TRUCK2 S0 S1 DRIVER1) [1]
Pruned:  0: (DRIVE-TRUCK TRUCK2 S0 S1 DRIVER1) [1]
Pruned:  0: (DRIVE-TRUCK TRUCK2 S0 S1 DRIVER1) [1]
Pruned:  0: (DRIVE-TRUCK TRUCK2 S0 S1 DRIVER1) [1]
---SatPlan Version: 1.1
***SAT!***

Solved in 9 layers

Real Time: = 1.27
User Time: = 1.17
Syst Time: = 0.08

__MEMKB 11140
