#
# (C) Copyright 2008, University of Illinois, Urbana-Champaign
#
# All rights reserved. Use of this software is permitted ONLY for
# non-commercial research purposes, and it may be copied only
# for that use only. All copies must include this copyright message.
# This software is made available AS IS, and neither the authors
# nor the University of Illinois, make any warranty about the
# software or its performance.
#

Parsing domain file
 domain 'MYSTERY-STRIPS' defined
Parsing problem file
 problem 'STRIPS-MYSTY-X-19' defined



checking for cyclic := effects --- OK.

Starting SGPlan search ...





Solution found.



; Time 1.66
; ParsingTime 0.02
; NrActions 7
; MakeSpan
; MetricValue
; PlanningTechnique Modified-FF(best-first search) as the subplanner

0.001: (FEAST ENTERTAINMENT LOBSTER HAROSET BAVARIA MANITOBA) [1]
1.002: (FEAST STIMULATION LAMB BEEF GOIAS BOSNIA) [1]
2.003: (OVERCOME ABRASION STIMULATION BEEF SATURN EARTH) [1]
3.004: (FEAST STIMULATION BEEF LAMB PENNSYLVANIA OREGON) [1]
4.005: (FEAST STIMULATION LAMB HAROSET OREGON GOIAS) [1]
5.006: (FEAST STIMULATION HAROSET LOBSTER BAVARIA MANITOBA) [1]
6.007: (SUCCUMB ABRASION STIMULATION LOBSTER SATURN EARTH) [1]
__MEMKB 133524
