#
# (C) Copyright 2008, University of Illinois, Urbana-Champaign
#
# All rights reserved. Use of this software is permitted ONLY for
# non-commercial research purposes, and it may be copied only
# for that use only. All copies must include this copyright message.
# This software is made available AS IS, and neither the authors
# nor the University of Illinois, make any warranty about the
# software or its performance.
#

Parsing domain file
 domain 'MYSTERY-STRIPS' defined
Parsing problem file
 problem 'STRIPS-MYSTY-X-17' defined



checking for cyclic := effects --- OK.

Starting SGPlan search ...



Solution found.



; Time 0.07
; ParsingTime 0.06
; NrActions 4
; MakeSpan
; MetricValue
; PlanningTechnique Modified-FF(enforced hill-climbing search) as the subplanner

0.001: (FEAST SATISFACTION POTATO YOGURT GUANABARA BOSNIA) [1]
1.002: (OVERCOME ABRASION SATISFACTION YOGURT MERCURY SATURN) [1]
2.003: (FEAST SATISFACTION YOGURT WONDERBREAD GUANABARA BOSNIA) [1]
3.004: (SUCCUMB ABRASION SATISFACTION WONDERBREAD MERCURY SATURN) [1]
__MEMKB 82752
