#
# (C) Copyright 2008, University of Illinois, Urbana-Champaign
#
# All rights reserved. Use of this software is permitted ONLY for
# non-commercial research purposes, and it may be copied only
# for that use only. All copies must include this copyright message.
# This software is made available AS IS, and neither the authors
# nor the University of Illinois, make any warranty about the
# software or its performance.
#

Parsing domain file
 domain 'MYSTERY-STRIPS' defined
Parsing problem file
 problem 'STRIPS-MYSTY-X-11' defined



checking for cyclic := effects --- OK.

Starting SGPlan search ...



Solution found.



; Time 0.00
; ParsingTime 0.00
; NrActions 9
; MakeSpan
; MetricValue
; PlanningTechnique Modified-FF(enforced hill-climbing search) as the subplanner

0.001: (FEAST LUBRICITY PEAR SWEETROLL QUEBEC BOSNIA) [1]
1.002: (OVERCOME LONELINESS LUBRICITY SWEETROLL URANUS SATURN) [1]
2.003: (FEAST LUBRICITY SWEETROLL PEAR ALSACE QUEBEC) [1]
3.004: (OVERCOME LACERATION LUBRICITY PEAR NEPTUNE URANUS) [1]
4.005: (FEAST LUBRICITY PEAR CHERRY ALSACE QUEBEC) [1]
5.006: (FEAST LUBRICITY CHERRY CHICKEN BOSNIA SURREY) [1]
6.007: (FEAST LUBRICITY CHICKEN SHRIMP MANITOBA KENTUCKY) [1]
7.008: (SUCCUMB LACERATION LUBRICITY SHRIMP NEPTUNE URANUS) [1]
8.009: (SUCCUMB LONELINESS LUBRICITY SHRIMP URANUS SATURN) [1]
__MEMKB 20736
