#
# (C) Copyright 2008, University of Illinois, Urbana-Champaign
#
# All rights reserved. Use of this software is permitted ONLY for
# non-commercial research purposes, and it may be copied only
# for that use only. All copies must include this copyright message.
# This software is made available AS IS, and neither the authors
# nor the University of Illinois, make any warranty about the
# software or its performance.
#

Parsing domain file
 domain 'MYSTERY-STRIPS' defined
Parsing problem file
 problem 'STRIPS-MYSTY-X-30' defined



checking for cyclic := effects --- OK.

Starting SGPlan search ...



Solution found.



; Time 0.02
; ParsingTime 0.02
; NrActions 11
; MakeSpan
; MetricValue
; PlanningTechnique Modified-FF(enforced hill-climbing search) as the subplanner

0.001: (OVERCOME BOILS EXPECTATION HAMBURGER NEPTUNE VENUS) [1]
1.002: (FEAST EXPECTATION HAMBURGER HOTDOG BOSNIA BAVARIA) [1]
2.003: (FEAST INTOXICATION BEEF HOTDOG BOSNIA BAVARIA) [1]
3.004: (FEAST EXPECTATION HOTDOG CUCUMBER MORAVIA KENTUCKY) [1]
4.005: (FEAST EXPECTATION CUCUMBER BAGUETTE BOSNIA BAVARIA) [1]
5.006: (OVERCOME DREAD EXPECTATION BAGUETTE VULCAN NEPTUNE) [1]
6.007: (FEAST EXPECTATION BAGUETTE CUCUMBER ALSACE GUANABARA) [1]
7.008: (FEAST EXPECTATION CUCUMBER HOTDOG OREGON BOSNIA) [1]
8.009: (FEAST EXPECTATION HOTDOG MUTTON BAVARIA MORAVIA) [1]
9.010: (SUCCUMB DREAD EXPECTATION MUTTON VULCAN NEPTUNE) [1]
10.011: (SUCCUMB BOILS EXPECTATION MUTTON NEPTUNE VENUS) [1]
__MEMKB 35008
