---SatPlan Version: 1.1

bb: parsing domain file
domain 'MYSTERY-STRIPS' defined
 ... done.
bb: parsing problem file
problem 'STRIPS-MYSTY-X-17' defined
 ... done.


time:   0,    52 facts and       0 exclusive pairs
              85 ops   and     115 exclusive pairs
time:   1,   102 facts and     186 exclusive pairs

creating thin gp-based encoding...
plan graph layer 0...
plan graph layer 1...
goal constraints...

goal fact not coded - level too low??


bb: parsing domain file
domain 'MYSTERY-STRIPS' defined
 ... done.
bb: parsing problem file
problem 'STRIPS-MYSTY-X-17' defined
 ... done.


time:   0,    52 facts and       0 exclusive pairs
              85 ops   and     115 exclusive pairs
time:   1,   102 facts and     186 exclusive pairs
             258 ops   and    3871 exclusive pairs
time:   2,   171 facts and     863 exclusive pairs

creating thin gp-based encoding...
plan graph layer 0...
plan graph layer 1...
plan graph layer 2...
goal constraints...

goal fact not coded - level too low??


bb: parsing domain file
domain 'MYSTERY-STRIPS' defined
 ... done.
bb: parsing problem file
problem 'STRIPS-MYSTY-X-17' defined
 ... done.


time:   0,    52 facts and       0 exclusive pairs
              85 ops   and     115 exclusive pairs
time:   1,   102 facts and     186 exclusive pairs
             258 ops   and    3871 exclusive pairs
time:   2,   171 facts and     863 exclusive pairs
             684 ops   and   38857 exclusive pairs
time:   3,   284 facts and    3075 exclusive pairs

creating thin gp-based encoding...
plan graph layer 0...
plan graph layer 1...
plan graph layer 2...
plan graph layer 3...
goal constraints...

goal fact not coded - level too low??


bb: parsing domain file
domain 'MYSTERY-STRIPS' defined
 ... done.
bb: parsing problem file
problem 'STRIPS-MYSTY-X-17' defined
 ... done.


time:   0,    52 facts and       0 exclusive pairs
              85 ops   and     115 exclusive pairs
time:   1,   102 facts and     186 exclusive pairs
             258 ops   and    3871 exclusive pairs
time:   2,   171 facts and     863 exclusive pairs
             684 ops   and   38857 exclusive pairs
time:   3,   284 facts and    3075 exclusive pairs
            1642 ops   and  267086 exclusive pairs
time:   4,   431 facts and    7122 exclusive pairs

creating thin gp-based encoding...
plan graph layer 0...
plan graph layer 1...
plan graph layer 2...
plan graph layer 3...
plan graph layer 4...
goal constraints...
exclusion constraints layer 0...
exclusion constraints layer 1...
exclusion constraints layer 2...
exclusion constraints layer 3...
exclusion constraints layer 4...

DECISION LAYER 4, WRITING THIN GP-BASED ENCODING WITH 3709 VARS, 85993 CLAUSES.

time spent:    0.00 seconds instantiating 19170 action templates
               0.01 seconds reachability analysis, yielding 732 facts and 16616 actions
               0.00 seconds collecting 730 relevant facts
               0.01 seconds building connectivity graph
               0.00 seconds building (std) graph
               0.21 seconds CNF output time
               0.23 seconds total planner time (solving not included)


***Solving***


[ filemap ]
[ extract ]

variables : 3709
pure lits : 482

1-clauses : 1
2-clauses : 85322
3-clauses : 161
n-clauses : 509
discarded : 0

[ solve ]


satisfiable                             

[ stats ]

decisions : 802
conflicts : 23
time : ~0.01


bb: parsing domain file
domain 'MYSTERY-STRIPS' defined
 ... done.
bb: parsing problem file
problem 'STRIPS-MYSTY-X-17' defined
 ... done.


time:   0,    52 facts and       0 exclusive pairs
              85 ops   and     115 exclusive pairs
time:   1,   102 facts and     186 exclusive pairs
             258 ops   and    3871 exclusive pairs
time:   2,   171 facts and     863 exclusive pairs
             684 ops   and   38857 exclusive pairs
time:   3,   284 facts and    3075 exclusive pairs
            1642 ops   and  267086 exclusive pairs
time:   4,   431 facts and    7122 exclusive pairs

creating thin gp-based encoding...
plan graph layer 0...
plan graph layer 1...
plan graph layer 2...
plan graph layer 3...
plan graph layer 4...
goal constraints...
exclusion constraints layer 0...
exclusion constraints layer 1...
exclusion constraints layer 2...
exclusion constraints layer 3...
exclusion constraints layer 4...

DECISION LAYER 4, WRITING THIN GP-BASED ENCODING WITH 3709 VARS, 85993 CLAUSES.

time spent:    0.00 seconds instantiating 19170 action templates
               0.01 seconds reachability analysis, yielding 732 facts and 16616 actions
               0.01 seconds collecting 730 relevant facts
               0.00 seconds building connectivity graph
               0.00 seconds building (std) graph
               0.19 seconds CNF output time
               0.21 seconds total planner time (solving not included)

Pruned:  0: (OVERCOME DREAD SATISFACTION ENDIVE SATURN EARTH) [1]
Pruned:  0: (OVERCOME DREAD SATISFACTION ENDIVE SATURN EARTH) [1]
Pruned:  0: (OVERCOME DREAD SATISFACTION ENDIVE SATURN EARTH) [1]
Pruned:  0: (OVERCOME DREAD SATISFACTION ENDIVE SATURN EARTH) [1]
Pruned:  0: (OVERCOME DREAD SATISFACTION ENDIVE SATURN EARTH) [1]
Pruned:  0: (OVERCOME DREAD SATISFACTION ENDIVE SATURN EARTH) [1]
Pruned:  0: (OVERCOME DREAD SATISFACTION ENDIVE SATURN EARTH) [1]
Pruned:  0: (OVERCOME DREAD SATISFACTION ENDIVE SATURN EARTH) [1]
Pruned:  0: (OVERCOME DREAD SATISFACTION ENDIVE SATURN EARTH) [1]
Pruned:  0: (OVERCOME DREAD SATISFACTION ENDIVE SATURN EARTH) [1]
Pruned:  0: (OVERCOME DREAD SATISFACTION ENDIVE SATURN EARTH) [1]
Pruned:  0: (OVERCOME DREAD SATISFACTION ENDIVE SATURN EARTH) [1]
Pruned:  0: (OVERCOME DREAD SATISFACTION ENDIVE SATURN EARTH) [1]
Pruned:  0: (OVERCOME DREAD SATISFACTION ENDIVE SATURN EARTH) [1]
Pruned:  0: (OVERCOME DREAD SATISFACTION ENDIVE SATURN EARTH) [1]
Pruned:  0: (OVERCOME DREAD SATISFACTION ENDIVE SATURN EARTH) [1]
Pruned:  0: (OVERCOME DREAD SATISFACTION ENDIVE SATURN EARTH) [1]
Pruned:  0: (OVERCOME DREAD SATISFACTION ENDIVE SATURN EARTH) [1]
Pruned:  0: (OVERCOME DREAD SATISFACTION ENDIVE SATURN EARTH) [1]
Pruned:  0: (OVERCOME DREAD SATISFACTION ENDIVE SATURN EARTH) [1]
Pruned:  0: (OVERCOME DREAD SATISFACTION ENDIVE SATURN EARTH) [1]
Pruned:  0: (OVERCOME DREAD SATISFACTION ENDIVE SATURN EARTH) [1]
Pruned:  0: (OVERCOME DREAD SATISFACTION ENDIVE SATURN EARTH) [1]
Pruned:  0: (OVERCOME DREAD SATISFACTION ENDIVE SATURN EARTH) [1]
Pruned:  0: (OVERCOME DREAD SATISFACTION ENDIVE SATURN EARTH) [1]
Pruned:  0: (OVERCOME DREAD SATISFACTION ENDIVE SATURN EARTH) [1]
Pruned:  0: (OVERCOME DREAD SATISFACTION ENDIVE SATURN EARTH) [1]
Pruned:  0: (OVERCOME DREAD SATISFACTION ENDIVE SATURN EARTH) [1]
Pruned:  0: (OVERCOME DREAD SATISFACTION ENDIVE SATURN EARTH) [1]
Pruned:  0: (OVERCOME DREAD SATISFACTION ENDIVE SATURN EARTH) [1]
Pruned:  0: (OVERCOME DREAD SATISFACTION ENDIVE SATURN EARTH) [1]
Pruned:  0: (OVERCOME DREAD SATISFACTION ENDIVE SATURN EARTH) [1]
Pruned:  0: (OVERCOME DREAD SATISFACTION ENDIVE SATURN EARTH) [1]
Pruned:  0: (OVERCOME DREAD SATISFACTION ENDIVE SATURN EARTH) [1]
Pruned:  0: (OVERCOME DREAD SATISFACTION ENDIVE SATURN EARTH) [1]
Pruned:  0: (OVERCOME DREAD SATISFACTION ENDIVE SATURN EARTH) [1]
Pruned:  0: (OVERCOME DREAD SATISFACTION ENDIVE SATURN EARTH) [1]
Pruned:  0: (OVERCOME DREAD SATISFACTION ENDIVE SATURN EARTH) [1]
Pruned:  0: (OVERCOME DREAD SATISFACTION ENDIVE SATURN EARTH) [1]
Pruned:  0: (OVERCOME DREAD SATISFACTION ENDIVE SATURN EARTH) [1]
Pruned:  0: (OVERCOME DREAD SATISFACTION ENDIVE SATURN EARTH) [1]
Pruned:  0: (OVERCOME DREAD SATISFACTION ENDIVE SATURN EARTH) [1]
Pruned:  0: (OVERCOME DREAD SATISFACTION ENDIVE SATURN EARTH) [1]
Pruned:  0: (OVERCOME DREAD SATISFACTION ENDIVE SATURN EARTH) [1]
Pruned:  0: (OVERCOME DREAD SATISFACTION ENDIVE SATURN EARTH) [1]
Pruned:  0: (OVERCOME DREAD SATISFACTION ENDIVE SATURN EARTH) [1]
Pruned:  0: (OVERCOME DREAD SATISFACTION ENDIVE SATURN EARTH) [1]
Pruned:  0: (OVERCOME DREAD SATISFACTION ENDIVE SATURN EARTH) [1]
Pruned:  0: (OVERCOME DREAD SATISFACTION ENDIVE SATURN EARTH) [1]
Pruned:  0: (OVERCOME DREAD SATISFACTION ENDIVE SATURN EARTH) [1]
Pruned:  0: (OVERCOME DREAD SATISFACTION ENDIVE SATURN EARTH) [1]
Pruned:  0: (OVERCOME DREAD SATISFACTION ENDIVE SATURN EARTH) [1]
Pruned:  0: (FEAST ACHIEVEMENT ENDIVE WURST BOSNIA ALSACE) [1]
Pruned:  0: (FEAST EXCITEMENT PAPAYA WURST BOSNIA ALSACE) [1]
Pruned:  0: (FEAST LOVE RICE PAPAYA BOSNIA ALSACE) [1]
Pruned:  0: (FEAST LUBRICITY SHRIMP TURKEY BOSNIA ALSACE) [1]
Pruned:  0: (FEAST INTOXICATION ARUGULA WONDERBREAD ALSACE SURREY) [1]
Pruned:  0: (FEAST SATIETY CHERRY ENDIVE BOSNIA ALSACE) [1]
Pruned:  0: (OVERCOME DREAD SATISFACTION ENDIVE SATURN EARTH) [1]
Pruned:  0: (OVERCOME DREAD SATISFACTION ENDIVE SATURN EARTH) [1]
Pruned:  0: (OVERCOME DREAD SATISFACTION ENDIVE SATURN EARTH) [1]
Pruned:  0: (OVERCOME DREAD SATISFACTION ENDIVE SATURN EARTH) [1]
Pruned:  0: (OVERCOME DREAD SATISFACTION ENDIVE SATURN EARTH) [1]
Pruned:  0: (OVERCOME DREAD SATISFACTION ENDIVE SATURN EARTH) [1]
Pruned:  0: (OVERCOME DREAD SATISFACTION ENDIVE SATURN EARTH) [1]
Pruned:  0: (OVERCOME DREAD SATISFACTION ENDIVE SATURN EARTH) [1]
Pruned:  0: (OVERCOME DREAD SATISFACTION ENDIVE SATURN EARTH) [1]
Pruned:  0: (OVERCOME DREAD SATISFACTION ENDIVE SATURN EARTH) [1]
Pruned:  0: (OVERCOME DREAD SATISFACTION ENDIVE SATURN EARTH) [1]
Pruned:  0: (OVERCOME DREAD SATISFACTION ENDIVE SATURN EARTH) [1]
Pruned:  0: (OVERCOME DREAD SATISFACTION ENDIVE SATURN EARTH) [1]
Pruned:  0: (OVERCOME DREAD SATISFACTION ENDIVE SATURN EARTH) [1]
Pruned:  0: (OVERCOME DREAD SATISFACTION ENDIVE SATURN EARTH) [1]
Pruned:  0: (OVERCOME DREAD SATISFACTION ENDIVE SATURN EARTH) [1]
Pruned:  0: (OVERCOME DREAD SATISFACTION ENDIVE SATURN EARTH) [1]
Pruned:  0: (OVERCOME DREAD SATISFACTION ENDIVE SATURN EARTH) [1]
Pruned:  0: (OVERCOME DREAD SATISFACTION ENDIVE SATURN EARTH) [1]
Pruned:  0: (OVERCOME DREAD SATISFACTION ENDIVE SATURN EARTH) [1]
Pruned:  0: (OVERCOME DREAD SATISFACTION ENDIVE SATURN EARTH) [1]
Pruned:  0: (OVERCOME DREAD SATISFACTION ENDIVE SATURN EARTH) [1]
Pruned:  0: (OVERCOME DREAD SATISFACTION ENDIVE SATURN EARTH) [1]
Pruned:  0: (OVERCOME DREAD SATISFACTION ENDIVE SATURN EARTH) [1]
Pruned:  0: (OVERCOME DREAD SATISFACTION ENDIVE SATURN EARTH) [1]
Pruned:  0: (OVERCOME DREAD SATISFACTION ENDIVE SATURN EARTH) [1]
Pruned:  0: (OVERCOME DREAD SATISFACTION ENDIVE SATURN EARTH) [1]
Pruned:  0: (OVERCOME DREAD SATISFACTION ENDIVE SATURN EARTH) [1]
Pruned:  0: (OVERCOME DREAD SATISFACTION ENDIVE SATURN EARTH) [1]
Pruned:  0: (OVERCOME DREAD SATISFACTION ENDIVE SATURN EARTH) [1]
Pruned:  0: (OVERCOME DREAD SATISFACTION ENDIVE SATURN EARTH) [1]
Pruned:  0: (OVERCOME DREAD SATISFACTION ENDIVE SATURN EARTH) [1]
Pruned:  0: (OVERCOME DREAD SATISFACTION ENDIVE SATURN EARTH) [1]
Pruned:  0: (OVERCOME DREAD SATISFACTION ENDIVE SATURN EARTH) [1]
Pruned:  0: (OVERCOME DREAD SATISFACTION ENDIVE SATURN EARTH) [1]
Pruned:  0: (OVERCOME DREAD SATISFACTION ENDIVE SATURN EARTH) [1]
Pruned:  0: (OVERCOME DREAD SATISFACTION ENDIVE SATURN EARTH) [1]
Pruned:  0: (OVERCOME DREAD SATISFACTION ENDIVE SATURN EARTH) [1]
Pruned:  0: (OVERCOME DREAD SATISFACTION ENDIVE SATURN EARTH) [1]
Pruned:  0: (OVERCOME DREAD SATISFACTION ENDIVE SATURN EARTH) [1]
Pruned:  0: (OVERCOME DREAD SATISFACTION ENDIVE SATURN EARTH) [1]
Pruned:  0: (OVERCOME DREAD SATISFACTION ENDIVE SATURN EARTH) [1]
Pruned:  0: (OVERCOME DREAD SATISFACTION ENDIVE SATURN EARTH) [1]
Pruned:  0: (OVERCOME DREAD SATISFACTION ENDIVE SATURN EARTH) [1]
Pruned:  0: (OVERCOME DREAD SATISFACTION ENDIVE SATURN EARTH) [1]
Pruned:  0: (OVERCOME DREAD SATISFACTION ENDIVE SATURN EARTH) [1]
Pruned:  0: (OVERCOME DREAD SATISFACTION ENDIVE SATURN EARTH) [1]
Pruned:  0: (OVERCOME DREAD SATISFACTION ENDIVE SATURN EARTH) [1]
Pruned:  0: (OVERCOME DREAD SATISFACTION ENDIVE SATURN EARTH) [1]
Pruned:  0: (OVERCOME DREAD SATISFACTION ENDIVE SATURN EARTH) [1]
Pruned:  0: (OVERCOME DREAD SATISFACTION ENDIVE SATURN EARTH) [1]
Pruned:  0: (OVERCOME DREAD SATISFACTION ENDIVE SATURN EARTH) [1]
Pruned:  0: (OVERCOME DREAD SATISFACTION ENDIVE SATURN EARTH) [1]
Pruned:  0: (OVERCOME DREAD SATISFACTION ENDIVE SATURN EARTH) [1]
Pruned:  0: (OVERCOME DREAD SATISFACTION ENDIVE SATURN EARTH) [1]
Pruned:  0: (OVERCOME DREAD SATISFACTION ENDIVE SATURN EARTH) [1]
Pruned:  0: (OVERCOME DREAD SATISFACTION ENDIVE SATURN EARTH) [1]
Pruned:  0: (OVERCOME DREAD SATISFACTION ENDIVE SATURN EARTH) [1]
Pruned:  0: (OVERCOME DREAD SATISFACTION ENDIVE SATURN EARTH) [1]
Pruned:  0: (OVERCOME DREAD SATISFACTION ENDIVE SATURN EARTH) [1]
Pruned:  0: (OVERCOME DREAD SATISFACTION ENDIVE SATURN EARTH) [1]
Pruned:  0: (OVERCOME DREAD SATISFACTION ENDIVE SATURN EARTH) [1]
Pruned:  0: (OVERCOME DREAD SATISFACTION ENDIVE SATURN EARTH) [1]
Pruned:  0: (OVERCOME DREAD SATISFACTION ENDIVE SATURN EARTH) [1]
Pruned:  0: (OVERCOME DREAD SATISFACTION ENDIVE SATURN EARTH) [1]
Pruned:  0: (OVERCOME DREAD SATISFACTION ENDIVE SATURN EARTH) [1]
Pruned:  0: (OVERCOME DREAD SATISFACTION ENDIVE SATURN EARTH) [1]
Pruned:  0: (OVERCOME DREAD SATISFACTION ENDIVE SATURN EARTH) [1]
Pruned:  0: (OVERCOME DREAD SATISFACTION ENDIVE SATURN EARTH) [1]
Pruned:  1: (FEAST LUBRICITY TURKEY HAROSET GOIAS BAVARIA) [1]
Pruned:  1: (FEAST SATIETY ENDIVE WURST GUANABARA BOSNIA) [1]
Pruned:  1: (FEAST LOVE PAPAYA WURST GUANABARA BOSNIA) [1]
Pruned:  1: (FEAST INTOXICATION WONDERBREAD HAM BOSNIA ALSACE) [1]
Pruned:  1: (FEAST REST HAM WONDERBREAD BAVARIA GUANABARA) [1]
Pruned:  2: (FEAST REST WONDERBREAD ARUGULA GUANABARA BOSNIA) [1]
Pruned:  2: (OVERCOME PROSTATITIS LOVE WURST EARTH URANUS) [1]
Pruned:  2: (OVERCOME LONELINESS-3 INTOXICATION HAM EARTH URANUS) [1]
Pruned:  2: (OVERCOME DEPRESSION-7 LUBRICITY HAROSET EARTH URANUS) [1]
---SatPlan Version: 1.1
***SAT!***

Solved in 4 layers

Real Time: = 0.65
User Time: = 0.5
Syst Time: = 0.13

__MEMKB 55936
