---SatPlan Version: 1.1

bb: parsing domain file
domain 'MYSTERY-STRIPS' defined
 ... done.
bb: parsing problem file
problem 'STRIPS-MYSTY-X-2' defined
 ... done.


time:   0,    35 facts and       0 exclusive pairs
              55 ops   and      82 exclusive pairs
time:   1,    63 facts and     119 exclusive pairs

creating thin gp-based encoding...
plan graph layer 0...
plan graph layer 1...
goal constraints...

goal fact not coded - level too low??


bb: parsing domain file
domain 'MYSTERY-STRIPS' defined
 ... done.
bb: parsing problem file
problem 'STRIPS-MYSTY-X-2' defined
 ... done.


time:   0,    35 facts and       0 exclusive pairs
              55 ops   and      82 exclusive pairs
time:   1,    63 facts and     119 exclusive pairs
             168 ops   and    2867 exclusive pairs
time:   2,   110 facts and     652 exclusive pairs

creating thin gp-based encoding...
plan graph layer 0...
plan graph layer 1...
plan graph layer 2...
goal constraints...

goal fact not coded - level too low??


bb: parsing domain file
domain 'MYSTERY-STRIPS' defined
 ... done.
bb: parsing problem file
problem 'STRIPS-MYSTY-X-2' defined
 ... done.


time:   0,    35 facts and       0 exclusive pairs
              55 ops   and      82 exclusive pairs
time:   1,    63 facts and     119 exclusive pairs
             168 ops   and    2867 exclusive pairs
time:   2,   110 facts and     652 exclusive pairs
             451 ops   and   27510 exclusive pairs
time:   3,   182 facts and    2342 exclusive pairs

creating thin gp-based encoding...
plan graph layer 0...
plan graph layer 1...
plan graph layer 2...
plan graph layer 3...
goal constraints...

goal fact not coded - level too low??


bb: parsing domain file
domain 'MYSTERY-STRIPS' defined
 ... done.
bb: parsing problem file
problem 'STRIPS-MYSTY-X-2' defined
 ... done.


time:   0,    35 facts and       0 exclusive pairs
              55 ops   and      82 exclusive pairs
time:   1,    63 facts and     119 exclusive pairs
             168 ops   and    2867 exclusive pairs
time:   2,   110 facts and     652 exclusive pairs
             451 ops   and   27510 exclusive pairs
time:   3,   182 facts and    2342 exclusive pairs
            1005 ops   and  159984 exclusive pairs
time:   4,   256 facts and    2604 exclusive pairs

creating thin gp-based encoding...
plan graph layer 0...
plan graph layer 1...
plan graph layer 2...
plan graph layer 3...
plan graph layer 4...
goal constraints...

goal fact not coded - level too low??


bb: parsing domain file
domain 'MYSTERY-STRIPS' defined
 ... done.
bb: parsing problem file
problem 'STRIPS-MYSTY-X-2' defined
 ... done.


time:   0,    35 facts and       0 exclusive pairs
              55 ops   and      82 exclusive pairs
time:   1,    63 facts and     119 exclusive pairs
             168 ops   and    2867 exclusive pairs
time:   2,   110 facts and     652 exclusive pairs
             451 ops   and   27510 exclusive pairs
time:   3,   182 facts and    2342 exclusive pairs
            1005 ops   and  159984 exclusive pairs
time:   4,   256 facts and    2604 exclusive pairs
            2272 ops   and  810013 exclusive pairs
time:   5,   290 facts and    1784 exclusive pairs

creating thin gp-based encoding...
plan graph layer 0...
plan graph layer 1...
plan graph layer 2...
plan graph layer 3...
plan graph layer 4...
plan graph layer 5...
goal constraints...
exclusion constraints layer 0...
exclusion constraints layer 1...
exclusion constraints layer 2...
exclusion constraints layer 3...
exclusion constraints layer 4...
exclusion constraints layer 5...

DECISION LAYER 5, WRITING THIN GP-BASED ENCODING WITH 4887 VARS, 436688 CLAUSES.

time spent:    0.00 seconds instantiating 3680 action templates
               0.00 seconds reachability analysis, yielding 292 facts and 3596 actions
               0.00 seconds collecting 292 relevant facts
               0.00 seconds building connectivity graph
               0.00 seconds building (std) graph
               0.26 seconds CNF output time
               0.26 seconds total planner time (solving not included)


***Solving***


[ filemap ]
[ extract ]

variables : 4887
pure lits : 323

1-clauses : 2
2-clauses : 436001
3-clauses : 68
n-clauses : 617
discarded : 0

[ solve ]


satisfiable                             

[ stats ]

decisions : 4145
conflicts : 70
time : ~0.01


bb: parsing domain file
domain 'MYSTERY-STRIPS' defined
 ... done.
bb: parsing problem file
problem 'STRIPS-MYSTY-X-2' defined
 ... done.


time:   0,    35 facts and       0 exclusive pairs
              55 ops   and      82 exclusive pairs
time:   1,    63 facts and     119 exclusive pairs
             168 ops   and    2867 exclusive pairs
time:   2,   110 facts and     652 exclusive pairs
             451 ops   and   27510 exclusive pairs
time:   3,   182 facts and    2342 exclusive pairs
            1005 ops   and  159984 exclusive pairs
time:   4,   256 facts and    2604 exclusive pairs
            2272 ops   and  810013 exclusive pairs
time:   5,   290 facts and    1784 exclusive pairs

creating thin gp-based encoding...
plan graph layer 0...
plan graph layer 1...
plan graph layer 2...
plan graph layer 3...
plan graph layer 4...
plan graph layer 5...
goal constraints...
exclusion constraints layer 0...
exclusion constraints layer 1...
exclusion constraints layer 2...
exclusion constraints layer 3...
exclusion constraints layer 4...
exclusion constraints layer 5...

DECISION LAYER 5, WRITING THIN GP-BASED ENCODING WITH 4887 VARS, 436688 CLAUSES.

time spent:    0.00 seconds instantiating 3680 action templates
               0.00 seconds reachability analysis, yielding 292 facts and 3596 actions
               0.00 seconds collecting 292 relevant facts
               0.00 seconds building connectivity graph
               0.00 seconds building (std) graph
               0.21 seconds CNF output time
               0.21 seconds total planner time (solving not included)

Pruned:  0: (OVERCOME ANGER SATIETY ONION MERCURY VULCAN) [1]
Pruned:  0: (OVERCOME ANGER SATIETY ONION MERCURY VULCAN) [1]
Pruned:  0: (OVERCOME ANGER SATIETY ONION MERCURY VULCAN) [1]
Pruned:  0: (OVERCOME ANGER SATIETY ONION MERCURY VULCAN) [1]
Pruned:  0: (OVERCOME ANGER SATIETY ONION MERCURY VULCAN) [1]
Pruned:  0: (OVERCOME ANGER SATIETY ONION MERCURY VULCAN) [1]
Pruned:  0: (OVERCOME ANGER SATIETY ONION MERCURY VULCAN) [1]
Pruned:  0: (OVERCOME ANGER SATIETY ONION MERCURY VULCAN) [1]
Pruned:  0: (OVERCOME ANGER SATIETY ONION MERCURY VULCAN) [1]
Pruned:  0: (OVERCOME ANGER SATIETY ONION MERCURY VULCAN) [1]
Pruned:  0: (OVERCOME ANGER SATIETY ONION MERCURY VULCAN) [1]
Pruned:  0: (OVERCOME ANGER SATIETY ONION MERCURY VULCAN) [1]
Pruned:  0: (OVERCOME ANGER SATIETY ONION MERCURY VULCAN) [1]
Pruned:  0: (OVERCOME ANGER SATIETY ONION MERCURY VULCAN) [1]
Pruned:  0: (OVERCOME ANGER SATIETY ONION MERCURY VULCAN) [1]
Pruned:  0: (OVERCOME ANGER SATIETY ONION MERCURY VULCAN) [1]
Pruned:  0: (OVERCOME ANGER SATIETY ONION MERCURY VULCAN) [1]
Pruned:  0: (OVERCOME ANGER SATIETY ONION MERCURY VULCAN) [1]
Pruned:  0: (OVERCOME ANGER SATIETY ONION MERCURY VULCAN) [1]
Pruned:  0: (OVERCOME ANGER SATIETY ONION MERCURY VULCAN) [1]
Pruned:  0: (OVERCOME ANGER SATIETY ONION MERCURY VULCAN) [1]
Pruned:  0: (OVERCOME ANGER SATIETY ONION MERCURY VULCAN) [1]
Pruned:  0: (OVERCOME ANGER SATIETY ONION MERCURY VULCAN) [1]
Pruned:  0: (OVERCOME ANGER SATIETY ONION MERCURY VULCAN) [1]
Pruned:  0: (OVERCOME ANGER SATIETY ONION MERCURY VULCAN) [1]
Pruned:  0: (OVERCOME ANGER SATIETY ONION MERCURY VULCAN) [1]
Pruned:  0: (OVERCOME ANGER SATIETY ONION MERCURY VULCAN) [1]
Pruned:  0: (OVERCOME ANGER SATIETY ONION MERCURY VULCAN) [1]
Pruned:  0: (OVERCOME ANGER SATIETY ONION MERCURY VULCAN) [1]
Pruned:  0: (OVERCOME ANGER SATIETY ONION MERCURY VULCAN) [1]
Pruned:  0: (OVERCOME ANGER SATIETY ONION MERCURY VULCAN) [1]
Pruned:  0: (OVERCOME ANGER SATIETY ONION MERCURY VULCAN) [1]
Pruned:  0: (OVERCOME ANGER SATIETY ONION MERCURY VULCAN) [1]
Pruned:  0: (OVERCOME ANGER SATIETY ONION MERCURY VULCAN) [1]
Pruned:  0: (OVERCOME ANGER SATIETY ONION MERCURY VULCAN) [1]
Pruned:  0: (FEAST CURIOSITY CHERRY FLOUNDER BOSNIA SURREY) [1]
Pruned:  0: (FEAST STIMULATION FLOUNDER CHERRY ARIZONA KENTUCKY) [1]
Pruned:  0: (OVERCOME ANGER SATIETY ONION MERCURY VULCAN) [1]
Pruned:  0: (OVERCOME ANGER SATIETY ONION MERCURY VULCAN) [1]
Pruned:  0: (OVERCOME ANGER SATIETY ONION MERCURY VULCAN) [1]
Pruned:  0: (OVERCOME ANGER SATIETY ONION MERCURY VULCAN) [1]
Pruned:  0: (OVERCOME ANGER SATIETY ONION MERCURY VULCAN) [1]
Pruned:  0: (OVERCOME ANGER SATIETY ONION MERCURY VULCAN) [1]
Pruned:  0: (OVERCOME ANGER SATIETY ONION MERCURY VULCAN) [1]
Pruned:  0: (OVERCOME ANGER SATIETY ONION MERCURY VULCAN) [1]
Pruned:  0: (OVERCOME ANGER SATIETY ONION MERCURY VULCAN) [1]
Pruned:  0: (OVERCOME ANGER SATIETY ONION MERCURY VULCAN) [1]
Pruned:  0: (OVERCOME ANGER SATIETY ONION MERCURY VULCAN) [1]
Pruned:  0: (OVERCOME ANGER SATIETY ONION MERCURY VULCAN) [1]
Pruned:  0: (OVERCOME ANGER SATIETY ONION MERCURY VULCAN) [1]
Pruned:  0: (OVERCOME ANGER SATIETY ONION MERCURY VULCAN) [1]
Pruned:  0: (OVERCOME ANGER SATIETY ONION MERCURY VULCAN) [1]
Pruned:  0: (OVERCOME ANGER SATIETY ONION MERCURY VULCAN) [1]
Pruned:  0: (OVERCOME ANGER SATIETY ONION MERCURY VULCAN) [1]
Pruned:  0: (OVERCOME ANGER SATIETY ONION MERCURY VULCAN) [1]
Pruned:  0: (OVERCOME ANGER SATIETY ONION MERCURY VULCAN) [1]
Pruned:  0: (OVERCOME ANGER SATIETY ONION MERCURY VULCAN) [1]
Pruned:  0: (OVERCOME ANGER SATIETY ONION MERCURY VULCAN) [1]
Pruned:  0: (OVERCOME ANGER SATIETY ONION MERCURY VULCAN) [1]
Pruned:  0: (OVERCOME ANGER SATIETY ONION MERCURY VULCAN) [1]
Pruned:  0: (OVERCOME ANGER SATIETY ONION MERCURY VULCAN) [1]
Pruned:  0: (OVERCOME ANGER SATIETY ONION MERCURY VULCAN) [1]
Pruned:  0: (OVERCOME ANGER SATIETY ONION MERCURY VULCAN) [1]
Pruned:  0: (OVERCOME ANGER SATIETY ONION MERCURY VULCAN) [1]
Pruned:  0: (OVERCOME ANGER SATIETY ONION MERCURY VULCAN) [1]
Pruned:  0: (OVERCOME ANGER SATIETY ONION MERCURY VULCAN) [1]
Pruned:  0: (OVERCOME ANGER SATIETY ONION MERCURY VULCAN) [1]
Pruned:  0: (OVERCOME ANGER SATIETY ONION MERCURY VULCAN) [1]
Pruned:  0: (OVERCOME ANGER SATIETY ONION MERCURY VULCAN) [1]
Pruned:  0: (OVERCOME ANGER SATIETY ONION MERCURY VULCAN) [1]
Pruned:  0: (OVERCOME ANGER SATIETY ONION MERCURY VULCAN) [1]
Pruned:  0: (OVERCOME ANGER SATIETY ONION MERCURY VULCAN) [1]
Pruned:  0: (OVERCOME ANGER SATIETY ONION MERCURY VULCAN) [1]
Pruned:  0: (OVERCOME ANGER SATIETY ONION MERCURY VULCAN) [1]
Pruned:  0: (OVERCOME ANGER SATIETY ONION MERCURY VULCAN) [1]
Pruned:  0: (OVERCOME ANGER SATIETY ONION MERCURY VULCAN) [1]
Pruned:  0: (OVERCOME ANGER SATIETY ONION MERCURY VULCAN) [1]
Pruned:  0: (OVERCOME ANGER SATIETY ONION MERCURY VULCAN) [1]
Pruned:  0: (OVERCOME ANGER SATIETY ONION MERCURY VULCAN) [1]
Pruned:  0: (OVERCOME ANGER SATIETY ONION MERCURY VULCAN) [1]
Pruned:  0: (OVERCOME ANGER SATIETY ONION MERCURY VULCAN) [1]
Pruned:  0: (OVERCOME ANGER SATIETY ONION MERCURY VULCAN) [1]
Pruned:  0: (OVERCOME ANGER SATIETY ONION MERCURY VULCAN) [1]
Pruned:  0: (OVERCOME ANGER SATIETY ONION MERCURY VULCAN) [1]
Pruned:  0: (OVERCOME ANGER SATIETY ONION MERCURY VULCAN) [1]
Pruned:  0: (OVERCOME ANGER SATIETY ONION MERCURY VULCAN) [1]
Pruned:  0: (OVERCOME ANGER SATIETY ONION MERCURY VULCAN) [1]
Pruned:  0: (OVERCOME ANGER SATIETY ONION MERCURY VULCAN) [1]
Pruned:  0: (OVERCOME ANGER SATIETY ONION MERCURY VULCAN) [1]
Pruned:  0: (OVERCOME ANGER SATIETY ONION MERCURY VULCAN) [1]
Pruned:  0: (OVERCOME ANGER SATIETY ONION MERCURY VULCAN) [1]
Pruned:  0: (OVERCOME ANGER SATIETY ONION MERCURY VULCAN) [1]
Pruned:  0: (OVERCOME ANGER SATIETY ONION MERCURY VULCAN) [1]
Pruned:  0: (OVERCOME ANGER SATIETY ONION MERCURY VULCAN) [1]
Pruned:  0: (OVERCOME ANGER SATIETY ONION MERCURY VULCAN) [1]
Pruned:  0: (OVERCOME ANGER SATIETY ONION MERCURY VULCAN) [1]
Pruned:  0: (OVERCOME ANGER SATIETY ONION MERCURY VULCAN) [1]
Pruned:  0: (OVERCOME ANGER SATIETY ONION MERCURY VULCAN) [1]
Pruned:  0: (OVERCOME ANGER SATIETY ONION MERCURY VULCAN) [1]
Pruned:  0: (OVERCOME ANGER SATIETY ONION MERCURY VULCAN) [1]
Pruned:  0: (OVERCOME ANGER SATIETY ONION MERCURY VULCAN) [1]
Pruned:  0: (OVERCOME ANGER SATIETY ONION MERCURY VULCAN) [1]
Pruned:  0: (OVERCOME ANGER SATIETY ONION MERCURY VULCAN) [1]
Pruned:  0: (OVERCOME ANGER SATIETY ONION MERCURY VULCAN) [1]
Pruned:  0: (OVERCOME ANGER SATIETY ONION MERCURY VULCAN) [1]
Pruned:  0: (OVERCOME ANGER SATIETY ONION MERCURY VULCAN) [1]
Pruned:  0: (OVERCOME ANGER SATIETY ONION MERCURY VULCAN) [1]
Pruned:  0: (OVERCOME ANGER SATIETY ONION MERCURY VULCAN) [1]
Pruned:  0: (OVERCOME ANGER SATIETY ONION MERCURY VULCAN) [1]
Pruned:  0: (OVERCOME ANGER SATIETY ONION MERCURY VULCAN) [1]
Pruned:  0: (OVERCOME ANGER SATIETY ONION MERCURY VULCAN) [1]
Pruned:  0: (OVERCOME ANGER SATIETY ONION MERCURY VULCAN) [1]
Pruned:  0: (OVERCOME ANGER SATIETY ONION MERCURY VULCAN) [1]
Pruned:  0: (OVERCOME ANGER SATIETY ONION MERCURY VULCAN) [1]
Pruned:  0: (OVERCOME ANGER SATIETY ONION MERCURY VULCAN) [1]
Pruned:  0: (OVERCOME ANGER SATIETY ONION MERCURY VULCAN) [1]
Pruned:  0: (OVERCOME ANGER SATIETY ONION MERCURY VULCAN) [1]
Pruned:  0: (OVERCOME ANGER SATIETY ONION MERCURY VULCAN) [1]
Pruned:  0: (OVERCOME ANGER SATIETY ONION MERCURY VULCAN) [1]
Pruned:  0: (OVERCOME ANGER SATIETY ONION MERCURY VULCAN) [1]
Pruned:  0: (OVERCOME ANGER SATIETY ONION MERCURY VULCAN) [1]
Pruned:  0: (OVERCOME ANGER SATIETY ONION MERCURY VULCAN) [1]
Pruned:  0: (OVERCOME ANGER SATIETY ONION MERCURY VULCAN) [1]
Pruned:  0: (OVERCOME ANGER SATIETY ONION MERCURY VULCAN) [1]
Pruned:  0: (OVERCOME ANGER SATIETY ONION MERCURY VULCAN) [1]
Pruned:  0: (OVERCOME ANGER SATIETY ONION MERCURY VULCAN) [1]
Pruned:  0: (OVERCOME ANGER SATIETY ONION MERCURY VULCAN) [1]
Pruned:  0: (OVERCOME ANGER SATIETY ONION MERCURY VULCAN) [1]
Pruned:  0: (OVERCOME ANGER SATIETY ONION MERCURY VULCAN) [1]
Pruned:  0: (OVERCOME ANGER SATIETY ONION MERCURY VULCAN) [1]
Pruned:  0: (OVERCOME ANGER SATIETY ONION MERCURY VULCAN) [1]
Pruned:  0: (OVERCOME ANGER SATIETY ONION MERCURY VULCAN) [1]
Pruned:  0: (OVERCOME ANGER SATIETY ONION MERCURY VULCAN) [1]
Pruned:  0: (OVERCOME ANGER SATIETY ONION MERCURY VULCAN) [1]
Pruned:  0: (OVERCOME ANGER SATIETY ONION MERCURY VULCAN) [1]
Pruned:  0: (OVERCOME ANGER SATIETY ONION MERCURY VULCAN) [1]
Pruned:  0: (OVERCOME ANGER SATIETY ONION MERCURY VULCAN) [1]
Pruned:  0: (OVERCOME ANGER SATIETY ONION MERCURY VULCAN) [1]
Pruned:  0: (OVERCOME ANGER SATIETY ONION MERCURY VULCAN) [1]
Pruned:  0: (OVERCOME ANGER SATIETY ONION MERCURY VULCAN) [1]
Pruned:  0: (OVERCOME ANGER SATIETY ONION MERCURY VULCAN) [1]
Pruned:  0: (OVERCOME ANGER SATIETY ONION MERCURY VULCAN) [1]
Pruned:  0: (OVERCOME ANGER SATIETY ONION MERCURY VULCAN) [1]
Pruned:  0: (OVERCOME ANGER SATIETY ONION MERCURY VULCAN) [1]
Pruned:  0: (OVERCOME ANGER SATIETY ONION MERCURY VULCAN) [1]
Pruned:  0: (OVERCOME ANGER SATIETY ONION MERCURY VULCAN) [1]
Pruned:  0: (OVERCOME ANGER SATIETY ONION MERCURY VULCAN) [1]
Pruned:  0: (OVERCOME ANGER SATIETY ONION MERCURY VULCAN) [1]
Pruned:  0: (OVERCOME ANGER SATIETY ONION MERCURY VULCAN) [1]
Pruned:  0: (OVERCOME ANGER SATIETY ONION MERCURY VULCAN) [1]
Pruned:  0: (OVERCOME ANGER SATIETY ONION MERCURY VULCAN) [1]
Pruned:  0: (OVERCOME ANGER SATIETY ONION MERCURY VULCAN) [1]
Pruned:  0: (OVERCOME ANGER SATIETY ONION MERCURY VULCAN) [1]
Pruned:  0: (OVERCOME ANGER SATIETY ONION MERCURY VULCAN) [1]
Pruned:  0: (OVERCOME ANGER SATIETY ONION MERCURY VULCAN) [1]
Pruned:  0: (OVERCOME ANGER SATIETY ONION MERCURY VULCAN) [1]
Pruned:  0: (OVERCOME ANGER SATIETY ONION MERCURY VULCAN) [1]
Pruned:  0: (OVERCOME ANGER SATIETY ONION MERCURY VULCAN) [1]
Pruned:  0: (OVERCOME ANGER SATIETY ONION MERCURY VULCAN) [1]
Pruned:  0: (OVERCOME ANGER SATIETY ONION MERCURY VULCAN) [1]
Pruned:  0: (OVERCOME ANGER SATIETY ONION MERCURY VULCAN) [1]
Pruned:  1: (OVERCOME JEALOUSY CURIOSITY FLOUNDER VULCAN PLUTO) [1]
Pruned:  1: (FEAST STIMULATION CHERRY BEEF KENTUCKY BOSNIA) [1]
Pruned:  2: (OVERCOME ABRASION STIMULATION BEEF VULCAN PLUTO) [1]
Pruned:  2: (FEAST CURIOSITY FLOUNDER TUNA ALSACE ARIZONA) [1]
---SatPlan Version: 1.1
***SAT!***

Solved in 5 layers

Real Time: = 0.63
User Time: = 0.51
Syst Time: = 0.11

__MEMKB 33408
