---SatPlan Version: 1.1

bb: parsing domain file
domain 'MYSTERY-STRIPS' defined
 ... done.
bb: parsing problem file
problem 'STRIPS-MYSTY-X-30' defined
 ... done.


time:   0,    30 facts and       0 exclusive pairs
              45 ops   and      45 exclusive pairs
time:   1,    53 facts and      73 exclusive pairs

creating thin gp-based encoding...
plan graph layer 0...
plan graph layer 1...
goal constraints...

goal fact not coded - level too low??


bb: parsing domain file
domain 'MYSTERY-STRIPS' defined
 ... done.
bb: parsing problem file
problem 'STRIPS-MYSTY-X-30' defined
 ... done.


time:   0,    30 facts and       0 exclusive pairs
              45 ops   and      45 exclusive pairs
time:   1,    53 facts and      73 exclusive pairs
             123 ops   and    1227 exclusive pairs
time:   2,    88 facts and     358 exclusive pairs

creating thin gp-based encoding...
plan graph layer 0...
plan graph layer 1...
plan graph layer 2...
goal constraints...

goal fact not coded - level too low??


bb: parsing domain file
domain 'MYSTERY-STRIPS' defined
 ... done.
bb: parsing problem file
problem 'STRIPS-MYSTY-X-30' defined
 ... done.


time:   0,    30 facts and       0 exclusive pairs
              45 ops   and      45 exclusive pairs
time:   1,    53 facts and      73 exclusive pairs
             123 ops   and    1227 exclusive pairs
time:   2,    88 facts and     358 exclusive pairs
             298 ops   and   11407 exclusive pairs
time:   3,   130 facts and     856 exclusive pairs

creating thin gp-based encoding...
plan graph layer 0...
plan graph layer 1...
plan graph layer 2...
plan graph layer 3...
goal constraints...

goal fact not coded - level too low??


bb: parsing domain file
domain 'MYSTERY-STRIPS' defined
 ... done.
bb: parsing problem file
problem 'STRIPS-MYSTY-X-30' defined
 ... done.


time:   0,    30 facts and       0 exclusive pairs
              45 ops   and      45 exclusive pairs
time:   1,    53 facts and      73 exclusive pairs
             123 ops   and    1227 exclusive pairs
time:   2,    88 facts and     358 exclusive pairs
             298 ops   and   11407 exclusive pairs
time:   3,   130 facts and     856 exclusive pairs
             634 ops   and   58471 exclusive pairs
time:   4,   185 facts and    1819 exclusive pairs

creating thin gp-based encoding...
plan graph layer 0...
plan graph layer 1...
plan graph layer 2...
plan graph layer 3...
plan graph layer 4...
goal constraints...

goal fact not coded - level too low??


bb: parsing domain file
domain 'MYSTERY-STRIPS' defined
 ... done.
bb: parsing problem file
problem 'STRIPS-MYSTY-X-30' defined
 ... done.


time:   0,    30 facts and       0 exclusive pairs
              45 ops   and      45 exclusive pairs
time:   1,    53 facts and      73 exclusive pairs
             123 ops   and    1227 exclusive pairs
time:   2,    88 facts and     358 exclusive pairs
             298 ops   and   11407 exclusive pairs
time:   3,   130 facts and     856 exclusive pairs
             634 ops   and   58471 exclusive pairs
time:   4,   185 facts and    1819 exclusive pairs
            1222 ops   and  227655 exclusive pairs
time:   5,   236 facts and    2318 exclusive pairs

creating thin gp-based encoding...
plan graph layer 0...
plan graph layer 1...
plan graph layer 2...
plan graph layer 3...
plan graph layer 4...
plan graph layer 5...
goal constraints...

goal fact not coded - level too low??


bb: parsing domain file
domain 'MYSTERY-STRIPS' defined
 ... done.
bb: parsing problem file
problem 'STRIPS-MYSTY-X-30' defined
 ... done.


time:   0,    30 facts and       0 exclusive pairs
              45 ops   and      45 exclusive pairs
time:   1,    53 facts and      73 exclusive pairs
             123 ops   and    1227 exclusive pairs
time:   2,    88 facts and     358 exclusive pairs
             298 ops   and   11407 exclusive pairs
time:   3,   130 facts and     856 exclusive pairs
             634 ops   and   58471 exclusive pairs
time:   4,   185 facts and    1819 exclusive pairs
            1222 ops   and  227655 exclusive pairs
time:   5,   236 facts and    2318 exclusive pairs
            2038 ops   and  602234 exclusive pairs
time:   6,   268 facts and    2270 exclusive pairs

creating thin gp-based encoding...
plan graph layer 0...
plan graph layer 1...
plan graph layer 2...
plan graph layer 3...
plan graph layer 4...
plan graph layer 5...
plan graph layer 6...
goal constraints...
exclusion constraints layer 0...
exclusion constraints layer 1...
exclusion constraints layer 2...
exclusion constraints layer 3...
exclusion constraints layer 4...
exclusion constraints layer 5...
exclusion constraints layer 6...

DECISION LAYER 6, WRITING THIN GP-BASED ENCODING WITH 5350 VARS, 210395 CLAUSES.

time spent:    0.00 seconds instantiating 4890 action templates
               0.00 seconds reachability analysis, yielding 319 facts and 4085 actions
               0.00 seconds collecting 319 relevant facts
               0.00 seconds building connectivity graph
               0.00 seconds building (std) graph
               0.23 seconds CNF output time
               0.23 seconds total planner time (solving not included)


***Solving***


[ filemap ]
[ extract ]

variables : 5350
pure lits : 295

1-clauses : 3
2-clauses : 209648
3-clauses : 72
n-clauses : 672
discarded : 0

[ solve ]


satisfiable                             

[ stats ]

decisions : 8204
conflicts : 109
time : ~0.01


bb: parsing domain file
domain 'MYSTERY-STRIPS' defined
 ... done.
bb: parsing problem file
problem 'STRIPS-MYSTY-X-30' defined
 ... done.


time:   0,    30 facts and       0 exclusive pairs
              45 ops   and      45 exclusive pairs
time:   1,    53 facts and      73 exclusive pairs
             123 ops   and    1227 exclusive pairs
time:   2,    88 facts and     358 exclusive pairs
             298 ops   and   11407 exclusive pairs
time:   3,   130 facts and     856 exclusive pairs
             634 ops   and   58471 exclusive pairs
time:   4,   185 facts and    1819 exclusive pairs
            1222 ops   and  227655 exclusive pairs
time:   5,   236 facts and    2318 exclusive pairs
            2038 ops   and  602234 exclusive pairs
time:   6,   268 facts and    2270 exclusive pairs

creating thin gp-based encoding...
plan graph layer 0...
plan graph layer 1...
plan graph layer 2...
plan graph layer 3...
plan graph layer 4...
plan graph layer 5...
plan graph layer 6...
goal constraints...
exclusion constraints layer 0...
exclusion constraints layer 1...
exclusion constraints layer 2...
exclusion constraints layer 3...
exclusion constraints layer 4...
exclusion constraints layer 5...
exclusion constraints layer 6...

DECISION LAYER 6, WRITING THIN GP-BASED ENCODING WITH 5350 VARS, 210395 CLAUSES.

time spent:    0.00 seconds instantiating 4890 action templates
               0.00 seconds reachability analysis, yielding 319 facts and 4085 actions
               0.00 seconds collecting 319 relevant facts
               0.00 seconds building connectivity graph
               0.00 seconds building (std) graph
               0.20 seconds CNF output time
               0.20 seconds total planner time (solving not included)

Pruned:  0: (OVERCOME PROSTATITIS ACHIEVEMENT MUTTON NEPTUNE VENUS) [1]
Pruned:  0: (OVERCOME PROSTATITIS ACHIEVEMENT MUTTON NEPTUNE VENUS) [1]
Pruned:  0: (OVERCOME PROSTATITIS ACHIEVEMENT MUTTON NEPTUNE VENUS) [1]
Pruned:  0: (OVERCOME PROSTATITIS ACHIEVEMENT MUTTON NEPTUNE VENUS) [1]
Pruned:  0: (OVERCOME PROSTATITIS ACHIEVEMENT MUTTON NEPTUNE VENUS) [1]
Pruned:  0: (OVERCOME PROSTATITIS ACHIEVEMENT MUTTON NEPTUNE VENUS) [1]
Pruned:  0: (OVERCOME PROSTATITIS ACHIEVEMENT MUTTON NEPTUNE VENUS) [1]
Pruned:  0: (OVERCOME PROSTATITIS ACHIEVEMENT MUTTON NEPTUNE VENUS) [1]
Pruned:  0: (OVERCOME PROSTATITIS ACHIEVEMENT MUTTON NEPTUNE VENUS) [1]
Pruned:  0: (OVERCOME PROSTATITIS ACHIEVEMENT MUTTON NEPTUNE VENUS) [1]
Pruned:  0: (OVERCOME PROSTATITIS ACHIEVEMENT MUTTON NEPTUNE VENUS) [1]
Pruned:  0: (OVERCOME PROSTATITIS ACHIEVEMENT MUTTON NEPTUNE VENUS) [1]
Pruned:  0: (OVERCOME PROSTATITIS ACHIEVEMENT MUTTON NEPTUNE VENUS) [1]
Pruned:  0: (OVERCOME PROSTATITIS ACHIEVEMENT MUTTON NEPTUNE VENUS) [1]
Pruned:  0: (OVERCOME PROSTATITIS ACHIEVEMENT MUTTON NEPTUNE VENUS) [1]
Pruned:  0: (OVERCOME PROSTATITIS ACHIEVEMENT MUTTON NEPTUNE VENUS) [1]
Pruned:  0: (OVERCOME PROSTATITIS ACHIEVEMENT MUTTON NEPTUNE VENUS) [1]
Pruned:  0: (OVERCOME PROSTATITIS ACHIEVEMENT MUTTON NEPTUNE VENUS) [1]
Pruned:  0: (OVERCOME PROSTATITIS ACHIEVEMENT MUTTON NEPTUNE VENUS) [1]
Pruned:  0: (OVERCOME PROSTATITIS ACHIEVEMENT MUTTON NEPTUNE VENUS) [1]
Pruned:  0: (OVERCOME PROSTATITIS ACHIEVEMENT MUTTON NEPTUNE VENUS) [1]
Pruned:  0: (OVERCOME PROSTATITIS ACHIEVEMENT MUTTON NEPTUNE VENUS) [1]
Pruned:  0: (OVERCOME PROSTATITIS ACHIEVEMENT MUTTON NEPTUNE VENUS) [1]
Pruned:  0: (OVERCOME PROSTATITIS ACHIEVEMENT MUTTON NEPTUNE VENUS) [1]
Pruned:  0: (OVERCOME PROSTATITIS ACHIEVEMENT MUTTON NEPTUNE VENUS) [1]
Pruned:  0: (OVERCOME PROSTATITIS ACHIEVEMENT MUTTON NEPTUNE VENUS) [1]
Pruned:  0: (OVERCOME PROSTATITIS ACHIEVEMENT MUTTON NEPTUNE VENUS) [1]
Pruned:  0: (OVERCOME PROSTATITIS ACHIEVEMENT MUTTON NEPTUNE VENUS) [1]
Pruned:  0: (OVERCOME PROSTATITIS ACHIEVEMENT MUTTON NEPTUNE VENUS) [1]
Pruned:  0: (OVERCOME PROSTATITIS ACHIEVEMENT MUTTON NEPTUNE VENUS) [1]
Pruned:  0: (FEAST TRIUMPH TURKEY MUFFIN SURREY PENNSYLVANIA) [1]
Pruned:  0: (FEAST ACHIEVEMENT GUAVA RICE ARIZONA OREGON) [1]
Pruned:  0: (FEAST EXCITEMENT YOGURT GUAVA OREGON BOSNIA) [1]
Pruned:  0: (OVERCOME PROSTATITIS ACHIEVEMENT MUTTON NEPTUNE VENUS) [1]
Pruned:  0: (OVERCOME PROSTATITIS ACHIEVEMENT MUTTON NEPTUNE VENUS) [1]
Pruned:  0: (OVERCOME PROSTATITIS ACHIEVEMENT MUTTON NEPTUNE VENUS) [1]
Pruned:  0: (OVERCOME PROSTATITIS ACHIEVEMENT MUTTON NEPTUNE VENUS) [1]
Pruned:  0: (OVERCOME PROSTATITIS ACHIEVEMENT MUTTON NEPTUNE VENUS) [1]
Pruned:  0: (OVERCOME PROSTATITIS ACHIEVEMENT MUTTON NEPTUNE VENUS) [1]
Pruned:  0: (OVERCOME PROSTATITIS ACHIEVEMENT MUTTON NEPTUNE VENUS) [1]
Pruned:  0: (OVERCOME PROSTATITIS ACHIEVEMENT MUTTON NEPTUNE VENUS) [1]
Pruned:  0: (OVERCOME PROSTATITIS ACHIEVEMENT MUTTON NEPTUNE VENUS) [1]
Pruned:  0: (OVERCOME PROSTATITIS ACHIEVEMENT MUTTON NEPTUNE VENUS) [1]
Pruned:  0: (OVERCOME PROSTATITIS ACHIEVEMENT MUTTON NEPTUNE VENUS) [1]
Pruned:  0: (OVERCOME PROSTATITIS ACHIEVEMENT MUTTON NEPTUNE VENUS) [1]
Pruned:  0: (OVERCOME PROSTATITIS ACHIEVEMENT MUTTON NEPTUNE VENUS) [1]
Pruned:  0: (OVERCOME PROSTATITIS ACHIEVEMENT MUTTON NEPTUNE VENUS) [1]
Pruned:  0: (OVERCOME PROSTATITIS ACHIEVEMENT MUTTON NEPTUNE VENUS) [1]
Pruned:  0: (OVERCOME PROSTATITIS ACHIEVEMENT MUTTON NEPTUNE VENUS) [1]
Pruned:  0: (OVERCOME PROSTATITIS ACHIEVEMENT MUTTON NEPTUNE VENUS) [1]
Pruned:  0: (OVERCOME PROSTATITIS ACHIEVEMENT MUTTON NEPTUNE VENUS) [1]
Pruned:  0: (OVERCOME PROSTATITIS ACHIEVEMENT MUTTON NEPTUNE VENUS) [1]
Pruned:  0: (OVERCOME PROSTATITIS ACHIEVEMENT MUTTON NEPTUNE VENUS) [1]
Pruned:  0: (OVERCOME PROSTATITIS ACHIEVEMENT MUTTON NEPTUNE VENUS) [1]
Pruned:  0: (OVERCOME PROSTATITIS ACHIEVEMENT MUTTON NEPTUNE VENUS) [1]
Pruned:  0: (OVERCOME PROSTATITIS ACHIEVEMENT MUTTON NEPTUNE VENUS) [1]
Pruned:  0: (OVERCOME PROSTATITIS ACHIEVEMENT MUTTON NEPTUNE VENUS) [1]
Pruned:  0: (OVERCOME PROSTATITIS ACHIEVEMENT MUTTON NEPTUNE VENUS) [1]
Pruned:  0: (OVERCOME PROSTATITIS ACHIEVEMENT MUTTON NEPTUNE VENUS) [1]
Pruned:  0: (OVERCOME PROSTATITIS ACHIEVEMENT MUTTON NEPTUNE VENUS) [1]
Pruned:  0: (OVERCOME PROSTATITIS ACHIEVEMENT MUTTON NEPTUNE VENUS) [1]
Pruned:  0: (OVERCOME PROSTATITIS ACHIEVEMENT MUTTON NEPTUNE VENUS) [1]
Pruned:  0: (OVERCOME PROSTATITIS ACHIEVEMENT MUTTON NEPTUNE VENUS) [1]
Pruned:  0: (OVERCOME PROSTATITIS ACHIEVEMENT MUTTON NEPTUNE VENUS) [1]
Pruned:  0: (OVERCOME PROSTATITIS ACHIEVEMENT MUTTON NEPTUNE VENUS) [1]
Pruned:  0: (OVERCOME PROSTATITIS ACHIEVEMENT MUTTON NEPTUNE VENUS) [1]
Pruned:  0: (OVERCOME PROSTATITIS ACHIEVEMENT MUTTON NEPTUNE VENUS) [1]
Pruned:  0: (OVERCOME PROSTATITIS ACHIEVEMENT MUTTON NEPTUNE VENUS) [1]
Pruned:  0: (OVERCOME PROSTATITIS ACHIEVEMENT MUTTON NEPTUNE VENUS) [1]
Pruned:  0: (OVERCOME PROSTATITIS ACHIEVEMENT MUTTON NEPTUNE VENUS) [1]
Pruned:  0: (OVERCOME PROSTATITIS ACHIEVEMENT MUTTON NEPTUNE VENUS) [1]
Pruned:  0: (OVERCOME PROSTATITIS ACHIEVEMENT MUTTON NEPTUNE VENUS) [1]
Pruned:  0: (OVERCOME PROSTATITIS ACHIEVEMENT MUTTON NEPTUNE VENUS) [1]
Pruned:  0: (OVERCOME PROSTATITIS ACHIEVEMENT MUTTON NEPTUNE VENUS) [1]
Pruned:  0: (OVERCOME PROSTATITIS ACHIEVEMENT MUTTON NEPTUNE VENUS) [1]
Pruned:  0: (OVERCOME PROSTATITIS ACHIEVEMENT MUTTON NEPTUNE VENUS) [1]
Pruned:  0: (OVERCOME PROSTATITIS ACHIEVEMENT MUTTON NEPTUNE VENUS) [1]
Pruned:  0: (OVERCOME PROSTATITIS ACHIEVEMENT MUTTON NEPTUNE VENUS) [1]
Pruned:  0: (OVERCOME PROSTATITIS ACHIEVEMENT MUTTON NEPTUNE VENUS) [1]
Pruned:  0: (OVERCOME PROSTATITIS ACHIEVEMENT MUTTON NEPTUNE VENUS) [1]
Pruned:  0: (OVERCOME PROSTATITIS ACHIEVEMENT MUTTON NEPTUNE VENUS) [1]
Pruned:  0: (OVERCOME PROSTATITIS ACHIEVEMENT MUTTON NEPTUNE VENUS) [1]
Pruned:  0: (OVERCOME PROSTATITIS ACHIEVEMENT MUTTON NEPTUNE VENUS) [1]
Pruned:  0: (OVERCOME PROSTATITIS ACHIEVEMENT MUTTON NEPTUNE VENUS) [1]
Pruned:  0: (OVERCOME PROSTATITIS ACHIEVEMENT MUTTON NEPTUNE VENUS) [1]
Pruned:  0: (OVERCOME PROSTATITIS ACHIEVEMENT MUTTON NEPTUNE VENUS) [1]
Pruned:  0: (OVERCOME PROSTATITIS ACHIEVEMENT MUTTON NEPTUNE VENUS) [1]
Pruned:  0: (OVERCOME PROSTATITIS ACHIEVEMENT MUTTON NEPTUNE VENUS) [1]
Pruned:  0: (OVERCOME PROSTATITIS ACHIEVEMENT MUTTON NEPTUNE VENUS) [1]
Pruned:  0: (OVERCOME PROSTATITIS ACHIEVEMENT MUTTON NEPTUNE VENUS) [1]
Pruned:  0: (OVERCOME PROSTATITIS ACHIEVEMENT MUTTON NEPTUNE VENUS) [1]
Pruned:  0: (OVERCOME PROSTATITIS ACHIEVEMENT MUTTON NEPTUNE VENUS) [1]
Pruned:  0: (OVERCOME PROSTATITIS ACHIEVEMENT MUTTON NEPTUNE VENUS) [1]
Pruned:  0: (OVERCOME PROSTATITIS ACHIEVEMENT MUTTON NEPTUNE VENUS) [1]
Pruned:  0: (OVERCOME PROSTATITIS ACHIEVEMENT MUTTON NEPTUNE VENUS) [1]
Pruned:  0: (OVERCOME PROSTATITIS ACHIEVEMENT MUTTON NEPTUNE VENUS) [1]
Pruned:  0: (OVERCOME PROSTATITIS ACHIEVEMENT MUTTON NEPTUNE VENUS) [1]
Pruned:  0: (OVERCOME PROSTATITIS ACHIEVEMENT MUTTON NEPTUNE VENUS) [1]
Pruned:  0: (OVERCOME PROSTATITIS ACHIEVEMENT MUTTON NEPTUNE VENUS) [1]
Pruned:  0: (OVERCOME PROSTATITIS ACHIEVEMENT MUTTON NEPTUNE VENUS) [1]
Pruned:  0: (OVERCOME PROSTATITIS ACHIEVEMENT MUTTON NEPTUNE VENUS) [1]
Pruned:  0: (OVERCOME PROSTATITIS ACHIEVEMENT MUTTON NEPTUNE VENUS) [1]
Pruned:  0: (OVERCOME PROSTATITIS ACHIEVEMENT MUTTON NEPTUNE VENUS) [1]
Pruned:  0: (OVERCOME PROSTATITIS ACHIEVEMENT MUTTON NEPTUNE VENUS) [1]
Pruned:  0: (OVERCOME PROSTATITIS ACHIEVEMENT MUTTON NEPTUNE VENUS) [1]
Pruned:  0: (OVERCOME PROSTATITIS ACHIEVEMENT MUTTON NEPTUNE VENUS) [1]
Pruned:  0: (OVERCOME PROSTATITIS ACHIEVEMENT MUTTON NEPTUNE VENUS) [1]
Pruned:  0: (OVERCOME PROSTATITIS ACHIEVEMENT MUTTON NEPTUNE VENUS) [1]
Pruned:  0: (OVERCOME PROSTATITIS ACHIEVEMENT MUTTON NEPTUNE VENUS) [1]
Pruned:  0: (OVERCOME PROSTATITIS ACHIEVEMENT MUTTON NEPTUNE VENUS) [1]
Pruned:  0: (OVERCOME PROSTATITIS ACHIEVEMENT MUTTON NEPTUNE VENUS) [1]
Pruned:  0: (OVERCOME PROSTATITIS ACHIEVEMENT MUTTON NEPTUNE VENUS) [1]
Pruned:  0: (OVERCOME PROSTATITIS ACHIEVEMENT MUTTON NEPTUNE VENUS) [1]
Pruned:  0: (OVERCOME PROSTATITIS ACHIEVEMENT MUTTON NEPTUNE VENUS) [1]
Pruned:  0: (OVERCOME PROSTATITIS ACHIEVEMENT MUTTON NEPTUNE VENUS) [1]
Pruned:  0: (OVERCOME PROSTATITIS ACHIEVEMENT MUTTON NEPTUNE VENUS) [1]
Pruned:  0: (OVERCOME PROSTATITIS ACHIEVEMENT MUTTON NEPTUNE VENUS) [1]
Pruned:  0: (OVERCOME PROSTATITIS ACHIEVEMENT MUTTON NEPTUNE VENUS) [1]
Pruned:  0: (OVERCOME PROSTATITIS ACHIEVEMENT MUTTON NEPTUNE VENUS) [1]
Pruned:  0: (OVERCOME PROSTATITIS ACHIEVEMENT MUTTON NEPTUNE VENUS) [1]
Pruned:  0: (OVERCOME PROSTATITIS ACHIEVEMENT MUTTON NEPTUNE VENUS) [1]
Pruned:  0: (OVERCOME PROSTATITIS ACHIEVEMENT MUTTON NEPTUNE VENUS) [1]
Pruned:  0: (OVERCOME PROSTATITIS ACHIEVEMENT MUTTON NEPTUNE VENUS) [1]
Pruned:  0: (OVERCOME PROSTATITIS ACHIEVEMENT MUTTON NEPTUNE VENUS) [1]
Pruned:  0: (OVERCOME PROSTATITIS ACHIEVEMENT MUTTON NEPTUNE VENUS) [1]
Pruned:  0: (OVERCOME PROSTATITIS ACHIEVEMENT MUTTON NEPTUNE VENUS) [1]
Pruned:  0: (OVERCOME PROSTATITIS ACHIEVEMENT MUTTON NEPTUNE VENUS) [1]
Pruned:  0: (OVERCOME PROSTATITIS ACHIEVEMENT MUTTON NEPTUNE VENUS) [1]
Pruned:  0: (OVERCOME PROSTATITIS ACHIEVEMENT MUTTON NEPTUNE VENUS) [1]
Pruned:  0: (OVERCOME PROSTATITIS ACHIEVEMENT MUTTON NEPTUNE VENUS) [1]
Pruned:  0: (OVERCOME PROSTATITIS ACHIEVEMENT MUTTON NEPTUNE VENUS) [1]
Pruned:  0: (OVERCOME PROSTATITIS ACHIEVEMENT MUTTON NEPTUNE VENUS) [1]
Pruned:  0: (OVERCOME PROSTATITIS ACHIEVEMENT MUTTON NEPTUNE VENUS) [1]
Pruned:  0: (OVERCOME PROSTATITIS ACHIEVEMENT MUTTON NEPTUNE VENUS) [1]
Pruned:  0: (OVERCOME PROSTATITIS ACHIEVEMENT MUTTON NEPTUNE VENUS) [1]
Pruned:  0: (OVERCOME PROSTATITIS ACHIEVEMENT MUTTON NEPTUNE VENUS) [1]
Pruned:  0: (OVERCOME PROSTATITIS ACHIEVEMENT MUTTON NEPTUNE VENUS) [1]
Pruned:  0: (OVERCOME PROSTATITIS ACHIEVEMENT MUTTON NEPTUNE VENUS) [1]
Pruned:  0: (OVERCOME PROSTATITIS ACHIEVEMENT MUTTON NEPTUNE VENUS) [1]
Pruned:  0: (OVERCOME PROSTATITIS ACHIEVEMENT MUTTON NEPTUNE VENUS) [1]
Pruned:  0: (OVERCOME PROSTATITIS ACHIEVEMENT MUTTON NEPTUNE VENUS) [1]
Pruned:  0: (OVERCOME PROSTATITIS ACHIEVEMENT MUTTON NEPTUNE VENUS) [1]
Pruned:  0: (OVERCOME PROSTATITIS ACHIEVEMENT MUTTON NEPTUNE VENUS) [1]
Pruned:  0: (OVERCOME PROSTATITIS ACHIEVEMENT MUTTON NEPTUNE VENUS) [1]
Pruned:  0: (OVERCOME PROSTATITIS ACHIEVEMENT MUTTON NEPTUNE VENUS) [1]
Pruned:  0: (OVERCOME PROSTATITIS ACHIEVEMENT MUTTON NEPTUNE VENUS) [1]
Pruned:  0: (OVERCOME PROSTATITIS ACHIEVEMENT MUTTON NEPTUNE VENUS) [1]
Pruned:  0: (OVERCOME PROSTATITIS ACHIEVEMENT MUTTON NEPTUNE VENUS) [1]
Pruned:  0: (OVERCOME PROSTATITIS ACHIEVEMENT MUTTON NEPTUNE VENUS) [1]
Pruned:  0: (OVERCOME PROSTATITIS ACHIEVEMENT MUTTON NEPTUNE VENUS) [1]
Pruned:  0: (OVERCOME PROSTATITIS ACHIEVEMENT MUTTON NEPTUNE VENUS) [1]
Pruned:  0: (OVERCOME PROSTATITIS ACHIEVEMENT MUTTON NEPTUNE VENUS) [1]
Pruned:  0: (OVERCOME PROSTATITIS ACHIEVEMENT MUTTON NEPTUNE VENUS) [1]
Pruned:  0: (OVERCOME PROSTATITIS ACHIEVEMENT MUTTON NEPTUNE VENUS) [1]
Pruned:  0: (OVERCOME PROSTATITIS ACHIEVEMENT MUTTON NEPTUNE VENUS) [1]
Pruned:  0: (OVERCOME PROSTATITIS ACHIEVEMENT MUTTON NEPTUNE VENUS) [1]
Pruned:  0: (OVERCOME PROSTATITIS ACHIEVEMENT MUTTON NEPTUNE VENUS) [1]
Pruned:  0: (OVERCOME PROSTATITIS ACHIEVEMENT MUTTON NEPTUNE VENUS) [1]
Pruned:  0: (OVERCOME PROSTATITIS ACHIEVEMENT MUTTON NEPTUNE VENUS) [1]
Pruned:  0: (OVERCOME PROSTATITIS ACHIEVEMENT MUTTON NEPTUNE VENUS) [1]
Pruned:  0: (OVERCOME PROSTATITIS ACHIEVEMENT MUTTON NEPTUNE VENUS) [1]
Pruned:  0: (OVERCOME PROSTATITIS ACHIEVEMENT MUTTON NEPTUNE VENUS) [1]
Pruned:  0: (OVERCOME PROSTATITIS ACHIEVEMENT MUTTON NEPTUNE VENUS) [1]
Pruned:  0: (OVERCOME PROSTATITIS ACHIEVEMENT MUTTON NEPTUNE VENUS) [1]
Pruned:  0: (OVERCOME PROSTATITIS ACHIEVEMENT MUTTON NEPTUNE VENUS) [1]
Pruned:  0: (OVERCOME PROSTATITIS ACHIEVEMENT MUTTON NEPTUNE VENUS) [1]
Pruned:  0: (OVERCOME PROSTATITIS ACHIEVEMENT MUTTON NEPTUNE VENUS) [1]
Pruned:  0: (OVERCOME PROSTATITIS ACHIEVEMENT MUTTON NEPTUNE VENUS) [1]
Pruned:  0: (OVERCOME PROSTATITIS ACHIEVEMENT MUTTON NEPTUNE VENUS) [1]
Pruned:  0: (OVERCOME PROSTATITIS ACHIEVEMENT MUTTON NEPTUNE VENUS) [1]
Pruned:  0: (OVERCOME PROSTATITIS ACHIEVEMENT MUTTON NEPTUNE VENUS) [1]
Pruned:  0: (OVERCOME PROSTATITIS ACHIEVEMENT MUTTON NEPTUNE VENUS) [1]
Pruned:  0: (OVERCOME PROSTATITIS ACHIEVEMENT MUTTON NEPTUNE VENUS) [1]
Pruned:  0: (OVERCOME PROSTATITIS ACHIEVEMENT MUTTON NEPTUNE VENUS) [1]
Pruned:  0: (OVERCOME PROSTATITIS ACHIEVEMENT MUTTON NEPTUNE VENUS) [1]
Pruned:  0: (OVERCOME PROSTATITIS ACHIEVEMENT MUTTON NEPTUNE VENUS) [1]
Pruned:  0: (OVERCOME PROSTATITIS ACHIEVEMENT MUTTON NEPTUNE VENUS) [1]
Pruned:  0: (OVERCOME PROSTATITIS ACHIEVEMENT MUTTON NEPTUNE VENUS) [1]
Pruned:  0: (OVERCOME PROSTATITIS ACHIEVEMENT MUTTON NEPTUNE VENUS) [1]
Pruned:  1: (FEAST ACHIEVEMENT RICE BAGUETTE ALSACE GUANABARA) [1]
Pruned:  1: (OVERCOME ABRASION EXCITEMENT GUAVA NEPTUNE VENUS) [1]
Pruned:  1: (OVERCOME LACERATION TRIUMPH MUFFIN MARS VULCAN) [1]
Pruned:  2: (FEAST TRIUMPH MUFFIN BAGUETTE ARIZONA OREGON) [1]
Pruned:  3: (FEAST EXCITEMENT GUAVA RICE GUANABARA ARIZONA) [1]
Pruned:  4: (FEAST EXPECTATION MUTTON HOTDOG QUEBEC GOIAS) [1]
---SatPlan Version: 1.1
***SAT!***

Solved in 6 layers

Real Time: = 0.62
User Time: = 0.5
Syst Time: = 0.11

__MEMKB 29824
