#
# (C) Copyright 2008, University of Illinois, Urbana-Champaign
#
# All rights reserved. Use of this software is permitted ONLY for
# non-commercial research purposes, and it may be copied only
# for that use only. All copies must include this copyright message.
# This software is made available AS IS, and neither the authors
# nor the University of Illinois, make any warranty about the
# software or its performance.
#

Parsing domain file
 domain 'DRIVERLOG' defined
Parsing problem file
 problem 'DLOG-3-3-5' defined



checking for cyclic := effects --- OK.

Starting SGPlan search ...





Solution found.



; Time 0.01
; ParsingTime 0.00
; NrActions 13
; MakeSpan
; MetricValue
; PlanningTechnique Modified-FF(enforced hill-climbing search) as the subplanner

0.001: (BOARD-TRUCK DRIVER3 TRUCK3 S1) [1]
1.002: (LOAD-TRUCK PACKAGE1 TRUCK3 S1) [1]
2.003: (DRIVE-TRUCK TRUCK3 S1 S2 DRIVER3) [1]
3.004: (UNLOAD-TRUCK PACKAGE1 TRUCK3 S2) [1]
4.005: (WALK DRIVER1 S2 P1-2) [1]
5.006: (WALK DRIVER2 S2 P2-0) [1]
6.007: (WALK DRIVER1 P1-2 S1) [1]
7.008: (WALK DRIVER2 P2-0 S0) [1]
8.009: (DISEMBARK-TRUCK DRIVER3 TRUCK3 S2) [1]
9.010: (WALK DRIVER3 S2 P1-2) [1]
10.011: (WALK DRIVER3 P1-2 S1) [1]
11.012: (BOARD-TRUCK DRIVER3 TRUCK2 S1) [1]
12.013: (DRIVE-TRUCK TRUCK2 S1 S0 DRIVER3) [1]
__MEMKB 21480
