blackbox version 43
command line:  ./blackbox -o /home/matheus/repo/acervo-2010/planejadores_analise_resultados/comp/pathways/Strips/domain_p12.pddl -f /home/matheus/repo/acervo-2010/planejadores_analise_resultados/comp/pathways/Strips/p12.pddl

Begin solver specification
    -maxint        0   -maxsec 10.000000  graphplan
    -maxint        0   -maxsec 0.000000  chaff
End solver specification
Loading domain file: /home/matheus/repo/acervo-2010/planejadores_analise_resultados/comp/pathways/Strips/domain_p12.pddl
Loading fact file: /home/matheus/repo/acervo-2010/planejadores_analise_resultados/comp/pathways/Strips/p12.pddl
Problem name: grounded-pathways-12
Facts loaded.
time: 1, 79 facts and 780 exclusive pairs.
time: 2, 118 facts and 858 exclusive pairs.
time: 3, 123 facts and 162 exclusive pairs.
time: 4, 153 facts and 354 exclusive pairs.
time: 5, 183 facts and 629 exclusive pairs.
time: 6, 223 facts and 925 exclusive pairs.
time: 7, 278 facts and 2136 exclusive pairs.
time: 8, 307 facts and 2305 exclusive pairs.
time: 9, 324 facts and 1607 exclusive pairs.
time: 10, 327 facts and 1234 exclusive pairs.
Goals reachable at 10 steps but mutually exclusive.
time: 11, 328 facts and 1203 exclusive pairs.
Goals first reachable in 11 steps.
9081 nodes created.

####################################################
goals at time 12:
  goal16- goal15- goal14- goal13- goal12- 
goal11- goal10- goal9- goal8- goal7- 
goal6- goal5- goal4- goal3- goal2- 
goal1- 


----------------------------------------------------
Invoking solver graphplan
