blackbox version 43
command line:  ./blackbox -o /home/matheus/repo/acervo-2010/planejadores_analise_resultados/comp/pathways/Strips/domain_p13.pddl -f /home/matheus/repo/acervo-2010/planejadores_analise_resultados/comp/pathways/Strips/p13.pddl

Begin solver specification
    -maxint        0   -maxsec 10.000000  graphplan
    -maxint        0   -maxsec 0.000000  chaff
End solver specification
Loading domain file: /home/matheus/repo/acervo-2010/planejadores_analise_resultados/comp/pathways/Strips/domain_p13.pddl
Loading fact file: /home/matheus/repo/acervo-2010/planejadores_analise_resultados/comp/pathways/Strips/p13.pddl
Problem name: grounded-pathways-13
Facts loaded.
time: 1, 99 facts and 1225 exclusive pairs.
time: 2, 148 facts and 1323 exclusive pairs.
time: 3, 153 facts and 206 exclusive pairs.
time: 4, 191 facts and 465 exclusive pairs.
time: 5, 217 facts and 756 exclusive pairs.
time: 6, 238 facts and 629 exclusive pairs.
time: 7, 270 facts and 1002 exclusive pairs.
time: 8, 282 facts and 1074 exclusive pairs.
time: 9, 287 facts and 756 exclusive pairs.
time: 10, 291 facts and 726 exclusive pairs.
time: 11, 296 facts and 767 exclusive pairs.
time: 12, 307 facts and 915 exclusive pairs.
time: 13, 309 facts and 895 exclusive pairs.
Goals reachable at 13 steps but mutually exclusive.
time: 14, 310 facts and 865 exclusive pairs.
Goals first reachable in 14 steps.
14288 nodes created.

####################################################
goals at time 15:
  goal17- goal16- goal15- goal14- goal13- 
goal12- goal11- goal10- goal9- goal8- 
goal7- goal6- goal5- goal4- goal3- 
goal2- goal1- 


----------------------------------------------------
Invoking solver graphplan
