blackbox version 43
command line:  ./blackbox -o /home/matheus/repo/acervo-2010/planejadores_analise_resultados/comp/pathways/Strips/domain_p19.pddl -f /home/matheus/repo/acervo-2010/planejadores_analise_resultados/comp/pathways/Strips/p19.pddl

Begin solver specification
    -maxint        0   -maxsec 10.000000  graphplan
    -maxint        0   -maxsec 0.000000  chaff
End solver specification
Loading domain file: /home/matheus/repo/acervo-2010/planejadores_analise_resultados/comp/pathways/Strips/domain_p19.pddl
Loading fact file: /home/matheus/repo/acervo-2010/planejadores_analise_resultados/comp/pathways/Strips/p19.pddl
Problem name: grounded-pathways-19
Facts loaded.
time: 1, 115 facts and 1653 exclusive pairs.
time: 2, 172 facts and 1767 exclusive pairs.
time: 3, 177 facts and 234 exclusive pairs.
time: 4, 230 facts and 604 exclusive pairs.
time: 5, 281 facts and 1385 exclusive pairs.
time: 6, 338 facts and 1902 exclusive pairs.
time: 7, 410 facts and 3040 exclusive pairs.
time: 8, 417 facts and 1832 exclusive pairs.
time: 9, 421 facts and 1122 exclusive pairs.
time: 10, 432 facts and 1239 exclusive pairs.
time: 11, 474 facts and 1829 exclusive pairs.
time: 12, 530 facts and 3123 exclusive pairs.
time: 13, 535 facts and 2364 exclusive pairs.
Goals reachable at 13 steps but mutually exclusive.
time: 14, 536 facts and 1915 exclusive pairs.
Goals first reachable in 14 steps.
20448 nodes created.

####################################################
goals at time 15:
  goal26- goal25- goal24- goal23- goal22- 
goal21- goal20- goal19- goal18- goal17- 
goal16- goal15- goal14- goal13- goal12- 
goal11- goal10- goal9- goal8- goal7- 
goal6- goal5- goal4- goal3- goal2- 
goal1- 


----------------------------------------------------
Invoking solver graphplan
