blackbox version 43
command line:  ./blackbox -o /home/matheus/repo/acervo-2010/planejadores_analise_resultados/comp/pathways/Strips/domain_p30.pddl -f /home/matheus/repo/acervo-2010/planejadores_analise_resultados/comp/pathways/Strips/p30.pddl

Begin solver specification
    -maxint        0   -maxsec 10.000000  graphplan
    -maxint        0   -maxsec 0.000000  chaff
End solver specification
Loading domain file: /home/matheus/repo/acervo-2010/planejadores_analise_resultados/comp/pathways/Strips/domain_p30.pddl
Loading fact file: /home/matheus/repo/acervo-2010/planejadores_analise_resultados/comp/pathways/Strips/p30.pddl
Problem name: grounded-pathways-30
Facts loaded.
time: 1, 119 facts and 1770 exclusive pairs.
time: 2, 178 facts and 1888 exclusive pairs.
time: 3, 183 facts and 242 exclusive pairs.
time: 4, 238 facts and 660 exclusive pairs.
time: 5, 299 facts and 1782 exclusive pairs.
time: 6, 360 facts and 2623 exclusive pairs.
time: 7, 432 facts and 3341 exclusive pairs.
time: 8, 440 facts and 2072 exclusive pairs.
time: 9, 445 facts and 1248 exclusive pairs.
time: 10, 456 facts and 1318 exclusive pairs.
time: 11, 494 facts and 1745 exclusive pairs.
time: 12, 551 facts and 3065 exclusive pairs.
time: 13, 566 facts and 2528 exclusive pairs.
Goals reachable at 13 steps but mutually exclusive.
Too many ops. Need to increase MAXNODES
Command exited with non-zero status 1
__MEMKB 256128
