
ipp: parsing domain file
domain 'GRIPPER-STRIPS' defined
 ... done.
ipp: parsing problem file
problem 'GRIPPER-6' defined
 ... done.


instantiated 50 actions


time:   0,    28 facts and       0 exclusive pairs (    9,       0 positives)
              41 ops   and      86 exclusive pairs
time:   1,    50 facts and     102 exclusive pairs (   22,      73 positives)
              76 ops   and     693 exclusive pairs
time:   2,    50 facts and      62 exclusive pairs (   22,      61 positives)
              88 ops   and    1149 exclusive pairs
time:   3,    56 facts and      92 exclusive pairs (   28,      85 positives)

goals first reachable in 3 time steps

             106 ops   and    1959 exclusive pairs
time:   4,    56 facts and      80 exclusive pairs (   28,      79 positives)

graph has leveled off at time step 5

             106 ops   and    1821 exclusive pairs
time:   5,    56 facts and      80 exclusive pairs (   28,      79 positives)

graph has leveled off! wave front mechanism is taking over

expanding wave front to level    6
expanding wave front to level    7
expanding wave front to level    8
expanding wave front to level    9
expanding wave front to level   10
expanding wave front to level   11


found plan as follows:

time step    0: PICK BALL6 ROOMA RIGHT
                PICK BALL5 ROOMA LEFT
time step    1: MOVE ROOMA ROOMB
time step    2: DROP BALL6 ROOMB RIGHT
                DROP BALL5 ROOMB LEFT
time step    3: MOVE ROOMB ROOMA
time step    4: PICK BALL4 ROOMA RIGHT
                PICK BALL3 ROOMA LEFT
time step    5: MOVE ROOMA ROOMB
time step    6: DROP BALL4 ROOMB RIGHT
                DROP BALL3 ROOMB LEFT
time step    7: MOVE ROOMB ROOMA
time step    8: PICK BALL2 ROOMA RIGHT
                PICK BALL1 ROOMA LEFT
time step    9: MOVE ROOMA ROOMB
time step   10: DROP BALL2 ROOMB RIGHT
                DROP BALL1 ROOMB LEFT



number of actions tried:      10057
number of noops tried  :      38819

had    8492 simple memoizing hits
had       0 partial memoizing hits
had     612 subset memoizing hits

time spent:    0.00 seconds instantiating 50 operators
               0.00 seconds building graph
               0.00 seconds calculating exclusions
               0.01 seconds searching graph
               0.01 seconds total time

Memory used:   0.03 MBytes for domain representation
               0.64 MBytes for graph
               0.02 MBytes for exclusions
               0.14 MBytes for memoization
               2.03 MBytes for wave front



__MEMKB 4992
