
ipp: parsing domain file
domain 'GRIPPER-STRIPS' defined
 ... done.
ipp: parsing problem file
problem 'GRIPPER-18' defined
 ... done.


instantiated 146 actions


time:   0,    76 facts and       0 exclusive pairs (   21,       0 positives)
             113 ops   and     470 exclusive pairs
time:   1,   134 facts and     510 exclusive pairs (   58,     433 positives)
             208 ops   and    3981 exclusive pairs
time:   2,   134 facts and     398 exclusive pairs (   58,     397 positives)
             244 ops   and    7737 exclusive pairs
time:   3,   152 facts and     488 exclusive pairs (   76,     469 positives)

goals first reachable in 3 time steps

             298 ops   and   13839 exclusive pairs
time:   4,   152 facts and     452 exclusive pairs (   76,     451 positives)

graph has leveled off at time step 5

             298 ops   and   12561 exclusive pairs
time:   5,   152 facts and     452 exclusive pairs (   76,     451 positives)

graph has leveled off! wave front mechanism is taking over

expanding wave front to level    6
expanding wave front to level    7
expanding wave front to level    8
expanding wave front to level    9
expanding wave front to level   10
expanding wave front to level   11
expanding wave front to level   12
expanding wave front to level   13
expanding wave front to level   14
expanding wave front to level   15
expanding wave front to level   16
NO MEMORY in file memory.c:549

Command exited with non-zero status 1
__MEMKB 4190464
