
Parsing domain..... pipesworld_strips..... done.
Parsing problem..... p02-net1-b6-g4_rt0_instance..... done.
Computing domains..... done.
Instantiating actions..... done.
Computing final representation..... done.

Parsing time : 0.00
Domains creation  time : 0.00
Instantiation time : 0.01 -> 96 candidates, 96 actions
Finalization time : 0.00 -> 72 fluents, 23 init

9 7 4 2 1 

0: (POP-UNITARYPIPE s13 b1 a1 a3 b5 lco oca1 ta1-1-oca1 ta3-1-lco) [1]
1: (PUSH-UNITARYPIPE s12 b2 a1 a2 b4 gasoleo lco ta1-1-gasoleo ta2-1-lco) [1]
2: (PUSH-UNITARYPIPE s12 b0 a1 a2 b2 oc1b gasoleo ta1-1-oc1b ta2-1-gasoleo) [1]
3: (PUSH-UNITARYPIPE s12 b5 a1 a2 b0 oca1 oc1b ta1-1-oca1 ta2-1-oc1b) [1]
4: (POP-UNITARYPIPE s12 b4 a1 a2 b5 lco oca1 ta1-1-oca1 ta2-1-lco) [1]
5: (POP-UNITARYPIPE s12 b2 a1 a2 b4 gasoleo lco ta1-1-lco ta2-1-gasoleo) [1]
6: (PUSH-UNITARYPIPE s12 b3 a1 a2 b2 rat-a gasoleo ta1-1-rat-a ta2-1-gasoleo) [1]
7: (PUSH-UNITARYPIPE s12 b4 a1 a2 b3 lco rat-a ta1-1-lco ta2-1-rat-a) [1]
8: (PUSH-UNITARYPIPE s12 b5 a1 a2 b4 oca1 lco ta1-1-oca1 ta2-1-lco) [1]
9: (POP-UNITARYPIPE s12 b2 a1 a2 b5 gasoleo oca1 ta1-1-oca1 ta2-1-gasoleo) [1]
10: (POP-UNITARYPIPE s12 b4 a1 a2 b2 lco gasoleo ta1-1-gasoleo ta2-1-lco) [1]
11: (PUSH-UNITARYPIPE s13 b2 a1 a3 b1 gasoleo lco ta1-1-gasoleo ta3-1-lco) [1]
12: (PUSH-UNITARYPIPE s13 b5 a1 a3 b2 oca1 gasoleo ta1-1-oca1 ta3-1-gasoleo) [1]
13: (POP-UNITARYPIPE s13 b1 a1 a3 b5 lco oca1 ta1-1-oca1 ta3-1-lco) [1]
14: (POP-UNITARYPIPE s12 b3 a1 a2 b4 rat-a lco ta1-1-lco ta2-1-rat-a) [1]
15: (PUSH-UNITARYPIPE s12 b4 a1 a2 b3 lco rat-a ta1-1-lco ta2-1-rat-a) [1]
16: (POP-UNITARYPIPE s12 b0 a1 a2 b4 oc1b lco ta1-1-lco ta2-1-oc1b) [1]
17: (PUSH-UNITARYPIPE s12 b5 a1 a2 b0 oca1 oc1b ta1-1-oca1 ta2-1-oc1b) [1]
18: (PUSH-UNITARYPIPE s12 b4 a1 a2 b5 lco oca1 ta1-1-lco ta2-1-oca1) [1]
19: (POP-UNITARYPIPE s12 b3 a1 a2 b4 rat-a lco ta1-1-lco ta2-1-rat-a) [1]

Valid plan : 20 actions.
Computed nodes : 782
Evaluated nodes : 211
Developed nodes : 73
Useful nodes : 5

Lookahead utility : 42.04 %
Preparation time : 0.01
Search time : 0.00
Total time : 0.01

__MEMKB 2688
