
Parsing domain..... pipesworld_strips..... done.
Parsing problem..... p06-net1-b10-g6_rt0_instance..... done.
Computing domains..... done.
Instantiating actions..... done.
Computing final representation..... done.

Parsing time : 0.00
Domains creation  time : 0.00
Instantiation time : 0.02 -> 552 candidates, 552 actions
Finalization time : 0.01 -> 108 fluents, 31 init

11 10 7 6 5 3 2 

0: (PUSH-UNITARYPIPE s13 b4 a1 a3 b2 lco gasoleo ta1-2-lco ta3-2-gasoleo) [1]
1: (POP-UNITARYPIPE s12 b5 a1 a2 b6 gasoleo rat-a ta1-1-rat-a ta2-1-gasoleo) [1]
2: (POP-UNITARYPIPE s12 b0 a1 a2 b5 rat-a gasoleo ta1-2-gasoleo ta2-1-rat-a) [1]
3: (PUSH-UNITARYPIPE s12 b8 a1 a2 b0 lco rat-a ta1-1-lco ta2-1-rat-a) [1]
4: (POP-UNITARYPIPE s13 b3 a1 a3 b4 oca1 lco ta1-2-lco ta3-1-oca1) [1]
5: (PUSH-UNITARYPIPE s12 b6 a1 a2 b8 rat-a lco ta1-1-rat-a ta2-1-lco) [1]
6: (POP-UNITARYPIPE s13 b1 a1 a3 b3 gasoleo oca1 ta1-1-oca1 ta3-2-gasoleo) [1]
7: (POP-UNITARYPIPE s12 b8 a1 a2 b6 lco rat-a ta1-1-rat-a ta2-1-lco) [1]
8: (POP-UNITARYPIPE s12 b9 a1 a2 b8 oc1b lco ta1-1-lco ta2-1-oc1b) [1]
9: (PUSH-UNITARYPIPE s13 b6 a1 a3 b1 rat-a gasoleo ta1-1-rat-a ta3-2-gasoleo) [1]
10: (PUSH-UNITARYPIPE s13 b7 a1 a3 b6 gasoleo rat-a ta1-1-gasoleo ta3-1-rat-a) [1]
11: (POP-UNITARYPIPE s13 b6 a1 a3 b7 rat-a gasoleo ta1-1-gasoleo ta3-1-rat-a) [1]
12: (PUSH-UNITARYPIPE s12 b4 a1 a2 b9 lco oc1b ta1-1-lco ta2-1-oc1b) [1]
13: (PUSH-UNITARYPIPE s12 b3 a1 a2 b4 oca1 lco ta1-1-oca1 ta2-1-lco) [1]
14: (PUSH-UNITARYPIPE s13 b7 a1 a3 b6 gasoleo rat-a ta1-1-gasoleo ta3-1-rat-a) [1]
15: (POP-UNITARYPIPE s12 b9 a1 a2 b3 oc1b oca1 ta1-1-oca1 ta2-1-oc1b) [1]
16: (POP-UNITARYPIPE s12 b4 a1 a2 b9 lco oc1b ta1-1-oc1b ta2-1-lco) [1]
17: (POP-UNITARYPIPE s13 b6 a1 a3 b7 rat-a gasoleo ta1-1-gasoleo ta3-1-rat-a) [1]
18: (PUSH-UNITARYPIPE s12 b7 a1 a2 b4 gasoleo lco ta1-2-gasoleo ta2-1-lco) [1]
19: (PUSH-UNITARYPIPE s12 b9 a1 a2 b7 oc1b gasoleo ta1-1-oc1b ta2-1-gasoleo) [1]
20: (POP-UNITARYPIPE s12 b4 a1 a2 b9 lco oc1b ta1-1-oc1b ta2-1-lco) [1]
21: (PUSH-UNITARYPIPE s13 b8 a1 a3 b6 lco rat-a ta1-2-lco ta3-1-rat-a) [1]

Valid plan : 22 actions.
Computed nodes : 22
Evaluated nodes : 8
Developed nodes : 0
Useful nodes : 0

Lookahead utility : 50.00 %
Preparation time : 0.03
Search time : 0.00
Total time : 0.03

__MEMKB 2688
