
Parsing domain..... pipesworld_strips..... done.
Parsing problem..... p10-net1-b14-g8_rt0_instance..... done.
Computing domains..... done.
Instantiating actions..... done.
Computing final representation..... done.

Parsing time : 0.00
Domains creation  time : 0.00
Instantiation time : 0.04 -> 2144 candidates, 2144 actions
Finalization time : 0.00 -> 146 fluents, 40 init

26 24 21 17 14 11 10 9 8 6 4 

0: (POP-UNITARYPIPE s12 b13 a1 a2 b2 rat-a gasoleo ta1-1-gasoleo ta2-2-rat-a) [1]
1: (POP-UNITARYPIPE s13 b3 a1 a3 b7 lco oca1 ta1-1-oca1 ta3-1-lco) [1]
2: (POP-UNITARYPIPE s13 b12 a1 a3 b3 rat-a lco ta1-2-lco ta3-1-rat-a) [1]
3: (PUSH-UNITARYPIPE s12 b0 a1 a2 b13 lco rat-a ta1-1-lco ta2-2-rat-a) [1]
4: (POP-UNITARYPIPE s12 b10 a1 a2 b0 oca1 lco ta1-3-lco ta2-2-oca1) [1]
5: (PUSH-UNITARYPIPE s13 b2 a1 a3 b12 gasoleo rat-a ta1-1-gasoleo ta3-1-rat-a) [1]
6: (POP-UNITARYPIPE s12 b1 a1 a2 b10 lco oca1 ta1-2-oca1 ta2-3-lco) [1]
7: (PUSH-UNITARYPIPE s13 b3 a1 a3 b2 lco gasoleo ta1-2-lco ta3-1-gasoleo) [1]
8: (PUSH-UNITARYPIPE s13 b10 a1 a3 b3 oca1 lco ta1-1-oca1 ta3-1-lco) [1]
9: (PUSH-UNITARYPIPE s12 b7 a1 a2 b1 oca1 lco ta1-2-oca1 ta2-3-lco) [1]
10: (POP-UNITARYPIPE s13 b2 a1 a3 b10 gasoleo oca1 ta1-1-oca1 ta3-1-gasoleo) [1]
11: (POP-UNITARYPIPE s13 b12 a1 a3 b2 rat-a gasoleo ta1-1-gasoleo ta3-1-rat-a) [1]
12: (PUSH-UNITARYPIPE s12 b0 a1 a2 b7 lco oca1 ta1-3-lco ta2-2-oca1) [1]
13: (POP-UNITARYPIPE s12 b11 a1 a2 b0 gasoleo lco ta1-3-lco ta2-1-gasoleo) [1]
14: (POP-UNITARYPIPE s13 b3 a1 a3 b12 lco rat-a ta1-1-rat-a ta3-1-lco) [1]
15: (POP-UNITARYPIPE s13 b8 a1 a3 b3 rat-a lco ta1-1-lco ta3-2-rat-a) [1]
16: (PUSH-UNITARYPIPE s12 b12 a1 a2 b11 rat-a gasoleo ta1-1-rat-a ta2-1-gasoleo) [1]
17: (PUSH-UNITARYPIPE s13 b2 a1 a3 b8 gasoleo rat-a ta1-1-gasoleo ta3-1-rat-a) [1]
18: (POP-UNITARYPIPE s12 b4 a1 a2 b12 lco rat-a ta1-2-rat-a ta2-3-lco) [1]
19: (PUSH-UNITARYPIPE s13 b10 a1 a3 b2 oca1 gasoleo ta1-1-oca1 ta3-1-gasoleo) [1]
20: (PUSH-UNITARYPIPE s13 b0 a1 a3 b10 lco oca1 ta1-1-lco ta3-1-oca1) [1]
21: (POP-UNITARYPIPE s12 b5 a1 a2 b4 oca1 lco ta1-2-lco ta2-1-oca1) [1]
22: (POP-UNITARYPIPE s13 b8 a1 a3 b0 rat-a lco ta1-1-lco ta3-1-rat-a) [1]
23: (POP-UNITARYPIPE s12 b1 a1 a2 b5 lco oca1 ta1-2-oca1 ta2-2-lco) [1]
24: (POP-UNITARYPIPE s13 b2 a1 a3 b8 gasoleo rat-a ta1-1-rat-a ta3-1-gasoleo) [1]
25: (PUSH-UNITARYPIPE s13 b0 a1 a3 b2 lco gasoleo ta1-1-lco ta3-1-gasoleo) [1]
26: (PUSH-UNITARYPIPE s12 b8 a1 a2 b1 rat-a lco ta1-2-rat-a ta2-3-lco) [1]
27: (POP-UNITARYPIPE s12 b6 a1 a2 b8 lco rat-a ta1-2-rat-a ta2-3-lco) [1]
28: (POP-UNITARYPIPE s13 b2 a1 a3 b0 gasoleo lco ta1-1-lco ta3-1-gasoleo) [1]
29: (PUSH-UNITARYPIPE s12 b12 a1 a2 b6 rat-a lco ta1-1-rat-a ta2-2-lco) [1]
30: (PUSH-UNITARYPIPE s13 b3 a1 a3 b2 lco gasoleo ta1-1-lco ta3-1-gasoleo) [1]
31: (POP-UNITARYPIPE s12 b1 a1 a2 b12 lco rat-a ta1-1-rat-a ta2-2-lco) [1]
32: (POP-UNITARYPIPE s12 b9 a1 a2 b1 rat-a lco ta1-1-lco ta2-1-rat-a) [1]
33: (PUSH-UNITARYPIPE s13 b8 a1 a3 b3 rat-a lco ta1-2-rat-a ta3-2-lco) [1]
34: (PUSH-UNITARYPIPE s12 b0 a1 a2 b9 lco rat-a ta1-3-lco ta2-1-rat-a) [1]
35: (POP-UNITARYPIPE s13 b2 a1 a3 b8 gasoleo rat-a ta1-2-rat-a ta3-1-gasoleo) [1]
36: (POP-UNITARYPIPE s12 b9 a1 a2 b0 rat-a lco ta1-3-lco ta2-2-rat-a) [1]
37: (PUSH-UNITARYPIPE s13 b12 a1 a3 b2 rat-a gasoleo ta1-2-rat-a ta3-1-gasoleo) [1]
38: (PUSH-UNITARYPIPE s12 b1 a1 a2 b9 lco rat-a ta1-3-lco ta2-2-rat-a) [1]
39: (PUSH-UNITARYPIPE s12 b8 a1 a2 b1 rat-a lco ta1-1-rat-a ta2-3-lco) [1]
40: (POP-UNITARYPIPE s12 b6 a1 a2 b8 lco rat-a ta1-2-rat-a ta2-3-lco) [1]
41: (POP-UNITARYPIPE s12 b13 a1 a2 b6 rat-a lco ta1-3-lco ta2-1-rat-a) [1]
42: (POP-UNITARYPIPE s12 b11 a1 a2 b13 gasoleo rat-a ta1-1-rat-a ta2-1-gasoleo) [1]
43: (POP-UNITARYPIPE s12 b9 a1 a2 b11 rat-a gasoleo ta1-1-gasoleo ta2-2-rat-a) [1]
44: (PUSH-UNITARYPIPE s12 b0 a1 a2 b9 lco rat-a ta1-1-lco ta2-2-rat-a) [1]
45: (PUSH-UNITARYPIPE s12 b8 a1 a2 b0 rat-a lco ta1-2-rat-a ta2-3-lco) [1]
46: (PUSH-UNITARYPIPE s12 b11 a1 a2 b8 gasoleo rat-a ta1-1-gasoleo ta2-1-rat-a) [1]
47: (POP-UNITARYPIPE s13 b3 a1 a3 b12 lco rat-a ta1-2-rat-a ta3-2-lco) [1]
48: (PUSH-UNITARYPIPE s13 b13 a1 a3 b3 rat-a lco ta1-2-rat-a ta3-1-lco) [1]
49: (POP-UNITARYPIPE s12 b9 a1 a2 b11 rat-a gasoleo ta1-1-gasoleo ta2-1-rat-a) [1]
50: (POP-UNITARYPIPE s12 b1 a1 a2 b9 lco rat-a ta1-2-rat-a ta2-3-lco) [1]
51: (POP-UNITARYPIPE s12 b7 a1 a2 b1 oca1 lco ta1-1-lco ta2-2-oca1) [1]
52: (PUSH-UNITARYPIPE s13 b1 a1 a3 b13 lco rat-a ta1-3-lco ta3-1-rat-a) [1]
53: (PUSH-UNITARYPIPE s13 b9 a1 a3 b1 rat-a lco ta1-2-rat-a ta3-2-lco) [1]
54: (PUSH-UNITARYPIPE s13 b11 a1 a3 b9 gasoleo rat-a ta1-1-gasoleo ta3-2-rat-a) [1]
55: (POP-UNITARYPIPE s13 b1 a1 a3 b11 lco gasoleo ta1-1-gasoleo ta3-1-lco) [1]
56: (PUSH-UNITARYPIPE s12 b11 a1 a2 b7 gasoleo oca1 ta1-1-gasoleo ta2-2-oca1) [1]
57: (POP-UNITARYPIPE s13 b2 a1 a3 b1 gasoleo lco ta1-3-lco ta3-1-gasoleo) [1]
58: (PUSH-UNITARYPIPE s12 b12 a1 a2 b11 rat-a gasoleo ta1-1-rat-a ta2-1-gasoleo) [1]
59: (PUSH-UNITARYPIPE s12 b1 a1 a2 b12 lco rat-a ta1-2-lco ta2-1-rat-a) [1]

Valid plan : 60 actions.
Computed nodes : 115
Evaluated nodes : 41
Developed nodes : 1
Useful nodes : 1

Lookahead utility : 20.76 %
Preparation time : 0.04
Search time : 0.01
Total time : 0.05

__MEMKB 3968
