
Parsing domain..... pipesworld_strips..... done.
Parsing problem..... p12-net2-b10-g4_rt0_instance..... done.
Computing domains..... done.
Instantiating actions..... done.
Computing final representation..... done.

Parsing time : 0.00
Domains creation  time : 0.00
Instantiation time : 0.00 -> 2096 candidates, 1460 actions
Finalization time : 0.00 -> 169 fluents, 32 init

16 15 12 8 5 3 2 

0: (POP-START s12 b4 a1 a2 b1 gasoleo rat-a ta2-1-gasoleo) [1]
1: (POP-END s12 a1 a2 b9 b1 lco ta1-1-lco) [1]
2: (PUSH-START s12 b0 a1 a2 b1 gasoleo rat-a ta1-1-gasoleo) [1]
3: (PUSH-END s12 a1 a2 b4 b1 gasoleo ta2-1-gasoleo) [1]
4: (POP-START s13 b3 a1 a3 b6 lco gasoleo ta3-1-lco) [1]
5: (PUSH-START s12 b9 a1 a2 b0 lco gasoleo ta1-1-lco) [1]
6: (PUSH-END s12 a1 a2 b1 b0 rat-a ta2-1-rat-a) [1]
7: (POP-END s13 a1 a3 b7 b6 lco ta1-1-lco) [1]
8: (PUSH-START s12 b7 a1 a2 b9 gasoleo lco ta1-2-gasoleo) [1]
9: (PUSH-END s12 a1 a2 b0 b9 gasoleo ta2-2-gasoleo) [1]
10: (POP-START s13 b8 a1 a3 b3 gasoleo lco ta3-1-gasoleo) [1]
11: (POP-END s13 a1 a3 b6 b3 gasoleo ta1-4-gasoleo) [1]
12: (PUSH-START s13 b5 a1 a3 b3 gasoleo lco ta1-4-gasoleo) [1]
13: (POP-START s12 b4 a1 a2 b9 gasoleo lco ta2-2-gasoleo) [1]
14: (POP-END s12 a1 a2 b7 b9 gasoleo ta1-4-gasoleo) [1]
15: (POP-START s12 b1 a1 a2 b4 rat-a gasoleo ta2-1-rat-a) [1]
16: (PUSH-END s13 a1 a3 b8 b3 gasoleo ta3-1-gasoleo) [1]
17: (POP-END s12 a1 a2 b9 b4 gasoleo ta1-3-gasoleo) [1]
18: (PUSH-START s13 b9 a1 a3 b5 lco gasoleo ta1-1-lco) [1]
19: (PUSH-END s13 a1 a3 b3 b5 lco ta3-1-lco) [1]
20: (POP-START s12 b0 a1 a2 b1 gasoleo rat-a ta2-1-gasoleo) [1]
21: (PUSH-START s13 b6 a1 a3 b9 gasoleo lco ta1-4-gasoleo) [1]
22: (POP-END s12 a1 a2 b4 b1 lco ta1-1-lco) [1]
23: (PUSH-END s13 a1 a3 b5 b9 gasoleo ta3-2-gasoleo) [1]
24: (POP-START s13 b5 a1 a3 b9 gasoleo lco ta3-1-gasoleo) [1]
25: (POP-END s13 a1 a3 b6 b9 gasoleo ta1-4-gasoleo) [1]
26: (PUSH-START s12 b6 a1 a2 b1 gasoleo rat-a ta1-3-gasoleo) [1]
27: (POP-START s13 b3 a1 a3 b5 lco gasoleo ta3-1-lco) [1]
28: (PUSH-END s12 a1 a2 b0 b1 gasoleo ta2-2-gasoleo) [1]
29: (POP-END s13 a1 a3 b9 b5 gasoleo ta1-3-gasoleo) [1]
30: (PUSH-START s12 b9 a1 a2 b6 lco gasoleo ta1-1-lco) [1]
31: (PUSH-END s12 a1 a2 b1 b6 rat-a ta2-1-rat-a) [1]
32: (POP-START s12 b1 a1 a2 b6 rat-a gasoleo ta2-1-rat-a) [1]
33: (POP-END s12 a1 a2 b9 b6 lco ta1-1-lco) [1]
34: (POP-START s13 b8 a1 a3 b3 gasoleo lco ta3-2-gasoleo) [1]
35: (POP-END s13 a1 a3 b5 b3 gasoleo ta1-2-gasoleo) [1]
36: (PUSH-START s12 b9 a1 a2 b6 lco gasoleo ta1-1-lco) [1]
37: (PUSH-END s12 a1 a2 b1 b6 rat-a ta2-1-rat-a) [1]
38: (PUSH-START s12 b7 a1 a2 b9 gasoleo lco ta1-4-gasoleo) [1]
39: (PUSH-END s12 a1 a2 b6 b9 gasoleo ta2-3-gasoleo) [1]
40: (POP-START s13 b2 a1 a3 b8 rat-a gasoleo ta3-1-rat-a) [1]
41: (POP-START s12 b6 a1 a2 b9 gasoleo lco ta2-2-gasoleo) [1]
42: (POP-END s12 a1 a2 b7 b9 lco ta1-1-lco) [1]
43: (POP-START s12 b1 a1 a2 b6 rat-a gasoleo ta2-1-rat-a) [1]
44: (POP-END s13 a1 a3 b3 b8 gasoleo ta1-4-gasoleo) [1]
45: (POP-END s12 a1 a2 b9 b6 gasoleo ta1-1-gasoleo) [1]
46: (PUSH-START s13 b9 a1 a3 b8 lco gasoleo ta1-1-lco) [1]
47: (PUSH-END s13 a1 a3 b2 b8 rat-a ta3-1-rat-a) [1]
48: (POP-START s13 b2 a1 a3 b8 rat-a gasoleo ta3-1-rat-a) [1]
49: (POP-END s13 a1 a3 b9 b8 lco ta1-1-lco) [1]
50: (PUSH-START s12 b3 a1 a2 b6 lco gasoleo ta1-1-lco) [1]
51: (PUSH-END s12 a1 a2 b1 b6 rat-a ta2-1-rat-a) [1]
52: (POP-START s12 b1 a1 a2 b6 rat-a gasoleo ta2-1-rat-a) [1]
53: (POP-END s12 a1 a2 b3 b6 lco ta1-1-lco) [1]
54: (PUSH-START s13 b9 a1 a3 b8 lco gasoleo ta1-1-lco) [1]
55: (PUSH-END s13 a1 a3 b2 b8 rat-a ta3-1-rat-a) [1]
56: (PUSH-START s13 b7 a1 a3 b9 gasoleo lco ta1-4-gasoleo) [1]
57: (PUSH-END s13 a1 a3 b8 b9 gasoleo ta3-2-gasoleo) [1]
58: (POP-START s12 b0 a1 a2 b1 gasoleo rat-a ta2-3-gasoleo) [1]
59: (POP-END s12 a1 a2 b6 b1 lco ta1-1-lco) [1]
60: (PUSH-START s13 b3 a1 a3 b7 lco gasoleo ta1-1-lco) [1]
61: (PUSH-END s13 a1 a3 b9 b7 lco ta3-1-lco) [1]
62: (POP-START s13 b2 a1 a3 b7 rat-a gasoleo ta3-1-rat-a) [1]
63: (PUSH-START s12 b6 a1 a2 b1 gasoleo rat-a ta1-3-gasoleo) [1]
64: (PUSH-END s12 a1 a2 b0 b1 gasoleo ta2-2-gasoleo) [1]
65: (POP-END s13 a1 a3 b3 b7 lco ta1-1-lco) [1]
66: (PUSH-START s12 b3 a1 a2 b6 lco gasoleo ta1-1-lco) [1]
67: (PUSH-END s12 a1 a2 b1 b6 rat-a ta2-1-rat-a) [1]
68: (PUSH-START s12 b5 a1 a2 b3 gasoleo lco ta1-1-gasoleo) [1]
69: (PUSH-END s12 a1 a2 b6 b3 gasoleo ta2-3-gasoleo) [1]

Valid plan : 70 actions.
Computed nodes : 1458
Evaluated nodes : 363
Developed nodes : 7
Useful nodes : 4

Lookahead utility : 26.09 %
Preparation time : 0.00
Search time : 0.08
Total time : 0.08

__MEMKB 3584
