
Parsing domain..... pipesworld_strips..... done.
Parsing problem..... p19-net2-b18-g6_rt0_instance..... done.
Computing domains..... done.
Instantiating actions..... done.
Computing final representation..... done.

Parsing time : 0.00
Domains creation  time : 0.00
Instantiation time : 0.02 -> 8910 candidates, 5902 actions
Finalization time : 0.00 -> 377 fluents, 52 init

27 22 21 19 15 14 11 10 9 8 7 3 2 1 

0: (PUSH-START s13 b12 a1 a3 b14 gasoleo rat-a ta1-1-gasoleo) [1]
1: (POP-START s12 b5 a1 a2 b13 gasoleo oc1b ta2-2-gasoleo) [1]
2: (POP-END s12 a1 a2 b2 b13 gasoleo ta1-2-gasoleo) [1]
3: (PUSH-START s12 b3 a1 a2 b13 oca1 oc1b ta1-1-oca1) [1]
4: (PUSH-END s13 a1 a3 b8 b14 rat-a ta3-3-rat-a) [1]
5: (PUSH-START s13 b7 a1 a3 b12 lco gasoleo ta1-1-lco) [1]
6: (PUSH-END s12 a1 a2 b5 b13 gasoleo ta2-2-gasoleo) [1]
7: (PUSH-END s13 a1 a3 b14 b12 rat-a ta3-2-rat-a) [1]
8: (POP-START s12 b11 a1 a2 b13 oca1 oc1b ta2-1-oca1) [1]
9: (POP-END s12 a1 a2 b3 b13 oc1b ta1-2-oc1b) [1]
10: (PUSH-START s13 b2 a1 a3 b7 oca1 lco ta1-2-oca1) [1]
11: (PUSH-END s13 a1 a3 b12 b7 gasoleo ta3-2-gasoleo) [1]
12: (POP-START s13 b15 a1 a3 b7 oc1b lco ta3-1-oc1b) [1]
13: (POP-END s13 a1 a3 b2 b7 oca1 ta1-1-oca1) [1]
14: (POP-START s12 b5 a1 a2 b11 gasoleo oca1 ta2-2-gasoleo) [1]
15: (POP-START s13 b12 a1 a3 b15 gasoleo oc1b ta3-2-gasoleo) [1]
16: (POP-END s13 a1 a3 b7 b15 lco ta1-1-lco) [1]
17: (POP-START s13 b14 a1 a3 b12 rat-a gasoleo ta3-3-rat-a) [1]
18: (POP-END s13 a1 a3 b15 b12 gasoleo ta1-1-gasoleo) [1]
19: (POP-START s13 b6 a1 a3 b14 lco rat-a ta3-1-lco) [1]
20: (POP-END s12 a1 a2 b13 b11 rat-a ta1-3-rat-a) [1]
21: (POP-START s12 b4 a1 a2 b5 rat-a gasoleo ta2-1-rat-a) [1]
22: (POP-END s13 a1 a3 b12 b14 rat-a ta1-2-rat-a) [1]
23: (POP-START s13 b10 a1 a3 b6 gasoleo lco ta3-1-gasoleo) [1]
24: (POP-END s13 a1 a3 b14 b6 oca1 ta1-2-oca1) [1]
25: (PUSH-START s13 b12 a1 a3 b6 gasoleo lco ta1-2-gasoleo) [1]
26: (POP-END s12 a1 a2 b11 b5 oc1b ta1-1-oc1b) [1]
27: (PUSH-END s13 a1 a3 b10 b6 gasoleo ta3-2-gasoleo) [1]
28: (POP-START s12 b16 a1 a2 b4 gasoleo rat-a ta2-1-gasoleo) [1]
29: (POP-END s12 a1 a2 b5 b4 gasoleo ta1-2-gasoleo) [1]
30: (PUSH-START s13 b3 a1 a3 b12 oca1 gasoleo ta1-1-oca1) [1]
31: (PUSH-END s13 a1 a3 b6 b12 lco ta3-1-lco) [1]
32: (PUSH-START s12 b7 a1 a2 b4 lco rat-a ta1-1-lco) [1]
33: (PUSH-END s12 a1 a2 b16 b4 gasoleo ta2-2-gasoleo) [1]
34: (PUSH-START s12 b5 a1 a2 b7 gasoleo lco ta1-2-gasoleo) [1]
35: (PUSH-END s12 a1 a2 b4 b7 rat-a ta2-2-rat-a) [1]
36: (POP-START s12 b16 a1 a2 b7 gasoleo lco ta2-2-gasoleo) [1]
37: (POP-START s13 b6 a1 a3 b12 lco gasoleo ta3-1-lco) [1]
38: (POP-END s13 a1 a3 b3 b12 lco ta1-1-lco) [1]
39: (POP-START s13 b1 a1 a3 b6 rat-a lco ta3-1-rat-a) [1]
40: (POP-END s12 a1 a2 b5 b7 gasoleo ta1-2-gasoleo) [1]
41: (PUSH-START s12 b3 a1 a2 b7 oca1 lco ta1-2-oca1) [1]
42: (POP-END s13 a1 a3 b12 b6 oca1 ta1-1-oca1) [1]
43: (PUSH-END s12 a1 a2 b16 b7 gasoleo ta2-2-gasoleo) [1]
44: (PUSH-START s12 b5 a1 a2 b3 gasoleo oca1 ta1-2-gasoleo) [1]
45: (PUSH-END s12 a1 a2 b7 b3 lco ta2-1-lco) [1]
46: (PUSH-START s13 b14 a1 a3 b6 rat-a lco ta1-3-rat-a) [1]
47: (PUSH-END s13 a1 a3 b1 b6 rat-a ta3-3-rat-a) [1]
48: (POP-START s12 b7 a1 a2 b3 lco oca1 ta2-1-lco) [1]
49: (POP-END s12 a1 a2 b5 b3 gasoleo ta1-2-gasoleo) [1]
50: (PUSH-START s12 b12 a1 a2 b3 gasoleo oca1 ta1-1-gasoleo) [1]
51: (PUSH-END s12 a1 a2 b7 b3 lco ta2-1-lco) [1]
52: (PUSH-START s12 b9 a1 a2 b12 oca1 gasoleo ta1-1-oca1) [1]
53: (PUSH-END s12 a1 a2 b3 b12 oca1 ta2-1-oca1) [1]
54: (PUSH-START s12 b13 a1 a2 b9 oc1b oca1 ta1-2-oc1b) [1]
55: (PUSH-END s12 a1 a2 b12 b9 gasoleo ta2-1-gasoleo) [1]

Valid plan : 56 actions.
Computed nodes : 385
Evaluated nodes : 129
Developed nodes : 3
Useful nodes : 3

Lookahead utility : 24.07 %
Preparation time : 0.02
Search time : 0.09
Total time : 0.11

__MEMKB 5376
