
Parsing domain..... pipesworld_strips..... done.
Parsing problem..... p23-net3-b14-g3_rt0_instance..... done.
Computing domains..... done.
Instantiating actions..... done.
Computing final representation..... done.

Parsing time : 0.00
Domains creation  time : 0.00
Instantiation time : 0.18 -> 6676 candidates, 5400 actions
Finalization time : 0.00 -> 345 fluents, 55 init

19 17 15 13 11 9 7 5 3 2 

0: (POP-START s13 b11 a1 a3 b3 oc1b gasoleo ta3-1-oc1b) [1]
1: (POP-UNITARYPIPE s34 b13 a3 a4 b12 lco oca1 ta3-1-oca1 ta4-1-lco) [1]
2: (POP-UNITARYPIPE s34 b10 a3 a4 b13 oc1b lco ta3-1-lco ta4-1-oc1b) [1]
3: (POP-END s13 a1 a3 b1 b3 oca1 ta1-1-oca1) [1]
4: (PUSH-START s12 b9 a1 a2 b5 oc1b gasoleo ta1-2-oc1b) [1]
5: (POP-START s13 b12 a1 a3 b11 oca1 oc1b ta3-1-oca1) [1]
6: (POP-END s13 a1 a3 b3 b11 lco ta1-1-lco) [1]
7: (POP-START s13 b13 a1 a3 b12 lco oca1 ta3-1-lco) [1]
8: (POP-END s13 a1 a3 b11 b12 oc1b ta1-3-oc1b) [1]
9: (POP-START s13 b4 a1 a3 b13 gasoleo lco ta3-1-gasoleo) [1]
10: (PUSH-END s12 a1 a2 b2 b5 gasoleo ta2-3-gasoleo) [1]
11: (POP-END s13 a1 a3 b12 b13 oc1b ta1-2-oc1b) [1]
12: (PUSH-START s12 b12 a1 a2 b9 oca1 oc1b ta1-1-oca1) [1]
13: (PUSH-END s12 a1 a2 b5 b9 gasoleo ta2-2-gasoleo) [1]
14: (PUSH-START s12 b11 a1 a2 b12 oc1b oca1 ta1-2-oc1b) [1]
15: (PUSH-END s12 a1 a2 b9 b12 oc1b ta2-1-oc1b) [1]
16: (POP-START s12 b0 a1 a2 b12 gasoleo oca1 ta2-1-gasoleo) [1]
17: (PUSH-START s13 b8 a1 a3 b13 oc1b lco ta1-1-oc1b) [1]
18: (POP-END s12 a1 a2 b11 b12 oc1b ta1-2-oc1b) [1]
19: (POP-START s12 b6 a1 a2 b0 oca1 gasoleo ta2-1-oca1) [1]
20: (PUSH-END s13 a1 a3 b4 b13 gasoleo ta3-1-gasoleo) [1]
21: (PUSH-UNITARYPIPE s34 b4 a3 a4 b10 gasoleo oc1b ta3-1-gasoleo ta4-2-oc1b) [1]
22: (POP-UNITARYPIPE s34 b7 a3 a4 b4 rat-a gasoleo ta3-3-gasoleo ta4-1-rat-a) [1]
23: (POP-END s12 a1 a2 b12 b0 oca1 ta1-1-oca1) [1]
24: (POP-START s13 b4 a1 a3 b13 gasoleo lco ta3-3-gasoleo) [1]
25: (POP-END s13 a1 a3 b8 b13 oc1b ta1-1-oc1b) [1]
26: (PUSH-START s13 b11 a1 a3 b13 oc1b lco ta1-2-oc1b) [1]
27: (PUSH-START s12 b12 a1 a2 b0 oca1 gasoleo ta1-1-oca1) [1]
28: (PUSH-END s13 a1 a3 b4 b13 gasoleo ta3-1-gasoleo) [1]
29: (PUSH-END s12 a1 a2 b6 b0 oca1 ta2-1-oca1) [1]
30: (PUSH-UNITARYPIPE s34 b4 a3 a4 b7 gasoleo rat-a ta3-1-gasoleo ta4-1-rat-a) [1]
31: (PUSH-START s12 b8 a1 a2 b12 oc1b oca1 ta1-1-oc1b) [1]
32: (PUSH-END s12 a1 a2 b0 b12 gasoleo ta2-1-gasoleo) [1]
33: (POP-START s12 b0 a1 a2 b12 gasoleo oca1 ta2-1-gasoleo) [1]
34: (POP-END s12 a1 a2 b8 b12 gasoleo ta1-3-gasoleo) [1]
35: (POP-START s12 b6 a1 a2 b0 oca1 gasoleo ta2-1-oca1) [1]
36: (PUSH-START s13 b3 a1 a3 b11 gasoleo oc1b ta1-3-gasoleo) [1]
37: (PUSH-END s13 a1 a3 b13 b11 lco ta3-1-lco) [1]
38: (POP-UNITARYPIPE s34 b7 a3 a4 b4 rat-a gasoleo ta3-1-gasoleo ta4-1-rat-a) [1]
39: (POP-END s12 a1 a2 b12 b0 gasoleo ta1-3-gasoleo) [1]
40: (PUSH-START s13 b8 a1 a3 b3 oc1b gasoleo ta1-3-oc1b) [1]
41: (PUSH-UNITARYPIPE s34 b13 a3 a4 b7 lco rat-a ta3-1-lco ta4-1-rat-a) [1]
42: (PUSH-END s13 a1 a3 b11 b3 oc1b ta3-3-oc1b) [1]
43: (POP-START s13 b11 a1 a3 b3 oc1b gasoleo ta3-3-oc1b) [1]
44: (POP-UNITARYPIPE s34 b7 a3 a4 b13 rat-a lco ta3-1-lco ta4-1-rat-a) [1]
45: (POP-END s13 a1 a3 b8 b3 gasoleo ta1-2-gasoleo) [1]
46: (POP-START s12 b5 a1 a2 b6 gasoleo oca1 ta2-3-gasoleo) [1]
47: (POP-END s12 a1 a2 b0 b6 oca1 ta1-1-oca1) [1]
48: (PUSH-START s13 b12 a1 a3 b3 oca1 gasoleo ta1-1-oca1) [1]
49: (POP-START s12 b9 a1 a2 b5 oc1b gasoleo ta2-1-oc1b) [1]
50: (PUSH-UNITARYPIPE s34 b13 a3 a4 b7 lco rat-a ta3-1-lco ta4-1-rat-a) [1]
51: (PUSH-END s13 a1 a3 b11 b3 oc1b ta3-3-oc1b) [1]
52: (POP-END s12 a1 a2 b6 b5 gasoleo ta1-1-gasoleo) [1]
53: (PUSH-START s13 b0 a1 a3 b12 gasoleo oca1 ta1-2-gasoleo) [1]
54: (PUSH-END s13 a1 a3 b3 b12 gasoleo ta3-2-gasoleo) [1]
55: (POP-START s12 b2 a1 a2 b9 gasoleo oc1b ta2-2-gasoleo) [1]
56: (PUSH-UNITARYPIPE s34 b11 a3 a4 b13 oc1b lco ta3-3-oc1b ta4-1-lco) [1]
57: (PUSH-UNITARYPIPE s34 b4 a3 a4 b11 gasoleo oc1b ta3-1-gasoleo ta4-1-oc1b) [1]
58: (POP-END s12 a1 a2 b5 b9 oca1 ta1-1-oca1) [1]
59: (PUSH-START s13 b6 a1 a3 b0 oca1 gasoleo ta1-1-oca1) [1]
60: (POP-UNITARYPIPE s34 b7 a3 a4 b4 rat-a gasoleo ta3-3-gasoleo ta4-1-rat-a) [1]
61: (PUSH-START s12 b5 a1 a2 b9 gasoleo oc1b ta1-3-gasoleo) [1]
62: (POP-UNITARYPIPE s34 b13 a3 a4 b7 lco rat-a ta3-1-rat-a ta4-1-lco) [1]
63: (PUSH-END s13 a1 a3 b12 b0 oca1 ta3-1-oca1) [1]
64: (PUSH-END s12 a1 a2 b2 b9 gasoleo ta2-3-gasoleo) [1]
65: (POP-START s12 b2 a1 a2 b9 gasoleo oc1b ta2-3-gasoleo) [1]
66: (POP-UNITARYPIPE s34 b11 a3 a4 b13 oc1b lco ta3-1-lco ta4-1-oc1b) [1]
67: (POP-END s12 a1 a2 b5 b9 oc1b ta1-3-oc1b) [1]
68: (POP-START s13 b12 a1 a3 b0 oca1 gasoleo ta3-1-oca1) [1]
69: (POP-END s13 a1 a3 b6 b0 gasoleo ta1-3-gasoleo) [1]
70: (POP-START s13 b13 a1 a3 b12 lco oca1 ta3-1-lco) [1]
71: (POP-END s13 a1 a3 b0 b12 oc1b ta1-1-oc1b) [1]
72: (PUSH-UNITARYPIPE s34 b3 a3 a4 b11 gasoleo oc1b ta3-2-gasoleo ta4-1-oc1b) [1]
73: (POP-START s13 b4 a1 a3 b13 gasoleo lco ta3-3-gasoleo) [1]
74: (POP-END s13 a1 a3 b12 b13 oca1 ta1-1-oca1) [1]
75: (PUSH-START s12 b12 a1 a2 b9 oca1 oc1b ta1-1-oca1) [1]
76: (PUSH-END s12 a1 a2 b2 b9 gasoleo ta2-2-gasoleo) [1]
77: (PUSH-START s12 b5 a1 a2 b12 gasoleo oca1 ta1-1-gasoleo) [1]
78: (PUSH-END s12 a1 a2 b9 b12 oc1b ta2-1-oc1b) [1]
79: (PUSH-START s12 b8 a1 a2 b5 oc1b gasoleo ta1-3-oc1b) [1]
80: (PUSH-END s12 a1 a2 b12 b5 oca1 ta2-1-oca1) [1]

Valid plan : 81 actions.
Computed nodes : 196
Evaluated nodes : 44
Developed nodes : 1
Useful nodes : 1

Lookahead utility : 35.08 %
Preparation time : 0.18
Search time : 0.03
Total time : 0.21

__MEMKB 5504
