
Parsing domain..... pipesworld_strips..... done.
Parsing problem..... p25-net3-b16-g5_rt0_instance..... done.
Computing domains..... done.
Instantiating actions..... done.
Computing final representation..... done.

Parsing time : 0.00
Domains creation  time : 0.00
Instantiation time : 0.32 -> 11044 candidates, 8470 actions
Finalization time : 0.00 -> 409 fluents, 65 init

27 23 19 17 14 13 7 4 2 

0: (POP-UNITARYPIPE s34 b3 a3 a4 b1 oc1b gasoleo ta3-2-gasoleo ta4-3-oc1b) [1]
1: (POP-UNITARYPIPE s34 b12 a3 a4 b3 lco oc1b ta3-5-oc1b ta4-1-lco) [1]
2: (POP-START s13 b1 a1 a3 b14 gasoleo oca1 ta3-1-gasoleo) [1]
3: (POP-END s13 a1 a3 b15 b14 lco ta1-2-lco) [1]
4: (POP-START s12 b4 a1 a2 b9 rat-a lco ta2-1-rat-a) [1]
5: (POP-START s13 b3 a1 a3 b1 oc1b gasoleo ta3-1-oc1b) [1]
6: (POP-END s13 a1 a3 b14 b1 rat-a ta1-1-rat-a) [1]
7: (POP-END s12 a1 a2 b2 b9 lco ta1-1-lco) [1]
8: (PUSH-START s13 b2 a1 a3 b1 lco gasoleo ta1-1-lco) [1]
9: (PUSH-START s12 b15 a1 a2 b9 oc1b lco ta1-1-oc1b) [1]
10: (PUSH-END s12 a1 a2 b4 b9 rat-a ta2-1-rat-a) [1]
11: (POP-START s12 b11 a1 a2 b9 oc1b lco ta2-2-oc1b) [1]
12: (PUSH-END s13 a1 a3 b3 b1 oc1b ta3-2-oc1b) [1]
13: (POP-END s12 a1 a2 b15 b9 oc1b ta1-5-oc1b) [1]
14: (PUSH-START s13 b8 a1 a3 b2 oc1b lco ta1-5-oc1b) [1]
15: (PUSH-END s13 a1 a3 b1 b2 gasoleo ta3-1-gasoleo) [1]
16: (POP-UNITARYPIPE s34 b0 a3 a4 b12 oc1b lco ta3-1-lco ta4-1-oc1b) [1]
17: (PUSH-START s13 b7 a1 a3 b8 gasoleo oc1b ta1-1-gasoleo) [1]
18: (PUSH-END s13 a1 a3 b2 b8 lco ta3-2-lco) [1]
19: (PUSH-UNITARYPIPE s34 b1 a3 a4 b0 gasoleo oc1b ta3-2-gasoleo ta4-3-oc1b) [1]
20: (POP-START s13 b12 a1 a3 b8 lco oc1b ta3-1-lco) [1]
21: (POP-END s13 a1 a3 b7 b8 oca1 ta1-1-oca1) [1]
22: (POP-START s13 b3 a1 a3 b12 oc1b lco ta3-5-oc1b) [1]
23: (PUSH-START s12 b14 a1 a2 b9 oca1 lco ta1-1-oca1) [1]
24: (POP-END s13 a1 a3 b8 b12 oc1b ta1-1-oc1b) [1]
25: (PUSH-END s12 a1 a2 b11 b9 oc1b ta2-2-oc1b) [1]
26: (POP-START s12 b4 a1 a2 b9 rat-a lco ta2-1-rat-a) [1]
27: (POP-END s12 a1 a2 b14 b9 lco ta1-1-lco) [1]
28: (PUSH-START s13 b8 a1 a3 b12 oc1b lco ta1-1-oc1b) [1]
29: (POP-UNITARYPIPE s34 b10 a3 a4 b1 oc1b gasoleo ta3-2-gasoleo ta4-3-oc1b) [1]
30: (PUSH-END s13 a1 a3 b3 b12 oc1b ta3-3-oc1b) [1]
31: (POP-START s13 b3 a1 a3 b12 oc1b lco ta3-3-oc1b) [1]
32: (PUSH-UNITARYPIPE s34 b2 a3 a4 b10 lco oc1b ta3-2-lco ta4-3-oc1b) [1]
33: (POP-END s13 a1 a3 b8 b12 oc1b ta1-1-oc1b) [1]
34: (POP-START s13 b1 a1 a3 b3 gasoleo oc1b ta3-2-gasoleo) [1]
35: (POP-END s13 a1 a3 b12 b3 gasoleo ta1-2-gasoleo) [1]
36: (PUSH-START s12 b7 a1 a2 b9 gasoleo lco ta1-2-gasoleo) [1]
37: (PUSH-END s12 a1 a2 b4 b9 rat-a ta2-1-rat-a) [1]
38: (POP-START s12 b11 a1 a2 b9 oc1b lco ta2-2-oc1b) [1]
39: (POP-UNITARYPIPE s34 b10 a3 a4 b2 oc1b lco ta3-1-lco ta4-3-oc1b) [1]
40: (POP-END s12 a1 a2 b7 b9 gasoleo ta1-2-gasoleo) [1]
41: (POP-START s13 b2 a1 a3 b1 lco gasoleo ta3-1-lco) [1]
42: (POP-END s13 a1 a3 b3 b1 oca1 ta1-1-oca1) [1]
43: (PUSH-START s12 b14 a1 a2 b9 oca1 lco ta1-1-oca1) [1]
44: (POP-START s13 b6 a1 a3 b2 gasoleo lco ta3-1-gasoleo) [1]
45: (POP-END s13 a1 a3 b1 b2 gasoleo ta1-1-gasoleo) [1]
46: (PUSH-END s12 a1 a2 b11 b9 oc1b ta2-2-oc1b) [1]
47: (PUSH-START s12 b12 a1 a2 b14 lco oca1 ta1-1-lco) [1]
48: (PUSH-END s12 a1 a2 b9 b14 lco ta2-1-lco) [1]
49: (POP-START s13 b5 a1 a3 b6 oc1b gasoleo ta3-2-oc1b) [1]
50: (PUSH-START s12 b3 a1 a2 b12 oc1b lco ta1-1-oc1b) [1]
51: (POP-END s13 a1 a3 b2 b6 lco ta1-1-lco) [1]
52: (PUSH-END s12 a1 a2 b14 b12 oca1 ta2-1-oca1) [1]
53: (PUSH-START s12 b1 a1 a2 b3 gasoleo oc1b ta1-2-gasoleo) [1]
54: (PUSH-END s12 a1 a2 b12 b3 lco ta2-2-lco) [1]
55: (PUSH-START s12 b2 a1 a2 b1 lco gasoleo ta1-1-lco) [1]
56: (PUSH-END s12 a1 a2 b3 b1 oc1b ta2-3-oc1b) [1]
57: (POP-START s12 b9 a1 a2 b1 lco gasoleo ta2-1-lco) [1]
58: (POP-END s12 a1 a2 b2 b1 oc1b ta1-5-oc1b) [1]
59: (PUSH-START s13 b2 a1 a3 b6 lco gasoleo ta1-2-lco) [1]
60: (PUSH-END s13 a1 a3 b5 b6 oc1b ta3-5-oc1b) [1]
61: (POP-START s12 b3 a1 a2 b9 oc1b lco ta2-1-oc1b) [1]
62: (POP-END s12 a1 a2 b1 b9 lco ta1-1-lco) [1]
63: (POP-START s13 b5 a1 a3 b6 oc1b gasoleo ta3-5-oc1b) [1]
64: (POP-START s12 b12 a1 a2 b3 lco oc1b ta2-2-lco) [1]
65: (POP-END s12 a1 a2 b9 b3 oc1b ta1-1-oc1b) [1]
66: (POP-END s13 a1 a3 b2 b6 lco ta1-2-lco) [1]
67: (PUSH-START s12 b2 a1 a2 b3 lco oc1b ta1-1-lco) [1]
68: (PUSH-END s12 a1 a2 b12 b3 lco ta2-1-lco) [1]
69: (PUSH-START s13 b9 a1 a3 b6 lco gasoleo ta1-2-lco) [1]
70: (PUSH-START s12 b1 a1 a2 b2 gasoleo lco ta1-1-gasoleo) [1]
71: (PUSH-END s13 a1 a3 b5 b6 oc1b ta3-5-oc1b) [1]
72: (PUSH-END s12 a1 a2 b3 b2 oc1b ta2-4-oc1b) [1]
73: (PUSH-START s13 b8 a1 a3 b9 oc1b lco ta1-5-oc1b) [1]
74: (POP-START s12 b11 a1 a2 b2 oc1b lco ta2-4-oc1b) [1]
75: (PUSH-END s13 a1 a3 b6 b9 gasoleo ta3-1-gasoleo) [1]
76: (POP-END s12 a1 a2 b1 b2 gasoleo ta1-1-gasoleo) [1]
77: (PUSH-UNITARYPIPE s34 b6 a3 a4 b10 gasoleo oc1b ta3-1-gasoleo ta4-3-oc1b) [1]
78: (POP-START s12 b12 a1 a2 b11 lco oc1b ta2-1-lco) [1]
79: (POP-END s12 a1 a2 b2 b11 lco ta1-2-lco) [1]
80: (POP-START s13 b5 a1 a3 b9 oc1b lco ta3-5-oc1b) [1]
81: (POP-UNITARYPIPE s34 b10 a3 a4 b6 oc1b gasoleo ta3-1-gasoleo ta4-3-oc1b) [1]
82: (POP-START s12 b13 a1 a2 b12 oc1b lco ta2-2-oc1b) [1]
83: (POP-END s13 a1 a3 b8 b9 lco ta1-1-lco) [1]
84: (POP-END s12 a1 a2 b11 b12 oc1b ta1-2-oc1b) [1]
85: (PUSH-START s13 b11 a1 a3 b9 oc1b lco ta1-1-oc1b) [1]
86: (PUSH-UNITARYPIPE s34 b6 a3 a4 b10 gasoleo oc1b ta3-1-gasoleo ta4-3-oc1b) [1]
87: (PUSH-END s13 a1 a3 b5 b9 oc1b ta3-5-oc1b) [1]
88: (POP-START s12 b14 a1 a2 b13 oca1 oc1b ta2-1-oca1) [1]
89: (PUSH-START s13 b2 a1 a3 b11 lco oc1b ta1-2-lco) [1]
90: (POP-END s12 a1 a2 b12 b13 gasoleo ta1-2-gasoleo) [1]
91: (PUSH-END s13 a1 a3 b9 b11 lco ta3-1-lco) [1]
92: (POP-UNITARYPIPE s34 b10 a3 a4 b6 oc1b gasoleo ta3-1-gasoleo ta4-3-oc1b) [1]
93: (PUSH-START s13 b1 a1 a3 b2 gasoleo lco ta1-1-gasoleo) [1]
94: (POP-START s12 b3 a1 a2 b14 oc1b oca1 ta2-3-oc1b) [1]
95: (PUSH-END s13 a1 a3 b11 b2 oc1b ta3-1-oc1b) [1]
96: (PUSH-UNITARYPIPE s34 b9 a3 a4 b10 lco oc1b ta3-1-lco ta4-3-oc1b) [1]
97: (PUSH-START s13 b12 a1 a3 b1 lco gasoleo ta1-1-lco) [1]
98: (PUSH-UNITARYPIPE s34 b11 a3 a4 b9 oc1b lco ta3-5-oc1b ta4-1-lco) [1]
99: (POP-END s12 a1 a2 b13 b14 lco ta1-2-lco) [1]
100: (PUSH-END s13 a1 a3 b2 b1 lco ta3-2-lco) [1]
101: (PUSH-START s13 b15 a1 a3 b12 oc1b lco ta1-2-oc1b) [1]
102: (PUSH-UNITARYPIPE s34 b2 a3 a4 b11 lco oc1b ta3-2-lco ta4-1-oc1b) [1]
103: (POP-UNITARYPIPE s34 b10 a3 a4 b2 oc1b lco ta3-1-lco ta4-3-oc1b) [1]
104: (POP-UNITARYPIPE s34 b9 a3 a4 b10 lco oc1b ta3-5-oc1b ta4-1-lco) [1]
105: (PUSH-START s12 b7 a1 a2 b14 gasoleo oca1 ta1-2-gasoleo) [1]
106: (PUSH-END s12 a1 a2 b3 b14 oc1b ta2-3-oc1b) [1]
107: (PUSH-END s13 a1 a3 b1 b12 gasoleo ta3-2-gasoleo) [1]
108: (POP-START s12 b3 a1 a2 b14 oc1b oca1 ta2-3-oc1b) [1]
109: (POP-UNITARYPIPE s34 b11 a3 a4 b9 oc1b lco ta3-2-lco ta4-2-oc1b) [1]
110: (POP-END s12 a1 a2 b7 b14 gasoleo ta1-2-gasoleo) [1]
111: (PUSH-START s13 b7 a1 a3 b15 gasoleo oc1b ta1-2-gasoleo) [1]
112: (PUSH-UNITARYPIPE s34 b9 a3 a4 b11 lco oc1b ta3-1-lco ta4-3-oc1b) [1]
113: (PUSH-END s13 a1 a3 b12 b15 lco ta3-1-lco) [1]
114: (POP-START s13 b2 a1 a3 b15 lco oc1b ta3-2-lco) [1]
115: (POP-END s13 a1 a3 b7 b15 oc1b ta1-5-oc1b) [1]
116: (PUSH-START s12 b8 a1 a2 b14 oc1b oca1 ta1-5-oc1b) [1]
117: (PUSH-END s12 a1 a2 b3 b14 oc1b ta2-3-oc1b) [1]
118: (POP-START s12 b3 a1 a2 b14 oc1b oca1 ta2-3-oc1b) [1]
119: (POP-UNITARYPIPE s34 b11 a3 a4 b9 oc1b lco ta3-2-lco ta4-3-oc1b) [1]
120: (POP-END s12 a1 a2 b8 b14 gasoleo ta1-2-gasoleo) [1]
121: (POP-START s13 b10 a1 a3 b2 oc1b lco ta3-1-oc1b) [1]
122: (POP-END s13 a1 a3 b15 b2 lco ta1-1-lco) [1]
123: (POP-START s13 b9 a1 a3 b10 lco oc1b ta3-1-lco) [1]
124: (POP-END s13 a1 a3 b2 b10 oc1b ta1-1-oc1b) [1]
125: (PUSH-START s12 b2 a1 a2 b14 lco oca1 ta1-2-lco) [1]
126: (PUSH-UNITARYPIPE s34 b12 a3 a4 b11 lco oc1b ta3-2-lco ta4-4-oc1b) [1]
127: (PUSH-END s12 a1 a2 b3 b14 oc1b ta2-3-oc1b) [1]
128: (PUSH-START s12 b13 a1 a2 b2 oc1b lco ta1-1-oc1b) [1]
129: (POP-START s13 b1 a1 a3 b9 gasoleo lco ta3-1-gasoleo) [1]
130: (POP-END s13 a1 a3 b10 b9 lco ta1-2-lco) [1]
131: (PUSH-END s12 a1 a2 b14 b2 oca1 ta2-1-oca1) [1]
132: (PUSH-START s12 b7 a1 a2 b13 gasoleo oc1b ta1-2-gasoleo) [1]
133: (POP-START s13 b5 a1 a3 b1 oc1b gasoleo ta3-5-oc1b) [1]
134: (PUSH-END s12 a1 a2 b2 b13 lco ta2-1-lco) [1]
135: (POP-END s13 a1 a3 b9 b1 oc1b ta1-1-oc1b) [1]

Valid plan : 136 actions.
Computed nodes : 1508
Evaluated nodes : 290
Developed nodes : 2
Useful nodes : 2

Lookahead utility : 25.97 %
Preparation time : 0.32
Search time : 0.36
Total time : 0.68

__MEMKB 7296
