
Parsing domain..... pipesworld_strips..... done.
Parsing problem..... p30-net3-b20-g8_rt0_instance..... done.
Computing domains..... done.
Instantiating actions..... done.
Computing final representation..... done.

Parsing time : 0.00
Domains creation  time : 0.00
Instantiation time : 0.67 -> 22078 candidates, 15612 actions
Finalization time : 0.01 -> 541 fluents, 85 init

43 37 31 29 22 17 16 15 12 11 9 7 5 3 2 

0: (PUSH-UNITARYPIPE s34 b14 a3 a4 b9 gasoleo lco ta3-2-gasoleo ta4-2-lco) [1]
1: (POP-START s12 b11 a1 a2 b0 rat-a gasoleo ta2-2-rat-a) [1]
2: (POP-END s12 a1 a2 b6 b0 lco ta1-2-lco) [1]
3: (POP-START s12 b15 a1 a2 b11 gasoleo rat-a ta2-1-gasoleo) [1]
4: (PUSH-START s13 b5 a1 a3 b18 lco rat-a ta1-1-lco) [1]
5: (PUSH-END s13 a1 a3 b10 b18 rat-a ta3-6-rat-a) [1]
6: (PUSH-START s13 b12 a1 a3 b5 oca1 lco ta1-1-oca1) [1]
7: (PUSH-END s13 a1 a3 b18 b5 rat-a ta3-5-rat-a) [1]
8: (POP-END s12 a1 a2 b0 b11 lco ta1-1-lco) [1]
9: (PUSH-START s13 b6 a1 a3 b12 lco oca1 ta1-2-lco) [1]
10: (PUSH-END s13 a1 a3 b5 b12 lco ta3-2-lco) [1]
11: (POP-START s13 b16 a1 a3 b12 gasoleo oca1 ta3-1-gasoleo) [1]
12: (POP-END s13 a1 a3 b6 b12 lco ta1-2-lco) [1]
13: (POP-START s12 b19 a1 a2 b15 oc1b gasoleo ta2-1-oc1b) [1]
14: (POP-START s13 b18 a1 a3 b16 rat-a gasoleo ta3-1-rat-a) [1]
15: (POP-END s12 a1 a2 b11 b15 gasoleo ta1-3-gasoleo) [1]
16: (PUSH-START s12 b6 a1 a2 b15 lco gasoleo ta1-1-lco) [1]
17: (POP-UNITARYPIPE s34 b9 a3 a4 b14 lco gasoleo ta3-3-gasoleo ta4-2-lco) [1]
18: (POP-UNITARYPIPE s34 b13 a3 a4 b9 oca1 lco ta3-1-lco ta4-1-oca1) [1]
19: (PUSH-END s12 a1 a2 b19 b15 oc1b ta2-1-oc1b) [1]
20: (POP-END s13 a1 a3 b12 b16 lco ta1-1-lco) [1]
21: (PUSH-START s12 b11 a1 a2 b6 rat-a lco ta1-1-rat-a) [1]
22: (PUSH-START s13 b2 a1 a3 b16 oca1 gasoleo ta1-2-oca1) [1]
23: (PUSH-END s12 a1 a2 b15 b6 gasoleo ta2-2-gasoleo) [1]
24: (PUSH-END s13 a1 a3 b18 b16 rat-a ta3-4-rat-a) [1]
25: (PUSH-START s13 b0 a1 a3 b2 gasoleo oca1 ta1-3-gasoleo) [1]
26: (POP-START s12 b17 a1 a2 b6 rat-a lco ta2-1-rat-a) [1]
27: (POP-END s12 a1 a2 b11 b6 rat-a ta1-6-rat-a) [1]
28: (PUSH-END s13 a1 a3 b16 b2 gasoleo ta3-2-gasoleo) [1]
29: (PUSH-UNITARYPIPE s34 b5 a3 a4 b13 lco oca1 ta3-1-lco ta4-2-oca1) [1]
30: (PUSH-START s12 b8 a1 a2 b6 rat-a lco ta1-6-rat-a) [1]
31: (PUSH-UNITARYPIPE s34 b14 a3 a4 b5 gasoleo lco ta3-3-gasoleo ta4-2-lco) [1]
32: (POP-UNITARYPIPE s34 b13 a3 a4 b14 oca1 gasoleo ta3-3-gasoleo ta4-2-oca1) [1]
33: (POP-START s13 b16 a1 a3 b2 gasoleo oca1 ta3-2-gasoleo) [1]
34: (POP-UNITARYPIPE s34 b5 a3 a4 b13 lco oca1 ta3-3-oca1 ta4-2-lco) [1]
35: (POP-END s13 a1 a3 b0 b2 rat-a ta1-6-rat-a) [1]
36: (POP-START s13 b13 a1 a3 b16 oca1 gasoleo ta3-1-oca1) [1]
37: (PUSH-END s12 a1 a2 b17 b6 rat-a ta2-2-rat-a) [1]
38: (POP-END s13 a1 a3 b2 b16 gasoleo ta1-3-gasoleo) [1]
39: (POP-START s13 b9 a1 a3 b13 lco oca1 ta3-2-lco) [1]
40: (POP-END s13 a1 a3 b16 b13 oc1b ta1-1-oc1b) [1]
41: (POP-START s13 b18 a1 a3 b9 rat-a lco ta3-2-rat-a) [1]
42: (POP-END s13 a1 a3 b13 b9 oca1 ta1-1-oca1) [1]
43: (POP-START s12 b17 a1 a2 b6 rat-a lco ta2-2-rat-a) [1]
44: (POP-START s13 b14 a1 a3 b18 gasoleo rat-a ta3-3-gasoleo) [1]
45: (POP-END s13 a1 a3 b9 b18 gasoleo ta1-2-gasoleo) [1]
46: (POP-START s13 b4 a1 a3 b14 rat-a gasoleo ta3-3-rat-a) [1]
47: (POP-END s13 a1 a3 b18 b14 gasoleo ta1-1-gasoleo) [1]
48: (PUSH-START s13 b2 a1 a3 b14 oca1 gasoleo ta1-1-oca1) [1]
49: (PUSH-END s13 a1 a3 b4 b14 rat-a ta3-1-rat-a) [1]
50: (PUSH-START s13 b9 a1 a3 b2 lco oca1 ta1-1-lco) [1]
51: (POP-END s12 a1 a2 b8 b6 oca1 ta1-1-oca1) [1]
52: (PUSH-END s13 a1 a3 b14 b2 gasoleo ta3-3-gasoleo) [1]
53: (PUSH-START s13 b18 a1 a3 b9 rat-a lco ta1-6-rat-a) [1]
54: (PUSH-END s13 a1 a3 b2 b9 oca1 ta3-2-oca1) [1]
55: (POP-START s13 b4 a1 a3 b9 rat-a lco ta3-1-rat-a) [1]
56: (POP-START s12 b15 a1 a2 b17 gasoleo rat-a ta2-2-gasoleo) [1]
57: (POP-END s12 a1 a2 b6 b17 lco ta1-1-lco) [1]
58: (PUSH-START s12 b0 a1 a2 b17 gasoleo rat-a ta1-3-gasoleo) [1]
59: (PUSH-UNITARYPIPE s34 b14 a3 a4 b5 gasoleo lco ta3-3-gasoleo ta4-2-lco) [1]
60: (POP-END s13 a1 a3 b18 b9 oca1 ta1-2-oca1) [1]
61: (PUSH-UNITARYPIPE s34 b3 a3 a4 b14 oca1 gasoleo ta3-2-oca1 ta4-3-gasoleo) [1]
62: (PUSH-START s13 b12 a1 a3 b9 oca1 lco ta1-1-oca1) [1]
63: (PUSH-END s13 a1 a3 b4 b9 rat-a ta3-1-rat-a) [1]
64: (PUSH-END s12 a1 a2 b15 b17 gasoleo ta2-2-gasoleo) [1]
65: (PUSH-START s13 b16 a1 a3 b12 gasoleo oca1 ta1-2-gasoleo) [1]
66: (PUSH-END s13 a1 a3 b9 b12 lco ta3-1-lco) [1]
67: (POP-UNITARYPIPE s34 b14 a3 a4 b3 gasoleo oca1 ta3-2-oca1 ta4-3-gasoleo) [1]
68: (POP-START s13 b9 a1 a3 b12 lco oca1 ta3-1-lco) [1]
69: (POP-START s12 b15 a1 a2 b17 gasoleo rat-a ta2-2-gasoleo) [1]
70: (POP-END s13 a1 a3 b16 b12 gasoleo ta1-3-gasoleo) [1]
71: (POP-END s12 a1 a2 b0 b17 rat-a ta1-6-rat-a) [1]
72: (POP-UNITARYPIPE s34 b5 a3 a4 b14 lco gasoleo ta3-3-gasoleo ta4-2-lco) [1]
73: (PUSH-START s12 b16 a1 a2 b17 gasoleo rat-a ta1-1-gasoleo) [1]
74: (POP-START s13 b2 a1 a3 b9 oca1 lco ta3-3-oca1) [1]
75: (PUSH-END s12 a1 a2 b15 b17 gasoleo ta2-2-gasoleo) [1]
76: (POP-END s13 a1 a3 b12 b9 oca1 ta1-1-oca1) [1]
77: (PUSH-START s13 b18 a1 a3 b9 rat-a lco ta1-6-rat-a) [1]
78: (PUSH-END s13 a1 a3 b2 b9 oca1 ta3-3-oca1) [1]
79: (PUSH-START s12 b12 a1 a2 b16 oca1 gasoleo ta1-1-oca1) [1]
80: (POP-START s13 b4 a1 a3 b9 rat-a lco ta3-1-rat-a) [1]
81: (POP-END s13 a1 a3 b18 b9 oca1 ta1-3-oca1) [1]
82: (PUSH-END s12 a1 a2 b17 b16 rat-a ta2-2-rat-a) [1]
83: (POP-START s13 b14 a1 a3 b4 gasoleo rat-a ta3-3-gasoleo) [1]
84: (POP-END s13 a1 a3 b9 b4 gasoleo ta1-2-gasoleo) [1]
85: (PUSH-START s12 b0 a1 a2 b12 gasoleo oca1 ta1-3-gasoleo) [1]
86: (PUSH-END s12 a1 a2 b16 b12 gasoleo ta2-1-gasoleo) [1]
87: (PUSH-START s13 b9 a1 a3 b4 lco rat-a ta1-1-lco) [1]
88: (PUSH-END s13 a1 a3 b14 b4 gasoleo ta3-3-gasoleo) [1]
89: (PUSH-UNITARYPIPE s34 b14 a3 a4 b5 gasoleo lco ta3-3-gasoleo ta4-2-lco) [1]
90: (PUSH-START s12 b6 a1 a2 b0 lco gasoleo ta1-2-lco) [1]
91: (PUSH-UNITARYPIPE s34 b3 a3 a4 b14 oca1 gasoleo ta3-2-oca1 ta4-3-gasoleo) [1]
92: (PUSH-END s12 a1 a2 b12 b0 oca1 ta2-1-oca1) [1]
93: (PUSH-START s12 b13 a1 a2 b6 oca1 lco ta1-2-oca1) [1]
94: (POP-UNITARYPIPE s34 b14 a3 a4 b3 gasoleo oca1 ta3-2-oca1 ta4-3-gasoleo) [1]
95: (PUSH-END s12 a1 a2 b0 b6 gasoleo ta2-3-gasoleo) [1]
96: (POP-UNITARYPIPE s34 b5 a3 a4 b14 lco gasoleo ta3-3-gasoleo ta4-2-lco) [1]
97: (POP-START s13 b14 a1 a3 b4 gasoleo rat-a ta3-3-gasoleo) [1]
98: (POP-END s13 a1 a3 b9 b4 lco ta1-2-lco) [1]
99: (POP-START s13 b2 a1 a3 b14 oca1 gasoleo ta3-3-oca1) [1]
100: (POP-END s13 a1 a3 b4 b14 rat-a ta1-6-rat-a) [1]
101: (POP-START s12 b17 a1 a2 b6 rat-a lco ta2-2-rat-a) [1]
102: (POP-END s12 a1 a2 b13 b6 lco ta1-1-lco) [1]
103: (PUSH-START s12 b18 a1 a2 b6 rat-a lco ta1-6-rat-a) [1]
104: (PUSH-END s12 a1 a2 b17 b6 rat-a ta2-2-rat-a) [1]
105: (PUSH-START s13 b13 a1 a3 b14 oca1 gasoleo ta1-3-oca1) [1]
106: (PUSH-START s12 b9 a1 a2 b18 lco rat-a ta1-1-lco) [1]
107: (PUSH-END s13 a1 a3 b2 b14 oca1 ta3-3-oca1) [1]
108: (PUSH-END s12 a1 a2 b6 b18 lco ta2-1-lco) [1]
109: (POP-START s13 b10 a1 a3 b14 rat-a gasoleo ta3-4-rat-a) [1]
110: (POP-END s13 a1 a3 b13 b14 rat-a ta1-1-rat-a) [1]
111: (POP-START s12 b15 a1 a2 b18 gasoleo rat-a ta2-1-gasoleo) [1]
112: (POP-END s12 a1 a2 b9 b18 lco ta1-1-lco) [1]
113: (POP-START s12 b12 a1 a2 b15 oca1 gasoleo ta2-1-oca1) [1]
114: (POP-END s12 a1 a2 b18 b15 oca1 ta1-1-oca1) [1]
115: (PUSH-START s13 b9 a1 a3 b14 lco gasoleo ta1-1-lco) [1]
116: (PUSH-END s13 a1 a3 b10 b14 rat-a ta3-4-rat-a) [1]
117: (PUSH-START s13 b13 a1 a3 b9 oca1 lco ta1-1-oca1) [1]
118: (POP-START s12 b6 a1 a2 b12 lco oca1 ta2-1-lco) [1]
119: (PUSH-END s13 a1 a3 b14 b9 gasoleo ta3-1-gasoleo) [1]
120: (POP-END s12 a1 a2 b15 b12 gasoleo ta1-3-gasoleo) [1]
121: (POP-START s12 b17 a1 a2 b6 rat-a lco ta2-2-rat-a) [1]
122: (PUSH-START s13 b15 a1 a3 b13 gasoleo oca1 ta1-2-gasoleo) [1]
123: (POP-END s12 a1 a2 b12 b6 oca1 ta1-1-oca1) [1]
124: (PUSH-START s12 b18 a1 a2 b6 rat-a lco ta1-1-rat-a) [1]
125: (PUSH-END s13 a1 a3 b9 b13 lco ta3-1-lco) [1]
126: (PUSH-END s12 a1 a2 b17 b6 rat-a ta2-2-rat-a) [1]
127: (POP-START s12 b17 a1 a2 b6 rat-a lco ta2-2-rat-a) [1]
128: (POP-END s12 a1 a2 b18 b6 lco ta1-1-lco) [1]
129: (POP-START s13 b9 a1 a3 b13 lco oca1 ta3-1-lco) [1]
130: (POP-END s13 a1 a3 b15 b13 oca1 ta1-2-oca1) [1]
131: (PUSH-START s12 b15 a1 a2 b6 gasoleo lco ta1-3-gasoleo) [1]
132: (POP-START s13 b2 a1 a3 b9 oca1 lco ta3-2-oca1) [1]
133: (POP-END s13 a1 a3 b13 b9 rat-a ta1-1-rat-a) [1]
134: (PUSH-START s13 b18 a1 a3 b9 rat-a lco ta1-1-rat-a) [1]
135: (PUSH-END s13 a1 a3 b2 b9 oca1 ta3-2-oca1) [1]
136: (PUSH-END s12 a1 a2 b17 b6 rat-a ta2-2-rat-a) [1]
137: (POP-START s12 b0 a1 a2 b6 gasoleo lco ta2-3-gasoleo) [1]
138: (POP-START s13 b3 a1 a3 b9 oca1 lco ta3-2-oca1) [1]
139: (POP-END s12 a1 a2 b15 b6 gasoleo ta1-3-gasoleo) [1]
140: (POP-END s13 a1 a3 b18 b9 oca1 ta1-3-oca1) [1]
141: (PUSH-START s13 b12 a1 a3 b9 oca1 lco ta1-1-oca1) [1]
142: (PUSH-END s13 a1 a3 b3 b9 oca1 ta3-2-oca1) [1]
143: (POP-START s12 b17 a1 a2 b0 rat-a gasoleo ta2-2-rat-a) [1]
144: (PUSH-START s13 b15 a1 a3 b12 gasoleo oca1 ta1-3-gasoleo) [1]
145: (POP-END s12 a1 a2 b6 b0 gasoleo ta1-2-gasoleo) [1]
146: (PUSH-END s13 a1 a3 b9 b12 lco ta3-1-lco) [1]
147: (POP-START s13 b9 a1 a3 b12 lco oca1 ta3-1-lco) [1]
148: (POP-START s12 b16 a1 a2 b17 gasoleo rat-a ta2-2-gasoleo) [1]
149: (POP-END s12 a1 a2 b0 b17 rat-a ta1-6-rat-a) [1]
150: (POP-END s13 a1 a3 b15 b12 gasoleo ta1-3-gasoleo) [1]
151: (PUSH-START s12 b15 a1 a2 b17 gasoleo rat-a ta1-2-gasoleo) [1]
152: (POP-START s13 b2 a1 a3 b9 oca1 lco ta3-2-oca1) [1]
153: (PUSH-END s12 a1 a2 b16 b17 gasoleo ta2-2-gasoleo) [1]
154: (POP-END s13 a1 a3 b12 b9 oca1 ta1-1-oca1) [1]
155: (PUSH-START s13 b18 a1 a3 b9 rat-a lco ta1-6-rat-a) [1]
156: (PUSH-END s13 a1 a3 b2 b9 oca1 ta3-2-oca1) [1]
157: (PUSH-START s12 b12 a1 a2 b15 oca1 gasoleo ta1-3-oca1) [1]
158: (PUSH-END s12 a1 a2 b17 b15 rat-a ta2-3-rat-a) [1]
159: (PUSH-START s13 b6 a1 a3 b18 lco rat-a ta1-2-lco) [1]
160: (PUSH-START s12 b0 a1 a2 b12 gasoleo oca1 ta1-3-gasoleo) [1]
161: (PUSH-END s13 a1 a3 b9 b18 lco ta3-1-lco) [1]
162: (PUSH-START s13 b13 a1 a3 b6 oca1 lco ta1-1-oca1) [1]
163: (PUSH-END s13 a1 a3 b18 b6 rat-a ta3-1-rat-a) [1]
164: (PUSH-END s12 a1 a2 b15 b12 gasoleo ta2-3-gasoleo) [1]
165: (POP-START s13 b18 a1 a3 b6 rat-a lco ta3-1-rat-a) [1]
166: (POP-END s13 a1 a3 b13 b6 rat-a ta1-6-rat-a) [1]
167: (PUSH-START s13 b13 a1 a3 b6 oca1 lco ta1-2-oca1) [1]
168: (PUSH-END s13 a1 a3 b18 b6 rat-a ta3-1-rat-a) [1]
169: (POP-START s12 b15 a1 a2 b12 gasoleo oca1 ta2-3-gasoleo) [1]
170: (POP-START s13 b2 a1 a3 b6 oca1 lco ta3-2-oca1) [1]
171: (POP-END s13 a1 a3 b13 b6 lco ta1-2-lco) [1]
172: (POP-START s13 b9 a1 a3 b2 lco oca1 ta3-1-lco) [1]
173: (POP-END s12 a1 a2 b0 b12 oca1 ta1-3-oca1) [1]
174: (POP-END s13 a1 a3 b6 b2 gasoleo ta1-3-gasoleo) [1]
175: (POP-START s12 b19 a1 a2 b15 oc1b gasoleo ta2-1-oc1b) [1]
176: (POP-START s13 b18 a1 a3 b9 rat-a lco ta3-1-rat-a) [1]
177: (POP-END s13 a1 a3 b2 b9 oca1 ta1-1-oca1) [1]
178: (POP-START s13 b14 a1 a3 b18 gasoleo rat-a ta3-1-gasoleo) [1]
179: (POP-END s13 a1 a3 b9 b18 gasoleo ta1-2-gasoleo) [1]
180: (POP-START s13 b3 a1 a3 b14 oca1 gasoleo ta3-3-oca1) [1]
181: (POP-END s12 a1 a2 b12 b15 gasoleo ta1-1-gasoleo) [1]
182: (POP-END s13 a1 a3 b18 b14 rat-a ta1-5-rat-a) [1]
183: (PUSH-START s12 b6 a1 a2 b15 lco gasoleo ta1-2-lco) [1]
184: (PUSH-END s12 a1 a2 b19 b15 oc1b ta2-1-oc1b) [1]
185: (PUSH-START s13 b12 a1 a3 b14 oca1 gasoleo ta1-3-oca1) [1]
186: (PUSH-START s12 b13 a1 a2 b6 oca1 lco ta1-1-oca1) [1]
187: (PUSH-END s13 a1 a3 b3 b14 oca1 ta3-3-oca1) [1]
188: (POP-START s13 b3 a1 a3 b14 oca1 gasoleo ta3-3-oca1) [1]
189: (PUSH-END s12 a1 a2 b15 b6 gasoleo ta2-3-gasoleo) [1]
190: (POP-END s13 a1 a3 b12 b14 oca1 ta1-1-oca1) [1]
191: (PUSH-START s12 b9 a1 a2 b13 lco oca1 ta1-1-lco) [1]
192: (PUSH-END s12 a1 a2 b6 b13 lco ta2-1-lco) [1]
193: (PUSH-START s13 b2 a1 a3 b14 oca1 gasoleo ta1-1-oca1) [1]
194: (PUSH-START s12 b4 a1 a2 b9 rat-a lco ta1-5-rat-a) [1]
195: (PUSH-END s12 a1 a2 b13 b9 oca1 ta2-1-oca1) [1]
196: (PUSH-END s13 a1 a3 b3 b14 oca1 ta3-3-oca1) [1]
197: (PUSH-START s13 b0 a1 a3 b2 gasoleo oca1 ta1-3-gasoleo) [1]
198: (POP-START s12 b13 a1 a2 b9 oca1 lco ta2-1-oca1) [1]
199: (POP-END s12 a1 a2 b4 b9 oca1 ta1-3-oca1) [1]
200: (PUSH-START s12 b18 a1 a2 b9 rat-a lco ta1-6-rat-a) [1]
201: (PUSH-END s13 a1 a3 b14 b2 gasoleo ta3-1-gasoleo) [1]
202: (PUSH-START s13 b12 a1 a3 b0 oca1 gasoleo ta1-3-oca1) [1]
203: (PUSH-END s13 a1 a3 b2 b0 oca1 ta3-2-oca1) [1]
204: (PUSH-END s12 a1 a2 b13 b9 oca1 ta2-1-oca1) [1]
205: (POP-START s13 b2 a1 a3 b0 oca1 gasoleo ta3-2-oca1) [1]
206: (POP-END s13 a1 a3 b12 b0 rat-a ta1-6-rat-a) [1]
207: (POP-START s13 b14 a1 a3 b2 gasoleo oca1 ta3-1-gasoleo) [1]
208: (POP-END s13 a1 a3 b0 b2 lco ta1-2-lco) [1]
209: (PUSH-START s12 b0 a1 a2 b18 gasoleo rat-a ta1-2-gasoleo) [1]
210: (PUSH-END s12 a1 a2 b9 b18 lco ta2-2-lco) [1]
211: (POP-START s12 b6 a1 a2 b18 lco rat-a ta2-1-lco) [1]
212: (POP-START s13 b3 a1 a3 b14 oca1 gasoleo ta3-3-oca1) [1]
213: (POP-END s12 a1 a2 b0 b18 oca1 ta1-3-oca1) [1]
214: (POP-START s12 b13 a1 a2 b6 oca1 lco ta2-1-oca1) [1]
215: (POP-END s12 a1 a2 b18 b6 lco ta1-1-lco) [1]
216: (POP-START s12 b9 a1 a2 b13 lco oca1 ta2-2-lco) [1]
217: (POP-END s12 a1 a2 b6 b13 oca1 ta1-1-oca1) [1]
218: (PUSH-START s12 b0 a1 a2 b13 gasoleo oca1 ta1-1-gasoleo) [1]
219: (POP-END s13 a1 a3 b2 b14 gasoleo ta1-3-gasoleo) [1]
220: (PUSH-START s13 b12 a1 a3 b14 oca1 gasoleo ta1-3-oca1) [1]
221: (PUSH-END s13 a1 a3 b3 b14 oca1 ta3-3-oca1) [1]
222: (PUSH-END s12 a1 a2 b9 b13 lco ta2-1-lco) [1]
223: (PUSH-START s13 b6 a1 a3 b12 lco oca1 ta1-2-lco) [1]
224: (PUSH-START s12 b18 a1 a2 b0 rat-a gasoleo ta1-6-rat-a) [1]
225: (PUSH-END s12 a1 a2 b13 b0 oca1 ta2-1-oca1) [1]
226: (PUSH-END s13 a1 a3 b14 b12 gasoleo ta3-1-gasoleo) [1]
227: (PUSH-START s13 b2 a1 a3 b6 oca1 lco ta1-1-oca1) [1]
228: (PUSH-END s13 a1 a3 b12 b6 oca1 ta3-2-oca1) [1]
229: (PUSH-UNITARYPIPE s34 b12 a3 a4 b5 oca1 lco ta3-3-oca1 ta4-2-lco) [1]
230: (PUSH-UNITARYPIPE s34 b14 a3 a4 b12 gasoleo oca1 ta3-1-gasoleo ta4-1-oca1) [1]
231: (POP-START s13 b3 a1 a3 b6 oca1 lco ta3-2-oca1) [1]
232: (POP-START s12 b13 a1 a2 b0 oca1 gasoleo ta2-1-oca1) [1]
233: (POP-END s12 a1 a2 b18 b0 oca1 ta1-3-oca1) [1]
234: (POP-END s13 a1 a3 b2 b6 lco ta1-2-lco) [1]
235: (PUSH-START s12 b2 a1 a2 b0 oca1 gasoleo ta1-3-oca1) [1]
236: (POP-UNITARYPIPE s34 b5 a3 a4 b14 lco gasoleo ta3-3-gasoleo ta4-2-lco) [1]
237: (POP-START s13 b14 a1 a3 b3 gasoleo oca1 ta3-3-gasoleo) [1]
238: (POP-END s13 a1 a3 b6 b3 gasoleo ta1-2-gasoleo) [1]
239: (PUSH-END s12 a1 a2 b13 b0 oca1 ta2-1-oca1) [1]
240: (PUSH-START s12 b6 a1 a2 b2 lco oca1 ta1-2-lco) [1]
241: (PUSH-END s12 a1 a2 b0 b2 gasoleo ta2-1-gasoleo) [1]
242: (POP-START s13 b7 a1 a3 b14 rat-a gasoleo ta3-4-rat-a) [1]
243: (POP-START s12 b19 a1 a2 b2 oc1b oca1 ta2-1-oc1b) [1]
244: (POP-END s12 a1 a2 b6 b2 rat-a ta1-6-rat-a) [1]
245: (POP-END s13 a1 a3 b3 b14 lco ta1-2-lco) [1]
246: (POP-START s12 b13 a1 a2 b19 oca1 oc1b ta2-1-oca1) [1]
247: (PUSH-START s13 b18 a1 a3 b14 rat-a gasoleo ta1-6-rat-a) [1]
248: (PUSH-END s13 a1 a3 b7 b14 rat-a ta3-4-rat-a) [1]
249: (POP-END s12 a1 a2 b2 b19 rat-a ta1-6-rat-a) [1]
250: (POP-START s13 b1 a1 a3 b14 rat-a gasoleo ta3-5-rat-a) [1]
251: (POP-END s13 a1 a3 b18 b14 gasoleo ta1-1-gasoleo) [1]
252: (POP-START s12 b9 a1 a2 b13 lco oca1 ta2-1-lco) [1]
253: (POP-END s12 a1 a2 b19 b13 oca1 ta1-1-oca1) [1]
254: (PUSH-START s13 b18 a1 a3 b14 rat-a gasoleo ta1-6-rat-a) [1]
255: (POP-START s12 b17 a1 a2 b9 rat-a lco ta2-3-rat-a) [1]
256: (POP-END s12 a1 a2 b13 b9 rat-a ta1-5-rat-a) [1]
257: (PUSH-END s13 a1 a3 b1 b14 rat-a ta3-5-rat-a) [1]
258: (PUSH-START s12 b2 a1 a2 b9 oca1 lco ta1-1-oca1) [1]
259: (PUSH-START s13 b6 a1 a3 b18 lco rat-a ta1-2-lco) [1]
260: (PUSH-END s13 a1 a3 b14 b18 gasoleo ta3-2-gasoleo) [1]
261: (PUSH-START s13 b11 a1 a3 b6 rat-a lco ta1-5-rat-a) [1]
262: (PUSH-END s12 a1 a2 b17 b9 rat-a ta2-3-rat-a) [1]
263: (PUSH-START s12 b19 a1 a2 b2 oc1b oca1 ta1-1-oc1b) [1]
264: (PUSH-END s12 a1 a2 b9 b2 lco ta2-1-lco) [1]
265: (PUSH-END s13 a1 a3 b18 b6 rat-a ta3-1-rat-a) [1]
266: (POP-START s12 b9 a1 a2 b2 lco oca1 ta2-1-lco) [1]
267: (POP-START s13 b18 a1 a3 b6 rat-a lco ta3-1-rat-a) [1]
268: (POP-END s13 a1 a3 b11 b6 lco ta1-2-lco) [1]
269: (POP-END s12 a1 a2 b19 b2 oca1 ta1-1-oca1) [1]
270: (POP-START s13 b14 a1 a3 b18 gasoleo rat-a ta3-2-gasoleo) [1]
271: (POP-START s12 b17 a1 a2 b9 rat-a lco ta2-3-rat-a) [1]
272: (POP-END s13 a1 a3 b6 b18 rat-a ta1-1-rat-a) [1]
273: (POP-END s12 a1 a2 b2 b9 oc1b ta1-1-oc1b) [1]
274: (POP-START s13 b7 a1 a3 b14 rat-a gasoleo ta3-4-rat-a) [1]
275: (PUSH-START s12 b2 a1 a2 b9 oca1 lco ta1-1-oca1) [1]
276: (POP-END s13 a1 a3 b18 b14 rat-a ta1-6-rat-a) [1]
277: (PUSH-END s12 a1 a2 b17 b9 rat-a ta2-3-rat-a) [1]
278: (PUSH-START s12 b19 a1 a2 b2 oc1b oca1 ta1-1-oc1b) [1]
279: (PUSH-END s12 a1 a2 b9 b2 lco ta2-1-lco) [1]
280: (PUSH-START s13 b6 a1 a3 b14 lco gasoleo ta1-2-lco) [1]
281: (PUSH-END s13 a1 a3 b7 b14 rat-a ta3-4-rat-a) [1]
282: (PUSH-START s13 b18 a1 a3 b6 rat-a lco ta1-6-rat-a) [1]
283: (PUSH-END s13 a1 a3 b14 b6 gasoleo ta3-3-gasoleo) [1]
284: (POP-START s13 b10 a1 a3 b6 rat-a lco ta3-4-rat-a) [1]
285: (POP-END s13 a1 a3 b18 b6 lco ta1-2-lco) [1]
286: (POP-START s12 b9 a1 a2 b2 lco oca1 ta2-1-lco) [1]
287: (POP-END s12 a1 a2 b19 b2 oca1 ta1-1-oca1) [1]
288: (POP-START s13 b14 a1 a3 b10 gasoleo rat-a ta3-3-gasoleo) [1]
289: (POP-START s12 b17 a1 a2 b9 rat-a lco ta2-3-rat-a) [1]
290: (POP-END s12 a1 a2 b2 b9 oc1b ta1-1-oc1b) [1]
291: (POP-END s13 a1 a3 b6 b10 rat-a ta1-6-rat-a) [1]
292: (PUSH-START s12 b18 a1 a2 b9 rat-a lco ta1-1-rat-a) [1]
293: (PUSH-END s12 a1 a2 b17 b9 rat-a ta2-3-rat-a) [1]
294: (PUSH-START s13 b6 a1 a3 b10 lco rat-a ta1-2-lco) [1]
295: (PUSH-END s13 a1 a3 b14 b10 gasoleo ta3-2-gasoleo) [1]
296: (PUSH-START s13 b2 a1 a3 b6 oca1 lco ta1-1-oca1) [1]
297: (PUSH-END s13 a1 a3 b10 b6 rat-a ta3-4-rat-a) [1]
298: (PUSH-START s13 b19 a1 a3 b2 oc1b oca1 ta1-1-oc1b) [1]
299: (PUSH-END s13 a1 a3 b6 b2 lco ta3-1-lco) [1]
300: (POP-START s12 b17 a1 a2 b9 rat-a lco ta2-3-rat-a) [1]
301: (POP-END s12 a1 a2 b18 b9 oca1 ta1-1-oca1) [1]
302: (PUSH-START s12 b4 a1 a2 b9 rat-a lco ta1-6-rat-a) [1]
303: (POP-START s13 b14 a1 a3 b2 gasoleo oca1 ta3-2-gasoleo) [1]
304: (POP-END s13 a1 a3 b19 b2 rat-a ta1-1-rat-a) [1]
305: (PUSH-END s12 a1 a2 b17 b9 rat-a ta2-3-rat-a) [1]
306: (POP-START s13 b6 a1 a3 b14 lco gasoleo ta3-1-lco) [1]
307: (POP-START s12 b17 a1 a2 b9 rat-a lco ta2-3-rat-a) [1]
308: (POP-END s12 a1 a2 b4 b9 oc1b ta1-1-oc1b) [1]
309: (POP-END s13 a1 a3 b2 b14 lco ta1-2-lco) [1]
310: (PUSH-START s13 b18 a1 a3 b14 rat-a gasoleo ta1-1-rat-a) [1]
311: (PUSH-START s12 b2 a1 a2 b9 oca1 lco ta1-1-oca1) [1]
312: (PUSH-END s13 a1 a3 b6 b14 lco ta3-1-lco) [1]
313: (PUSH-END s12 a1 a2 b17 b9 rat-a ta2-3-rat-a) [1]
314: (PUSH-START s12 b19 a1 a2 b2 oc1b oca1 ta1-1-oc1b) [1]
315: (PUSH-END s12 a1 a2 b9 b2 lco ta2-1-lco) [1]
316: (POP-START s13 b10 a1 a3 b14 rat-a gasoleo ta3-4-rat-a) [1]
317: (POP-END s13 a1 a3 b18 b14 rat-a ta1-6-rat-a) [1]
318: (POP-START s12 b9 a1 a2 b2 lco oca1 ta2-1-lco) [1]
319: (POP-END s12 a1 a2 b19 b2 oca1 ta1-1-oca1) [1]
320: (POP-START s13 b6 a1 a3 b10 lco rat-a ta3-1-lco) [1]
321: (POP-START s12 b17 a1 a2 b9 rat-a lco ta2-3-rat-a) [1]
322: (POP-END s12 a1 a2 b2 b9 oc1b ta1-1-oc1b) [1]
323: (POP-END s13 a1 a3 b14 b10 rat-a ta1-5-rat-a) [1]
324: (PUSH-START s12 b18 a1 a2 b9 rat-a lco ta1-6-rat-a) [1]
325: (PUSH-END s12 a1 a2 b17 b9 rat-a ta2-3-rat-a) [1]
326: (PUSH-START s12 b14 a1 a2 b18 gasoleo rat-a ta1-3-gasoleo) [1]
327: (PUSH-END s12 a1 a2 b9 b18 lco ta2-1-lco) [1]
328: (POP-START s12 b15 a1 a2 b18 gasoleo rat-a ta2-1-gasoleo) [1]
329: (POP-END s12 a1 a2 b14 b18 gasoleo ta1-3-gasoleo) [1]
330: (PUSH-START s13 b14 a1 a3 b10 gasoleo rat-a ta1-2-gasoleo) [1]
331: (PUSH-END s13 a1 a3 b6 b10 lco ta3-1-lco) [1]
332: (PUSH-START s13 b2 a1 a3 b14 oca1 gasoleo ta1-1-oca1) [1]
333: (POP-START s12 b9 a1 a2 b15 lco gasoleo ta2-1-lco) [1]
334: (PUSH-END s13 a1 a3 b10 b14 rat-a ta3-4-rat-a) [1]
335: (POP-END s12 a1 a2 b18 b15 gasoleo ta1-2-gasoleo) [1]
336: (PUSH-START s13 b19 a1 a3 b2 oc1b oca1 ta1-1-oc1b) [1]
337: (PUSH-END s13 a1 a3 b14 b2 gasoleo ta3-2-gasoleo) [1]
338: (POP-START s12 b17 a1 a2 b9 rat-a lco ta2-3-rat-a) [1]
339: (POP-END s12 a1 a2 b15 b9 oc1b ta1-1-oc1b) [1]
340: (PUSH-START s12 b18 a1 a2 b9 rat-a lco ta1-5-rat-a) [1]
341: (POP-START s13 b6 a1 a3 b2 lco oca1 ta3-1-lco) [1]
342: (POP-END s13 a1 a3 b19 b2 rat-a ta1-6-rat-a) [1]
343: (PUSH-END s12 a1 a2 b17 b9 rat-a ta2-3-rat-a) [1]
344: (PUSH-START s12 b15 a1 a2 b18 gasoleo rat-a ta1-3-gasoleo) [1]
345: (PUSH-END s12 a1 a2 b9 b18 lco ta2-1-lco) [1]
346: (POP-START s13 b7 a1 a3 b6 rat-a lco ta3-4-rat-a) [1]
347: (POP-START s12 b9 a1 a2 b18 lco rat-a ta2-1-lco) [1]
348: (POP-END s12 a1 a2 b15 b18 oca1 ta1-3-oca1) [1]
349: (POP-END s13 a1 a3 b2 b6 gasoleo ta1-3-gasoleo) [1]
350: (PUSH-START s13 b2 a1 a3 b6 oca1 lco ta1-3-oca1) [1]
351: (POP-START s12 b17 a1 a2 b9 rat-a lco ta2-3-rat-a) [1]
352: (POP-END s12 a1 a2 b18 b9 oca1 ta1-1-oca1) [1]
353: (PUSH-END s13 a1 a3 b7 b6 rat-a ta3-4-rat-a) [1]
354: (PUSH-START s13 b15 a1 a3 b2 gasoleo oca1 ta1-3-gasoleo) [1]
355: (PUSH-END s13 a1 a3 b6 b2 lco ta3-1-lco) [1]
356: (PUSH-START s12 b18 a1 a2 b9 rat-a lco ta1-6-rat-a) [1]
357: (PUSH-END s12 a1 a2 b17 b9 rat-a ta2-3-rat-a) [1]
358: (POP-START s12 b17 a1 a2 b9 rat-a lco ta2-3-rat-a) [1]
359: (POP-START s13 b6 a1 a3 b2 lco oca1 ta3-1-lco) [1]
360: (POP-END s13 a1 a3 b15 b2 gasoleo ta1-3-gasoleo) [1]
361: (POP-END s12 a1 a2 b18 b9 oca1 ta1-2-oca1) [1]
362: (PUSH-START s12 b13 a1 a2 b9 oca1 lco ta1-1-oca1) [1]
363: (PUSH-END s12 a1 a2 b17 b9 rat-a ta2-3-rat-a) [1]
364: (POP-START s13 b7 a1 a3 b6 rat-a lco ta3-4-rat-a) [1]
365: (POP-END s13 a1 a3 b2 b6 rat-a ta1-6-rat-a) [1]
366: (PUSH-START s12 b15 a1 a2 b13 gasoleo oca1 ta1-1-gasoleo) [1]
367: (PUSH-END s12 a1 a2 b9 b13 lco ta2-1-lco) [1]
368: (PUSH-START s13 b18 a1 a3 b6 rat-a lco ta1-6-rat-a) [1]
369: (PUSH-START s12 b2 a1 a2 b15 oca1 gasoleo ta1-2-oca1) [1]
370: (PUSH-END s12 a1 a2 b13 b15 oca1 ta2-1-oca1) [1]
371: (PUSH-END s13 a1 a3 b7 b6 rat-a ta3-4-rat-a) [1]
372: (PUSH-START s12 b19 a1 a2 b2 oc1b oca1 ta1-1-oc1b) [1]
373: (PUSH-END s12 a1 a2 b15 b2 gasoleo ta2-1-gasoleo) [1]
374: (POP-START s13 b10 a1 a3 b6 rat-a lco ta3-4-rat-a) [1]
375: (POP-START s12 b16 a1 a2 b2 gasoleo oca1 ta2-3-gasoleo) [1]
376: (POP-END s12 a1 a2 b19 b2 oca1 ta1-3-oca1) [1]
377: (POP-END s13 a1 a3 b18 b6 gasoleo ta1-1-gasoleo) [1]
378: (POP-START s12 b13 a1 a2 b16 oca1 gasoleo ta2-1-oca1) [1]
379: (POP-END s12 a1 a2 b2 b16 rat-a ta1-6-rat-a) [1]
380: (PUSH-START s13 b18 a1 a3 b6 rat-a lco ta1-6-rat-a) [1]
381: (POP-START s12 b9 a1 a2 b13 lco oca1 ta2-1-lco) [1]
382: (PUSH-END s13 a1 a3 b10 b6 rat-a ta3-4-rat-a) [1]
383: (POP-END s12 a1 a2 b16 b13 oc1b ta1-1-oc1b) [1]
384: (PUSH-START s13 b16 a1 a3 b18 gasoleo rat-a ta1-3-gasoleo) [1]
385: (PUSH-END s13 a1 a3 b6 b18 lco ta3-1-lco) [1]
386: (POP-START s12 b17 a1 a2 b9 rat-a lco ta2-3-rat-a) [1]
387: (POP-END s12 a1 a2 b13 b9 gasoleo ta1-3-gasoleo) [1]
388: (PUSH-START s12 b2 a1 a2 b9 oca1 lco ta1-3-oca1) [1]
389: (POP-START s13 b14 a1 a3 b18 gasoleo rat-a ta3-2-gasoleo) [1]
390: (POP-END s13 a1 a3 b16 b18 rat-a ta1-1-rat-a) [1]
391: (PUSH-END s12 a1 a2 b17 b9 rat-a ta2-3-rat-a) [1]
392: (PUSH-START s12 b19 a1 a2 b2 oc1b oca1 ta1-1-oc1b) [1]
393: (PUSH-END s12 a1 a2 b9 b2 lco ta2-1-lco) [1]
394: (POP-START s13 b6 a1 a3 b14 lco gasoleo ta3-1-lco) [1]
395: (POP-END s13 a1 a3 b18 b14 rat-a ta1-6-rat-a) [1]
396: (PUSH-START s12 b16 a1 a2 b19 gasoleo oc1b ta1-3-gasoleo) [1]
397: (PUSH-END s12 a1 a2 b2 b19 oca1 ta2-1-oca1) [1]
398: (PUSH-START s12 b18 a1 a2 b16 rat-a gasoleo ta1-1-rat-a) [1]
399: (PUSH-END s12 a1 a2 b19 b16 oc1b ta2-1-oc1b) [1]
400: (POP-START s13 b7 a1 a3 b6 rat-a lco ta3-4-rat-a) [1]
401: (POP-END s13 a1 a3 b14 b6 gasoleo ta1-3-gasoleo) [1]
402: (PUSH-START s12 b14 a1 a2 b18 gasoleo rat-a ta1-2-gasoleo) [1]
403: (PUSH-END s12 a1 a2 b16 b18 gasoleo ta2-3-gasoleo) [1]
404: (PUSH-START s12 b11 a1 a2 b14 rat-a gasoleo ta1-6-rat-a) [1]
405: (PUSH-END s12 a1 a2 b18 b14 rat-a ta2-2-rat-a) [1]
406: (POP-START s12 b9 a1 a2 b14 lco gasoleo ta2-1-lco) [1]
407: (POP-END s12 a1 a2 b11 b14 oca1 ta1-1-oca1) [1]
408: (PUSH-START s13 b13 a1 a3 b6 oca1 lco ta1-1-oca1) [1]
409: (PUSH-END s13 a1 a3 b7 b6 rat-a ta3-4-rat-a) [1]
410: (POP-START s12 b19 a1 a2 b9 oc1b lco ta2-1-oc1b) [1]
411: (POP-START s13 b7 a1 a3 b6 rat-a lco ta3-4-rat-a) [1]
412: (POP-END s12 a1 a2 b14 b9 oc1b ta1-1-oc1b) [1]
413: (POP-END s13 a1 a3 b13 b6 gasoleo ta1-2-gasoleo) [1]
414: (PUSH-START s13 b14 a1 a3 b6 gasoleo lco ta1-3-gasoleo) [1]
415: (PUSH-END s13 a1 a3 b7 b6 rat-a ta3-4-rat-a) [1]
416: (POP-START s12 b15 a1 a2 b19 gasoleo oc1b ta2-3-gasoleo) [1]
417: (POP-END s12 a1 a2 b9 b19 oca1 ta1-1-oca1) [1]
418: (PUSH-START s13 b13 a1 a3 b14 oca1 gasoleo ta1-1-oca1) [1]
419: (PUSH-END s13 a1 a3 b6 b14 lco ta3-1-lco) [1]
420: (POP-START s13 b6 a1 a3 b14 lco gasoleo ta3-1-lco) [1]
421: (POP-END s13 a1 a3 b13 b14 gasoleo ta1-3-gasoleo) [1]
422: (PUSH-START s13 b9 a1 a3 b14 lco gasoleo ta1-1-lco) [1]
423: (PUSH-END s13 a1 a3 b6 b14 lco ta3-1-lco) [1]

Valid plan : 424 actions.
Computed nodes : 424
Evaluated nodes : 86
Developed nodes : 0
Useful nodes : 0

Lookahead utility : 23.07 %
Preparation time : 0.68
Search time : 0.17
Total time : 0.85

__MEMKB 11520
