
Parsing domain..... pipesworld_strips..... done.
Parsing problem..... p31-net4-b14-g3_rt0_instance..... done.
Computing domains..... done.
Instantiating actions..... done.
Computing final representation..... done.

Parsing time : 0.00
Domains creation  time : 0.00
Instantiation time : 0.01 -> 2340 candidates, 1477 actions
Finalization time : 0.00 -> 266 fluents, 31 init

24 23 19 16 15 14 13 12 11 10 9 8 6 5 4 2 

0: (PUSH-START s13 b4 a1 a3 b10 oc1b oca1 ta1-1-oc1b) [1]
1: (POP-START s12 b12 a1 a2 b7 gasoleo oc1b ta2-1-gasoleo) [1]
2: (POP-END s12 a1 a2 b5 b7 oc1b ta1-1-oc1b) [1]
3: (PUSH-START s12 b1 a1 a2 b7 gasoleo oc1b ta1-1-gasoleo) [1]
4: (PUSH-END s13 a1 a3 b9 b10 oc1b ta3-1-oc1b) [1]
5: (PUSH-UNITARYPIPE s34 b9 a3 a4 b3 oc1b gasoleo ta3-1-oc1b ta4-1-gasoleo) [1]
6: (POP-UNITARYPIPE s34 b0 a3 a4 b9 oca1 oc1b ta3-1-oc1b ta4-1-oca1) [1]
7: (PUSH-UNITARYPIPE s34 b6 a3 a4 b0 gasoleo oca1 ta3-1-gasoleo ta4-1-oca1) [1]
8: (PUSH-END s12 a1 a2 b12 b7 gasoleo ta2-1-gasoleo) [1]
9: (PUSH-START s23 b12 a2 a3 b2 gasoleo rat-a ta2-1-gasoleo) [1]
10: (PUSH-START s12 b8 a1 a2 b1 lco gasoleo ta1-1-lco) [1]
11: (PUSH-END s12 a1 a2 b7 b1 oc1b ta2-1-oc1b) [1]
12: (PUSH-END s23 a2 a3 b11 b13 gasoleo ta3-1-gasoleo) [1]
13: (POP-START s13 b11 a1 a3 b10 gasoleo oca1 ta3-1-gasoleo) [1]
14: (POP-UNITARYPIPE s34 b0 a3 a4 b6 oca1 gasoleo ta3-1-gasoleo ta4-1-oca1) [1]
15: (POP-END s13 a1 a3 b4 b10 gasoleo ta1-1-gasoleo) [1]
16: (POP-START s12 b7 a1 a2 b1 oc1b gasoleo ta2-1-oc1b) [1]
17: (PUSH-UNITARYPIPE s34 b9 a3 a4 b0 oc1b oca1 ta3-1-oc1b ta4-1-oca1) [1]
18: (POP-UNITARYPIPE s34 b3 a3 a4 b9 gasoleo oc1b ta3-1-oc1b ta4-1-gasoleo) [1]
19: (POP-START s13 b9 a1 a3 b11 oc1b gasoleo ta3-1-oc1b) [1]
20: (POP-END s13 a1 a3 b10 b11 lco ta1-1-lco) [1]
21: (PUSH-START s13 b4 a1 a3 b11 oc1b gasoleo ta1-1-oc1b) [1]
22: (POP-END s12 a1 a2 b8 b1 oc1b ta1-1-oc1b) [1]
23: (POP-START s23 b6 a2 a3 b13 gasoleo lco ta3-1-gasoleo) [1]
24: (POP-UNITARYPIPE s34 b0 a3 a4 b3 oca1 gasoleo ta3-1-gasoleo ta4-1-oca1) [1]
25: (PUSH-END s13 a1 a3 b9 b11 oc1b ta3-1-oc1b) [1]
26: (PUSH-UNITARYPIPE s34 b9 a3 a4 b0 oc1b oca1 ta3-1-oc1b ta4-1-oca1) [1]
27: (POP-END s23 a2 a3 b12 b2 gasoleo ta2-1-gasoleo) [1]
28: (POP-START s12 b12 a1 a2 b7 gasoleo oc1b ta2-1-gasoleo) [1]
29: (PUSH-UNITARYPIPE s34 b3 a3 a4 b9 gasoleo oc1b ta3-1-gasoleo ta4-1-oc1b) [1]
30: (PUSH-START s13 b8 a1 a3 b4 lco oc1b ta1-1-lco) [1]
31: (POP-END s12 a1 a2 b1 b7 lco ta1-1-lco) [1]
32: (PUSH-END s13 a1 a3 b11 b4 gasoleo ta3-1-gasoleo) [1]
33: (PUSH-START s13 b1 a1 a3 b8 gasoleo lco ta1-1-gasoleo) [1]
34: (PUSH-END s13 a1 a3 b4 b8 oc1b ta3-1-oc1b) [1]
35: (POP-START s13 b11 a1 a3 b8 gasoleo lco ta3-1-gasoleo) [1]
36: (POP-UNITARYPIPE s34 b9 a3 a4 b3 oc1b gasoleo ta3-1-gasoleo ta4-1-oc1b) [1]
37: (PUSH-UNITARYPIPE s34 b3 a3 a4 b9 gasoleo oc1b ta3-1-gasoleo ta4-1-oc1b) [1]
38: (POP-END s13 a1 a3 b1 b8 gasoleo ta1-1-gasoleo) [1]
39: (PUSH-START s12 b1 a1 a2 b7 gasoleo oc1b ta1-1-gasoleo) [1]
40: (PUSH-END s12 a1 a2 b12 b7 gasoleo ta2-1-gasoleo) [1]
41: (PUSH-START s23 b12 a2 a3 b2 gasoleo rat-a ta2-1-gasoleo) [1]
42: (PUSH-END s23 a2 a3 b6 b13 gasoleo ta3-1-gasoleo) [1]
43: (PUSH-UNITARYPIPE s34 b4 a3 a4 b3 oc1b gasoleo ta3-1-oc1b ta4-1-gasoleo) [1]
44: (POP-UNITARYPIPE s34 b0 a3 a4 b4 oca1 oc1b ta3-1-oc1b ta4-1-oca1) [1]
45: (PUSH-UNITARYPIPE s34 b6 a3 a4 b0 gasoleo oca1 ta3-1-gasoleo ta4-1-oca1) [1]
46: (POP-UNITARYPIPE s34 b9 a3 a4 b6 oc1b gasoleo ta3-1-gasoleo ta4-1-oc1b) [1]
47: (POP-START s23 b4 a2 a3 b13 oc1b lco ta3-1-oc1b) [1]
48: (POP-END s23 a2 a3 b12 b2 gasoleo ta2-1-gasoleo) [1]
49: (PUSH-START s23 b12 a2 a3 b2 gasoleo rat-a ta2-1-gasoleo) [1]
50: (POP-UNITARYPIPE s34 b3 a3 a4 b9 gasoleo oc1b ta3-1-oc1b ta4-1-gasoleo) [1]
51: (POP-START s13 b9 a1 a3 b11 oc1b gasoleo ta3-1-oc1b) [1]
52: (POP-END s13 a1 a3 b8 b11 gasoleo ta1-1-gasoleo) [1]
53: (PUSH-END s23 a2 a3 b4 b13 oc1b ta3-1-oc1b) [1]
54: (PUSH-START s12 b8 a1 a2 b1 lco gasoleo ta1-1-lco) [1]
55: (PUSH-END s12 a1 a2 b7 b1 oc1b ta2-1-oc1b) [1]
56: (POP-START s13 b6 a1 a3 b9 gasoleo oc1b ta3-1-gasoleo) [1]
57: (POP-END s13 a1 a3 b11 b9 lco ta1-1-lco) [1]
58: (POP-UNITARYPIPE s34 b0 a3 a4 b3 oca1 gasoleo ta3-1-gasoleo ta4-1-oca1) [1]
59: (PUSH-START s12 b11 a1 a2 b8 gasoleo lco ta1-1-gasoleo) [1]
60: (PUSH-END s12 a1 a2 b1 b8 gasoleo ta2-1-gasoleo) [1]
61: (POP-START s12 b7 a1 a2 b8 oc1b lco ta2-1-oc1b) [1]
62: (POP-END s12 a1 a2 b11 b8 gasoleo ta1-1-gasoleo) [1]
63: (PUSH-UNITARYPIPE s34 b4 a3 a4 b0 oc1b oca1 ta3-1-oc1b ta4-1-oca1) [1]
64: (PUSH-UNITARYPIPE s34 b3 a3 a4 b4 gasoleo oc1b ta3-1-gasoleo ta4-1-oc1b) [1]

Valid plan : 65 actions.
Computed nodes : 133432
Evaluated nodes : 23197
Developed nodes : 9248
Useful nodes : 34

Lookahead utility : 25.27 %
Preparation time : 0.01
Search time : 5.06
Total time : 5.07

__MEMKB 20480
