
Parsing domain..... pipesworld_strips..... done.
Parsing problem..... p37-net4-b20-g5_rt0_instance..... done.
Computing domains..... done.
Instantiating actions..... done.
Computing final representation..... done.

Parsing time : 0.00
Domains creation  time : 0.00
Instantiation time : 0.47 -> 23607 candidates, 17577 actions
Finalization time : 0.02 -> 589 fluents, 75 init

18 17 12 9 8 7 5 4 3 2 

0: (POP-START s13 b17 a1 a3 b5 gasoleo oc1b ta3-1-gasoleo) [1]
1: (POP-END s13 a1 a3 b4 b5 lco ta1-3-lco) [1]
2: (POP-START s12 b14 a1 a2 b8 oc1b gasoleo ta2-3-oc1b) [1]
3: (POP-START s23 b13 a2 a3 b1 lco rat-a ta3-1-lco) [1]
4: (POP-END s23 a2 a3 b2 b19 lco ta2-3-lco) [1]
5: (POP-END s12 a1 a2 b18 b8 lco ta1-2-lco) [1]
6: (POP-START s13 b7 a1 a3 b17 rat-a gasoleo ta3-1-rat-a) [1]
7: (POP-START s12 b2 a1 a2 b14 lco oc1b ta2-3-lco) [1]
8: (POP-END s13 a1 a3 b5 b17 lco ta1-1-lco) [1]
9: (POP-START s13 b15 a1 a3 b7 gasoleo rat-a ta3-2-gasoleo) [1]
10: (PUSH-START s23 b6 a2 a3 b19 oc1b lco ta2-1-oc1b) [1]
11: (PUSH-END s23 a2 a3 b13 b1 lco ta3-2-lco) [1]
12: (POP-END s12 a1 a2 b8 b14 gasoleo ta1-2-gasoleo) [1]
13: (POP-START s23 b13 a2 a3 b1 lco rat-a ta3-2-lco) [1]
14: (POP-END s23 a2 a3 b6 b19 lco ta2-3-lco) [1]
15: (POP-START s12 b12 a1 a2 b2 oc1b lco ta2-2-oc1b) [1]
16: (POP-UNITARYPIPE s34 b0 a3 a4 b10 lco oc1b ta3-3-oc1b ta4-1-lco) [1]
17: (POP-END s12 a1 a2 b14 b2 gasoleo ta1-1-gasoleo) [1]
18: (PUSH-START s23 b9 a2 a3 b19 rat-a lco ta2-1-rat-a) [1]
19: (PUSH-END s23 a2 a3 b13 b1 lco ta3-2-lco) [1]
20: (POP-END s13 a1 a3 b17 b7 oc1b ta1-3-oc1b) [1]
21: (POP-START s23 b13 a2 a3 b1 lco rat-a ta3-2-lco) [1]
22: (POP-END s23 a2 a3 b9 b19 lco ta2-2-lco) [1]
23: (PUSH-START s12 b5 a1 a2 b2 oc1b lco ta1-3-oc1b) [1]
24: (PUSH-END s12 a1 a2 b12 b2 oc1b ta2-1-oc1b) [1]
25: (PUSH-START s23 b6 a2 a3 b19 oc1b lco ta2-1-oc1b) [1]
26: (PUSH-START s12 b17 a1 a2 b5 gasoleo oc1b ta1-2-gasoleo) [1]
27: (PUSH-END s12 a1 a2 b2 b5 lco ta2-1-lco) [1]
28: (PUSH-END s23 a2 a3 b13 b1 lco ta3-2-lco) [1]
29: (PUSH-START s13 b18 a1 a3 b7 lco rat-a ta1-3-lco) [1]
30: (POP-UNITARYPIPE s34 b16 a3 a4 b0 oca1 lco ta3-3-lco ta4-1-oca1) [1]
31: (POP-START s12 b2 a1 a2 b5 lco oc1b ta2-3-lco) [1]
32: (POP-END s12 a1 a2 b17 b5 gasoleo ta1-2-gasoleo) [1]
33: (PUSH-END s13 a1 a3 b15 b7 gasoleo ta3-1-gasoleo) [1]
34: (POP-START s13 b0 a1 a3 b7 lco rat-a ta3-2-lco) [1]
35: (POP-END s13 a1 a3 b18 b7 oc1b ta1-3-oc1b) [1]
36: (PUSH-START s12 b17 a1 a2 b5 gasoleo oc1b ta1-2-gasoleo) [1]
37: (PUSH-END s12 a1 a2 b2 b5 lco ta2-3-lco) [1]
38: (PUSH-START s23 b2 a2 a3 b6 lco oc1b ta2-2-lco) [1]
39: (PUSH-END s23 a2 a3 b1 b19 rat-a ta3-1-rat-a) [1]
40: (PUSH-START s12 b18 a1 a2 b17 lco gasoleo ta1-2-lco) [1]
41: (PUSH-END s12 a1 a2 b5 b17 oc1b ta2-1-oc1b) [1]
42: (PUSH-START s23 b5 a2 a3 b2 oc1b lco ta2-1-oc1b) [1]
43: (PUSH-END s23 a2 a3 b19 b6 lco ta3-2-lco) [1]
44: (POP-START s23 b15 a2 a3 b6 gasoleo oc1b ta3-1-gasoleo) [1]
45: (PUSH-START s12 b8 a1 a2 b18 gasoleo lco ta1-1-gasoleo) [1]
46: (POP-END s23 a2 a3 b5 b2 lco ta2-2-lco) [1]
47: (PUSH-END s12 a1 a2 b17 b18 gasoleo ta2-2-gasoleo) [1]
48: (PUSH-START s23 b17 a2 a3 b2 gasoleo lco ta2-2-gasoleo) [1]
49: (PUSH-END s23 a2 a3 b15 b6 gasoleo ta3-1-gasoleo) [1]
50: (POP-START s23 b15 a2 a3 b6 gasoleo oc1b ta3-1-gasoleo) [1]
51: (POP-END s23 a2 a3 b17 b2 gasoleo ta2-2-gasoleo) [1]
52: (POP-START s23 b10 a2 a3 b15 oc1b gasoleo ta3-3-oc1b) [1]
53: (POP-END s23 a2 a3 b2 b6 oc1b ta2-1-oc1b) [1]
54: (POP-START s12 b17 a1 a2 b18 gasoleo lco ta2-2-gasoleo) [1]
55: (POP-END s12 a1 a2 b8 b18 lco ta1-3-lco) [1]
56: (POP-START s23 b11 a2 a3 b10 oca1 oc1b ta3-1-oca1) [1]
57: (POP-END s23 a2 a3 b6 b15 gasoleo ta2-2-gasoleo) [1]
58: (PUSH-START s23 b5 a2 a3 b15 oc1b gasoleo ta2-1-oc1b) [1]
59: (POP-START s12 b2 a1 a2 b17 lco gasoleo ta2-3-lco) [1]
60: (PUSH-END s23 a2 a3 b11 b10 oca1 ta3-1-oca1) [1]
61: (POP-END s12 a1 a2 b18 b17 gasoleo ta1-1-gasoleo) [1]
62: (POP-START s13 b11 a1 a3 b0 oca1 lco ta3-1-oca1) [1]
63: (POP-END s13 a1 a3 b7 b0 oc1b ta1-1-oc1b) [1]
64: (POP-START s13 b19 a1 a3 b11 lco oca1 ta3-3-lco) [1]
65: (POP-END s13 a1 a3 b0 b11 lco ta1-2-lco) [1]
66: (PUSH-START s12 b14 a1 a2 b17 oc1b gasoleo ta1-3-oc1b) [1]
67: (PUSH-END s12 a1 a2 b2 b17 lco ta2-3-lco) [1]
68: (PUSH-START s23 b2 a2 a3 b5 lco oc1b ta2-2-lco) [1]
69: (PUSH-END s23 a2 a3 b10 b15 oc1b ta3-1-oc1b) [1]
70: (PUSH-START s13 b0 a1 a3 b11 lco oca1 ta1-1-lco) [1]
71: (PUSH-END s13 a1 a3 b19 b11 lco ta3-1-lco) [1]
72: (PUSH-START s12 b18 a1 a2 b14 lco oc1b ta1-3-lco) [1]
73: (POP-START s23 b10 a2 a3 b15 oc1b gasoleo ta3-1-oc1b) [1]
74: (POP-END s23 a2 a3 b2 b5 oc1b ta2-1-oc1b) [1]
75: (PUSH-END s12 a1 a2 b17 b14 gasoleo ta2-1-gasoleo) [1]
76: (PUSH-START s23 b17 a2 a3 b5 gasoleo oc1b ta2-2-gasoleo) [1]
77: (PUSH-END s23 a2 a3 b10 b15 oc1b ta3-1-oc1b) [1]
78: (PUSH-START s23 b2 a2 a3 b17 lco gasoleo ta2-3-lco) [1]
79: (PUSH-END s23 a2 a3 b15 b5 gasoleo ta3-1-gasoleo) [1]
80: (PUSH-START s12 b8 a1 a2 b18 gasoleo lco ta1-1-gasoleo) [1]
81: (POP-START s23 b19 a2 a3 b5 lco oc1b ta3-2-lco) [1]
82: (POP-END s23 a2 a3 b2 b17 lco ta2-3-lco) [1]
83: (PUSH-END s12 a1 a2 b14 b18 oc1b ta2-3-oc1b) [1]
84: (PUSH-START s23 b6 a2 a3 b17 oc1b gasoleo ta2-1-oc1b) [1]
85: (POP-START s13 b10 a1 a3 b11 oc1b oca1 ta3-1-oc1b) [1]
86: (POP-END s13 a1 a3 b0 b11 lco ta1-3-lco) [1]
87: (PUSH-END s23 a2 a3 b19 b5 lco ta3-2-lco) [1]
88: (POP-START s12 b14 a1 a2 b18 oc1b lco ta2-3-oc1b) [1]
89: (PUSH-START s23 b2 a2 a3 b6 lco oc1b ta2-3-lco) [1]
90: (PUSH-END s23 a2 a3 b5 b17 oc1b ta3-1-oc1b) [1]
91: (POP-END s12 a1 a2 b8 b18 lco ta1-1-lco) [1]
92: (POP-START s23 b19 a2 a3 b17 lco gasoleo ta3-2-lco) [1]
93: (POP-START s13 b13 a1 a3 b10 lco oc1b ta3-1-lco) [1]
94: (POP-END s23 a2 a3 b2 b6 lco ta2-3-lco) [1]
95: (POP-START s12 b2 a1 a2 b14 lco oc1b ta2-1-lco) [1]
96: (POP-END s13 a1 a3 b11 b10 oc1b ta1-2-oc1b) [1]
97: (POP-END s12 a1 a2 b18 b14 gasoleo ta1-2-gasoleo) [1]
98: (POP-START s23 b15 a2 a3 b19 gasoleo lco ta3-1-gasoleo) [1]
99: (POP-END s23 a2 a3 b6 b17 oc1b ta2-1-oc1b) [1]
100: (POP-START s13 b5 a1 a3 b13 oc1b lco ta3-1-oc1b) [1]
101: (POP-START s12 b6 a1 a2 b2 oc1b lco ta2-1-oc1b) [1]
102: (POP-END s12 a1 a2 b14 b2 gasoleo ta1-1-gasoleo) [1]
103: (POP-START s23 b1 a2 a3 b15 rat-a gasoleo ta3-1-rat-a) [1]
104: (POP-END s23 a2 a3 b17 b19 rat-a ta2-3-rat-a) [1]
105: (POP-END s13 a1 a3 b10 b13 rat-a ta1-3-rat-a) [1]
106: (PUSH-START s23 b17 a2 a3 b19 gasoleo lco ta2-1-gasoleo) [1]
107: (PUSH-START s12 b14 a1 a2 b2 oc1b lco ta1-2-oc1b) [1]
108: (PUSH-END s23 a2 a3 b1 b15 rat-a ta3-3-rat-a) [1]
109: (POP-START s23 b1 a2 a3 b15 rat-a gasoleo ta3-3-rat-a) [1]
110: (PUSH-START s13 b10 a1 a3 b13 oc1b lco ta1-1-oc1b) [1]
111: (PUSH-END s12 a1 a2 b6 b2 oc1b ta2-1-oc1b) [1]
112: (POP-END s23 a2 a3 b17 b19 lco ta2-2-lco) [1]
113: (POP-START s12 b9 a1 a2 b2 rat-a lco ta2-3-rat-a) [1]
114: (PUSH-START s23 b6 a2 a3 b19 oc1b lco ta2-1-oc1b) [1]
115: (PUSH-END s13 a1 a3 b5 b13 oc1b ta3-3-oc1b) [1]
116: (POP-END s12 a1 a2 b14 b2 rat-a ta1-2-rat-a) [1]
117: (PUSH-START s13 b8 a1 a3 b10 gasoleo oc1b ta1-1-gasoleo) [1]
118: (PUSH-END s23 a2 a3 b1 b15 rat-a ta3-1-rat-a) [1]
119: (POP-START s23 b5 a2 a3 b15 oc1b gasoleo ta3-3-oc1b) [1]
120: (POP-END s23 a2 a3 b6 b19 lco ta2-1-lco) [1]
121: (PUSH-END s13 a1 a3 b13 b10 lco ta3-2-lco) [1]
122: (PUSH-START s13 b0 a1 a3 b8 lco gasoleo ta1-1-lco) [1]
123: (PUSH-START s12 b7 a1 a2 b2 rat-a lco ta1-3-rat-a) [1]
124: (PUSH-END s13 a1 a3 b10 b8 oc1b ta3-1-oc1b) [1]
125: (PUSH-END s12 a1 a2 b9 b2 rat-a ta2-3-rat-a) [1]
126: (PUSH-START s13 b4 a1 a3 b0 rat-a lco ta1-2-rat-a) [1]
127: (POP-START s23 b13 a2 a3 b5 lco oc1b ta3-2-lco) [1]
128: (POP-START s12 b9 a1 a2 b2 rat-a lco ta2-3-rat-a) [1]
129: (POP-END s23 a2 a3 b19 b15 oc1b ta2-1-oc1b) [1]
130: (POP-END s12 a1 a2 b7 b2 lco ta1-1-lco) [1]
131: (PUSH-START s23 b6 a2 a3 b15 oc1b gasoleo ta2-1-oc1b) [1]
132: (PUSH-END s13 a1 a3 b8 b0 gasoleo ta3-1-gasoleo) [1]
133: (PUSH-END s23 a2 a3 b13 b5 lco ta3-2-lco) [1]
134: (POP-START s13 b1 a1 a3 b0 rat-a lco ta3-1-rat-a) [1]
135: (POP-START s12 b19 a1 a2 b9 lco rat-a ta2-3-lco) [1]
136: (POP-END s12 a1 a2 b2 b9 gasoleo ta1-1-gasoleo) [1]
137: (POP-END s13 a1 a3 b4 b0 oc1b ta1-3-oc1b) [1]
138: (POP-START s13 b8 a1 a3 b1 gasoleo rat-a ta3-1-gasoleo) [1]
139: (PUSH-START s12 b2 a1 a2 b9 lco rat-a ta1-3-lco) [1]
140: (POP-START s23 b13 a2 a3 b5 lco oc1b ta3-2-lco) [1]
141: (POP-END s23 a2 a3 b6 b15 gasoleo ta2-2-gasoleo) [1]
142: (POP-END s13 a1 a3 b0 b1 rat-a ta1-3-rat-a) [1]
143: (PUSH-END s12 a1 a2 b19 b9 lco ta2-3-lco) [1]
144: (PUSH-START s13 b0 a1 a3 b1 lco rat-a ta1-1-lco) [1]
145: (POP-START s23 b10 a2 a3 b13 oc1b lco ta3-1-oc1b) [1]
146: (POP-END s23 a2 a3 b15 b5 oc1b ta2-1-oc1b) [1]
147: (PUSH-START s23 b17 a2 a3 b5 gasoleo oc1b ta2-2-gasoleo) [1]
148: (PUSH-END s13 a1 a3 b8 b1 gasoleo ta3-1-gasoleo) [1]
149: (PUSH-START s12 b14 a1 a2 b2 oc1b lco ta1-3-oc1b) [1]
150: (PUSH-END s12 a1 a2 b9 b2 rat-a ta2-3-rat-a) [1]
151: (POP-START s12 b6 a1 a2 b2 oc1b lco ta2-1-oc1b) [1]
152: (PUSH-END s23 a2 a3 b10 b13 oc1b ta3-1-oc1b) [1]
153: (POP-END s12 a1 a2 b14 b2 lco ta1-3-lco) [1]
154: (PUSH-START s23 b9 a2 a3 b17 rat-a gasoleo ta2-3-rat-a) [1]
155: (PUSH-END s23 a2 a3 b13 b5 lco ta3-2-lco) [1]
156: (POP-START s13 b8 a1 a3 b1 gasoleo rat-a ta3-1-gasoleo) [1]
157: (POP-START s23 b13 a2 a3 b5 lco oc1b ta3-2-lco) [1]
158: (POP-START s12 b19 a1 a2 b6 lco oc1b ta2-3-lco) [1]
159: (POP-END s23 a2 a3 b9 b17 gasoleo ta2-2-gasoleo) [1]
160: (POP-END s13 a1 a3 b0 b1 lco ta1-1-lco) [1]
161: (POP-START s13 b10 a1 a3 b8 oc1b gasoleo ta3-1-oc1b) [1]
162: (POP-END s12 a1 a2 b2 b6 rat-a ta1-2-rat-a) [1]
163: (PUSH-START s12 b2 a1 a2 b6 lco oc1b ta1-3-lco) [1]
164: (POP-END s13 a1 a3 b1 b8 oc1b ta1-3-oc1b) [1]
165: (PUSH-END s12 a1 a2 b19 b6 lco ta2-3-lco) [1]
166: (PUSH-START s12 b14 a1 a2 b2 oc1b lco ta1-3-oc1b) [1]
167: (PUSH-START s23 b19 a2 a3 b17 lco gasoleo ta2-2-lco) [1]
168: (PUSH-END s23 a2 a3 b13 b5 lco ta3-2-lco) [1]
169: (POP-START s23 b13 a2 a3 b5 lco oc1b ta3-2-lco) [1]
170: (PUSH-END s12 a1 a2 b6 b2 oc1b ta2-1-oc1b) [1]
171: (POP-END s23 a2 a3 b19 b17 lco ta2-2-lco) [1]
172: (PUSH-START s23 b6 a2 a3 b17 oc1b gasoleo ta2-1-oc1b) [1]
173: (PUSH-START s13 b0 a1 a3 b8 lco gasoleo ta1-1-lco) [1]
174: (PUSH-END s23 a2 a3 b13 b5 lco ta3-2-lco) [1]
175: (POP-START s12 b15 a1 a2 b2 gasoleo lco ta2-2-gasoleo) [1]
176: (POP-END s12 a1 a2 b14 b2 lco ta1-3-lco) [1]
177: (PUSH-START s23 b19 a2 a3 b6 lco oc1b ta2-3-lco) [1]
178: (PUSH-END s13 a1 a3 b10 b8 oc1b ta3-1-oc1b) [1]
179: (PUSH-END s23 a2 a3 b5 b17 oc1b ta3-2-oc1b) [1]
180: (PUSH-START s13 b4 a1 a3 b0 rat-a lco ta1-2-rat-a) [1]
181: (PUSH-END s13 a1 a3 b8 b0 gasoleo ta3-1-gasoleo) [1]
182: (POP-START s23 b10 a2 a3 b17 oc1b gasoleo ta3-1-oc1b) [1]
183: (PUSH-START s12 b7 a1 a2 b2 rat-a lco ta1-3-rat-a) [1]
184: (PUSH-START s13 b18 a1 a3 b4 lco rat-a ta1-3-lco) [1]
185: (PUSH-END s13 a1 a3 b0 b4 lco ta3-3-lco) [1]
186: (POP-END s23 a2 a3 b19 b6 lco ta2-3-lco) [1]
187: (PUSH-END s12 a1 a2 b15 b2 gasoleo ta2-1-gasoleo) [1]
188: (POP-START s23 b0 a2 a3 b10 lco oc1b ta3-2-lco) [1]
189: (POP-END s23 a2 a3 b6 b17 oc1b ta2-1-oc1b) [1]
190: (POP-START s12 b6 a1 a2 b2 oc1b lco ta2-1-oc1b) [1]
191: (POP-START s13 b8 a1 a3 b4 gasoleo rat-a ta3-1-gasoleo) [1]
192: (POP-END s12 a1 a2 b7 b2 lco ta1-3-lco) [1]
193: (PUSH-START s23 b19 a2 a3 b17 lco gasoleo ta2-3-lco) [1]
194: (PUSH-END s23 a2 a3 b0 b10 lco ta3-2-lco) [1]
195: (POP-END s13 a1 a3 b18 b4 rat-a ta1-3-rat-a) [1]
196: (POP-START s12 b15 a1 a2 b6 gasoleo oc1b ta2-1-gasoleo) [1]
197: (POP-START s23 b0 a2 a3 b10 lco oc1b ta3-2-lco) [1]
198: (POP-END s23 a2 a3 b19 b17 lco ta2-3-lco) [1]
199: (POP-END s12 a1 a2 b2 b6 lco ta1-1-lco) [1]
200: (POP-START s13 b5 a1 a3 b8 oc1b gasoleo ta3-2-oc1b) [1]
201: (POP-START s12 b19 a1 a2 b15 lco gasoleo ta2-3-lco) [1]
202: (POP-END s13 a1 a3 b4 b8 rat-a ta1-2-rat-a) [1]
203: (POP-END s12 a1 a2 b6 b15 oc1b ta1-3-oc1b) [1]
204: (PUSH-START s13 b6 a1 a3 b8 oc1b gasoleo ta1-3-oc1b) [1]
205: (PUSH-END s13 a1 a3 b5 b8 oc1b ta3-1-oc1b) [1]
206: (PUSH-START s12 b2 a1 a2 b15 lco gasoleo ta1-3-lco) [1]
207: (PUSH-END s12 a1 a2 b19 b15 lco ta2-3-lco) [1]
208: (POP-START s23 b5 a2 a3 b0 oc1b lco ta3-1-oc1b) [1]
209: (PUSH-START s12 b7 a1 a2 b2 rat-a lco ta1-3-rat-a) [1]
210: (POP-END s23 a2 a3 b17 b10 rat-a ta2-3-rat-a) [1]
211: (PUSH-END s12 a1 a2 b15 b2 gasoleo ta2-1-gasoleo) [1]
212: (POP-START s13 b13 a1 a3 b8 lco gasoleo ta3-3-lco) [1]
213: (POP-END s13 a1 a3 b6 b8 oca1 ta1-1-oca1) [1]
214: (PUSH-START s23 b17 a2 a3 b10 gasoleo oc1b ta2-1-gasoleo) [1]
215: (PUSH-END s23 a2 a3 b5 b0 oc1b ta3-3-oc1b) [1]
216: (POP-START s13 b5 a1 a3 b13 oc1b lco ta3-3-oc1b) [1]
217: (PUSH-START s23 b19 a2 a3 b17 lco gasoleo ta2-1-lco) [1]
218: (PUSH-START s12 b18 a1 a2 b7 lco rat-a ta1-2-lco) [1]
219: (PUSH-END s12 a1 a2 b2 b7 lco ta2-1-lco) [1]
220: (PUSH-END s23 a2 a3 b0 b10 lco ta3-2-lco) [1]
221: (POP-END s13 a1 a3 b8 b13 lco ta1-3-lco) [1]
222: (POP-START s23 b0 a2 a3 b10 lco oc1b ta3-2-lco) [1]
223: (POP-END s23 a2 a3 b19 b17 gasoleo ta2-2-gasoleo) [1]
224: (PUSH-START s23 b2 a2 a3 b17 lco gasoleo ta2-3-lco) [1]
225: (PUSH-START s13 b8 a1 a3 b13 gasoleo lco ta1-2-gasoleo) [1]
226: (PUSH-END s13 a1 a3 b5 b13 oc1b ta3-3-oc1b) [1]
227: (PUSH-END s23 a2 a3 b0 b10 lco ta3-2-lco) [1]
228: (POP-START s12 b19 a1 a2 b7 lco rat-a ta2-2-lco) [1]
229: (POP-START s13 b5 a1 a3 b13 oc1b lco ta3-3-oc1b) [1]
230: (POP-END s12 a1 a2 b18 b7 oc1b ta1-3-oc1b) [1]
231: (POP-END s13 a1 a3 b8 b13 lco ta1-2-lco) [1]
232: (PUSH-START s13 b6 a1 a3 b13 oc1b lco ta1-3-oc1b) [1]
233: (PUSH-START s23 b15 a2 a3 b2 gasoleo lco ta2-2-gasoleo) [1]
234: (PUSH-END s23 a2 a3 b10 b17 oc1b ta3-1-oc1b) [1]
235: (PUSH-START s23 b9 a2 a3 b15 rat-a gasoleo ta2-3-rat-a) [1]
236: (PUSH-END s13 a1 a3 b5 b13 oc1b ta3-3-oc1b) [1]
237: (PUSH-END s23 a2 a3 b17 b2 gasoleo ta3-1-gasoleo) [1]
238: (PUSH-START s13 b11 a1 a3 b6 oca1 oc1b ta1-1-oca1) [1]
239: (PUSH-UNITARYPIPE s34 b17 a3 a4 b16 gasoleo oca1 ta3-1-gasoleo ta4-1-oca1) [1]
240: (PUSH-END s13 a1 a3 b13 b6 lco ta3-1-lco) [1]
241: (PUSH-UNITARYPIPE s34 b0 a3 a4 b17 lco gasoleo ta3-2-lco ta4-1-gasoleo) [1]
242: (PUSH-START s12 b18 a1 a2 b7 lco rat-a ta1-3-lco) [1]
243: (PUSH-END s12 a1 a2 b19 b7 lco ta2-2-lco) [1]
244: (PUSH-START s23 b19 a2 a3 b9 lco rat-a ta2-1-lco) [1]
245: (PUSH-END s23 a2 a3 b2 b15 lco ta3-2-lco) [1]
246: (PUSH-START s13 b8 a1 a3 b11 gasoleo oca1 ta1-1-gasoleo) [1]
247: (PUSH-END s13 a1 a3 b6 b11 oc1b ta3-2-oc1b) [1]

Valid plan : 248 actions.
Computed nodes : 2553
Evaluated nodes : 598
Developed nodes : 1
Useful nodes : 1

Lookahead utility : 25.17 %
Preparation time : 0.49
Search time : 1.27
Total time : 1.76

__MEMKB 14064
