
Parsing domain..... pipesworld_strips..... done.
Parsing problem..... p39-net4-b22-g7_rt0_instance..... done.
Computing domains..... done.
Instantiating actions..... done.
Computing final representation..... done.

Parsing time : 0.00
Domains creation  time : 0.00
Instantiation time : 0.61 -> 30642 candidates, 25014 actions
Finalization time : 0.02 -> 705 fluents, 78 init

28 20 19 16 15 13 10 8 6 4 3 2 

0: (PUSH-START s12 b19 a1 a2 b21 oc1b lco ta1-1-oc1b) [1]
1: (PUSH-START s13 b3 a1 a3 b7 oca1 gasoleo ta1-1-oca1) [1]
2: (PUSH-END s12 a1 a2 b15 b21 oca1 ta2-3-oca1) [1]
3: (POP-START s23 b14 a2 a3 b9 gasoleo lco ta3-2-gasoleo) [1]
4: (PUSH-END s13 a1 a3 b8 b7 lco ta3-3-lco) [1]
5: (POP-UNITARYPIPE s34 b6 a3 a4 b11 lco oc1b ta3-3-oc1b ta4-1-lco) [1]
6: (POP-END s23 a2 a3 b18 b5 oc1b ta2-2-oc1b) [1]
7: (POP-UNITARYPIPE s34 b16 a3 a4 b6 oc1b lco ta3-1-lco ta4-1-oc1b) [1]
8: (POP-START s13 b6 a1 a3 b7 lco gasoleo ta3-1-lco) [1]
9: (POP-END s13 a1 a3 b3 b7 lco ta1-3-lco) [1]
10: (POP-START s13 b11 a1 a3 b6 oc1b lco ta3-3-oc1b) [1]
11: (PUSH-START s23 b12 a2 a3 b5 oca1 oc1b ta2-1-oca1) [1]
12: (PUSH-START s12 b20 a1 a2 b19 gasoleo oc1b ta1-1-gasoleo) [1]
13: (PUSH-END s23 a2 a3 b14 b9 gasoleo ta3-2-gasoleo) [1]
14: (PUSH-END s12 a1 a2 b21 b19 lco ta2-3-lco) [1]
15: (POP-END s13 a1 a3 b7 b6 oc1b ta1-1-oc1b) [1]
16: (PUSH-UNITARYPIPE s34 b14 a3 a4 b16 gasoleo oc1b ta3-1-gasoleo ta4-1-oc1b) [1]
17: (POP-START s12 b18 a1 a2 b19 lco oc1b ta2-3-lco) [1]
18: (PUSH-UNITARYPIPE s34 b8 a3 a4 b14 lco gasoleo ta3-3-lco ta4-2-gasoleo) [1]
19: (POP-END s12 a1 a2 b20 b19 oca1 ta1-1-oca1) [1]
20: (POP-START s12 b15 a1 a2 b18 oca1 lco ta2-3-oca1) [1]
21: (PUSH-START s13 b3 a1 a3 b6 oca1 lco ta1-1-oca1) [1]
22: (POP-END s12 a1 a2 b19 b18 lco ta1-2-lco) [1]
23: (PUSH-END s13 a1 a3 b11 b6 oc1b ta3-1-oc1b) [1]
24: (POP-UNITARYPIPE s34 b10 a3 a4 b8 oc1b lco ta3-3-lco ta4-2-oc1b) [1]
25: (POP-START s23 b11 a2 a3 b9 oc1b lco ta3-1-oc1b) [1]
26: (POP-UNITARYPIPE s34 b14 a3 a4 b10 gasoleo oc1b ta3-3-oc1b ta4-2-gasoleo) [1]
27: (POP-END s23 a2 a3 b12 b5 lco ta2-3-lco) [1]
28: (POP-START s13 b0 a1 a3 b6 rat-a lco ta3-1-rat-a) [1]
29: (PUSH-START s12 b19 a1 a2 b18 oc1b lco ta1-1-oc1b) [1]
30: (PUSH-END s12 a1 a2 b15 b18 oca1 ta2-1-oca1) [1]
31: (POP-END s13 a1 a3 b3 b6 gasoleo ta1-2-gasoleo) [1]
32: (PUSH-START s23 b15 a2 a3 b5 oca1 oc1b ta2-2-oca1) [1]
33: (PUSH-UNITARYPIPE s34 b10 a3 a4 b14 oc1b gasoleo ta3-3-oc1b ta4-1-gasoleo) [1]
34: (POP-START s12 b1 a1 a2 b18 oca1 lco ta2-1-oca1) [1]
35: (PUSH-END s23 a2 a3 b11 b9 oc1b ta3-1-oc1b) [1]
36: (POP-END s12 a1 a2 b19 b18 lco ta1-1-lco) [1]
37: (POP-START s13 b8 a1 a3 b0 lco rat-a ta3-3-lco) [1]
38: (POP-END s13 a1 a3 b6 b0 oc1b ta1-1-oc1b) [1]
39: (POP-START s12 b21 a1 a2 b1 lco oca1 ta2-3-lco) [1]
40: (POP-START s13 b11 a1 a3 b8 oc1b lco ta3-1-oc1b) [1]
41: (POP-END s13 a1 a3 b0 b8 gasoleo ta1-1-gasoleo) [1]
42: (PUSH-START s13 b19 a1 a3 b8 oc1b lco ta1-1-oc1b) [1]
43: (POP-END s12 a1 a2 b18 b1 rat-a ta1-1-rat-a) [1]
44: (PUSH-END s13 a1 a3 b11 b8 oc1b ta3-1-oc1b) [1]
45: (POP-START s23 b4 a2 a3 b9 gasoleo lco ta3-2-gasoleo) [1]
46: (PUSH-START s13 b18 a1 a3 b19 lco oc1b ta1-3-lco) [1]
47: (PUSH-END s13 a1 a3 b8 b19 lco ta3-1-lco) [1]
48: (POP-END s23 a2 a3 b15 b5 lco ta2-3-lco) [1]
49: (POP-UNITARYPIPE s34 b14 a3 a4 b10 gasoleo oc1b ta3-3-oc1b ta4-1-gasoleo) [1]
50: (POP-START s23 b8 a2 a3 b4 lco gasoleo ta3-1-lco) [1]
51: (PUSH-START s13 b7 a1 a3 b18 gasoleo lco ta1-2-gasoleo) [1]
52: (PUSH-END s13 a1 a3 b19 b18 oc1b ta3-2-oc1b) [1]
53: (PUSH-UNITARYPIPE s34 b10 a3 a4 b14 oc1b gasoleo ta3-1-oc1b ta4-1-gasoleo) [1]
54: (PUSH-START s12 b6 a1 a2 b1 lco oca1 ta1-1-lco) [1]
55: (POP-END s23 a2 a3 b5 b9 lco ta2-2-lco) [1]
56: (PUSH-END s12 a1 a2 b21 b1 lco ta2-1-lco) [1]
57: (PUSH-START s13 b0 a1 a3 b7 rat-a gasoleo ta1-1-rat-a) [1]
58: (PUSH-START s23 b5 a2 a3 b9 oc1b lco ta2-2-oc1b) [1]
59: (PUSH-END s23 a2 a3 b8 b4 lco ta3-1-lco) [1]
60: (POP-UNITARYPIPE s34 b14 a3 a4 b10 gasoleo oc1b ta3-1-oc1b ta4-1-gasoleo) [1]
61: (POP-START s23 b8 a2 a3 b4 lco gasoleo ta3-1-lco) [1]
62: (PUSH-END s13 a1 a3 b18 b7 lco ta3-2-lco) [1]
63: (PUSH-START s12 b20 a1 a2 b6 gasoleo lco ta1-1-gasoleo) [1]
64: (PUSH-END s12 a1 a2 b1 b6 oca1 ta2-1-oca1) [1]
65: (POP-END s23 a2 a3 b5 b9 gasoleo ta2-2-gasoleo) [1]
66: (PUSH-UNITARYPIPE s34 b18 a3 a4 b14 lco gasoleo ta3-2-lco ta4-2-gasoleo) [1]
67: (POP-START s13 b10 a1 a3 b7 oc1b gasoleo ta3-1-oc1b) [1]
68: (POP-END s13 a1 a3 b0 b7 lco ta1-3-lco) [1]
69: (PUSH-UNITARYPIPE s34 b11 a3 a4 b18 oc1b lco ta3-2-oc1b ta4-1-lco) [1]
70: (PUSH-START s23 b12 a2 a3 b9 oca1 lco ta2-1-oca1) [1]
71: (PUSH-END s23 a2 a3 b8 b4 lco ta3-1-lco) [1]
72: (POP-START s13 b8 a1 a3 b10 lco oc1b ta3-1-lco) [1]
73: (POP-END s13 a1 a3 b7 b10 oc1b ta1-1-oc1b) [1]
74: (POP-START s23 b19 a2 a3 b4 oc1b gasoleo ta3-3-oc1b) [1]
75: (POP-END s23 a2 a3 b12 b9 oc1b ta2-1-oc1b) [1]
76: (POP-START s12 b5 a1 a2 b6 oc1b lco ta2-1-oc1b) [1]
77: (POP-END s12 a1 a2 b20 b6 oc1b ta1-2-oc1b) [1]
78: (POP-UNITARYPIPE s34 b17 a3 a4 b11 oca1 oc1b ta3-3-oc1b ta4-2-oca1) [1]
79: (POP-START s12 b21 a1 a2 b5 lco oc1b ta2-3-lco) [1]
80: (POP-UNITARYPIPE s34 b18 a3 a4 b17 lco oca1 ta3-1-oca1 ta4-1-lco) [1]
81: (POP-START s13 b2 a1 a3 b8 rat-a lco ta3-2-rat-a) [1]
82: (POP-END s13 a1 a3 b10 b8 lco ta1-1-lco) [1]
83: (POP-START s23 b17 a2 a3 b19 oca1 oc1b ta3-1-oca1) [1]
84: (POP-END s12 a1 a2 b6 b5 gasoleo ta1-2-gasoleo) [1]
85: (PUSH-UNITARYPIPE s34 b11 a3 a4 b18 oc1b lco ta3-3-oc1b ta4-1-lco) [1]
86: (POP-END s23 a2 a3 b9 b4 oca1 ta2-1-oca1) [1]
87: (PUSH-START s13 b20 a1 a3 b8 gasoleo lco ta1-2-gasoleo) [1]
88: (POP-START s12 b15 a1 a2 b21 oca1 lco ta2-1-oca1) [1]
89: (POP-END s12 a1 a2 b5 b21 gasoleo ta1-2-gasoleo) [1]
90: (POP-UNITARYPIPE s34 b18 a3 a4 b11 lco oc1b ta3-1-oc1b ta4-1-lco) [1]
91: (PUSH-END s13 a1 a3 b2 b8 rat-a ta3-2-rat-a) [1]
92: (PUSH-START s23 b9 a2 a3 b4 lco gasoleo ta2-2-lco) [1]
93: (PUSH-END s23 a2 a3 b17 b19 oca1 ta3-1-oca1) [1]
94: (POP-START s13 b11 a1 a3 b8 oc1b lco ta3-1-oc1b) [1]
95: (PUSH-UNITARYPIPE s34 b17 a3 a4 b18 oca1 lco ta3-1-oca1 ta4-1-lco) [1]
96: (POP-END s13 a1 a3 b20 b8 gasoleo ta1-1-gasoleo) [1]
97: (PUSH-START s12 b10 a1 a2 b21 oc1b lco ta1-1-oc1b) [1]
98: (PUSH-END s12 a1 a2 b15 b21 oca1 ta2-3-oca1) [1]
99: (POP-UNITARYPIPE s34 b18 a3 a4 b17 lco oca1 ta3-3-oca1 ta4-1-lco) [1]
100: (PUSH-START s23 b15 a2 a3 b9 oca1 lco ta2-3-oca1) [1]
101: (POP-START s13 b17 a1 a3 b11 oca1 oc1b ta3-3-oca1) [1]
102: (PUSH-END s23 a2 a3 b19 b4 oc1b ta3-1-oc1b) [1]
103: (POP-END s13 a1 a3 b8 b11 oc1b ta1-1-oc1b) [1]
104: (PUSH-UNITARYPIPE s34 b19 a3 a4 b18 oc1b lco ta3-1-oc1b ta4-1-lco) [1]
105: (POP-UNITARYPIPE s34 b18 a3 a4 b19 lco oc1b ta3-3-oc1b ta4-1-lco) [1]
106: (POP-START s23 b2 a2 a3 b4 rat-a gasoleo ta3-2-rat-a) [1]
107: (POP-END s23 a2 a3 b15 b9 lco ta2-3-lco) [1]
108: (POP-UNITARYPIPE s34 b16 a3 a4 b18 oc1b lco ta3-3-lco ta4-1-oc1b) [1]
109: (POP-UNITARYPIPE s34 b13 a3 a4 b16 oca1 oc1b ta3-2-oc1b ta4-1-oca1) [1]
110: (PUSH-UNITARYPIPE s34 b18 a3 a4 b13 lco oca1 ta3-3-lco ta4-2-oca1) [1]
111: (PUSH-UNITARYPIPE s34 b16 a3 a4 b18 oc1b lco ta3-2-oc1b ta4-1-lco) [1]

Valid plan : 112 actions.
Computed nodes : 342
Evaluated nodes : 73
Developed nodes : 1
Useful nodes : 1

Lookahead utility : 27.80 %
Preparation time : 0.63
Search time : 0.26
Total time : 0.89

__MEMKB 16896
