
Parsing domain..... pipesworld_strips..... done.
Parsing problem..... p41-net5-b22-g2_rt0_instance..... done.
Computing domains..... done.
Instantiating actions..... done.
Computing final representation..... done.

Parsing time : 0.00
Domains creation  time : 0.00
Instantiation time : 0.21 -> 15396 candidates, 11748 actions
Finalization time : 0.01 -> 714 fluents, 58 init

12 10 8 6 2 

0: (POP-START s15 b19 a1 a5 b3 lco oc1b ta5-1-lco) [1]
1: (POP-UNITARYPIPE s34 b2 a3 a4 b1 lco gasoleo ta3-1-gasoleo ta4-1-lco) [1]
2: (POP-START s13 b1 a1 a3 b8 gasoleo rat-a ta3-1-gasoleo) [1]
3: (POP-END s15 a1 a5 b14 b12 lco ta1-1-lco) [1]
4: (POP-END s13 a1 a3 b13 b8 rat-a ta1-1-rat-a) [1]
5: (PUSH-START s12 b10 a1 a2 b21 gasoleo rat-a ta1-1-gasoleo) [1]
6: (POP-START s15 b4 a1 a5 b19 oc1b lco ta5-1-oc1b) [1]
7: (PUSH-END s12 a1 a2 b11 b21 gasoleo ta2-1-gasoleo) [1]
8: (POP-UNITARYPIPE s34 b17 a3 a4 b2 oca1 lco ta3-1-lco ta4-1-oca1) [1]
9: (POP-START s12 b11 a1 a2 b21 gasoleo rat-a ta2-1-gasoleo) [1]
10: (POP-END s15 a1 a5 b12 b7 gasoleo ta1-1-gasoleo) [1]
11: (POP-START s13 b2 a1 a3 b1 lco gasoleo ta3-1-lco) [1]
12: (POP-END s13 a1 a3 b8 b1 oc1b ta1-1-oc1b) [1]
13: (POP-START s13 b18 a1 a3 b2 oca1 lco ta3-1-oca1) [1]
14: (POP-END s12 a1 a2 b10 b21 oca1 ta1-1-oca1) [1]
15: (PUSH-START s15 b13 a1 a5 b7 gasoleo oca1 ta1-1-gasoleo) [1]
16: (POP-END s13 a1 a3 b1 b2 gasoleo ta1-1-gasoleo) [1]
17: (PUSH-END s15 a1 a5 b4 b19 oc1b ta5-1-oc1b) [1]
18: (PUSH-START s13 b10 a1 a3 b2 gasoleo lco ta1-1-gasoleo) [1]
19: (PUSH-END s13 a1 a3 b18 b2 oca1 ta3-1-oca1) [1]
20: (PUSH-START s13 b14 a1 a3 b10 lco gasoleo ta1-1-lco) [1]
21: (PUSH-END s13 a1 a3 b2 b10 lco ta3-1-lco) [1]
22: (PUSH-START s13 b8 a1 a3 b14 rat-a lco ta1-1-rat-a) [1]
23: (PUSH-END s13 a1 a3 b10 b14 gasoleo ta3-1-gasoleo) [1]

Valid plan : 24 actions.
Computed nodes : 24
Evaluated nodes : 8
Developed nodes : 0
Useful nodes : 0

Lookahead utility : 40.00 %
Preparation time : 0.22
Search time : 0.01
Total time : 0.23

__MEMKB 7680
