
Parsing domain..... pipesworld_strips..... done.
Parsing problem..... p46-net5-b26-g6_rt0_instance..... done.
Computing domains..... done.
Instantiating actions..... done.
Computing final representation..... done.

Parsing time : 0.00
Domains creation  time : 0.00
Instantiation time : 1.53 -> 63268 candidates, 49336 actions
Finalization time : 0.06 -> 987 fluents, 105 init

50 48 39 37 36 35 28 27 26 24 23 22 21 20 18 16 15 10 9 8 7 6 5 2 

0: (PUSH-START s12 b8 a1 a2 b2 lco gasoleo ta1-1-lco) [1]
1: (PUSH-UNITARYPIPE s34 b0 a3 a4 b22 lco oc1b ta3-2-lco ta4-2-oc1b) [1]
2: (POP-START s15 b9 a1 a5 b3 lco oca1 ta5-1-lco) [1]
3: (POP-START s13 b10 a1 a3 b12 rat-a lco ta3-1-rat-a) [1]
4: (PUSH-END s12 a1 a2 b6 b2 gasoleo ta2-3-gasoleo) [1]
5: (POP-END s15 a1 a5 b24 b13 lco ta1-4-lco) [1]
6: (POP-START s15 b17 a1 a5 b9 gasoleo lco ta5-1-gasoleo) [1]
7: (PUSH-START s23 b4 a2 a3 b7 lco rat-a ta2-2-lco) [1]
8: (PUSH-END s23 a2 a3 b20 b18 lco ta3-4-lco) [1]
9: (POP-UNITARYPIPE s34 b19 a3 a4 b0 gasoleo lco ta3-3-lco ta4-1-gasoleo) [1]
10: (POP-END s15 a1 a5 b13 b14 lco ta1-3-lco) [1]
11: (POP-START s12 b5 a1 a2 b2 rat-a gasoleo ta2-2-rat-a) [1]
12: (POP-START s23 b25 a2 a3 b18 lco oca1 ta3-4-lco) [1]
13: (POP-END s23 a2 a3 b4 b7 lco ta2-4-lco) [1]
14: (POP-UNITARYPIPE s34 b22 a3 a4 b19 oc1b gasoleo ta3-1-gasoleo ta4-2-oc1b) [1]
15: (POP-START s15 b11 a1 a5 b17 rat-a gasoleo ta5-1-rat-a) [1]
16: (POP-END s13 a1 a3 b15 b12 gasoleo ta1-3-gasoleo) [1]
17: (PUSH-START s23 b6 a2 a3 b7 gasoleo rat-a ta2-3-gasoleo) [1]
18: (POP-END s12 a1 a2 b8 b2 rat-a ta1-3-rat-a) [1]
19: (POP-START s12 b4 a1 a2 b5 lco rat-a ta2-4-lco) [1]
20: (POP-END s12 a1 a2 b2 b5 lco ta1-2-lco) [1]
21: (POP-START s13 b20 a1 a3 b10 lco rat-a ta3-3-lco) [1]
22: (PUSH-END s23 a2 a3 b25 b18 lco ta3-2-lco) [1]
23: (PUSH-START s23 b21 a2 a3 b6 rat-a gasoleo ta2-1-rat-a) [1]
24: (PUSH-END s23 a2 a3 b18 b7 oca1 ta3-1-oca1) [1]
25: (PUSH-START s23 b1 a2 a3 b21 lco rat-a ta2-1-lco) [1]
26: (PUSH-UNITARYPIPE s34 b25 a3 a4 b22 lco oc1b ta3-2-lco ta4-2-oc1b) [1]
27: (POP-END s15 a1 a5 b14 b3 lco ta1-1-lco) [1]
28: (POP-END s13 a1 a3 b12 b10 gasoleo ta1-2-gasoleo) [1]
29: (POP-START s13 b19 a1 a3 b20 gasoleo lco ta3-1-gasoleo) [1]
30: (PUSH-END s23 a2 a3 b7 b6 rat-a ta3-3-rat-a) [1]
31: (PUSH-START s15 b12 a1 a5 b3 lco oca1 ta1-4-lco) [1]
32: (PUSH-END s15 a1 a5 b11 b17 rat-a ta5-2-rat-a) [1]
33: (POP-START s23 b0 a2 a3 b6 lco gasoleo ta3-1-lco) [1]
34: (POP-START s15 b11 a1 a5 b17 rat-a gasoleo ta5-2-rat-a) [1]
35: (POP-END s15 a1 a5 b12 b3 lco ta1-4-lco) [1]
36: (POP-END s13 a1 a3 b10 b20 oca1 ta1-1-oca1) [1]
37: (POP-END s23 a2 a3 b1 b21 rat-a ta2-2-rat-a) [1]
38: (PUSH-START s12 b8 a1 a2 b5 lco rat-a ta1-3-lco) [1]
39: (PUSH-END s12 a1 a2 b4 b5 lco ta2-4-lco) [1]
40: (PUSH-START s12 b16 a1 a2 b8 oc1b lco ta1-1-oc1b) [1]
41: (PUSH-START s13 b13 a1 a3 b20 gasoleo lco ta1-3-gasoleo) [1]
42: (PUSH-END s12 a1 a2 b5 b8 rat-a ta2-1-rat-a) [1]
43: (POP-START s23 b18 a2 a3 b0 oca1 lco ta3-1-oca1) [1]
44: (POP-UNITARYPIPE s34 b22 a3 a4 b25 oc1b lco ta3-1-lco ta4-2-oc1b) [1]
45: (POP-END s23 a2 a3 b21 b6 lco ta2-3-lco) [1]
46: (PUSH-START s15 b12 a1 a5 b3 lco oca1 ta1-4-lco) [1]
47: (PUSH-END s13 a1 a3 b19 b20 gasoleo ta3-3-gasoleo) [1]
48: (PUSH-END s15 a1 a5 b11 b17 rat-a ta5-2-rat-a) [1]
49: (PUSH-START s15 b10 a1 a5 b12 rat-a lco ta1-3-rat-a) [1]
50: (PUSH-END s15 a1 a5 b17 b9 gasoleo ta5-2-gasoleo) [1]
51: (PUSH-START s12 b2 a1 a2 b16 gasoleo oc1b ta1-2-gasoleo) [1]
52: (PUSH-START s13 b24 a1 a3 b13 oca1 gasoleo ta1-1-oca1) [1]
53: (PUSH-END s12 a1 a2 b8 b16 lco ta2-2-lco) [1]
54: (PUSH-END s13 a1 a3 b20 b13 lco ta3-2-lco) [1]
55: (POP-START s23 b20 a2 a3 b18 lco oca1 ta3-1-lco) [1]
56: (POP-START s15 b17 a1 a5 b9 gasoleo lco ta5-2-gasoleo) [1]
57: (POP-END s15 a1 a5 b10 b12 lco ta1-4-lco) [1]
58: (POP-START s13 b25 a1 a3 b13 lco gasoleo ta3-2-lco) [1]
59: (POP-END s23 a2 a3 b6 b0 gasoleo ta2-1-gasoleo) [1]
60: (POP-START s15 b11 a1 a5 b17 rat-a gasoleo ta5-2-rat-a) [1]
61: (POP-END s15 a1 a5 b12 b3 lco ta1-3-lco) [1]
62: (POP-START s23 b19 a2 a3 b20 gasoleo lco ta3-3-gasoleo) [1]
63: (POP-START s12 b8 a1 a2 b16 lco oc1b ta2-4-lco) [1]
64: (POP-END s23 a2 a3 b0 b18 lco ta2-1-lco) [1]
65: (POP-END s12 a1 a2 b2 b16 oca1 ta1-2-oca1) [1]
66: (PUSH-START s23 b6 a2 a3 b18 gasoleo oca1 ta2-1-gasoleo) [1]
67: (PUSH-START s12 b12 a1 a2 b16 lco oc1b ta1-4-lco) [1]
68: (POP-END s13 a1 a3 b24 b13 rat-a ta1-3-rat-a) [1]
69: (PUSH-END s12 a1 a2 b8 b16 lco ta2-4-lco) [1]
70: (PUSH-END s23 a2 a3 b19 b20 gasoleo ta3-3-gasoleo) [1]
71: (PUSH-START s23 b8 a2 a3 b6 lco gasoleo ta2-3-lco) [1]
72: (PUSH-END s23 a2 a3 b20 b18 lco ta3-2-lco) [1]
73: (POP-START s12 b4 a1 a2 b16 lco oc1b ta2-4-lco) [1]
74: (PUSH-START s13 b15 a1 a3 b13 rat-a gasoleo ta1-3-rat-a) [1]
75: (PUSH-END s13 a1 a3 b25 b13 lco ta3-3-lco) [1]
76: (POP-START s23 b20 a2 a3 b18 lco oca1 ta3-2-lco) [1]
77: (PUSH-START s15 b23 a1 a5 b3 oc1b oca1 ta1-2-oc1b) [1]
78: (POP-END s12 a1 a2 b12 b16 gasoleo ta1-3-gasoleo) [1]
79: (POP-END s23 a2 a3 b8 b6 lco ta2-3-lco) [1]
80: (PUSH-END s15 a1 a5 b11 b17 rat-a ta5-2-rat-a) [1]
81: (POP-START s23 b19 a2 a3 b20 gasoleo lco ta3-3-gasoleo) [1]
82: (PUSH-START s15 b12 a1 a5 b23 lco oc1b ta1-3-lco) [1]
83: (POP-START s12 b5 a1 a2 b4 rat-a lco ta2-2-rat-a) [1]
84: (POP-END s23 a2 a3 b6 b18 gasoleo ta2-1-gasoleo) [1]
85: (POP-START s13 b7 a1 a3 b13 rat-a gasoleo ta3-3-rat-a) [1]
86: (PUSH-END s15 a1 a5 b17 b9 gasoleo ta5-2-gasoleo) [1]
87: (POP-END s13 a1 a3 b15 b13 lco ta1-4-lco) [1]
88: (PUSH-START s15 b14 a1 a5 b12 oca1 lco ta1-2-oca1) [1]
89: (PUSH-END s15 a1 a5 b9 b3 lco ta5-1-lco) [1]
90: (POP-END s12 a1 a2 b16 b4 lco ta1-3-lco) [1]
91: (POP-START s13 b25 a1 a3 b7 lco rat-a ta3-3-lco) [1]
92: (POP-START s15 b9 a1 a5 b3 lco oca1 ta5-1-lco) [1]
93: (PUSH-START s23 b6 a2 a3 b18 gasoleo oca1 ta2-1-gasoleo) [1]
94: (POP-START s12 b8 a1 a2 b5 lco rat-a ta2-3-lco) [1]
95: (PUSH-END s23 a2 a3 b19 b20 gasoleo ta3-3-gasoleo) [1]
96: (PUSH-START s23 b0 a2 a3 b6 lco gasoleo ta2-1-lco) [1]
97: (PUSH-END s23 a2 a3 b20 b18 lco ta3-2-lco) [1]
98: (POP-END s13 a1 a3 b13 b7 gasoleo ta1-2-gasoleo) [1]
99: (POP-START s13 b19 a1 a3 b25 gasoleo lco ta3-3-gasoleo) [1]
100: (POP-START s23 b20 a2 a3 b18 lco oca1 ta3-2-lco) [1]
101: (POP-END s12 a1 a2 b4 b5 oc1b ta1-1-oc1b) [1]
102: (POP-END s23 a2 a3 b0 b6 lco ta2-4-lco) [1]
103: (PUSH-START s12 b4 a1 a2 b5 lco rat-a ta1-4-lco) [1]
104: (POP-END s15 a1 a5 b14 b12 gasoleo ta1-1-gasoleo) [1]
105: (PUSH-START s23 b0 a2 a3 b6 lco gasoleo ta2-2-lco) [1]
106: (PUSH-END s12 a1 a2 b8 b5 lco ta2-3-lco) [1]
107: (PUSH-END s23 a2 a3 b20 b18 lco ta3-4-lco) [1]
108: (POP-START s23 b20 a2 a3 b18 lco oca1 ta3-4-lco) [1]
109: (POP-START s15 b17 a1 a5 b9 gasoleo lco ta5-2-gasoleo) [1]
110: (POP-END s13 a1 a3 b7 b25 rat-a ta1-3-rat-a) [1]
111: (POP-END s23 a2 a3 b0 b6 lco ta2-2-lco) [1]
112: (POP-END s15 a1 a5 b12 b23 lco ta1-4-lco) [1]
113: (POP-START s12 b8 a1 a2 b5 lco rat-a ta2-4-lco) [1]
114: (POP-START s15 b11 a1 a5 b17 rat-a gasoleo ta5-2-rat-a) [1]
115: (POP-END s12 a1 a2 b4 b5 rat-a ta1-2-rat-a) [1]
116: (PUSH-START s13 b16 a1 a3 b25 oc1b lco ta1-1-oc1b) [1]
117: (PUSH-END s13 a1 a3 b19 b25 gasoleo ta3-1-gasoleo) [1]
118: (PUSH-START s13 b12 a1 a3 b16 lco oc1b ta1-4-lco) [1]
119: (PUSH-START s23 b21 a2 a3 b6 rat-a gasoleo ta2-1-rat-a) [1]
120: (PUSH-END s23 a2 a3 b20 b18 lco ta3-4-lco) [1]
121: (PUSH-END s13 a1 a3 b25 b16 lco ta3-2-lco) [1]
122: (PUSH-START s12 b4 a1 a2 b5 lco rat-a ta1-3-lco) [1]
123: (POP-END s15 a1 a5 b23 b3 lco ta1-4-lco) [1]
124: (PUSH-END s12 a1 a2 b8 b5 lco ta2-4-lco) [1]
125: (POP-START s23 b20 a2 a3 b18 lco oca1 ta3-4-lco) [1]
126: (PUSH-START s13 b10 a1 a3 b12 rat-a lco ta1-3-rat-a) [1]
127: (PUSH-START s12 b13 a1 a2 b4 gasoleo lco ta1-3-gasoleo) [1]
128: (POP-END s23 a2 a3 b21 b6 lco ta2-1-lco) [1]
129: (PUSH-END s13 a1 a3 b16 b12 oc1b ta3-1-oc1b) [1]
130: (POP-START s23 b19 a2 a3 b20 gasoleo lco ta3-1-gasoleo) [1]
131: (PUSH-END s12 a1 a2 b5 b4 rat-a ta2-1-rat-a) [1]
132: (POP-END s23 a2 a3 b6 b18 gasoleo ta2-1-gasoleo) [1]
133: (POP-START s13 b16 a1 a3 b12 oc1b lco ta3-1-oc1b) [1]
134: (POP-END s13 a1 a3 b10 b12 lco ta1-3-lco) [1]
135: (PUSH-START s15 b2 a1 a5 b3 gasoleo oca1 ta1-2-gasoleo) [1]
136: (PUSH-END s15 a1 a5 b11 b17 rat-a ta5-2-rat-a) [1]
137: (POP-START s12 b5 a1 a2 b4 rat-a lco ta2-1-rat-a) [1]
138: (POP-START s15 b11 a1 a5 b17 rat-a gasoleo ta5-2-rat-a) [1]
139: (POP-START s13 b25 a1 a3 b16 lco oc1b ta3-2-lco) [1]
140: (POP-END s13 a1 a3 b12 b16 gasoleo ta1-3-gasoleo) [1]
141: (PUSH-START s23 b6 a2 a3 b18 gasoleo oca1 ta2-1-gasoleo) [1]
142: (POP-END s12 a1 a2 b13 b4 oca1 ta1-2-oca1) [1]
143: (POP-START s12 b8 a1 a2 b5 lco rat-a ta2-4-lco) [1]
144: (PUSH-END s23 a2 a3 b19 b20 gasoleo ta3-3-gasoleo) [1]
145: (POP-END s12 a1 a2 b4 b5 gasoleo ta1-2-gasoleo) [1]
146: (PUSH-START s13 b12 a1 a3 b16 lco oc1b ta1-4-lco) [1]
147: (PUSH-END s13 a1 a3 b25 b16 lco ta3-4-lco) [1]
148: (POP-START s23 b19 a2 a3 b20 gasoleo lco ta3-3-gasoleo) [1]
149: (PUSH-START s13 b10 a1 a3 b12 rat-a lco ta1-2-rat-a) [1]
150: (POP-END s23 a2 a3 b6 b18 lco ta2-4-lco) [1]
151: (PUSH-END s13 a1 a3 b16 b12 oc1b ta3-1-oc1b) [1]
152: (PUSH-START s12 b4 a1 a2 b5 lco rat-a ta1-3-lco) [1]
153: (PUSH-START s23 b0 a2 a3 b18 lco oca1 ta2-4-lco) [1]
154: (POP-END s15 a1 a5 b2 b3 lco ta1-4-lco) [1]
155: (PUSH-END s12 a1 a2 b8 b5 lco ta2-4-lco) [1]
156: (PUSH-END s23 a2 a3 b19 b20 gasoleo ta3-3-gasoleo) [1]
157: (PUSH-START s12 b13 a1 a2 b4 gasoleo lco ta1-3-gasoleo) [1]
158: (POP-START s13 b19 a1 a3 b12 gasoleo lco ta3-3-gasoleo) [1]
159: (POP-END s13 a1 a3 b10 b12 lco ta1-3-lco) [1]
160: (PUSH-END s12 a1 a2 b5 b4 rat-a ta2-1-rat-a) [1]
161: (POP-START s13 b16 a1 a3 b19 oc1b gasoleo ta3-1-oc1b) [1]
162: (POP-END s13 a1 a3 b12 b19 oc1b ta1-1-oc1b) [1]
163: (PUSH-START s15 b12 a1 a5 b3 lco oca1 ta1-4-lco) [1]
164: (PUSH-END s15 a1 a5 b11 b17 rat-a ta5-2-rat-a) [1]
165: (POP-START s12 b21 a1 a2 b4 rat-a lco ta2-1-rat-a) [1]
166: (POP-START s15 b11 a1 a5 b17 rat-a gasoleo ta5-2-rat-a) [1]
167: (POP-START s13 b25 a1 a3 b16 lco oc1b ta3-4-lco) [1]
168: (POP-END s13 a1 a3 b19 b16 lco ta1-4-lco) [1]
169: (POP-END s12 a1 a2 b13 b4 rat-a ta1-3-rat-a) [1]
170: (POP-END s15 a1 a5 b12 b3 gasoleo ta1-3-gasoleo) [1]
171: (PUSH-START s13 b19 a1 a3 b16 gasoleo oc1b ta1-1-gasoleo) [1]
172: (POP-START s12 b8 a1 a2 b21 lco rat-a ta2-1-lco) [1]
173: (PUSH-END s13 a1 a3 b25 b16 lco ta3-1-lco) [1]
174: (PUSH-START s13 b23 a1 a3 b19 oc1b gasoleo ta1-1-oc1b) [1]
175: (PUSH-END s13 a1 a3 b16 b19 oc1b ta3-1-oc1b) [1]
176: (POP-END s12 a1 a2 b4 b21 gasoleo ta1-1-gasoleo) [1]
177: (POP-START s13 b16 a1 a3 b19 oc1b gasoleo ta3-1-oc1b) [1]
178: (PUSH-START s15 b13 a1 a5 b3 gasoleo oca1 ta1-3-gasoleo) [1]
179: (PUSH-END s15 a1 a5 b11 b17 rat-a ta5-2-rat-a) [1]
180: (POP-END s13 a1 a3 b23 b19 oc1b ta1-1-oc1b) [1]
181: (PUSH-START s12 b4 a1 a2 b21 lco rat-a ta1-4-lco) [1]
182: (POP-START s15 b11 a1 a5 b17 rat-a gasoleo ta5-2-rat-a) [1]
183: (PUSH-END s12 a1 a2 b8 b21 lco ta2-1-lco) [1]
184: (POP-END s15 a1 a5 b13 b3 gasoleo ta1-3-gasoleo) [1]
185: (POP-START s13 b25 a1 a3 b16 lco oc1b ta3-1-lco) [1]
186: (POP-END s13 a1 a3 b19 b16 lco ta1-4-lco) [1]
187: (PUSH-START s12 b13 a1 a2 b4 gasoleo lco ta1-3-gasoleo) [1]
188: (PUSH-END s12 a1 a2 b21 b4 rat-a ta2-3-rat-a) [1]
189: (PUSH-START s15 b12 a1 a5 b3 lco oca1 ta1-3-lco) [1]
190: (PUSH-END s15 a1 a5 b11 b17 rat-a ta5-2-rat-a) [1]
191: (PUSH-START s15 b19 a1 a5 b12 gasoleo lco ta1-1-gasoleo) [1]
192: (PUSH-END s15 a1 a5 b17 b9 gasoleo ta5-2-gasoleo) [1]
193: (POP-START s12 b21 a1 a2 b4 rat-a lco ta2-3-rat-a) [1]
194: (PUSH-START s15 b23 a1 a5 b19 oc1b gasoleo ta1-1-oc1b) [1]
195: (PUSH-START s13 b2 a1 a3 b16 gasoleo oc1b ta1-2-gasoleo) [1]
196: (POP-END s12 a1 a2 b13 b4 lco ta1-3-lco) [1]
197: (PUSH-END s13 a1 a3 b25 b16 lco ta3-4-lco) [1]
198: (PUSH-START s13 b10 a1 a3 b2 rat-a gasoleo ta1-3-rat-a) [1]
199: (PUSH-END s13 a1 a3 b16 b2 oc1b ta3-1-oc1b) [1]
200: (PUSH-END s15 a1 a5 b9 b3 lco ta5-1-lco) [1]
201: (POP-START s12 b8 a1 a2 b21 lco rat-a ta2-1-lco) [1]
202: (PUSH-START s15 b24 a1 a5 b23 oca1 oc1b ta1-2-oca1) [1]
203: (PUSH-END s15 a1 a5 b3 b12 oca1 ta5-1-oca1) [1]
204: (POP-START s23 b16 a2 a3 b20 oc1b lco ta3-1-oc1b) [1]
205: (POP-END s23 a2 a3 b0 b18 lco ta2-1-lco) [1]
206: (POP-START s15 b17 a1 a5 b12 gasoleo lco ta5-2-gasoleo) [1]
207: (POP-END s12 a1 a2 b4 b21 gasoleo ta1-3-gasoleo) [1]
208: (POP-START s13 b25 a1 a3 b2 lco gasoleo ta3-4-lco) [1]
209: (PUSH-START s12 b4 a1 a2 b21 lco rat-a ta1-4-lco) [1]
210: (POP-END s15 a1 a5 b24 b23 gasoleo ta1-2-gasoleo) [1]
211: (PUSH-START s23 b0 a2 a3 b18 lco oca1 ta2-4-lco) [1]
212: (PUSH-END s12 a1 a2 b8 b21 lco ta2-4-lco) [1]
213: (PUSH-END s23 a2 a3 b16 b20 oc1b ta3-2-oc1b) [1]
214: (POP-START s15 b9 a1 a5 b17 lco gasoleo ta5-1-lco) [1]
215: (POP-START s23 b16 a2 a3 b20 oc1b lco ta3-2-oc1b) [1]
216: (POP-END s15 a1 a5 b23 b19 oc1b ta1-1-oc1b) [1]
217: (POP-START s15 b11 a1 a5 b9 rat-a lco ta5-2-rat-a) [1]
218: (POP-END s15 a1 a5 b19 b12 lco ta1-4-lco) [1]
219: (POP-END s23 a2 a3 b0 b18 gasoleo ta2-3-gasoleo) [1]
220: (POP-START s12 b8 a1 a2 b21 lco rat-a ta2-4-lco) [1]
221: (POP-END s12 a1 a2 b4 b21 oca1 ta1-2-oca1) [1]
222: (POP-END s13 a1 a3 b10 b2 gasoleo ta1-1-gasoleo) [1]
223: (PUSH-START s23 b6 a2 a3 b18 gasoleo oca1 ta2-3-gasoleo) [1]
224: (PUSH-START s15 b19 a1 a5 b12 gasoleo lco ta1-2-gasoleo) [1]
225: (PUSH-END s23 a2 a3 b16 b20 oc1b ta3-1-oc1b) [1]
226: (PUSH-END s15 a1 a5 b11 b9 rat-a ta5-2-rat-a) [1]
227: (POP-START s13 b16 a1 a3 b25 oc1b lco ta3-1-oc1b) [1]
228: (PUSH-START s12 b4 a1 a2 b21 lco rat-a ta1-4-lco) [1]
229: (POP-END s13 a1 a3 b2 b25 gasoleo ta1-2-gasoleo) [1]
230: (PUSH-END s12 a1 a2 b8 b21 lco ta2-4-lco) [1]
231: (PUSH-START s23 b0 a2 a3 b6 lco gasoleo ta2-1-lco) [1]
232: (PUSH-START s15 b23 a1 a5 b19 oc1b gasoleo ta1-1-oc1b) [1]
233: (PUSH-END s23 a2 a3 b20 b18 lco ta3-2-lco) [1]
234: (PUSH-END s15 a1 a5 b9 b17 lco ta5-1-lco) [1]
235: (POP-START s15 b9 a1 a5 b17 lco gasoleo ta5-1-lco) [1]
236: (POP-START s13 b20 a1 a3 b16 lco oc1b ta3-2-lco) [1]
237: (POP-END s15 a1 a5 b23 b19 oc1b ta1-1-oc1b) [1]
238: (POP-END s13 a1 a3 b25 b16 lco ta1-4-lco) [1]
239: (POP-START s12 b8 a1 a2 b21 lco rat-a ta2-4-lco) [1]
240: (POP-START s15 b11 a1 a5 b9 rat-a lco ta5-2-rat-a) [1]
241: (POP-END s12 a1 a2 b4 b21 rat-a ta1-3-rat-a) [1]
242: (POP-END s15 a1 a5 b19 b12 rat-a ta1-1-rat-a) [1]
243: (PUSH-START s13 b19 a1 a3 b16 gasoleo oc1b ta1-1-gasoleo) [1]
244: (PUSH-END s13 a1 a3 b20 b16 lco ta3-4-lco) [1]
245: (POP-START s23 b20 a2 a3 b18 lco oca1 ta3-4-lco) [1]
246: (POP-END s23 a2 a3 b0 b6 rat-a ta2-3-rat-a) [1]
247: (PUSH-START s13 b4 a1 a3 b19 lco gasoleo ta1-1-lco) [1]
248: (PUSH-START s15 b13 a1 a5 b12 gasoleo lco ta1-3-gasoleo) [1]
249: (PUSH-END s15 a1 a5 b11 b9 rat-a ta5-2-rat-a) [1]
250: (PUSH-END s13 a1 a3 b16 b19 oc1b ta3-2-oc1b) [1]
251: (POP-START s23 b16 a2 a3 b20 oc1b lco ta3-2-oc1b) [1]
252: (POP-START s12 b5 a1 a2 b8 rat-a lco ta2-3-rat-a) [1]
253: (POP-END s23 a2 a3 b6 b18 lco ta2-4-lco) [1]
254: (PUSH-START s13 b10 a1 a3 b4 rat-a lco ta1-3-rat-a) [1]
255: (POP-END s12 a1 a2 b21 b8 lco ta1-1-lco) [1]
256: (PUSH-START s15 b25 a1 a5 b13 lco gasoleo ta1-4-lco) [1]
257: (PUSH-START s23 b0 a2 a3 b18 lco oca1 ta2-2-lco) [1]
258: (PUSH-END s13 a1 a3 b19 b4 gasoleo ta3-1-gasoleo) [1]
259: (PUSH-END s15 a1 a5 b9 b17 lco ta5-1-lco) [1]
260: (PUSH-END s23 a2 a3 b16 b20 oc1b ta3-2-oc1b) [1]
261: (POP-START s13 b16 a1 a3 b4 oc1b lco ta3-2-oc1b) [1]
262: (POP-START s12 b1 a1 a2 b5 lco rat-a ta2-4-lco) [1]
263: (PUSH-START s15 b2 a1 a5 b25 gasoleo lco ta1-2-gasoleo) [1]
264: (POP-END s13 a1 a3 b10 b4 lco ta1-4-lco) [1]
265: (PUSH-END s15 a1 a5 b17 b12 gasoleo ta5-2-gasoleo) [1]
266: (POP-START s23 b19 a2 a3 b20 gasoleo lco ta3-1-gasoleo) [1]
267: (POP-END s23 a2 a3 b0 b18 lco ta2-2-lco) [1]
268: (PUSH-START s15 b10 a1 a5 b2 rat-a gasoleo ta1-1-rat-a) [1]
269: (POP-END s12 a1 a2 b8 b5 gasoleo ta1-3-gasoleo) [1]
270: (PUSH-START s23 b0 a2 a3 b18 lco oca1 ta2-2-lco) [1]
271: (PUSH-END s15 a1 a5 b12 b13 lco ta5-4-lco) [1]
272: (PUSH-START s15 b8 a1 a5 b10 lco rat-a ta1-4-lco) [1]
273: (PUSH-END s15 a1 a5 b13 b25 gasoleo ta5-3-gasoleo) [1]
274: (PUSH-END s23 a2 a3 b19 b20 gasoleo ta3-3-gasoleo) [1]
275: (PUSH-START s13 b24 a1 a3 b4 oca1 lco ta1-2-oca1) [1]
276: (PUSH-END s13 a1 a3 b16 b4 oc1b ta3-2-oc1b) [1]
277: (POP-START s23 b19 a2 a3 b20 gasoleo lco ta3-3-gasoleo) [1]
278: (PUSH-START s15 b23 a1 a5 b8 oc1b lco ta1-1-oc1b) [1]
279: (POP-END s23 a2 a3 b0 b18 lco ta2-4-lco) [1]
280: (PUSH-END s15 a1 a5 b25 b2 lco ta5-2-lco) [1]
281: (POP-START s15 b9 a1 a5 b2 lco gasoleo ta5-4-lco) [1]
282: (POP-END s15 a1 a5 b23 b8 oca1 ta1-2-oca1) [1]
283: (POP-START s23 b16 a2 a3 b19 oc1b gasoleo ta3-2-oc1b) [1]
284: (POP-END s23 a2 a3 b18 b20 gasoleo ta2-1-gasoleo) [1]
285: (PUSH-START s23 b6 a2 a3 b20 gasoleo lco ta2-1-gasoleo) [1]
286: (POP-START s15 b17 a1 a5 b9 gasoleo lco ta5-2-gasoleo) [1]
287: (POP-END s15 a1 a5 b8 b10 lco ta1-4-lco) [1]
288: (PUSH-START s13 b8 a1 a3 b24 lco oca1 ta1-3-lco) [1]
289: (PUSH-END s13 a1 a3 b4 b24 lco ta3-2-lco) [1]
290: (PUSH-START s13 b14 a1 a3 b8 oca1 lco ta1-2-oca1) [1]
291: (PUSH-END s13 a1 a3 b24 b8 oca1 ta3-1-oca1) [1]
292: (PUSH-END s23 a2 a3 b16 b19 oc1b ta3-2-oc1b) [1]
293: (PUSH-START s23 b0 a2 a3 b6 lco gasoleo ta2-3-lco) [1]
294: (POP-START s15 b25 a1 a5 b17 lco gasoleo ta5-1-lco) [1]
295: (PUSH-END s23 a2 a3 b19 b20 gasoleo ta3-3-gasoleo) [1]
296: (POP-END s15 a1 a5 b10 b2 lco ta1-3-lco) [1]
297: (POP-START s13 b16 a1 a3 b8 oc1b lco ta3-2-oc1b) [1]
298: (POP-END s13 a1 a3 b14 b8 gasoleo ta1-2-gasoleo) [1]
299: (POP-START s15 b3 a1 a5 b25 oca1 lco ta5-1-oca1) [1]
300: (POP-START s23 b19 a2 a3 b20 gasoleo lco ta3-3-gasoleo) [1]
301: (POP-END s23 a2 a3 b0 b6 oca1 ta2-2-oca1) [1]
302: (POP-END s15 a1 a5 b2 b9 oc1b ta1-1-oc1b) [1]
303: (POP-START s13 b4 a1 a3 b16 lco oc1b ta3-2-lco) [1]
304: (POP-END s13 a1 a3 b8 b16 gasoleo ta1-1-gasoleo) [1]
305: (PUSH-START s23 b0 a2 a3 b6 lco gasoleo ta2-4-lco) [1]
306: (PUSH-END s23 a2 a3 b19 b20 gasoleo ta3-3-gasoleo) [1]
307: (POP-START s15 b12 a1 a5 b3 lco oca1 ta5-2-lco) [1]
308: (PUSH-START s13 b8 a1 a3 b16 lco oc1b ta1-4-lco) [1]
309: (PUSH-END s13 a1 a3 b4 b16 lco ta3-2-lco) [1]
310: (POP-END s15 a1 a5 b9 b17 rat-a ta1-3-rat-a) [1]
311: (POP-START s23 b19 a2 a3 b20 gasoleo lco ta3-3-gasoleo) [1]
312: (PUSH-START s13 b23 a1 a3 b8 oc1b lco ta1-1-oc1b) [1]
313: (PUSH-END s13 a1 a3 b16 b8 oc1b ta3-1-oc1b) [1]
314: (POP-END s23 a2 a3 b0 b6 lco ta2-4-lco) [1]
315: (POP-START s15 b11 a1 a5 b12 rat-a lco ta5-2-rat-a) [1]
316: (POP-START s23 b24 a2 a3 b19 oca1 gasoleo ta3-1-oca1) [1]
317: (PUSH-START s13 b9 a1 a3 b23 lco oc1b ta1-3-lco) [1]
318: (POP-END s15 a1 a5 b17 b25 lco ta1-4-lco) [1]
319: (POP-END s23 a2 a3 b6 b20 lco ta2-3-lco) [1]
320: (PUSH-END s13 a1 a3 b8 b23 lco ta3-1-lco) [1]
321: (POP-START s12 b18 a1 a2 b1 oca1 lco ta2-2-oca1) [1]
322: (POP-START s23 b4 a2 a3 b24 lco oca1 ta3-2-lco) [1]
323: (PUSH-START s15 b17 a1 a5 b25 gasoleo lco ta1-3-gasoleo) [1]
324: (POP-END s23 a2 a3 b20 b19 gasoleo ta2-1-gasoleo) [1]
325: (PUSH-END s15 a1 a5 b11 b12 rat-a ta5-2-rat-a) [1]
326: (PUSH-START s15 b10 a1 a5 b17 rat-a gasoleo ta1-3-rat-a) [1]
327: (PUSH-END s15 a1 a5 b12 b3 lco ta5-1-lco) [1]
328: (POP-END s12 a1 a2 b5 b1 lco ta1-3-lco) [1]
329: (POP-START s23 b16 a2 a3 b4 oc1b lco ta3-1-oc1b) [1]
330: (POP-START s15 b12 a1 a5 b3 lco oca1 ta5-1-lco) [1]
331: (POP-START s13 b8 a1 a3 b23 lco oc1b ta3-1-lco) [1]
332: (POP-END s23 a2 a3 b19 b24 lco ta2-2-lco) [1]
333: (PUSH-START s23 b6 a2 a3 b24 gasoleo oca1 ta2-1-gasoleo) [1]
334: (POP-END s13 a1 a3 b9 b23 gasoleo ta1-3-gasoleo) [1]
335: (PUSH-END s23 a2 a3 b16 b4 oc1b ta3-2-oc1b) [1]
336: (POP-START s13 b16 a1 a3 b8 oc1b lco ta3-2-oc1b) [1]
337: (PUSH-START s23 b0 a2 a3 b6 lco gasoleo ta2-2-lco) [1]
338: (PUSH-END s23 a2 a3 b4 b24 lco ta3-2-lco) [1]
339: (POP-END s13 a1 a3 b23 b8 rat-a ta1-3-rat-a) [1]
340: (POP-START s23 b4 a2 a3 b24 lco oca1 ta3-2-lco) [1]
341: (POP-END s23 a2 a3 b0 b6 gasoleo ta2-1-gasoleo) [1]
342: (POP-END s15 a1 a5 b10 b17 rat-a ta1-2-rat-a) [1]
343: (PUSH-START s13 b2 a1 a3 b8 gasoleo lco ta1-3-gasoleo) [1]
344: (PUSH-END s13 a1 a3 b16 b8 oc1b ta3-1-oc1b) [1]
345: (PUSH-START s13 b10 a1 a3 b2 rat-a gasoleo ta1-3-rat-a) [1]
346: (PUSH-END s13 a1 a3 b8 b2 lco ta3-2-lco) [1]
347: (POP-START s13 b16 a1 a3 b2 oc1b gasoleo ta3-1-oc1b) [1]
348: (POP-START s15 b11 a1 a5 b12 rat-a lco ta5-2-rat-a) [1]
349: (POP-END s15 a1 a5 b17 b25 gasoleo ta1-3-gasoleo) [1]
350: (PUSH-START s23 b0 a2 a3 b6 lco gasoleo ta2-3-lco) [1]
351: (PUSH-END s23 a2 a3 b4 b24 lco ta3-1-lco) [1]
352: (POP-END s13 a1 a3 b10 b2 rat-a ta1-3-rat-a) [1]
353: (PUSH-START s15 b17 a1 a5 b25 gasoleo lco ta1-3-gasoleo) [1]
354: (POP-START s23 b4 a2 a3 b24 lco oca1 ta3-2-lco) [1]
355: (PUSH-END s15 a1 a5 b11 b12 rat-a ta5-2-rat-a) [1]
356: (PUSH-START s15 b10 a1 a5 b17 rat-a gasoleo ta1-2-rat-a) [1]
357: (PUSH-END s15 a1 a5 b12 b3 lco ta5-1-lco) [1]
358: (POP-END s23 a2 a3 b0 b6 lco ta2-3-lco) [1]
359: (POP-START s13 b8 a1 a3 b16 lco oc1b ta3-1-lco) [1]
360: (POP-START s15 b12 a1 a5 b3 lco oca1 ta5-1-lco) [1]
361: (POP-END s15 a1 a5 b10 b17 gasoleo ta1-3-gasoleo) [1]
362: (POP-END s13 a1 a3 b2 b16 rat-a ta1-2-rat-a) [1]
363: (POP-START s15 b11 a1 a5 b12 rat-a lco ta5-2-rat-a) [1]
364: (PUSH-START s23 b0 a2 a3 b6 lco gasoleo ta2-3-lco) [1]
365: (PUSH-END s23 a2 a3 b4 b24 lco ta3-2-lco) [1]
366: (POP-END s15 a1 a5 b17 b25 rat-a ta1-1-rat-a) [1]
367: (PUSH-START s23 b19 a2 a3 b0 gasoleo lco ta2-1-gasoleo) [1]
368: (PUSH-START s13 b17 a1 a3 b16 gasoleo oc1b ta1-3-gasoleo) [1]
369: (PUSH-END s13 a1 a3 b8 b16 lco ta3-1-lco) [1]
370: (PUSH-END s23 a2 a3 b24 b6 oca1 ta3-1-oca1) [1]
371: (PUSH-START s23 b20 a2 a3 b19 lco gasoleo ta2-4-lco) [1]
372: (PUSH-START s13 b10 a1 a3 b17 rat-a gasoleo ta1-3-rat-a) [1]
373: (PUSH-END s13 a1 a3 b16 b17 oc1b ta3-1-oc1b) [1]
374: (PUSH-START s15 b2 a1 a5 b25 gasoleo lco ta1-2-gasoleo) [1]
375: (PUSH-END s15 a1 a5 b11 b12 rat-a ta5-2-rat-a) [1]
376: (PUSH-END s23 a2 a3 b6 b0 gasoleo ta3-3-gasoleo) [1]
377: (PUSH-START s13 b9 a1 a3 b10 lco rat-a ta1-4-lco) [1]
378: (POP-START s23 b16 a2 a3 b0 oc1b lco ta3-1-oc1b) [1]
379: (PUSH-END s13 a1 a3 b17 b10 gasoleo ta3-1-gasoleo) [1]
380: (PUSH-UNITARYPIPE s34 b17 a3 a4 b22 gasoleo oc1b ta3-3-gasoleo ta4-2-oc1b) [1]
381: (POP-END s23 a2 a3 b20 b19 oc1b ta2-1-oc1b) [1]
382: (PUSH-UNITARYPIPE s34 b24 a3 a4 b17 oca1 gasoleo ta3-1-oca1 ta4-1-gasoleo) [1]
383: (POP-START s13 b4 a1 a3 b10 lco rat-a ta3-2-lco) [1]
384: (PUSH-START s15 b7 a1 a5 b2 rat-a gasoleo ta1-2-rat-a) [1]
385: (POP-END s13 a1 a3 b9 b10 lco ta1-4-lco) [1]
386: (PUSH-END s15 a1 a5 b12 b3 lco ta5-1-lco) [1]

Valid plan : 387 actions.
Computed nodes : 202662
Evaluated nodes : 32565
Developed nodes : 14
Useful nodes : 6

Lookahead utility : 17.87 %
Preparation time : 1.59
Search time : 276.65
Total time : 278.24

__MEMKB 138740
