
Parsing domain..... pipesworld_strips..... done.
Parsing problem..... p47-net5-b28-g5_rt0_instance..... done.
Computing domains..... done.
Instantiating actions..... done.
Computing final representation..... done.

Parsing time : 0.00
Domains creation  time : 0.00
Instantiation time : 1.88 -> 79008 candidates, 60248 actions
Finalization time : 0.08 -> 1082 fluents, 112 init

47 44 43 40 39 38 36 31 30 29 28 27 26 25 24 23 19 17 13 7 4 3 2 

0: (POP-UNITARYPIPE s34 b27 a3 a4 b21 rat-a gasoleo ta3-3-gasoleo ta4-1-rat-a) [1]
1: (POP-UNITARYPIPE s34 b23 a3 a4 b27 lco rat-a ta3-4-rat-a ta4-2-lco) [1]
2: (PUSH-START s15 b25 a1 a5 b9 lco gasoleo ta1-1-lco) [1]
3: (POP-START s13 b21 a1 a3 b0 gasoleo oc1b ta3-3-gasoleo) [1]
4: (POP-END s13 a1 a3 b2 b0 lco ta1-4-lco) [1]
5: (POP-UNITARYPIPE s34 b17 a3 a4 b23 gasoleo lco ta3-2-lco ta4-1-gasoleo) [1]
6: (PUSH-END s15 a1 a5 b18 b12 lco ta5-4-lco) [1]
7: (PUSH-START s23 b16 a2 a3 b20 lco rat-a ta2-1-lco) [1]
8: (PUSH-END s23 a2 a3 b13 b7 oca1 ta3-2-oca1) [1]
9: (POP-START s23 b23 a2 a3 b7 lco oca1 ta3-1-lco) [1]
10: (POP-END s23 a2 a3 b16 b20 lco ta2-4-lco) [1]
11: (POP-UNITARYPIPE s34 b8 a3 a4 b17 lco gasoleo ta3-3-gasoleo ta4-1-lco) [1]
12: (POP-START s15 b18 a1 a5 b12 lco oca1 ta5-4-lco) [1]
13: (POP-START s13 b27 a1 a3 b21 rat-a gasoleo ta3-4-rat-a) [1]
14: (POP-END s15 a1 a5 b25 b9 lco ta1-3-lco) [1]
15: (POP-START s23 b17 a2 a3 b23 gasoleo lco ta3-3-gasoleo) [1]
16: (POP-END s13 a1 a3 b0 b21 gasoleo ta1-1-gasoleo) [1]
17: (POP-START s15 b15 a1 a5 b18 rat-a lco ta5-2-rat-a) [1]
18: (POP-END s23 a2 a3 b20 b7 lco ta2-3-lco) [1]
19: (POP-END s15 a1 a5 b9 b6 lco ta1-2-lco) [1]
20: (PUSH-START s13 b0 a1 a3 b21 oc1b gasoleo ta1-1-oc1b) [1]
21: (POP-START s23 b11 a2 a3 b17 lco gasoleo ta3-2-lco) [1]
22: (POP-START s15 b14 a1 a5 b15 gasoleo rat-a ta5-1-gasoleo) [1]
23: (PUSH-END s13 a1 a3 b27 b21 rat-a ta3-1-rat-a) [1]
24: (POP-END s23 a2 a3 b7 b23 oc1b ta2-1-oc1b) [1]
25: (PUSH-START s13 b25 a1 a3 b0 lco oc1b ta1-4-lco) [1]
26: (PUSH-END s13 a1 a3 b21 b0 gasoleo ta3-1-gasoleo) [1]
27: (PUSH-START s12 b22 a1 a2 b5 rat-a gasoleo ta1-1-rat-a) [1]
28: (PUSH-START s13 b9 a1 a3 b25 gasoleo lco ta1-1-gasoleo) [1]
29: (PUSH-END s12 a1 a2 b24 b5 oca1 ta2-2-oca1) [1]
30: (POP-END s15 a1 a5 b6 b12 oca1 ta1-2-oca1) [1]
31: (POP-START s23 b27 a2 a3 b11 rat-a lco ta3-1-rat-a) [1]
32: (POP-START s15 b1 a1 a5 b14 oc1b gasoleo ta5-1-oc1b) [1]
33: (PUSH-END s13 a1 a3 b0 b25 oc1b ta3-1-oc1b) [1]
34: (POP-END s23 a2 a3 b23 b17 oca1 ta2-1-oca1) [1]
35: (POP-END s15 a1 a5 b12 b18 lco ta1-4-lco) [1]
36: (POP-START s12 b16 a1 a2 b5 lco gasoleo ta2-4-lco) [1]
37: (POP-END s12 a1 a2 b22 b5 rat-a ta1-1-rat-a) [1]
38: (PUSH-START s12 b22 a1 a2 b5 rat-a gasoleo ta1-1-rat-a) [1]
39: (POP-START s13 b21 a1 a3 b25 gasoleo lco ta3-1-gasoleo) [1]
40: (POP-END s13 a1 a3 b9 b25 lco ta1-1-lco) [1]
41: (PUSH-START s23 b23 a2 a3 b17 lco gasoleo ta2-3-lco) [1]
42: (PUSH-END s23 a2 a3 b27 b11 rat-a ta3-1-rat-a) [1]
43: (PUSH-END s12 a1 a2 b16 b5 lco ta2-4-lco) [1]
44: (PUSH-START s13 b12 a1 a3 b25 oca1 lco ta1-2-oca1) [1]
45: (POP-START s23 b27 a2 a3 b11 rat-a lco ta3-1-rat-a) [1]
46: (PUSH-END s13 a1 a3 b21 b25 gasoleo ta3-1-gasoleo) [1]
47: (POP-START s12 b16 a1 a2 b5 lco gasoleo ta2-4-lco) [1]
48: (POP-START s13 b21 a1 a3 b25 gasoleo lco ta3-1-gasoleo) [1]
49: (POP-END s23 a2 a3 b23 b17 lco ta2-3-lco) [1]
50: (POP-END s12 a1 a2 b22 b5 rat-a ta1-4-rat-a) [1]
51: (POP-END s13 a1 a3 b12 b25 gasoleo ta1-3-gasoleo) [1]
52: (PUSH-START s15 b2 a1 a5 b18 gasoleo lco ta1-3-gasoleo) [1]
53: (PUSH-END s15 a1 a5 b1 b14 oc1b ta5-2-oc1b) [1]
54: (PUSH-START s13 b22 a1 a3 b25 rat-a lco ta1-4-rat-a) [1]
55: (POP-START s12 b7 a1 a2 b16 oca1 lco ta2-2-oca1) [1]
56: (PUSH-END s13 a1 a3 b21 b25 gasoleo ta3-3-gasoleo) [1]
57: (POP-END s12 a1 a2 b5 b16 gasoleo ta1-3-gasoleo) [1]
58: (PUSH-START s15 b6 a1 a5 b2 lco gasoleo ta1-4-lco) [1]
59: (POP-START s23 b21 a2 a3 b27 gasoleo rat-a ta3-3-gasoleo) [1]
60: (PUSH-END s15 a1 a5 b14 b15 gasoleo ta5-2-gasoleo) [1]
61: (POP-END s23 a2 a3 b17 b11 lco ta2-4-lco) [1]
62: (PUSH-START s23 b26 a2 a3 b11 rat-a lco ta2-1-rat-a) [1]
63: (POP-START s15 b14 a1 a5 b15 gasoleo rat-a ta5-2-gasoleo) [1]
64: (POP-START s13 b13 a1 a3 b25 oca1 lco ta3-2-oca1) [1]
65: (POP-END s15 a1 a5 b6 b2 lco ta1-4-lco) [1]
66: (POP-START s15 b1 a1 a5 b14 oc1b gasoleo ta5-2-oc1b) [1]
67: (PUSH-END s23 a2 a3 b21 b27 gasoleo ta3-1-gasoleo) [1]
68: (POP-END s15 a1 a5 b2 b18 gasoleo ta1-2-gasoleo) [1]
69: (POP-END s13 a1 a3 b22 b25 rat-a ta1-1-rat-a) [1]
70: (POP-START s23 b21 a2 a3 b27 gasoleo rat-a ta3-1-gasoleo) [1]
71: (POP-END s23 a2 a3 b26 b11 lco ta2-2-lco) [1]
72: (PUSH-START s15 b22 a1 a5 b18 rat-a lco ta1-1-rat-a) [1]
73: (PUSH-START s13 b9 a1 a3 b25 gasoleo lco ta1-3-gasoleo) [1]
74: (PUSH-END s15 a1 a5 b1 b14 oc1b ta5-2-oc1b) [1]
75: (POP-START s12 b23 a1 a2 b7 lco oca1 ta2-3-lco) [1]
76: (PUSH-END s13 a1 a3 b13 b25 oca1 ta3-1-oca1) [1]
77: (PUSH-START s23 b26 a2 a3 b11 rat-a lco ta2-2-rat-a) [1]
78: (PUSH-START s13 b6 a1 a3 b9 lco gasoleo ta1-4-lco) [1]
79: (POP-END s12 a1 a2 b16 b7 rat-a ta1-1-rat-a) [1]
80: (POP-START s15 b1 a1 a5 b14 oc1b gasoleo ta5-2-oc1b) [1]
81: (PUSH-END s23 a2 a3 b21 b27 gasoleo ta3-1-gasoleo) [1]
82: (POP-END s15 a1 a5 b22 b18 gasoleo ta1-3-gasoleo) [1]
83: (PUSH-END s13 a1 a3 b25 b9 lco ta3-1-lco) [1]
84: (PUSH-START s12 b2 a1 a2 b7 gasoleo oca1 ta1-3-gasoleo) [1]
85: (PUSH-END s12 a1 a2 b23 b7 lco ta2-1-lco) [1]
86: (PUSH-START s23 b23 a2 a3 b26 lco rat-a ta2-2-lco) [1]
87: (PUSH-END s23 a2 a3 b27 b11 rat-a ta3-1-rat-a) [1]
88: (PUSH-START s13 b22 a1 a3 b6 rat-a lco ta1-1-rat-a) [1]
89: (POP-START s23 b27 a2 a3 b11 rat-a lco ta3-1-rat-a) [1]
90: (POP-END s23 a2 a3 b23 b26 lco ta2-3-lco) [1]
91: (PUSH-START s23 b23 a2 a3 b26 lco rat-a ta2-1-lco) [1]
92: (PUSH-END s13 a1 a3 b9 b6 gasoleo ta3-2-gasoleo) [1]
93: (PUSH-START s15 b5 a1 a5 b18 gasoleo lco ta1-2-gasoleo) [1]
94: (PUSH-START s12 b16 a1 a2 b2 lco gasoleo ta1-3-lco) [1]
95: (PUSH-END s23 a2 a3 b27 b11 rat-a ta3-1-rat-a) [1]
96: (PUSH-END s15 a1 a5 b1 b14 oc1b ta5-2-oc1b) [1]
97: (POP-START s15 b4 a1 a5 b14 rat-a gasoleo ta5-1-rat-a) [1]
98: (PUSH-END s12 a1 a2 b7 b2 oca1 ta2-2-oca1) [1]
99: (POP-END s15 a1 a5 b5 b18 oca1 ta1-2-oca1) [1]
100: (POP-START s13 b21 a1 a3 b6 gasoleo lco ta3-1-gasoleo) [1]
101: (POP-START s12 b10 a1 a2 b2 rat-a gasoleo ta2-3-rat-a) [1]
102: (POP-END s13 a1 a3 b22 b6 lco ta1-4-lco) [1]
103: (PUSH-START s23 b24 a2 a3 b23 oca1 lco ta2-1-oca1) [1]
104: (PUSH-END s23 a2 a3 b11 b26 lco ta3-2-lco) [1]
105: (PUSH-START s15 b12 a1 a5 b18 oca1 lco ta1-2-oca1) [1]
106: (POP-START s13 b27 a1 a3 b21 rat-a gasoleo ta3-1-rat-a) [1]
107: (PUSH-END s15 a1 a5 b4 b14 rat-a ta5-3-rat-a) [1]
108: (POP-END s12 a1 a2 b16 b2 gasoleo ta1-1-gasoleo) [1]
109: (POP-START s23 b11 a2 a3 b26 lco rat-a ta3-2-lco) [1]
110: (POP-END s13 a1 a3 b6 b21 oc1b ta1-1-oc1b) [1]
111: (POP-START s15 b1 a1 a5 b14 oc1b gasoleo ta5-2-oc1b) [1]
112: (POP-END s23 a2 a3 b24 b23 oc1b ta2-2-oc1b) [1]
113: (PUSH-START s13 b3 a1 a3 b21 oc1b gasoleo ta1-1-oc1b) [1]
114: (POP-END s15 a1 a5 b12 b18 rat-a ta1-4-rat-a) [1]
115: (POP-START s23 b9 a2 a3 b11 gasoleo lco ta3-2-gasoleo) [1]
116: (PUSH-END s13 a1 a3 b27 b21 rat-a ta3-1-rat-a) [1]
117: (POP-END s23 a2 a3 b23 b26 lco ta2-2-lco) [1]
118: (PUSH-START s12 b22 a1 a2 b2 rat-a gasoleo ta1-4-rat-a) [1]
119: (PUSH-START s13 b16 a1 a3 b3 lco oc1b ta1-4-lco) [1]
120: (PUSH-END s13 a1 a3 b21 b3 gasoleo ta3-1-gasoleo) [1]
121: (PUSH-START s23 b23 a2 a3 b26 lco rat-a ta2-2-lco) [1]
122: (PUSH-END s12 a1 a2 b10 b2 rat-a ta2-1-rat-a) [1]
123: (PUSH-START s13 b5 a1 a3 b16 gasoleo lco ta1-1-gasoleo) [1]
124: (PUSH-END s23 a2 a3 b9 b11 gasoleo ta3-2-gasoleo) [1]
125: (PUSH-END s13 a1 a3 b3 b16 oc1b ta3-2-oc1b) [1]
126: (POP-START s13 b9 a1 a3 b16 gasoleo lco ta3-1-gasoleo) [1]
127: (POP-START s12 b10 a1 a2 b2 rat-a gasoleo ta2-1-rat-a) [1]
128: (POP-END s13 a1 a3 b5 b16 gasoleo ta1-3-gasoleo) [1]
129: (POP-END s12 a1 a2 b22 b2 lco ta1-4-lco) [1]
130: (PUSH-START s15 b5 a1 a5 b18 gasoleo lco ta1-3-gasoleo) [1]
131: (PUSH-END s15 a1 a5 b1 b14 oc1b ta5-2-oc1b) [1]
132: (POP-START s23 b27 a2 a3 b11 rat-a lco ta3-1-rat-a) [1]
133: (PUSH-UNITARYPIPE s34 b3 a3 a4 b8 oc1b lco ta3-1-oc1b ta4-2-lco) [1]
134: (POP-END s23 a2 a3 b23 b26 lco ta2-2-lco) [1]
135: (PUSH-START s23 b23 a2 a3 b26 lco rat-a ta2-2-lco) [1]
136: (POP-START s13 b0 a1 a3 b9 oc1b gasoleo ta3-2-oc1b) [1]
137: (POP-END s13 a1 a3 b16 b9 lco ta1-3-lco) [1]
138: (PUSH-START s15 b6 a1 a5 b5 lco gasoleo ta1-4-lco) [1]
139: (POP-START s13 b21 a1 a3 b0 gasoleo oc1b ta3-2-gasoleo) [1]
140: (POP-UNITARYPIPE s34 b8 a3 a4 b3 lco oc1b ta3-1-oc1b ta4-2-lco) [1]
141: (PUSH-END s23 a2 a3 b27 b11 rat-a ta3-1-rat-a) [1]
142: (PUSH-END s15 a1 a5 b14 b15 gasoleo ta5-2-gasoleo) [1]
143: (POP-START s15 b14 a1 a5 b15 gasoleo rat-a ta5-2-gasoleo) [1]
144: (POP-END s13 a1 a3 b9 b0 rat-a ta1-4-rat-a) [1]
145: (POP-START s23 b27 a2 a3 b11 rat-a lco ta3-1-rat-a) [1]
146: (POP-END s23 a2 a3 b23 b26 lco ta2-2-lco) [1]
147: (POP-END s15 a1 a5 b6 b5 lco ta1-4-lco) [1]
148: (PUSH-START s12 b22 a1 a2 b2 rat-a gasoleo ta1-4-rat-a) [1]
149: (PUSH-END s12 a1 a2 b10 b2 rat-a ta2-1-rat-a) [1]
150: (POP-START s12 b23 a1 a2 b2 lco gasoleo ta2-3-lco) [1]
151: (POP-START s15 b1 a1 a5 b14 oc1b gasoleo ta5-2-oc1b) [1]
152: (POP-START s23 b25 a2 a3 b27 lco rat-a ta3-1-lco) [1]
153: (POP-END s15 a1 a5 b5 b18 gasoleo ta1-3-gasoleo) [1]
154: (POP-END s12 a1 a2 b22 b2 rat-a ta1-1-rat-a) [1]
155: (POP-START s13 b13 a1 a3 b21 oca1 gasoleo ta3-1-oca1) [1]
156: (POP-END s13 a1 a3 b0 b21 oc1b ta1-1-oc1b) [1]
157: (PUSH-START s15 b22 a1 a5 b18 rat-a lco ta1-1-rat-a) [1]
158: (POP-END s23 a2 a3 b26 b11 gasoleo ta2-1-gasoleo) [1]
159: (PUSH-START s13 b6 a1 a3 b21 lco gasoleo ta1-1-lco) [1]
160: (PUSH-END s15 a1 a5 b1 b14 oc1b ta5-2-oc1b) [1]
161: (POP-START s12 b7 a1 a2 b23 oca1 lco ta2-2-oca1) [1]
162: (PUSH-END s13 a1 a3 b13 b21 oca1 ta3-1-oca1) [1]
163: (PUSH-START s15 b5 a1 a5 b22 gasoleo rat-a ta1-3-gasoleo) [1]
164: (PUSH-START s23 b17 a2 a3 b11 gasoleo lco ta2-1-gasoleo) [1]
165: (POP-START s13 b13 a1 a3 b21 oca1 gasoleo ta3-1-oca1) [1]
166: (PUSH-END s15 a1 a5 b14 b15 gasoleo ta5-2-gasoleo) [1]
167: (PUSH-END s23 a2 a3 b25 b27 lco ta3-2-lco) [1]
168: (POP-END s13 a1 a3 b6 b21 oc1b ta1-2-oc1b) [1]
169: (POP-END s12 a1 a2 b2 b23 rat-a ta1-4-rat-a) [1]
170: (PUSH-START s23 b26 a2 a3 b17 rat-a gasoleo ta2-1-rat-a) [1]
171: (PUSH-START s15 b16 a1 a5 b5 lco gasoleo ta1-4-lco) [1]
172: (PUSH-START s13 b0 a1 a3 b21 oc1b gasoleo ta1-1-oc1b) [1]
173: (PUSH-END s15 a1 a5 b15 b18 rat-a ta5-2-rat-a) [1]
174: (POP-START s15 b1 a1 a5 b18 oc1b lco ta5-2-oc1b) [1]
175: (PUSH-END s23 a2 a3 b27 b11 rat-a ta3-1-rat-a) [1]
176: (PUSH-END s13 a1 a3 b13 b21 oca1 ta3-1-oca1) [1]
177: (POP-END s15 a1 a5 b16 b5 lco ta1-4-lco) [1]
178: (POP-START s13 b27 a1 a3 b21 rat-a gasoleo ta3-1-rat-a) [1]
179: (PUSH-START s15 b6 a1 a5 b5 lco gasoleo ta1-3-lco) [1]
180: (PUSH-END s15 a1 a5 b1 b18 oc1b ta5-2-oc1b) [1]
181: (POP-END s13 a1 a3 b0 b21 oc1b ta1-1-oc1b) [1]
182: (PUSH-START s13 b0 a1 a3 b21 oc1b gasoleo ta1-1-oc1b) [1]
183: (POP-START s23 b3 a2 a3 b11 oc1b lco ta3-1-oc1b) [1]
184: (POP-END s23 a2 a3 b26 b17 oca1 ta2-1-oca1) [1]
185: (POP-START s15 b1 a1 a5 b18 oc1b lco ta5-2-oc1b) [1]
186: (PUSH-END s13 a1 a3 b27 b21 rat-a ta3-1-rat-a) [1]
187: (POP-END s15 a1 a5 b6 b5 lco ta1-3-lco) [1]
188: (PUSH-START s23 b24 a2 a3 b17 oca1 gasoleo ta2-1-oca1) [1]
189: (PUSH-START s15 b16 a1 a5 b5 lco gasoleo ta1-4-lco) [1]
190: (POP-START s13 b27 a1 a3 b21 rat-a gasoleo ta3-1-rat-a) [1]
191: (POP-END s13 a1 a3 b0 b21 oc1b ta1-1-oc1b) [1]
192: (PUSH-END s15 a1 a5 b1 b18 oc1b ta5-2-oc1b) [1]
193: (POP-START s15 b15 a1 a5 b18 rat-a lco ta5-3-rat-a) [1]
194: (PUSH-START s12 b0 a1 a2 b23 oc1b lco ta1-2-oc1b) [1]
195: (PUSH-END s12 a1 a2 b7 b23 oca1 ta2-2-oca1) [1]
196: (PUSH-END s23 a2 a3 b3 b11 oc1b ta3-1-oc1b) [1]
197: (POP-END s15 a1 a5 b16 b5 lco ta1-4-lco) [1]
198: (PUSH-START s13 b6 a1 a3 b21 lco gasoleo ta1-2-lco) [1]
199: (POP-START s23 b3 a2 a3 b11 oc1b lco ta3-1-oc1b) [1]
200: (POP-END s23 a2 a3 b24 b17 oca1 ta2-1-oca1) [1]
201: (POP-START s15 b14 a1 a5 b15 gasoleo rat-a ta5-2-gasoleo) [1]
202: (PUSH-END s13 a1 a3 b27 b21 rat-a ta3-1-rat-a) [1]
203: (PUSH-START s23 b24 a2 a3 b17 oca1 gasoleo ta2-1-oca1) [1]
204: (POP-END s15 a1 a5 b5 b22 lco ta1-2-lco) [1]
205: (PUSH-START s12 b16 a1 a2 b0 lco oc1b ta1-4-lco) [1]
206: (POP-START s13 b27 a1 a3 b21 rat-a gasoleo ta3-1-rat-a) [1]
207: (POP-END s13 a1 a3 b6 b21 oc1b ta1-2-oc1b) [1]
208: (POP-START s15 b1 a1 a5 b14 oc1b gasoleo ta5-2-oc1b) [1]
209: (PUSH-END s23 a2 a3 b3 b11 oc1b ta3-1-oc1b) [1]
210: (PUSH-END s12 a1 a2 b23 b0 lco ta2-1-lco) [1]
211: (POP-END s15 a1 a5 b22 b18 lco ta1-4-lco) [1]
212: (POP-START s23 b13 a2 a3 b11 oca1 lco ta3-1-oca1) [1]
213: (PUSH-START s13 b6 a1 a3 b21 lco gasoleo ta1-2-lco) [1]
214: (POP-END s23 a2 a3 b24 b17 oca1 ta2-1-oca1) [1]
215: (POP-START s23 b25 a2 a3 b13 lco oca1 ta3-2-lco) [1]
216: (PUSH-END s13 a1 a3 b27 b21 rat-a ta3-1-rat-a) [1]
217: (POP-END s23 a2 a3 b17 b11 lco ta2-3-lco) [1]
218: (PUSH-START s12 b22 a1 a2 b16 rat-a lco ta1-4-rat-a) [1]
219: (POP-START s13 b27 a1 a3 b21 rat-a gasoleo ta3-1-rat-a) [1]
220: (POP-END s13 a1 a3 b6 b21 oca1 ta1-1-oca1) [1]
221: (PUSH-START s23 b24 a2 a3 b11 oca1 lco ta2-1-oca1) [1]
222: (PUSH-END s23 a2 a3 b25 b13 lco ta3-1-lco) [1]
223: (PUSH-START s15 b12 a1 a5 b18 oca1 lco ta1-1-oca1) [1]
224: (POP-START s13 b25 a1 a3 b27 lco rat-a ta3-1-lco) [1]
225: (POP-START s23 b3 a2 a3 b13 oc1b oca1 ta3-1-oc1b) [1]
226: (POP-END s13 a1 a3 b21 b27 rat-a ta1-1-rat-a) [1]
227: (POP-END s23 a2 a3 b24 b11 gasoleo ta2-3-gasoleo) [1]
228: (PUSH-END s15 a1 a5 b1 b14 oc1b ta5-2-oc1b) [1]
229: (PUSH-START s23 b17 a2 a3 b11 gasoleo lco ta2-3-gasoleo) [1]
230: (PUSH-START s13 b6 a1 a3 b27 lco rat-a ta1-3-lco) [1]
231: (PUSH-END s13 a1 a3 b25 b27 lco ta3-4-lco) [1]
232: (POP-START s15 b1 a1 a5 b14 oc1b gasoleo ta5-2-oc1b) [1]
233: (PUSH-END s23 a2 a3 b3 b13 oc1b ta3-1-oc1b) [1]
234: (POP-END s15 a1 a5 b12 b18 lco ta1-2-lco) [1]
235: (POP-START s13 b25 a1 a3 b27 lco rat-a ta3-4-lco) [1]
236: (POP-END s13 a1 a3 b6 b27 oca1 ta1-1-oca1) [1]
237: (POP-START s23 b3 a2 a3 b13 oc1b oca1 ta3-1-oc1b) [1]
238: (POP-END s23 a2 a3 b17 b11 gasoleo ta2-3-gasoleo) [1]
239: (PUSH-START s23 b17 a2 a3 b11 gasoleo lco ta2-3-gasoleo) [1]
240: (PUSH-START s13 b6 a1 a3 b27 lco rat-a ta1-2-lco) [1]
241: (PUSH-END s13 a1 a3 b25 b27 lco ta3-4-lco) [1]
242: (PUSH-END s23 a2 a3 b3 b13 oc1b ta3-2-oc1b) [1]
243: (PUSH-START s15 b12 a1 a5 b18 oca1 lco ta1-1-oca1) [1]
244: (PUSH-END s15 a1 a5 b1 b14 oc1b ta5-2-oc1b) [1]
245: (POP-START s15 b4 a1 a5 b14 rat-a gasoleo ta5-2-rat-a) [1]
246: (POP-END s15 a1 a5 b12 b18 gasoleo ta1-1-gasoleo) [1]
247: (PUSH-START s13 b21 a1 a3 b6 gasoleo lco ta1-1-gasoleo) [1]
248: (POP-START s23 b3 a2 a3 b13 oc1b oca1 ta3-2-oc1b) [1]
249: (PUSH-END s13 a1 a3 b27 b6 rat-a ta3-1-rat-a) [1]
250: (POP-END s23 a2 a3 b17 b11 gasoleo ta2-3-gasoleo) [1]
251: (POP-START s23 b25 a2 a3 b3 lco oc1b ta3-4-lco) [1]
252: (POP-END s23 a2 a3 b11 b13 gasoleo ta2-2-gasoleo) [1]
253: (POP-START s23 b27 a2 a3 b25 rat-a lco ta3-1-rat-a) [1]
254: (POP-END s23 a2 a3 b13 b3 rat-a ta2-4-rat-a) [1]
255: (PUSH-START s23 b24 a2 a3 b3 oca1 oc1b ta2-2-oca1) [1]
256: (PUSH-END s23 a2 a3 b27 b25 rat-a ta3-1-rat-a) [1]
257: (POP-START s13 b27 a1 a3 b6 rat-a lco ta3-1-rat-a) [1]
258: (POP-END s13 a1 a3 b21 b6 lco ta1-3-lco) [1]
259: (PUSH-START s23 b23 a2 a3 b24 lco oca1 ta2-1-lco) [1]
260: (PUSH-END s23 a2 a3 b25 b3 lco ta3-1-lco) [1]
261: (POP-START s13 b25 a1 a3 b27 lco rat-a ta3-1-lco) [1]
262: (POP-END s13 a1 a3 b6 b27 oca1 ta1-1-oca1) [1]
263: (PUSH-START s23 b10 a2 a3 b23 rat-a lco ta2-4-rat-a) [1]
264: (PUSH-START s15 b12 a1 a5 b18 oca1 lco ta1-1-oca1) [1]
265: (PUSH-START s13 b6 a1 a3 b27 lco rat-a ta1-3-lco) [1]
266: (PUSH-END s13 a1 a3 b25 b27 lco ta3-4-lco) [1]
267: (PUSH-END s15 a1 a5 b4 b14 rat-a ta5-3-rat-a) [1]
268: (PUSH-END s23 a2 a3 b3 b24 oc1b ta3-2-oc1b) [1]
269: (POP-START s15 b1 a1 a5 b14 oc1b gasoleo ta5-2-oc1b) [1]
270: (POP-END s15 a1 a5 b12 b18 lco ta1-3-lco) [1]
271: (POP-START s13 b25 a1 a3 b27 lco rat-a ta3-4-lco) [1]
272: (POP-START s23 b3 a2 a3 b24 oc1b oca1 ta3-2-oc1b) [1]
273: (POP-END s13 a1 a3 b6 b27 oca1 ta1-1-oca1) [1]
274: (POP-END s23 a2 a3 b10 b23 oca1 ta2-1-oca1) [1]
275: (PUSH-START s15 b12 a1 a5 b18 oca1 lco ta1-1-oca1) [1]
276: (PUSH-START s13 b6 a1 a3 b27 lco rat-a ta1-3-lco) [1]
277: (PUSH-END s13 a1 a3 b25 b27 lco ta3-4-lco) [1]
278: (PUSH-END s15 a1 a5 b1 b14 oc1b ta5-2-oc1b) [1]
279: (PUSH-START s23 b13 a2 a3 b23 oca1 lco ta2-1-oca1) [1]
280: (PUSH-END s23 a2 a3 b3 b24 oc1b ta3-1-oc1b) [1]
281: (PUSH-START s23 b17 a2 a3 b13 gasoleo oca1 ta2-2-gasoleo) [1]
282: (PUSH-END s23 a2 a3 b24 b23 oca1 ta3-1-oca1) [1]
283: (POP-START s23 b3 a2 a3 b23 oc1b lco ta3-1-oc1b) [1]
284: (POP-END s23 a2 a3 b17 b13 lco ta2-1-lco) [1]
285: (POP-START s13 b25 a1 a3 b27 lco rat-a ta3-4-lco) [1]
286: (POP-END s13 a1 a3 b6 b27 oca1 ta1-1-oca1) [1]
287: (POP-START s23 b24 a2 a3 b3 oca1 oc1b ta3-1-oca1) [1]
288: (POP-START s15 b1 a1 a5 b14 oc1b gasoleo ta5-2-oc1b) [1]
289: (POP-END s15 a1 a5 b12 b18 lco ta1-3-lco) [1]
290: (POP-END s23 a2 a3 b13 b23 oca1 ta2-1-oca1) [1]
291: (PUSH-START s15 b12 a1 a5 b18 oca1 lco ta1-1-oca1) [1]
292: (PUSH-START s13 b6 a1 a3 b27 lco rat-a ta1-3-lco) [1]
293: (PUSH-END s13 a1 a3 b25 b27 lco ta3-4-lco) [1]
294: (PUSH-END s15 a1 a5 b1 b14 oc1b ta5-2-oc1b) [1]
295: (PUSH-START s23 b13 a2 a3 b23 oca1 lco ta2-1-oca1) [1]
296: (POP-START s15 b4 a1 a5 b14 rat-a gasoleo ta5-3-rat-a) [1]
297: (PUSH-END s23 a2 a3 b24 b3 oca1 ta3-2-oca1) [1]
298: (PUSH-START s23 b17 a2 a3 b13 gasoleo oca1 ta2-3-gasoleo) [1]
299: (PUSH-END s23 a2 a3 b3 b23 oc1b ta3-1-oc1b) [1]
300: (POP-END s15 a1 a5 b12 b18 lco ta1-3-lco) [1]
301: (POP-START s23 b3 a2 a3 b23 oc1b lco ta3-1-oc1b) [1]
302: (POP-START s13 b25 a1 a3 b27 lco rat-a ta3-4-lco) [1]
303: (POP-END s13 a1 a3 b6 b27 oca1 ta1-1-oca1) [1]
304: (POP-END s23 a2 a3 b17 b13 gasoleo ta2-3-gasoleo) [1]
305: (POP-START s13 b24 a1 a3 b25 oca1 lco ta3-2-oca1) [1]
306: (POP-END s13 a1 a3 b27 b25 lco ta1-2-lco) [1]
307: (PUSH-START s15 b27 a1 a5 b18 rat-a lco ta1-1-rat-a) [1]
308: (PUSH-END s15 a1 a5 b4 b14 rat-a ta5-3-rat-a) [1]
309: (PUSH-START s23 b17 a2 a3 b13 gasoleo oca1 ta2-3-gasoleo) [1]
310: (POP-START s15 b1 a1 a5 b14 oc1b gasoleo ta5-2-oc1b) [1]
311: (PUSH-END s23 a2 a3 b3 b23 oc1b ta3-1-oc1b) [1]
312: (POP-START s23 b3 a2 a3 b23 oc1b lco ta3-1-oc1b) [1]
313: (POP-END s15 a1 a5 b27 b18 rat-a ta1-1-rat-a) [1]
314: (POP-END s23 a2 a3 b17 b13 gasoleo ta2-3-gasoleo) [1]
315: (PUSH-START s13 b12 a1 a3 b25 oca1 lco ta1-1-oca1) [1]
316: (PUSH-END s13 a1 a3 b24 b25 oca1 ta3-2-oca1) [1]
317: (POP-START s23 b24 a2 a3 b3 oca1 oc1b ta3-2-oca1) [1]
318: (POP-END s23 a2 a3 b13 b23 oca1 ta2-1-oca1) [1]
319: (PUSH-START s15 b27 a1 a5 b18 rat-a lco ta1-1-rat-a) [1]
320: (PUSH-START s13 b6 a1 a3 b12 lco oca1 ta1-4-lco) [1]
321: (PUSH-END s13 a1 a3 b25 b12 lco ta3-4-lco) [1]
322: (PUSH-END s15 a1 a5 b1 b14 oc1b ta5-2-oc1b) [1]
323: (PUSH-START s23 b13 a2 a3 b23 oca1 lco ta2-1-oca1) [1]
324: (POP-START s15 b4 a1 a5 b14 rat-a gasoleo ta5-3-rat-a) [1]
325: (PUSH-END s23 a2 a3 b24 b3 oca1 ta3-2-oca1) [1]
326: (PUSH-START s23 b17 a2 a3 b13 gasoleo oca1 ta2-3-gasoleo) [1]
327: (PUSH-END s23 a2 a3 b3 b23 oc1b ta3-1-oc1b) [1]
328: (POP-END s15 a1 a5 b27 b18 rat-a ta1-1-rat-a) [1]
329: (POP-START s13 b3 a1 a3 b12 oc1b oca1 ta3-1-oc1b) [1]
330: (POP-END s13 a1 a3 b6 b12 lco ta1-4-lco) [1]
331: (POP-START s13 b24 a1 a3 b3 oca1 oc1b ta3-2-oca1) [1]
332: (PUSH-START s23 b11 a2 a3 b17 lco gasoleo ta2-4-lco) [1]
333: (PUSH-END s23 a2 a3 b23 b13 lco ta3-2-lco) [1]
334: (PUSH-START s15 b27 a1 a5 b18 rat-a lco ta1-1-rat-a) [1]
335: (PUSH-END s15 a1 a5 b4 b14 rat-a ta5-3-rat-a) [1]
336: (POP-END s13 a1 a3 b12 b3 oca1 ta1-2-oca1) [1]
337: (PUSH-START s15 b6 a1 a5 b27 lco rat-a ta1-2-lco) [1]
338: (POP-START s23 b23 a2 a3 b13 lco oca1 ta3-2-lco) [1]
339: (POP-END s23 a2 a3 b11 b17 rat-a ta2-1-rat-a) [1]
340: (PUSH-END s15 a1 a5 b14 b15 gasoleo ta5-2-gasoleo) [1]
341: (POP-START s15 b14 a1 a5 b15 gasoleo rat-a ta5-2-gasoleo) [1]
342: (PUSH-START s13 b12 a1 a3 b3 oca1 oc1b ta1-2-oca1) [1]
343: (POP-END s15 a1 a5 b6 b27 oca1 ta1-1-oca1) [1]
344: (PUSH-END s13 a1 a3 b24 b3 oca1 ta3-2-oca1) [1]
345: (PUSH-START s23 b26 a2 a3 b17 rat-a gasoleo ta2-1-rat-a) [1]
346: (POP-START s15 b1 a1 a5 b14 oc1b gasoleo ta5-2-oc1b) [1]
347: (PUSH-END s23 a2 a3 b23 b13 lco ta3-2-lco) [1]
348: (POP-END s15 a1 a5 b27 b18 lco ta1-2-lco) [1]
349: (POP-START s13 b23 a1 a3 b3 lco oc1b ta3-4-lco) [1]
350: (PUSH-START s23 b11 a2 a3 b26 lco rat-a ta2-1-lco) [1]
351: (PUSH-END s23 a2 a3 b13 b17 oca1 ta3-1-oca1) [1]
352: (POP-START s23 b25 a2 a3 b17 lco gasoleo ta3-2-lco) [1]
353: (POP-END s13 a1 a3 b12 b3 rat-a ta1-1-rat-a) [1]
354: (POP-START s13 b13 a1 a3 b23 oca1 lco ta3-1-oca1) [1]
355: (PUSH-UNITARYPIPE s34 b24 a3 a4 b8 oca1 lco ta3-2-oca1 ta4-2-lco) [1]
356: (PUSH-START s15 b12 a1 a5 b18 oca1 lco ta1-1-oca1) [1]
357: (POP-END s23 a2 a3 b11 b26 lco ta2-4-lco) [1]
358: (POP-END s13 a1 a3 b3 b23 oca1 ta1-2-oca1) [1]
359: (PUSH-END s15 a1 a5 b1 b14 oc1b ta5-2-oc1b) [1]
360: (PUSH-START s15 b3 a1 a5 b12 oc1b oca1 ta1-2-oc1b) [1]
361: (PUSH-END s15 a1 a5 b14 b15 gasoleo ta5-2-gasoleo) [1]
362: (PUSH-START s15 b6 a1 a5 b3 lco oc1b ta1-4-lco) [1]
363: (PUSH-END s15 a1 a5 b15 b18 rat-a ta5-2-rat-a) [1]
364: (PUSH-START s23 b11 a2 a3 b26 lco rat-a ta2-2-lco) [1]
365: (POP-UNITARYPIPE s34 b8 a3 a4 b24 lco oca1 ta3-2-oca1 ta4-2-lco) [1]
366: (PUSH-END s23 a2 a3 b25 b17 lco ta3-2-lco) [1]
367: (POP-START s23 b25 a2 a3 b17 lco gasoleo ta3-2-lco) [1]
368: (PUSH-START s15 b27 a1 a5 b6 rat-a lco ta1-1-rat-a) [1]
369: (POP-END s23 a2 a3 b11 b26 lco ta2-2-lco) [1]
370: (PUSH-END s15 a1 a5 b18 b12 lco ta5-1-lco) [1]
371: (POP-START s15 b1 a1 a5 b12 oc1b oca1 ta5-2-oc1b) [1]
372: (POP-END s15 a1 a5 b27 b6 gasoleo ta1-1-gasoleo) [1]
373: (POP-START s15 b18 a1 a5 b1 lco oc1b ta5-1-lco) [1]
374: (PUSH-START s13 b2 a1 a3 b23 gasoleo lco ta1-1-gasoleo) [1]
375: (POP-END s15 a1 a5 b6 b3 lco ta1-4-lco) [1]
376: (PUSH-END s13 a1 a3 b13 b23 oca1 ta3-1-oca1) [1]
377: (POP-START s23 b24 a2 a3 b25 oca1 lco ta3-2-oca1) [1]
378: (POP-START s15 b15 a1 a5 b18 rat-a lco ta5-3-rat-a) [1]
379: (POP-END s23 a2 a3 b26 b17 oca1 ta2-1-oca1) [1]
380: (POP-END s15 a1 a5 b3 b12 rat-a ta1-1-rat-a) [1]
381: (PUSH-START s13 b27 a1 a3 b2 rat-a gasoleo ta1-1-rat-a) [1]
382: (PUSH-END s13 a1 a3 b23 b2 lco ta3-4-lco) [1]
383: (PUSH-START s13 b6 a1 a3 b27 lco rat-a ta1-2-lco) [1]
384: (POP-START s15 b14 a1 a5 b15 gasoleo rat-a ta5-2-gasoleo) [1]
385: (PUSH-START s23 b7 a2 a3 b17 oca1 gasoleo ta2-1-oca1) [1]
386: (PUSH-END s23 a2 a3 b24 b25 oca1 ta3-2-oca1) [1]
387: (POP-START s23 b13 a2 a3 b25 oca1 lco ta3-1-oca1) [1]
388: (POP-END s15 a1 a5 b12 b1 lco ta1-1-lco) [1]
389: (PUSH-END s13 a1 a3 b2 b27 gasoleo ta3-1-gasoleo) [1]
390: (POP-START s15 b4 a1 a5 b14 rat-a gasoleo ta5-2-rat-a) [1]
391: (POP-START s13 b23 a1 a3 b27 lco rat-a ta3-4-lco) [1]
392: (POP-END s23 a2 a3 b7 b17 oca1 ta2-2-oca1) [1]
393: (POP-END s15 a1 a5 b1 b18 lco ta1-2-lco) [1]
394: (POP-END s13 a1 a3 b6 b27 rat-a ta1-1-rat-a) [1]
395: (POP-START s13 b2 a1 a3 b23 gasoleo lco ta3-1-gasoleo) [1]
396: (POP-END s13 a1 a3 b27 b23 oc1b ta1-2-oc1b) [1]
397: (PUSH-START s15 b27 a1 a5 b18 rat-a lco ta1-1-rat-a) [1]
398: (POP-START s13 b24 a1 a3 b2 oca1 gasoleo ta3-2-oca1) [1]
399: (POP-END s13 a1 a3 b23 b2 gasoleo ta1-3-gasoleo) [1]
400: (PUSH-START s23 b7 a2 a3 b17 oca1 gasoleo ta2-2-oca1) [1]
401: (PUSH-END s23 a2 a3 b13 b25 oca1 ta3-1-oca1) [1]
402: (PUSH-END s15 a1 a5 b4 b14 rat-a ta5-1-rat-a) [1]
403: (PUSH-START s23 b11 a2 a3 b7 lco oca1 ta2-2-lco) [1]
404: (PUSH-START s13 b1 a1 a3 b2 oc1b gasoleo ta1-2-oc1b) [1]
405: (PUSH-END s23 a2 a3 b25 b17 lco ta3-4-lco) [1]
406: (POP-START s15 b4 a1 a5 b14 rat-a gasoleo ta5-1-rat-a) [1]
407: (PUSH-END s13 a1 a3 b24 b2 oca1 ta3-2-oca1) [1]
408: (PUSH-START s13 b23 a1 a3 b1 lco oc1b ta1-1-lco) [1]
409: (PUSH-END s13 a1 a3 b2 b1 gasoleo ta3-1-gasoleo) [1]
410: (POP-END s15 a1 a5 b27 b18 rat-a ta1-4-rat-a) [1]
411: (PUSH-START s13 b21 a1 a3 b23 gasoleo lco ta1-3-gasoleo) [1]
412: (PUSH-END s13 a1 a3 b1 b23 oc1b ta3-1-oc1b) [1]
413: (PUSH-UNITARYPIPE s34 b1 a3 a4 b8 oc1b lco ta3-1-oc1b ta4-2-lco) [1]
414: (PUSH-UNITARYPIPE s34 b13 a3 a4 b1 oca1 oc1b ta3-1-oca1 ta4-1-oc1b) [1]
415: (PUSH-START s15 b27 a1 a5 b18 rat-a lco ta1-4-rat-a) [1]
416: (POP-START s23 b24 a2 a3 b17 oca1 gasoleo ta3-2-oca1) [1]
417: (POP-START s13 b2 a1 a3 b23 gasoleo lco ta3-1-gasoleo) [1]
418: (POP-UNITARYPIPE s34 b8 a3 a4 b13 lco oca1 ta3-1-oca1 ta4-2-lco) [1]
419: (POP-END s23 a2 a3 b11 b7 lco ta2-2-lco) [1]
420: (POP-UNITARYPIPE s34 b1 a3 a4 b8 oc1b lco ta3-1-lco ta4-1-oc1b) [1]
421: (POP-END s13 a1 a3 b21 b23 oc1b ta1-2-oc1b) [1]
422: (PUSH-END s15 a1 a5 b4 b14 rat-a ta5-1-rat-a) [1]
423: (POP-START s13 b8 a1 a3 b2 lco gasoleo ta3-1-lco) [1]
424: (POP-END s13 a1 a3 b23 b2 gasoleo ta1-3-gasoleo) [1]
425: (PUSH-START s23 b11 a2 a3 b7 lco oca1 ta2-2-lco) [1]
426: (POP-START s15 b4 a1 a5 b14 rat-a gasoleo ta5-1-rat-a) [1]
427: (PUSH-END s23 a2 a3 b24 b17 oca1 ta3-2-oca1) [1]
428: (POP-END s15 a1 a5 b27 b18 lco ta1-1-lco) [1]
429: (PUSH-START s15 b12 a1 a5 b18 oca1 lco ta1-2-oca1) [1]
430: (POP-START s13 b13 a1 a3 b8 oca1 lco ta3-1-oca1) [1]
431: (POP-END s13 a1 a3 b2 b8 rat-a ta1-4-rat-a) [1]
432: (PUSH-START s13 b27 a1 a3 b8 rat-a lco ta1-4-rat-a) [1]
433: (PUSH-UNITARYPIPE s34 b25 a3 a4 b1 lco oc1b ta3-4-lco ta4-1-oc1b) [1]
434: (PUSH-UNITARYPIPE s34 b24 a3 a4 b25 oca1 lco ta3-2-oca1 ta4-2-lco) [1]
435: (PUSH-END s15 a1 a5 b4 b14 rat-a ta5-1-rat-a) [1]
436: (PUSH-START s15 b23 a1 a5 b12 lco oca1 ta1-1-lco) [1]
437: (PUSH-END s13 a1 a3 b13 b8 oca1 ta3-1-oca1) [1]
438: (PUSH-END s15 a1 a5 b14 b15 gasoleo ta5-2-gasoleo) [1]
439: (POP-UNITARYPIPE s34 b1 a3 a4 b24 oc1b oca1 ta3-2-oca1 ta4-1-oc1b) [1]
440: (POP-START s13 b13 a1 a3 b8 oca1 lco ta3-1-oca1) [1]
441: (POP-UNITARYPIPE s34 b25 a3 a4 b1 lco oc1b ta3-1-oc1b ta4-2-lco) [1]
442: (POP-START s23 b1 a2 a3 b17 oc1b gasoleo ta3-1-oc1b) [1]
443: (PUSH-START s15 b21 a1 a5 b23 gasoleo lco ta1-3-gasoleo) [1]
444: (POP-END s13 a1 a3 b27 b8 rat-a ta1-4-rat-a) [1]
445: (POP-END s23 a2 a3 b11 b7 lco ta2-2-lco) [1]
446: (PUSH-END s15 a1 a5 b15 b18 rat-a ta5-2-rat-a) [1]
447: (PUSH-START s13 b27 a1 a3 b8 rat-a lco ta1-4-rat-a) [1]
448: (PUSH-END s13 a1 a3 b13 b8 oca1 ta3-1-oca1) [1]
449: (PUSH-START s13 b6 a1 a3 b27 lco rat-a ta1-2-lco) [1]
450: (PUSH-START s23 b11 a2 a3 b7 lco oca1 ta2-2-lco) [1]
451: (PUSH-END s13 a1 a3 b8 b27 lco ta3-2-lco) [1]
452: (PUSH-END s23 a2 a3 b1 b17 oc1b ta3-1-oc1b) [1]
453: (PUSH-UNITARYPIPE s34 b1 a3 a4 b25 oc1b lco ta3-1-oc1b ta4-2-lco) [1]
454: (PUSH-UNITARYPIPE s34 b24 a3 a4 b1 oca1 oc1b ta3-2-oca1 ta4-1-oc1b) [1]
455: (POP-UNITARYPIPE s34 b1 a3 a4 b24 oc1b oca1 ta3-2-oca1 ta4-1-oc1b) [1]
456: (PUSH-START s15 b3 a1 a5 b21 oc1b gasoleo ta1-1-oc1b) [1]
457: (POP-START s13 b8 a1 a3 b27 lco rat-a ta3-2-lco) [1]
458: (POP-UNITARYPIPE s34 b25 a3 a4 b1 lco oc1b ta3-1-oc1b ta4-2-lco) [1]
459: (POP-END s13 a1 a3 b6 b27 oca1 ta1-1-oca1) [1]
460: (POP-START s23 b1 a2 a3 b17 oc1b gasoleo ta3-1-oc1b) [1]
461: (PUSH-END s15 a1 a5 b18 b12 lco ta5-1-lco) [1]
462: (POP-END s23 a2 a3 b11 b7 lco ta2-2-lco) [1]
463: (POP-START s13 b24 a1 a3 b8 oca1 lco ta3-1-oca1) [1]
464: (POP-START s15 b18 a1 a5 b12 lco oca1 ta5-1-lco) [1]
465: (POP-END s15 a1 a5 b3 b21 oc1b ta1-1-oc1b) [1]
466: (POP-END s13 a1 a3 b27 b8 gasoleo ta1-3-gasoleo) [1]
467: (PUSH-START s23 b11 a2 a3 b7 lco oca1 ta2-2-lco) [1]
468: (POP-START s15 b15 a1 a5 b18 rat-a lco ta5-2-rat-a) [1]
469: (PUSH-END s23 a2 a3 b1 b17 oc1b ta3-1-oc1b) [1]
470: (PUSH-UNITARYPIPE s34 b1 a3 a4 b25 oc1b lco ta3-1-oc1b ta4-2-lco) [1]
471: (POP-UNITARYPIPE s34 b25 a3 a4 b1 lco oc1b ta3-2-oc1b ta4-2-lco) [1]
472: (POP-END s15 a1 a5 b21 b23 rat-a ta1-4-rat-a) [1]
473: (PUSH-START s13 b27 a1 a3 b8 rat-a lco ta1-4-rat-a) [1]
474: (POP-START s15 b14 a1 a5 b15 gasoleo rat-a ta5-2-gasoleo) [1]
475: (PUSH-END s13 a1 a3 b24 b8 oca1 ta3-1-oca1) [1]
476: (POP-START s23 b13 a2 a3 b17 oca1 gasoleo ta3-2-oca1) [1]
477: (POP-END s15 a1 a5 b23 b12 lco ta1-2-lco) [1]
478: (POP-END s23 a2 a3 b11 b7 lco ta2-2-lco) [1]
479: (PUSH-START s13 b23 a1 a3 b27 lco rat-a ta1-3-lco) [1]
480: (PUSH-END s13 a1 a3 b8 b27 lco ta3-2-lco) [1]
481: (PUSH-UNITARYPIPE s34 b1 a3 a4 b25 oc1b lco ta3-2-oc1b ta4-2-lco) [1]
482: (PUSH-START s13 b21 a1 a3 b23 gasoleo lco ta1-3-gasoleo) [1]
483: (POP-START s15 b4 a1 a5 b14 rat-a gasoleo ta5-1-rat-a) [1]
484: (POP-START s23 b8 a2 a3 b13 lco oca1 ta3-2-lco) [1]
485: (PUSH-END s13 a1 a3 b27 b23 rat-a ta3-1-rat-a) [1]
486: (POP-END s23 a2 a3 b7 b17 oca1 ta2-1-oca1) [1]
487: (POP-END s15 a1 a5 b12 b18 lco ta1-3-lco) [1]
488: (PUSH-UNITARYPIPE s34 b24 a3 a4 b1 oca1 oc1b ta3-1-oca1 ta4-1-oc1b) [1]
489: (PUSH-START s23 b7 a2 a3 b17 oca1 gasoleo ta2-1-oca1) [1]
490: (PUSH-START s15 b12 a1 a5 b18 oca1 lco ta1-1-oca1) [1]
491: (PUSH-END s15 a1 a5 b4 b14 rat-a ta5-1-rat-a) [1]
492: (POP-START s15 b4 a1 a5 b14 rat-a gasoleo ta5-1-rat-a) [1]
493: (POP-START s13 b27 a1 a3 b23 rat-a lco ta3-1-rat-a) [1]
494: (PUSH-END s23 a2 a3 b8 b13 lco ta3-2-lco) [1]
495: (POP-END s13 a1 a3 b21 b23 gasoleo ta1-1-gasoleo) [1]
496: (POP-UNITARYPIPE s34 b1 a3 a4 b24 oc1b oca1 ta3-2-oca1 ta4-1-oc1b) [1]
497: (PUSH-START s13 b21 a1 a3 b23 gasoleo lco ta1-1-gasoleo) [1]
498: (POP-UNITARYPIPE s34 b25 a3 a4 b1 lco oc1b ta3-1-oc1b ta4-2-lco) [1]
499: (POP-END s15 a1 a5 b12 b18 rat-a ta1-1-rat-a) [1]
500: (PUSH-START s23 b11 a2 a3 b7 lco oca1 ta2-2-lco) [1]
501: (PUSH-END s13 a1 a3 b27 b23 rat-a ta3-1-rat-a) [1]
502: (PUSH-END s23 a2 a3 b13 b17 oca1 ta3-1-oca1) [1]
503: (POP-START s23 b1 a2 a3 b17 oc1b gasoleo ta3-1-oc1b) [1]
504: (PUSH-START s15 b3 a1 a5 b18 oc1b lco ta1-2-oc1b) [1]
505: (POP-END s23 a2 a3 b11 b7 rat-a ta2-1-rat-a) [1]
506: (POP-START s23 b8 a2 a3 b1 lco oc1b ta3-2-lco) [1]
507: (POP-START s13 b27 a1 a3 b23 rat-a lco ta3-1-rat-a) [1]
508: (POP-END s23 a2 a3 b7 b17 oca1 ta2-1-oca1) [1]
509: (POP-END s13 a1 a3 b21 b23 oca1 ta1-1-oca1) [1]
510: (PUSH-START s23 b26 a2 a3 b17 rat-a gasoleo ta2-1-rat-a) [1]
511: (PUSH-END s15 a1 a5 b4 b14 rat-a ta5-1-rat-a) [1]
512: (PUSH-START s13 b12 a1 a3 b23 oca1 lco ta1-1-oca1) [1]
513: (POP-START s15 b4 a1 a5 b14 rat-a gasoleo ta5-1-rat-a) [1]
514: (PUSH-END s13 a1 a3 b27 b23 rat-a ta3-1-rat-a) [1]
515: (PUSH-END s23 a2 a3 b8 b1 lco ta3-2-lco) [1]
516: (POP-END s15 a1 a5 b3 b18 lco ta1-1-lco) [1]
517: (POP-START s13 b24 a1 a3 b23 oca1 lco ta3-1-oca1) [1]
518: (POP-END s13 a1 a3 b12 b23 oc1b ta1-2-oc1b) [1]
519: (POP-START s13 b8 a1 a3 b24 lco oca1 ta3-2-lco) [1]
520: (PUSH-START s23 b11 a2 a3 b26 lco rat-a ta2-3-lco) [1]
521: (POP-END s13 a1 a3 b23 b24 gasoleo ta1-3-gasoleo) [1]
522: (PUSH-END s23 a2 a3 b1 b17 oc1b ta3-1-oc1b) [1]
523: (PUSH-UNITARYPIPE s34 b1 a3 a4 b25 oc1b lco ta3-1-oc1b ta4-2-lco) [1]
524: (PUSH-UNITARYPIPE s34 b13 a3 a4 b1 oca1 oc1b ta3-2-oca1 ta4-1-oc1b) [1]
525: (PUSH-START s15 b21 a1 a5 b18 gasoleo lco ta1-3-gasoleo) [1]
526: (PUSH-END s15 a1 a5 b4 b14 rat-a ta5-1-rat-a) [1]
527: (POP-START s15 b4 a1 a5 b14 rat-a gasoleo ta5-1-rat-a) [1]
528: (PUSH-START s23 b7 a2 a3 b11 oca1 lco ta2-1-oca1) [1]
529: (PUSH-START s13 b23 a1 a3 b24 lco oca1 ta1-1-lco) [1]
530: (PUSH-END s13 a1 a3 b8 b24 lco ta3-2-lco) [1]
531: (PUSH-END s23 a2 a3 b17 b26 gasoleo ta3-1-gasoleo) [1]
532: (POP-START s13 b17 a1 a3 b24 gasoleo oca1 ta3-1-gasoleo) [1]
533: (POP-UNITARYPIPE s34 b1 a3 a4 b13 oc1b oca1 ta3-2-oca1 ta4-1-oc1b) [1]
534: (POP-END s15 a1 a5 b21 b18 lco ta1-1-lco) [1]
535: (POP-UNITARYPIPE s34 b25 a3 a4 b1 lco oc1b ta3-1-oc1b ta4-2-lco) [1]
536: (POP-END s13 a1 a3 b23 b24 gasoleo ta1-3-gasoleo) [1]
537: (POP-START s23 b8 a2 a3 b26 lco rat-a ta3-2-lco) [1]
538: (POP-END s23 a2 a3 b7 b11 lco ta2-3-lco) [1]
539: (POP-START s23 b1 a2 a3 b8 oc1b lco ta3-1-oc1b) [1]
540: (POP-END s23 a2 a3 b11 b26 lco ta2-2-lco) [1]
541: (PUSH-START s15 b21 a1 a5 b18 gasoleo lco ta1-3-gasoleo) [1]
542: (POP-START s13 b27 a1 a3 b17 rat-a gasoleo ta3-1-rat-a) [1]
543: (POP-END s13 a1 a3 b24 b17 oca1 ta1-1-oca1) [1]
544: (PUSH-END s15 a1 a5 b4 b14 rat-a ta5-1-rat-a) [1]
545: (PUSH-START s23 b11 a2 a3 b26 lco rat-a ta2-2-lco) [1]
546: (POP-START s15 b4 a1 a5 b14 rat-a gasoleo ta5-1-rat-a) [1]
547: (PUSH-START s13 b23 a1 a3 b17 lco gasoleo ta1-1-lco) [1]
548: (PUSH-END s13 a1 a3 b27 b17 rat-a ta3-1-rat-a) [1]
549: (PUSH-END s23 a2 a3 b1 b8 oc1b ta3-1-oc1b) [1]
550: (PUSH-START s13 b3 a1 a3 b23 oc1b lco ta1-1-oc1b) [1]
551: (PUSH-END s13 a1 a3 b17 b23 gasoleo ta3-1-gasoleo) [1]
552: (POP-END s15 a1 a5 b21 b18 gasoleo ta1-3-gasoleo) [1]
553: (PUSH-UNITARYPIPE s34 b1 a3 a4 b25 oc1b lco ta3-1-oc1b ta4-2-lco) [1]
554: (PUSH-UNITARYPIPE s34 b13 a3 a4 b1 oca1 oc1b ta3-2-oca1 ta4-1-oc1b) [1]
555: (POP-UNITARYPIPE s34 b1 a3 a4 b13 oc1b oca1 ta3-2-oca1 ta4-1-oc1b) [1]
556: (POP-START s23 b27 a2 a3 b8 rat-a lco ta3-1-rat-a) [1]
557: (PUSH-START s15 b21 a1 a5 b18 gasoleo lco ta1-3-gasoleo) [1]
558: (POP-UNITARYPIPE s34 b25 a3 a4 b1 lco oc1b ta3-1-oc1b ta4-2-lco) [1]
559: (POP-END s23 a2 a3 b11 b26 lco ta2-2-lco) [1]
560: (PUSH-END s15 a1 a5 b4 b14 rat-a ta5-1-rat-a) [1]
561: (PUSH-START s13 b6 a1 a3 b3 lco oc1b ta1-4-lco) [1]
562: (PUSH-UNITARYPIPE s34 b1 a3 a4 b25 oc1b lco ta3-1-oc1b ta4-2-lco) [1]
563: (PUSH-END s13 a1 a3 b23 b3 lco ta3-2-lco) [1]
564: (POP-START s15 b4 a1 a5 b14 rat-a gasoleo ta5-1-rat-a) [1]
565: (PUSH-START s23 b11 a2 a3 b26 lco rat-a ta2-2-lco) [1]
566: (PUSH-END s23 a2 a3 b27 b8 rat-a ta3-1-rat-a) [1]
567: (PUSH-UNITARYPIPE s34 b17 a3 a4 b1 gasoleo oc1b ta3-1-gasoleo ta4-1-oc1b) [1]
568: (POP-END s15 a1 a5 b21 b18 lco ta1-1-lco) [1]
569: (PUSH-START s13 b24 a1 a3 b6 oca1 lco ta1-1-oca1) [1]
570: (POP-UNITARYPIPE s34 b25 a3 a4 b17 lco gasoleo ta3-3-gasoleo ta4-2-lco) [1]
571: (PUSH-END s13 a1 a3 b3 b6 oc1b ta3-1-oc1b) [1]
572: (POP-START s23 b17 a2 a3 b8 gasoleo lco ta3-3-gasoleo) [1]
573: (POP-END s23 a2 a3 b11 b26 lco ta2-2-lco) [1]
574: (POP-START s23 b23 a2 a3 b17 lco gasoleo ta3-2-lco) [1]
575: (POP-END s23 a2 a3 b26 b8 oca1 ta2-1-oca1) [1]
576: (POP-START s13 b3 a1 a3 b6 oc1b lco ta3-1-oc1b) [1]
577: (POP-START s23 b27 a2 a3 b23 rat-a lco ta3-1-rat-a) [1]
578: (POP-END s13 a1 a3 b24 b6 lco ta1-4-lco) [1]
579: (POP-END s23 a2 a3 b8 b17 lco ta2-1-lco) [1]
580: (POP-START s13 b13 a1 a3 b3 oca1 oc1b ta3-2-oca1) [1]
581: (POP-UNITARYPIPE s34 b1 a3 a4 b25 oc1b lco ta3-4-lco ta4-1-oc1b) [1]
582: (PUSH-START s23 b8 a2 a3 b17 lco gasoleo ta2-1-lco) [1]
583: (POP-END s13 a1 a3 b6 b3 gasoleo ta1-3-gasoleo) [1]
584: (POP-START s13 b25 a1 a3 b13 lco oca1 ta3-4-lco) [1]
585: (PUSH-END s23 a2 a3 b27 b23 rat-a ta3-1-rat-a) [1]
586: (PUSH-START s23 b7 a2 a3 b8 oca1 lco ta2-1-oca1) [1]
587: (POP-END s13 a1 a3 b3 b13 oca1 ta1-2-oca1) [1]
588: (POP-START s13 b27 a1 a3 b25 rat-a lco ta3-1-rat-a) [1]
589: (PUSH-START s15 b3 a1 a5 b18 oc1b lco ta1-2-oc1b) [1]
590: (PUSH-END s15 a1 a5 b4 b14 rat-a ta5-1-rat-a) [1]
591: (POP-END s13 a1 a3 b13 b25 gasoleo ta1-2-gasoleo) [1]
592: (POP-START s15 b4 a1 a5 b14 rat-a gasoleo ta5-1-rat-a) [1]
593: (PUSH-END s23 a2 a3 b23 b17 lco ta3-2-lco) [1]
594: (POP-END s15 a1 a5 b3 b18 gasoleo ta1-1-gasoleo) [1]
595: (POP-START s13 b23 a1 a3 b27 lco rat-a ta3-2-lco) [1]
596: (POP-END s13 a1 a3 b25 b27 oc1b ta1-1-oc1b) [1]
597: (PUSH-START s23 b11 a2 a3 b7 lco oca1 ta2-2-lco) [1]
598: (PUSH-END s23 a2 a3 b17 b8 gasoleo ta3-3-gasoleo) [1]
599: (PUSH-START s15 b21 a1 a5 b18 gasoleo lco ta1-1-gasoleo) [1]
600: (PUSH-START s13 b6 a1 a3 b27 lco rat-a ta1-1-lco) [1]
601: (PUSH-END s13 a1 a3 b23 b27 lco ta3-2-lco) [1]
602: (POP-START s13 b17 a1 a3 b27 gasoleo rat-a ta3-3-gasoleo) [1]
603: (PUSH-END s15 a1 a5 b4 b14 rat-a ta5-1-rat-a) [1]
604: (POP-END s13 a1 a3 b6 b27 oc1b ta1-2-oc1b) [1]
605: (PUSH-START s15 b13 a1 a5 b21 oca1 gasoleo ta1-2-oca1) [1]
606: (POP-START s13 b23 a1 a3 b17 lco gasoleo ta3-2-lco) [1]
607: (POP-END s13 a1 a3 b27 b17 lco ta1-1-lco) [1]
608: (PUSH-START s13 b3 a1 a3 b17 oc1b gasoleo ta1-1-oc1b) [1]
609: (PUSH-END s15 a1 a5 b14 b15 gasoleo ta5-2-gasoleo) [1]
610: (PUSH-START s15 b9 a1 a5 b13 gasoleo oca1 ta1-3-gasoleo) [1]
611: (PUSH-END s15 a1 a5 b15 b18 rat-a ta5-2-rat-a) [1]
612: (PUSH-START s15 b27 a1 a5 b9 rat-a gasoleo ta1-1-rat-a) [1]
613: (PUSH-END s15 a1 a5 b18 b21 lco ta5-1-lco) [1]
614: (POP-START s15 b15 a1 a5 b21 rat-a gasoleo ta5-1-rat-a) [1]
615: (PUSH-END s13 a1 a3 b23 b17 lco ta3-2-lco) [1]
616: (PUSH-START s13 b6 a1 a3 b3 lco oc1b ta1-4-lco) [1]
617: (PUSH-END s13 a1 a3 b17 b3 gasoleo ta3-1-gasoleo) [1]
618: (PUSH-START s13 b5 a1 a3 b6 gasoleo lco ta1-2-gasoleo) [1]
619: (PUSH-END s13 a1 a3 b3 b6 oc1b ta3-1-oc1b) [1]
620: (POP-END s15 a1 a5 b27 b9 oca1 ta1-2-oca1) [1]
621: (POP-START s23 b3 a2 a3 b8 oc1b lco ta3-1-oc1b) [1]
622: (POP-START s15 b14 a1 a5 b15 gasoleo rat-a ta5-2-gasoleo) [1]
623: (PUSH-UNITARYPIPE s34 b23 a3 a4 b1 lco oc1b ta3-2-lco ta4-1-oc1b) [1]
624: (POP-END s15 a1 a5 b9 b13 lco ta1-4-lco) [1]
625: (POP-END s23 a2 a3 b11 b7 lco ta2-2-lco) [1]
626: (POP-START s15 b18 a1 a5 b14 lco gasoleo ta5-1-lco) [1]
627: (POP-UNITARYPIPE s34 b1 a3 a4 b23 oc1b lco ta3-1-lco ta4-1-oc1b) [1]
628: (PUSH-START s23 b11 a2 a3 b7 lco oca1 ta2-2-lco) [1]
629: (POP-START s13 b17 a1 a3 b6 gasoleo lco ta3-1-gasoleo) [1]
630: (POP-END s13 a1 a3 b5 b6 gasoleo ta1-3-gasoleo) [1]
631: (POP-START s13 b23 a1 a3 b17 lco gasoleo ta3-1-lco) [1]
632: (PUSH-END s23 a2 a3 b3 b8 oc1b ta3-1-oc1b) [1]
633: (POP-END s15 a1 a5 b13 b21 rat-a ta1-1-rat-a) [1]
634: (POP-END s13 a1 a3 b6 b17 oc1b ta1-1-oc1b) [1]
635: (PUSH-START s15 b27 a1 a5 b21 rat-a gasoleo ta1-1-rat-a) [1]
636: (PUSH-START s13 b13 a1 a3 b17 oca1 gasoleo ta1-2-oca1) [1]
637: (POP-START s23 b3 a2 a3 b8 oc1b lco ta3-1-oc1b) [1]
638: (POP-END s23 a2 a3 b11 b7 lco ta2-2-lco) [1]
639: (PUSH-END s13 a1 a3 b23 b17 lco ta3-2-lco) [1]
640: (PUSH-END s15 a1 a5 b18 b14 lco ta5-1-lco) [1]
641: (PUSH-START s23 b11 a2 a3 b7 lco oca1 ta2-2-lco) [1]
642: (POP-START s13 b23 a1 a3 b17 lco gasoleo ta3-2-lco) [1]
643: (PUSH-END s23 a2 a3 b3 b8 oc1b ta3-1-oc1b) [1]
644: (POP-END s13 a1 a3 b13 b17 rat-a ta1-1-rat-a) [1]
645: (PUSH-START s15 b9 a1 a5 b27 gasoleo rat-a ta1-3-gasoleo) [1]
646: (PUSH-START s13 b6 a1 a3 b17 lco gasoleo ta1-1-lco) [1]
647: (POP-START s23 b3 a2 a3 b8 oc1b lco ta3-1-oc1b) [1]
648: (POP-END s23 a2 a3 b11 b7 lco ta2-2-lco) [1]
649: (PUSH-END s13 a1 a3 b23 b17 lco ta3-2-lco) [1]
650: (PUSH-START s23 b11 a2 a3 b7 lco oca1 ta2-2-lco) [1]
651: (PUSH-END s23 a2 a3 b3 b8 oc1b ta3-1-oc1b) [1]
652: (PUSH-END s15 a1 a5 b14 b15 gasoleo ta5-2-gasoleo) [1]
653: (POP-START s13 b23 a1 a3 b17 lco gasoleo ta3-2-lco) [1]
654: (POP-END s13 a1 a3 b6 b17 oca1 ta1-2-oca1) [1]
655: (PUSH-START s15 b25 a1 a5 b9 lco gasoleo ta1-4-lco) [1]
656: (POP-START s13 b3 a1 a3 b23 oc1b lco ta3-1-oc1b) [1]
657: (PUSH-END s15 a1 a5 b15 b21 rat-a ta5-3-rat-a) [1]
658: (POP-END s13 a1 a3 b17 b23 oca1 ta1-1-oca1) [1]
659: (PUSH-START s15 b13 a1 a5 b25 oca1 lco ta1-2-oca1) [1]
660: (PUSH-START s13 b12 a1 a3 b23 oca1 lco ta1-1-oca1) [1]
661: (PUSH-END s15 a1 a5 b21 b27 gasoleo ta5-3-gasoleo) [1]
662: (PUSH-END s13 a1 a3 b3 b23 oc1b ta3-1-oc1b) [1]
663: (PUSH-START s15 b6 a1 a5 b13 lco oca1 ta1-3-lco) [1]
664: (POP-START s23 b3 a2 a3 b8 oc1b lco ta3-1-oc1b) [1]
665: (PUSH-END s15 a1 a5 b27 b9 rat-a ta5-4-rat-a) [1]
666: (POP-END s23 a2 a3 b11 b7 lco ta2-2-lco) [1]
667: (POP-START s15 b15 a1 a5 b9 rat-a gasoleo ta5-4-rat-a) [1]
668: (PUSH-START s23 b11 a2 a3 b7 lco oca1 ta2-4-lco) [1]
669: (PUSH-END s23 a2 a3 b3 b8 oc1b ta3-1-oc1b) [1]
670: (POP-END s15 a1 a5 b6 b13 gasoleo ta1-3-gasoleo) [1]
671: (POP-START s13 b3 a1 a3 b23 oc1b lco ta3-1-oc1b) [1]
672: (POP-END s13 a1 a3 b12 b23 oca1 ta1-1-oca1) [1]
673: (PUSH-START s15 b5 a1 a5 b13 gasoleo oca1 ta1-3-gasoleo) [1]
674: (PUSH-END s15 a1 a5 b15 b9 rat-a ta5-4-rat-a) [1]
675: (PUSH-START s15 b12 a1 a5 b5 oca1 gasoleo ta1-1-oca1) [1]
676: (PUSH-END s15 a1 a5 b9 b25 gasoleo ta5-1-gasoleo) [1]
677: (PUSH-START s15 b6 a1 a5 b12 lco oca1 ta1-2-lco) [1]
678: (PUSH-END s15 a1 a5 b25 b13 lco ta5-2-lco) [1]
679: (POP-START s15 b21 a1 a5 b13 gasoleo oca1 ta5-1-gasoleo) [1]
680: (POP-END s15 a1 a5 b6 b12 gasoleo ta1-1-gasoleo) [1]
681: (POP-START s15 b15 a1 a5 b21 rat-a gasoleo ta5-2-rat-a) [1]
682: (POP-END s15 a1 a5 b12 b5 lco ta1-4-lco) [1]
683: (PUSH-START s13 b17 a1 a3 b23 gasoleo lco ta1-1-gasoleo) [1]
684: (PUSH-END s13 a1 a3 b3 b23 oc1b ta3-1-oc1b) [1]
685: (PUSH-START s15 b6 a1 a5 b5 lco gasoleo ta1-4-lco) [1]
686: (POP-START s23 b3 a2 a3 b8 oc1b lco ta3-1-oc1b) [1]
687: (POP-END s23 a2 a3 b11 b7 lco ta2-4-lco) [1]
688: (PUSH-END s15 a1 a5 b15 b21 rat-a ta5-1-rat-a) [1]
689: (PUSH-START s23 b11 a2 a3 b7 lco oca1 ta2-2-lco) [1]
690: (POP-START s15 b15 a1 a5 b21 rat-a gasoleo ta5-1-rat-a) [1]
691: (POP-END s15 a1 a5 b6 b5 lco ta1-1-lco) [1]
692: (PUSH-END s23 a2 a3 b3 b8 oc1b ta3-1-oc1b) [1]
693: (PUSH-START s13 b6 a1 a3 b17 lco gasoleo ta1-1-lco) [1]
694: (PUSH-END s13 a1 a3 b23 b17 lco ta3-2-lco) [1]
695: (POP-START s15 b14 a1 a5 b15 gasoleo rat-a ta5-3-gasoleo) [1]
696: (POP-START s23 b3 a2 a3 b8 oc1b lco ta3-1-oc1b) [1]
697: (POP-END s15 a1 a5 b5 b13 lco ta1-4-lco) [1]
698: (POP-END s23 a2 a3 b11 b7 rat-a ta2-1-rat-a) [1]
699: (POP-START s15 b27 a1 a5 b14 rat-a gasoleo ta5-3-rat-a) [1]
700: (POP-START s23 b23 a2 a3 b3 lco oc1b ta3-2-lco) [1]
701: (POP-END s15 a1 a5 b13 b21 oca1 ta1-1-oca1) [1]
702: (POP-END s23 a2 a3 b7 b8 oca1 ta2-1-oca1) [1]
703: (PUSH-START s23 b26 a2 a3 b8 rat-a lco ta2-1-rat-a) [1]
704: (PUSH-START s15 b13 a1 a5 b21 oca1 gasoleo ta1-1-oca1) [1]
705: (PUSH-END s23 a2 a3 b23 b3 lco ta3-2-lco) [1]
706: (PUSH-START s23 b11 a2 a3 b26 lco rat-a ta2-3-lco) [1]
707: (PUSH-END s23 a2 a3 b3 b8 oc1b ta3-1-oc1b) [1]
708: (PUSH-END s15 a1 a5 b27 b14 rat-a ta5-3-rat-a) [1]
709: (PUSH-START s23 b7 a2 a3 b11 oca1 lco ta2-1-oca1) [1]
710: (POP-START s13 b3 a1 a3 b17 oc1b gasoleo ta3-1-oc1b) [1]
711: (PUSH-END s23 a2 a3 b8 b26 lco ta3-3-lco) [1]
712: (POP-END s13 a1 a3 b6 b17 gasoleo ta1-3-gasoleo) [1]
713: (PUSH-START s15 b2 a1 a5 b13 gasoleo oca1 ta1-3-gasoleo) [1]
714: (PUSH-UNITARYPIPE s34 b23 a3 a4 b1 lco oc1b ta3-2-lco ta4-1-oc1b) [1]
715: (POP-UNITARYPIPE s34 b1 a3 a4 b23 oc1b lco ta3-1-lco ta4-1-oc1b) [1]
716: (PUSH-START s13 b6 a1 a3 b17 lco gasoleo ta1-4-lco) [1]
717: (PUSH-END s13 a1 a3 b3 b17 oc1b ta3-1-oc1b) [1]
718: (POP-START s23 b23 a2 a3 b26 lco rat-a ta3-3-lco) [1]
719: (POP-END s23 a2 a3 b7 b11 lco ta2-3-lco) [1]
720: (PUSH-END s15 a1 a5 b14 b15 gasoleo ta5-3-gasoleo) [1]
721: (POP-START s13 b3 a1 a3 b17 oc1b gasoleo ta3-1-oc1b) [1]
722: (POP-END s13 a1 a3 b6 b17 oca1 ta1-2-oca1) [1]
723: (POP-START s15 b25 a1 a5 b15 lco rat-a ta5-2-lco) [1]
724: (PUSH-UNITARYPIPE s34 b8 a3 a4 b1 lco oc1b ta3-1-lco ta4-1-oc1b) [1]
725: (POP-END s15 a1 a5 b2 b13 lco ta1-4-lco) [1]
726: (PUSH-START s13 b6 a1 a3 b17 lco gasoleo ta1-4-lco) [1]
727: (POP-START s15 b27 a1 a5 b25 rat-a lco ta5-3-rat-a) [1]
728: (PUSH-END s13 a1 a3 b3 b17 oc1b ta3-1-oc1b) [1]
729: (POP-START s23 b3 a2 a3 b23 oc1b lco ta3-1-oc1b) [1]
730: (POP-UNITARYPIPE s34 b1 a3 a4 b8 oc1b lco ta3-1-lco ta4-1-oc1b) [1]
731: (POP-END s15 a1 a5 b13 b21 oca1 ta1-1-oca1) [1]
732: (POP-END s23 a2 a3 b11 b26 lco ta2-2-lco) [1]
733: (POP-START s15 b9 a1 a5 b27 gasoleo rat-a ta5-2-gasoleo) [1]
734: (PUSH-START s13 b13 a1 a3 b6 oca1 lco ta1-2-oca1) [1]
735: (PUSH-END s13 a1 a3 b17 b6 gasoleo ta3-1-gasoleo) [1]
736: (POP-END s15 a1 a5 b21 b15 lco ta1-4-lco) [1]
737: (POP-START s23 b8 a2 a3 b3 lco oc1b ta3-1-lco) [1]
738: (POP-END s23 a2 a3 b26 b23 oca1 ta2-1-oca1) [1]
739: (POP-START s15 b18 a1 a5 b9 lco gasoleo ta5-1-lco) [1]
740: (POP-START s13 b17 a1 a3 b6 gasoleo lco ta3-1-gasoleo) [1]
741: (POP-END s13 a1 a3 b13 b6 lco ta1-3-lco) [1]
742: (PUSH-START s23 b7 a2 a3 b23 oca1 lco ta2-1-oca1) [1]
743: (PUSH-END s23 a2 a3 b8 b3 lco ta3-2-lco) [1]
744: (PUSH-START s23 b11 a2 a3 b7 lco oca1 ta2-2-lco) [1]
745: (POP-END s15 a1 a5 b15 b25 gasoleo ta1-1-gasoleo) [1]
746: (PUSH-START s13 b13 a1 a3 b6 oca1 lco ta1-1-oca1) [1]
747: (PUSH-END s13 a1 a3 b17 b6 gasoleo ta3-1-gasoleo) [1]
748: (PUSH-END s23 a2 a3 b3 b23 oc1b ta3-1-oc1b) [1]
749: (PUSH-START s13 b21 a1 a3 b13 gasoleo oca1 ta1-1-gasoleo) [1]
750: (PUSH-END s13 a1 a3 b6 b13 lco ta3-1-lco) [1]
751: (PUSH-UNITARYPIPE s34 b8 a3 a4 b1 lco oc1b ta3-2-lco ta4-1-oc1b) [1]
752: (POP-UNITARYPIPE s34 b1 a3 a4 b8 oc1b lco ta3-2-lco ta4-1-oc1b) [1]
753: (POP-START s15 b14 a1 a5 b18 gasoleo lco ta5-3-gasoleo) [1]
754: (POP-START s13 b17 a1 a3 b13 gasoleo oca1 ta3-1-gasoleo) [1]
755: (POP-END s13 a1 a3 b21 b13 lco ta1-2-lco) [1]
756: (POP-END s15 a1 a5 b25 b27 gasoleo ta1-1-gasoleo) [1]
757: (POP-START s23 b3 a2 a3 b23 oc1b lco ta3-1-oc1b) [1]
758: (POP-END s23 a2 a3 b11 b7 lco ta2-2-lco) [1]
759: (POP-START s23 b8 a2 a3 b3 lco oc1b ta3-1-lco) [1]
760: (POP-END s23 a2 a3 b7 b23 oca1 ta2-1-oca1) [1]
761: (POP-START s15 b4 a1 a5 b14 rat-a gasoleo ta5-4-rat-a) [1]
762: (POP-END s15 a1 a5 b27 b9 lco ta1-1-lco) [1]
763: (PUSH-START s13 b21 a1 a3 b13 gasoleo oca1 ta1-1-gasoleo) [1]
764: (PUSH-END s13 a1 a3 b17 b13 gasoleo ta3-3-gasoleo) [1]
765: (PUSH-START s23 b7 a2 a3 b23 oca1 lco ta2-1-oca1) [1]
766: (PUSH-UNITARYPIPE s34 b6 a3 a4 b1 lco oc1b ta3-2-lco ta4-1-oc1b) [1]
767: (PUSH-END s23 a2 a3 b8 b3 lco ta3-3-lco) [1]
768: (PUSH-START s15 b27 a1 a5 b9 rat-a gasoleo ta1-1-rat-a) [1]
769: (POP-START s23 b8 a2 a3 b3 lco oc1b ta3-3-lco) [1]
770: (POP-END s23 a2 a3 b7 b23 oca1 ta2-1-oca1) [1]
771: (PUSH-END s15 a1 a5 b4 b14 rat-a ta5-3-rat-a) [1]
772: (POP-UNITARYPIPE s34 b1 a3 a4 b6 oc1b lco ta3-4-lco ta4-1-oc1b) [1]
773: (POP-START s13 b17 a1 a3 b13 gasoleo oca1 ta3-3-gasoleo) [1]
774: (POP-END s13 a1 a3 b21 b13 rat-a ta1-1-rat-a) [1]
775: (PUSH-START s23 b7 a2 a3 b23 oca1 lco ta2-1-oca1) [1]
776: (PUSH-END s23 a2 a3 b8 b3 lco ta3-2-lco) [1]
777: (POP-START s15 b4 a1 a5 b14 rat-a gasoleo ta5-3-rat-a) [1]
778: (POP-END s15 a1 a5 b27 b9 gasoleo ta1-3-gasoleo) [1]
779: (PUSH-START s13 b25 a1 a3 b13 lco oca1 ta1-4-lco) [1]
780: (PUSH-START s23 b11 a2 a3 b7 lco oca1 ta2-2-lco) [1]
781: (PUSH-UNITARYPIPE s34 b8 a3 a4 b1 lco oc1b ta3-2-lco ta4-1-oc1b) [1]
782: (PUSH-END s13 a1 a3 b17 b13 gasoleo ta3-1-gasoleo) [1]
783: (PUSH-END s23 a2 a3 b3 b23 oc1b ta3-1-oc1b) [1]
784: (PUSH-START s15 b27 a1 a5 b9 rat-a gasoleo ta1-1-rat-a) [1]
785: (POP-UNITARYPIPE s34 b1 a3 a4 b8 oc1b lco ta3-1-lco ta4-1-oc1b) [1]
786: (POP-START s23 b17 a2 a3 b23 gasoleo lco ta3-1-gasoleo) [1]
787: (POP-END s23 a2 a3 b11 b7 lco ta2-2-lco) [1]
788: (POP-START s23 b8 a2 a3 b17 lco gasoleo ta3-4-lco) [1]
789: (POP-END s23 a2 a3 b7 b23 oca1 ta2-1-oca1) [1]
790: (PUSH-END s15 a1 a5 b4 b14 rat-a ta5-3-rat-a) [1]
791: (POP-START s13 b3 a1 a3 b13 oc1b oca1 ta3-1-oc1b) [1]
792: (POP-END s13 a1 a3 b25 b13 rat-a ta1-4-rat-a) [1]
793: (PUSH-START s23 b7 a2 a3 b23 oca1 lco ta2-1-oca1) [1]
794: (POP-START s13 b6 a1 a3 b3 lco oc1b ta3-1-lco) [1]
795: (PUSH-END s23 a2 a3 b8 b17 lco ta3-2-lco) [1]
796: (POP-START s15 b4 a1 a5 b14 rat-a gasoleo ta5-3-rat-a) [1]
797: (POP-END s13 a1 a3 b13 b3 lco ta1-4-lco) [1]
798: (PUSH-UNITARYPIPE s34 b8 a3 a4 b1 lco oc1b ta3-2-lco ta4-1-oc1b) [1]
799: (POP-END s15 a1 a5 b27 b9 gasoleo ta1-2-gasoleo) [1]
800: (PUSH-START s23 b11 a2 a3 b7 lco oca1 ta2-2-lco) [1]
801: (PUSH-END s23 a2 a3 b17 b23 gasoleo ta3-1-gasoleo) [1]
802: (PUSH-START s13 b21 a1 a3 b3 gasoleo oc1b ta1-3-gasoleo) [1]
803: (POP-UNITARYPIPE s34 b1 a3 a4 b8 oc1b lco ta3-1-lco ta4-1-oc1b) [1]
804: (PUSH-START s15 b27 a1 a5 b9 rat-a gasoleo ta1-4-rat-a) [1]
805: (POP-START s23 b17 a2 a3 b23 gasoleo lco ta3-1-gasoleo) [1]
806: (PUSH-END s13 a1 a3 b6 b3 lco ta3-4-lco) [1]
807: (PUSH-UNITARYPIPE s34 b8 a3 a4 b1 lco oc1b ta3-1-lco ta4-1-oc1b) [1]
808: (POP-END s23 a2 a3 b11 b7 lco ta2-2-lco) [1]
809: (PUSH-END s15 a1 a5 b4 b14 rat-a ta5-3-rat-a) [1]
810: (PUSH-START s23 b11 a2 a3 b7 lco oca1 ta2-2-lco) [1]
811: (POP-START s13 b6 a1 a3 b3 lco oc1b ta3-4-lco) [1]
812: (POP-END s13 a1 a3 b21 b3 rat-a ta1-1-rat-a) [1]
813: (PUSH-END s23 a2 a3 b17 b23 gasoleo ta3-1-gasoleo) [1]
814: (PUSH-UNITARYPIPE s34 b17 a3 a4 b8 gasoleo lco ta3-1-gasoleo ta4-4-lco) [1]
815: (POP-START s15 b4 a1 a5 b14 rat-a gasoleo ta5-3-rat-a) [1]
816: (POP-END s15 a1 a5 b27 b9 gasoleo ta1-3-gasoleo) [1]
817: (PUSH-START s13 b21 a1 a3 b3 gasoleo oc1b ta1-2-gasoleo) [1]
818: (PUSH-START s15 b27 a1 a5 b9 rat-a gasoleo ta1-1-rat-a) [1]
819: (POP-UNITARYPIPE s34 b8 a3 a4 b17 lco gasoleo ta3-3-gasoleo ta4-4-lco) [1]
820: (POP-UNITARYPIPE s34 b1 a3 a4 b8 oc1b lco ta3-1-lco ta4-1-oc1b) [1]
821: (POP-START s23 b17 a2 a3 b23 gasoleo lco ta3-3-gasoleo) [1]
822: (POP-END s23 a2 a3 b11 b7 lco ta2-2-lco) [1]
823: (POP-START s23 b8 a2 a3 b17 lco gasoleo ta3-1-lco) [1]
824: (PUSH-END s13 a1 a3 b6 b3 lco ta3-1-lco) [1]
825: (POP-END s23 a2 a3 b7 b23 oca1 ta2-1-oca1) [1]
826: (PUSH-END s15 a1 a5 b4 b14 rat-a ta5-3-rat-a) [1]
827: (PUSH-START s13 b25 a1 a3 b21 lco gasoleo ta1-1-lco) [1]
828: (PUSH-START s23 b7 a2 a3 b23 oca1 lco ta2-1-oca1) [1]
829: (PUSH-UNITARYPIPE s34 b6 a3 a4 b1 lco oc1b ta3-1-lco ta4-1-oc1b) [1]
830: (PUSH-END s23 a2 a3 b8 b17 lco ta3-2-lco) [1]
831: (PUSH-END s13 a1 a3 b3 b21 oc1b ta3-1-oc1b) [1]
832: (POP-START s15 b4 a1 a5 b14 rat-a gasoleo ta5-3-rat-a) [1]
833: (POP-START s13 b8 a1 a3 b21 lco gasoleo ta3-2-lco) [1]
834: (POP-END s15 a1 a5 b27 b9 rat-a ta1-1-rat-a) [1]
835: (POP-END s13 a1 a3 b25 b21 oca1 ta1-1-oca1) [1]
836: (POP-START s23 b3 a2 a3 b17 oc1b gasoleo ta3-1-oc1b) [1]
837: (PUSH-START s13 b13 a1 a3 b21 oca1 gasoleo ta1-1-oca1) [1]
838: (POP-END s23 a2 a3 b7 b23 oca1 ta2-1-oca1) [1]
839: (PUSH-START s15 b25 a1 a5 b9 lco gasoleo ta1-4-lco) [1]
840: (PUSH-END s13 a1 a3 b8 b21 lco ta3-2-lco) [1]
841: (PUSH-END s15 a1 a5 b4 b14 rat-a ta5-3-rat-a) [1]
842: (POP-START s13 b8 a1 a3 b21 lco gasoleo ta3-2-lco) [1]
843: (POP-END s13 a1 a3 b13 b21 oca1 ta1-1-oca1) [1]
844: (PUSH-START s23 b7 a2 a3 b23 oca1 lco ta2-1-oca1) [1]
845: (PUSH-START s13 b27 a1 a3 b21 rat-a gasoleo ta1-1-rat-a) [1]
846: (POP-START s15 b4 a1 a5 b14 rat-a gasoleo ta5-3-rat-a) [1]
847: (PUSH-END s23 a2 a3 b3 b17 oc1b ta3-1-oc1b) [1]
848: (POP-END s15 a1 a5 b25 b9 rat-a ta1-4-rat-a) [1]
849: (PUSH-END s13 a1 a3 b8 b21 lco ta3-2-lco) [1]
850: (PUSH-START s13 b2 a1 a3 b27 gasoleo rat-a ta1-3-gasoleo) [1]
851: (PUSH-END s13 a1 a3 b21 b27 gasoleo ta3-1-gasoleo) [1]
852: (PUSH-START s15 b13 a1 a5 b9 oca1 gasoleo ta1-1-oca1) [1]
853: (PUSH-START s13 b15 a1 a3 b2 rat-a gasoleo ta1-4-rat-a) [1]
854: (POP-START s23 b3 a2 a3 b17 oc1b gasoleo ta3-1-oc1b) [1]
855: (PUSH-END s13 a1 a3 b27 b2 rat-a ta3-1-rat-a) [1]
856: (POP-END s23 a2 a3 b7 b23 oca1 ta2-1-oca1) [1]
857: (POP-START s23 b8 a2 a3 b3 lco oc1b ta3-2-lco) [1]
858: (POP-END s23 a2 a3 b23 b17 lco ta2-1-lco) [1]
859: (PUSH-END s15 a1 a5 b4 b14 rat-a ta5-1-rat-a) [1]
860: (POP-START s13 b27 a1 a3 b2 rat-a gasoleo ta3-1-rat-a) [1]
861: (POP-START s23 b21 a2 a3 b8 gasoleo lco ta3-1-gasoleo) [1]
862: (POP-END s23 a2 a3 b17 b3 gasoleo ta2-3-gasoleo) [1]
863: (POP-START s15 b4 a1 a5 b14 rat-a gasoleo ta5-1-rat-a) [1]
864: (POP-END s13 a1 a3 b15 b2 oca1 ta1-2-oca1) [1]
865: (POP-END s15 a1 a5 b13 b9 lco ta1-4-lco) [1]
866: (PUSH-START s13 b13 a1 a3 b2 oca1 gasoleo ta1-2-oca1) [1]
867: (PUSH-START s23 b23 a2 a3 b3 lco oc1b ta2-1-lco) [1]
868: (PUSH-END s13 a1 a3 b27 b2 rat-a ta3-1-rat-a) [1]
869: (POP-UNITARYPIPE s34 b1 a3 a4 b6 oc1b lco ta3-4-lco ta4-1-oc1b) [1]
870: (PUSH-START s13 b25 a1 a3 b13 lco oca1 ta1-4-lco) [1]
871: (PUSH-END s13 a1 a3 b2 b13 gasoleo ta3-1-gasoleo) [1]
872: (PUSH-END s23 a2 a3 b21 b8 gasoleo ta3-2-gasoleo) [1]
873: (POP-START s13 b21 a1 a3 b13 gasoleo oca1 ta3-1-gasoleo) [1]
874: (POP-END s13 a1 a3 b25 b13 rat-a ta1-4-rat-a) [1]
875: (PUSH-START s15 b15 a1 a5 b9 rat-a gasoleo ta1-4-rat-a) [1]
876: (PUSH-UNITARYPIPE s34 b6 a3 a4 b1 lco oc1b ta3-4-lco ta4-1-oc1b) [1]
877: (PUSH-END s15 a1 a5 b4 b14 rat-a ta5-1-rat-a) [1]
878: (POP-START s23 b27 a2 a3 b8 rat-a lco ta3-1-rat-a) [1]
879: (POP-END s23 a2 a3 b23 b3 lco ta2-1-lco) [1]
880: (POP-START s15 b4 a1 a5 b14 rat-a gasoleo ta5-1-rat-a) [1]
881: (PUSH-START s13 b25 a1 a3 b13 lco oca1 ta1-3-lco) [1]
882: (PUSH-END s13 a1 a3 b21 b13 gasoleo ta3-1-gasoleo) [1]
883: (POP-END s15 a1 a5 b15 b9 lco ta1-4-lco) [1]
884: (POP-START s23 b2 a2 a3 b27 gasoleo rat-a ta3-1-gasoleo) [1]
885: (POP-END s23 a2 a3 b3 b8 oca1 ta2-2-oca1) [1]
886: (POP-UNITARYPIPE s34 b1 a3 a4 b6 oc1b lco ta3-4-lco ta4-1-oc1b) [1]
887: (PUSH-START s23 b3 a2 a3 b8 oc1b lco ta2-2-oc1b) [1]
888: (PUSH-END s23 a2 a3 b2 b27 gasoleo ta3-1-gasoleo) [1]
889: (POP-START s13 b6 a1 a3 b13 lco oca1 ta3-4-lco) [1]
890: (POP-END s13 a1 a3 b25 b13 rat-a ta1-4-rat-a) [1]
891: (PUSH-START s15 b15 a1 a5 b9 rat-a gasoleo ta1-4-rat-a) [1]
892: (PUSH-END s12 a1 a2 b0 b16 oc1b ta2-2-oc1b) [1]
893: (PUSH-START s23 b23 a2 a3 b3 lco oc1b ta2-1-lco) [1]
894: (PUSH-END s15 a1 a5 b4 b14 rat-a ta5-1-rat-a) [1]
895: (POP-START s12 b17 a1 a2 b16 gasoleo lco ta2-3-gasoleo) [1]
896: (POP-START s13 b21 a1 a3 b6 gasoleo lco ta3-1-gasoleo) [1]
897: (POP-END s13 a1 a3 b13 b6 lco ta1-3-lco) [1]
898: (POP-START s15 b4 a1 a5 b14 rat-a gasoleo ta5-1-rat-a) [1]
899: (POP-END s12 a1 a2 b22 b16 rat-a ta1-1-rat-a) [1]
900: (PUSH-END s23 a2 a3 b27 b8 rat-a ta3-1-rat-a) [1]
901: (POP-END s15 a1 a5 b15 b9 gasoleo ta1-3-gasoleo) [1]
902: (POP-START s13 b27 a1 a3 b21 rat-a gasoleo ta3-1-rat-a) [1]
903: (POP-START s23 b2 a2 a3 b8 gasoleo lco ta3-2-gasoleo) [1]
904: (PUSH-START s12 b22 a1 a2 b16 rat-a lco ta1-1-rat-a) [1]
905: (POP-END s13 a1 a3 b6 b21 oca1 ta1-1-oca1) [1]
906: (POP-END s23 a2 a3 b23 b3 lco ta2-1-lco) [1]
907: (PUSH-END s12 a1 a2 b17 b16 gasoleo ta2-1-gasoleo) [1]
908: (PUSH-START s23 b23 a2 a3 b3 lco oc1b ta2-1-lco) [1]
909: (PUSH-START s13 b6 a1 a3 b21 lco gasoleo ta1-2-lco) [1]
910: (PUSH-START s15 b13 a1 a5 b9 oca1 gasoleo ta1-1-oca1) [1]
911: (POP-START s12 b17 a1 a2 b16 gasoleo lco ta2-1-gasoleo) [1]
912: (POP-END s12 a1 a2 b22 b16 rat-a ta1-1-rat-a) [1]
913: (PUSH-END s13 a1 a3 b27 b21 rat-a ta3-1-rat-a) [1]
914: (PUSH-END s23 a2 a3 b2 b8 gasoleo ta3-1-gasoleo) [1]
915: (PUSH-UNITARYPIPE s34 b2 a3 a4 b1 gasoleo oc1b ta3-1-gasoleo ta4-1-oc1b) [1]
916: (PUSH-END s15 a1 a5 b4 b14 rat-a ta5-1-rat-a) [1]
917: (POP-START s12 b0 a1 a2 b17 oc1b gasoleo ta2-1-oc1b) [1]
918: (POP-START s13 b27 a1 a3 b21 rat-a gasoleo ta3-1-rat-a) [1]
919: (POP-START s15 b4 a1 a5 b14 rat-a gasoleo ta5-1-rat-a) [1]
920: (POP-END s12 a1 a2 b16 b17 oca1 ta1-1-oca1) [1]
921: (POP-END s15 a1 a5 b13 b9 lco ta1-2-lco) [1]
922: (POP-UNITARYPIPE s34 b1 a3 a4 b2 oc1b gasoleo ta3-1-gasoleo ta4-1-oc1b) [1]
923: (PUSH-START s15 b13 a1 a5 b9 oca1 gasoleo ta1-1-oca1) [1]
924: (POP-END s13 a1 a3 b6 b21 oca1 ta1-2-oca1) [1]
925: (POP-START s23 b2 a2 a3 b8 gasoleo lco ta3-1-gasoleo) [1]
926: (PUSH-START s12 b22 a1 a2 b17 rat-a gasoleo ta1-1-rat-a) [1]
927: (PUSH-END s12 a1 a2 b0 b17 oc1b ta2-1-oc1b) [1]
928: (POP-END s23 a2 a3 b23 b3 lco ta2-1-lco) [1]
929: (PUSH-START s23 b23 a2 a3 b3 lco oc1b ta2-1-lco) [1]
930: (PUSH-END s15 a1 a5 b4 b14 rat-a ta5-1-rat-a) [1]
931: (PUSH-START s13 b24 a1 a3 b21 oca1 gasoleo ta1-2-oca1) [1]
932: (PUSH-START s12 b5 a1 a2 b22 gasoleo rat-a ta1-3-gasoleo) [1]
933: (POP-START s15 b4 a1 a5 b14 rat-a gasoleo ta5-1-rat-a) [1]
934: (POP-END s15 a1 a5 b13 b9 lco ta1-1-lco) [1]
935: (PUSH-END s13 a1 a3 b27 b21 rat-a ta3-1-rat-a) [1]
936: (PUSH-END s23 a2 a3 b2 b8 gasoleo ta3-1-gasoleo) [1]
937: (PUSH-END s12 a1 a2 b17 b22 gasoleo ta2-1-gasoleo) [1]
938: (PUSH-UNITARYPIPE s34 b2 a3 a4 b1 gasoleo oc1b ta3-1-gasoleo ta4-1-oc1b) [1]
939: (POP-START s23 b27 a2 a3 b8 rat-a lco ta3-1-rat-a) [1]
940: (POP-END s23 a2 a3 b23 b3 lco ta2-1-lco) [1]
941: (POP-UNITARYPIPE s34 b1 a3 a4 b2 oc1b gasoleo ta3-1-gasoleo ta4-1-oc1b) [1]
942: (PUSH-START s23 b23 a2 a3 b3 lco oc1b ta2-1-lco) [1]
943: (PUSH-START s15 b6 a1 a5 b9 lco gasoleo ta1-4-lco) [1]
944: (PUSH-UNITARYPIPE s34 b2 a3 a4 b1 gasoleo oc1b ta3-1-gasoleo ta4-1-oc1b) [1]
945: (PUSH-END s23 a2 a3 b27 b8 rat-a ta3-1-rat-a) [1]
946: (PUSH-END s15 a1 a5 b4 b14 rat-a ta5-3-rat-a) [1]
947: (POP-START s23 b27 a2 a3 b8 rat-a lco ta3-1-rat-a) [1]
948: (POP-END s23 a2 a3 b23 b3 lco ta2-1-lco) [1]
949: (POP-UNITARYPIPE s34 b1 a3 a4 b2 oc1b gasoleo ta3-1-gasoleo ta4-1-oc1b) [1]
950: (PUSH-START s23 b23 a2 a3 b3 lco oc1b ta2-1-lco) [1]
951: (POP-START s15 b4 a1 a5 b14 rat-a gasoleo ta5-3-rat-a) [1]
952: (POP-END s15 a1 a5 b6 b9 lco ta1-4-lco) [1]
953: (PUSH-START s13 b16 a1 a3 b24 lco oca1 ta1-3-lco) [1]
954: (PUSH-UNITARYPIPE s34 b2 a3 a4 b1 gasoleo oc1b ta3-1-gasoleo ta4-1-oc1b) [1]
955: (PUSH-END s23 a2 a3 b27 b8 rat-a ta3-1-rat-a) [1]
956: (PUSH-END s13 a1 a3 b21 b24 gasoleo ta3-2-gasoleo) [1]
957: (POP-START s13 b21 a1 a3 b24 gasoleo oca1 ta3-2-gasoleo) [1]
958: (POP-START s12 b17 a1 a2 b22 gasoleo rat-a ta2-1-gasoleo) [1]
959: (PUSH-START s15 b6 a1 a5 b9 lco gasoleo ta1-4-lco) [1]
960: (POP-END s12 a1 a2 b5 b22 rat-a ta1-4-rat-a) [1]
961: (PUSH-START s23 b7 a2 a3 b23 oca1 lco ta2-2-oca1) [1]
962: (PUSH-END s15 a1 a5 b4 b14 rat-a ta5-3-rat-a) [1]
963: (PUSH-START s12 b25 a1 a2 b22 lco rat-a ta1-2-lco) [1]
964: (POP-END s13 a1 a3 b16 b24 oca1 ta1-2-oca1) [1]
965: (PUSH-END s12 a1 a2 b17 b22 gasoleo ta2-1-gasoleo) [1]
966: (PUSH-START s12 b13 a1 a2 b25 oca1 lco ta1-2-oca1) [1]
967: (PUSH-END s23 a2 a3 b8 b3 lco ta3-2-lco) [1]
968: (PUSH-END s12 a1 a2 b22 b25 rat-a ta2-1-rat-a) [1]
969: (PUSH-START s15 b15 a1 a5 b6 rat-a lco ta1-4-rat-a) [1]
970: (POP-START s13 b8 a1 a3 b21 lco gasoleo ta3-2-lco) [1]
971: (POP-END s13 a1 a3 b24 b21 oca1 ta1-1-oca1) [1]
972: (PUSH-START s23 b17 a2 a3 b7 gasoleo oca1 ta2-1-gasoleo) [1]
973: (PUSH-START s12 b16 a1 a2 b13 lco oca1 ta1-1-lco) [1]
974: (PUSH-END s15 a1 a5 b14 b18 gasoleo ta5-2-gasoleo) [1]
975: (PUSH-END s12 a1 a2 b25 b13 lco ta2-1-lco) [1]
976: (POP-UNITARYPIPE s34 b1 a3 a4 b2 oc1b gasoleo ta3-3-gasoleo ta4-1-oc1b) [1]
977: (PUSH-END s23 a2 a3 b3 b23 oc1b ta3-1-oc1b) [1]
978: (PUSH-START s12 b12 a1 a2 b16 oca1 lco ta1-1-oca1) [1]
979: (POP-START s13 b27 a1 a3 b8 rat-a lco ta3-1-rat-a) [1]
980: (POP-START s15 b14 a1 a5 b18 gasoleo lco ta5-2-gasoleo) [1]
981: (POP-END s13 a1 a3 b21 b8 rat-a ta1-1-rat-a) [1]
982: (PUSH-END s12 a1 a2 b13 b16 oca1 ta2-2-oca1) [1]
983: (POP-END s15 a1 a5 b15 b6 lco ta1-4-lco) [1]
984: (PUSH-START s13 b15 a1 a3 b8 rat-a lco ta1-1-rat-a) [1]
985: (PUSH-START s23 b13 a2 a3 b17 oca1 gasoleo ta2-1-oca1) [1]
986: (PUSH-UNITARYPIPE s34 b2 a3 a4 b1 gasoleo oc1b ta3-3-gasoleo ta4-1-oc1b) [1]
987: (PUSH-END s23 a2 a3 b23 b7 lco ta3-2-lco) [1]
988: (POP-START s12 b10 a1 a2 b16 rat-a lco ta2-1-rat-a) [1]
989: (PUSH-END s13 a1 a3 b27 b8 rat-a ta3-4-rat-a) [1]
990: (POP-END s12 a1 a2 b12 b16 gasoleo ta1-1-gasoleo) [1]
991: (PUSH-START s13 b21 a1 a3 b15 gasoleo rat-a ta1-1-gasoleo) [1]
992: (PUSH-START s23 b11 a2 a3 b13 lco oca1 ta2-1-lco) [1]
993: (PUSH-END s23 a2 a3 b7 b17 oca1 ta3-1-oca1) [1]
994: (PUSH-END s13 a1 a3 b8 b15 lco ta3-3-lco) [1]
995: (POP-START s13 b8 a1 a3 b15 lco rat-a ta3-2-lco) [1]
996: (PUSH-START s23 b0 a2 a3 b11 oc1b lco ta2-1-oc1b) [1]
997: (PUSH-END s23 a2 a3 b17 b13 gasoleo ta3-1-gasoleo) [1]
998: (POP-END s13 a1 a3 b21 b15 oca1 ta1-1-oca1) [1]
999: (PUSH-START s23 b25 a2 a3 b0 lco oc1b ta2-2-lco) [1]
1000: (PUSH-END s23 a2 a3 b13 b11 oca1 ta3-2-oca1) [1]
1001: (POP-START s13 b3 a1 a3 b8 oc1b lco ta3-1-oc1b) [1]
1002: (POP-END s13 a1 a3 b15 b8 gasoleo ta1-1-gasoleo) [1]
1003: (POP-START s23 b17 a2 a3 b11 gasoleo lco ta3-1-gasoleo) [1]
1004: (POP-END s23 a2 a3 b25 b0 lco ta2-2-lco) [1]
1005: (POP-START s13 b23 a1 a3 b3 lco oc1b ta3-3-lco) [1]
1006: (POP-START s12 b25 a1 a2 b10 lco rat-a ta2-4-lco) [1]
1007: (POP-END s13 a1 a3 b8 b3 rat-a ta1-4-rat-a) [1]
1008: (POP-START s13 b27 a1 a3 b23 rat-a lco ta3-4-rat-a) [1]
1009: (POP-END s13 a1 a3 b3 b23 oca1 ta1-2-oca1) [1]
1010: (POP-END s12 a1 a2 b16 b10 lco ta1-3-lco) [1]
1011: (POP-UNITARYPIPE s34 b1 a3 a4 b2 oc1b gasoleo ta3-1-gasoleo ta4-1-oc1b) [1]
1012: (POP-START s13 b2 a1 a3 b27 gasoleo rat-a ta3-1-gasoleo) [1]
1013: (POP-END s13 a1 a3 b23 b27 lco ta1-2-lco) [1]
1014: (PUSH-START s12 b23 a1 a2 b10 lco rat-a ta1-3-lco) [1]
1015: (POP-START s23 b7 a2 a3 b17 oca1 gasoleo ta3-1-oca1) [1]
1016: (POP-END s23 a2 a3 b0 b11 lco ta2-4-lco) [1]
1017: (PUSH-UNITARYPIPE s34 b13 a3 a4 b1 oca1 oc1b ta3-2-oca1 ta4-1-oc1b) [1]
1018: (PUSH-START s15 b15 a1 a5 b6 rat-a lco ta1-4-rat-a) [1]
1019: (PUSH-END s12 a1 a2 b25 b10 lco ta2-1-lco) [1]
1020: (PUSH-START s13 b8 a1 a3 b27 lco rat-a ta1-2-lco) [1]
1021: (PUSH-END s13 a1 a3 b2 b27 gasoleo ta3-3-gasoleo) [1]
1022: (PUSH-START s12 b21 a1 a2 b23 gasoleo lco ta1-1-gasoleo) [1]
1023: (PUSH-END s12 a1 a2 b10 b23 rat-a ta2-1-rat-a) [1]
1024: (POP-START s23 b2 a2 a3 b7 gasoleo oca1 ta3-3-gasoleo) [1]
1025: (POP-END s23 a2 a3 b11 b17 oc1b ta2-1-oc1b) [1]
1026: (PUSH-END s15 a1 a5 b14 b18 gasoleo ta5-2-gasoleo) [1]
1027: (POP-UNITARYPIPE s34 b1 a3 a4 b13 oc1b oca1 ta3-2-oca1 ta4-1-oc1b) [1]
1028: (PUSH-START s23 b26 a2 a3 b17 rat-a gasoleo ta2-1-rat-a) [1]
1029: (POP-START s12 b0 a1 a2 b23 oc1b lco ta2-1-oc1b) [1]
1030: (PUSH-START s13 b3 a1 a3 b8 oc1b lco ta1-1-oc1b) [1]
1031: (POP-END s12 a1 a2 b21 b23 rat-a ta1-1-rat-a) [1]
1032: (PUSH-START s15 b16 a1 a5 b15 lco rat-a ta1-4-lco) [1]
1033: (PUSH-END s13 a1 a3 b27 b8 rat-a ta3-1-rat-a) [1]
1034: (PUSH-END s23 a2 a3 b2 b7 gasoleo ta3-1-gasoleo) [1]
1035: (PUSH-END s15 a1 a5 b18 b9 lco ta5-1-lco) [1]
1036: (POP-START s13 b13 a1 a3 b8 oca1 lco ta3-2-oca1) [1]
1037: (POP-END s13 a1 a3 b3 b8 oc1b ta1-1-oc1b) [1]
1038: (PUSH-START s12 b24 a1 a2 b23 oca1 lco ta1-1-oca1) [1]
1039: (PUSH-END s12 a1 a2 b0 b23 oc1b ta2-1-oc1b) [1]
1040: (POP-START s23 b2 a2 a3 b7 gasoleo oca1 ta3-1-gasoleo) [1]
1041: (POP-START s12 b0 a1 a2 b23 oc1b lco ta2-1-oc1b) [1]
1042: (POP-END s23 a2 a3 b26 b17 oca1 ta2-1-oca1) [1]
1043: (PUSH-START s13 b3 a1 a3 b8 oc1b lco ta1-1-oc1b) [1]
1044: (POP-START s15 b18 a1 a5 b9 lco gasoleo ta5-1-lco) [1]
1045: (PUSH-END s13 a1 a3 b13 b8 oca1 ta3-1-oca1) [1]
1046: (POP-END s15 a1 a5 b16 b15 lco ta1-4-lco) [1]
1047: (PUSH-UNITARYPIPE s34 b13 a3 a4 b1 oca1 oc1b ta3-1-oca1 ta4-1-oc1b) [1]
1048: (POP-END s12 a1 a2 b24 b23 oc1b ta1-1-oc1b) [1]
1049: (POP-UNITARYPIPE s34 b1 a3 a4 b13 oc1b oca1 ta3-2-oca1 ta4-1-oc1b) [1]
1050: (POP-START s13 b27 a1 a3 b8 rat-a lco ta3-1-rat-a) [1]
1051: (POP-START s15 b14 a1 a5 b18 gasoleo lco ta5-2-gasoleo) [1]
1052: (POP-END s15 a1 a5 b15 b6 lco ta1-3-lco) [1]
1053: (PUSH-START s23 b25 a2 a3 b17 lco gasoleo ta2-1-lco) [1]
1054: (PUSH-UNITARYPIPE s34 b13 a3 a4 b1 oca1 oc1b ta3-2-oca1 ta4-1-oc1b) [1]
1055: (POP-END s13 a1 a3 b3 b8 oca1 ta1-1-oca1) [1]
1056: (PUSH-START s12 b15 a1 a2 b23 rat-a lco ta1-1-rat-a) [1]
1057: (PUSH-END s12 a1 a2 b0 b23 oc1b ta2-1-oc1b) [1]
1058: (PUSH-END s23 a2 a3 b2 b7 gasoleo ta3-1-gasoleo) [1]
1059: (POP-UNITARYPIPE s34 b1 a3 a4 b13 oc1b oca1 ta3-2-oca1 ta4-1-oc1b) [1]
1060: (POP-START s12 b0 a1 a2 b23 oc1b lco ta2-1-oc1b) [1]
1061: (PUSH-START s13 b3 a1 a3 b8 oc1b lco ta1-1-oc1b) [1]
1062: (POP-END s12 a1 a2 b15 b23 rat-a ta1-1-rat-a) [1]
1063: (POP-START s23 b2 a2 a3 b7 gasoleo oca1 ta3-1-gasoleo) [1]
1064: (POP-END s23 a2 a3 b25 b17 rat-a ta2-1-rat-a) [1]
1065: (PUSH-END s13 a1 a3 b27 b8 rat-a ta3-1-rat-a) [1]
1066: (PUSH-UNITARYPIPE s34 b13 a3 a4 b1 oca1 oc1b ta3-2-oca1 ta4-1-oc1b) [1]
1067: (POP-START s13 b27 a1 a3 b8 rat-a lco ta3-1-rat-a) [1]
1068: (PUSH-START s15 b15 a1 a5 b6 rat-a lco ta1-1-rat-a) [1]
1069: (POP-END s13 a1 a3 b3 b8 oc1b ta1-1-oc1b) [1]
1070: (PUSH-START s12 b12 a1 a2 b23 oca1 lco ta1-1-oca1) [1]
1071: (PUSH-END s12 a1 a2 b0 b23 oc1b ta2-1-oc1b) [1]
1072: (PUSH-START s23 b26 a2 a3 b17 rat-a gasoleo ta2-1-rat-a) [1]
1073: (PUSH-END s15 a1 a5 b14 b18 gasoleo ta5-2-gasoleo) [1]
1074: (POP-START s12 b0 a1 a2 b23 oc1b lco ta2-1-oc1b) [1]
1075: (POP-UNITARYPIPE s34 b1 a3 a4 b13 oc1b oca1 ta3-2-oca1 ta4-1-oc1b) [1]
1076: (PUSH-START s13 b3 a1 a3 b8 oc1b lco ta1-1-oc1b) [1]
1077: (POP-END s12 a1 a2 b12 b23 rat-a ta1-1-rat-a) [1]
1078: (PUSH-START s15 b16 a1 a5 b15 lco rat-a ta1-4-lco) [1]
1079: (PUSH-END s13 a1 a3 b27 b8 rat-a ta3-1-rat-a) [1]
1080: (PUSH-END s23 a2 a3 b2 b7 gasoleo ta3-1-gasoleo) [1]
1081: (PUSH-END s15 a1 a5 b18 b9 lco ta5-1-lco) [1]
1082: (POP-START s13 b13 a1 a3 b8 oca1 lco ta3-2-oca1) [1]
1083: (POP-END s13 a1 a3 b3 b8 oc1b ta1-1-oc1b) [1]
1084: (PUSH-START s12 b24 a1 a2 b23 oca1 lco ta1-2-oca1) [1]
1085: (PUSH-END s12 a1 a2 b0 b23 oc1b ta2-1-oc1b) [1]
1086: (POP-START s23 b2 a2 a3 b7 gasoleo oca1 ta3-1-gasoleo) [1]
1087: (PUSH-START s12 b3 a1 a2 b24 oc1b oca1 ta1-2-oc1b) [1]
1088: (POP-END s23 a2 a3 b26 b17 rat-a ta2-1-rat-a) [1]
1089: (POP-START s15 b18 a1 a5 b9 lco gasoleo ta5-1-lco) [1]
1090: (POP-END s15 a1 a5 b16 b15 lco ta1-4-lco) [1]
1091: (PUSH-END s12 a1 a2 b23 b24 lco ta2-1-lco) [1]
1092: (POP-START s15 b14 a1 a5 b18 gasoleo lco ta5-2-gasoleo) [1]
1093: (POP-START s23 b27 a2 a3 b2 rat-a gasoleo ta3-1-rat-a) [1]
1094: (POP-START s12 b23 a1 a2 b24 lco oca1 ta2-1-lco) [1]
1095: (POP-END s12 a1 a2 b3 b24 lco ta1-2-lco) [1]
1096: (PUSH-START s13 b3 a1 a3 b8 oc1b lco ta1-1-oc1b) [1]
1097: (POP-END s23 a2 a3 b17 b7 gasoleo ta2-3-gasoleo) [1]
1098: (PUSH-END s13 a1 a3 b13 b8 oca1 ta3-1-oca1) [1]
1099: (PUSH-UNITARYPIPE s34 b13 a3 a4 b1 oca1 oc1b ta3-1-oca1 ta4-1-oc1b) [1]
1100: (PUSH-START s23 b17 a2 a3 b7 gasoleo oca1 ta2-3-gasoleo) [1]
1101: (POP-END s15 a1 a5 b15 b6 gasoleo ta1-1-gasoleo) [1]
1102: (PUSH-START s13 b16 a1 a3 b3 lco oc1b ta1-4-lco) [1]
1103: (PUSH-END s23 a2 a3 b27 b2 rat-a ta3-1-rat-a) [1]
1104: (PUSH-END s13 a1 a3 b8 b3 lco ta3-2-lco) [1]
1105: (POP-UNITARYPIPE s34 b1 a3 a4 b13 oc1b oca1 ta3-2-oca1 ta4-1-oc1b) [1]
1106: (PUSH-START s12 b21 a1 a2 b24 gasoleo oca1 ta1-1-gasoleo) [1]
1107: (POP-START s23 b8 a2 a3 b2 lco gasoleo ta3-2-lco) [1]
1108: (PUSH-START s13 b15 a1 a3 b16 rat-a lco ta1-1-rat-a) [1]
1109: (PUSH-END s13 a1 a3 b3 b16 oc1b ta3-1-oc1b) [1]
1110: (PUSH-END s12 a1 a2 b23 b24 lco ta2-1-lco) [1]
1111: (POP-END s23 a2 a3 b17 b7 gasoleo ta2-3-gasoleo) [1]
1112: (PUSH-UNITARYPIPE s34 b13 a3 a4 b1 oca1 oc1b ta3-2-oca1 ta4-1-oc1b) [1]
1113: (POP-START s12 b23 a1 a2 b24 lco oca1 ta2-1-lco) [1]
1114: (POP-START s13 b27 a1 a3 b16 rat-a lco ta3-1-rat-a) [1]
1115: (POP-END s12 a1 a2 b21 b24 lco ta1-4-lco) [1]
1116: (POP-UNITARYPIPE s34 b1 a3 a4 b13 oc1b oca1 ta3-2-oca1 ta4-1-oc1b) [1]
1117: (PUSH-START s23 b17 a2 a3 b7 gasoleo oca1 ta2-3-gasoleo) [1]
1118: (POP-END s13 a1 a3 b15 b16 gasoleo ta1-1-gasoleo) [1]
1119: (PUSH-START s12 b21 a1 a2 b24 gasoleo oca1 ta1-1-gasoleo) [1]
1120: (PUSH-END s23 a2 a3 b8 b2 lco ta3-2-lco) [1]
1121: (PUSH-END s12 a1 a2 b23 b24 lco ta2-1-lco) [1]
1122: (POP-START s12 b23 a1 a2 b24 lco oca1 ta2-1-lco) [1]
1123: (POP-START s13 b8 a1 a3 b27 lco rat-a ta3-2-lco) [1]
1124: (POP-END s13 a1 a3 b16 b27 rat-a ta1-1-rat-a) [1]
1125: (POP-END s12 a1 a2 b21 b24 lco ta1-1-lco) [1]
1126: (PUSH-UNITARYPIPE s34 b13 a3 a4 b1 oca1 oc1b ta3-2-oca1 ta4-1-oc1b) [1]
1127: (POP-START s13 b3 a1 a3 b8 oc1b lco ta3-1-oc1b) [1]
1128: (PUSH-START s15 b15 a1 a5 b6 rat-a lco ta1-1-rat-a) [1]
1129: (PUSH-START s12 b16 a1 a2 b24 lco oca1 ta1-4-lco) [1]
1130: (POP-END s13 a1 a3 b27 b8 oc1b ta1-1-oc1b) [1]
1131: (PUSH-START s23 b26 a2 a3 b17 rat-a gasoleo ta2-1-rat-a) [1]
1132: (PUSH-END s12 a1 a2 b23 b24 lco ta2-1-lco) [1]
1133: (PUSH-END s15 a1 a5 b14 b18 gasoleo ta5-2-gasoleo) [1]
1134: (POP-START s12 b23 a1 a2 b24 lco oca1 ta2-1-lco) [1]
1135: (PUSH-END s23 a2 a3 b2 b7 gasoleo ta3-3-gasoleo) [1]
1136: (POP-UNITARYPIPE s34 b1 a3 a4 b13 oc1b oca1 ta3-2-oca1 ta4-1-oc1b) [1]
1137: (POP-END s12 a1 a2 b16 b24 gasoleo ta1-1-gasoleo) [1]
1138: (POP-START s13 b2 a1 a3 b3 gasoleo oc1b ta3-3-gasoleo) [1]
1139: (PUSH-START s15 b21 a1 a5 b15 gasoleo rat-a ta1-1-gasoleo) [1]
1140: (PUSH-UNITARYPIPE s34 b13 a3 a4 b1 oca1 oc1b ta3-2-oca1 ta4-1-oc1b) [1]
1141: (PUSH-END s15 a1 a5 b18 b9 lco ta5-1-lco) [1]
1142: (POP-START s12 b0 a1 a2 b23 oc1b lco ta2-1-oc1b) [1]
1143: (PUSH-START s23 b11 a2 a3 b26 lco rat-a ta2-2-lco) [1]
1144: (POP-END s13 a1 a3 b8 b3 rat-a ta1-1-rat-a) [1]
1145: (POP-END s12 a1 a2 b24 b23 oc1b ta1-2-oc1b) [1]
1146: (PUSH-END s23 a2 a3 b7 b17 oca1 ta3-1-oca1) [1]
1147: (POP-UNITARYPIPE s34 b1 a3 a4 b13 oc1b oca1 ta3-2-oca1 ta4-1-oc1b) [1]
1148: (POP-START s13 b7 a1 a3 b2 oca1 gasoleo ta3-1-oca1) [1]
1149: (POP-START s15 b18 a1 a5 b9 lco gasoleo ta5-1-lco) [1]
1150: (POP-END s15 a1 a5 b21 b15 lco ta1-4-lco) [1]
1151: (PUSH-START s12 b27 a1 a2 b23 rat-a lco ta1-1-rat-a) [1]
1152: (PUSH-END s12 a1 a2 b0 b23 oc1b ta2-1-oc1b) [1]
1153: (PUSH-UNITARYPIPE s34 b13 a3 a4 b1 oca1 oc1b ta3-2-oca1 ta4-1-oc1b) [1]
1154: (PUSH-START s23 b0 a2 a3 b11 oc1b lco ta2-1-oc1b) [1]
1155: (POP-START s15 b14 a1 a5 b18 gasoleo lco ta5-2-gasoleo) [1]
1156: (PUSH-START s12 b8 a1 a2 b27 lco rat-a ta1-1-lco) [1]
1157: (POP-END s13 a1 a3 b3 b2 rat-a ta1-4-rat-a) [1]
1158: (POP-END s15 a1 a5 b15 b6 gasoleo ta1-3-gasoleo) [1]
1159: (PUSH-START s13 b15 a1 a3 b2 rat-a gasoleo ta1-4-rat-a) [1]
1160: (PUSH-END s13 a1 a3 b7 b2 oca1 ta3-1-oca1) [1]
1161: (PUSH-END s23 a2 a3 b17 b26 gasoleo ta3-1-gasoleo) [1]
1162: (PUSH-END s12 a1 a2 b23 b27 lco ta2-1-lco) [1]
1163: (POP-UNITARYPIPE s34 b1 a3 a4 b13 oc1b oca1 ta3-2-oca1 ta4-1-oc1b) [1]
1164: (PUSH-START s23 b23 a2 a3 b0 lco oc1b ta2-1-lco) [1]
1165: (PUSH-START s13 b21 a1 a3 b15 gasoleo rat-a ta1-3-gasoleo) [1]
1166: (PUSH-END s13 a1 a3 b2 b15 gasoleo ta3-2-gasoleo) [1]
1167: (PUSH-END s23 a2 a3 b26 b11 rat-a ta3-1-rat-a) [1]
1168: (POP-START s13 b17 a1 a3 b15 gasoleo rat-a ta3-1-gasoleo) [1]
1169: (POP-START s12 b25 a1 a2 b27 lco rat-a ta2-3-lco) [1]
1170: (POP-START s23 b7 a2 a3 b11 oca1 lco ta3-1-oca1) [1]
1171: (POP-END s13 a1 a3 b21 b15 gasoleo ta1-3-gasoleo) [1]
1172: (POP-END s12 a1 a2 b8 b27 lco ta1-1-lco) [1]
1173: (PUSH-UNITARYPIPE s34 b2 a3 a4 b1 gasoleo oc1b ta3-2-gasoleo ta4-1-oc1b) [1]
1174: (POP-END s23 a2 a3 b23 b0 lco ta2-2-lco) [1]
1175: (PUSH-START s23 b23 a2 a3 b0 lco oc1b ta2-2-lco) [1]
1176: (POP-UNITARYPIPE s34 b1 a3 a4 b2 oc1b gasoleo ta3-3-gasoleo ta4-1-oc1b) [1]
1177: (PUSH-START s13 b8 a1 a3 b15 lco rat-a ta1-1-lco) [1]
1178: (PUSH-END s13 a1 a3 b17 b15 gasoleo ta3-1-gasoleo) [1]
1179: (PUSH-END s23 a2 a3 b7 b11 oca1 ta3-1-oca1) [1]
1180: (POP-START s23 b17 a2 a3 b11 gasoleo lco ta3-1-gasoleo) [1]
1181: (POP-END s23 a2 a3 b23 b0 lco ta2-3-lco) [1]
1182: (PUSH-START s13 b3 a1 a3 b8 oc1b lco ta1-1-oc1b) [1]
1183: (PUSH-UNITARYPIPE s34 b2 a3 a4 b1 gasoleo oc1b ta3-3-gasoleo ta4-1-oc1b) [1]
1184: (PUSH-END s13 a1 a3 b15 b8 rat-a ta3-2-rat-a) [1]
1185: (PUSH-UNITARYPIPE s34 b15 a3 a4 b2 rat-a gasoleo ta3-1-rat-a ta4-1-gasoleo) [1]
1186: (POP-START s23 b13 a2 a3 b17 oca1 gasoleo ta3-1-oca1) [1]
1187: (POP-END s23 a2 a3 b0 b11 lco ta2-2-lco) [1]
1188: (PUSH-START s13 b21 a1 a3 b3 gasoleo oc1b ta1-3-gasoleo) [1]
1189: (PUSH-END s13 a1 a3 b8 b3 lco ta3-2-lco) [1]
1190: (PUSH-UNITARYPIPE s34 b8 a3 a4 b15 lco rat-a ta3-2-lco ta4-2-rat-a) [1]
1191: (PUSH-START s23 b0 a2 a3 b11 oc1b lco ta2-2-oc1b) [1]
1192: (PUSH-END s23 a2 a3 b13 b17 oca1 ta3-1-oca1) [1]
1193: (POP-START s23 b7 a2 a3 b17 oca1 gasoleo ta3-1-oca1) [1]
1194: (POP-END s23 a2 a3 b0 b11 lco ta2-1-lco) [1]
1195: (POP-UNITARYPIPE s34 b1 a3 a4 b8 oc1b lco ta3-1-lco ta4-1-oc1b) [1]
1196: (POP-START s23 b8 a2 a3 b7 lco oca1 ta3-1-lco) [1]
1197: (POP-END s23 a2 a3 b11 b17 oc1b ta2-1-oc1b) [1]
1198: (PUSH-UNITARYPIPE s34 b13 a3 a4 b1 oca1 oc1b ta3-2-oca1 ta4-1-oc1b) [1]
1199: (POP-UNITARYPIPE s34 b2 a3 a4 b13 gasoleo oca1 ta3-2-oca1 ta4-1-gasoleo) [1]
1200: (POP-START s23 b26 a2 a3 b8 rat-a lco ta3-2-rat-a) [1]
1201: (POP-END s23 a2 a3 b17 b7 gasoleo ta2-3-gasoleo) [1]

Valid plan : 1202 actions.
Computed nodes : 68452
Evaluated nodes : 10431
Developed nodes : 12
Useful nodes : 3

Lookahead utility : 16.97 %
Preparation time : 1.96
Search time : 102.42
Total time : 104.38

__MEMKB 86400
