
Parsing domain file:  domain 'PIPESWORLD_STRIPS' defined ... done.
Parsing problem file:  problem 'P04-NET1-B8-G5_RT0_INSTANCE' defined ... done.



Modality: Fast Planner

Number of actions             :     772
Number of conditional actions :       0
Number of facts               :      98


Analyzing Planning Problem:
	Temporal Planning Problem: NO
	Numeric Planning Problem: NO
	Problem with Timed Initial Litearals: NO
	Problem with Derived Predicates: NO

Evaluation function weights:
     Action duration 0.00; Action cost 1.00


Computing mutex... done

Preprocessing total time: 0.01 seconds

Searching ('.' = every 50 search steps):
 solution found: 

Plan computed:
   Time: (ACTION) [action Duration; action Cost]
 0.0000: (POP-UNITARYPIPE S13 B6 A1 A3 B2 LCO RAT-A TA1-2-RAT-A TA3-1-LCO) [D:1.0000; C:1.0000]
 0.0000: (PUSH-UNITARYPIPE S12 B3 A1 A2 B5 OCA1 GASOLEO TA1-1-OCA1 TA2-2-GASOLEO) [D:1.0000; C:1.0000]
 1.0000: (POP-UNITARYPIPE S13 B1 A1 A3 B6 GASOLEO LCO TA1-1-LCO TA3-1-GASOLEO) [D:1.0000; C:1.0000]
 2.0000: (PUSH-UNITARYPIPE S12 B6 A1 A2 B3 LCO OCA1 TA1-1-LCO TA2-1-OCA1) [D:1.0000; C:1.0000]
 2.0000: (PUSH-UNITARYPIPE S13 B0 A1 A3 B1 RAT-A GASOLEO TA1-2-RAT-A TA3-2-GASOLEO) [D:1.0000; C:1.0000]
 3.0000: (PUSH-UNITARYPIPE S12 B2 A1 A2 B6 RAT-A LCO TA1-1-RAT-A TA2-1-LCO) [D:1.0000; C:1.0000]
 4.0000: (POP-UNITARYPIPE S12 B4 A1 A2 B2 GASOLEO RAT-A TA1-1-RAT-A TA2-2-GASOLEO) [D:1.0000; C:1.0000]
 5.0000: (PUSH-UNITARYPIPE S13 B2 A1 A3 B0 RAT-A RAT-A TA1-1-RAT-A TA3-2-RAT-A) [D:1.0000; C:1.0000]
 5.0000: (POP-UNITARYPIPE S12 B3 A1 A2 B4 OCA1 GASOLEO TA1-1-GASOLEO TA2-1-OCA1) [D:1.0000; C:1.0000]
 6.0000: (PUSH-UNITARYPIPE S13 B4 A1 A3 B2 GASOLEO RAT-A TA1-1-GASOLEO TA3-1-RAT-A) [D:1.0000; C:1.0000]
 7.0000: (PUSH-UNITARYPIPE S13 B7 A1 A3 B4 OCA1 GASOLEO TA1-2-OCA1 TA3-1-GASOLEO) [D:1.0000; C:1.0000]
 8.0000: (POP-UNITARYPIPE S13 B1 A1 A3 B7 GASOLEO OCA1 TA1-2-OCA1 TA3-1-GASOLEO) [D:1.0000; C:1.0000]
 9.0000: (POP-UNITARYPIPE S13 B4 A1 A3 B1 GASOLEO GASOLEO TA1-1-GASOLEO TA3-2-GASOLEO) [D:1.0000; C:1.0000]


Solution found:
Total time:      0.02
Search time:     0.01
Actions:         13
Execution cost:  13.00
Duration:        10.000
Plan quality:    13.000

__MEMKB 110592
