
Parsing domain file:  domain 'PIPESWORLD_STRIPS' defined ... done.
Parsing problem file:  problem 'P15-NET2-B14-G4_RT0_INSTANCE' defined ... done.



Modality: Fast Planner

Number of actions             :    2532
Number of conditional actions :       0
Number of facts               :     263


Analyzing Planning Problem:
	Temporal Planning Problem: NO
	Numeric Planning Problem: NO
	Problem with Timed Initial Litearals: NO
	Problem with Derived Predicates: NO

Evaluation function weights:
     Action duration 0.00; Action cost 1.00


Computing mutex... done

Preprocessing total time: 0.05 seconds

Searching ('.' = every 50 search steps):
........... search limit exceeded. Restart.
............. search limit exceeded. Restart.
............... search limit exceeded. Restart.
.................. search limit exceeded. Restart.
..................... search limit exceeded. Restart.
........................ search limit exceeded. Restart.
............................ search limit exceeded. Restart.
................................. search limit exceeded. Restart.
...................................... search limit exceeded.

Searching ('.' = every 50 search steps):
........... search limit exceeded. Restart.
............. search limit exceeded. Restart.
............... search limit exceeded. Restart.
.................. search limit exceeded. Restart.
..................... search limit exceeded. Restart.
........................ search limit exceeded. Restart.
............................ search limit exceeded. Restart.
................................. search limit exceeded. Restart.
...................................... search limit exceeded.

Searching ('.' = every 50 search steps):
........... search limit exceeded. Restart.
............. search limit exceeded. Restart.
............... search limit exceeded. Restart.
.................. search limit exceeded. Restart.
..................... search limit exceeded. Restart.
........................ search limit exceeded. Restart.
............................ search limit exceeded. Restart.
................................. search limit exceeded. Restart.
...................................... search limit exceeded.

Searching ('.' = every 50 search steps):
........... search limit exceeded. Restart.
............. search limit exceeded. Restart.
............... search limit exceeded. Restart.
.................. search limit exceeded. Restart.
..................... search limit exceeded. Restart.
........................ search limit exceeded. Restart.
............................ search limit exceeded. Restart.
................................. search limit exceeded. Restart.
...................................... search limit exceeded.

Searching ('.' = every 50 search steps):
........... search limit exceeded. Restart.
............. search limit exceeded. Restart.
............... search limit exceeded. Restart.
.................. search limit exceeded. Restart.
..................... search limit exceeded. Restart.
........................ search limit exceeded. Restart.
............................ search limit exceeded. Restart.
................................. search limit exceeded. Restart.
...................................... search limit exceeded.

Switching to Best-first Search: ( code from J. Hoffmann's package FF-v2.3 ) 

advancing to distance :   18
                          16
                          15
                          14
                          13
                          12
                          11
                          10
                           9
                           7
                           6
                           5
                           4
                           3
                           2
                           1
                           0
improving the parallelism of the plan

Solution found: 
Total time:      423.48
Search time:     423.43
Actions:         60
Execution cost:  60.00
Duration:        46.000
Plan quality:    60.000

__MEMKB 569856
