
Parsing domain file:  domain 'PIPESWORLD_STRIPS' defined ... done.
Parsing problem file:  problem 'P20-NET2-B18-G8_RT0_INSTANCE' defined ... done.



Modality: Fast Planner

Number of actions             :   14904
Number of conditional actions :       0
Number of facts               :     494


Analyzing Planning Problem:
	Temporal Planning Problem: NO
	Numeric Planning Problem: NO
	Problem with Timed Initial Litearals: NO
	Problem with Derived Predicates: NO

Evaluation function weights:
     Action duration 0.00; Action cost 1.00


Computing mutex... done

Preprocessing total time: 1.25 seconds

Searching ('.' = every 50 search steps):
........... search limit exceeded. Restart.
............. search limit exceeded. Restart.
............... search limit exceeded. Restart.
.................. search limit exceeded. Restart.
..................... search limit exceeded. Restart.
........................ search limit exceeded. Restart.
. solution found: 

Plan computed:
   Time: (ACTION) [action Duration; action Cost]
 0.0000: (POP-START S12 B5 A1 A2 B13 GASOLEO OC1B TA2-2-GASOLEO) [D:1.0000; C:1.0000]
 0.0000: (POP-START S13 B6 A1 A3 B8 LCO RAT-A TA3-1-LCO) [D:1.0000; C:1.0000]
 1.0000: (POP-END S12 A1 A2 B2 B13 OC1B TA1-3-OC1B) [D:1.0000; C:1.0000]
 1.0000: (POP-END S13 A1 A3 B14 B8 RAT-A TA1-2-RAT-A) [D:1.0000; C:1.0000]
 2.0000: (POP-START S12 B11 A1 A2 B5 OCA1 GASOLEO TA2-1-OCA1) [D:1.0000; C:1.0000]
 2.0000: (POP-START S13 B15 A1 A3 B6 OC1B LCO TA3-1-OC1B) [D:1.0000; C:1.0000]
 3.0000: (POP-END S12 A1 A2 B13 B5 RAT-A TA1-4-RAT-A) [D:1.0000; C:1.0000]
 3.0000: (POP-END S13 A1 A3 B8 B6 RAT-A TA1-3-RAT-A) [D:1.0000; C:1.0000]
 4.0000: (POP-START S12 B0 A1 A2 B11 OC1B OCA1 TA2-1-OC1B) [D:1.0000; C:1.0000]
 4.0000: (POP-START S13 B10 A1 A3 B15 GASOLEO OC1B TA3-1-GASOLEO) [D:1.0000; C:1.0000]
 5.0000: (POP-END S12 A1 A2 B5 B11 LCO TA1-2-LCO) [D:1.0000; C:1.0000]
 5.0000: (POP-END S13 A1 A3 B6 B15 GASOLEO TA1-4-GASOLEO) [D:1.0000; C:1.0000]
 6.0000: (PUSH-START S12 B7 A1 A2 B11 LCO OCA1 TA1-1-LCO) [D:1.0000; C:1.0000]
 6.0000: (POP-START S13 B1 A1 A3 B10 RAT-A GASOLEO TA3-1-RAT-A) [D:1.0000; C:1.0000]
 7.0000: (PUSH-END S12 A1 A2 B0 B11 OC1B TA2-2-OC1B) [D:1.0000; C:1.0000]
 7.0000: (POP-END S13 A1 A3 B15 B10 OC1B TA1-2-OC1B) [D:1.0000; C:1.0000]
 8.0000: (PUSH-START S12 B17 A1 A2 B7 RAT-A LCO TA1-1-RAT-A) [D:1.0000; C:1.0000]
 9.0000: (PUSH-END S12 A1 A2 B11 B7 OCA1 TA2-4-OCA1) [D:1.0000; C:1.0000]
 10.0000: (PUSH-START S12 B5 A1 A2 B17 GASOLEO RAT-A TA1-1-GASOLEO) [D:1.0000; C:1.0000]
 11.0000: (PUSH-END S12 A1 A2 B7 B17 LCO TA2-1-LCO) [D:1.0000; C:1.0000]
 12.0000: (PUSH-START S12 B14 A1 A2 B5 RAT-A GASOLEO TA1-2-RAT-A) [D:1.0000; C:1.0000]
 13.0000: (PUSH-END S12 A1 A2 B17 B5 RAT-A TA2-4-RAT-A) [D:1.0000; C:1.0000]
 14.0000: (POP-START S12 B16 A1 A2 B5 GASOLEO GASOLEO TA2-1-GASOLEO) [D:1.0000; C:1.0000]
 15.0000: (POP-END S12 A1 A2 B14 B5 GASOLEO TA1-2-GASOLEO) [D:1.0000; C:1.0000]
 16.0000: (POP-START S12 B4 A1 A2 B16 RAT-A GASOLEO TA2-4-RAT-A) [D:1.0000; C:1.0000]
 17.0000: (POP-END S12 A1 A2 B5 B16 GASOLEO TA1-3-GASOLEO) [D:1.0000; C:1.0000]
 18.0000: (POP-START S12 B7 A1 A2 B4 LCO RAT-A TA2-1-LCO) [D:1.0000; C:1.0000]
 19.0000: (POP-END S12 A1 A2 B16 B4 GASOLEO TA1-1-GASOLEO) [D:1.0000; C:1.0000]
 20.0000: (PUSH-START S12 B5 A1 A2 B4 GASOLEO RAT-A TA1-1-GASOLEO) [D:1.0000; C:1.0000]
 21.0000: (PUSH-END S12 A1 A2 B7 B4 LCO TA2-1-LCO) [D:1.0000; C:1.0000]
 22.0000: (POP-START S12 B7 A1 A2 B4 LCO RAT-A TA2-1-LCO) [D:1.0000; C:1.0000]
 23.0000: (POP-END S12 A1 A2 B5 B4 RAT-A TA1-5-RAT-A) [D:1.0000; C:1.0000]
 24.0000: (POP-START S12 B0 A1 A2 B7 OC1B LCO TA2-2-OC1B) [D:1.0000; C:1.0000]
 25.0000: (POP-END S12 A1 A2 B4 B7 RAT-A TA1-2-RAT-A) [D:1.0000; C:1.0000]
 26.0000: (PUSH-START S12 B16 A1 A2 B7 GASOLEO LCO TA1-2-GASOLEO) [D:1.0000; C:1.0000]
 27.0000: (PUSH-END S12 A1 A2 B0 B7 OC1B TA2-3-OC1B) [D:1.0000; C:1.0000]
 28.0000: (PUSH-START S12 B4 A1 A2 B16 RAT-A GASOLEO TA1-2-RAT-A) [D:1.0000; C:1.0000]
 29.0000: (PUSH-END S12 A1 A2 B7 B16 LCO TA2-2-LCO) [D:1.0000; C:1.0000]
 30.0000: (POP-START S12 B11 A1 A2 B16 OCA1 GASOLEO TA2-4-OCA1) [D:1.0000; C:1.0000]
 31.0000: (POP-END S12 A1 A2 B4 B16 RAT-A TA1-1-RAT-A) [D:1.0000; C:1.0000]
 32.0000: (PUSH-START S12 B12 A1 A2 B16 GASOLEO GASOLEO TA1-4-GASOLEO) [D:1.0000; C:1.0000]
 33.0000: (PUSH-END S12 A1 A2 B11 B16 OCA1 TA2-1-OCA1) [D:1.0000; C:1.0000]
 34.0000: (PUSH-START S12 B4 A1 A2 B12 RAT-A GASOLEO TA1-1-RAT-A) [D:1.0000; C:1.0000]
 35.0000: (PUSH-END S12 A1 A2 B16 B12 GASOLEO TA2-4-GASOLEO) [D:1.0000; C:1.0000]
 36.0000: (PUSH-START S12 B6 A1 A2 B4 LCO RAT-A TA1-2-LCO) [D:1.0000; C:1.0000]
 37.0000: (PUSH-END S12 A1 A2 B12 B4 GASOLEO TA2-2-GASOLEO) [D:1.0000; C:1.0000]
 38.0000: (PUSH-START S12 B3 A1 A2 B6 OCA1 LCO TA1-1-OCA1) [D:1.0000; C:1.0000]
 39.0000: (PUSH-END S12 A1 A2 B4 B6 RAT-A TA2-3-RAT-A) [D:1.0000; C:1.0000]
 40.0000: (PUSH-START S12 B13 A1 A2 B3 OC1B OCA1 TA1-2-OC1B) [D:1.0000; C:1.0000]
 41.0000: (PUSH-END S12 A1 A2 B6 B3 LCO TA2-1-LCO) [D:1.0000; C:1.0000]
 42.0000: (PUSH-START S12 B9 A1 A2 B13 OCA1 OC1B TA1-2-OCA1) [D:1.0000; C:1.0000]
 43.0000: (PUSH-END S12 A1 A2 B3 B13 OCA1 TA2-4-OCA1) [D:1.0000; C:1.0000]


Solution found:
Total time:      177.45
Search time:     176.20
Actions:         52
Execution cost:  52.00
Duration:        44.000
Plan quality:    52.000

__MEMKB 154880
