
Parsing domain file:  domain 'PIPESWORLD_STRIPS' defined ... done.
Parsing problem file:  problem 'P34-NET4-B16-G6_RT0_INSTANCE' defined ... done.



Modality: Fast Planner

Number of actions             :   13272
Number of conditional actions :       0
Number of facts               :     502


Analyzing Planning Problem:
	Temporal Planning Problem: NO
	Numeric Planning Problem: NO
	Problem with Timed Initial Litearals: NO
	Problem with Derived Predicates: NO

Evaluation function weights:
     Action duration 0.00; Action cost 1.00


Computing mutex... done

Preprocessing total time: 0.67 seconds

Searching ('.' = every 50 search steps):
........... search limit exceeded. Restart.
............. search limit exceeded. Restart.
............... search limit exceeded. Restart.
.................. search limit exceeded. Restart.
..................... search limit exceeded. Restart.
........................ search limit exceeded. Restart.
...... solution found: 

Plan computed:
   Time: (ACTION) [action Duration; action Cost]
 0.0000: (POP-START S23 B6 A2 A3 B1 RAT-A RAT-A TA3-2-RAT-A) [D:1.0000; C:1.0000]
 0.0000: (POP-UNITARYPIPE S34 B2 A3 A4 B9 LCO LCO TA3-1-LCO TA4-1-LCO) [D:1.0000; C:1.0000]
 0.0000: (PUSH-START S12 B4 A1 A2 B14 LCO OC1B TA1-1-LCO) [D:1.0000; C:1.0000]
 1.0000: (POP-END S23 A2 A3 B0 B3 RAT-A TA2-2-RAT-A) [D:1.0000; C:1.0000]
 1.0000: (POP-UNITARYPIPE S34 B11 A3 A4 B2 GASOLEO LCO TA3-2-LCO TA4-2-GASOLEO) [D:1.0000; C:1.0000]
 1.0000: (PUSH-END S12 A1 A2 B10 B14 OCA1 TA2-3-OCA1) [D:1.0000; C:1.0000]
 2.0000: (POP-START S23 B9 A2 A3 B6 LCO RAT-A TA3-2-LCO) [D:1.0000; C:1.0000]
 2.0000: (POP-UNITARYPIPE S34 B12 A3 A4 B11 GASOLEO GASOLEO TA3-1-GASOLEO TA4-1-GASOLEO) [D:1.0000; C:1.0000]
 3.0000: (POP-END S23 A2 A3 B3 B1 LCO TA2-1-LCO) [D:1.0000; C:1.0000]
 3.0000: (POP-START S13 B11 A1 A3 B13 GASOLEO OCA1 TA3-1-GASOLEO) [D:1.0000; C:1.0000]
 4.0000: (PUSH-START S23 B7 A2 A3 B1 GASOLEO RAT-A TA2-1-GASOLEO) [D:1.0000; C:1.0000]
 4.0000: (POP-END S13 A1 A3 B8 B13 GASOLEO TA1-1-GASOLEO) [D:1.0000; C:1.0000]
 5.0000: (PUSH-END S23 A2 A3 B9 B6 LCO TA3-2-LCO) [D:1.0000; C:1.0000]
 6.0000: (PUSH-START S23 B3 A2 A3 B7 OCA1 GASOLEO TA2-3-OCA1) [D:1.0000; C:1.0000]
 7.0000: (PUSH-END S23 A2 A3 B6 B1 RAT-A TA3-2-RAT-A) [D:1.0000; C:1.0000]
 8.0000: (POP-START S23 B15 A2 A3 B1 RAT-A RAT-A TA3-2-RAT-A) [D:1.0000; C:1.0000]
 9.0000: (POP-END S23 A2 A3 B3 B7 OCA1 TA2-2-OCA1) [D:1.0000; C:1.0000]
 10.0000: (POP-START S23 B9 A2 A3 B15 LCO RAT-A TA3-1-LCO) [D:1.0000; C:1.0000]
 11.0000: (POP-END S23 A2 A3 B7 B1 OCA1 TA2-3-OCA1) [D:1.0000; C:1.0000]
 12.0000: (POP-START S23 B6 A2 A3 B9 RAT-A LCO TA3-1-RAT-A) [D:1.0000; C:1.0000]
 13.0000: (POP-END S23 A2 A3 B1 B15 GASOLEO TA2-1-GASOLEO) [D:1.0000; C:1.0000]
 14.0000: (POP-START S12 B0 A1 A2 B14 GASOLEO OC1B TA2-1-GASOLEO) [D:1.0000; C:1.0000]
 14.0000: (POP-START S23 B2 A2 A3 B6 LCO RAT-A TA3-2-LCO) [D:1.0000; C:1.0000]
 15.0000: (POP-END S12 A1 A2 B4 B14 GASOLEO TA1-2-GASOLEO) [D:1.0000; C:1.0000]
 16.0000: (POP-START S12 B1 A1 A2 B0 RAT-A GASOLEO TA2-2-RAT-A) [D:1.0000; C:1.0000]
 17.0000: (POP-END S12 A1 A2 B14 B0 OCA1 TA1-2-OCA1) [D:1.0000; C:1.0000]
 17.0000: (POP-END S23 A2 A3 B15 B9 RAT-A TA2-2-RAT-A) [D:1.0000; C:1.0000]
 18.0000: (POP-START S12 B15 A1 A2 B1 RAT-A RAT-A TA2-2-RAT-A) [D:1.0000; C:1.0000]
 18.0000: (POP-START S23 B5 A2 A3 B2 OCA1 LCO TA3-1-OCA1) [D:1.0000; C:1.0000]
 19.0000: (POP-END S12 A1 A2 B0 B1 LCO TA1-1-LCO) [D:1.0000; C:1.0000]
 19.0000: (POP-END S23 A2 A3 B9 B6 GASOLEO TA2-1-GASOLEO) [D:1.0000; C:1.0000]
 20.0000: (POP-START S12 B7 A1 A2 B15 GASOLEO RAT-A TA2-1-GASOLEO) [D:1.0000; C:1.0000]
 20.0000: (PUSH-START S23 B9 A2 A3 B6 LCO RAT-A TA2-1-LCO) [D:1.0000; C:1.0000]
 21.0000: (POP-END S12 A1 A2 B1 B15 OCA1 TA1-1-OCA1) [D:1.0000; C:1.0000]
 21.0000: (PUSH-END S23 A2 A3 B5 B2 OCA1 TA3-1-OCA1) [D:1.0000; C:1.0000]
 22.0000: (PUSH-START S12 B0 A1 A2 B15 GASOLEO RAT-A TA1-2-GASOLEO) [D:1.0000; C:1.0000]
 23.0000: (PUSH-END S12 A1 A2 B7 B15 GASOLEO TA2-1-GASOLEO) [D:1.0000; C:1.0000]
 24.0000: (PUSH-START S12 B4 A1 A2 B0 LCO GASOLEO TA1-1-LCO) [D:1.0000; C:1.0000]
 24.0000: (PUSH-START S23 B7 A2 A3 B9 GASOLEO LCO TA2-1-GASOLEO) [D:1.0000; C:1.0000]
 25.0000: (PUSH-END S12 A1 A2 B15 B0 RAT-A TA2-2-RAT-A) [D:1.0000; C:1.0000]
 25.0000: (PUSH-END S23 A2 A3 B2 B6 LCO TA3-2-LCO) [D:1.0000; C:1.0000]
 26.0000: (POP-START S12 B10 A1 A2 B0 OCA1 GASOLEO TA2-3-OCA1) [D:1.0000; C:1.0000]
 26.0000: (PUSH-START S23 B15 A2 A3 B7 RAT-A GASOLEO TA2-2-RAT-A) [D:1.0000; C:1.0000]
 27.0000: (POP-END S12 A1 A2 B4 B0 LCO TA1-2-LCO) [D:1.0000; C:1.0000]
 27.0000: (PUSH-END S23 A2 A3 B6 B9 RAT-A TA3-1-RAT-A) [D:1.0000; C:1.0000]
 28.0000: (PUSH-START S13 B4 A1 A3 B13 LCO OCA1 TA1-2-LCO) [D:1.0000; C:1.0000]
 28.0000: (POP-START S12 B3 A1 A2 B10 OCA1 OCA1 TA2-2-OCA1) [D:1.0000; C:1.0000]
 28.0000: (POP-START S23 B6 A2 A3 B9 RAT-A LCO TA3-1-RAT-A) [D:1.0000; C:1.0000]
 29.0000: (PUSH-END S13 A1 A3 B11 B13 GASOLEO TA3-1-GASOLEO) [D:1.0000; C:1.0000]
 29.0000: (POP-END S12 A1 A2 B0 B10 OC1B TA1-1-OC1B) [D:1.0000; C:1.0000]
 29.0000: (POP-END S23 A2 A3 B15 B7 GASOLEO TA2-2-GASOLEO) [D:1.0000; C:1.0000]
 30.0000: (PUSH-START S13 B14 A1 A3 B4 OC1B LCO TA1-1-OC1B) [D:1.0000; C:1.0000]
 30.0000: (PUSH-START S12 B8 A1 A2 B10 OCA1 OCA1 TA1-2-OCA1) [D:1.0000; C:1.0000]
 31.0000: (PUSH-END S13 A1 A3 B13 B4 OCA1 TA3-2-OCA1) [D:1.0000; C:1.0000]
 31.0000: (PUSH-END S12 A1 A2 B3 B10 OCA1 TA2-3-OCA1) [D:1.0000; C:1.0000]
 32.0000: (PUSH-START S13 B0 A1 A3 B14 GASOLEO OC1B TA1-1-GASOLEO) [D:1.0000; C:1.0000]
 32.0000: (PUSH-UNITARYPIPE S34 B13 A3 A4 B12 OCA1 GASOLEO TA3-2-OCA1 TA4-1-GASOLEO) [D:1.0000; C:1.0000]
 33.0000: (PUSH-END S13 A1 A3 B4 B14 LCO TA3-1-LCO) [D:1.0000; C:1.0000]
 34.0000: (PUSH-UNITARYPIPE S34 B4 A3 A4 B13 LCO OCA1 TA3-1-LCO TA4-3-OCA1) [D:1.0000; C:1.0000]
 35.0000: (POP-UNITARYPIPE S34 B12 A3 A4 B4 GASOLEO LCO TA3-1-LCO TA4-1-GASOLEO) [D:1.0000; C:1.0000]
 36.0000: (POP-UNITARYPIPE S34 B13 A3 A4 B12 OCA1 GASOLEO TA3-2-GASOLEO TA4-3-OCA1) [D:1.0000; C:1.0000]
 37.0000: (PUSH-UNITARYPIPE S34 B2 A3 A4 B13 LCO OCA1 TA3-1-LCO TA4-2-OCA1) [D:1.0000; C:1.0000]
 37.0000: (POP-START S23 B12 A2 A3 B6 GASOLEO RAT-A TA3-1-GASOLEO) [D:1.0000; C:1.0000]
 38.0000: (POP-END S23 A2 A3 B7 B9 RAT-A TA2-1-RAT-A) [D:1.0000; C:1.0000]
 39.0000: (POP-START S23 B4 A2 A3 B12 LCO GASOLEO TA3-2-LCO) [D:1.0000; C:1.0000]
 40.0000: (POP-END S23 A2 A3 B9 B6 GASOLEO TA2-1-GASOLEO) [D:1.0000; C:1.0000]
 41.0000: (POP-START S23 B5 A2 A3 B4 OCA1 LCO TA3-1-OCA1) [D:1.0000; C:1.0000]
 42.0000: (POP-END S23 A2 A3 B6 B12 LCO TA2-1-LCO) [D:1.0000; C:1.0000]
 43.0000: (PUSH-START S23 B6 A2 A3 B12 RAT-A GASOLEO TA2-1-RAT-A) [D:1.0000; C:1.0000]
 44.0000: (PUSH-END S23 A2 A3 B5 B4 OCA1 TA3-1-OCA1) [D:1.0000; C:1.0000]
 45.0000: (PUSH-START S23 B9 A2 A3 B6 LCO RAT-A TA2-1-LCO) [D:1.0000; C:1.0000]
 46.0000: (PUSH-END S23 A2 A3 B4 B12 LCO TA3-2-LCO) [D:1.0000; C:1.0000]
 47.0000: (POP-START S23 B4 A2 A3 B12 LCO GASOLEO TA3-2-LCO) [D:1.0000; C:1.0000]
 48.0000: (POP-END S23 A2 A3 B9 B6 LCO TA2-2-LCO) [D:1.0000; C:1.0000]
 49.0000: (PUSH-START S23 B9 A2 A3 B6 LCO RAT-A TA2-2-LCO) [D:1.0000; C:1.0000]
 50.0000: (PUSH-END S23 A2 A3 B4 B12 LCO TA3-2-LCO) [D:1.0000; C:1.0000]
 51.0000: (PUSH-START S23 B3 A2 A3 B9 OCA1 LCO TA2-3-OCA1) [D:1.0000; C:1.0000]
 52.0000: (PUSH-END S23 A2 A3 B12 B6 GASOLEO TA3-1-GASOLEO) [D:1.0000; C:1.0000]
 53.0000: (PUSH-START S23 B7 A2 A3 B3 GASOLEO OCA1 TA2-2-GASOLEO) [D:1.0000; C:1.0000]
 54.0000: (PUSH-END S23 A2 A3 B6 B9 RAT-A TA3-2-RAT-A) [D:1.0000; C:1.0000]
 55.0000: (PUSH-UNITARYPIPE S34 B6 A3 A4 B2 RAT-A LCO TA3-2-RAT-A TA4-2-LCO) [D:1.0000; C:1.0000]
 56.0000: (PUSH-UNITARYPIPE S34 B11 A3 A4 B6 GASOLEO RAT-A TA3-2-GASOLEO TA4-2-RAT-A) [D:1.0000; C:1.0000]
 57.0000: (PUSH-UNITARYPIPE S34 B4 A3 A4 B11 LCO GASOLEO TA3-2-LCO TA4-2-GASOLEO) [D:1.0000; C:1.0000]
 58.0000: (PUSH-UNITARYPIPE S34 B12 A3 A4 B4 GASOLEO LCO TA3-1-GASOLEO TA4-1-LCO) [D:1.0000; C:1.0000]
 59.0000: (POP-UNITARYPIPE S34 B2 A3 A4 B12 LCO GASOLEO TA3-2-GASOLEO TA4-1-LCO) [D:1.0000; C:1.0000]
 60.0000: (POP-UNITARYPIPE S34 B13 A3 A4 B2 OCA1 LCO TA3-2-LCO TA4-2-OCA1) [D:1.0000; C:1.0000]
 61.0000: (POP-START S13 B2 A1 A3 B14 LCO OC1B TA3-2-LCO) [D:1.0000; C:1.0000]
 62.0000: (POP-END S13 A1 A3 B0 B14 RAT-A TA1-1-RAT-A) [D:1.0000; C:1.0000]
 63.0000: (POP-START S13 B12 A1 A3 B2 GASOLEO LCO TA3-2-GASOLEO) [D:1.0000; C:1.0000]
 64.0000: (POP-END S13 A1 A3 B14 B2 GASOLEO TA1-2-GASOLEO) [D:1.0000; C:1.0000]
 65.0000: (POP-START S13 B5 A1 A3 B12 OCA1 GASOLEO TA3-1-OCA1) [D:1.0000; C:1.0000]
 66.0000: (POP-END S13 A1 A3 B2 B12 LCO TA1-2-LCO) [D:1.0000; C:1.0000]


Solution found:
Total time:      88.87
Search time:     88.20
Actions:         92
Execution cost:  92.00
Duration:        67.000
Plan quality:    92.000

__MEMKB 141696
