MaxPlanII beta.

bb: parsing domain file
domain 'GRIPPER-STRIPS' defined
 ... done.
bb: parsing problem file
problem 'GRIPPER-4' defined
 ... done.


******  Solve with 1 layers Start******

creating action-based encoding:
        building rplan graph layers, up to layer [1];
        goal constraints;

no achiever in for goal?? deadline too low!#001


******  Solve with 2 layers Start******

creating action-based encoding:
        building rplan graph layers, up to layer [2];
        goal constraints;
        building exclusion constraints --> up to layer 2...

DECISION LAYER 2, WRITING ACTION-BASED ENCODING WITH 61 VARS, 316 CLAUSES.
4 G clauses, 76 A clauses, 236 E clauses.c CNF file planning task -p , -o /home/matheus/repo/acervo-2010/planejadores_analise_resultados/comp/gripper/domain.pddl, -f /home/matheus/repo/acervo-2010/planejadores_analise_resultados/comp/gripper/pfile2.pddl, bound 2, action based encoding
In building up solver: p cnf 61 316
==================================[ MINISAT ]===================================
| Conflicts |     ORIGINAL     |              LEARNT              | Progress |
|           | Clauses Literals |   Limit Clauses Literals  Lit/Cl |          |
==============================================================================
|         0 |     316      651 |     105       0        0     0.0 |  0.000 % |
==============================================================================
Totoal time used by londex constraint checking is [B0.000000][L0.000000],apply counts 4, apply_generated 0
restarts          :            1
conflicts         :            3           (      inf / sec      )
decisions         :            2           (      inf / sec      )
propagations      :           10           (      inf / sec      )
inspects          :           59           (      inf / sec      )
conflict literals :            2           (     0.00 % deleted  )
CPU time          :         0.00 sec
UNSATISFIABLE

******  Solve with 3 layers Start******

creating action-based encoding:
        building rplan graph layers, up to layer [3];
        goal constraints;
        building exclusion constraints --> up to layer 3...

DECISION LAYER 3, WRITING ACTION-BASED ENCODING WITH 117 VARS, 757 CLAUSES.
4 G clauses, 180 A clauses, 573 E clauses.c CNF file planning task -p , -o /home/matheus/repo/acervo-2010/planejadores_analise_resultados/comp/gripper/domain.pddl, -f /home/matheus/repo/acervo-2010/planejadores_analise_resultados/comp/gripper/pfile2.pddl, bound 3, action based encoding
In building up solver: p cnf 117 757
==================================[ MINISAT ]===================================
| Conflicts |     ORIGINAL     |              LEARNT              | Progress |
|           | Clauses Literals |   Limit Clauses Literals  Lit/Cl |          |
==============================================================================
|         0 |     757     1817 |     252       0        0     0.0 |  0.000 % |
==============================================================================
Totoal time used by londex constraint checking is [B0.000000][L0.000000],apply counts 39, apply_generated 0
restarts          :            1
conflicts         :           11           (      inf / sec      )
decisions         :           11           (      inf / sec      )
propagations      :          469           (      inf / sec      )
inspects          :         1076           (      inf / sec      )
conflict literals :           16           (     0.00 % deleted  )
CPU time          :         0.00 sec
UNSATISFIABLE

******  Solve with 4 layers Start******

creating action-based encoding:
        building rplan graph layers, up to layer [4];
        goal constraints;
        building exclusion constraints --> up to layer 4...

DECISION LAYER 4, WRITING ACTION-BASED ENCODING WITH 173 VARS, 1198 CLAUSES.
4 G clauses, 284 A clauses, 910 E clauses.c CNF file planning task -p , -o /home/matheus/repo/acervo-2010/planejadores_analise_resultados/comp/gripper/domain.pddl, -f /home/matheus/repo/acervo-2010/planejadores_analise_resultados/comp/gripper/pfile2.pddl, bound 4, action based encoding
In building up solver: p cnf 173 1198
==================================[ MINISAT ]===================================
| Conflicts |     ORIGINAL     |              LEARNT              | Progress |
|           | Clauses Literals |   Limit Clauses Literals  Lit/Cl |          |
==============================================================================
|         0 |    1198     3015 |     399       0        0     0.0 |  0.000 % |
==============================================================================
Totoal time used by londex constraint checking is [B0.000000][L0.000000],apply counts 141, apply_generated 0
restarts          :            1
conflicts         :           33           (     3300 / sec      )
decisions         :           41           (     4100 / sec      )
propagations      :         1548           (   154800 / sec      )
inspects          :         3571           (   357100 / sec      )
conflict literals :           95           (     2.06 % deleted  )
CPU time          :         0.01 sec
UNSATISFIABLE

******  Solve with 5 layers Start******

creating action-based encoding:
        building rplan graph layers, up to layer [5];
        goal constraints;
        building exclusion constraints --> up to layer 5...

DECISION LAYER 5, WRITING ACTION-BASED ENCODING WITH 229 VARS, 1639 CLAUSES.
4 G clauses, 388 A clauses, 1247 E clauses.c CNF file planning task -p , -o /home/matheus/repo/acervo-2010/planejadores_analise_resultados/comp/gripper/domain.pddl, -f /home/matheus/repo/acervo-2010/planejadores_analise_resultados/comp/gripper/pfile2.pddl, bound 5, action based encoding
In building up solver: p cnf 229 1639
==================================[ MINISAT ]===================================
| Conflicts |     ORIGINAL     |              LEARNT              | Progress |
|           | Clauses Literals |   Limit Clauses Literals  Lit/Cl |          |
==============================================================================
|         0 |    1639     4213 |     546       0        0     0.0 |  0.000 % |
|       100 |    1293     3411 |     601      47      329     7.0 | 12.383 % |
==============================================================================
Totoal time used by londex constraint checking is [B0.000000][L0.010000],apply counts 943, apply_generated 0
restarts          :            2
conflicts         :          148           (    14800 / sec      )
decisions         :          215           (    21500 / sec      )
propagations      :         8219           (   821900 / sec      )
inspects          :        20007           (  2000700 / sec      )
conflict literals :          910           (    20.94 % deleted  )
CPU time          :         0.01 sec
UNSATISFIABLE

******  Solve with 6 layers Start******

creating action-based encoding:
        building rplan graph layers, up to layer [6];
        goal constraints;
        building exclusion constraints --> up to layer 6...

DECISION LAYER 6, WRITING ACTION-BASED ENCODING WITH 285 VARS, 2080 CLAUSES.
4 G clauses, 492 A clauses, 1584 E clauses.c CNF file planning task -p , -o /home/matheus/repo/acervo-2010/planejadores_analise_resultados/comp/gripper/domain.pddl, -f /home/matheus/repo/acervo-2010/planejadores_analise_resultados/comp/gripper/pfile2.pddl, bound 6, action based encoding
In building up solver: p cnf 285 2080
==================================[ MINISAT ]===================================
| Conflicts |     ORIGINAL     |              LEARNT              | Progress |
|           | Clauses Literals |   Limit Clauses Literals  Lit/Cl |          |
==============================================================================
|         0 |    2080     5411 |     693       0        0     0.0 |  0.000 % |
|       100 |    2067     5385 |     762      96     1396    14.5 |  8.543 % |
|       250 |    1809     4787 |     839     207     2877    13.9 |  9.517 % |
|       476 |     590     1788 |     922     230     3478    15.1 | 50.603 % |
==============================================================================
Totoal time used by londex constraint checking is [B0.000000][L0.000000],apply counts 3922, apply_generated 0
restarts          :            4
conflicts         :          546           (    18200 / sec      )
decisions         :          693           (    23100 / sec      )
propagations      :        29238           (   974600 / sec      )
inspects          :        84520           (  2817333 / sec      )
conflict literals :         6228           (    15.92 % deleted  )
CPU time          :         0.03 sec
UNSATISFIABLE

******  Solve with 7 layers Start******

creating action-based encoding:
        building rplan graph layers, up to layer [7];
        goal constraints;
        building exclusion constraints --> up to layer 7...

DECISION LAYER 7, WRITING ACTION-BASED ENCODING WITH 341 VARS, 2521 CLAUSES.
4 G clauses, 596 A clauses, 1921 E clauses.c CNF file planning task -p , -o /home/matheus/repo/acervo-2010/planejadores_analise_resultados/comp/gripper/domain.pddl, -f /home/matheus/repo/acervo-2010/planejadores_analise_resultados/comp/gripper/pfile2.pddl, bound 7, action based encoding
In building up solver: p cnf 341 2521
==================================[ MINISAT ]===================================
| Conflicts |     ORIGINAL     |              LEARNT              | Progress |
|           | Clauses Literals |   Limit Clauses Literals  Lit/Cl |          |
==============================================================================
|         0 |    2521     6609 |     840       0        0     0.0 |  0.000 % |
|       100 |    2521     6609 |     924     100     2036    20.4 |  0.098 % |
|       250 |    2521     6609 |    1016     250     4744    19.0 |  0.028 % |
==============================================================================
Totoal time used by londex constraint checking is [B0.010000][L0.000000],apply counts 1730, apply_generated 0
restarts          :            3
conflicts         :          287           (    14350 / sec      )
decisions         :          479           (    23950 / sec      )
propagations      :        14139           (   706950 / sec      )
inspects          :        39578           (  1978900 / sec      )
conflict literals :         5110           (     9.43 % deleted  )
CPU time          :         0.02 sec
SATISFIABLE

Info:      0.03 seconds total solving time
           0.00 MB memory used
        solution found at layer 7

__MEMKB 6968
