
ff: parsing domain file
domain 'DRIVERLOG' defined
 ... done.
ff: parsing problem file
problem 'DLOG-4-4-8' defined
 ... done.


got 332 facts

Cueing down from goal distance:   37 into depth [1]
                                  32            [1]
                                  31            [1]
                                  30            [1]
                                  29            [1]
                                  28            [1][2]
                                  26            [1]
                                  25            [1]
                                  24            [1]
                                  23            [1][2][3]
                                  22            [1][2]
                                  21            [1][2][3]
                                  20            [1]
                                  19            [1][2]
                                  18            [1][2][3]
                                  17            [1]
                                  16            [1]
                                  15            [1]
                                  14            [1]
                                  13            [1][2]
                                  12            [1][2]
                                  11            [1]
                                  10            [1]
                                   9            [1][2]
                                   8            [1][2][3]
                                   6            [1][2][3]
                                   5            [1]
                                   4            [1][2]
                                   3            [1]
                                   2            [1]
                                   1            [1]
                                   0            

ff: found legal plan as follows

step    0: WALK DRIVER3 S5 P5-9
        1: WALK DRIVER3 P5-9 S9
        2: WALK DRIVER1 S8 P8-3
        3: LOAD-TRUCK PACKAGE7 TRUCK2 S9
        4: LOAD-TRUCK PACKAGE1 TRUCK3 S3
        5: WALK DRIVER1 P8-3 S3
        6: BOARD-TRUCK DRIVER3 TRUCK2 S9
        7: DRIVE-TRUCK TRUCK2 S9 S8 DRIVER3
        8: LOAD-TRUCK PACKAGE3 TRUCK2 S8
        9: LOAD-TRUCK PACKAGE6 TRUCK2 S8
       10: DRIVE-TRUCK TRUCK2 S8 S2 DRIVER3
       11: LOAD-TRUCK PACKAGE2 TRUCK2 S2
       12: DRIVE-TRUCK TRUCK2 S2 S8 DRIVER3
       13: DRIVE-TRUCK TRUCK2 S8 S5 DRIVER3
       14: UNLOAD-TRUCK PACKAGE2 TRUCK2 S5
       15: DRIVE-TRUCK TRUCK2 S5 S2 DRIVER3
       16: DRIVE-TRUCK TRUCK2 S2 S1 DRIVER3
       17: LOAD-TRUCK PACKAGE5 TRUCK2 S1
       18: UNLOAD-TRUCK PACKAGE3 TRUCK2 S1
       19: DRIVE-TRUCK TRUCK2 S1 S6 DRIVER3
       20: DRIVE-TRUCK TRUCK2 S6 S8 DRIVER3
       21: DRIVE-TRUCK TRUCK2 S8 S2 DRIVER3
       22: UNLOAD-TRUCK PACKAGE7 TRUCK2 S2
       23: DRIVE-TRUCK TRUCK2 S2 S3 DRIVER3
       24: DRIVE-TRUCK TRUCK2 S3 S11 DRIVER3
       25: LOAD-TRUCK PACKAGE4 TRUCK2 S11
       26: UNLOAD-TRUCK PACKAGE6 TRUCK2 S11
       27: BOARD-TRUCK DRIVER1 TRUCK3 S3
       28: DRIVE-TRUCK TRUCK3 S3 S2 DRIVER1
       29: UNLOAD-TRUCK PACKAGE1 TRUCK3 S2
       30: DRIVE-TRUCK TRUCK3 S2 S5 DRIVER1
       31: DRIVE-TRUCK TRUCK2 S11 S0 DRIVER3
       32: DRIVE-TRUCK TRUCK3 S5 S8 DRIVER1
       33: UNLOAD-TRUCK PACKAGE5 TRUCK2 S0
       34: DRIVE-TRUCK TRUCK2 S0 S1 DRIVER3
       35: DRIVE-TRUCK TRUCK2 S1 S6 DRIVER3
       36: DRIVE-TRUCK TRUCK2 S6 S10 DRIVER3
       37: LOAD-TRUCK PACKAGE8 TRUCK2 S10
       38: DRIVE-TRUCK TRUCK2 S10 S6 DRIVER3
       39: DRIVE-TRUCK TRUCK2 S6 S8 DRIVER3
       40: DRIVE-TRUCK TRUCK2 S8 S0 DRIVER3
       41: UNLOAD-TRUCK PACKAGE8 TRUCK2 S0
       42: DRIVE-TRUCK TRUCK2 S0 S5 DRIVER3
       43: DRIVE-TRUCK TRUCK2 S5 S7 DRIVER3
       44: DISEMBARK-TRUCK DRIVER3 TRUCK2 S7
       45: WALK DRIVER3 S7 P8-7
       46: WALK DRIVER3 P8-7 S8
       47: UNLOAD-TRUCK PACKAGE4 TRUCK2 S7
     

time spent:    0.02 seconds instantiating 4800 easy, 0 hard action templates
               0.01 seconds reachability analysis, yielding 332 facts and 2592 actions
               0.01 seconds creating final representation with 332 relevant facts
               0.01 seconds building connectivity graph
               0.05 seconds searching, evaluating 221 states, to a max depth of 3
               0.10 seconds total time

__MEMKB 16104
