#
# (C) Copyright 2008, University of Illinois, Urbana-Champaign
#
# All rights reserved. Use of this software is permitted ONLY for
# non-commercial research purposes, and it may be copied only
# for that use only. All copies must include this copyright message.
# This software is made available AS IS, and neither the authors
# nor the University of Illinois, make any warranty about the
# software or its performance.
#

Parsing domain file
 domain 'GROUNDED-PATHWAYS-PROPOSITIONAL' defined
Parsing problem file
 problem 'GROUNDED-PATHWAYS-12' defined



checking for cyclic := effects --- OK.

Starting SGPlan search ...

































Solution found.



; Time 0.09
; ParsingTime 0.05
; NrActions 115
; MakeSpan
; MetricValue
; PlanningTechnique Modified-FF(best-first search) as the subplanner

0.001: (CHOOSE_SP1_L1_L0) [1]
1.002: (CHOOSE_CDK2_L2_L1) [1]
2.003: (CHOOSE_CDK2P1_L3_L2) [1]
3.004: (CHOOSE_CDK7_L4_L3) [1]
4.005: (CHOOSE_CYCH_L5_L4) [1]
5.006: (CHOOSE_CDC25C_L6_L5) [1]
6.007: (CHOOSE_CDK1P1P2_L7_L6) [1]
7.008: (CHOOSE_CYCB_L8_L7) [1]
8.009: (CHOOSE_PLK1_L9_L8) [1]
9.010: (CHOOSE_WEE1_L10_L9) [1]
10.011: (INITIALIZE_WEE1) [1]
11.012: (INITIALIZE_PLK1) [1]
12.013: (INITIALIZE_CYCB) [1]
13.014: (INITIALIZE_CDK1P1P2) [1]
14.015: (INITIALIZE_CDC25C) [1]
15.016: (ASSOCIATE-WITH-CATALYZE_CDC25C_PLK1_CDC25CP1) [1]
16.017: (ASSOCIATE-WITH-CATALYZE_CDK1P1P2_CDC25CP1_CDK1P1) [1]
17.018: (ASSOCIATE-WITH-CATALYZE_CDK1P1_CDC25CP1_CDK1) [1]
18.019: (INITIALIZE_CYCH) [1]
19.020: (INITIALIZE_CDK7) [1]
20.021: (ASSOCIATE_CDK7_CYCH_CDK7-CYCH) [1]
21.022: (ASSOCIATE-WITH-CATALYZE_CDK1_CDK7-CYCH_CDK1P3) [1]
22.023: (ASSOCIATE_CDK1P3_CYCB_CDK1P3-CYCB) [1]
23.024: (ASSOCIATE-WITH-CATALYZE_WEE1_CDK1P3-CYCB_WEE1P1) [1]
24.025: (DUMMY-ACTION-1-1) [1]
25.026: (CHOOSE_GP_L11_L10) [1]
26.027: (CHOOSE_SKP2_L12_L11) [1]
27.028: (INITIALIZE_SKP2) [1]
28.029: (INITIALIZE_GP) [1]
29.030: (INITIALIZE_CDK2) [1]
30.031: (ASSOCIATE-WITH-CATALYZE_CDK2_CDK7-CYCH_CDK2P2) [1]
31.032: (INITIALIZE_SP1) [1]
32.033: (ASSOCIATE_SP1_GP_SP1-GP) [1]
33.034: (SYNTHESIZE_SP1-GP_CYCA) [1]
34.035: (ASSOCIATE_CDK2P2_CYCA_CDK2P2-CYCA) [1]
35.036: (ASSOCIATE-WITH-CATALYZE_SKP2_CDK2P2-CYCA_SKP2P1) [1]
36.037: (DUMMY-ACTION-2-2) [1]
37.038: (CHOOSE_SKP1_L13_L12) [1]
38.039: (INITIALIZE_SKP1) [1]
39.040: (ASSOCIATE-WITH-CATALYZE_SKP1_CDK2P2-CYCA_SKP1P1) [1]
40.041: (INITIALIZE_SKP2) [1]
41.042: (ASSOCIATE_SKP2_SKP1P1_SKP2-SKP1P1) [1]
42.043: (ASSOCIATE_SKP2-SKP1P1_CDK2P2-CYCA_SKP2-SKP1P1-CDK2P2-CYCA) [1]
43.044: (DUMMY-ACTION-3-1) [1]
44.045: (CHOOSE_SL1_L14_L13) [1]
45.046: (INITIALIZE_SL1) [1]
46.047: (ASSOCIATE-WITH-CATALYZE_SL1_CDK1P3-CYCB_SL1P1) [1]
47.048: (DUMMY-ACTION-4-1) [1]
48.049: (SYNTHESIZE_SP1-GP_CYCE) [1]
49.050: (INITIALIZE_CDK2P1) [1]
50.051: (ASSOCIATE_CDK2P1_CYCE_CDK2P1-CYCE) [1]
51.052: (DUMMY-ACTION-5-2) [1]
52.053: (INITIALIZE_CYCB) [1]
53.054: (INITIALIZE_CDK1P1P2) [1]
54.055: (ASSOCIATE-WITH-CATALYZE_CDK1P1P2_CDC25CP1_CDK1P1) [1]
55.056: (ASSOCIATE-WITH-CATALYZE_CDK1P1_CDK7-CYCH_CDK1P1P3) [1]
56.057: (ASSOCIATE_CDK1P1P3_CYCB_CDK1P1P3-CYCB) [1]
57.058: (DUMMY-ACTION-6-2) [1]
58.059: (INITIALIZE_SKP1) [1]
59.060: (ASSOCIATE_SKP2P1_SKP1_SKP2P1-SKP1) [1]
60.061: (DUMMY-ACTION-7-2) [1]
61.062: (CHOOSE_P27_L15_L14) [1]
62.063: (INITIALIZE_P27) [1]
63.064: (SYNTHESIZE_SP1-GP_CYCA) [1]
64.065: (INITIALIZE_CDK2) [1]
65.066: (ASSOCIATE-WITH-CATALYZE_CDK2_CDK7-CYCH_CDK2P2) [1]
66.067: (ASSOCIATE_CDK2P2_CYCA_CDK2P2-CYCA) [1]
67.068: (ASSOCIATE_P27_CDK2P2-CYCA_P27-CDK2P2-CYCA) [1]
68.069: (DUMMY-ACTION-8-1) [1]
69.070: (INITIALIZE_P27) [1]
70.071: (SYNTHESIZE_SP1-GP_CYCA) [1]
71.072: (SYNTHESIZE_SP1-GP_CYCE) [1]
72.073: (INITIALIZE_CDK2P1) [1]
73.074: (ASSOCIATE-WITH-CATALYZE_CDK2P1_CDK7-CYCH_CDK2P1P2) [1]
74.075: (ASSOCIATE_CDK2P1P2_CYCA_CDK2P1P2-CYCA) [1]
75.076: (INITIALIZE_CDK2) [1]
76.077: (ASSOCIATE-WITH-CATALYZE_CDK2_CDK7-CYCH_CDK2P2) [1]
77.078: (ASSOCIATE_CDK2P2_CYCE_CDK2P2-CYCE) [1]
78.079: (ASSOCIATE-WITH-CATALYZE_P27_CDK2P2-CYCE_P27P1) [1]
79.080: (ASSOCIATE_P27P1_CDK2P1P2-CYCA_P27P1-CDK2P1P2-CYCA) [1]
80.081: (DUMMY-ACTION-9-2) [1]
81.082: (DUMMY-ACTION-10-2) [1]
82.083: (INITIALIZE_P27) [1]
83.084: (ASSOCIATE-WITH-CATALYZE_P27_CDK2P2-CYCE_P27P1) [1]
84.085: (SYNTHESIZE_SP1-GP_CYCA) [1]
85.086: (INITIALIZE_CDK2P1) [1]
86.087: (ASSOCIATE_CDK2P1_CYCA_CDK2P1-CYCA) [1]
87.088: (ASSOCIATE_P27P1_CDK2P1-CYCA_P27P1-CDK2P1-CYCA) [1]
88.089: (DUMMY-ACTION-11-2) [1]
89.090: (INITIALIZE_P27) [1]
90.091: (ASSOCIATE-WITH-CATALYZE_P27_CDK2P2-CYCE_P27P1) [1]
91.092: (SYNTHESIZE_SP1-GP_CYCEP1) [1]
92.093: (INITIALIZE_CDK2) [1]
93.094: (ASSOCIATE_CDK2_CYCEP1_CDK2-CYCEP1) [1]
94.095: (ASSOCIATE_P27P1_CDK2-CYCEP1_P27P1-CDK2-CYCEP1) [1]
95.096: (DUMMY-ACTION-12-1) [1]
96.097: (INITIALIZE_P27) [1]
97.098: (ASSOCIATE-WITH-CATALYZE_P27_CDK2P2-CYCE_P27P1) [1]
98.099: (ASSOCIATE_P27P1_CDK2P2-CYCE_P27P1-CDK2P2-CYCE) [1]
99.100: (DUMMY-ACTION-13-2) [1]
100.101: (SYNTHESIZE_SP1-GP_CYCDP1) [1]
101.102: (DUMMY-ACTION-14-2) [1]
102.103: (CHOOSE_P53_L16_L15) [1]
103.104: (INITIALIZE_P53) [1]
104.105: (SYNTHESIZE_P53_P21) [1]
105.106: (SYNTHESIZE_SP1-GP_CYCA) [1]
106.107: (INITIALIZE_CDK2) [1]
107.108: (ASSOCIATE_CDK2_CYCA_CDK2-CYCA) [1]
108.109: (ASSOCIATE_P21_CDK2-CYCA_P21-CDK2-CYCA) [1]
109.110: (DUMMY-ACTION-15-1) [1]
110.111: (CHOOSE_MAX_L17_L16) [1]
111.112: (INITIALIZE_MAX) [1]
112.113: (SYNTHESIZE_SP1-GP_C-MYC) [1]
113.114: (ASSOCIATE_C-MYC_MAX_C-MYC-MAX) [1]
114.115: (DUMMY-ACTION-16-2) [1]
__MEMKB 26140
