#
# (C) Copyright 2008, University of Illinois, Urbana-Champaign
#
# All rights reserved. Use of this software is permitted ONLY for
# non-commercial research purposes, and it may be copied only
# for that use only. All copies must include this copyright message.
# This software is made available AS IS, and neither the authors
# nor the University of Illinois, make any warranty about the
# software or its performance.
#

Parsing domain file
 domain 'GROUNDED-PATHWAYS-PROPOSITIONAL' defined
Parsing problem file
 problem 'GROUNDED-PATHWAYS-24' defined



checking for cyclic := effects --- OK.

Starting SGPlan search ...































































Solution found.



; Time 0.45
; ParsingTime 0.13
; NrActions 216
; MakeSpan
; MetricValue
; PlanningTechnique Modified-FF(best-first search) as the subplanner

0.001: (CHOOSE_SP1_L1_L0) [1]
1.002: (CHOOSE_CDK46P1_L2_L1) [1]
2.003: (CHOOSE_CDK7_L3_L2) [1]
3.004: (CHOOSE_CYCH_L4_L3) [1]
4.005: (CHOOSE_GCDC25A_L5_L4) [1]
5.006: (CHOOSE_GP_L6_L5) [1]
6.007: (CHOOSE_MAX_L7_L6) [1]
7.008: (CHOOSE_RAF1_L8_L7) [1]
8.009: (INITIALIZE_RAF1) [1]
9.010: (INITIALIZE_MAX) [1]
10.011: (INITIALIZE_GP) [1]
11.012: (INITIALIZE_GCDC25A) [1]
12.013: (INITIALIZE_CYCH) [1]
13.014: (INITIALIZE_CDK7) [1]
14.015: (ASSOCIATE_CDK7_CYCH_CDK7-CYCH) [1]
15.016: (INITIALIZE_CDK46P1) [1]
16.017: (ASSOCIATE-WITH-CATALYZE_CDK46P1_CDK7-CYCH_CDK46P1P2) [1]
17.018: (INITIALIZE_SP1) [1]
18.019: (ASSOCIATE_SP1_GP_SP1-GP) [1]
19.020: (SYNTHESIZE_SP1-GP_C-MYC) [1]
20.021: (ASSOCIATE_C-MYC_MAX_C-MYC-MAX) [1]
21.022: (ASSOCIATE_C-MYC-MAX_GCDC25A_C-MYC-MAX-GCDC25A) [1]
22.023: (SYNTHESIZE_C-MYC-MAX-GCDC25A_CDC25A) [1]
23.024: (ASSOCIATE-WITH-CATALYZE_CDC25A_RAF1_CDC25AP1) [1]
24.025: (ASSOCIATE-WITH-CATALYZE_CDK46P1P2_CDC25AP1_CDK46P2) [1]
25.026: (SYNTHESIZE_SP1-GP_CYCD) [1]
26.027: (ASSOCIATE_CDK46P2_CYCD_CDK46P2-CYCD) [1]
27.028: (DUMMY-ACTION-1-2) [1]
28.029: (CHOOSE_P53_L9_L8) [1]
29.030: (INITIALIZE_P53) [1]
30.031: (SYNTHESIZE_P53_P21) [1]
31.032: (ASSOCIATE_P21_CDK46P2-CYCD_P21-CDK46P2-CYCD) [1]
32.033: (DUMMY-ACTION-2-1) [1]
33.034: (INITIALIZE_CDK46P1) [1]
34.035: (ASSOCIATE-WITH-CATALYZE_CDK46P1_CDK7-CYCH_CDK46P1P2) [1]
35.036: (ASSOCIATE-WITH-CATALYZE_CDK46P1P2_CDC25AP1_CDK46P2) [1]
36.037: (CHOOSE_P57_L10_L9) [1]
37.038: (INITIALIZE_P57) [1]
38.039: (SYNTHESIZE_SP1-GP_CYCDP1) [1]
39.040: (ASSOCIATE_CDK46P2_CYCDP1_CDK46P2-CYCDP1) [1]
40.041: (ASSOCIATE_P57_CDK46P2-CYCDP1_P57-CDK46P2-CYCDP1) [1]
41.042: (DUMMY-ACTION-3-2) [1]
42.043: (SYNTHESIZE_P53_P21) [1]
43.044: (SYNTHESIZE_SP1-GP_CYCD) [1]
44.045: (INITIALIZE_CDK46P1) [1]
45.046: (ASSOCIATE-WITH-CATALYZE_CDK46P1_CDC25AP1_CDK46) [1]
46.047: (ASSOCIATE_CDK46_CYCD_CDK46-CYCD) [1]
47.048: (ASSOCIATE_P21_CDK46-CYCD_P21-CDK46-CYCD) [1]
48.049: (DUMMY-ACTION-4-2) [1]
49.050: (CHOOSE_P57P1_L11_L10) [1]
50.051: (INITIALIZE_P57P1) [1]
51.052: (SYNTHESIZE_SP1-GP_CYCDP1) [1]
52.053: (INITIALIZE_CDK46P1) [1]
53.054: (ASSOCIATE-WITH-CATALYZE_CDK46P1_CDC25AP1_CDK46) [1]
54.055: (ASSOCIATE_CDK46_CYCDP1_CDK46-CYCDP1) [1]
55.056: (ASSOCIATE_P57P1_CDK46-CYCDP1_P57P1-CDK46-CYCDP1) [1]
56.057: (DUMMY-ACTION-5-1) [1]
57.058: (INITIALIZE_P57) [1]
58.059: (SYNTHESIZE_SP1-GP_CYCD) [1]
59.060: (INITIALIZE_CDK46P1) [1]
60.061: (ASSOCIATE-WITH-CATALYZE_CDK46P1_CDK7-CYCH_CDK46P1P2) [1]
61.062: (ASSOCIATE-WITH-CATALYZE_CDK46P1P2_CDC25AP1_CDK46P2) [1]
62.063: (ASSOCIATE_CDK46P2_CYCD_CDK46P2-CYCD) [1]
63.064: (ASSOCIATE_P57_CDK46P2-CYCD_P57-CDK46P2-CYCD) [1]
64.065: (DUMMY-ACTION-6-2) [1]
65.066: (SYNTHESIZE_SP1-GP_CYCDP1) [1]
66.067: (INITIALIZE_CDK46P1) [1]
67.068: (ASSOCIATE-WITH-CATALYZE_CDK46P1_CDC25AP1_CDK46) [1]
68.069: (ASSOCIATE_CDK46_CYCDP1_CDK46-CYCDP1) [1]
69.070: (DUMMY-ACTION-7-2) [1]
70.071: (INITIALIZE_P57P1) [1]
71.072: (SYNTHESIZE_SP1-GP_CYCD) [1]
72.073: (INITIALIZE_CDK46P1) [1]
73.074: (ASSOCIATE-WITH-CATALYZE_CDK46P1_CDC25AP1_CDK46) [1]
74.075: (ASSOCIATE_CDK46_CYCD_CDK46-CYCD) [1]
75.076: (ASSOCIATE_P57P1_CDK46-CYCD_P57P1-CDK46-CYCD) [1]
76.077: (DUMMY-ACTION-8-1) [1]
77.078: (INITIALIZE_P57) [1]
78.079: (SYNTHESIZE_SP1-GP_CYCD) [1]
79.080: (INITIALIZE_CDK46P1) [1]
80.081: (ASSOCIATE-WITH-CATALYZE_CDK46P1_CDC25AP1_CDK46) [1]
81.082: (ASSOCIATE_CDK46_CYCD_CDK46-CYCD) [1]
82.083: (ASSOCIATE_P57_CDK46-CYCD_P57-CDK46-CYCD) [1]
83.084: (DUMMY-ACTION-9-1) [1]
84.085: (CHOOSE_AP2_L12_L11) [1]
85.086: (CHOOSE_GE-C_L13_L12) [1]
86.087: (INITIALIZE_GE-C) [1]
87.088: (INITIALIZE_AP2) [1]
88.089: (ASSOCIATE_AP2_GE-C_AP2-GE-C) [1]
89.090: (SYNTHESIZE_AP2-GE-C_ECADHERIN) [1]
90.091: (DUMMY-ACTION-10-2) [1]
91.092: (CHOOSE_P27_L14_L13) [1]
92.093: (INITIALIZE_P27) [1]
93.094: (SYNTHESIZE_SP1-GP_CYCD) [1]
94.095: (INITIALIZE_CDK46P1) [1]
95.096: (ASSOCIATE-WITH-CATALYZE_CDK46P1_CDK7-CYCH_CDK46P1P2) [1]
96.097: (ASSOCIATE-WITH-CATALYZE_CDK46P1P2_CDC25AP1_CDK46P2) [1]
97.098: (ASSOCIATE_CDK46P2_CYCD_CDK46P2-CYCD) [1]
98.099: (ASSOCIATE_P27_CDK46P2-CYCD_P27-CDK46P2-CYCD) [1]
99.100: (DUMMY-ACTION-11-1) [1]
100.101: (INITIALIZE_CDK46P1) [1]
101.102: (ASSOCIATE-WITH-CATALYZE_CDK46P1_CDK7-CYCH_CDK46P1P2) [1]
102.103: (ASSOCIATE-WITH-CATALYZE_CDK46P1P2_CDC25AP1_CDK46P2) [1]
103.104: (DUMMY-ACTION-12-1) [1]
104.105: (SYNTHESIZE_SP1-GP_CYCD) [1]
105.106: (INITIALIZE_CDK46P1) [1]
106.107: (ASSOCIATE-WITH-CATALYZE_CDK46P1_CDC25AP1_CDK46) [1]
107.108: (ASSOCIATE_CDK46_CYCD_CDK46-CYCD) [1]
108.109: (DUMMY-ACTION-13-2) [1]
109.110: (INITIALIZE_P27) [1]
110.111: (ASSOCIATE-WITH-CATALYZE_CDK46-CYCDP1_CDK7-CYCH_CDK46P2-CYCDP1) [1]
111.112: (ASSOCIATE_P27_CDK46P2-CYCDP1_P27-CDK46P2-CYCDP1) [1]
112.113: (DUMMY-ACTION-14-1) [1]
113.114: (INITIALIZE_CDK46P1) [1]
114.115: (ASSOCIATE-WITH-CATALYZE_CDK46P1_CDC25AP1_CDK46) [1]
115.116: (DUMMY-ACTION-15-1) [1]
116.117: (INITIALIZE_P27) [1]
117.118: (SYNTHESIZE_SP1-GP_CYCD) [1]
118.119: (INITIALIZE_CDK46P1) [1]
119.120: (ASSOCIATE_CDK46P1_CYCD_CDK46P1-CYCD) [1]
120.121: (ASSOCIATE_P27_CDK46P1-CYCD_P27-CDK46P1-CYCD) [1]
121.122: (DUMMY-ACTION-16-1) [1]
122.123: (SYNTHESIZE_SP1-GP_P107) [1]
123.124: (INITIALIZE_GP) [1]
124.125: (INITIALIZE_SP1) [1]
125.126: (ASSOCIATE_SP1_P107_SP1-P107) [1]
126.127: (ASSOCIATE_SP1-P107_GP_SP1-P107-GP) [1]
127.128: (DUMMY-ACTION-17-2) [1]
128.129: (ASSOCIATE_RAF1_CDC25AP1_RAF1-CDC25AP1) [1]
129.130: (DUMMY-ACTION-18-1) [1]
130.131: (SYNTHESIZE_C-MYC-MAX-GCDC25A_CDC25A) [1]
131.132: (INITIALIZE_RAF1) [1]
132.133: (ASSOCIATE_RAF1_CDC25A_RAF1-CDC25A) [1]
133.134: (DUMMY-ACTION-19-1) [1]
134.135: (ASSOCIATE-WITH-CATALYZE_CDK46-CYCD_CDK7-CYCH_CDK46P2-CYCD) [1]
135.136: (INITIALIZE_P57P1) [1]
136.137: (ASSOCIATE_P57P1_CDK46P2-CYCD_P57P1-CDK46P2-CYCD) [1]
137.138: (DUMMY-ACTION-20-1) [1]
138.139: (CHOOSE_CDK2_L15_L14) [1]
139.140: (INITIALIZE_CDK2) [1]
140.141: (ASSOCIATE-WITH-CATALYZE_CDK2_CDK7-CYCH_CDK2P2) [1]
141.142: (INITIALIZE_P27) [1]
142.143: (SYNTHESIZE_SP1-GP_CYCDP1) [1]
143.144: (SYNTHESIZE_SP1-GP_CYCE) [1]
144.145: (ASSOCIATE_CDK2P2_CYCE_CDK2P2-CYCE) [1]
145.146: (ASSOCIATE-WITH-CATALYZE_P27_CDK2P2-CYCE_P27P1) [1]
146.147: (INITIALIZE_CDK46P1) [1]
147.148: (ASSOCIATE-WITH-CATALYZE_CDK46P1_CDK7-CYCH_CDK46P1P2) [1]
148.149: (ASSOCIATE_CDK46P1P2_CYCDP1_CDK46P1P2-CYCDP1) [1]
149.150: (ASSOCIATE_P27P1_CDK46P1P2-CYCDP1_P27P1-CDK46P1P2-CYCDP1) [1]
150.151: (DUMMY-ACTION-21-2) [1]
151.152: (INITIALIZE_P27) [1]
152.153: (SYNTHESIZE_SP1-GP_CYCDP1) [1]
153.154: (ASSOCIATE_CDK46_CYCDP1_CDK46-CYCDP1) [1]
154.155: (ASSOCIATE_P27_CDK46-CYCDP1_P27-CDK46-CYCDP1) [1]
155.156: (DUMMY-ACTION-22-2) [1]
156.157: (INITIALIZE_P57) [1]
157.158: (SYNTHESIZE_C-MYC-MAX-GCDC25A_CDC25A) [1]
158.159: (SYNTHESIZE_SP1-GP_CYCDP1) [1]
159.160: (INITIALIZE_RAF1) [1]
160.161: (ASSOCIATE-WITH-CATALYZE_CDC25A_RAF1_CDC25AP1) [1]
161.162: (INITIALIZE_CDK46P1) [1]
162.163: (ASSOCIATE-WITH-CATALYZE_CDK46P1_CDC25AP1_CDK46) [1]
163.164: (ASSOCIATE_CDK46_CYCDP1_CDK46-CYCDP1) [1]
164.165: (ASSOCIATE_P57_CDK46-CYCDP1_P57-CDK46-CYCDP1) [1]
165.166: (DUMMY-ACTION-23-1) [1]
166.167: (INITIALIZE_P27) [1]
167.168: (ASSOCIATE-WITH-CATALYZE_P27_CDK2P2-CYCE_P27P1) [1]
168.169: (SYNTHESIZE_SP1-GP_CYCD) [1]
169.170: (INITIALIZE_CDK46P1) [1]
170.171: (ASSOCIATE-WITH-CATALYZE_CDK46P1_CDC25AP1_CDK46) [1]
171.172: (ASSOCIATE_CDK46_CYCD_CDK46-CYCD) [1]
172.173: (ASSOCIATE_P27P1_CDK46-CYCD_P27P1-CDK46-CYCD) [1]
173.174: (DUMMY-ACTION-24-1) [1]
174.175: (DUMMY-ACTION-25-1) [1]
175.176: (CHOOSE_CDK2P1_L16_L15) [1]
176.177: (INITIALIZE_CDK2P1) [1]
177.178: (INITIALIZE_P27) [1]
178.179: (ASSOCIATE-WITH-CATALYZE_P27_CDK2P2-CYCE_P27P1) [1]
179.180: (SYNTHESIZE_SP1-GP_CYCEP1) [1]
180.181: (ASSOCIATE_CDK2P1_CYCEP1_CDK2P1-CYCEP1) [1]
181.182: (ASSOCIATE_P27P1_CDK2P1-CYCEP1_P27P1-CDK2P1-CYCEP1) [1]
182.183: (DUMMY-ACTION-26-1) [1]
183.184: (INITIALIZE_CDK2) [1]
184.185: (INITIALIZE_P27) [1]
185.186: (ASSOCIATE-WITH-CATALYZE_P27_CDK2P2-CYCE_P27P1) [1]
186.187: (SYNTHESIZE_SP1-GP_CYCE) [1]
187.188: (ASSOCIATE_CDK2_CYCE_CDK2-CYCE) [1]
188.189: (ASSOCIATE_P27P1_CDK2-CYCE_P27P1-CDK2-CYCE) [1]
189.190: (DUMMY-ACTION-27-2) [1]
190.191: (CHOOSE_E2F13_L17_L16) [1]
191.192: (INITIALIZE_E2F13) [1]
192.193: (INITIALIZE_CDK2P1) [1]
193.194: (ASSOCIATE-WITH-CATALYZE_CDK2P1_CDK7-CYCH_CDK2P1P2) [1]
194.195: (SYNTHESIZE_SP1-GP_CYCA) [1]
195.196: (ASSOCIATE_CDK2P1P2_CYCA_CDK2P1P2-CYCA) [1]
196.197: (ASSOCIATE_CDK2P1P2-CYCA_E2F13_CDK2P1P2-CYCA-E2F13) [1]
197.198: (DUMMY-ACTION-28-1) [1]
198.199: (INITIALIZE_CDK2) [1]
199.200: (INITIALIZE_P27) [1]
200.201: (ASSOCIATE-WITH-CATALYZE_P27_CDK2P2-CYCE_P27P1) [1]
201.202: (SYNTHESIZE_SP1-GP_CYCEP1) [1]
202.203: (ASSOCIATE_CDK2_CYCEP1_CDK2-CYCEP1) [1]
203.204: (ASSOCIATE_P27P1_CDK2-CYCEP1_P27P1-CDK2-CYCEP1) [1]
204.205: (DUMMY-ACTION-29-2) [1]
205.206: (INITIALIZE_CDK2P1) [1]
206.207: (ASSOCIATE-WITH-CATALYZE_CDK2P1_CDK7-CYCH_CDK2P1P2) [1]
207.208: (INITIALIZE_P27) [1]
208.209: (ASSOCIATE-WITH-CATALYZE_P27_CDK2P2-CYCE_P27P1) [1]
209.210: (SYNTHESIZE_SP1-GP_CYCA) [1]
210.211: (ASSOCIATE_CDK2P1P2_CYCA_CDK2P1P2-CYCA) [1]
211.212: (ASSOCIATE_P27P1_CDK2P1P2-CYCA_P27P1-CDK2P1P2-CYCA) [1]
212.213: (DUMMY-ACTION-30-1) [1]
213.214: (INITIALIZE_CDK2P1) [1]
214.215: (ASSOCIATE-WITH-CATALYZE_CDK2P1_CDK7-CYCH_CDK2P1P2) [1]
215.216: (DUMMY-ACTION-31-2) [1]
__MEMKB 36208
