#
# (C) Copyright 2008, University of Illinois, Urbana-Champaign
#
# All rights reserved. Use of this software is permitted ONLY for
# non-commercial research purposes, and it may be copied only
# for that use only. All copies must include this copyright message.
# This software is made available AS IS, and neither the authors
# nor the University of Illinois, make any warranty about the
# software or its performance.
#

Parsing domain file
 domain 'GROUNDED-PATHWAYS-PROPOSITIONAL' defined
Parsing problem file
 problem 'GROUNDED-PATHWAYS-28' defined



checking for cyclic := effects --- OK.

Starting SGPlan search ...



















































































































































































































































































































































































































































































































































































































































































































































































































































































































































































































































































































































































































































































































































































































































































































































































































Solution found.



; Time 2.87
; ParsingTime 0.16
; NrActions 229
; MakeSpan
; MetricValue
; PlanningTechnique Modified-FF(best-first search) as the subplanner

0.001: (CHOOSE_GP_L1_L0) [1]
1.002: (CHOOSE_SP1_L2_L1) [1]
2.003: (INITIALIZE_GP) [1]
3.004: (INITIALIZE_SP1) [1]
4.005: (CHOOSE_MAX_L3_L2) [1]
5.006: (CHOOSE_GCDC25A_L4_L3) [1]
6.007: (CHOOSE_RAF1_L5_L4) [1]
7.008: (CHOOSE_CDK46P1_L6_L5) [1]
8.009: (ASSOCIATE_SP1_GP_SP1-GP) [1]
9.010: (INITIALIZE_MAX) [1]
10.011: (SYNTHESIZE_SP1-GP_C-MYC) [1]
11.012: (INITIALIZE_GCDC25A) [1]
12.013: (ASSOCIATE_C-MYC_MAX_C-MYC-MAX) [1]
13.014: (ASSOCIATE_C-MYC-MAX_GCDC25A_C-MYC-MAX-GCDC25A) [1]
14.015: (INITIALIZE_RAF1) [1]
15.016: (SYNTHESIZE_C-MYC-MAX-GCDC25A_CDC25A) [1]
16.017: (ASSOCIATE-WITH-CATALYZE_CDC25A_RAF1_CDC25AP1) [1]
17.018: (INITIALIZE_CDK46P1) [1]
18.019: (SYNTHESIZE_SP1-GP_CYCD) [1]
19.020: (ASSOCIATE-WITH-CATALYZE_CDK46P1_CDC25AP1_CDK46) [1]
20.021: (CHOOSE_P57P1_L7_L6) [1]
21.022: (ASSOCIATE_CDK46_CYCD_CDK46-CYCD) [1]
22.023: (INITIALIZE_P57P1) [1]
23.024: (ASSOCIATE_P57P1_CDK46-CYCD_P57P1-CDK46-CYCD) [1]
24.025: (DUMMY-ACTION-1-2) [1]
25.026: (INITIALIZE_CDK46P1) [1]
26.027: (SYNTHESIZE_SP1-GP_CYCDP1) [1]
27.028: (ASSOCIATE-WITH-CATALYZE_CDK46P1_CDC25AP1_CDK46) [1]
28.029: (ASSOCIATE_CDK46_CYCDP1_CDK46-CYCDP1) [1]
29.030: (DUMMY-ACTION-2-1) [1]
30.031: (INITIALIZE_P57P1) [1]
31.032: (ASSOCIATE_P57P1_CDK46-CYCDP1_P57P1-CDK46-CYCDP1) [1]
32.033: (DUMMY-ACTION-3-1) [1]
33.034: (CHOOSE_CYCH_L8_L7) [1]
34.035: (CHOOSE_CDK7_L9_L8) [1]
35.036: (INITIALIZE_CYCH) [1]
36.037: (INITIALIZE_CDK7) [1]
37.038: (ASSOCIATE_CDK7_CYCH_CDK7-CYCH) [1]
38.039: (INITIALIZE_CDK46P1) [1]
39.040: (ASSOCIATE-WITH-CATALYZE_CDK46P1_CDC25AP1_CDK46) [1]
40.041: (CHOOSE_P16_L10_L9) [1]
41.042: (ASSOCIATE-WITH-CATALYZE_CDK46_CDK7-CYCH_CDK46P2) [1]
42.043: (INITIALIZE_P16) [1]
43.044: (ASSOCIATE_P16_CDK46P2_P16-CDK46P2) [1]
44.045: (DUMMY-ACTION-4-2) [1]
45.046: (CHOOSE_E2F5-DP12P1_L11_L10) [1]
46.047: (CHOOSE_P130_L12_L11) [1]
47.048: (INITIALIZE_E2F5-DP12P1) [1]
48.049: (INITIALIZE_P130) [1]
49.050: (CHOOSE_HDAC1_L13_L12) [1]
50.051: (ASSOCIATE_P130_E2F5-DP12P1_P130-E2F5-DP12P1) [1]
51.052: (INITIALIZE_HDAC1) [1]
52.053: (ASSOCIATE_HDAC1_P130-E2F5-DP12P1_HDAC1-P130-E2F5-DP12P1) [1]
53.054: (DUMMY-ACTION-5-2) [1]
54.055: (INITIALIZE_CDK46P1) [1]
55.056: (SYNTHESIZE_SP1-GP_CYCDP1) [1]
56.057: (ASSOCIATE-WITH-CATALYZE_CDK46P1_CDC25AP1_CDK46) [1]
57.058: (ASSOCIATE_CDK46_CYCDP1_CDK46-CYCDP1) [1]
58.059: (ASSOCIATE-WITH-CATALYZE_CDK46-CYCDP1_CDK7-CYCH_CDK46P2-CYCDP1) [1]
59.060: (DUMMY-ACTION-6-2) [1]
60.061: (INITIALIZE_CDK46P1) [1]
61.062: (SYNTHESIZE_SP1-GP_CYCD) [1]
62.063: (ASSOCIATE-WITH-CATALYZE_CDK46P1_CDC25AP1_CDK46) [1]
63.064: (ASSOCIATE_CDK46_CYCD_CDK46-CYCD) [1]
64.065: (DUMMY-ACTION-7-2) [1]
65.066: (INITIALIZE_CDK46P1) [1]
66.067: (ASSOCIATE-WITH-CATALYZE_CDK46P1_CDC25AP1_CDK46) [1]
67.068: (ASSOCIATE-WITH-CATALYZE_CDK46_CDK7-CYCH_CDK46P2) [1]
68.069: (DUMMY-ACTION-8-1) [1]
69.070: (SYNTHESIZE_C-MYC-MAX-GCDC25A_CDC25A) [1]
70.071: (ASSOCIATE_RAF1_CDC25A_RAF1-CDC25A) [1]
71.072: (DUMMY-ACTION-9-2) [1]
72.073: (DUMMY-ACTION-10-2) [1]
73.074: (INITIALIZE_RAF1) [1]
74.075: (ASSOCIATE_RAF1_CDC25AP1_RAF1-CDC25AP1) [1]
75.076: (DUMMY-ACTION-11-1) [1]
76.077: (CHOOSE_P57_L14_L13) [1]
77.078: (INITIALIZE_P57) [1]
78.079: (ASSOCIATE_P57_CDK46P2-CYCDP1_P57-CDK46P2-CYCDP1) [1]
79.080: (DUMMY-ACTION-12-1) [1]
80.081: (SYNTHESIZE_SP1-GP_CYCA) [1]
81.082: (DUMMY-ACTION-13-2) [1]
82.083: (ASSOCIATE-WITH-CATALYZE_CDK46-CYCD_CDK7-CYCH_CDK46P2-CYCD) [1]
83.084: (INITIALIZE_P57P1) [1]
84.085: (ASSOCIATE_P57P1_CDK46P2-CYCD_P57P1-CDK46P2-CYCD) [1]
85.086: (DUMMY-ACTION-14-1) [1]
86.087: (INITIALIZE_RAF1) [1]
87.088: (SYNTHESIZE_C-MYC-MAX-GCDC25A_CDC25A) [1]
88.089: (ASSOCIATE-WITH-CATALYZE_CDC25A_RAF1_CDC25AP1) [1]
89.090: (INITIALIZE_CDK46P1) [1]
90.091: (SYNTHESIZE_SP1-GP_CYCD) [1]
91.092: (ASSOCIATE-WITH-CATALYZE_CDK46P1_CDC25AP1_CDK46) [1]
92.093: (ASSOCIATE_CDK46_CYCD_CDK46-CYCD) [1]
93.094: (INITIALIZE_P57) [1]
94.095: (ASSOCIATE_P57_CDK46-CYCD_P57-CDK46-CYCD) [1]
95.096: (DUMMY-ACTION-15-1) [1]
96.097: (CHOOSE_P53P1_L15_L14) [1]
97.098: (SYNTHESIZE_SP1-GP_CYCD) [1]
98.099: (INITIALIZE_P53P1) [1]
99.100: (ASSOCIATE_CDK46P2_CYCD_CDK46P2-CYCD) [1]
100.101: (SYNTHESIZE_P53P1_P21) [1]
101.102: (ASSOCIATE_P21_CDK46P2-CYCD_P21-CDK46P2-CYCD) [1]
102.103: (DUMMY-ACTION-16-1) [1]
103.104: (CHOOSE_CDK46P3-CYCD_L16_L15) [1]
104.105: (CHOOSE_PRBP2_L17_L16) [1]
105.106: (CHOOSE_AP2_L18_L17) [1]
106.107: (INITIALIZE_CDK46P3-CYCD) [1]
107.108: (INITIALIZE_PRBP2) [1]
108.109: (INITIALIZE_AP2) [1]
109.110: (ASSOCIATE-WITH-CATALYZE_PRBP2_CDK46P3-CYCD_PRBP1P2) [1]
110.111: (ASSOCIATE_PRBP1P2_AP2_PRBP1P2-AP2) [1]
111.112: (DUMMY-ACTION-17-2) [1]
112.113: (CHOOSE_CDK2_L19_L18) [1]
113.114: (INITIALIZE_CDK2) [1]
114.115: (ASSOCIATE_CDK2_CYCA_CDK2-CYCA) [1]
115.116: (CHOOSE_E2F13_L20_L19) [1]
116.117: (INITIALIZE_E2F13) [1]
117.118: (ASSOCIATE-WITH-CATALYZE_CDK2-CYCA_CDK7-CYCH_CDK2P2-CYCA) [1]
118.119: (ASSOCIATE-WITH-CATALYZE_E2F13_CDK2P2-CYCA_E2F13P1) [1]
119.120: (ASSOCIATE_CDK2P2-CYCA_E2F13P1_CDK2P2-CYCA-E2F13P1) [1]
120.121: (DUMMY-ACTION-18-1) [1]
121.122: (SYNTHESIZE_C-MYC-MAX-GCDC25A_CDC25A) [1]
122.123: (DUMMY-ACTION-19-2) [1]
123.124: (INITIALIZE_MAX) [1]
124.125: (SYNTHESIZE_SP1-GP_C-MYC) [1]
125.126: (ASSOCIATE_C-MYC_MAX_C-MYC-MAX) [1]
126.127: (DUMMY-ACTION-20-2) [1]
127.128: (SYNTHESIZE_SP1-GP_CYCD) [1]
128.129: (INITIALIZE_CDK46P1) [1]
129.130: (ASSOCIATE_CDK46P1_CYCD_CDK46P1-CYCD) [1]
130.131: (SYNTHESIZE_P53P1_P21) [1]
131.132: (ASSOCIATE_P21_CDK46P1-CYCD_P21-CDK46P1-CYCD) [1]
132.133: (DUMMY-ACTION-21-1) [1]
133.134: (SYNTHESIZE_SP1-GP_CYCE) [1]
134.135: (INITIALIZE_CDK2) [1]
135.136: (CHOOSE_PCNA_L21_L20) [1]
136.137: (ASSOCIATE_CDK2_CYCE_CDK2-CYCE) [1]
137.138: (SYNTHESIZE_P53P1_P21) [1]
138.139: (INITIALIZE_PCNA) [1]
139.140: (ASSOCIATE-WITH-CATALYZE_CDK2-CYCE_CDK7-CYCH_CDK2P2-CYCE) [1]
140.141: (ASSOCIATE_PCNA_P21_PCNA-P21) [1]
141.142: (ASSOCIATE_PCNA-P21_CDK2P2-CYCE_PCNA-P21-CDK2P2-CYCE) [1]
142.143: (DUMMY-ACTION-22-1) [1]
143.144: (INITIALIZE_CDK7) [1]
144.145: (ASSOCIATE-WITH-CATALYZE_CDK7_CDK7-CYCH_CDK7P1) [1]
145.146: (INITIALIZE_P16) [1]
146.147: (ASSOCIATE_P16_CDK7P1_P16-CDK7P1) [1]
147.148: (DUMMY-ACTION-23-2) [1]
148.149: (CHOOSE_E2F13-DP12_L22_L21) [1]
149.150: (INITIALIZE_E2F13-DP12) [1]
150.151: (SYNTHESIZE_P53P1_MDM2) [1]
151.152: (ASSOCIATE_MDM2_E2F13-DP12_MDM2-E2F13-DP12) [1]
152.153: (DUMMY-ACTION-24-2) [1]
153.154: (SYNTHESIZE_SP1-GP_CYCD) [1]
154.155: (INITIALIZE_CDK46P1) [1]
155.156: (ASSOCIATE_CDK46P1_CYCD_CDK46P1-CYCD) [1]
156.157: (ASSOCIATE-WITH-CATALYZE_CDK46P1-CYCD_CDK7-CYCH_CDK46P1P2-CYCD) [1]
157.158: (INITIALIZE_P57P1) [1]
158.159: (ASSOCIATE_P57P1_CDK46P1P2-CYCD_P57P1-CDK46P1P2-CYCD) [1]
159.160: (DUMMY-ACTION-25-1) [1]
160.161: (CHOOSE_CDK2P1_L23_L22) [1]
161.162: (SYNTHESIZE_SP1-GP_CYCEP1) [1]
162.163: (INITIALIZE_CDK2P1) [1]
163.164: (ASSOCIATE_CDK2P1_CYCEP1_CDK2P1-CYCEP1) [1]
164.165: (ASSOCIATE-WITH-CATALYZE_CDK2P1-CYCEP1_CDK7-CYCH_CDK2P1P2-CYCEP1) [1]
165.166: (INITIALIZE_P57) [1]
166.167: (ASSOCIATE_P57_CDK2P1P2-CYCEP1_P57-CDK2P1P2-CYCEP1) [1]
167.168: (DUMMY-ACTION-26-1) [1]
168.169: (SYNTHESIZE_SP1-GP_CYCE) [1]
169.170: (INITIALIZE_CDK2P1) [1]
170.171: (ASSOCIATE_CDK2P1_CYCE_CDK2P1-CYCE) [1]
171.172: (DUMMY-ACTION-27-2) [1]
172.173: (SYNTHESIZE_SP1-GP_CYCEP1) [1]
173.174: (INITIALIZE_CDK2) [1]
174.175: (ASSOCIATE_CDK2_CYCEP1_CDK2-CYCEP1) [1]
175.176: (SYNTHESIZE_P53P1_P21) [1]
176.177: (ASSOCIATE_P21_CDK2-CYCEP1_P21-CDK2-CYCEP1) [1]
177.178: (DUMMY-ACTION-28-1) [1]
178.179: (CHOOSE_JUN_L24_L23) [1]
179.180: (INITIALIZE_PRBP2) [1]
180.181: (INITIALIZE_JUN) [1]
181.182: (ASSOCIATE-WITH-CATALYZE_PRBP2_CDK46P3-CYCD_PRBP1P2) [1]
182.183: (ASSOCIATE_PRBP1P2_JUN_PRBP1P2-JUN) [1]
183.184: (DUMMY-ACTION-29-2) [1]
184.185: (INITIALIZE_P57) [1]
185.186: (ASSOCIATE_P57_CDK2P1-CYCE_P57-CDK2P1-CYCE) [1]
186.187: (DUMMY-ACTION-30-1) [1]
187.188: (SYNTHESIZE_SP1-GP_P107P1) [1]
188.189: (INITIALIZE_SP1) [1]
189.190: (INITIALIZE_GP) [1]
190.191: (ASSOCIATE_SP1_P107P1_SP1-P107P1) [1]
191.192: (ASSOCIATE_SP1-P107P1_GP_SP1-P107P1-GP) [1]
192.193: (DUMMY-ACTION-31-2) [1]
193.194: (SYNTHESIZE_SP1-GP_P19ARF) [1]
194.195: (DUMMY-ACTION-32-2) [1]
195.196: (SYNTHESIZE_SP1-GP_CYCA) [1]
196.197: (INITIALIZE_CDK2P1) [1]
197.198: (ASSOCIATE_CDK2P1_CYCA_CDK2P1-CYCA) [1]
198.199: (INITIALIZE_P57) [1]
199.200: (ASSOCIATE_P57_CDK2P1-CYCA_P57-CDK2P1-CYCA) [1]
200.201: (DUMMY-ACTION-33-2) [1]
201.202: (INITIALIZE_CDK46P1) [1]
202.203: (ASSOCIATE-WITH-CATALYZE_CDK46P1_CDK7-CYCH_CDK46P1P2) [1]
203.204: (INITIALIZE_P16) [1]
204.205: (ASSOCIATE_P16_CDK46P1P2_P16-CDK46P1P2) [1]
205.206: (DUMMY-ACTION-34-1) [1]
206.207: (SYNTHESIZE_SP1-GP_CYCA) [1]
207.208: (INITIALIZE_CDK2) [1]
208.209: (ASSOCIATE_CDK2_CYCA_CDK2-CYCA) [1]
209.210: (ASSOCIATE-WITH-CATALYZE_CDK2-CYCA_CDK7-CYCH_CDK2P2-CYCA) [1]
210.211: (INITIALIZE_P57) [1]
211.212: (ASSOCIATE_P57_CDK2P2-CYCA_P57-CDK2P2-CYCA) [1]
212.213: (DUMMY-ACTION-35-1) [1]
213.214: (SYNTHESIZE_SP1-GP_CYCE) [1]
214.215: (INITIALIZE_CDK2P1) [1]
215.216: (SYNTHESIZE_P53P1_P21) [1]
216.217: (INITIALIZE_PCNA) [1]
217.218: (ASSOCIATE_CDK2P1_CYCE_CDK2P1-CYCE) [1]
218.219: (ASSOCIATE_PCNA_P21_PCNA-P21) [1]
219.220: (ASSOCIATE_PCNA-P21_CDK2P1-CYCE_PCNA-P21-CDK2P1-CYCE) [1]
220.221: (DUMMY-ACTION-36-1) [1]
221.222: (SYNTHESIZE_SP1-GP_CYCA) [1]
222.223: (INITIALIZE_CDK2) [1]
223.224: (ASSOCIATE_CDK2_CYCA_CDK2-CYCA) [1]
224.225: (CHOOSE_SKP2_L25_L24) [1]
225.226: (ASSOCIATE-WITH-CATALYZE_CDK2-CYCA_CDK7-CYCH_CDK2P2-CYCA) [1]
226.227: (INITIALIZE_SKP2) [1]
227.228: (ASSOCIATE-WITH-CATALYZE_SKP2_CDK2P2-CYCA_SKP2P1) [1]
228.229: (DUMMY-ACTION-37-2) [1]
__MEMKB 64760
