blackbox version 43
command line:  ./blackbox -o /home/matheus/repo/acervo-2010/planejadores_analise_resultados/comp/pipesworld/domain.pddl -f /home/matheus/repo/acervo-2010/planejadores_analise_resultados/comp/pipesworld/p16.pddl

Begin solver specification
    -maxint        0   -maxsec 10.000000  graphplan
    -maxint        0   -maxsec 0.000000  chaff
End solver specification
Loading domain file: /home/matheus/repo/acervo-2010/planejadores_analise_resultados/comp/pipesworld/domain.pddl
Loading fact file: /home/matheus/repo/acervo-2010/planejadores_analise_resultados/comp/pipesworld/p16.pddl
Problem name: p16-net2-b14-g6-rt0-instance
Facts loaded.
time: 1, 420 facts and 51 exclusive pairs.
time: 2, 433 facts and 71 exclusive pairs.
time: 3, 452 facts and 301 exclusive pairs.
time: 4, 462 facts and 447 exclusive pairs.
time: 5, 472 facts and 589 exclusive pairs.
time: 6, 487 facts and 890 exclusive pairs.
time: 7, 502 facts and 1236 exclusive pairs.
time: 8, 526 facts and 1946 exclusive pairs.
time: 9, 548 facts and 2819 exclusive pairs.
Too many ops. Need to increase MAXNODES
Command exited with non-zero status 1
__MEMKB 154496
