blackbox version 43
command line:  ./blackbox -o /home/matheus/repo/acervo-2010/planejadores_analise_resultados/comp/pipesworld/domain.pddl -f /home/matheus/repo/acervo-2010/planejadores_analise_resultados/comp/pipesworld/p17.pddl

Begin solver specification
    -maxint        0   -maxsec 10.000000  graphplan
    -maxint        0   -maxsec 0.000000  chaff
End solver specification
Loading domain file: /home/matheus/repo/acervo-2010/planejadores_analise_resultados/comp/pipesworld/domain.pddl
Loading fact file: /home/matheus/repo/acervo-2010/planejadores_analise_resultados/comp/pipesworld/p17.pddl
Problem name: p17-net2-b16-g5-rt0-instance
Facts loaded.
time: 1, 319 facts and 343 exclusive pairs.
time: 2, 325 facts and 348 exclusive pairs.
time: 3, 352 facts and 776 exclusive pairs.
time: 4, 362 facts and 964 exclusive pairs.
time: 5, 397 facts and 1879 exclusive pairs.
time: 6, 415 facts and 2391 exclusive pairs.
time: 7, 485 facts and 8833 exclusive pairs.
time: 8, 505 facts and 8972 exclusive pairs.
Goals reachable at 8 steps but mutually exclusive.
Too many ops. Need to increase MAXNODES
Command exited with non-zero status 1
__MEMKB 127232
