blackbox version 43
command line:  ./blackbox -o /home/matheus/repo/acervo-2010/planejadores_analise_resultados/comp/pipesworld/domain.pddl -f /home/matheus/repo/acervo-2010/planejadores_analise_resultados/comp/pipesworld/p22.pddl

Begin solver specification
    -maxint        0   -maxsec 10.000000  graphplan
    -maxint        0   -maxsec 0.000000  chaff
End solver specification
Loading domain file: /home/matheus/repo/acervo-2010/planejadores_analise_resultados/comp/pipesworld/domain.pddl
Loading fact file: /home/matheus/repo/acervo-2010/planejadores_analise_resultados/comp/pipesworld/p22.pddl
Problem name: p22-net3-b12-g4-rt0-instance
Facts loaded.
time: 1, 376 facts and 131 exclusive pairs.
time: 2, 401 facts and 385 exclusive pairs.
time: 3, 426 facts and 748 exclusive pairs.
time: 4, 453 facts and 1475 exclusive pairs.
time: 5, 478 facts and 2192 exclusive pairs.
time: 6, 512 facts and 3876 exclusive pairs.
time: 7, 536 facts and 4755 exclusive pairs.
Too many ops. Need to increase MAXNODES
Command exited with non-zero status 1
__MEMKB 130688
