blackbox version 43
command line:  ./blackbox -o /home/matheus/repo/acervo-2010/planejadores_analise_resultados/comp/gripper/domain.pddl -f /home/matheus/repo/acervo-2010/planejadores_analise_resultados/comp/gripper/pfile18.pddl

Begin solver specification
    -maxint        0   -maxsec 10.000000  graphplan
    -maxint        0   -maxsec 0.000000  chaff
End solver specification
Loading domain file: /home/matheus/repo/acervo-2010/planejadores_analise_resultados/comp/gripper/domain.pddl
Loading fact file: /home/matheus/repo/acervo-2010/planejadores_analise_resultados/comp/gripper/pfile18.pddl
Problem name: gripper-36
Facts loaded.
time: 1, 152 facts and 1513 exclusive pairs.
time: 2, 152 facts and 1441 exclusive pairs.
time: 3, 188 facts and 1585 exclusive pairs.
Goals first reachable in 3 steps.
1463 nodes created.

####################################################
goals at time 4:
  at_ball1_roomb at_ball2_roomb at_ball3_roomb at_ball4_roomb at_ball5_roomb 
at_ball6_roomb at_ball7_roomb at_ball8_roomb at_ball9_roomb at_ball10_roomb 
at_ball11_roomb at_ball12_roomb at_ball13_roomb at_ball14_roomb at_ball15_roomb 
at_ball16_roomb at_ball17_roomb at_ball18_roomb at_ball19_roomb at_ball20_roomb 
at_ball21_roomb at_ball22_roomb at_ball23_roomb at_ball24_roomb at_ball25_roomb 
at_ball26_roomb at_ball27_roomb at_ball28_roomb at_ball29_roomb at_ball30_roomb 
at_ball31_roomb at_ball32_roomb at_ball33_roomb at_ball34_roomb at_ball35_roomb 
at_ball36_roomb 


----------------------------------------------------
Invoking solver graphplan
Result is Unsat
Iteration was 3

----------------------------------------------------
Can't solve in 3 steps
time: 4, 188 facts and 1549 exclusive pairs.
666 new nodes added.

####################################################
goals at time 5:
  at_ball1_roomb at_ball2_roomb at_ball3_roomb at_ball4_roomb at_ball5_roomb 
at_ball6_roomb at_ball7_roomb at_ball8_roomb at_ball9_roomb at_ball10_roomb 
at_ball11_roomb at_ball12_roomb at_ball13_roomb at_ball14_roomb at_ball15_roomb 
at_ball16_roomb at_ball17_roomb at_ball18_roomb at_ball19_roomb at_ball20_roomb 
at_ball21_roomb at_ball22_roomb at_ball23_roomb at_ball24_roomb at_ball25_roomb 
at_ball26_roomb at_ball27_roomb at_ball28_roomb at_ball29_roomb at_ball30_roomb 
at_ball31_roomb at_ball32_roomb at_ball33_roomb at_ball34_roomb at_ball35_roomb 
at_ball36_roomb 


----------------------------------------------------
Invoking solver graphplan
Result is Unsat
Iteration was 18543

----------------------------------------------------
Can't solve in 4 steps
time: 5, 188 facts and 1549 exclusive pairs.
666 new nodes added.

####################################################
goals at time 6:
  at_ball1_roomb at_ball2_roomb at_ball3_roomb at_ball4_roomb at_ball5_roomb 
at_ball6_roomb at_ball7_roomb at_ball8_roomb at_ball9_roomb at_ball10_roomb 
at_ball11_roomb at_ball12_roomb at_ball13_roomb at_ball14_roomb at_ball15_roomb 
at_ball16_roomb at_ball17_roomb at_ball18_roomb at_ball19_roomb at_ball20_roomb 
at_ball21_roomb at_ball22_roomb at_ball23_roomb at_ball24_roomb at_ball25_roomb 
at_ball26_roomb at_ball27_roomb at_ball28_roomb at_ball29_roomb at_ball30_roomb 
at_ball31_roomb at_ball32_roomb at_ball33_roomb at_ball34_roomb at_ball35_roomb 
at_ball36_roomb 


----------------------------------------------------
Invoking solver graphplan
Result is Unsat
Iteration was 236814

----------------------------------------------------
Can't solve in 5 steps
time: 6, 188 facts and 1549 exclusive pairs.
666 new nodes added.

####################################################
goals at time 7:
  at_ball1_roomb at_ball2_roomb at_ball3_roomb at_ball4_roomb at_ball5_roomb 
at_ball6_roomb at_ball7_roomb at_ball8_roomb at_ball9_roomb at_ball10_roomb 
at_ball11_roomb at_ball12_roomb at_ball13_roomb at_ball14_roomb at_ball15_roomb 
at_ball16_roomb at_ball17_roomb at_ball18_roomb at_ball19_roomb at_ball20_roomb 
at_ball21_roomb at_ball22_roomb at_ball23_roomb at_ball24_roomb at_ball25_roomb 
at_ball26_roomb at_ball27_roomb at_ball28_roomb at_ball29_roomb at_ball30_roomb 
at_ball31_roomb at_ball32_roomb at_ball33_roomb at_ball34_roomb at_ball35_roomb 
at_ball36_roomb 


----------------------------------------------------
Invoking solver graphplan
Result is Unsat
Iteration was 26678697

----------------------------------------------------
Can't solve in 6 steps
time: 7, 188 facts and 1549 exclusive pairs.
666 new nodes added.

####################################################
goals at time 8:
  at_ball1_roomb at_ball2_roomb at_ball3_roomb at_ball4_roomb at_ball5_roomb 
at_ball6_roomb at_ball7_roomb at_ball8_roomb at_ball9_roomb at_ball10_roomb 
at_ball11_roomb at_ball12_roomb at_ball13_roomb at_ball14_roomb at_ball15_roomb 
at_ball16_roomb at_ball17_roomb at_ball18_roomb at_ball19_roomb at_ball20_roomb 
at_ball21_roomb at_ball22_roomb at_ball23_roomb at_ball24_roomb at_ball25_roomb 
at_ball26_roomb at_ball27_roomb at_ball28_roomb at_ball29_roomb at_ball30_roomb 
at_ball31_roomb at_ball32_roomb at_ball33_roomb at_ball34_roomb at_ball35_roomb 
at_ball36_roomb 


----------------------------------------------------
Invoking solver graphplan
