blackbox version 43
command line:  ./blackbox -o /home/matheus/repo/acervo-2010/planejadores_analise_resultados/comp/gripper/domain.pddl -f /home/matheus/repo/acervo-2010/planejadores_analise_resultados/comp/gripper/pfile6.pddl

Begin solver specification
    -maxint        0   -maxsec 10.000000  graphplan
    -maxint        0   -maxsec 0.000000  chaff
End solver specification
Loading domain file: /home/matheus/repo/acervo-2010/planejadores_analise_resultados/comp/gripper/domain.pddl
Loading fact file: /home/matheus/repo/acervo-2010/planejadores_analise_resultados/comp/gripper/pfile6.pddl
Problem name: gripper-12
Facts loaded.
time: 1, 56 facts and 217 exclusive pairs.
time: 2, 56 facts and 193 exclusive pairs.
time: 3, 68 facts and 241 exclusive pairs.
Goals first reachable in 3 steps.
527 nodes created.

####################################################
goals at time 4:
  at_ball1_roomb at_ball2_roomb at_ball3_roomb at_ball4_roomb at_ball5_roomb 
at_ball6_roomb at_ball7_roomb at_ball8_roomb at_ball9_roomb at_ball10_roomb 
at_ball11_roomb at_ball12_roomb 


----------------------------------------------------
Invoking solver graphplan
Result is Unsat
Iteration was 3

----------------------------------------------------
Can't solve in 3 steps
time: 4, 68 facts and 229 exclusive pairs.
234 new nodes added.

####################################################
goals at time 5:
  at_ball1_roomb at_ball2_roomb at_ball3_roomb at_ball4_roomb at_ball5_roomb 
at_ball6_roomb at_ball7_roomb at_ball8_roomb at_ball9_roomb at_ball10_roomb 
at_ball11_roomb at_ball12_roomb 


----------------------------------------------------
Invoking solver graphplan
Result is Unsat
Iteration was 1007

----------------------------------------------------
Can't solve in 4 steps
time: 5, 68 facts and 229 exclusive pairs.
234 new nodes added.

####################################################
goals at time 6:
  at_ball1_roomb at_ball2_roomb at_ball3_roomb at_ball4_roomb at_ball5_roomb 
at_ball6_roomb at_ball7_roomb at_ball8_roomb at_ball9_roomb at_ball10_roomb 
at_ball11_roomb at_ball12_roomb 


----------------------------------------------------
Invoking solver graphplan
Result is Unsat
Iteration was 11402

----------------------------------------------------
Can't solve in 5 steps
time: 6, 68 facts and 229 exclusive pairs.
234 new nodes added.

####################################################
goals at time 7:
  at_ball1_roomb at_ball2_roomb at_ball3_roomb at_ball4_roomb at_ball5_roomb 
at_ball6_roomb at_ball7_roomb at_ball8_roomb at_ball9_roomb at_ball10_roomb 
at_ball11_roomb at_ball12_roomb 


----------------------------------------------------
Invoking solver graphplan
Result is Unsat
Iteration was 237477

----------------------------------------------------
Can't solve in 6 steps
time: 7, 68 facts and 229 exclusive pairs.
234 new nodes added.

####################################################
goals at time 8:
  at_ball1_roomb at_ball2_roomb at_ball3_roomb at_ball4_roomb at_ball5_roomb 
at_ball6_roomb at_ball7_roomb at_ball8_roomb at_ball9_roomb at_ball10_roomb 
at_ball11_roomb at_ball12_roomb 


----------------------------------------------------
Invoking solver graphplan
Result is Unsat
Iteration was 951297

----------------------------------------------------
Can't solve in 7 steps
time: 8, 68 facts and 229 exclusive pairs.
234 new nodes added.

####################################################
goals at time 9:
  at_ball1_roomb at_ball2_roomb at_ball3_roomb at_ball4_roomb at_ball5_roomb 
at_ball6_roomb at_ball7_roomb at_ball8_roomb at_ball9_roomb at_ball10_roomb 
at_ball11_roomb at_ball12_roomb 


----------------------------------------------------
Invoking solver graphplan
Result is Unsat
Iteration was 4411170

----------------------------------------------------
Can't solve in 8 steps
time: 9, 68 facts and 229 exclusive pairs.
234 new nodes added.

####################################################
goals at time 10:
  at_ball1_roomb at_ball2_roomb at_ball3_roomb at_ball4_roomb at_ball5_roomb 
at_ball6_roomb at_ball7_roomb at_ball8_roomb at_ball9_roomb at_ball10_roomb 
at_ball11_roomb at_ball12_roomb 


----------------------------------------------------
Invoking solver graphplan
Result is Unsat
Iteration was 11843166

----------------------------------------------------
Can't solve in 9 steps
time: 10, 68 facts and 229 exclusive pairs.
234 new nodes added.

####################################################
goals at time 11:
  at_ball1_roomb at_ball2_roomb at_ball3_roomb at_ball4_roomb at_ball5_roomb 
at_ball6_roomb at_ball7_roomb at_ball8_roomb at_ball9_roomb at_ball10_roomb 
at_ball11_roomb at_ball12_roomb 


----------------------------------------------------
Invoking solver graphplan
Result is Unsat
Iteration was 39413926

----------------------------------------------------
Can't solve in 10 steps
time: 11, 68 facts and 229 exclusive pairs.
234 new nodes added.

####################################################
goals at time 12:
  at_ball1_roomb at_ball2_roomb at_ball3_roomb at_ball4_roomb at_ball5_roomb 
at_ball6_roomb at_ball7_roomb at_ball8_roomb at_ball9_roomb at_ball10_roomb 
at_ball11_roomb at_ball12_roomb 


----------------------------------------------------
Invoking solver graphplan
Result is Unsat
Iteration was 91509962

----------------------------------------------------
Can't solve in 11 steps
time: 12, 68 facts and 229 exclusive pairs.
234 new nodes added.

####################################################
goals at time 13:
  at_ball1_roomb at_ball2_roomb at_ball3_roomb at_ball4_roomb at_ball5_roomb 
at_ball6_roomb at_ball7_roomb at_ball8_roomb at_ball9_roomb at_ball10_roomb 
at_ball11_roomb at_ball12_roomb 


----------------------------------------------------
Invoking solver graphplan
