Parsing...
Instantiating...
Starting instantiation [687 rules]...
Finding invariants...
Instantiating groups...
Choosing groups...
96 uncovered facts
Building translation key...
Building STRIPS to SAS dictionary...
Translating task...
Processing axioms...
Detecting unreachable propositions...
Removed false proposition: <none of those>
Removed false proposition: <none of those>
Removed false proposition: <none of those>
Removed false proposition: <none of those>
Removed false proposition: <none of those>
Removed false proposition: <none of those>
Removed false proposition: <none of those>
Removed false proposition: <none of those>
Removed false proposition: <none of those>
Removed false proposition: <none of those>
Removed false proposition: <none of those>
Removed false proposition: <none of those>
Removed false proposition: <none of those>
Removed false proposition: <none of those>
Removed false proposition: <none of those>
Removed false proposition: <none of those>
Removed false proposition: <none of those>
Removed false proposition: <none of those>
Removed false proposition: <none of those>
Removed false proposition: <none of those>
Removed false proposition: <none of those>
Removed false proposition: <none of those>
Removed false proposition: <none of those>
23 propositions removed.
Writing output...
Done!
Building causal graph...
The causal graph is not acyclic.
83 variables of 119 necessary
256 of 266 operators necessary.
0 of 0 axiom rules necessary.
Building domain transition graphs...
solveable in poly time 0
Building successor generator...
Writing output...
done

Simplifying transitions... done! (reduced from 484 to 306)
Initializing heuristic cache... done!
Conducting best first search.
Initializing causal graph heuristic...
Initializing HSP/FF heuristic...
Simplifying 484 unary operators... done! [484 unary operators]
Best heuristic value: 48/29 [expanded 1 state(s)]
Best heuristic value: 44/28 [expanded 2 state(s)]
Best heuristic value: 40/27 [expanded 3 state(s)]
Best heuristic value: 36/26 [expanded 4 state(s)]
Best heuristic value: 32/25 [expanded 5 state(s)]
Best heuristic value: 28/24 [expanded 6 state(s)]
Best heuristic value: 27/23 [expanded 7 state(s)]
Best heuristic value: 26/22 [expanded 8 state(s)]
Best heuristic value: 25/21 [expanded 9 state(s)]
Best heuristic value: 24/20 [expanded 10 state(s)]
Best heuristic value: 23/19 [expanded 11 state(s)]
Best heuristic value: 22/18 [expanded 12 state(s)]
Best heuristic value: 20/17 [expanded 13 state(s)]
Best heuristic value: 18/16 [expanded 14 state(s)]
Best heuristic value: 17/15 [expanded 15 state(s)]
Best heuristic value: 16/14 [expanded 16 state(s)]
Best heuristic value: 15/13 [expanded 17 state(s)]
Best heuristic value: 14/12 [expanded 18 state(s)]
Best heuristic value: 13/11 [expanded 19 state(s)]
Best heuristic value: 12/10 [expanded 20 state(s)]
Best heuristic value: 10/9 [expanded 21 state(s)]
Best heuristic value: 8/8 [expanded 22 state(s)]
Best heuristic value: 7/7 [expanded 25 state(s)]
Best heuristic value: 6/6 [expanded 27 state(s)]
Best heuristic value: 5/5 [expanded 29 state(s)]
Best heuristic value: 4/4 [expanded 31 state(s)]
Best heuristic value: 3/3 [expanded 34 state(s)]
Best heuristic value: 2/2 [expanded 35 state(s)]
Best heuristic value: 1/1 [expanded 36 state(s)]
Solution found!
choose_e2f13-dp12_l1_l0 
initialize_e2f13-dp12 
choose_ge2_l2_l1 
initialize_ge2 
associate_e2f13-dp12_ge2_e2f13-dp12-ge2 
synthesize_e2f13-dp12-ge2_c-myc 
dummy-action-6-2 
synthesize_e2f13-dp12-ge2_p107 
synthesize_e2f13-dp12-ge2_p107p1 
synthesize_e2f13-dp12-ge2_cyce 
dummy-action-1-2 
choose_p53_l3_l2 
initialize_p53 
synthesize_p53_p21 
synthesize_p53_gadd45 
choose_pcna_l4_l3 
initialize_pcna 
associate_pcna_p21_pcna-p21 
dummy-action-4-1 
choose_sp1_l5_l4 
initialize_sp1 
choose_cdk1p1p2_l6_l5 
initialize_cdk1p1p2 
associate_cdk1p1p2_gadd45_cdk1p1p2-gadd45 
dummy-action-3-2 
associate_sp1_p107_sp1-p107 
dummy-action-2-2 
initialize_sp1 
associate_sp1_p107p1_sp1-p107p1 
dummy-action-5-2 
Plan length: 30 step(s).
Expanded 37 state(s).
Generated 1221 state(s).
Cache hits: 200
Cache misses: 991
Search time: 0 seconds
Total time: 0 seconds
__MEMKB 803480
