---SatPlan Version: 1.1

bb: parsing domain file
domain 'DRIVERLOG' defined
 ... done.
bb: parsing problem file
problem 'DLOG-8-6-25' defined
 ... done.


time:   0,    45 facts and       0 exclusive pairs
              94 ops   and     159 exclusive pairs
time:   1,    94 facts and     159 exclusive pairs

creating thin gp-based encoding...
plan graph layer 0...
plan graph layer 1...
goal constraints...

goal fact not coded - level too low??


bb: parsing domain file
domain 'DRIVERLOG' defined
 ... done.
bb: parsing problem file
problem 'DLOG-8-6-25' defined
 ... done.


time:   0,    45 facts and       0 exclusive pairs
              94 ops   and     159 exclusive pairs
time:   1,    94 facts and     159 exclusive pairs
             265 ops   and    3200 exclusive pairs
time:   2,   163 facts and     993 exclusive pairs

creating thin gp-based encoding...
plan graph layer 0...
plan graph layer 1...
plan graph layer 2...
goal constraints...

goal fact not coded - level too low??


bb: parsing domain file
domain 'DRIVERLOG' defined
 ... done.
bb: parsing problem file
problem 'DLOG-8-6-25' defined
 ... done.


time:   0,    45 facts and       0 exclusive pairs
              94 ops   and     159 exclusive pairs
time:   1,    94 facts and     159 exclusive pairs
             265 ops   and    3200 exclusive pairs
time:   2,   163 facts and     993 exclusive pairs
             882 ops   and   70909 exclusive pairs
time:   3,   431 facts and   13178 exclusive pairs

creating thin gp-based encoding...
plan graph layer 0...
plan graph layer 1...
plan graph layer 2...
plan graph layer 3...
goal constraints...

goal fact not coded - level too low??


bb: parsing domain file
domain 'DRIVERLOG' defined
 ... done.
bb: parsing problem file
problem 'DLOG-8-6-25' defined
 ... done.


time:   0,    45 facts and       0 exclusive pairs
              94 ops   and     159 exclusive pairs
time:   1,    94 facts and     159 exclusive pairs
             265 ops   and    3200 exclusive pairs
time:   2,   163 facts and     993 exclusive pairs
             882 ops   and   70909 exclusive pairs
time:   3,   431 facts and   13178 exclusive pairs
            2383 ops   and  710733 exclusive pairs
time:   4,   649 facts and   31014 exclusive pairs

creating thin gp-based encoding...
plan graph layer 0...
plan graph layer 1...
plan graph layer 2...
plan graph layer 3...
plan graph layer 4...
goal constraints...

goal fact not coded - level too low??


bb: parsing domain file
domain 'DRIVERLOG' defined
 ... done.
bb: parsing problem file
problem 'DLOG-8-6-25' defined
 ... done.


time:   0,    45 facts and       0 exclusive pairs
              94 ops   and     159 exclusive pairs
time:   1,    94 facts and     159 exclusive pairs
             265 ops   and    3200 exclusive pairs
time:   2,   163 facts and     993 exclusive pairs
             882 ops   and   70909 exclusive pairs
time:   3,   431 facts and   13178 exclusive pairs
            2383 ops   and  710733 exclusive pairs
time:   4,   649 facts and   31014 exclusive pairs
            5364 ops   and 4022114 exclusive pairs
time:   5,   902 facts and   23749 exclusive pairs

creating thin gp-based encoding...
plan graph layer 0...
plan graph layer 1...
plan graph layer 2...
plan graph layer 3...
plan graph layer 4...
plan graph layer 5...
goal constraints...

goal fact not coded - level too low??


bb: parsing domain file
domain 'DRIVERLOG' defined
 ... done.
bb: parsing problem file
problem 'DLOG-8-6-25' defined
 ... done.


time:   0,    45 facts and       0 exclusive pairs
              94 ops   and     159 exclusive pairs
time:   1,    94 facts and     159 exclusive pairs
             265 ops   and    3200 exclusive pairs
time:   2,   163 facts and     993 exclusive pairs
             882 ops   and   70909 exclusive pairs
time:   3,   431 facts and   13178 exclusive pairs
            2383 ops   and  710733 exclusive pairs
time:   4,   649 facts and   31014 exclusive pairs
            5364 ops   and 4022114 exclusive pairs
time:   5,   902 facts and   23749 exclusive pairs
           10743 ops   and 11643307 exclusive pairs
time:   6,  1189 facts and   24505 exclusive pairs

creating thin gp-based encoding...
plan graph layer 0...
plan graph layer 1...
plan graph layer 2...
plan graph layer 3...
plan graph layer 4...
plan graph layer 5...
plan graph layer 6...
goal constraints...

goal fact not coded - level too low??


bb: parsing domain file
domain 'DRIVERLOG' defined
 ... done.
bb: parsing problem file
problem 'DLOG-8-6-25' defined
 ... done.


time:   0,    45 facts and       0 exclusive pairs
              94 ops   and     159 exclusive pairs
time:   1,    94 facts and     159 exclusive pairs
             265 ops   and    3200 exclusive pairs
time:   2,   163 facts and     993 exclusive pairs
             882 ops   and   70909 exclusive pairs
time:   3,   431 facts and   13178 exclusive pairs
            2383 ops   and  710733 exclusive pairs
time:   4,   649 facts and   31014 exclusive pairs
            5364 ops   and 4022114 exclusive pairs
time:   5,   902 facts and   23749 exclusive pairs
           10743 ops   and 11643307 exclusive pairs
time:   6,  1189 facts and   24505 exclusive pairs
           14554 ops   and 18285136 exclusive pairs
time:   7,  1289 facts and   26242 exclusive pairsSegmentation fault (core dumped)

Memory limit exceeded: bb system call, OR Time limit exceeded: bb system call, OR bb internal error
Command exited with non-zero status 2
__MEMKB 528512
