---SatPlan Version: 1.1

bb: parsing domain file
domain 'DRIVERLOG' defined
 ... done.
bb: parsing problem file
problem 'DLOG-2-3-6' defined
 ... done.


time:   0,    14 facts and       0 exclusive pairs
              24 ops   and      18 exclusive pairs
time:   1,    24 facts and      18 exclusive pairs

creating thin gp-based encoding...
plan graph layer 0...
plan graph layer 1...
goal constraints...

goal fact not coded - level too low??


bb: parsing domain file
domain 'DRIVERLOG' defined
 ... done.
bb: parsing problem file
problem 'DLOG-2-3-6' defined
 ... done.


time:   0,    14 facts and       0 exclusive pairs
              24 ops   and      18 exclusive pairs
time:   1,    24 facts and      18 exclusive pairs
              57 ops   and     329 exclusive pairs
time:   2,    37 facts and     115 exclusive pairs

creating thin gp-based encoding...
plan graph layer 0...
plan graph layer 1...
plan graph layer 2...
goal constraints...

goal fact not coded - level too low??


bb: parsing domain file
domain 'DRIVERLOG' defined
 ... done.
bb: parsing problem file
problem 'DLOG-2-3-6' defined
 ... done.


time:   0,    14 facts and       0 exclusive pairs
              24 ops   and      18 exclusive pairs
time:   1,    24 facts and      18 exclusive pairs
              57 ops   and     329 exclusive pairs
time:   2,    37 facts and     115 exclusive pairs
             161 ops   and    5105 exclusive pairs
time:   3,    79 facts and     956 exclusive pairs

creating thin gp-based encoding...
plan graph layer 0...
plan graph layer 1...
plan graph layer 2...
plan graph layer 3...
goal constraints...

goal fact not coded - level too low??


bb: parsing domain file
domain 'DRIVERLOG' defined
 ... done.
bb: parsing problem file
problem 'DLOG-2-3-6' defined
 ... done.


time:   0,    14 facts and       0 exclusive pairs
              24 ops   and      18 exclusive pairs
time:   1,    24 facts and      18 exclusive pairs
              57 ops   and     329 exclusive pairs
time:   2,    37 facts and     115 exclusive pairs
             161 ops   and    5105 exclusive pairs
time:   3,    79 facts and     956 exclusive pairs
             316 ops   and   24488 exclusive pairs
time:   4,    98 facts and    1321 exclusive pairs

creating thin gp-based encoding...
plan graph layer 0...
plan graph layer 1...
plan graph layer 2...
plan graph layer 3...
plan graph layer 4...
goal constraints...

goal fact not coded - level too low??


bb: parsing domain file
domain 'DRIVERLOG' defined
 ... done.
bb: parsing problem file
problem 'DLOG-2-3-6' defined
 ... done.


time:   0,    14 facts and       0 exclusive pairs
              24 ops   and      18 exclusive pairs
time:   1,    24 facts and      18 exclusive pairs
              57 ops   and     329 exclusive pairs
time:   2,    37 facts and     115 exclusive pairs
             161 ops   and    5105 exclusive pairs
time:   3,    79 facts and     956 exclusive pairs
             316 ops   and   24488 exclusive pairs
time:   4,    98 facts and    1321 exclusive pairs
             479 ops   and   58231 exclusive pairs
time:   5,   108 facts and     781 exclusive pairs

creating thin gp-based encoding...
plan graph layer 0...
plan graph layer 1...
plan graph layer 2...
plan graph layer 3...
plan graph layer 4...
plan graph layer 5...
goal constraints...
exclusion constraints layer 0...
exclusion constraints layer 1...
exclusion constraints layer 2...
exclusion constraints layer 3...
exclusion constraints layer 4...
exclusion constraints layer 5...

DECISION LAYER 5, WRITING THIN GP-BASED ENCODING WITH 1397 VARS, 13970 CLAUSES.

time spent:    0.00 seconds instantiating 948 action templates
               0.00 seconds reachability analysis, yielding 111 facts and 516 actions
               0.00 seconds collecting 111 relevant facts
               0.00 seconds building connectivity graph
               0.00 seconds building (std) graph
               0.00 seconds CNF output time
               0.00 seconds total planner time (solving not included)


***Solving***


[ filemap ]
[ extract ]

variables : 1397
pure lits : 114

1-clauses : 8
2-clauses : 13721
3-clauses : 69
n-clauses : 172
discarded : 0

[ solve ]


unsatisfiable                             

[ stats ]

decisions : 136
conflicts : 7
time : ~0.01

***UNSAT***


bb: parsing domain file
domain 'DRIVERLOG' defined
 ... done.
bb: parsing problem file
problem 'DLOG-2-3-6' defined
 ... done.


time:   0,    14 facts and       0 exclusive pairs
              24 ops   and      18 exclusive pairs
time:   1,    24 facts and      18 exclusive pairs
              57 ops   and     329 exclusive pairs
time:   2,    37 facts and     115 exclusive pairs
             161 ops   and    5105 exclusive pairs
time:   3,    79 facts and     956 exclusive pairs
             316 ops   and   24488 exclusive pairs
time:   4,    98 facts and    1321 exclusive pairs
             479 ops   and   58231 exclusive pairs
time:   5,   108 facts and     781 exclusive pairs
             592 ops   and   62854 exclusive pairs
time:   6,   111 facts and     590 exclusive pairs

creating thin gp-based encoding...
plan graph layer 0...
plan graph layer 1...
plan graph layer 2...
plan graph layer 3...
plan graph layer 4...
plan graph layer 5...
plan graph layer 6...
goal constraints...
exclusion constraints layer 0...
exclusion constraints layer 1...
exclusion constraints layer 2...
exclusion constraints layer 3...
exclusion constraints layer 4...
exclusion constraints layer 5...
exclusion constraints layer 6...

DECISION LAYER 6, WRITING THIN GP-BASED ENCODING WITH 2100 VARS, 23319 CLAUSES.

time spent:    0.00 seconds instantiating 948 action templates
               0.00 seconds reachability analysis, yielding 111 facts and 516 actions
               0.00 seconds collecting 111 relevant facts
               0.00 seconds building connectivity graph
               0.00 seconds building (std) graph
               0.01 seconds CNF output time
               0.01 seconds total planner time (solving not included)


***Solving***


[ filemap ]
[ extract ]

variables : 2100
pure lits : 117

1-clauses : 8
2-clauses : 22961
3-clauses : 69
n-clauses : 281
discarded : 0

[ solve ]


unsatisfiable                             

[ stats ]

decisions : 807
conflicts : 231
time : ~0.01

***UNSAT***


bb: parsing domain file
domain 'DRIVERLOG' defined
 ... done.
bb: parsing problem file
problem 'DLOG-2-3-6' defined
 ... done.


time:   0,    14 facts and       0 exclusive pairs
              24 ops   and      18 exclusive pairs
time:   1,    24 facts and      18 exclusive pairs
              57 ops   and     329 exclusive pairs
time:   2,    37 facts and     115 exclusive pairs
             161 ops   and    5105 exclusive pairs
time:   3,    79 facts and     956 exclusive pairs
             316 ops   and   24488 exclusive pairs
time:   4,    98 facts and    1321 exclusive pairs
             479 ops   and   58231 exclusive pairs
time:   5,   108 facts and     781 exclusive pairs
             592 ops   and   62854 exclusive pairs
time:   6,   111 facts and     590 exclusive pairs
             625 ops   and   62453 exclusive pairs
time:   7,   111 facts and     576 exclusive pairs

creating thin gp-based encoding...
plan graph layer 0...
plan graph layer 1...
plan graph layer 2...
plan graph layer 3...
plan graph layer 4...
plan graph layer 5...
plan graph layer 6...
plan graph layer 7...
goal constraints...
exclusion constraints layer 0...
exclusion constraints layer 1...
exclusion constraints layer 2...
exclusion constraints layer 3...
exclusion constraints layer 4...
exclusion constraints layer 5...
exclusion constraints layer 6...
exclusion constraints layer 7...

DECISION LAYER 7, WRITING THIN GP-BASED ENCODING WITH 2836 VARS, 33364 CLAUSES.

time spent:    0.00 seconds instantiating 948 action templates
               0.00 seconds reachability analysis, yielding 111 facts and 516 actions
               0.00 seconds collecting 111 relevant facts
               0.00 seconds building connectivity graph
               0.00 seconds building (std) graph
               0.01 seconds CNF output time
               0.01 seconds total planner time (solving not included)


***Solving***


[ filemap ]
[ extract ]

variables : 2836
pure lits : 117

1-clauses : 8
2-clauses : 32895
3-clauses : 69
n-clauses : 392
discarded : 0

[ solve ]


satisfiable                             

[ stats ]

decisions : 1698
conflicts : 497
time : ~0.01


bb: parsing domain file
domain 'DRIVERLOG' defined
 ... done.
bb: parsing problem file
problem 'DLOG-2-3-6' defined
 ... done.


time:   0,    14 facts and       0 exclusive pairs
              24 ops   and      18 exclusive pairs
time:   1,    24 facts and      18 exclusive pairs
              57 ops   and     329 exclusive pairs
time:   2,    37 facts and     115 exclusive pairs
             161 ops   and    5105 exclusive pairs
time:   3,    79 facts and     956 exclusive pairs
             316 ops   and   24488 exclusive pairs
time:   4,    98 facts and    1321 exclusive pairs
             479 ops   and   58231 exclusive pairs
time:   5,   108 facts and     781 exclusive pairs
             592 ops   and   62854 exclusive pairs
time:   6,   111 facts and     590 exclusive pairs
             625 ops   and   62453 exclusive pairs
time:   7,   111 facts and     576 exclusive pairs

creating thin gp-based encoding...
plan graph layer 0...
plan graph layer 1...
plan graph layer 2...
plan graph layer 3...
plan graph layer 4...
plan graph layer 5...
plan graph layer 6...
plan graph layer 7...
goal constraints...
exclusion constraints layer 0...
exclusion constraints layer 1...
exclusion constraints layer 2...
exclusion constraints layer 3...
exclusion constraints layer 4...
exclusion constraints layer 5...
exclusion constraints layer 6...
exclusion constraints layer 7...

DECISION LAYER 7, WRITING THIN GP-BASED ENCODING WITH 2836 VARS, 33364 CLAUSES.

time spent:    0.00 seconds instantiating 948 action templates
               0.00 seconds reachability analysis, yielding 111 facts and 516 actions
               0.00 seconds collecting 111 relevant facts
               0.00 seconds building connectivity graph
               0.00 seconds building (std) graph
               0.01 seconds CNF output time
               0.01 seconds total planner time (solving not included)

Pruned:  0: (DRIVE-TRUCK TRUCK3 S1 S3 DRIVER1) [1]
Pruned:  0: (DRIVE-TRUCK TRUCK3 S1 S3 DRIVER1) [1]
Pruned:  0: (DRIVE-TRUCK TRUCK3 S1 S3 DRIVER1) [1]
Pruned:  0: (DRIVE-TRUCK TRUCK3 S1 S3 DRIVER1) [1]
Pruned:  0: (DRIVE-TRUCK TRUCK3 S1 S3 DRIVER1) [1]
Pruned:  0: (DRIVE-TRUCK TRUCK3 S1 S3 DRIVER1) [1]
Pruned:  0: (DRIVE-TRUCK TRUCK3 S1 S3 DRIVER1) [1]
Pruned:  0: (DRIVE-TRUCK TRUCK3 S1 S3 DRIVER1) [1]
Pruned:  0: (DRIVE-TRUCK TRUCK3 S1 S3 DRIVER1) [1]
Pruned:  0: (DRIVE-TRUCK TRUCK3 S1 S3 DRIVER1) [1]
Pruned:  0: (DRIVE-TRUCK TRUCK3 S1 S3 DRIVER1) [1]
Pruned:  0: (DRIVE-TRUCK TRUCK3 S1 S3 DRIVER1) [1]
Pruned:  0: (DRIVE-TRUCK TRUCK3 S1 S3 DRIVER1) [1]
Pruned:  0: (DRIVE-TRUCK TRUCK3 S1 S3 DRIVER1) [1]
Pruned:  0: (DRIVE-TRUCK TRUCK3 S1 S3 DRIVER1) [1]
Pruned:  0: (DRIVE-TRUCK TRUCK3 S1 S3 DRIVER1) [1]
Pruned:  0: (DRIVE-TRUCK TRUCK3 S1 S3 DRIVER1) [1]
Pruned:  0: (DRIVE-TRUCK TRUCK3 S1 S3 DRIVER1) [1]
Pruned:  0: (DRIVE-TRUCK TRUCK3 S1 S3 DRIVER1) [1]
Pruned:  0: (DRIVE-TRUCK TRUCK3 S1 S3 DRIVER1) [1]
Pruned:  0: (DRIVE-TRUCK TRUCK3 S1 S3 DRIVER1) [1]
Pruned:  0: (DRIVE-TRUCK TRUCK3 S1 S3 DRIVER1) [1]
Pruned:  0: (DRIVE-TRUCK TRUCK3 S1 S3 DRIVER1) [1]
Pruned:  0: (DRIVE-TRUCK TRUCK3 S1 S3 DRIVER1) [1]
Pruned:  0: (DRIVE-TRUCK TRUCK3 S1 S3 DRIVER1) [1]
Pruned:  0: (DRIVE-TRUCK TRUCK3 S1 S3 DRIVER1) [1]
Pruned:  0: (DRIVE-TRUCK TRUCK3 S1 S3 DRIVER1) [1]
Pruned:  0: (DRIVE-TRUCK TRUCK3 S1 S3 DRIVER1) [1]
Pruned:  0: (DRIVE-TRUCK TRUCK3 S1 S3 DRIVER1) [1]
Pruned:  0: (DRIVE-TRUCK TRUCK3 S1 S3 DRIVER1) [1]
Pruned:  0: (DRIVE-TRUCK TRUCK3 S1 S3 DRIVER1) [1]
Pruned:  0: (DRIVE-TRUCK TRUCK3 S1 S3 DRIVER1) [1]
Pruned:  0: (DRIVE-TRUCK TRUCK3 S1 S3 DRIVER1) [1]
Pruned:  0: (DRIVE-TRUCK TRUCK3 S1 S3 DRIVER1) [1]
Pruned:  0: (DRIVE-TRUCK TRUCK3 S1 S3 DRIVER1) [1]
Pruned:  0: (DRIVE-TRUCK TRUCK3 S1 S3 DRIVER1) [1]
Pruned:  0: (DRIVE-TRUCK TRUCK3 S1 S3 DRIVER1) [1]
Pruned:  0: (DRIVE-TRUCK TRUCK3 S1 S3 DRIVER1) [1]
Pruned:  0: (DRIVE-TRUCK TRUCK3 S1 S3 DRIVER1) [1]
Pruned:  0: (DRIVE-TRUCK TRUCK3 S1 S3 DRIVER1) [1]
Pruned:  0: (DRIVE-TRUCK TRUCK3 S1 S3 DRIVER1) [1]
Pruned:  0: (DRIVE-TRUCK TRUCK3 S1 S3 DRIVER1) [1]
Pruned:  0: (DRIVE-TRUCK TRUCK3 S1 S3 DRIVER1) [1]
Pruned:  0: (DRIVE-TRUCK TRUCK3 S1 S3 DRIVER1) [1]
Pruned:  0: (DRIVE-TRUCK TRUCK3 S1 S3 DRIVER1) [1]
Pruned:  0: (DRIVE-TRUCK TRUCK3 S1 S3 DRIVER1) [1]
Pruned:  0: (DRIVE-TRUCK TRUCK3 S1 S3 DRIVER1) [1]
Pruned:  0: (DRIVE-TRUCK TRUCK3 S1 S3 DRIVER1) [1]
Pruned:  0: (DRIVE-TRUCK TRUCK3 S1 S3 DRIVER1) [1]
Pruned:  0: (DRIVE-TRUCK TRUCK3 S1 S3 DRIVER1) [1]
Pruned:  0: (DRIVE-TRUCK TRUCK3 S1 S3 DRIVER1) [1]
Pruned:  0: (DRIVE-TRUCK TRUCK3 S1 S3 DRIVER1) [1]
Pruned:  0: (DRIVE-TRUCK TRUCK3 S1 S3 DRIVER1) [1]
Pruned:  0: (DRIVE-TRUCK TRUCK3 S1 S3 DRIVER1) [1]
Pruned:  0: (DRIVE-TRUCK TRUCK3 S1 S3 DRIVER1) [1]
Pruned:  0: (DRIVE-TRUCK TRUCK3 S1 S3 DRIVER1) [1]
Pruned:  0: (DRIVE-TRUCK TRUCK3 S1 S3 DRIVER1) [1]
Pruned:  0: (DRIVE-TRUCK TRUCK3 S1 S3 DRIVER1) [1]
Pruned:  0: (DRIVE-TRUCK TRUCK3 S1 S3 DRIVER1) [1]
Pruned:  0: (DRIVE-TRUCK TRUCK3 S1 S3 DRIVER1) [1]
Pruned:  0: (DRIVE-TRUCK TRUCK3 S1 S3 DRIVER1) [1]
Pruned:  0: (DRIVE-TRUCK TRUCK3 S1 S3 DRIVER1) [1]
Pruned:  0: (DRIVE-TRUCK TRUCK3 S1 S3 DRIVER1) [1]
Pruned:  0: (DRIVE-TRUCK TRUCK3 S1 S3 DRIVER1) [1]
Pruned:  0: (DRIVE-TRUCK TRUCK3 S1 S3 DRIVER1) [1]
Pruned:  0: (DRIVE-TRUCK TRUCK3 S1 S3 DRIVER1) [1]
Pruned:  0: (DRIVE-TRUCK TRUCK3 S1 S3 DRIVER1) [1]
Pruned:  0: (DRIVE-TRUCK TRUCK3 S1 S3 DRIVER1) [1]
Pruned:  0: (DRIVE-TRUCK TRUCK3 S1 S3 DRIVER1) [1]
Pruned:  0: (DRIVE-TRUCK TRUCK3 S1 S3 DRIVER1) [1]
Pruned:  0: (DRIVE-TRUCK TRUCK3 S1 S3 DRIVER1) [1]
Pruned:  0: (DRIVE-TRUCK TRUCK3 S1 S3 DRIVER1) [1]
Pruned:  0: (DRIVE-TRUCK TRUCK3 S1 S3 DRIVER1) [1]
Pruned:  0: (DRIVE-TRUCK TRUCK3 S1 S3 DRIVER1) [1]
Pruned:  0: (DRIVE-TRUCK TRUCK3 S1 S3 DRIVER1) [1]
Pruned:  0: (DRIVE-TRUCK TRUCK3 S1 S3 DRIVER1) [1]
Pruned:  0: (DRIVE-TRUCK TRUCK3 S1 S3 DRIVER1) [1]
Pruned:  0: (DRIVE-TRUCK TRUCK3 S1 S3 DRIVER1) [1]
Pruned:  0: (DRIVE-TRUCK TRUCK3 S1 S3 DRIVER1) [1]
Pruned:  0: (DRIVE-TRUCK TRUCK3 S1 S3 DRIVER1) [1]
Pruned:  0: (DRIVE-TRUCK TRUCK3 S1 S3 DRIVER1) [1]
Pruned:  0: (DRIVE-TRUCK TRUCK3 S1 S3 DRIVER1) [1]
Pruned:  0: (DRIVE-TRUCK TRUCK3 S1 S3 DRIVER1) [1]
Pruned:  0: (DRIVE-TRUCK TRUCK3 S1 S3 DRIVER1) [1]
Pruned:  0: (DRIVE-TRUCK TRUCK3 S1 S3 DRIVER1) [1]
Pruned:  0: (DRIVE-TRUCK TRUCK3 S1 S3 DRIVER1) [1]
Pruned:  0: (DRIVE-TRUCK TRUCK3 S1 S3 DRIVER1) [1]
Pruned:  0: (DRIVE-TRUCK TRUCK3 S1 S3 DRIVER1) [1]
Pruned:  0: (DRIVE-TRUCK TRUCK3 S1 S3 DRIVER1) [1]
Pruned:  0: (DRIVE-TRUCK TRUCK3 S1 S3 DRIVER1) [1]
Pruned:  0: (DRIVE-TRUCK TRUCK3 S1 S3 DRIVER1) [1]
Pruned:  0: (DRIVE-TRUCK TRUCK3 S1 S3 DRIVER1) [1]
Pruned:  0: (DRIVE-TRUCK TRUCK3 S1 S3 DRIVER1) [1]
Pruned:  0: (DRIVE-TRUCK TRUCK3 S1 S3 DRIVER1) [1]
---SatPlan Version: 1.1
***SAT!***

Solved in 7 layers

Real Time: = 0.13
User Time: = 0.08
Syst Time: = 0.03

__MEMKB 4992
