---SatPlan Version: 1.1

bb: parsing domain file
domain 'DRIVERLOG' defined
 ... done.
bb: parsing problem file
problem 'DLOG-2-2-2' defined
 ... done.


time:   0,     8 facts and       0 exclusive pairs
              14 ops   and       8 exclusive pairs
time:   1,    14 facts and       8 exclusive pairs

creating thin gp-based encoding...
plan graph layer 0...
plan graph layer 1...
goal constraints...

goal fact not coded - level too low??


bb: parsing domain file
domain 'DRIVERLOG' defined
 ... done.
bb: parsing problem file
problem 'DLOG-2-2-2' defined
 ... done.


time:   0,     8 facts and       0 exclusive pairs
              14 ops   and       8 exclusive pairs
time:   1,    14 facts and       8 exclusive pairs
              28 ops   and      62 exclusive pairs
time:   2,    16 facts and      12 exclusive pairs

creating thin gp-based encoding...
plan graph layer 0...
plan graph layer 1...
plan graph layer 2...
goal constraints...

goal fact not coded - level too low??


bb: parsing domain file
domain 'DRIVERLOG' defined
 ... done.
bb: parsing problem file
problem 'DLOG-2-2-2' defined
 ... done.


time:   0,     8 facts and       0 exclusive pairs
              14 ops   and       8 exclusive pairs
time:   1,    14 facts and       8 exclusive pairs
              28 ops   and      62 exclusive pairs
time:   2,    16 facts and      12 exclusive pairs
              34 ops   and      98 exclusive pairs
time:   3,    18 facts and      18 exclusive pairs

creating thin gp-based encoding...
plan graph layer 0...
plan graph layer 1...
plan graph layer 2...
plan graph layer 3...
goal constraints...

goal fact not coded - level too low??


bb: parsing domain file
domain 'DRIVERLOG' defined
 ... done.
bb: parsing problem file
problem 'DLOG-2-2-2' defined
 ... done.


time:   0,     8 facts and       0 exclusive pairs
              14 ops   and       8 exclusive pairs
time:   1,    14 facts and       8 exclusive pairs
              28 ops   and      62 exclusive pairs
time:   2,    16 facts and      12 exclusive pairs
              34 ops   and      98 exclusive pairs
time:   3,    18 facts and      18 exclusive pairs
              40 ops   and     152 exclusive pairs
time:   4,    20 facts and      26 exclusive pairs

creating thin gp-based encoding...
plan graph layer 0...
plan graph layer 1...
plan graph layer 2...
plan graph layer 3...
plan graph layer 4...
goal constraints...

goal fact not coded - level too low??


bb: parsing domain file
domain 'DRIVERLOG' defined
 ... done.
bb: parsing problem file
problem 'DLOG-2-2-2' defined
 ... done.


time:   0,     8 facts and       0 exclusive pairs
              14 ops   and       8 exclusive pairs
time:   1,    14 facts and       8 exclusive pairs
              28 ops   and      62 exclusive pairs
time:   2,    16 facts and      12 exclusive pairs
              34 ops   and      98 exclusive pairs
time:   3,    18 facts and      18 exclusive pairs
              40 ops   and     152 exclusive pairs
time:   4,    20 facts and      26 exclusive pairs
              48 ops   and     258 exclusive pairs
time:   5,    24 facts and      54 exclusive pairs

creating thin gp-based encoding...
plan graph layer 0...
plan graph layer 1...
plan graph layer 2...
plan graph layer 3...
plan graph layer 4...
plan graph layer 5...
goal constraints...

goal fact not coded - level too low??


bb: parsing domain file
domain 'DRIVERLOG' defined
 ... done.
bb: parsing problem file
problem 'DLOG-2-2-2' defined
 ... done.


time:   0,     8 facts and       0 exclusive pairs
              14 ops   and       8 exclusive pairs
time:   1,    14 facts and       8 exclusive pairs
              28 ops   and      62 exclusive pairs
time:   2,    16 facts and      12 exclusive pairs
              34 ops   and      98 exclusive pairs
time:   3,    18 facts and      18 exclusive pairs
              40 ops   and     152 exclusive pairs
time:   4,    20 facts and      26 exclusive pairs
              48 ops   and     258 exclusive pairs
time:   5,    24 facts and      54 exclusive pairs
              64 ops   and     650 exclusive pairs
time:   6,    28 facts and      64 exclusive pairs

creating thin gp-based encoding...
plan graph layer 0...
plan graph layer 1...
plan graph layer 2...
plan graph layer 3...
plan graph layer 4...
plan graph layer 5...
plan graph layer 6...
goal constraints...
exclusion constraints layer 0...
exclusion constraints layer 1...
exclusion constraints layer 2...
exclusion constraints layer 3...
exclusion constraints layer 4...
exclusion constraints layer 5...
exclusion constraints layer 6...

DECISION LAYER 6, WRITING THIN GP-BASED ENCODING WITH 356 VARS, 1004 CLAUSES.

time spent:    0.00 seconds instantiating 120 action templates
               0.00 seconds reachability analysis, yielding 32 facts and 88 actions
               0.00 seconds collecting 32 relevant facts
               0.00 seconds building connectivity graph
               0.00 seconds building (std) graph
               0.00 seconds CNF output time
               0.00 seconds total planner time (solving not included)


***Solving***


[ filemap ]
[ extract ]

variables : 356
pure lits : 32

1-clauses : 4
2-clauses : 922
3-clauses : 46
n-clauses : 32
discarded : 0

[ solve ]


satisfiable                             

[ stats ]

decisions : 48
conflicts : 2
time : ~0.01


bb: parsing domain file
domain 'DRIVERLOG' defined
 ... done.
bb: parsing problem file
problem 'DLOG-2-2-2' defined
 ... done.


time:   0,     8 facts and       0 exclusive pairs
              14 ops   and       8 exclusive pairs
time:   1,    14 facts and       8 exclusive pairs
              28 ops   and      62 exclusive pairs
time:   2,    16 facts and      12 exclusive pairs
              34 ops   and      98 exclusive pairs
time:   3,    18 facts and      18 exclusive pairs
              40 ops   and     152 exclusive pairs
time:   4,    20 facts and      26 exclusive pairs
              48 ops   and     258 exclusive pairs
time:   5,    24 facts and      54 exclusive pairs
              64 ops   and     650 exclusive pairs
time:   6,    28 facts and      64 exclusive pairs

creating thin gp-based encoding...
plan graph layer 0...
plan graph layer 1...
plan graph layer 2...
plan graph layer 3...
plan graph layer 4...
plan graph layer 5...
plan graph layer 6...
goal constraints...
exclusion constraints layer 0...
exclusion constraints layer 1...
exclusion constraints layer 2...
exclusion constraints layer 3...
exclusion constraints layer 4...
exclusion constraints layer 5...
exclusion constraints layer 6...

DECISION LAYER 6, WRITING THIN GP-BASED ENCODING WITH 356 VARS, 1004 CLAUSES.

time spent:    0.00 seconds instantiating 120 action templates
               0.00 seconds reachability analysis, yielding 32 facts and 88 actions
               0.00 seconds collecting 32 relevant facts
               0.00 seconds building connectivity graph
               0.00 seconds building (std) graph
               0.00 seconds CNF output time
               0.00 seconds total planner time (solving not included)

Pruned:  0: (LOAD-TRUCK PACKAGE1 TRUCK1 S1) [1]
Pruned:  0: (LOAD-TRUCK PACKAGE1 TRUCK1 S1) [1]
Pruned:  0: (LOAD-TRUCK PACKAGE1 TRUCK1 S1) [1]
Pruned:  0: (LOAD-TRUCK PACKAGE1 TRUCK1 S1) [1]
Pruned:  0: (LOAD-TRUCK PACKAGE1 TRUCK1 S1) [1]
Pruned:  0: (LOAD-TRUCK PACKAGE1 TRUCK1 S1) [1]
Pruned:  0: (LOAD-TRUCK PACKAGE1 TRUCK1 S1) [1]
Pruned:  0: (LOAD-TRUCK PACKAGE1 TRUCK1 S1) [1]
Pruned:  0: (LOAD-TRUCK PACKAGE1 TRUCK1 S1) [1]
Pruned:  0: (LOAD-TRUCK PACKAGE1 TRUCK1 S1) [1]
Pruned:  0: (LOAD-TRUCK PACKAGE1 TRUCK1 S1) [1]
Pruned:  0: (LOAD-TRUCK PACKAGE1 TRUCK1 S1) [1]
Pruned:  0: (LOAD-TRUCK PACKAGE1 TRUCK1 S1) [1]
Pruned:  0: (LOAD-TRUCK PACKAGE1 TRUCK1 S1) [1]
Pruned:  0: (LOAD-TRUCK PACKAGE1 TRUCK1 S1) [1]
Pruned:  0: (LOAD-TRUCK PACKAGE1 TRUCK1 S1) [1]
Pruned:  0: (LOAD-TRUCK PACKAGE1 TRUCK1 S1) [1]
Pruned:  0: (LOAD-TRUCK PACKAGE1 TRUCK1 S1) [1]
Pruned:  0: (LOAD-TRUCK PACKAGE1 TRUCK1 S1) [1]
Pruned:  0: (LOAD-TRUCK PACKAGE1 TRUCK1 S1) [1]
Pruned:  0: (LOAD-TRUCK PACKAGE1 TRUCK1 S1) [1]
Pruned:  0: (LOAD-TRUCK PACKAGE1 TRUCK1 S1) [1]
Pruned:  0: (LOAD-TRUCK PACKAGE1 TRUCK1 S1) [1]
Pruned:  0: (LOAD-TRUCK PACKAGE1 TRUCK1 S1) [1]
Pruned:  0: (LOAD-TRUCK PACKAGE1 TRUCK1 S1) [1]
Pruned:  0: (LOAD-TRUCK PACKAGE1 TRUCK1 S1) [1]
Pruned:  0: (LOAD-TRUCK PACKAGE1 TRUCK1 S1) [1]
Pruned:  0: (LOAD-TRUCK PACKAGE1 TRUCK1 S1) [1]
Pruned:  0: (LOAD-TRUCK PACKAGE1 TRUCK1 S1) [1]
Pruned:  0: (LOAD-TRUCK PACKAGE1 TRUCK1 S1) [1]
Pruned:  0: (LOAD-TRUCK PACKAGE1 TRUCK1 S1) [1]
Pruned:  0: (LOAD-TRUCK PACKAGE1 TRUCK1 S1) [1]
Pruned:  0: (LOAD-TRUCK PACKAGE1 TRUCK1 S1) [1]
Pruned:  0: (LOAD-TRUCK PACKAGE1 TRUCK1 S1) [1]
Pruned:  0: (LOAD-TRUCK PACKAGE1 TRUCK1 S1) [1]
Pruned:  0: (LOAD-TRUCK PACKAGE1 TRUCK1 S1) [1]
Pruned:  0: (LOAD-TRUCK PACKAGE1 TRUCK1 S1) [1]
Pruned:  0: (LOAD-TRUCK PACKAGE1 TRUCK1 S1) [1]
Pruned:  0: (LOAD-TRUCK PACKAGE1 TRUCK1 S1) [1]
Pruned:  0: (LOAD-TRUCK PACKAGE1 TRUCK1 S1) [1]
Pruned:  0: (LOAD-TRUCK PACKAGE1 TRUCK1 S1) [1]
Pruned:  0: (LOAD-TRUCK PACKAGE1 TRUCK1 S1) [1]
Pruned:  0: (LOAD-TRUCK PACKAGE1 TRUCK1 S1) [1]
Pruned:  0: (LOAD-TRUCK PACKAGE1 TRUCK1 S1) [1]
Pruned:  0: (LOAD-TRUCK PACKAGE1 TRUCK1 S1) [1]
Pruned:  0: (LOAD-TRUCK PACKAGE1 TRUCK1 S1) [1]
Pruned:  0: (LOAD-TRUCK PACKAGE1 TRUCK1 S1) [1]
Pruned:  0: (LOAD-TRUCK PACKAGE1 TRUCK1 S1) [1]
Pruned:  0: (LOAD-TRUCK PACKAGE1 TRUCK1 S1) [1]
Pruned:  0: (LOAD-TRUCK PACKAGE1 TRUCK1 S1) [1]
Pruned:  0: (LOAD-TRUCK PACKAGE1 TRUCK1 S1) [1]
---SatPlan Version: 1.1
***SAT!***

Solved in 6 layers

Real Time: = 0.03
User Time: = 0
Syst Time: = 0

__MEMKB 1920
