
ipp: parsing domain file
domain 'STORAGE-PROPOSITIONAL' defined
 ... done.
ipp: parsing problem file
problem 'STORAGE-1' defined
 ... done.


AND has only one son (anymore)
instantiated 8 actions


time:   0,    11 facts and       0 exclusive pairs (    4,       0 positives)
              12 ops   and       3 exclusive pairs
time:   1,    14 facts and       6 exclusive pairs (    6,       2 positives)
              17 ops   and      32 exclusive pairs
time:   2,    19 facts and      41 exclusive pairs (    8,      10 positives)
              25 ops   and     131 exclusive pairs
time:   3,    22 facts and      40 exclusive pairs (   11,      25 positives)

goals first reachable in 3 time steps


found plan as follows:

time step    0: GO-OUT HOIST0 DEPOT0-1-1 LOADAREA
time step    1: LIFT HOIST0 CRATE0 CONTAINER-0-0 LOADAREA CONTAINER0
time step    2: DROP HOIST0 CRATE0 DEPOT0-1-1 LOADAREA DEPOT0



number of actions tried:          3
number of noops tried  :          2

had       0 simple memoizing hits
had       0 partial memoizing hits
had       0 subset memoizing hits

time spent:    0.00 seconds instantiating 8 operators
               0.00 seconds building graph
               0.00 seconds calculating exclusions
               0.00 seconds searching graph
               0.00 seconds total time

Memory used:   0.01 MBytes for domain representation
               0.16 MBytes for graph
               0.00 MBytes for exclusions
               0.00 MBytes for memoization
               0.00 MBytes for wave front




ipp: parsing domain file
domain 'STORAGE-PROPOSITIONAL' defined
 ... done.
ipp: parsing problem file
problem 'STORAGE-2' defined
 ... done.


AND has only one son (anymore)
instantiated 28 actions


time:   0,    20 facts and       0 exclusive pairs (    6,       0 positives)
              21 ops   and       3 exclusive pairs
time:   1,    23 facts and       6 exclusive pairs (    8,       2 positives)
              27 ops   and      41 exclusive pairs
time:   2,    31 facts and      49 exclusive pairs (   12,      16 positives)
              40 ops   and     189 exclusive pairs
time:   3,    35 facts and      60 exclusive pairs (   16,      39 positives)

goals first reachable in 3 time steps


found plan as follows:

time step    0: GO-OUT HOIST0 DEPOT0-1-1 LOADAREA
time step    1: LIFT HOIST0 CRATE0 CONTAINER-0-0 LOADAREA CONTAINER0
time step    2: DROP HOIST0 CRATE0 DEPOT0-1-1 LOADAREA DEPOT0



number of actions tried:          3
number of noops tried  :          2

had       0 simple memoizing hits
had       0 partial memoizing hits
had       0 subset memoizing hits

time spent:    0.00 seconds instantiating 28 operators
               0.00 seconds building graph
               0.00 seconds calculating exclusions
               0.00 seconds searching graph
               0.00 seconds total time

Memory used:   0.02 MBytes for domain representation
               0.27 MBytes for graph
               0.00 MBytes for exclusions
               0.00 MBytes for memoization
               0.00 MBytes for wave front




ipp: parsing domain file
domain 'STORAGE-PROPOSITIONAL' defined
 ... done.
ipp: parsing problem file
problem 'STORAGE-3' defined
 ... done.


AND has only one son (anymore)
instantiated 60 actions


time:   0,    31 facts and       0 exclusive pairs (    8,       0 positives)
              32 ops   and       3 exclusive pairs
time:   1,    34 facts and       6 exclusive pairs (   10,       2 positives)
              39 ops   and      51 exclusive pairs
time:   2,    45 facts and      73 exclusive pairs (   16,      26 positives)
              57 ops   and     293 exclusive pairs
time:   3,    50 facts and      97 exclusive pairs (   21,      62 positives)

goals first reachable in 3 time steps


found plan as follows:

time step    0: GO-OUT HOIST0 DEPOT0-1-2 LOADAREA
time step    1: LIFT HOIST0 CRATE0 CONTAINER-0-0 LOADAREA CONTAINER0
time step    2: DROP HOIST0 CRATE0 DEPOT0-1-2 LOADAREA DEPOT0



number of actions tried:          3
number of noops tried  :          2

had       0 simple memoizing hits
had       0 partial memoizing hits
had       0 subset memoizing hits

time spent:    0.00 seconds instantiating 60 operators
               0.00 seconds building graph
               0.00 seconds calculating exclusions
               0.00 seconds searching graph
               0.00 seconds total time

Memory used:   0.04 MBytes for domain representation
               0.39 MBytes for graph
               0.00 MBytes for exclusions
               0.00 MBytes for memoization
               0.00 MBytes for wave front




ipp: parsing domain file
domain 'STORAGE-PROPOSITIONAL' defined
 ... done.
ipp: parsing problem file
problem 'STORAGE-4' defined
 ... done.


instantiated 58 actions


time:   0,    32 facts and       0 exclusive pairs (    9,       0 positives)
              34 ops   and       9 exclusive pairs
time:   1,    38 facts and      18 exclusive pairs (   12,       6 positives)
              45 ops   and     114 exclusive pairs
time:   2,    41 facts and      40 exclusive pairs (   14,      14 positives)
              53 ops   and     271 exclusive pairs
time:   3,    50 facts and     169 exclusive pairs (   18,      46 positives)
              68 ops   and     729 exclusive pairs
time:   4,    56 facts and     247 exclusive pairs (   24,     115 positives)
              82 ops   and    1264 exclusive pairs
time:   5,    60 facts and     242 exclusive pairs (   28,     158 positives)
             100 ops   and    2120 exclusive pairs
time:   6,    64 facts and     237 exclusive pairs (   32,     189 positives)

goals first reachable in 6 time steps

             118 ops   and    3218 exclusive pairs
time:   7,    64 facts and     170 exclusive pairs (   32,     151 positives)
             122 ops   and    3354 exclusive pairs
time:   8,    64 facts and     144 exclusive pairs (   32,     128 positives)

found plan as follows:

time step    0: MOVE HOIST0 DEPOT0-1-1 DEPOT0-2-1
time step    1: GO-OUT HOIST0 DEPOT0-2-1 LOADAREA
time step    2: LIFT HOIST0 CRATE1 CONTAINER-0-1 LOADAREA CONTAINER0
time step    3: GO-IN HOIST0 LOADAREA DEPOT0-2-1
time step    4: DROP HOIST0 CRATE1 DEPOT0-1-1 DEPOT0-2-1 DEPOT0
time step    5: GO-OUT HOIST0 DEPOT0-2-1 LOADAREA
time step    6: LIFT HOIST0 CRATE0 CONTAINER-0-0 LOADAREA CONTAINER0
time step    7: DROP HOIST0 CRATE0 DEPOT0-2-1 LOADAREA DEPOT0



number of actions tried:         85
number of noops tried  :        172

had      42 simple memoizing hits
had       1 partial memoizing hits
had      13 subset memoizing hits

time spent:    0.00 seconds instantiating 58 operators
               0.00 seconds building graph
               0.00 seconds calculating exclusions
               0.00 seconds searching graph
               0.00 seconds total time

Memory used:   0.05 MBytes for domain representation
               0.85 MBytes for graph
               0.03 MBytes for exclusions
               0.01 MBytes for memoization
               0.00 MBytes for wave front




ipp: parsing domain file
domain 'STORAGE-PROPOSITIONAL' defined
 ... done.
ipp: parsing problem file
problem 'STORAGE-5' defined
 ... done.


instantiated 116 actions


time:   0,    42 facts and       0 exclusive pairs (   10,       0 positives)
              44 ops   and       8 exclusive pairs
time:   1,    50 facts and      24 exclusive pairs (   14,       8 positives)
              59 ops   and     146 exclusive pairs
time:   2,    55 facts and      36 exclusive pairs (   19,      31 positives)
              76 ops   and     488 exclusive pairs
time:   3,    65 facts and     137 exclusive pairs (   24,      70 positives)
              95 ops   and    1036 exclusive pairs
time:   4,    74 facts and     244 exclusive pairs (   32,     170 positives)
             122 ops   and    2342 exclusive pairs
time:   5,    80 facts and     238 exclusive pairs (   38,     218 positives)
             168 ops   and    5678 exclusive pairs
time:   6,    84 facts and     204 exclusive pairs (   42,     192 positives)

goals first reachable in 6 time steps


found plan as follows:

time step    0: MOVE HOIST0 DEPOT0-1-1 DEPOT0-2-1
time step    1: MOVE HOIST1 DEPOT0-1-2 DEPOT0-1-1
                GO-OUT HOIST0 DEPOT0-2-1 LOADAREA
time step    2: LIFT HOIST0 CRATE1 CONTAINER-0-1 LOADAREA CONTAINER0
time step    3: DROP HOIST0 CRATE1 DEPOT0-2-1 LOADAREA DEPOT0
time step    4: LIFT HOIST0 CRATE0 CONTAINER-0-0 LOADAREA CONTAINER0
                LIFT HOIST1 CRATE1 DEPOT0-2-1 DEPOT0-1-1 DEPOT0
time step    5: DROP HOIST1 CRATE1 DEPOT0-1-2 DEPOT0-1-1 DEPOT0
                DROP HOIST0 CRATE0 DEPOT0-2-1 LOADAREA DEPOT0



number of actions tried:         41
number of noops tried  :         45

had       2 simple memoizing hits
had       0 partial memoizing hits
had       0 subset memoizing hits

time spent:    0.00 seconds instantiating 116 operators
               0.00 seconds building graph
               0.00 seconds calculating exclusions
               0.00 seconds searching graph
               0.00 seconds total time

Memory used:   0.08 MBytes for domain representation
               0.99 MBytes for graph
               0.05 MBytes for exclusions
               0.01 MBytes for memoization
               0.00 MBytes for wave front




ipp: parsing domain file
domain 'STORAGE-PROPOSITIONAL' defined
 ... done.
ipp: parsing problem file
problem 'STORAGE-6' defined
 ... done.


instantiated 174 actions


time:   0,    52 facts and       0 exclusive pairs (   11,       0 positives)
              54 ops   and       9 exclusive pairs
time:   1,    59 facts and      27 exclusive pairs (   15,      12 positives)
              67 ops   and     146 exclusive pairs
time:   2,    65 facts and      51 exclusive pairs (   20,      35 positives)
              85 ops   and     486 exclusive pairs
time:   3,    80 facts and     139 exclusive pairs (   29,      88 positives)
             121 ops   and    1471 exclusive pairs
time:   4,    91 facts and     264 exclusive pairs (   40,     212 positives)
             173 ops   and    4896 exclusive pairs
time:   5,   102 facts and     329 exclusive pairs (   50,     303 positives)
             244 ops   and   12233 exclusive pairs
time:   6,   104 facts and     280 exclusive pairs (   52,     268 positives)

goals first reachable in 6 time steps


found plan as follows:

time step    0: MOVE HOIST2 DEPOT0-2-2 DEPOT0-2-1
time step    1: MOVE HOIST1 DEPOT0-1-2 DEPOT0-2-2
                GO-OUT HOIST2 DEPOT0-2-1 LOADAREA
time step    2: LIFT HOIST2 CRATE1 CONTAINER-0-1 LOADAREA CONTAINER0
time step    3: DROP HOIST2 CRATE1 DEPOT0-2-1 LOADAREA DEPOT0
time step    4: LIFT HOIST2 CRATE0 CONTAINER-0-0 LOADAREA CONTAINER0
                LIFT HOIST0 CRATE1 DEPOT0-2-1 DEPOT0-1-1 DEPOT0
time step    5: DROP HOIST0 CRATE1 DEPOT0-1-2 DEPOT0-1-1 DEPOT0
                DROP HOIST2 CRATE0 DEPOT0-2-1 LOADAREA DEPOT0



number of actions tried:         33
number of noops tried  :         42

had       0 simple memoizing hits
had       0 partial memoizing hits
had       0 subset memoizing hits

time spent:    0.00 seconds instantiating 174 operators
               0.00 seconds building graph
               0.00 seconds calculating exclusions
               0.00 seconds searching graph
               0.00 seconds total time

Memory used:   0.11 MBytes for domain representation
               1.32 MBytes for graph
               0.10 MBytes for exclusions
               0.01 MBytes for memoization
               0.00 MBytes for wave front




ipp: parsing domain file
domain 'STORAGE-PROPOSITIONAL' defined
 ... done.
ipp: parsing problem file
problem 'STORAGE-7' defined
 ... done.


instantiated 130 actions


time:   0,    56 facts and       0 exclusive pairs (   13,       0 positives)
              58 ops   and       9 exclusive pairs
time:   1,    62 facts and      18 exclusive pairs (   16,       6 positives)
              69 ops   and     115 exclusive pairs
time:   2,    66 facts and      50 exclusive pairs (   18,      15 positives)
              78 ops   and     294 exclusive pairs
time:   3,    68 facts and      72 exclusive pairs (   19,      21 positives)
              83 ops   and     428 exclusive pairs
time:   4,    69 facts and      84 exclusive pairs (   20,      27 positives)
              88 ops   and     592 exclusive pairs
time:   5,    82 facts and     349 exclusive pairs (   26,      93 positives)
             110 ops   and    1584 exclusive pairs
time:   6,    91 facts and     554 exclusive pairs (   35,     246 positives)
             131 ops   and    2827 exclusive pairs
time:   7,    97 facts and     577 exclusive pairs (   41,     342 positives)
             164 ops   and    5340 exclusive pairs
time:   8,   109 facts and     810 exclusive pairs (   53,     609 positives)

goals first reachable in 8 time steps

             212 ops   and   10800 exclusive pairs
time:   9,   112 facts and     681 exclusive pairs (   56,     579 positives)
             236 ops   and   13784 exclusive pairs
time:  10,   112 facts and     488 exclusive pairs (   56,     429 positives)
             242 ops   and   13769 exclusive pairs
time:  11,   112 facts and     379 exclusive pairs (   56,     342 positives)
             242 ops   and   13264 exclusive pairs
time:  12,   112 facts and     351 exclusive pairs (   56,     321 positives)
             242 ops   and   13064 exclusive pairs
time:  13,   112 facts and     339 exclusive pairs (   56,     312 positives)

graph has leveled off at time step 14

             242 ops   and   13040 exclusive pairs
time:  14,   112 facts and     339 exclusive pairs (   56,     312 positives)

graph has leveled off! wave front mechanism is taking over



found plan as follows:

time step    0: MOVE HOIST0 DEPOT0-1-3 DEPOT0-1-2
time step    1: MOVE HOIST0 DEPOT0-1-2 DEPOT0-2-2
time step    2: MOVE HOIST0 DEPOT0-2-2 DEPOT0-2-1
time step    3: GO-OUT HOIST0 DEPOT0-2-1 LOADAREA
time step    4: LIFT HOIST0 CRATE2 CONTAINER-0-2 LOADAREA CONTAINER0
time step    5: GO-IN HOIST0 LOADAREA DEPOT0-2-1
time step    6: DROP HOIST0 CRATE2 DEPOT0-2-2 DEPOT0-2-1 DEPOT0
time step    7: GO-OUT HOIST0 DEPOT0-2-1 LOADAREA
time step    8: LIFT HOIST0 CRATE1 CONTAINER-0-1 LOADAREA CONTAINER0
time step    9: GO-IN HOIST0 LOADAREA DEPOT0-2-1
time step   10: DROP HOIST0 CRATE1 DEPOT0-1-1 DEPOT0-2-1 DEPOT0
time step   11: GO-OUT HOIST0 DEPOT0-2-1 LOADAREA
time step   12: LIFT HOIST0 CRATE0 CONTAINER-0-0 LOADAREA CONTAINER0
time step   13: DROP HOIST0 CRATE0 DEPOT0-2-1 LOADAREA DEPOT0



number of actions tried:       3651
number of noops tried  :      12905

had    1757 simple memoizing hits
had     194 partial memoizing hits
had     696 subset memoizing hits

time spent:    0.00 seconds instantiating 130 operators
               0.00 seconds building graph
               0.00 seconds calculating exclusions
               0.03 seconds searching graph
               0.03 seconds total time

Memory used:   0.09 MBytes for domain representation
               2.04 MBytes for graph
               0.11 MBytes for exclusions
               0.13 MBytes for memoization
               0.03 MBytes for wave front




ipp: parsing domain file
domain 'STORAGE-PROPOSITIONAL' defined
 ... done.
ipp: parsing problem file
problem 'STORAGE-8' defined
 ... done.


instantiated 260 actions


time:   0,    70 facts and       0 exclusive pairs (   14,       0 positives)
              75 ops   and      26 exclusive pairs
time:   1,    82 facts and      30 exclusive pairs (   21,      18 positives)
             101 ops   and     382 exclusive pairs
time:   2,    89 facts and      67 exclusive pairs (   27,      56 positives)
             125 ops   and    1078 exclusive pairs
time:   3,   107 facts and     252 exclusive pairs (   37,     157 positives)
             163 ops   and    2641 exclusive pairs
time:   4,   119 facts and     473 exclusive pairs (   49,     372 positives)
             223 ops   and    8018 exclusive pairs
time:   5,   131 facts and     483 exclusive pairs (   61,     459 positives)
             307 ops   and   18638 exclusive pairs
time:   6,   137 facts and     452 exclusive pairs (   67,     426 positives)

goals first reachable in 6 time steps

             373 ops   and   29511 exclusive pairs
time:   7,   140 facts and     477 exclusive pairs (   70,     450 positives)
             400 ops   and   35013 exclusive pairs
time:   8,   140 facts and     471 exclusive pairs (   70,     444 positives)

found plan as follows:

time step    0: MOVE HOIST1 DEPOT0-1-3 DEPOT0-2-3
time step    1: GO-OUT HOIST1 DEPOT0-2-3 LOADAREA
time step    2: LIFT HOIST1 CRATE2 CONTAINER-0-2 LOADAREA CONTAINER0
time step    3: DROP HOIST1 CRATE2 DEPOT0-2-3 LOADAREA DEPOT0
time step    4: LIFT HOIST1 CRATE1 CONTAINER-0-1 LOADAREA CONTAINER0
                LIFT HOIST0 CRATE2 DEPOT0-2-3 DEPOT0-2-2 DEPOT0
time step    5: DROP HOIST0 CRATE2 DEPOT0-2-1 DEPOT0-2-2 DEPOT0
                DROP HOIST1 CRATE1 DEPOT0-2-3 LOADAREA DEPOT0
time step    6: LIFT HOIST1 CRATE0 CONTAINER-0-0 LOADAREA CONTAINER0
                LIFT HOIST0 CRATE1 DEPOT0-2-3 DEPOT0-2-2 DEPOT0
time step    7: DROP HOIST0 CRATE1 DEPOT0-1-2 DEPOT0-2-2 DEPOT0
                DROP HOIST1 CRATE0 DEPOT0-2-3 LOADAREA DEPOT0



number of actions tried:      11053
number of noops tried  :      20371

had    3327 simple memoizing hits
had     274 partial memoizing hits
had    1593 subset memoizing hits

time spent:    0.00 seconds instantiating 260 operators
               0.00 seconds building graph
               0.01 seconds calculating exclusions
               0.06 seconds searching graph
               0.07 seconds total time

Memory used:   0.17 MBytes for domain representation
               2.21 MBytes for graph
               0.26 MBytes for exclusions
               0.25 MBytes for memoization
               0.00 MBytes for wave front




ipp: parsing domain file
domain 'STORAGE-PROPOSITIONAL' defined
 ... done.
ipp: parsing problem file
problem 'STORAGE-9' defined
 ... done.


instantiated 390 actions


time:   0,    84 facts and       0 exclusive pairs (   15,       0 positives)
              90 ops   and      29 exclusive pairs
time:   1,    99 facts and      36 exclusive pairs (   24,      21 positives)
             123 ops   and     478 exclusive pairs
time:   2,   119 facts and     263 exclusive pairs (   37,     137 positives)
             171 ops   and    2257 exclusive pairs
time:   3,   133 facts and     503 exclusive pairs (   51,     359 positives)
             235 ops   and    7680 exclusive pairs
time:   4,   156 facts and    1048 exclusive pairs (   72,     928 positives)
             393 ops   and   33810 exclusive pairs
time:   5,   168 facts and     747 exclusive pairs (   84,     711 positives)

goals first reachable in 5 time steps

             528 ops   and   59268 exclusive pairs
time:   6,   168 facts and     615 exclusive pairs (   84,     588 positives)

graph has leveled off at time step 7

             558 ops   and   66510 exclusive pairs
time:   7,   168 facts and     615 exclusive pairs (   84,     588 positives)

graph has leveled off! wave front mechanism is taking over



found plan as follows:

time step    0: MOVE HOIST1 DEPOT0-1-1 DEPOT0-1-2
                GO-OUT HOIST0 DEPOT0-2-2 LOADAREA
time step    1: LIFT HOIST0 CRATE2 CONTAINER-0-2 LOADAREA CONTAINER0
time step    2: DROP HOIST0 CRATE2 DEPOT0-2-2 LOADAREA DEPOT0
time step    3: LIFT HOIST0 CRATE1 CONTAINER-0-1 LOADAREA CONTAINER0
                LIFT HOIST1 CRATE2 DEPOT0-2-2 DEPOT0-1-2 DEPOT0
time step    4: DROP HOIST1 CRATE2 DEPOT0-1-3 DEPOT0-1-2 DEPOT0
                DROP HOIST0 CRATE1 DEPOT0-2-2 LOADAREA DEPOT0
time step    5: LIFT HOIST0 CRATE0 CONTAINER-0-0 LOADAREA CONTAINER0
                LIFT HOIST1 CRATE1 DEPOT0-2-2 DEPOT0-1-2 DEPOT0
time step    6: DROP HOIST1 CRATE1 DEPOT0-1-1 DEPOT0-1-2 DEPOT0
                DROP HOIST0 CRATE0 DEPOT0-2-2 LOADAREA DEPOT0



number of actions tried:      82247
number of noops tried  :     106995

had   26458 simple memoizing hits
had    2999 partial memoizing hits
had   16437 subset memoizing hits

time spent:    0.00 seconds instantiating 390 operators
               0.00 seconds building graph
               0.02 seconds calculating exclusions
               0.44 seconds searching graph
               0.46 seconds total time

Memory used:   0.24 MBytes for domain representation
               2.75 MBytes for graph
               0.49 MBytes for exclusions
               1.39 MBytes for memoization
               0.71 MBytes for wave front




ipp: parsing domain file
domain 'STORAGE-PROPOSITIONAL' defined
 ... done.
ipp: parsing problem file
problem 'STORAGE-10' defined
 ... done.


instantiated 230 actions


time:   0,    86 facts and       0 exclusive pairs (   17,       0 positives)
              88 ops   and       9 exclusive pairs
time:   1,    92 facts and      18 exclusive pairs (   20,       6 positives)
              99 ops   and     115 exclusive pairs
time:   2,    96 facts and      50 exclusive pairs (   22,      15 positives)
             109 ops   and     320 exclusive pairs
time:   3,   100 facts and      98 exclusive pairs (   24,      28 positives)
             119 ops   and     624 exclusive pairs
time:   4,   103 facts and     144 exclusive pairs (   26,      44 positives)
             129 ops   and    1034 exclusive pairs
time:   5,   120 facts and     593 exclusive pairs (   34,     156 positives)
             158 ops   and    2763 exclusive pairs
time:   6,   132 facts and     982 exclusive pairs (   46,     426 positives)
             190 ops   and    5410 exclusive pairs
time:   7,   144 facts and    1227 exclusive pairs (   58,     746 positives)
             258 ops   and   13586 exclusive pairs
time:   8,   168 facts and    2079 exclusive pairs (   82,    1652 positives)

goals first reachable in 8 time steps

             354 ops   and   32266 exclusive pairs
time:   9,   172 facts and    1746 exclusive pairs (   86,    1534 positives)
             394 ops   and   40689 exclusive pairs
time:  10,   172 facts and    1147 exclusive pairs (   86,    1016 positives)
             402 ops   and   39327 exclusive pairs
time:  11,   172 facts and     778 exclusive pairs (   86,     712 positives)
             402 ops   and   37308 exclusive pairs
time:  12,   172 facts and     708 exclusive pairs (   86,     656 positives)
             402 ops   and   36739 exclusive pairs
time:  13,   172 facts and     688 exclusive pairs (   86,     640 positives)

graph has leveled off at time step 14

             402 ops   and   36699 exclusive pairs
time:  14,   172 facts and     688 exclusive pairs (   86,     640 positives)

graph has leveled off! wave front mechanism is taking over

expanding wave front to level   15
expanding wave front to level   16
expanding wave front to level   17
expanding wave front to level   18


found plan as follows:

time step    0: MOVE HOIST0 DEPOT0-1-1 DEPOT0-1-2
time step    1: MOVE HOIST0 DEPOT0-1-2 DEPOT0-2-2
time step    2: MOVE HOIST0 DEPOT0-2-2 DEPOT0-2-3
time step    3: GO-OUT HOIST0 DEPOT0-2-3 LOADAREA
time step    4: LIFT HOIST0 CRATE3 CONTAINER-0-3 LOADAREA CONTAINER0
time step    5: GO-IN HOIST0 LOADAREA DEPOT0-2-3
time step    6: DROP HOIST0 CRATE3 DEPOT0-2-4 DEPOT0-2-3 DEPOT0
time step    7: GO-OUT HOIST0 DEPOT0-2-3 LOADAREA
time step    8: LIFT HOIST0 CRATE2 CONTAINER-0-2 LOADAREA CONTAINER0
time step    9: GO-IN HOIST0 LOADAREA DEPOT0-2-3
time step   10: DROP HOIST0 CRATE2 DEPOT0-2-2 DEPOT0-2-3 DEPOT0
time step   11: GO-OUT HOIST0 DEPOT0-2-3 LOADAREA
time step   12: LIFT HOIST0 CRATE1 CONTAINER-0-1 LOADAREA CONTAINER0
time step   13: GO-IN HOIST0 LOADAREA DEPOT0-2-3
time step   14: DROP HOIST0 CRATE1 DEPOT0-1-3 DEPOT0-2-3 DEPOT0
time step   15: GO-OUT HOIST0 DEPOT0-2-3 LOADAREA
time step   16: LIFT HOIST0 CRATE0 CONTAINER-0-0 LOADAREA CONTAINER0
time step   17: DROP HOIST0 CRATE0 DEPOT0-2-3 LOADAREA DEPOT0



number of actions tried:     238025
number of noops tried  :    1166710

had  113517 simple memoizing hits
had    7931 partial memoizing hits
had   45992 subset memoizing hits

time spent:    0.00 seconds instantiating 230 operators
               0.01 seconds building graph
               0.01 seconds calculating exclusions
               3.75 seconds searching graph
               3.77 seconds total time

Memory used:   0.16 MBytes for domain representation
               3.19 MBytes for graph
               0.29 MBytes for exclusions
               7.31 MBytes for memoization
               7.52 MBytes for wave front




ipp: parsing domain file
domain 'STORAGE-PROPOSITIONAL' defined
 ... done.
ipp: parsing problem file
problem 'STORAGE-11' defined
 ... done.


instantiated 460 actions


time:   0,   104 facts and       0 exclusive pairs (   18,       0 positives)
             109 ops   and      23 exclusive pairs
time:   1,   117 facts and      42 exclusive pairs (   25,      15 positives)
             137 ops   and     373 exclusive pairs
time:   2,   140 facts and     389 exclusive pairs (   37,     125 positives)
             184 ops   and    2151 exclusive pairs
time:   3,   156 facts and     696 exclusive pairs (   53,     433 positives)
             234 ops   and    5825 exclusive pairs
time:   4,   171 facts and    1011 exclusive pairs (   67,     818 positives)
             326 ops   and   18060 exclusive pairs
time:   5,   192 facts and    1404 exclusive pairs (   88,    1283 positives)

goals first reachable in 5 time steps

             480 ops   and   50735 exclusive pairs
time:   6,   204 facts and    1118 exclusive pairs (  100,    1068 positives)
             612 ops   and   82278 exclusive pairs
time:   7,   208 facts and     920 exclusive pairs (  104,     872 positives)
             668 ops   and   96146 exclusive pairs
time:   8,   208 facts and     908 exclusive pairs (  104,     860 positives)

graph has leveled off at time step 9

             668 ops   and   96014 exclusive pairs
time:   9,   208 facts and     908 exclusive pairs (  104,     860 positives)

graph has leveled off! wave front mechanism is taking over

expanding wave front to level   10
expanding wave front to level   11


found plan as follows:

time step    0: MOVE HOIST1 DEPOT0-1-4 DEPOT0-1-3
                GO-OUT HOIST0 DEPOT0-2-1 LOADAREA
time step    1: LIFT HOIST0 CRATE3 CONTAINER-0-3 LOADAREA CONTAINER0
                MOVE HOIST1 DEPOT0-1-3 DEPOT0-1-2
time step    2: MOVE HOIST1 DEPOT0-1-2 DEPOT0-2-2
                DROP HOIST0 CRATE3 DEPOT0-2-1 LOADAREA DEPOT0
time step    3: LIFT HOIST0 CRATE2 CONTAINER-0-2 LOADAREA CONTAINER0
                LIFT HOIST1 CRATE3 DEPOT0-2-1 DEPOT0-2-2 DEPOT0
time step    4: DROP HOIST1 CRATE3 DEPOT0-2-3 DEPOT0-2-2 DEPOT0
                DROP HOIST0 CRATE2 DEPOT0-2-1 LOADAREA DEPOT0
time step    5: LIFT HOIST0 CRATE1 CONTAINER-0-1 LOADAREA CONTAINER0
                LIFT HOIST1 CRATE2 DEPOT0-2-1 DEPOT0-2-2 DEPOT0
time step    6: DROP HOIST1 CRATE2 DEPOT0-1-2 DEPOT0-2-2 DEPOT0
                GO-IN HOIST0 LOADAREA DEPOT0-2-1
time step    7: DROP HOIST0 CRATE1 DEPOT0-1-1 DEPOT0-2-1 DEPOT0
time step    8: GO-OUT HOIST0 DEPOT0-2-1 LOADAREA
time step    9: LIFT HOIST0 CRATE0 CONTAINER-0-0 LOADAREA CONTAINER0
time step   10: DROP HOIST0 CRATE0 DEPOT0-2-1 LOADAREA DEPOT0



number of actions tried:    5581888
number of noops tried  :   16668893

had 2370669 simple memoizing hits
had  233586 partial memoizing hits
had 1623089 subset memoizing hits

time spent:    0.01 seconds instantiating 460 operators
               0.01 seconds building graph
               0.02 seconds calculating exclusions
              82.36 seconds searching graph
              82.40 seconds total time

Memory used:   0.29 MBytes for domain representation
               3.66 MBytes for graph
               0.69 MBytes for exclusions
              69.58 MBytes for memoization
              92.95 MBytes for wave front




ipp: parsing domain file
domain 'STORAGE-PROPOSITIONAL' defined
 ... done.
ipp: parsing problem file
problem 'STORAGE-13' defined
 ... done.


instantiated 282 actions


time:   0,   132 facts and       0 exclusive pairs (   21,       0 positives)
             134 ops   and       9 exclusive pairs
time:   1,   138 facts and      18 exclusive pairs (   24,       6 positives)
             144 ops   and      98 exclusive pairs
time:   2,   141 facts and      40 exclusive pairs (   26,      14 positives)
             156 ops   and     351 exclusive pairs
time:   3,   166 facts and     597 exclusive pairs (   38,     157 positives)
             205 ops   and    2823 exclusive pairs
time:   4,   195 facts and    1847 exclusive pairs (   65,     964 positives)
             269 ops   and    9196 exclusive pairs
time:   5,   214 facts and    2419 exclusive pairs (   82,    1590 positives)
             361 ops   and   23219 exclusive pairs
time:   6,   254 facts and    4575 exclusive pairs (  122,    3703 positives)

goals first reachable in 6 time steps

             481 ops   and   52445 exclusive pairs
time:   7,   259 facts and    3952 exclusive pairs (  127,    3372 positives)
             521 ops   and   61912 exclusive pairs
time:   8,   264 facts and    3387 exclusive pairs (  132,    2890 positives)
             541 ops   and   63711 exclusive pairs
time:   9,   264 facts and    2360 exclusive pairs (  132,    2075 positives)
             546 ops   and   61402 exclusive pairs
time:  10,   264 facts and    2055 exclusive pairs (  132,    1830 positives)
             546 ops   and   59440 exclusive pairs
time:  11,   264 facts and    1683 exclusive pairs (  132,    1540 positives)
             546 ops   and   57884 exclusive pairs
time:  12,   264 facts and    1591 exclusive pairs (  132,    1475 positives)
             546 ops   and   56896 exclusive pairs
time:  13,   264 facts and    1469 exclusive pairs (  132,    1385 positives)
             546 ops   and   56296 exclusive pairs
time:  14,   264 facts and    1457 exclusive pairs (  132,    1375 positives)
             546 ops   and   56004 exclusive pairs
time:  15,   264 facts and    1445 exclusive pairs (  132,    1365 positives)

graph has leveled off at time step 16

             546 ops   and   55824 exclusive pairs
time:  16,   264 facts and    1445 exclusive pairs (  132,    1365 positives)

graph has leveled off! wave front mechanism is taking over

expanding wave front to level   17
expanding wave front to level   18


found plan as follows:

time step    0: MOVE HOIST0 DEPOT0-1-3 DEPOT0-2-3
time step    1: GO-OUT HOIST0 DEPOT0-2-3 LOADAREA
time step    2: LIFT HOIST0 CRATE4 CONTAINER-1-0 LOADAREA CONTAINER1
time step    3: GO-IN HOIST0 LOADAREA DEPOT1-2-2
time step    4: DROP HOIST0 CRATE4 DEPOT1-2-1 DEPOT1-2-2 DEPOT1
time step    5: GO-OUT HOIST0 DEPOT1-2-2 LOADAREA
time step    6: LIFT HOIST0 CRATE3 CONTAINER-0-3 LOADAREA CONTAINER0
time step    7: GO-IN HOIST0 LOADAREA DEPOT1-2-2
time step    8: DROP HOIST0 CRATE3 DEPOT1-1-2 DEPOT1-2-2 DEPOT1
time step    9: GO-OUT HOIST0 DEPOT1-2-2 LOADAREA
time step   10: LIFT HOIST0 CRATE2 CONTAINER-0-2 LOADAREA CONTAINER0
time step   11: DROP HOIST0 CRATE2 DEPOT1-2-2 LOADAREA DEPOT1
time step   12: LIFT HOIST0 CRATE1 CONTAINER-0-1 LOADAREA CONTAINER0
time step   13: GO-IN HOIST0 LOADAREA DEPOT0-2-3
time step   14: DROP HOIST0 CRATE1 DEPOT0-1-3 DEPOT0-2-3 DEPOT0
time step   15: GO-OUT HOIST0 DEPOT0-2-3 LOADAREA
time step   16: LIFT HOIST0 CRATE0 CONTAINER-0-0 LOADAREA CONTAINER0
time step   17: DROP HOIST0 CRATE0 DEPOT0-2-3 LOADAREA DEPOT0



number of actions tried:     773407
number of noops tried  :    4802084

had  335086 simple memoizing hits
had    5816 partial memoizing hits
had  178093 subset memoizing hits

time spent:    0.00 seconds instantiating 282 operators
               0.01 seconds building graph
               0.04 seconds calculating exclusions
              15.87 seconds searching graph
              15.92 seconds total time

Memory used:   0.20 MBytes for domain representation
               5.32 MBytes for graph
               0.57 MBytes for exclusions
              27.64 MBytes for memoization
               0.43 MBytes for wave front




ipp: parsing domain file
domain 'STORAGE-PROPOSITIONAL' defined
 ... done.
ipp: parsing problem file
problem 'STORAGE-14' defined
 ... done.


instantiated 564 actions


time:   0,   154 facts and       0 exclusive pairs (   22,       0 positives)
             158 ops   and      18 exclusive pairs
time:   1,   166 facts and      36 exclusive pairs (   28,      12 positives)
             179 ops   and     214 exclusive pairs
time:   2,   174 facts and     100 exclusive pairs (   32,      30 positives)
             194 ops   and     489 exclusive pairs
time:   3,   176 facts and     120 exclusive pairs (   34,      40 positives)
             210 ops   and     948 exclusive pairs
time:   4,   205 facts and     351 exclusive pairs (   51,     181 positives)
             324 ops   and    7604 exclusive pairs
time:   5,   263 facts and    1156 exclusive pairs (  109,     987 positives)
             504 ops   and   30003 exclusive pairs
time:   6,   281 facts and    1541 exclusive pairs (  127,    1429 positives)
             662 ops   and   69352 exclusive pairs
time:   7,   297 facts and    1686 exclusive pairs (  143,    1589 positives)

goals first reachable in 7 time steps

             795 ops   and  111131 exclusive pairs
time:   8,   303 facts and    1750 exclusive pairs (  149,    1671 positives)
             842 ops   and  126967 exclusive pairs
time:   9,   308 facts and    1835 exclusive pairs (  154,    1755 positives)
             872 ops   and  137773 exclusive pairs
time:  10,   308 facts and    1810 exclusive pairs (  154,    1730 positives)
             872 ops   and  137578 exclusive pairs
time:  11,   308 facts and    1790 exclusive pairs (  154,    1710 positives)

found plan as follows:

time step    0: MOVE HOIST0 DEPOT0-1-1 DEPOT0-2-1
                MOVE HOIST1 DEPOT1-1-2 DEPOT1-1-3
time step    1: MOVE HOIST1 DEPOT1-1-3 DEPOT1-2-3
                MOVE HOIST0 DEPOT0-2-1 DEPOT0-2-2
time step    2: GO-OUT HOIST0 DEPOT0-2-2 LOADAREA
                GO-OUT HOIST1 DEPOT1-2-3 LOADAREA
time step    3: LIFT HOIST0 CRATE4 CONTAINER-1-0 LOADAREA CONTAINER1
                LIFT HOIST1 CRATE2 CONTAINER-0-2 LOADAREA CONTAINER0
time step    4: GO-IN HOIST1 LOADAREA DEPOT0-2-2
                GO-IN HOIST0 LOADAREA DEPOT1-2-3
time step    5: DROP HOIST0 CRATE4 DEPOT1-1-3 DEPOT1-2-3 DEPOT1
                DROP HOIST1 CRATE2 DEPOT0-2-1 DEPOT0-2-2 DEPOT0
time step    6: GO-OUT HOIST0 DEPOT1-2-3 LOADAREA
                GO-OUT HOIST1 DEPOT0-2-2 LOADAREA
time step    7: LIFT HOIST0 CRATE1 CONTAINER-0-1 LOADAREA CONTAINER0
                LIFT HOIST1 CRATE3 CONTAINER-0-3 LOADAREA CONTAINER0
time step    8: DROP HOIST1 CRATE3 DEPOT1-2-3 LOADAREA DEPOT1
                GO-IN HOIST0 LOADAREA DEPOT0-2-2
time step    9: LIFT HOIST1 CRATE0 CONTAINER-0-0 LOADAREA CONTAINER0
                MOVE HOIST0 DEPOT0-2-2 DEPOT0-1-2
time step   10: DROP HOIST0 CRATE1 DEPOT0-1-1 DEPOT0-1-2 DEPOT0
                DROP HOIST1 CRATE0 DEPOT0-2-2 LOADAREA DEPOT0



number of actions tried:    1394628
number of noops tried  :    3890780

had  448688 simple memoizing hits
had   49219 partial memoizing hits
had  241855 subset memoizing hits

time spent:    0.01 seconds instantiating 564 operators
               0.00 seconds building graph
               0.08 seconds calculating exclusions
              21.35 seconds searching graph
              21.44 seconds total time

Memory used:   0.37 MBytes for domain representation
               5.46 MBytes for graph
               1.11 MBytes for exclusions
              27.68 MBytes for memoization
               0.00 MBytes for wave front



