
Parsing domain file:  domain 'GRIPPER-STRIPS' defined ... done.
Parsing problem file:  problem 'GRIPPER-24' defined ... done.



Modality: Fast Planner

Number of actions             :     196
Number of conditional actions :       0
Number of facts               :     100


Analyzing Planning Problem:
	Temporal Planning Problem: NO
	Numeric Planning Problem: NO
	Problem with Timed Initial Litearals: NO
	Problem with Derived Predicates: NO

Evaluation function weights:
     Action duration 0.00; Action cost 1.00


Computing mutex... done

Preprocessing total time: 0.06 seconds

Searching ('.' = every 50 search steps):
... solution found: 

Plan computed:
   Time: (ACTION) [action Duration; action Cost]
 0.0000: (PICK BALL1 ROOMA RIGHT) [D:1.0000; C:1.0000]
 0.0000: (PICK BALL3 ROOMA LEFT) [D:1.0000; C:1.0000]
 1.0000: (MOVE ROOMA ROOMB) [D:1.0000; C:1.0000]
 2.0000: (DROP BALL3 ROOMB LEFT) [D:1.0000; C:1.0000]
 3.0000: (MOVE ROOMB ROOMA) [D:1.0000; C:1.0000]
 4.0000: (MOVE ROOMA ROOMB) [D:1.0000; C:1.0000]
 5.0000: (DROP BALL1 ROOMB RIGHT) [D:1.0000; C:1.0000]
 6.0000: (MOVE ROOMB ROOMA) [D:1.0000; C:1.0000]
 7.0000: (PICK BALL2 ROOMA RIGHT) [D:1.0000; C:1.0000]
 7.0000: (PICK BALL4 ROOMA LEFT) [D:1.0000; C:1.0000]
 8.0000: (MOVE ROOMA ROOMB) [D:1.0000; C:1.0000]
 9.0000: (DROP BALL4 ROOMB LEFT) [D:1.0000; C:1.0000]
 10.0000: (MOVE ROOMB ROOMA) [D:1.0000; C:1.0000]
 11.0000: (PICK BALL5 ROOMA LEFT) [D:1.0000; C:1.0000]
 12.0000: (MOVE ROOMA ROOMB) [D:1.0000; C:1.0000]
 13.0000: (DROP BALL5 ROOMB LEFT) [D:1.0000; C:1.0000]
 14.0000: (MOVE ROOMB ROOMA) [D:1.0000; C:1.0000]
 15.0000: (PICK BALL6 ROOMA LEFT) [D:1.0000; C:1.0000]
 16.0000: (MOVE ROOMA ROOMB) [D:1.0000; C:1.0000]
 17.0000: (DROP BALL6 ROOMB LEFT) [D:1.0000; C:1.0000]
 18.0000: (MOVE ROOMB ROOMA) [D:1.0000; C:1.0000]
 19.0000: (PICK BALL7 ROOMA LEFT) [D:1.0000; C:1.0000]
 20.0000: (MOVE ROOMA ROOMB) [D:1.0000; C:1.0000]
 21.0000: (DROP BALL7 ROOMB LEFT) [D:1.0000; C:1.0000]
 22.0000: (MOVE ROOMB ROOMA) [D:1.0000; C:1.0000]
 23.0000: (PICK BALL8 ROOMA LEFT) [D:1.0000; C:1.0000]
 24.0000: (MOVE ROOMA ROOMB) [D:1.0000; C:1.0000]
 25.0000: (DROP BALL8 ROOMB LEFT) [D:1.0000; C:1.0000]
 26.0000: (MOVE ROOMB ROOMA) [D:1.0000; C:1.0000]
 27.0000: (PICK BALL9 ROOMA LEFT) [D:1.0000; C:1.0000]
 28.0000: (MOVE ROOMA ROOMB) [D:1.0000; C:1.0000]
 29.0000: (DROP BALL9 ROOMB LEFT) [D:1.0000; C:1.0000]
 30.0000: (MOVE ROOMB ROOMA) [D:1.0000; C:1.0000]
 31.0000: (PICK BALL10 ROOMA LEFT) [D:1.0000; C:1.0000]
 32.0000: (MOVE ROOMA ROOMB) [D:1.0000; C:1.0000]
 33.0000: (DROP BALL10 ROOMB LEFT) [D:1.0000; C:1.0000]
 34.0000: (MOVE ROOMB ROOMA) [D:1.0000; C:1.0000]
 35.0000: (PICK BALL11 ROOMA LEFT) [D:1.0000; C:1.0000]
 36.0000: (MOVE ROOMA ROOMB) [D:1.0000; C:1.0000]
 37.0000: (DROP BALL11 ROOMB LEFT) [D:1.0000; C:1.0000]
 38.0000: (MOVE ROOMB ROOMA) [D:1.0000; C:1.0000]
 39.0000: (PICK BALL12 ROOMA LEFT) [D:1.0000; C:1.0000]
 40.0000: (MOVE ROOMA ROOMB) [D:1.0000; C:1.0000]
 41.0000: (DROP BALL12 ROOMB LEFT) [D:1.0000; C:1.0000]
 42.0000: (MOVE ROOMB ROOMA) [D:1.0000; C:1.0000]
 43.0000: (PICK BALL13 ROOMA LEFT) [D:1.0000; C:1.0000]
 44.0000: (MOVE ROOMA ROOMB) [D:1.0000; C:1.0000]
 45.0000: (DROP BALL13 ROOMB LEFT) [D:1.0000; C:1.0000]
 46.0000: (MOVE ROOMB ROOMA) [D:1.0000; C:1.0000]
 47.0000: (PICK BALL14 ROOMA LEFT) [D:1.0000; C:1.0000]
 48.0000: (MOVE ROOMA ROOMB) [D:1.0000; C:1.0000]
 49.0000: (DROP BALL14 ROOMB LEFT) [D:1.0000; C:1.0000]
 50.0000: (MOVE ROOMB ROOMA) [D:1.0000; C:1.0000]
 51.0000: (PICK BALL15 ROOMA LEFT) [D:1.0000; C:1.0000]
 52.0000: (MOVE ROOMA ROOMB) [D:1.0000; C:1.0000]
 53.0000: (DROP BALL15 ROOMB LEFT) [D:1.0000; C:1.0000]
 54.0000: (MOVE ROOMB ROOMA) [D:1.0000; C:1.0000]
 55.0000: (PICK BALL16 ROOMA LEFT) [D:1.0000; C:1.0000]
 56.0000: (MOVE ROOMA ROOMB) [D:1.0000; C:1.0000]
 57.0000: (DROP BALL16 ROOMB LEFT) [D:1.0000; C:1.0000]
 58.0000: (MOVE ROOMB ROOMA) [D:1.0000; C:1.0000]
 59.0000: (PICK BALL17 ROOMA LEFT) [D:1.0000; C:1.0000]
 60.0000: (MOVE ROOMA ROOMB) [D:1.0000; C:1.0000]
 61.0000: (DROP BALL17 ROOMB LEFT) [D:1.0000; C:1.0000]
 62.0000: (MOVE ROOMB ROOMA) [D:1.0000; C:1.0000]
 63.0000: (PICK BALL18 ROOMA LEFT) [D:1.0000; C:1.0000]
 64.0000: (MOVE ROOMA ROOMB) [D:1.0000; C:1.0000]
 65.0000: (DROP BALL18 ROOMB LEFT) [D:1.0000; C:1.0000]
 66.0000: (MOVE ROOMB ROOMA) [D:1.0000; C:1.0000]
 67.0000: (PICK BALL19 ROOMA LEFT) [D:1.0000; C:1.0000]
 68.0000: (MOVE ROOMA ROOMB) [D:1.0000; C:1.0000]
 69.0000: (DROP BALL19 ROOMB LEFT) [D:1.0000; C:1.0000]
 70.0000: (MOVE ROOMB ROOMA) [D:1.0000; C:1.0000]
 71.0000: (PICK BALL20 ROOMA LEFT) [D:1.0000; C:1.0000]
 72.0000: (MOVE ROOMA ROOMB) [D:1.0000; C:1.0000]
 73.0000: (DROP BALL20 ROOMB LEFT) [D:1.0000; C:1.0000]
 74.0000: (MOVE ROOMB ROOMA) [D:1.0000; C:1.0000]
 75.0000: (PICK BALL21 ROOMA LEFT) [D:1.0000; C:1.0000]
 76.0000: (MOVE ROOMA ROOMB) [D:1.0000; C:1.0000]
 77.0000: (DROP BALL21 ROOMB LEFT) [D:1.0000; C:1.0000]
 78.0000: (MOVE ROOMB ROOMA) [D:1.0000; C:1.0000]
 79.0000: (PICK BALL22 ROOMA LEFT) [D:1.0000; C:1.0000]
 80.0000: (MOVE ROOMA ROOMB) [D:1.0000; C:1.0000]
 81.0000: (DROP BALL22 ROOMB LEFT) [D:1.0000; C:1.0000]
 82.0000: (MOVE ROOMB ROOMA) [D:1.0000; C:1.0000]
 83.0000: (PICK BALL23 ROOMA LEFT) [D:1.0000; C:1.0000]
 84.0000: (MOVE ROOMA ROOMB) [D:1.0000; C:1.0000]
 85.0000: (DROP BALL23 ROOMB LEFT) [D:1.0000; C:1.0000]
 86.0000: (MOVE ROOMB ROOMA) [D:1.0000; C:1.0000]
 87.0000: (PICK BALL24 ROOMA LEFT) [D:1.0000; C:1.0000]
 88.0000: (MOVE ROOMA ROOMB) [D:1.0000; C:1.0000]
 89.0000: (DROP BALL24 ROOMB LEFT) [D:1.0000; C:1.0000]
 90.0000: (MOVE ROOMB ROOMA) [D:1.0000; C:1.0000]
 91.0000: (MOVE ROOMA ROOMB) [D:1.0000; C:1.0000]
 92.0000: (DROP BALL2 ROOMB RIGHT) [D:1.0000; C:1.0000]


Solution found:
Total time:      0.18
Search time:     0.12
Actions:         95
Execution cost:  95.00
Duration:        93.000
Plan quality:    95.000

__MEMKB 131732
