MaxPlanII beta.

bb: parsing domain file
domain 'PIPESWORLD_STRIPS' defined
 ... done.
bb: parsing problem file
problem 'P02-NET1-B6-G4_RT0_INSTANCE' defined
 ... done.


******  Solve with 1 layers Start******

creating action-based encoding:
        building rplan graph layers, up to layer [1];
        goal constraints;

no achiever in for goal?? deadline too low!#001


******  Solve with 2 layers Start******

creating action-based encoding:
        building rplan graph layers, up to layer [2];
        goal constraints;

no achiever in for goal?? deadline too low!#001


******  Solve with 3 layers Start******

creating action-based encoding:
        building rplan graph layers, up to layer [3];
        goal constraints;
        building exclusion constraints --> up to layer 3...

DECISION LAYER 3, WRITING ACTION-BASED ENCODING WITH 262 VARS, 2981 CLAUSES.
4 G clauses, 611 A clauses, 2366 E clauses.c CNF file planning task -p , -o /home/matheus/repo/acervo-2010/planejadores_analise_resultados/comp/pipesworld/domain.pddl, -f /home/matheus/repo/acervo-2010/planejadores_analise_resultados/comp/pipesworld/p02.pddl, bound 3, action based encoding
In building up solver: p cnf 262 2981
==================================[ MINISAT ]===================================
| Conflicts |     ORIGINAL     |              LEARNT              | Progress |
|           | Clauses Literals |   Limit Clauses Literals  Lit/Cl |          |
==============================================================================
|         0 |    2981     7187 |     993       0        0     0.0 |  0.000 % |
==============================================================================
Totoal time used by londex constraint checking is [B0.000000][L0.000000],apply counts 40, apply_generated 0
restarts          :            1
conflicts         :           13           (     1300 / sec      )
decisions         :           13           (     1300 / sec      )
propagations      :          689           (    68900 / sec      )
inspects          :         2306           (   230600 / sec      )
conflict literals :           15           (     6.25 % deleted  )
CPU time          :         0.01 sec
UNSATISFIABLE

******  Solve with 4 layers Start******

creating action-based encoding:
        building rplan graph layers, up to layer [4];
        goal constraints;
        building exclusion constraints --> up to layer 4...

DECISION LAYER 4, WRITING ACTION-BASED ENCODING WITH 448 VARS, 6669 CLAUSES.
4 G clauses, 1145 A clauses, 5520 E clauses.c CNF file planning task -p , -o /home/matheus/repo/acervo-2010/planejadores_analise_resultados/comp/pipesworld/domain.pddl, -f /home/matheus/repo/acervo-2010/planejadores_analise_resultados/comp/pipesworld/p02.pddl, bound 4, action based encoding
In building up solver: p cnf 448 6669
==================================[ MINISAT ]===================================
| Conflicts |     ORIGINAL     |              LEARNT              | Progress |
|           | Clauses Literals |   Limit Clauses Literals  Lit/Cl |          |
==============================================================================
|         0 |    6669    18130 |    2223       0        0     0.0 |  0.000 % |
==============================================================================
Totoal time used by londex constraint checking is [B0.000000][L0.000000],apply counts 127, apply_generated 0
restarts          :            1
conflicts         :           34           (      inf / sec      )
decisions         :           35           (      inf / sec      )
propagations      :         3067           (      inf / sec      )
inspects          :         8475           (      inf / sec      )
conflict literals :          124           (     2.36 % deleted  )
CPU time          :         0.00 sec
UNSATISFIABLE

******  Solve with 5 layers Start******

creating action-based encoding:
        building rplan graph layers, up to layer [5];
        goal constraints;
        building exclusion constraints --> up to layer 5...

DECISION LAYER 5, WRITING ACTION-BASED ENCODING WITH 648 VARS, 11081 CLAUSES.
4 G clauses, 1729 A clauses, 9348 E clauses.c CNF file planning task -p , -o /home/matheus/repo/acervo-2010/planejadores_analise_resultados/comp/pipesworld/domain.pddl, -f /home/matheus/repo/acervo-2010/planejadores_analise_resultados/comp/pipesworld/p02.pddl, bound 5, action based encoding
In building up solver: p cnf 648 11081
==================================[ MINISAT ]===================================
| Conflicts |     ORIGINAL     |              LEARNT              | Progress |
|           | Clauses Literals |   Limit Clauses Literals  Lit/Cl |          |
==============================================================================
|         0 |   11081    32318 |    3693       0        0     0.0 |  0.000 % |
|       100 |   11057    32268 |    4062      92     1276    13.9 |  6.058 % |
==============================================================================
Totoal time used by londex constraint checking is [B0.010000][L0.000000],apply counts 891, apply_generated 0
restarts          :            2
conflicts         :          195           (     9750 / sec      )
decisions         :          295           (    14750 / sec      )
propagations      :        15807           (   790350 / sec      )
inspects          :        50817           (  2540850 / sec      )
conflict literals :         2053           (    12.26 % deleted  )
CPU time          :         0.02 sec
UNSATISFIABLE

******  Solve with 6 layers Start******

creating action-based encoding:
        building rplan graph layers, up to layer [6];
        goal constraints;
        building exclusion constraints --> up to layer 6...

DECISION LAYER 6, WRITING ACTION-BASED ENCODING WITH 848 VARS, 15493 CLAUSES.
4 G clauses, 2313 A clauses, 13176 E clauses.c CNF file planning task -p , -o /home/matheus/repo/acervo-2010/planejadores_analise_resultados/comp/pipesworld/domain.pddl, -f /home/matheus/repo/acervo-2010/planejadores_analise_resultados/comp/pipesworld/p02.pddl, bound 6, action based encoding
In building up solver: p cnf 848 15493
==================================[ MINISAT ]===================================
| Conflicts |     ORIGINAL     |              LEARNT              | Progress |
|           | Clauses Literals |   Limit Clauses Literals  Lit/Cl |          |
==============================================================================
|         0 |   15493    47170 |    5164       0        0     0.0 |  0.000 % |
|       100 |   15469    47120 |    5680      95     1916    20.2 |  8.030 % |
|       250 |   15469    47120 |    6248     241     5502    22.8 |  8.510 % |
|       475 |   15469    47120 |    6873     450    10318    22.9 | 15.836 % |
==============================================================================
Totoal time used by londex constraint checking is [B0.010000][L0.000000],apply counts 3424, apply_generated 0
restarts          :            4
conflicts         :          638           (    12760 / sec      )
decisions         :         1008           (    20160 / sec      )
propagations      :        58139           (  1162780 / sec      )
inspects          :       211901           (  4238020 / sec      )
conflict literals :        13179           (    10.74 % deleted  )
CPU time          :         0.05 sec
UNSATISFIABLE

******  Solve with 7 layers Start******

creating action-based encoding:
        building rplan graph layers, up to layer [7];
        goal constraints;
        building exclusion constraints --> up to layer 7...

DECISION LAYER 7, WRITING ACTION-BASED ENCODING WITH 1048 VARS, 19905 CLAUSES.
4 G clauses, 2897 A clauses, 17004 E clauses.c CNF file planning task -p , -o /home/matheus/repo/acervo-2010/planejadores_analise_resultados/comp/pipesworld/domain.pddl, -f /home/matheus/repo/acervo-2010/planejadores_analise_resultados/comp/pipesworld/p02.pddl, bound 7, action based encoding
In building up solver: p cnf 1048 19905
==================================[ MINISAT ]===================================
| Conflicts |     ORIGINAL     |              LEARNT              | Progress |
|           | Clauses Literals |   Limit Clauses Literals  Lit/Cl |          |
==============================================================================
|         0 |   19905    62022 |    6635       0        0     0.0 |  0.000 % |
|       101 |   19881    61972 |    7299     100     2129    21.3 |  0.109 % |
|       251 |   19881    61972 |    8028     245     6843    27.9 |  3.538 % |
|       476 |   19881    61972 |    8831     465    14566    31.3 |  7.068 % |
|       813 |   16729    54372 |    9714     732    25918    35.4 |  8.691 % |
|      1320 |   16729    54372 |   10686    1236    62525    50.6 |  9.065 % |
|      2080 |   14918    49853 |   11754    1905    98020    51.5 | 14.066 % |
==============================================================================
Totoal time used by londex constraint checking is [B0.020000][L0.060000],apply counts 16704, apply_generated 0
restarts          :            7
conflicts         :         2717           (    12938 / sec      )
decisions         :         3761           (    17910 / sec      )
propagations      :       249035           (  1185881 / sec      )
inspects          :      1139335           (  5425405 / sec      )
conflict literals :       136270           (    11.29 % deleted  )
CPU time          :         0.21 sec
UNSATISFIABLE

******  Solve with 8 layers Start******

creating action-based encoding:
        building rplan graph layers, up to layer [8];
        goal constraints;
        building exclusion constraints --> up to layer 8...

DECISION LAYER 8, WRITING ACTION-BASED ENCODING WITH 1248 VARS, 24317 CLAUSES.
4 G clauses, 3481 A clauses, 20832 E clauses.c CNF file planning task -p , -o /home/matheus/repo/acervo-2010/planejadores_analise_resultados/comp/pipesworld/domain.pddl, -f /home/matheus/repo/acervo-2010/planejadores_analise_resultados/comp/pipesworld/p02.pddl, bound 8, action based encoding
In building up solver: p cnf 1248 24317
==================================[ MINISAT ]===================================
| Conflicts |     ORIGINAL     |              LEARNT              | Progress |
|           | Clauses Literals |   Limit Clauses Literals  Lit/Cl |          |
==============================================================================
|         0 |   24317    76874 |    8105       0        0     0.0 |  0.000 % |
|       100 |   24293    76824 |    8916      98      930     9.5 |  0.165 % |
|       250 |   24293    76824 |    9807     241     3497    14.5 |  5.780 % |
|       475 |   24293    76824 |   10788     464    11942    25.7 |  5.954 % |
|       812 |   24293    76824 |   11867     798    17951    22.5 |  6.170 % |
|      1318 |   21246    69487 |   13053    1280    43227    33.8 |  6.336 % |
|      2077 |   21246    69487 |   14359    2035    88694    43.6 |  6.665 % |
|      3216 |   21079    69073 |   15794    3143   158724    50.5 |  7.219 % |
|      4926 |   20653    68065 |   17374    4680   271225    58.0 |  9.312 % |
|      7488 |   20653    68065 |   19111    7233   462485    63.9 | 11.161 % |
==============================================================================
Totoal time used by londex constraint checking is [B0.130000][L0.180000],apply counts 74526, apply_generated 0
restarts          :           10
conflicts         :        11181           (    10548 / sec      )
decisions         :        15077           (    14224 / sec      )
propagations      :      1090570           (  1028840 / sec      )
inspects          :      7874271           (  7428558 / sec      )
conflict literals :       756727           (    17.85 % deleted  )
CPU time          :         1.06 sec
UNSATISFIABLE

******  Solve with 9 layers Start******

creating action-based encoding:
        building rplan graph layers, up to layer [9];
        goal constraints;
        building exclusion constraints --> up to layer 9...

DECISION LAYER 9, WRITING ACTION-BASED ENCODING WITH 1448 VARS, 28729 CLAUSES.
4 G clauses, 4065 A clauses, 24660 E clauses.c CNF file planning task -p , -o /home/matheus/repo/acervo-2010/planejadores_analise_resultados/comp/pipesworld/domain.pddl, -f /home/matheus/repo/acervo-2010/planejadores_analise_resultados/comp/pipesworld/p02.pddl, bound 9, action based encoding
In building up solver: p cnf 1448 28729
==================================[ MINISAT ]===================================
| Conflicts |     ORIGINAL     |              LEARNT              | Progress |
|           | Clauses Literals |   Limit Clauses Literals  Lit/Cl |          |
==============================================================================
|         0 |   28729    91726 |    9576       0        0     0.0 |  0.000 % |
|       100 |   28705    91676 |   10534      99      899     9.1 |  0.076 % |
|       250 |   28705    91676 |   11587     249     1743     7.0 |  0.074 % |
|       475 |   28705    91676 |   12746     470    11167    23.8 |  2.498 % |
|       812 |   28705    91676 |   14020     804    26005    32.3 |  2.697 % |
|      1318 |   28705    91676 |   15422    1306    53289    40.8 |  5.194 % |
|      2077 |   25775    84606 |   16964    1995    82059    41.1 |  5.470 % |
|      3216 |   25775    84606 |   18661    3133   165215    52.7 |  5.528 % |
|      4924 |   25662    84362 |   20527    4836   338200    69.9 |  5.600 % |
|      7487 |   25662    84362 |   22580    7397   646917    87.5 |  5.736 % |
|     11331 |   25547    84073 |   24838   11223  1086853    96.8 |  6.087 % |
|     17097 |   25547    84073 |   27321   16984  1862165   109.6 |  6.452 % |
|     25748 |   25172    83112 |   30054   25490  2813305   110.4 | 13.333 % |
|     38722 |   21019    72236 |   33059    8951   737128    82.4 | 14.791 % |
==============================================================================
Totoal time used by londex constraint checking is [B0.870000][L0.550000],apply counts 351307, apply_generated 0
restarts          :           14
conflicts         :        50637           (     7649 / sec      )
decisions         :        63706           (     9623 / sec      )
propagations      :      5110297           (   771948 / sec      )
inspects          :     61674591           (  9316403 / sec      )
conflict literals :      5109516           (    19.04 % deleted  )
CPU time          :         6.62 sec
UNSATISFIABLE

******  Solve with 10 layers Start******

creating action-based encoding:
        building rplan graph layers, up to layer [10];
        goal constraints;
        building exclusion constraints --> up to layer 10...

DECISION LAYER 10, WRITING ACTION-BASED ENCODING WITH 1648 VARS, 33141 CLAUSES.
4 G clauses, 4649 A clauses, 28488 E clauses.c CNF file planning task -p , -o /home/matheus/repo/acervo-2010/planejadores_analise_resultados/comp/pipesworld/domain.pddl, -f /home/matheus/repo/acervo-2010/planejadores_analise_resultados/comp/pipesworld/p02.pddl, bound 10, action based encoding
In building up solver: p cnf 1648 33141
==================================[ MINISAT ]===================================
| Conflicts |     ORIGINAL     |              LEARNT              | Progress |
|           | Clauses Literals |   Limit Clauses Literals  Lit/Cl |          |
==============================================================================
|         0 |   33141   106578 |   11047       0        0     0.0 |  0.000 % |
|       100 |   33117   106528 |   12152      99      994    10.0 |  0.066 % |
|       250 |   33117   106528 |   13367     248     1997     8.1 |  0.121 % |
|       475 |   33117   106528 |   14704     471    14392    30.6 |  4.008 % |
|       812 |   33117   106528 |   16174     804    28715    35.7 |  4.251 % |
|      1318 |   33117   106528 |   17791    1307    66472    50.9 |  4.435 % |
|      2077 |   30213    99519 |   19570    1985    98225    49.5 |  6.797 % |
|      3218 |   30213    99519 |   21527    3125   178925    57.3 |  6.863 % |
|      4926 |   28601    95468 |   23680    4734   265661    56.1 |  7.223 % |
|      7488 |   28601    95468 |   26048    7295   529176    72.5 |  7.283 % |
|     11332 |   28296    94653 |   28653   11066   843066    76.2 |  7.591 % |
|     17098 |   28296    94653 |   31518   16832  1589969    94.5 |  7.596 % |
|     25747 |   28094    94126 |   34670   25397  2503588    98.6 |  8.321 % |
|     38721 |   28094    94126 |   38137    4638   455079    98.1 |  9.351 % |
==============================================================================
Totoal time used by londex constraint checking is [B0.860000][L0.880000],apply counts 370557, apply_generated 0
restarts          :           14
conflicts         :        50552           (     7170 / sec      )
decisions         :        66817           (     9478 / sec      )
propagations      :      5201960           (   737867 / sec      )
inspects          :     63175539           (  8961069 / sec      )
conflict literals :      5605021           (    15.60 % deleted  )
CPU time          :         7.05 sec
SATISFIABLE

Info:      9.47 seconds total solving time
           0.00 MB memory used
        solution found at layer 10

__MEMKB 20228
