MaxPlanII beta.

bb: parsing domain file
domain 'PIPESWORLD_STRIPS' defined
 ... done.
bb: parsing problem file
problem 'P16-NET2-B14-G6_RT0_INSTANCE' defined
 ... done.


******  Solve with 1 layers Start******

creating action-based encoding:
        building rplan graph layers, up to layer [1];
        goal constraints;

no achiever in for goal?? deadline too low!#001


******  Solve with 2 layers Start******

creating action-based encoding:
        building rplan graph layers, up to layer [2];
        goal constraints;

no achiever in for goal?? deadline too low!#001


******  Solve with 3 layers Start******

creating action-based encoding:
        building rplan graph layers, up to layer [3];
        goal constraints;

no achiever in for goal?? deadline too low!#001


******  Solve with 4 layers Start******

creating action-based encoding:
        building rplan graph layers, up to layer [4];
        goal constraints;

no achiever in for goal?? deadline too low!#001


******  Solve with 5 layers Start******

creating action-based encoding:
        building rplan graph layers, up to layer [5];
        goal constraints;

no achiever in for goal?? deadline too low!#001


******  Solve with 6 layers Start******

creating action-based encoding:
        building rplan graph layers, up to layer [6];
        goal constraints;
        building exclusion constraints --> up to layer 6...

DECISION LAYER 6, WRITING ACTION-BASED ENCODING WITH 11671 VARS, 9810494 CLAUSES.
8 G clauses, 43873 A clauses, 9766613 E clauses.c CNF file planning task -p , -o /home/matheus/repo/acervo-2010/planejadores_analise_resultados/comp/pipesworld/domain.pddl, -f /home/matheus/repo/acervo-2010/planejadores_analise_resultados/comp/pipesworld/p16.pddl, bound 6, action based encoding
In building up solver: p cnf 11671 9810494
==================================[ MINISAT ]===================================
| Conflicts |     ORIGINAL     |              LEARNT              | Progress |
|           | Clauses Literals |   Limit Clauses Literals  Lit/Cl |          |
==============================================================================
|         0 | 9810494 24757320 | 3270164       0        0     0.0 |  0.000 % |
==============================================================================
Totoal time used by londex constraint checking is [B0.000000][L0.000000],apply counts 2, apply_generated 0
restarts          :            1
conflicts         :            3           (       75 / sec      )
decisions         :            2           (       50 / sec      )
propagations      :         3019           (    75475 / sec      )
inspects          :         7977           (   199425 / sec      )
conflict literals :            2           (     0.00 % deleted  )
CPU time          :         0.04 sec
UNSATISFIABLE

******  Solve with 7 layers Start******

creating action-based encoding:
        building rplan graph layers, up to layer [7];
        goal constraints;
        building exclusion constraints --> up to layer 7...

DECISION LAYER 7, WRITING ACTION-BASED ENCODING WITH 18020 VARS, 17993919 CLAUSES.
8 G clauses, 68366 A clauses, 17925545 E clauses.c CNF file planning task -p , -o /home/matheus/repo/acervo-2010/planejadores_analise_resultados/comp/pipesworld/domain.pddl, -f /home/matheus/repo/acervo-2010/planejadores_analise_resultados/comp/pipesworld/p16.pddl, bound 7, action based encoding
In building up solver: p cnf 18020 17993919
==================================[ MINISAT ]===================================
| Conflicts |     ORIGINAL     |              LEARNT              | Progress |
|           | Clauses Literals |   Limit Clauses Literals  Lit/Cl |          |
==============================================================================
|         0 | 17993919 47886665 | 5997973       0        0     0.0 |  0.000 % |
==============================================================================
Totoal time used by londex constraint checking is [B0.000000][L0.000000],apply counts 75, apply_generated 0
restarts          :            1
conflicts         :           56           (      560 / sec      )
decisions         :           58           (      580 / sec      )
propagations      :        58835           (   588350 / sec      )
inspects          :       156541           (  1565410 / sec      )
conflict literals :         3729           (     0.11 % deleted  )
CPU time          :         0.10 sec
UNSATISFIABLE

******  Solve with 8 layers Start******

creating action-based encoding:
        building rplan graph layers, up to layer [8];
        goal constraints;
        building exclusion constraints --> up to layer 8...

DECISION LAYER 8, WRITING ACTION-BASED ENCODING WITH 24399 VARS, 26262816 CLAUSES.
8 G clauses, 92973 A clauses, 26169835 E clauses.c CNF file planning task -p , -o /home/matheus/repo/acervo-2010/planejadores_analise_resultados/comp/pipesworld/domain.pddl, -f /home/matheus/repo/acervo-2010/planejadores_analise_resultados/comp/pipesworld/p16.pddl, bound 8, action based encoding
In building up solver: p cnf 24399 26262816
==================================[ MINISAT ]===================================
| Conflicts |     ORIGINAL     |              LEARNT              | Progress |
|           | Clauses Literals |   Limit Clauses Literals  Lit/Cl |          |
==============================================================================
|         0 | 26262816 72305861 | 8754272       0        0     0.0 |  0.000 % |
|       100 | 26262589 72305397 | 9629699      97    19234   198.3 |  6.386 % |
|       250 | 26262589 72305397 | 10592669     166    20162   121.5 |  6.980 % |
==============================================================================
Totoal time used by londex constraint checking is [B0.010000][L0.020000],apply counts 336, apply_generated 0
restarts          :            3
conflicts         :          288           (      738 / sec      )
decisions         :          298           (      764 / sec      )
propagations      :       443842           (  1138056 / sec      )
inspects          :      1004739           (  2576254 / sec      )
conflict literals :        20283           (     0.92 % deleted  )
CPU time          :         0.39 sec
UNSATISFIABLE

******  Solve with 9 layers Start******

creating action-based encoding:
        building rplan graph layers, up to layer [9];
        goal constraints;
        building exclusion constraints --> up to layer 9...

DECISION LAYER 9, WRITING ACTION-BASED ENCODING WITH 30778 VARS, 34531713 CLAUSES.
8 G clauses, 117580 A clauses, 34414125 E clauses.c CNF file planning task -p , -o /home/matheus/repo/acervo-2010/planejadores_analise_resultados/comp/pipesworld/domain.pddl, -f /home/matheus/repo/acervo-2010/planejadores_analise_resultados/comp/pipesworld/p16.pddl, bound 9, action based encoding
In building up solver: p cnf 30778 34531713
==================================[ MINISAT ]===================================
| Conflicts |     ORIGINAL     |              LEARNT              | Progress |
|           | Clauses Literals |   Limit Clauses Literals  Lit/Cl |          |
==============================================================================
|         0 | 34531713 96769943 | 11510571       0        0     0.0 |  0.000 % |
|       100 | 34531486 96769479 | 12661628      99    14289   144.3 |  0.014 % |
|       250 | 34531486 96769479 | 13927791     249    20654    82.9 |  0.013 % |
|       475 | 34531486 96769479 | 15320570     474    33177    70.0 |  0.013 % |
|       812 | 34531486 96769479 | 16852627     802    52764    65.8 |  5.088 % |
==============================================================================
Totoal time used by londex constraint checking is [B0.030000][L0.010000],apply counts 1766, apply_generated 0
restarts          :            5
conflicts         :         1101           (     1210 / sec      )
decisions         :         1296           (     1424 / sec      )
propagations      :      1163798           (  1278899 / sec      )
inspects          :      4121996           (  4529666 / sec      )
conflict literals :        60482           (    11.62 % deleted  )
CPU time          :         0.91 sec
UNSATISFIABLE

******  Solve with 10 layers Start******

creating action-based encoding:
        building rplan graph layers, up to layer [10];
        goal constraints;
        building exclusion constraints --> up to layer 10...

DECISION LAYER 10, WRITING ACTION-BASED ENCODING WITH 37157 VARS, 42800610 CLAUSES.
8 G clauses, 142187 A clauses, 42658415 E clauses.c CNF file planning task -p , -o /home/matheus/repo/acervo-2010/planejadores_analise_resultados/comp/pipesworld/domain.pddl, -f /home/matheus/repo/acervo-2010/planejadores_analise_resultados/comp/pipesworld/p16.pddl, bound 10, action based encoding
In building up solver: p cnf 37157 42800610
==================================[ MINISAT ]===================================
| Conflicts |     ORIGINAL     |              LEARNT              | Progress |
|           | Clauses Literals |   Limit Clauses Literals  Lit/Cl |          |
==============================================================================
|         0 | 42800610 121234025 | 14266870       0        0     0.0 |  0.000 % |
|       100 | 42800383 121233561 | 15693557      99    18297   184.8 |  0.011 % |
|       250 | 42800383 121233561 | 17262913     249    30685   123.2 |  0.011 % |
|       475 | 42800383 121233561 | 18989204     474    36211    76.4 |  0.011 % |
|       812 | 42800383 121233561 | 20888124     811    59819    73.8 |  0.011 % |
|      1318 | 42800383 121233561 | 22976937    1317    71594    54.4 |  0.011 % |
|      2077 | 42800383 121233561 | 25274630    2076   222230   107.0 |  0.011 % |
|      3216 | 42800383 121233561 | 27802094    3214   321843   100.1 |  0.014 % |
|      4924 | 42800383 121233561 | 30582303    4904   452367    92.2 |  0.062 % |
|      7486 | 42800383 121233561 | 33640533    7415   543280    73.3 |  0.199 % |
==============================================================================
Totoal time used by londex constraint checking is [B0.120000][L0.100000],apply counts 11931, apply_generated 0
restarts          :           10
conflicts         :         8792           (     1238 / sec      )
decisions         :         9658           (     1360 / sec      )
propagations      :     10829243           (  1525245 / sec      )
inspects          :     29914399           (  4213296 / sec      )
conflict literals :       560479           (    38.93 % deleted  )
CPU time          :         7.10 sec
UNSATISFIABLE

******  Solve with 11 layers Start******

creating action-based encoding:
        building rplan graph layers, up to layer [11];
        goal constraints;
        building exclusion constraints --> up to layer 11...

DECISION LAYER 11, WRITING ACTION-BASED ENCODING WITH 43536 VARS, 51069507 CLAUSES.
8 G clauses, 166794 A clauses, 50902705 E clauses.c CNF file planning task -p , -o /home/matheus/repo/acervo-2010/planejadores_analise_resultados/comp/pipesworld/domain.pddl, -f /home/matheus/repo/acervo-2010/planejadores_analise_resultados/comp/pipesworld/p16.pddl, bound 11, action based encoding
In building up solver: p cnf 43536 51069507
==================================[ MINISAT ]===================================
| Conflicts |     ORIGINAL     |              LEARNT              | Progress |
|           | Clauses Literals |   Limit Clauses Literals  Lit/Cl |          |
==============================================================================
|         0 | 51069507 145698107 | 17023169       0        0     0.0 |  0.000 % |
|       100 | 51069280 145697643 | 18725486      99    22369   225.9 |  0.010 % |
|       250 | 51069280 145697643 | 20598034     249    31352   125.9 |  0.009 % |
|       475 | 51069280 145697643 | 22657838     474   115613   243.9 |  0.009 % |
|       812 | 51069280 145697643 | 24923622     811   274557   338.5 |  0.009 % |
|      1318 | 51069280 145697643 | 27415984    1313   336504   256.3 |  0.026 % |
|      2078 | 51069280 145697643 | 30157582    2071   442464   213.6 |  0.030 % |
|      3218 | 51069280 145697643 | 33173341    3210   783758   244.2 |  0.032 % |
|      4926 | 51069280 145697643 | 36490675    4911  1017259   207.1 |  3.597 % |
|      7488 | 51069280 145697643 | 40139742    7465  1760070   235.8 |  3.623 % |
|     11333 | 51069280 145697643 | 44153716   11294  2065831   182.9 |  5.538 % |
|     17099 | 51069280 145697643 | 48569088   17050  3316814   194.5 |  5.561 % |
==============================================================================
Totoal time used by londex constraint checking is [B0.190000][L0.260000],apply counts 27350, apply_generated 0
restarts          :           12
conflicts         :        20106           (     1453 / sec      )
decisions         :        22317           (     1612 / sec      )
propagations      :     22005759           (  1590011 / sec      )
inspects          :     75961225           (  5488528 / sec      )
conflict literals :      3445683           (    22.76 % deleted  )
CPU time          :        13.84 sec
UNSATISFIABLE

******  Solve with 12 layers Start******

creating action-based encoding:
        building rplan graph layers, up to layer [12];
        goal constraints;
        building exclusion constraints --> up to layer 12...

DECISION LAYER 12, WRITING ACTION-BASED ENCODING WITH 49915 VARS, 59338404 CLAUSES.
8 G clauses, 191401 A clauses, 59146995 E clauses.c CNF file planning task -p , -o /home/matheus/repo/acervo-2010/planejadores_analise_resultados/comp/pipesworld/domain.pddl, -f /home/matheus/repo/acervo-2010/planejadores_analise_resultados/comp/pipesworld/p16.pddl, bound 12, action based encoding
In building up solver: p cnf 49915 59338404
==================================[ MINISAT ]===================================
| Conflicts |     ORIGINAL     |              LEARNT              | Progress |
|           | Clauses Literals |   Limit Clauses Literals  Lit/Cl |          |
==============================================================================
|         0 | 59338404 170162189 | 19779468       0        0     0.0 |  0.000 % |
|       100 | 59338177 170161725 | 21757415      99     8471    85.6 |  0.008 % |
|       250 | 59338177 170161725 | 23933156     246    62664   254.7 |  0.026 % |
|       475 | 59338177 170161725 | 26326472     471    84926   180.3 |  0.026 % |
|       812 | 59338177 170161725 | 28959119     808   181098   224.1 |  0.026 % |
|      1318 | 59338177 170161725 | 31855031    1306   276103   211.4 |  0.086 % |
|      2077 | 59338177 170161725 | 35040534    2065   557467   270.0 |  0.086 % |
|      3216 | 59338177 170161725 | 38544588    3202  1019942   318.5 |  0.090 % |
|      4924 | 59338177 170161725 | 42399046    4910  1086200   221.2 |  0.090 % |
|      7486 | 59338177 170161725 | 46638951    7470  1320979   176.8 |  0.095 % |
|     11330 | 59338177 170161725 | 51302846   11308  2468550   218.3 |  0.161 % |
|     17096 | 59338177 170161725 | 56433131   17066  3760620   220.4 |  0.353 % |
|     25745 | 59338177 170161725 | 62076444   25694  6805590   264.9 |  2.739 % |
|     38719 | 59338177 170161725 | 68284088   38620 10088607   261.2 |  8.623 % |
==============================================================================
Totoal time used by londex constraint checking is [B0.520000][L0.570000],apply counts 74966, apply_generated 0
restarts          :           14
conflicts         :        46352           (      934 / sec      )
decisions         :        52008           (     1048 / sec      )
propagations      :     48261792           (   972432 / sec      )
inspects          :    196164557           (  3952540 / sec      )
conflict literals :     12164701           (     8.00 % deleted  )
CPU time          :        49.63 sec
UNSATISFIABLE

******  Solve with 13 layers Start******

creating action-based encoding:
        building rplan graph layers, up to layer [13];
        goal constraints;
        building exclusion constraints --> up to layer 13...

EXIT: too many clauses. increase MAX_CLAUSES.

Command exited with non-zero status 1
__MEMKB 2537144
