MaxPlanII beta.

bb: parsing domain file
domain 'PIPESWORLD_STRIPS' defined
 ... done.
bb: parsing problem file
problem 'P22-NET3-B12-G4_RT0_INSTANCE' defined
 ... done.


******  Solve with 1 layers Start******

creating action-based encoding:
        building rplan graph layers, up to layer [1];
        goal constraints;

no achiever in for goal?? deadline too low!#001


******  Solve with 2 layers Start******

creating action-based encoding:
        building rplan graph layers, up to layer [2];
        goal constraints;

no achiever in for goal?? deadline too low!#001


******  Solve with 3 layers Start******

creating action-based encoding:
        building rplan graph layers, up to layer [3];
        goal constraints;

no achiever in for goal?? deadline too low!#001


******  Solve with 4 layers Start******

creating action-based encoding:
        building rplan graph layers, up to layer [4];
        goal constraints;

no achiever in for goal?? deadline too low!#001


******  Solve with 5 layers Start******

creating action-based encoding:
        building rplan graph layers, up to layer [5];
        goal constraints;

no achiever in for goal?? deadline too low!#001


******  Solve with 6 layers Start******

creating action-based encoding:
        building rplan graph layers, up to layer [6];
        goal constraints;

no achiever in for goal?? deadline too low!#001


******  Solve with 7 layers Start******

creating action-based encoding:
        building rplan graph layers, up to layer [7];
        goal constraints;

no achiever in for goal?? deadline too low!#001


******  Solve with 8 layers Start******

creating action-based encoding:
        building rplan graph layers, up to layer [8];
        goal constraints;

no achiever in for goal?? deadline too low!#001


******  Solve with 9 layers Start******

creating action-based encoding:
        building rplan graph layers, up to layer [9];
        goal constraints;
        building exclusion constraints --> up to layer 9...

DECISION LAYER 9, WRITING ACTION-BASED ENCODING WITH 17248 VARS, 8437183 CLAUSES.
6 G clauses, 63747 A clauses, 8373430 E clauses.c CNF file planning task -p , -o /home/matheus/repo/acervo-2010/planejadores_analise_resultados/comp/pipesworld/domain.pddl, -f /home/matheus/repo/acervo-2010/planejadores_analise_resultados/comp/pipesworld/p22.pddl, bound 9, action based encoding
In building up solver: p cnf 17248 8437183
==================================[ MINISAT ]===================================
| Conflicts |     ORIGINAL     |              LEARNT              | Progress |
|           | Clauses Literals |   Limit Clauses Literals  Lit/Cl |          |
==============================================================================
|         0 | 8437183 23089946 | 2812394       0        0     0.0 |  0.000 % |
|       100 | 8435612 23085746 | 3093633      98     1364    13.9 |  0.012 % |
==============================================================================
Totoal time used by londex constraint checking is [B0.020000][L0.000000],apply counts 570, apply_generated 0
restarts          :            2
conflicts         :          214           (     2140 / sec      )
decisions         :          438           (     4380 / sec      )
propagations      :       179123           (  1791230 / sec      )
inspects          :       485845           (  4858450 / sec      )
conflict literals :         1633           (    16.94 % deleted  )
CPU time          :         0.10 sec
UNSATISFIABLE

******  Solve with 10 layers Start******

creating action-based encoding:
        building rplan graph layers, up to layer [10];
        goal constraints;
        building exclusion constraints --> up to layer 10...

DECISION LAYER 10, WRITING ACTION-BASED ENCODING WITH 21176 VARS, 10679608 CLAUSES.
6 G clauses, 78535 A clauses, 10601067 E clauses.c CNF file planning task -p , -o /home/matheus/repo/acervo-2010/planejadores_analise_resultados/comp/pipesworld/domain.pddl, -f /home/matheus/repo/acervo-2010/planejadores_analise_resultados/comp/pipesworld/p22.pddl, bound 10, action based encoding
In building up solver: p cnf 21176 10679608
==================================[ MINISAT ]===================================
| Conflicts |     ORIGINAL     |              LEARNT              | Progress |
|           | Clauses Literals |   Limit Clauses Literals  Lit/Cl |          |
==============================================================================
|         0 | 10679608 29620916 | 3559869       0        0     0.0 |  0.000 % |
|       100 | 10679138 29619697 | 3915856      97     2248    23.2 |  0.009 % |
|       250 | 10679138 29619697 | 4307441     244    11580    47.5 |  1.153 % |
|       475 | 10679138 29619697 | 4738186     468    28371    60.6 |  1.157 % |
|       812 | 10679138 29619697 | 5212004     797    87743   110.1 |  1.196 % |
|      1318 | 10679138 29619697 | 5733205    1265   140582   111.1 |  4.902 % |
==============================================================================
Totoal time used by londex constraint checking is [B0.080000][L0.040000],apply counts 3786, apply_generated 0
restarts          :            6
conflicts         :         1390           (     2439 / sec      )
decisions         :         2045           (     3588 / sec      )
propagations      :      1522540           (  2671123 / sec      )
inspects          :      4415019           (  7745647 / sec      )
conflict literals :       140946           (    15.03 % deleted  )
CPU time          :         0.57 sec
UNSATISFIABLE

******  Solve with 11 layers Start******

creating action-based encoding:
        building rplan graph layers, up to layer [11];
        goal constraints;
        building exclusion constraints --> up to layer 11...

DECISION LAYER 11, WRITING ACTION-BASED ENCODING WITH 25104 VARS, 12922033 CLAUSES.
6 G clauses, 93323 A clauses, 12828704 E clauses.c CNF file planning task -p , -o /home/matheus/repo/acervo-2010/planejadores_analise_resultados/comp/pipesworld/domain.pddl, -f /home/matheus/repo/acervo-2010/planejadores_analise_resultados/comp/pipesworld/p22.pddl, bound 11, action based encoding
In building up solver: p cnf 25104 12922033
==================================[ MINISAT ]===================================
| Conflicts |     ORIGINAL     |              LEARNT              | Progress |
|           | Clauses Literals |   Limit Clauses Literals  Lit/Cl |          |
==============================================================================
|         0 | 12922033 36160506 | 4307344       0        0     0.0 |  0.000 % |
|       100 | 12921457 36159183 | 4738078      98    15325   156.4 |  0.008 % |
|       250 | 12921457 36159183 | 5211886     244    19742    80.9 |  0.964 % |
|       475 | 12921457 36159183 | 5733075     468    32069    68.5 |  0.968 % |
|       812 | 12921457 36159183 | 6306382     800    87682   109.6 |  1.000 % |
|      1318 | 12921457 36159183 | 6937021    1285   108686    84.6 |  3.059 % |
==============================================================================
Totoal time used by londex constraint checking is [B0.030000][L0.030000],apply counts 3675, apply_generated 0
restarts          :            6
conflicts         :         1381           (     2656 / sec      )
decisions         :         2119           (     4075 / sec      )
propagations      :      1155041           (  2221233 / sec      )
inspects          :      3743731           (  7199483 / sec      )
conflict literals :       110245           (     7.29 % deleted  )
CPU time          :         0.52 sec
UNSATISFIABLE

******  Solve with 12 layers Start******

creating action-based encoding:
        building rplan graph layers, up to layer [12];
        goal constraints;
        building exclusion constraints --> up to layer 12...

DECISION LAYER 12, WRITING ACTION-BASED ENCODING WITH 29032 VARS, 15164458 CLAUSES.
6 G clauses, 108111 A clauses, 15056341 E clauses.c CNF file planning task -p , -o /home/matheus/repo/acervo-2010/planejadores_analise_resultados/comp/pipesworld/domain.pddl, -f /home/matheus/repo/acervo-2010/planejadores_analise_resultados/comp/pipesworld/p22.pddl, bound 12, action based encoding
In building up solver: p cnf 29032 15164458
==================================[ MINISAT ]===================================
| Conflicts |     ORIGINAL     |              LEARNT              | Progress |
|           | Clauses Literals |   Limit Clauses Literals  Lit/Cl |          |
==============================================================================
|         0 | 15164458 42700096 | 5054819       0        0     0.0 |  0.000 % |
|       100 | 15164458 42700096 | 5560301     100    19655   196.6 |  0.000 % |
|       250 | 15161994 42694893 | 6116331     248    25946   104.6 |  0.038 % |
|       475 | 15161994 42694893 | 6727964     467    27978    59.9 |  0.875 % |
|       812 | 15161994 42694893 | 7400760     793    66990    84.5 |  0.985 % |
|      1318 | 15161994 42694893 | 8140837    1297    96546    74.4 |  1.047 % |
|      2077 | 15161994 42694893 | 8954920    2052   149708    73.0 |  1.062 % |
|      3216 | 15161994 42694893 | 9850412    3179   260558    82.0 |  1.192 % |
|      4924 | 15161994 42694893 | 10835453    4860   562083   115.7 |  2.821 % |
==============================================================================
Totoal time used by londex constraint checking is [B0.120000][L0.160000],apply counts 12925, apply_generated 0
restarts          :            9
conflicts         :         6335           (     2854 / sec      )
decisions         :         8354           (     3763 / sec      )
propagations      :      3478166           (  1566741 / sec      )
inspects          :     14094642           (  6348938 / sec      )
conflict literals :       902564           (     6.86 % deleted  )
CPU time          :         2.22 sec
UNSATISFIABLE

******  Solve with 13 layers Start******

creating action-based encoding:
        building rplan graph layers, up to layer [13];
        goal constraints;
        building exclusion constraints --> up to layer 13...

DECISION LAYER 13, WRITING ACTION-BASED ENCODING WITH 32960 VARS, 17406883 CLAUSES.
6 G clauses, 122899 A clauses, 17283978 E clauses.c CNF file planning task -p , -o /home/matheus/repo/acervo-2010/planejadores_analise_resultados/comp/pipesworld/domain.pddl, -f /home/matheus/repo/acervo-2010/planejadores_analise_resultados/comp/pipesworld/p22.pddl, bound 13, action based encoding
In building up solver: p cnf 32960 17406883
==================================[ MINISAT ]===================================
| Conflicts |     ORIGINAL     |              LEARNT              | Progress |
|           | Clauses Literals |   Limit Clauses Literals  Lit/Cl |          |
==============================================================================
|         0 | 17406883 49239686 | 5802294       0        0     0.0 |  0.000 % |
|       100 | 17406883 49239686 | 6382523     100    15356   153.6 |  0.000 % |
|       250 | 17406883 49239686 | 7020776     250    22610    90.4 |  0.000 % |
|       475 | 17406883 49239686 | 7722853     475    34943    73.6 |  0.000 % |
|       812 | 17406883 49239686 | 8495139     812    51143    63.0 |  0.000 % |
|      1318 | 17405654 49237062 | 9344653    1310    91498    69.8 |  0.046 % |
|      2077 | 17405654 49237062 | 10279118    2064   363130   175.9 |  0.795 % |
|      3216 | 17405654 49237062 | 11307030    3196   657539   205.7 |  1.660 % |
|      4924 | 17405654 49237062 | 12437732    4884  1044198   213.8 |  2.382 % |
==============================================================================
Totoal time used by londex constraint checking is [B0.160000][L0.190000],apply counts 17083, apply_generated 0
restarts          :            9
conflicts         :         6896           (     2573 / sec      )
decisions         :         9195           (     3431 / sec      )
propagations      :      5512108           (  2056757 / sec      )
inspects          :     19506371           (  7278497 / sec      )
conflict literals :      1508683           (    12.66 % deleted  )
CPU time          :         2.68 sec
UNSATISFIABLE

******  Solve with 14 layers Start******

creating action-based encoding:
        building rplan graph layers, up to layer [14];
        goal constraints;
        building exclusion constraints --> up to layer 14...

DECISION LAYER 14, WRITING ACTION-BASED ENCODING WITH 36888 VARS, 19649308 CLAUSES.
6 G clauses, 137687 A clauses, 19511615 E clauses.c CNF file planning task -p , -o /home/matheus/repo/acervo-2010/planejadores_analise_resultados/comp/pipesworld/domain.pddl, -f /home/matheus/repo/acervo-2010/planejadores_analise_resultados/comp/pipesworld/p22.pddl, bound 14, action based encoding
In building up solver: p cnf 36888 19649308
==================================[ MINISAT ]===================================
| Conflicts |     ORIGINAL     |              LEARNT              | Progress |
|           | Clauses Literals |   Limit Clauses Literals  Lit/Cl |          |
==============================================================================
|         0 | 19649308 55779276 | 6549769       0        0     0.0 |  0.000 % |
|       100 | 19649308 55779276 | 7204746     100     4601    46.0 |  0.000 % |
|       250 | 19649308 55779276 | 7925220     250     9586    38.3 |  0.000 % |
|       475 | 19649308 55779276 | 8717743     475    17658    37.2 |  0.000 % |
|       812 | 19648919 55778324 | 9589517     725    94242   130.0 |  0.748 % |
|      1318 | 19648919 55778324 | 10548468    1231   164537   133.7 |  0.748 % |
|      2077 | 19648919 55778324 | 11603315    1989   218176   109.7 |  0.751 % |
|      3216 | 19648919 55778324 | 12763647    3124   717893   229.8 |  0.762 % |
|      4924 | 19648919 55778324 | 14040012    4830   922767   191.0 |  0.767 % |
|      7486 | 19648919 55778324 | 15444013    7383  2646213   358.4 |  0.827 % |
|     11330 | 19648919 55778324 | 16988414   11200  3968478   354.3 |  1.865 % |
|     17096 | 19648919 55778324 | 18687255   16943  4846642   286.1 |  2.291 % |
|     25745 | 19648919 55778324 | 20555981   25572  6495056   254.0 |  2.898 % |
|     38719 | 19648919 55778324 | 22611579   38506 10777014   279.9 |  5.458 % |
==============================================================================
Totoal time used by londex constraint checking is [B1.220000][L0.920000],apply counts 114715, apply_generated 0
restarts          :           14
conflicts         :        50824           (     1893 / sec      )
decisions         :        65294           (     2432 / sec      )
propagations      :     35204902           (  1311170 / sec      )
inspects          :    142013321           (  5289137 / sec      )
conflict literals :     14644045           (     5.75 % deleted  )
CPU time          :        26.85 sec
UNSATISFIABLE

******  Solve with 15 layers Start******

creating action-based encoding:
        building rplan graph layers, up to layer [15];
        goal constraints;
        building exclusion constraints --> up to layer 15...

DECISION LAYER 15, WRITING ACTION-BASED ENCODING WITH 40816 VARS, 21891733 CLAUSES.
6 G clauses, 152475 A clauses, 21739252 E clauses.c CNF file planning task -p , -o /home/matheus/repo/acervo-2010/planejadores_analise_resultados/comp/pipesworld/domain.pddl, -f /home/matheus/repo/acervo-2010/planejadores_analise_resultados/comp/pipesworld/p22.pddl, bound 15, action based encoding
In building up solver: p cnf 40816 21891733
==================================[ MINISAT ]===================================
| Conflicts |     ORIGINAL     |              LEARNT              | Progress |
|           | Clauses Literals |   Limit Clauses Literals  Lit/Cl |          |
==============================================================================
|         0 | 21891733 62318866 | 7297244       0        0     0.0 |  0.000 % |
|       100 | 21891157 62317543 | 8026968      92     8800    95.7 |  0.032 % |
|       250 | 21891157 62317543 | 8829665     242    36526   150.9 |  0.032 % |
|       475 | 21891157 62317543 | 9712632     463    94165   203.4 |  0.042 % |
|       812 | 21891157 62317543 | 10683895     800   119146   148.9 |  0.042 % |
|      1318 | 21891157 62317543 | 11752284    1304   138189   106.0 |  0.047 % |
|      2077 | 21891157 62317543 | 12927513    2060   178147    86.5 |  0.718 % |
|      3216 | 21891157 62317543 | 14220264    3190   369637   115.9 |  0.755 % |
|      4924 | 21891157 62317543 | 15642291    4896   716476   146.3 |  0.760 % |
|      7486 | 21891157 62317543 | 17206520    7442   955556   128.4 |  1.291 % |
|     11330 | 21891157 62317543 | 18927172   11280  1900099   168.4 |  1.370 % |
|     17096 | 21891157 62317543 | 20819889   17036  3797516   222.9 |  1.536 % |
|     25745 | 21891157 62317543 | 22901878   25665  7748424   301.9 |  1.654 % |
|     38720 | 21891157 62317543 | 25192065   38615 12601617   326.3 |  1.806 % |
|     58181 | 21891157 62317543 | 27711272   58049 22440653   386.6 |  2.720 % |
|     87373 | 21282138 60891206 | 30482399   85853 37808647   440.4 |  2.977 % |
==============================================================================
Totoal time used by londex constraint checking is [B2.250000][L2.350000],apply counts 313247, apply_generated 0
restarts          :           16
conflicts         :       116752           (     1194 / sec      )
decisions         :       148197           (     1516 / sec      )
propagations      :     90586680           (   926623 / sec      )
inspects          :    403542045           (  4127885 / sec      )
conflict literals :     53525955           (     8.52 % deleted  )
CPU time          :        97.76 sec
UNSATISFIABLE

******  Solve with 16 layers Start******

creating action-based encoding:
        building rplan graph layers, up to layer [16];
        goal constraints;
        building exclusion constraints --> up to layer 16...

DECISION LAYER 16, WRITING ACTION-BASED ENCODING WITH 44744 VARS, 24134158 CLAUSES.
6 G clauses, 167263 A clauses, 23966889 E clauses.c CNF file planning task -p , -o /home/matheus/repo/acervo-2010/planejadores_analise_resultados/comp/pipesworld/domain.pddl, -f /home/matheus/repo/acervo-2010/planejadores_analise_resultados/comp/pipesworld/p22.pddl, bound 16, action based encoding
In building up solver: p cnf 44744 24134158
==================================[ MINISAT ]===================================
| Conflicts |     ORIGINAL     |              LEARNT              | Progress |
|           | Clauses Literals |   Limit Clauses Literals  Lit/Cl |          |
==============================================================================
|         0 | 24134158 68858456 | 8044719       0        0     0.0 |  0.000 % |
|       100 | 24134137 68858414 | 8849191      98     7812    79.7 |  0.389 % |
|       250 | 24134137 68858414 | 9734110     242    24124    99.7 |  1.026 % |
|       475 | 24134137 68858414 | 10707521     467    45767    98.0 |  1.026 % |
|       812 | 24134137 68858414 | 11778273     804    54486    67.8 |  1.026 % |
|      1318 | 24134137 68858414 | 12956100    1310   145125   110.8 |  1.026 % |
|      2077 | 24134137 68858414 | 14251710    2068   424517   205.3 |  1.028 % |
|      3216 | 24134137 68858414 | 15676881    3198   603840   188.8 |  1.100 % |
|      4924 | 24134137 68858414 | 17244570    4897   758984   155.0 |  1.120 % |
|      7486 | 24134137 68858414 | 18969027    7452  1297235   174.1 |  1.951 % |
|     11330 | 24134137 68858414 | 20865929   11288  2327893   206.2 |  2.023 % |
|     17096 | 24134137 68858414 | 22952522   17047  4606003   270.2 |  2.188 % |
|     25745 | 24134137 68858414 | 25247774   25687  7257148   282.5 |  2.311 % |
|     38719 | 24134137 68858414 | 27772552   38629  9197030   238.1 |  2.427 % |
|     58180 | 24134137 68858414 | 30549807   58078 17615677   303.3 |  2.454 % |
|     87372 | 24134137 68858414 | 33604788   87244 32683341   374.6 |  2.608 % |
|    131161 | 23374542 67078269 | 36965266  128944 51974649   403.1 |  3.909 % |
|    196845 | 23374542 67078269 | 40661793  194531 92994348   478.0 |  5.905 % |
|    295371 | 22313578 64508790 | 44727972  283519 169866221   599.1 | 10.133 % |
==============================================================================
Totoal time used by londex constraint checking is [B6.330000][L6.430000],apply counts 794148, apply_generated 0
restarts          :           19
conflicts         :       302819           (      845 / sec      )
decisions         :       372420           (     1039 / sec      )
propagations      :    237393183           (   662074 / sec      )
inspects          :   1271772887           (  3546890 / sec      )
conflict literals :    175287510           (    11.97 % deleted  )
CPU time          :       358.56 sec
UNSATISFIABLE

******  Solve with 17 layers Start******

creating action-based encoding:
        building rplan graph layers, up to layer [17];
        goal constraints;
        building exclusion constraints --> up to layer 17...

DECISION LAYER 17, WRITING ACTION-BASED ENCODING WITH 48672 VARS, 26376583 CLAUSES.
6 G clauses, 182051 A clauses, 26194526 E clauses.c CNF file planning task -p , -o /home/matheus/repo/acervo-2010/planejadores_analise_resultados/comp/pipesworld/domain.pddl, -f /home/matheus/repo/acervo-2010/planejadores_analise_resultados/comp/pipesworld/p22.pddl, bound 17, action based encoding
In building up solver: p cnf 48672 26376583
==================================[ MINISAT ]===================================
| Conflicts |     ORIGINAL     |              LEARNT              | Progress |
|           | Clauses Literals |   Limit Clauses Literals  Lit/Cl |          |
==============================================================================
|         0 | 26376583 75398046 | 8792194       0        0     0.0 |  0.000 % |
|       100 | 26376437 75397729 | 9671413      97    25725   265.2 |  0.358 % |
|       250 | 26376437 75397729 | 10638555     241    33958   140.9 |  0.947 % |
|       475 | 26376437 75397729 | 11702410     466    51868   111.3 |  0.947 % |
|       812 | 26376437 75397729 | 12872651     803    65798    81.9 |  0.947 % |
|      1318 | 26376437 75397729 | 14159916    1307   123738    94.7 |  0.982 % |
|      2077 | 26376437 75397729 | 15575908    2064   220572   106.9 |  0.986 % |
|      3216 | 26376437 75397729 | 17133499    3202   385073   120.3 |  0.988 % |
|      4924 | 26376437 75397729 | 18846849    4908   550953   112.3 |  0.992 % |
|      7486 | 26376437 75397729 | 20731534    7470  1034852   138.5 |  0.992 % |
|     11330 | 26376437 75397729 | 22804687   11300  1812890   160.4 |  1.790 % |
|     17096 | 26376437 75397729 | 25085156   17056  3314651   194.3 |  1.894 % |
|     25745 | 26376437 75397729 | 27593671   25694  7383948   287.4 |  1.954 % |
|     38719 | 26376437 75397729 | 30353038   38638 11807873   305.6 |  2.213 % |
|     58180 | 26376437 75397729 | 33388342   58050 19698799   339.3 |  2.429 % |
|     87372 | 26376437 75397729 | 36727176   87220 30188159   346.1 |  2.490 % |
|    131161 | 25712715 73836770 | 40399894  129497 48138185   371.7 |  3.333 % |
|    196845 | 25712715 73836770 | 44439883  195102 84303382   432.1 |  3.853 % |
