
Parsing domain..... grounded-strips-tpp-propositional..... done.
Parsing problem..... grounded-strips-tpp..... done.
Computing domains..... done.
Instantiating actions..... done.
Computing final representation..... done.

Parsing time : 0.00
Domains creation  time : 0.00
Instantiation time : 0.00 -> 8 candidates, 8 actions
Finalization time : 0.00 -> 18 fluents, 9 init

7 3 

0: (DRIVE-TRUCK1-DEPOT1-MARKET1) [1]
1: (BUY-TRUCK1-GOODS2-MARKET1-LEVEL0-LEVEL1-LEVEL0-LEVEL1) [1]
2: (BUY-TRUCK1-GOODS1-MARKET1-LEVEL0-LEVEL1-LEVEL0-LEVEL1) [1]
3: (LOAD-GOODS2-TRUCK1-MARKET1-LEVEL0-LEVEL1-LEVEL0-LEVEL1) [1]
4: (LOAD-GOODS1-TRUCK1-MARKET1-LEVEL0-LEVEL1-LEVEL0-LEVEL1) [1]
5: (DRIVE-TRUCK1-MARKET1-DEPOT1) [1]
6: (UNLOAD-GOODS1-TRUCK1-DEPOT1-LEVEL0-LEVEL1-LEVEL0-LEVEL1) [1]
7: (UNLOAD-GOODS2-TRUCK1-DEPOT1-LEVEL0-LEVEL1-LEVEL0-LEVEL1) [1]

Valid plan : 8 actions.
Computed nodes : 8
Evaluated nodes : 3
Developed nodes : 0
Useful nodes : 0

Lookahead utility : 80.00 %
Preparation time : 0.00
Search time : 0.00
Total time : 0.00

__MEMKB 2560
