
Parsing domain..... grounded-strips-tpp-propositional..... done.
Parsing problem..... grounded-strips-tpp..... done.
Computing domains..... done.
Instantiating actions..... done.
Computing final representation..... done.

Parsing time : 0.00
Domains creation  time : 0.00
Instantiation time : 0.00 -> 180 candidates, 180 actions
Finalization time : 0.00 -> 114 fluents, 39 init

26 12 11 5 

0: (DRIVE-TRUCK1-DEPOT1-MARKET2) [1]
1: (BUY-TRUCK1-GOODS3-MARKET2-LEVEL0-LEVEL1-LEVEL0-LEVEL1) [1]
2: (LOAD-GOODS3-TRUCK1-MARKET2-LEVEL0-LEVEL1-LEVEL0-LEVEL1) [1]
3: (DRIVE-TRUCK1-MARKET2-MARKET1) [1]
4: (BUY-TRUCK1-GOODS7-MARKET1-LEVEL1-LEVEL2-LEVEL0-LEVEL1) [1]
5: (BUY-TRUCK1-GOODS6-MARKET1-LEVEL1-LEVEL2-LEVEL0-LEVEL1) [1]
6: (BUY-TRUCK1-GOODS5-MARKET1-LEVEL1-LEVEL2-LEVEL0-LEVEL1) [1]
7: (BUY-TRUCK1-GOODS4-MARKET1-LEVEL1-LEVEL2-LEVEL0-LEVEL1) [1]
8: (BUY-TRUCK1-GOODS2-MARKET1-LEVEL1-LEVEL2-LEVEL0-LEVEL1) [1]
9: (BUY-TRUCK1-GOODS1-MARKET1-LEVEL0-LEVEL1-LEVEL0-LEVEL1) [1]
10: (LOAD-GOODS6-TRUCK1-MARKET1-LEVEL0-LEVEL1-LEVEL0-LEVEL1) [1]
11: (LOAD-GOODS2-TRUCK1-MARKET1-LEVEL0-LEVEL1-LEVEL0-LEVEL1) [1]
12: (LOAD-GOODS1-TRUCK1-MARKET1-LEVEL0-LEVEL1-LEVEL0-LEVEL1) [1]
13: (LOAD-GOODS7-TRUCK1-MARKET1-LEVEL0-LEVEL1-LEVEL0-LEVEL1) [1]
14: (LOAD-GOODS5-TRUCK1-MARKET1-LEVEL0-LEVEL1-LEVEL0-LEVEL1) [1]
15: (LOAD-GOODS4-TRUCK1-MARKET1-LEVEL0-LEVEL1-LEVEL0-LEVEL1) [1]
16: (DRIVE-TRUCK1-MARKET1-MARKET2) [1]
17: (DRIVE-TRUCK1-MARKET2-DEPOT1) [1]
18: (UNLOAD-GOODS7-TRUCK1-DEPOT1-LEVEL0-LEVEL1-LEVEL0-LEVEL1) [1]
19: (UNLOAD-GOODS5-TRUCK1-DEPOT1-LEVEL0-LEVEL1-LEVEL0-LEVEL1) [1]
20: (UNLOAD-GOODS4-TRUCK1-DEPOT1-LEVEL0-LEVEL1-LEVEL0-LEVEL1) [1]
21: (UNLOAD-GOODS6-TRUCK1-DEPOT1-LEVEL0-LEVEL1-LEVEL0-LEVEL1) [1]
22: (UNLOAD-GOODS3-TRUCK1-DEPOT1-LEVEL0-LEVEL1-LEVEL0-LEVEL1) [1]
23: (UNLOAD-GOODS2-TRUCK1-DEPOT1-LEVEL0-LEVEL1-LEVEL0-LEVEL1) [1]
24: (UNLOAD-GOODS1-TRUCK1-DEPOT1-LEVEL0-LEVEL1-LEVEL0-LEVEL1) [1]
25: (DRIVE-TRUCK1-DEPOT1-MARKET2) [1]
26: (DRIVE-TRUCK1-MARKET2-MARKET1) [1]
27: (BUY-TRUCK1-GOODS7-MARKET1-LEVEL0-LEVEL1-LEVEL0-LEVEL1) [1]
28: (BUY-TRUCK1-GOODS5-MARKET1-LEVEL0-LEVEL1-LEVEL0-LEVEL1) [1]
29: (BUY-TRUCK1-GOODS4-MARKET1-LEVEL0-LEVEL1-LEVEL0-LEVEL1) [1]
30: (LOAD-GOODS7-TRUCK1-MARKET1-LEVEL0-LEVEL1-LEVEL0-LEVEL1) [1]
31: (LOAD-GOODS5-TRUCK1-MARKET1-LEVEL0-LEVEL1-LEVEL0-LEVEL1) [1]
32: (LOAD-GOODS4-TRUCK1-MARKET1-LEVEL0-LEVEL1-LEVEL0-LEVEL1) [1]
33: (DRIVE-TRUCK1-MARKET1-MARKET2) [1]
34: (DRIVE-TRUCK1-MARKET2-DEPOT1) [1]
35: (UNLOAD-GOODS5-TRUCK1-DEPOT1-LEVEL0-LEVEL1-LEVEL1-LEVEL2) [1]
36: (UNLOAD-GOODS4-TRUCK1-DEPOT1-LEVEL0-LEVEL1-LEVEL1-LEVEL2) [1]
37: (UNLOAD-GOODS7-TRUCK1-DEPOT1-LEVEL0-LEVEL1-LEVEL1-LEVEL2) [1]

Valid plan : 38 actions.
Computed nodes : 38
Evaluated nodes : 5
Developed nodes : 0
Useful nodes : 0

Lookahead utility : 70.37 %
Preparation time : 0.00
Search time : 0.00
Total time : 0.00

__MEMKB 2816
