
Parsing domain..... grounded-strips-tpp-propositional..... done.
Parsing problem..... grounded-strips-tpp..... done.
Computing domains..... done.
Instantiating actions..... done.
Computing final representation..... done.

Parsing time : 0.05
Domains creation  time : 0.01
Instantiation time : 0.00 -> 5230 candidates, 5230 actions
Finalization time : 0.01 -> 615 fluents, 135 init

50 37 29 27 22 13 11 9 5 

0: (DRIVE-TRUCK3-DEPOT2-MARKET4) [1]
1: (BUY-TRUCK3-GOODS12-MARKET4-LEVEL0-LEVEL1-LEVEL0-LEVEL1) [1]
2: (BUY-TRUCK3-GOODS11-MARKET4-LEVEL1-LEVEL2-LEVEL0-LEVEL1) [1]
3: (BUY-TRUCK3-GOODS9-MARKET4-LEVEL1-LEVEL2-LEVEL0-LEVEL1) [1]
4: (BUY-TRUCK3-GOODS8-MARKET4-LEVEL1-LEVEL2-LEVEL0-LEVEL1) [1]
5: (BUY-TRUCK3-GOODS7-MARKET4-LEVEL0-LEVEL1-LEVEL0-LEVEL1) [1]
6: (BUY-TRUCK3-GOODS6-MARKET4-LEVEL0-LEVEL1-LEVEL0-LEVEL1) [1]
7: (BUY-TRUCK3-GOODS4-MARKET4-LEVEL0-LEVEL1-LEVEL0-LEVEL1) [1]
8: (BUY-TRUCK3-GOODS3-MARKET4-LEVEL1-LEVEL2-LEVEL0-LEVEL1) [1]
9: (BUY-TRUCK3-GOODS2-MARKET4-LEVEL1-LEVEL2-LEVEL0-LEVEL1) [1]
10: (BUY-TRUCK3-GOODS1-MARKET4-LEVEL0-LEVEL1-LEVEL0-LEVEL1) [1]
11: (DRIVE-TRUCK3-MARKET4-MARKET3) [1]
12: (BUY-TRUCK3-GOODS10-MARKET3-LEVEL1-LEVEL2-LEVEL0-LEVEL1) [1]
13: (LOAD-GOODS10-TRUCK3-MARKET3-LEVEL0-LEVEL1-LEVEL0-LEVEL1) [1]
14: (DRIVE-TRUCK3-MARKET3-MARKET2) [1]
15: (BUY-TRUCK3-GOODS5-MARKET2-LEVEL1-LEVEL2-LEVEL0-LEVEL1) [1]
16: (LOAD-GOODS5-TRUCK3-MARKET2-LEVEL0-LEVEL1-LEVEL0-LEVEL1) [1]
17: (DRIVE-TRUCK5-DEPOT2-MARKET4) [1]
18: (DRIVE-TRUCK3-MARKET2-MARKET3) [1]
19: (DRIVE-TRUCK3-MARKET3-MARKET4) [1]
20: (LOAD-GOODS11-TRUCK5-MARKET4-LEVEL0-LEVEL1-LEVEL0-LEVEL1) [1]
21: (LOAD-GOODS9-TRUCK5-MARKET4-LEVEL0-LEVEL1-LEVEL0-LEVEL1) [1]
22: (LOAD-GOODS2-TRUCK5-MARKET4-LEVEL0-LEVEL1-LEVEL0-LEVEL1) [1]
23: (LOAD-GOODS1-TRUCK5-MARKET4-LEVEL0-LEVEL1-LEVEL0-LEVEL1) [1]
24: (LOAD-GOODS12-TRUCK5-MARKET4-LEVEL0-LEVEL1-LEVEL0-LEVEL1) [1]
25: (LOAD-GOODS7-TRUCK5-MARKET4-LEVEL0-LEVEL1-LEVEL0-LEVEL1) [1]
26: (LOAD-GOODS6-TRUCK5-MARKET4-LEVEL0-LEVEL1-LEVEL0-LEVEL1) [1]
27: (LOAD-GOODS8-TRUCK5-MARKET4-LEVEL0-LEVEL1-LEVEL0-LEVEL1) [1]
28: (LOAD-GOODS4-TRUCK5-MARKET4-LEVEL0-LEVEL1-LEVEL0-LEVEL1) [1]
29: (LOAD-GOODS3-TRUCK5-MARKET4-LEVEL0-LEVEL1-LEVEL0-LEVEL1) [1]
30: (DRIVE-TRUCK3-MARKET4-DEPOT2) [1]
31: (UNLOAD-GOODS10-TRUCK3-DEPOT2-LEVEL0-LEVEL1-LEVEL0-LEVEL1) [1]
32: (UNLOAD-GOODS5-TRUCK3-DEPOT2-LEVEL0-LEVEL1-LEVEL0-LEVEL1) [1]
33: (DRIVE-TRUCK3-DEPOT2-MARKET4) [1]
34: (DRIVE-TRUCK5-MARKET4-MARKET3) [1]
35: (DRIVE-TRUCK5-MARKET3-MARKET2) [1]
36: (DRIVE-TRUCK3-MARKET4-MARKET3) [1]
37: (DRIVE-TRUCK3-MARKET3-MARKET2) [1]
38: (BUY-TRUCK5-GOODS5-MARKET2-LEVEL0-LEVEL1-LEVEL0-LEVEL1) [1]
39: (LOAD-GOODS5-TRUCK3-MARKET2-LEVEL0-LEVEL1-LEVEL0-LEVEL1) [1]
40: (DRIVE-TRUCK5-MARKET2-MARKET3) [1]
41: (DRIVE-TRUCK3-MARKET2-MARKET3) [1]
42: (DRIVE-TRUCK5-MARKET3-MARKET4) [1]
43: (DRIVE-TRUCK3-MARKET3-MARKET4) [1]
44: (DRIVE-TRUCK3-MARKET4-DEPOT2) [1]
45: (UNLOAD-GOODS5-TRUCK3-DEPOT2-LEVEL0-LEVEL1-LEVEL1-LEVEL2) [1]
46: (DRIVE-TRUCK5-MARKET4-DEPOT2) [1]
47: (UNLOAD-GOODS11-TRUCK5-DEPOT2-LEVEL0-LEVEL1-LEVEL0-LEVEL1) [1]
48: (UNLOAD-GOODS9-TRUCK5-DEPOT2-LEVEL0-LEVEL1-LEVEL0-LEVEL1) [1]
49: (UNLOAD-GOODS2-TRUCK5-DEPOT2-LEVEL0-LEVEL1-LEVEL0-LEVEL1) [1]
50: (UNLOAD-GOODS1-TRUCK5-DEPOT2-LEVEL0-LEVEL1-LEVEL0-LEVEL1) [1]
51: (UNLOAD-GOODS8-TRUCK5-DEPOT2-LEVEL0-LEVEL1-LEVEL0-LEVEL1) [1]
52: (UNLOAD-GOODS4-TRUCK5-DEPOT2-LEVEL0-LEVEL1-LEVEL0-LEVEL1) [1]
53: (UNLOAD-GOODS3-TRUCK5-DEPOT2-LEVEL0-LEVEL1-LEVEL0-LEVEL1) [1]
54: (UNLOAD-GOODS12-TRUCK5-DEPOT2-LEVEL0-LEVEL1-LEVEL0-LEVEL1) [1]
55: (UNLOAD-GOODS7-TRUCK5-DEPOT2-LEVEL0-LEVEL1-LEVEL0-LEVEL1) [1]
56: (UNLOAD-GOODS6-TRUCK5-DEPOT2-LEVEL0-LEVEL1-LEVEL0-LEVEL1) [1]
57: (DRIVE-TRUCK3-DEPOT2-MARKET4) [1]
58: (BUY-TRUCK3-GOODS8-MARKET4-LEVEL0-LEVEL1-LEVEL0-LEVEL1) [1]
59: (BUY-TRUCK3-GOODS3-MARKET4-LEVEL0-LEVEL1-LEVEL0-LEVEL1) [1]
60: (DRIVE-TRUCK3-MARKET4-MARKET3) [1]
61: (BUY-TRUCK3-GOODS7-MARKET3-LEVEL1-LEVEL2-LEVEL0-LEVEL1) [1]
62: (BUY-TRUCK3-GOODS6-MARKET3-LEVEL1-LEVEL2-LEVEL0-LEVEL1) [1]
63: (LOAD-GOODS7-TRUCK3-MARKET3-LEVEL0-LEVEL1-LEVEL0-LEVEL1) [1]
64: (LOAD-GOODS6-TRUCK3-MARKET3-LEVEL0-LEVEL1-LEVEL0-LEVEL1) [1]
65: (DRIVE-TRUCK3-MARKET3-MARKET2) [1]
66: (BUY-TRUCK3-GOODS12-MARKET2-LEVEL0-LEVEL1-LEVEL0-LEVEL1) [1]
67: (LOAD-GOODS12-TRUCK3-MARKET2-LEVEL0-LEVEL1-LEVEL0-LEVEL1) [1]
68: (DRIVE-TRUCK5-DEPOT2-MARKET4) [1]
69: (DRIVE-TRUCK4-DEPOT1-MARKET4) [1]
70: (DRIVE-TRUCK3-MARKET2-MARKET1) [1]
71: (DRIVE-TRUCK5-MARKET4-MARKET3) [1]
72: (DRIVE-TRUCK4-MARKET4-MARKET3) [1]
73: (BUY-TRUCK3-GOODS4-MARKET1-LEVEL1-LEVEL2-LEVEL0-LEVEL1) [1]
74: (DRIVE-TRUCK5-MARKET3-MARKET1) [1]
75: (DRIVE-TRUCK4-MARKET3-MARKET1) [1]
76: (BUY-TRUCK3-GOODS5-MARKET1-LEVEL1-LEVEL2-LEVEL0-LEVEL1) [1]
77: (LOAD-GOODS4-TRUCK5-MARKET1-LEVEL0-LEVEL1-LEVEL0-LEVEL1) [1]
78: (LOAD-GOODS5-TRUCK4-MARKET1-LEVEL0-LEVEL1-LEVEL0-LEVEL1) [1]
79: (DRIVE-TRUCK1-DEPOT1-MARKET4) [1]
80: (DRIVE-TRUCK5-MARKET1-MARKET3) [1]
81: (DRIVE-TRUCK4-MARKET1-MARKET3) [1]
82: (DRIVE-TRUCK3-MARKET1-MARKET3) [1]
83: (DRIVE-TRUCK5-MARKET3-MARKET4) [1]
84: (DRIVE-TRUCK4-MARKET3-MARKET4) [1]
85: (DRIVE-TRUCK3-MARKET3-MARKET4) [1]
86: (DRIVE-TRUCK3-MARKET4-DEPOT2) [1]
87: (UNLOAD-GOODS7-TRUCK3-DEPOT2-LEVEL0-LEVEL1-LEVEL1-LEVEL2) [1]
88: (UNLOAD-GOODS6-TRUCK3-DEPOT2-LEVEL0-LEVEL1-LEVEL1-LEVEL2) [1]
89: (LOAD-GOODS8-TRUCK1-MARKET4-LEVEL0-LEVEL1-LEVEL0-LEVEL1) [1]
90: (DRIVE-TRUCK4-MARKET4-DEPOT2) [1]
91: (LOAD-GOODS3-TRUCK1-MARKET4-LEVEL0-LEVEL1-LEVEL0-LEVEL1) [1]
92: (DRIVE-TRUCK5-MARKET4-DEPOT2) [1]
93: (UNLOAD-GOODS4-TRUCK5-DEPOT2-LEVEL0-LEVEL1-LEVEL1-LEVEL2) [1]
94: (UNLOAD-GOODS12-TRUCK3-DEPOT2-LEVEL0-LEVEL1-LEVEL1-LEVEL2) [1]
95: (UNLOAD-GOODS5-TRUCK4-DEPOT2-LEVEL0-LEVEL1-LEVEL2-LEVEL3) [1]
96: (DRIVE-TRUCK3-DEPOT2-MARKET4) [1]
97: (DRIVE-TRUCK1-MARKET4-MARKET3) [1]
98: (DRIVE-TRUCK1-MARKET3-MARKET1) [1]
99: (DRIVE-TRUCK3-MARKET4-MARKET3) [1]
100: (DRIVE-TRUCK3-MARKET3-MARKET1) [1]
101: (BUY-TRUCK1-GOODS4-MARKET1-LEVEL0-LEVEL1-LEVEL0-LEVEL1) [1]
102: (LOAD-GOODS4-TRUCK3-MARKET1-LEVEL0-LEVEL1-LEVEL0-LEVEL1) [1]
103: (DRIVE-TRUCK3-MARKET1-MARKET3) [1]
104: (DRIVE-TRUCK1-MARKET1-MARKET3) [1]
105: (DRIVE-TRUCK3-MARKET3-MARKET4) [1]
106: (DRIVE-TRUCK1-MARKET3-MARKET4) [1]
107: (DRIVE-TRUCK3-MARKET4-DEPOT2) [1]
108: (DRIVE-TRUCK1-MARKET4-DEPOT2) [1]
109: (UNLOAD-GOODS8-TRUCK1-DEPOT2-LEVEL0-LEVEL1-LEVEL1-LEVEL2) [1]
110: (UNLOAD-GOODS3-TRUCK1-DEPOT2-LEVEL0-LEVEL1-LEVEL1-LEVEL2) [1]
111: (UNLOAD-GOODS4-TRUCK3-DEPOT2-LEVEL0-LEVEL1-LEVEL2-LEVEL3) [1]
112: (DRIVE-TRUCK3-DEPOT2-MARKET4) [1]
113: (DRIVE-TRUCK3-MARKET4-MARKET3) [1]
114: (DRIVE-TRUCK3-MARKET3-MARKET2) [1]
115: (BUY-TRUCK3-GOODS8-MARKET2-LEVEL1-LEVEL2-LEVEL0-LEVEL1) [1]
116: (BUY-TRUCK3-GOODS3-MARKET2-LEVEL0-LEVEL1-LEVEL0-LEVEL1) [1]
117: (LOAD-GOODS8-TRUCK3-MARKET2-LEVEL0-LEVEL1-LEVEL0-LEVEL1) [1]
118: (LOAD-GOODS3-TRUCK3-MARKET2-LEVEL0-LEVEL1-LEVEL0-LEVEL1) [1]
119: (DRIVE-TRUCK3-MARKET2-MARKET3) [1]
120: (DRIVE-TRUCK3-MARKET3-MARKET4) [1]
121: (DRIVE-TRUCK3-MARKET4-DEPOT2) [1]
122: (UNLOAD-GOODS3-TRUCK3-DEPOT2-LEVEL0-LEVEL1-LEVEL2-LEVEL3) [1]
123: (UNLOAD-GOODS8-TRUCK3-DEPOT2-LEVEL0-LEVEL1-LEVEL2-LEVEL3) [1]

Valid plan : 124 actions.
Computed nodes : 124
Evaluated nodes : 12
Developed nodes : 0
Useful nodes : 0

Lookahead utility : 48.06 %
Preparation time : 0.07
Search time : 0.00
Total time : 0.07

__MEMKB 10112
