
Parsing domain..... grounded-strips-tpp-propositional..... done.
Parsing problem..... grounded-strips-tpp..... done.
Computing domains..... done.
Instantiating actions..... done.
Computing final representation..... done.

Parsing time : 0.05
Domains creation  time : 0.01
Instantiation time : 0.01 -> 5710 candidates, 5710 actions
Finalization time : 0.00 -> 667 fluents, 147 init

51 39 28 19 17 13 11 2 

0: (DRIVE-TRUCK3-DEPOT2-MARKET4) [1]
1: (BUY-TRUCK3-GOODS13-MARKET4-LEVEL0-LEVEL1-LEVEL0-LEVEL1) [1]
2: (BUY-TRUCK3-GOODS12-MARKET4-LEVEL0-LEVEL1-LEVEL0-LEVEL1) [1]
3: (BUY-TRUCK3-GOODS11-MARKET4-LEVEL1-LEVEL2-LEVEL0-LEVEL1) [1]
4: (BUY-TRUCK3-GOODS9-MARKET4-LEVEL1-LEVEL2-LEVEL0-LEVEL1) [1]
5: (BUY-TRUCK3-GOODS8-MARKET4-LEVEL1-LEVEL2-LEVEL0-LEVEL1) [1]
6: (BUY-TRUCK3-GOODS7-MARKET4-LEVEL0-LEVEL1-LEVEL0-LEVEL1) [1]
7: (BUY-TRUCK3-GOODS6-MARKET4-LEVEL0-LEVEL1-LEVEL0-LEVEL1) [1]
8: (BUY-TRUCK3-GOODS4-MARKET4-LEVEL0-LEVEL1-LEVEL0-LEVEL1) [1]
9: (BUY-TRUCK3-GOODS3-MARKET4-LEVEL1-LEVEL2-LEVEL0-LEVEL1) [1]
10: (BUY-TRUCK3-GOODS2-MARKET4-LEVEL1-LEVEL2-LEVEL0-LEVEL1) [1]
11: (BUY-TRUCK3-GOODS1-MARKET4-LEVEL0-LEVEL1-LEVEL0-LEVEL1) [1]
12: (DRIVE-TRUCK3-MARKET4-MARKET3) [1]
13: (BUY-TRUCK3-GOODS10-MARKET3-LEVEL1-LEVEL2-LEVEL0-LEVEL1) [1]
14: (DRIVE-TRUCK3-MARKET3-MARKET2) [1]
15: (BUY-TRUCK3-GOODS5-MARKET2-LEVEL1-LEVEL2-LEVEL0-LEVEL1) [1]
16: (LOAD-GOODS5-TRUCK3-MARKET2-LEVEL0-LEVEL1-LEVEL0-LEVEL1) [1]
17: (DRIVE-TRUCK4-DEPOT2-MARKET4) [1]
18: (DRIVE-TRUCK3-MARKET2-MARKET3) [1]
19: (LOAD-GOODS12-TRUCK4-MARKET4-LEVEL0-LEVEL1-LEVEL0-LEVEL1) [1]
20: (LOAD-GOODS8-TRUCK4-MARKET4-LEVEL0-LEVEL1-LEVEL0-LEVEL1) [1]
21: (LOAD-GOODS7-TRUCK4-MARKET4-LEVEL0-LEVEL1-LEVEL0-LEVEL1) [1]
22: (LOAD-GOODS6-TRUCK4-MARKET4-LEVEL0-LEVEL1-LEVEL0-LEVEL1) [1]
23: (LOAD-GOODS4-TRUCK4-MARKET4-LEVEL0-LEVEL1-LEVEL0-LEVEL1) [1]
24: (LOAD-GOODS2-TRUCK4-MARKET4-LEVEL0-LEVEL1-LEVEL0-LEVEL1) [1]
25: (LOAD-GOODS1-TRUCK4-MARKET4-LEVEL0-LEVEL1-LEVEL0-LEVEL1) [1]
26: (DRIVE-TRUCK4-MARKET4-MARKET3) [1]
27: (DRIVE-TRUCK3-MARKET3-MARKET4) [1]
28: (DRIVE-TRUCK3-MARKET4-DEPOT2) [1]
29: (LOAD-GOODS10-TRUCK4-MARKET3-LEVEL0-LEVEL1-LEVEL0-LEVEL1) [1]
30: (UNLOAD-GOODS5-TRUCK3-DEPOT2-LEVEL0-LEVEL1-LEVEL0-LEVEL1) [1]
31: (DRIVE-TRUCK4-MARKET3-MARKET4) [1]
32: (DRIVE-TRUCK3-DEPOT2-MARKET4) [1]
33: (LOAD-GOODS11-TRUCK3-MARKET4-LEVEL0-LEVEL1-LEVEL0-LEVEL1) [1]
34: (LOAD-GOODS3-TRUCK3-MARKET4-LEVEL0-LEVEL1-LEVEL0-LEVEL1) [1]
35: (LOAD-GOODS13-TRUCK3-MARKET4-LEVEL0-LEVEL1-LEVEL0-LEVEL1) [1]
36: (LOAD-GOODS9-TRUCK3-MARKET4-LEVEL0-LEVEL1-LEVEL0-LEVEL1) [1]
37: (DRIVE-TRUCK4-MARKET4-DEPOT2) [1]
38: (UNLOAD-GOODS12-TRUCK4-DEPOT2-LEVEL0-LEVEL1-LEVEL0-LEVEL1) [1]
39: (UNLOAD-GOODS8-TRUCK4-DEPOT2-LEVEL0-LEVEL1-LEVEL0-LEVEL1) [1]
40: (UNLOAD-GOODS7-TRUCK4-DEPOT2-LEVEL0-LEVEL1-LEVEL0-LEVEL1) [1]
41: (UNLOAD-GOODS6-TRUCK4-DEPOT2-LEVEL0-LEVEL1-LEVEL0-LEVEL1) [1]
42: (UNLOAD-GOODS4-TRUCK4-DEPOT2-LEVEL0-LEVEL1-LEVEL0-LEVEL1) [1]
43: (UNLOAD-GOODS2-TRUCK4-DEPOT2-LEVEL0-LEVEL1-LEVEL0-LEVEL1) [1]
44: (UNLOAD-GOODS1-TRUCK4-DEPOT2-LEVEL0-LEVEL1-LEVEL0-LEVEL1) [1]
45: (UNLOAD-GOODS10-TRUCK4-DEPOT2-LEVEL0-LEVEL1-LEVEL0-LEVEL1) [1]
46: (DRIVE-TRUCK4-DEPOT2-MARKET4) [1]
47: (DRIVE-TRUCK3-MARKET4-MARKET3) [1]
48: (DRIVE-TRUCK4-MARKET4-MARKET3) [1]
49: (BUY-TRUCK3-GOODS10-MARKET3-LEVEL0-LEVEL1-LEVEL0-LEVEL1) [1]
50: (LOAD-GOODS10-TRUCK4-MARKET3-LEVEL0-LEVEL1-LEVEL0-LEVEL1) [1]
51: (DRIVE-TRUCK4-MARKET3-MARKET4) [1]
52: (DRIVE-TRUCK3-MARKET3-MARKET4) [1]
53: (DRIVE-TRUCK3-MARKET4-DEPOT2) [1]
54: (DRIVE-TRUCK4-MARKET4-DEPOT2) [1]
55: (UNLOAD-GOODS13-TRUCK3-DEPOT2-LEVEL0-LEVEL1-LEVEL0-LEVEL1) [1]
56: (UNLOAD-GOODS9-TRUCK3-DEPOT2-LEVEL0-LEVEL1-LEVEL0-LEVEL1) [1]
57: (UNLOAD-GOODS10-TRUCK4-DEPOT2-LEVEL0-LEVEL1-LEVEL1-LEVEL2) [1]
58: (UNLOAD-GOODS11-TRUCK3-DEPOT2-LEVEL0-LEVEL1-LEVEL0-LEVEL1) [1]
59: (UNLOAD-GOODS3-TRUCK3-DEPOT2-LEVEL0-LEVEL1-LEVEL0-LEVEL1) [1]
60: (DRIVE-TRUCK3-DEPOT2-MARKET4) [1]
61: (BUY-TRUCK3-GOODS11-MARKET4-LEVEL0-LEVEL1-LEVEL0-LEVEL1) [1]
62: (BUY-TRUCK3-GOODS9-MARKET4-LEVEL0-LEVEL1-LEVEL0-LEVEL1) [1]
63: (BUY-TRUCK3-GOODS3-MARKET4-LEVEL0-LEVEL1-LEVEL0-LEVEL1) [1]
64: (DRIVE-TRUCK3-MARKET4-MARKET3) [1]
65: (BUY-TRUCK3-GOODS13-MARKET3-LEVEL1-LEVEL2-LEVEL0-LEVEL1) [1]
66: (DRIVE-TRUCK3-MARKET3-MARKET1) [1]
67: (BUY-TRUCK3-GOODS10-MARKET1-LEVEL1-LEVEL2-LEVEL0-LEVEL1) [1]
68: (LOAD-GOODS10-TRUCK3-MARKET1-LEVEL0-LEVEL1-LEVEL0-LEVEL1) [1]
69: (DRIVE-TRUCK4-DEPOT2-MARKET4) [1]
70: (DRIVE-TRUCK3-MARKET1-MARKET3) [1]
71: (LOAD-GOODS11-TRUCK4-MARKET4-LEVEL0-LEVEL1-LEVEL0-LEVEL1) [1]
72: (LOAD-GOODS3-TRUCK4-MARKET4-LEVEL0-LEVEL1-LEVEL0-LEVEL1) [1]
73: (DRIVE-TRUCK4-MARKET4-MARKET3) [1]
74: (DRIVE-TRUCK3-MARKET3-MARKET4) [1]
75: (LOAD-GOODS13-TRUCK4-MARKET3-LEVEL0-LEVEL1-LEVEL0-LEVEL1) [1]
76: (DRIVE-TRUCK3-MARKET4-DEPOT2) [1]
77: (UNLOAD-GOODS10-TRUCK3-DEPOT2-LEVEL0-LEVEL1-LEVEL2-LEVEL3) [1]
78: (DRIVE-TRUCK5-DEPOT1-MARKET4) [1]
79: (DRIVE-TRUCK4-MARKET3-MARKET4) [1]
80: (DRIVE-TRUCK3-DEPOT2-MARKET4) [1]
81: (DRIVE-TRUCK5-MARKET4-MARKET3) [1]
82: (DRIVE-TRUCK4-MARKET4-DEPOT2) [1]
83: (UNLOAD-GOODS13-TRUCK4-DEPOT2-LEVEL0-LEVEL1-LEVEL1-LEVEL2) [1]
84: (LOAD-GOODS9-TRUCK3-MARKET4-LEVEL0-LEVEL1-LEVEL0-LEVEL1) [1]
85: (DRIVE-TRUCK5-MARKET3-MARKET1) [1]
86: (UNLOAD-GOODS11-TRUCK4-DEPOT2-LEVEL0-LEVEL1-LEVEL1-LEVEL2) [1]
87: (UNLOAD-GOODS3-TRUCK4-DEPOT2-LEVEL0-LEVEL1-LEVEL1-LEVEL2) [1]
88: (DRIVE-TRUCK4-DEPOT2-MARKET4) [1]
89: (DRIVE-TRUCK3-MARKET4-MARKET3) [1]
90: (BUY-TRUCK5-GOODS10-MARKET1-LEVEL0-LEVEL1-LEVEL0-LEVEL1) [1]
91: (DRIVE-TRUCK4-MARKET4-MARKET3) [1]
92: (BUY-TRUCK3-GOODS13-MARKET3-LEVEL0-LEVEL1-LEVEL0-LEVEL1) [1]
93: (DRIVE-TRUCK3-MARKET3-MARKET1) [1]
94: (LOAD-GOODS13-TRUCK4-MARKET3-LEVEL0-LEVEL1-LEVEL0-LEVEL1) [1]
95: (LOAD-GOODS10-TRUCK3-MARKET1-LEVEL0-LEVEL1-LEVEL0-LEVEL1) [1]
96: (BUY-TRUCK4-GOODS9-MARKET3-LEVEL0-LEVEL1-LEVEL0-LEVEL1) [1]
97: (DRIVE-TRUCK4-MARKET3-MARKET4) [1]
98: (DRIVE-TRUCK3-MARKET1-MARKET3) [1]
99: (DRIVE-TRUCK4-MARKET4-DEPOT2) [1]
100: (DRIVE-TRUCK3-MARKET3-MARKET4) [1]
101: (UNLOAD-GOODS13-TRUCK4-DEPOT2-LEVEL0-LEVEL1-LEVEL2-LEVEL3) [1]
102: (DRIVE-TRUCK3-MARKET4-DEPOT2) [1]
103: (UNLOAD-GOODS10-TRUCK3-DEPOT2-LEVEL0-LEVEL1-LEVEL3-LEVEL4) [1]
104: (UNLOAD-GOODS9-TRUCK3-DEPOT2-LEVEL0-LEVEL1-LEVEL1-LEVEL2) [1]
105: (DRIVE-TRUCK3-DEPOT2-MARKET4) [1]
106: (DRIVE-TRUCK3-MARKET4-MARKET3) [1]
107: (LOAD-GOODS9-TRUCK3-MARKET3-LEVEL0-LEVEL1-LEVEL0-LEVEL1) [1]
108: (DRIVE-TRUCK3-MARKET3-MARKET4) [1]
109: (DRIVE-TRUCK3-MARKET4-DEPOT2) [1]
110: (UNLOAD-GOODS9-TRUCK3-DEPOT2-LEVEL0-LEVEL1-LEVEL2-LEVEL3) [1]

Valid plan : 111 actions.
Computed nodes : 111
Evaluated nodes : 14
Developed nodes : 0
Useful nodes : 0

Lookahead utility : 45.87 %
Preparation time : 0.07
Search time : 0.01
Total time : 0.08

__MEMKB 10624
