
Parsing domain..... grounded-strips-tpp-propositional..... done.
Parsing problem..... grounded-strips-tpp..... done.
Computing domains..... done.
Instantiating actions..... done.
Computing final representation..... done.

Parsing time : 0.12
Domains creation  time : 0.01
Instantiation time : 0.02 -> 12252 candidates, 12252 actions
Finalization time : 0.01 -> 850 fluents, 158 init

56 48 44 36 34 32 29 28 18 13 12 10 9 5 3 

0: (DRIVE-TRUCK1-DEPOT2-MARKET5) [1]
1: (BUY-TRUCK1-GOODS12-MARKET5-LEVEL1-LEVEL2-LEVEL0-LEVEL1) [1]
2: (BUY-TRUCK1-GOODS6-MARKET5-LEVEL0-LEVEL1-LEVEL0-LEVEL1) [1]
3: (BUY-TRUCK1-GOODS5-MARKET5-LEVEL0-LEVEL1-LEVEL0-LEVEL1) [1]
4: (BUY-TRUCK1-GOODS3-MARKET5-LEVEL0-LEVEL1-LEVEL0-LEVEL1) [1]
5: (DRIVE-TRUCK1-MARKET5-MARKET6) [1]
6: (BUY-TRUCK1-GOODS11-MARKET6-LEVEL0-LEVEL1-LEVEL0-LEVEL1) [1]
7: (DRIVE-TRUCK1-MARKET6-MARKET3) [1]
8: (BUY-TRUCK1-GOODS7-MARKET3-LEVEL1-LEVEL2-LEVEL0-LEVEL1) [1]
9: (BUY-TRUCK1-GOODS4-MARKET3-LEVEL0-LEVEL1-LEVEL0-LEVEL1) [1]
10: (LOAD-GOODS7-TRUCK1-MARKET3-LEVEL0-LEVEL1-LEVEL0-LEVEL1) [1]
11: (LOAD-GOODS4-TRUCK1-MARKET3-LEVEL0-LEVEL1-LEVEL0-LEVEL1) [1]
12: (DRIVE-TRUCK1-MARKET3-MARKET4) [1]
13: (DRIVE-TRUCK6-DEPOT1-MARKET5) [1]
14: (DRIVE-TRUCK3-DEPOT2-MARKET5) [1]
15: (DRIVE-TRUCK1-MARKET4-MARKET2) [1]
16: (LOAD-GOODS12-TRUCK3-MARKET5-LEVEL0-LEVEL1-LEVEL0-LEVEL1) [1]
17: (DRIVE-TRUCK3-MARKET5-MARKET6) [1]
18: (DRIVE-TRUCK6-MARKET5-MARKET4) [1]
19: (BUY-TRUCK1-GOODS2-MARKET2-LEVEL1-LEVEL2-LEVEL0-LEVEL1) [1]
20: (DRIVE-TRUCK6-MARKET4-MARKET2) [1]
21: (LOAD-GOODS2-TRUCK6-MARKET2-LEVEL0-LEVEL1-LEVEL0-LEVEL1) [1]
22: (LOAD-GOODS11-TRUCK3-MARKET6-LEVEL0-LEVEL1-LEVEL0-LEVEL1) [1]
23: (DRIVE-TRUCK4-DEPOT2-MARKET5) [1]
24: (DRIVE-TRUCK6-MARKET2-MARKET3) [1]
25: (DRIVE-TRUCK3-MARKET6-MARKET3) [1]
26: (BUY-TRUCK1-GOODS10-MARKET2-LEVEL1-LEVEL2-LEVEL0-LEVEL1) [1]
27: (BUY-TRUCK1-GOODS9-MARKET2-LEVEL0-LEVEL1-LEVEL0-LEVEL1) [1]
28: (BUY-TRUCK1-GOODS8-MARKET2-LEVEL0-LEVEL1-LEVEL0-LEVEL1) [1]
29: (BUY-TRUCK1-GOODS1-MARKET2-LEVEL1-LEVEL2-LEVEL0-LEVEL1) [1]
30: (DRIVE-TRUCK1-MARKET2-MARKET4) [1]
31: (DRIVE-TRUCK4-MARKET5-MARKET4) [1]
32: (BUY-TRUCK1-GOODS1-MARKET4-LEVEL0-LEVEL1-LEVEL0-LEVEL1) [1]
33: (DRIVE-TRUCK3-MARKET3-DEPOT3) [1]
34: (UNLOAD-GOODS11-TRUCK3-DEPOT3-LEVEL0-LEVEL1-LEVEL0-LEVEL1) [1]
35: (DRIVE-TRUCK6-MARKET3-DEPOT3) [1]
36: (LOAD-GOODS1-TRUCK4-MARKET4-LEVEL0-LEVEL1-LEVEL0-LEVEL1) [1]
37: (UNLOAD-GOODS12-TRUCK3-DEPOT3-LEVEL0-LEVEL1-LEVEL0-LEVEL1) [1]
38: (UNLOAD-GOODS2-TRUCK6-DEPOT3-LEVEL0-LEVEL1-LEVEL0-LEVEL1) [1]
39: (DRIVE-TRUCK2-DEPOT1-MARKET5) [1]
40: (BUY-TRUCK1-GOODS10-MARKET4-LEVEL1-LEVEL2-LEVEL0-LEVEL1) [1]
41: (BUY-TRUCK1-GOODS9-MARKET4-LEVEL1-LEVEL2-LEVEL0-LEVEL1) [1]
42: (BUY-TRUCK1-GOODS8-MARKET4-LEVEL1-LEVEL2-LEVEL0-LEVEL1) [1]
43: (DRIVE-TRUCK1-MARKET4-MARKET2) [1]
44: (DRIVE-TRUCK4-MARKET4-MARKET3) [1]
45: (DRIVE-TRUCK3-DEPOT3-MARKET3) [1]
46: (DRIVE-TRUCK3-MARKET3-MARKET2) [1]
47: (BUY-TRUCK1-GOODS11-MARKET2-LEVEL1-LEVEL2-LEVEL0-LEVEL1) [1]
48: (BUY-TRUCK1-GOODS2-MARKET2-LEVEL0-LEVEL1-LEVEL0-LEVEL1) [1]
49: (LOAD-GOODS11-TRUCK3-MARKET2-LEVEL0-LEVEL1-LEVEL0-LEVEL1) [1]
50: (LOAD-GOODS2-TRUCK3-MARKET2-LEVEL0-LEVEL1-LEVEL0-LEVEL1) [1]
51: (DRIVE-TRUCK4-MARKET3-DEPOT3) [1]
52: (LOAD-GOODS6-TRUCK2-MARKET5-LEVEL0-LEVEL1-LEVEL0-LEVEL1) [1]
53: (LOAD-GOODS5-TRUCK2-MARKET5-LEVEL0-LEVEL1-LEVEL0-LEVEL1) [1]
54: (LOAD-GOODS3-TRUCK2-MARKET5-LEVEL0-LEVEL1-LEVEL0-LEVEL1) [1]
55: (UNLOAD-GOODS1-TRUCK4-DEPOT3-LEVEL0-LEVEL1-LEVEL0-LEVEL1) [1]
56: (DRIVE-TRUCK3-MARKET2-MARKET3) [1]
57: (DRIVE-TRUCK1-MARKET2-MARKET3) [1]
58: (DRIVE-TRUCK3-MARKET3-DEPOT3) [1]
59: (UNLOAD-GOODS2-TRUCK3-DEPOT3-LEVEL0-LEVEL1-LEVEL1-LEVEL2) [1]
60: (DRIVE-TRUCK1-MARKET3-DEPOT3) [1]
61: (DRIVE-TRUCK2-MARKET5-DEPOT2) [1]
62: (UNLOAD-GOODS6-TRUCK2-DEPOT2-LEVEL0-LEVEL1-LEVEL0-LEVEL1) [1]
63: (UNLOAD-GOODS5-TRUCK2-DEPOT2-LEVEL0-LEVEL1-LEVEL0-LEVEL1) [1]
64: (UNLOAD-GOODS3-TRUCK2-DEPOT2-LEVEL0-LEVEL1-LEVEL0-LEVEL1) [1]
65: (UNLOAD-GOODS7-TRUCK1-DEPOT3-LEVEL0-LEVEL1-LEVEL0-LEVEL1) [1]
66: (UNLOAD-GOODS4-TRUCK1-DEPOT3-LEVEL0-LEVEL1-LEVEL0-LEVEL1) [1]
67: (UNLOAD-GOODS11-TRUCK3-DEPOT3-LEVEL0-LEVEL1-LEVEL1-LEVEL2) [1]
68: (DRIVE-TRUCK1-DEPOT3-MARKET3) [1]
69: (BUY-TRUCK1-GOODS6-MARKET3-LEVEL0-LEVEL1-LEVEL0-LEVEL1) [1]
70: (BUY-TRUCK1-GOODS5-MARKET3-LEVEL1-LEVEL2-LEVEL0-LEVEL1) [1]
71: (BUY-TRUCK1-GOODS3-MARKET3-LEVEL1-LEVEL2-LEVEL0-LEVEL1) [1]
72: (DRIVE-TRUCK1-MARKET3-MARKET2) [1]
73: (LOAD-GOODS1-TRUCK1-MARKET2-LEVEL0-LEVEL1-LEVEL0-LEVEL1) [1]
74: (DRIVE-TRUCK1-MARKET2-MARKET1) [1]
75: (DRIVE-TRUCK3-DEPOT3-MARKET3) [1]
76: (DRIVE-TRUCK3-MARKET3-MARKET1) [1]
77: (BUY-TRUCK1-GOODS2-MARKET1-LEVEL0-LEVEL1-LEVEL0-LEVEL1) [1]
78: (LOAD-GOODS2-TRUCK3-MARKET1-LEVEL0-LEVEL1-LEVEL0-LEVEL1) [1]
79: (DRIVE-TRUCK1-MARKET1-MARKET2) [1]
80: (DRIVE-TRUCK4-DEPOT3-MARKET3) [1]
81: (DRIVE-TRUCK3-MARKET1-MARKET3) [1]
82: (LOAD-GOODS10-TRUCK1-MARKET2-LEVEL0-LEVEL1-LEVEL0-LEVEL1) [1]
83: (LOAD-GOODS9-TRUCK1-MARKET2-LEVEL0-LEVEL1-LEVEL0-LEVEL1) [1]
84: (LOAD-GOODS8-TRUCK1-MARKET2-LEVEL0-LEVEL1-LEVEL0-LEVEL1) [1]
85: (DRIVE-TRUCK3-MARKET3-DEPOT3) [1]
86: (LOAD-GOODS6-TRUCK4-MARKET3-LEVEL0-LEVEL1-LEVEL0-LEVEL1) [1]
87: (LOAD-GOODS5-TRUCK4-MARKET3-LEVEL0-LEVEL1-LEVEL0-LEVEL1) [1]
88: (LOAD-GOODS3-TRUCK4-MARKET3-LEVEL0-LEVEL1-LEVEL0-LEVEL1) [1]
89: (UNLOAD-GOODS2-TRUCK3-DEPOT3-LEVEL0-LEVEL1-LEVEL2-LEVEL3) [1]
90: (DRIVE-TRUCK1-MARKET2-MARKET3) [1]
91: (DRIVE-TRUCK1-MARKET3-DEPOT3) [1]
92: (UNLOAD-GOODS1-TRUCK1-DEPOT3-LEVEL0-LEVEL1-LEVEL1-LEVEL2) [1]
93: (DRIVE-TRUCK4-MARKET3-DEPOT3) [1]
94: (UNLOAD-GOODS6-TRUCK4-DEPOT3-LEVEL0-LEVEL1-LEVEL1-LEVEL2) [1]
95: (UNLOAD-GOODS5-TRUCK4-DEPOT3-LEVEL0-LEVEL1-LEVEL1-LEVEL2) [1]
96: (UNLOAD-GOODS3-TRUCK4-DEPOT3-LEVEL0-LEVEL1-LEVEL1-LEVEL2) [1]
97: (UNLOAD-GOODS10-TRUCK1-DEPOT3-LEVEL0-LEVEL1-LEVEL0-LEVEL1) [1]
98: (UNLOAD-GOODS9-TRUCK1-DEPOT3-LEVEL0-LEVEL1-LEVEL0-LEVEL1) [1]
99: (UNLOAD-GOODS8-TRUCK1-DEPOT3-LEVEL0-LEVEL1-LEVEL0-LEVEL1) [1]
100: (DRIVE-TRUCK1-DEPOT3-MARKET3) [1]
101: (BUY-TRUCK1-GOODS5-MARKET3-LEVEL0-LEVEL1-LEVEL0-LEVEL1) [1]
102: (BUY-TRUCK1-GOODS3-MARKET3-LEVEL0-LEVEL1-LEVEL0-LEVEL1) [1]
103: (DRIVE-TRUCK1-MARKET3-MARKET2) [1]
104: (BUY-TRUCK1-GOODS6-MARKET2-LEVEL1-LEVEL2-LEVEL0-LEVEL1) [1]
105: (BUY-TRUCK1-GOODS1-MARKET2-LEVEL0-LEVEL1-LEVEL0-LEVEL1) [1]
106: (LOAD-GOODS1-TRUCK1-MARKET2-LEVEL0-LEVEL1-LEVEL0-LEVEL1) [1]
107: (LOAD-GOODS6-TRUCK1-MARKET2-LEVEL0-LEVEL1-LEVEL0-LEVEL1) [1]
108: (DRIVE-TRUCK3-DEPOT3-MARKET3) [1]
109: (DRIVE-TRUCK1-MARKET2-MARKET3) [1]
110: (DRIVE-TRUCK1-MARKET3-DEPOT3) [1]
111: (UNLOAD-GOODS6-TRUCK1-DEPOT3-LEVEL0-LEVEL1-LEVEL2-LEVEL3) [1]
112: (LOAD-GOODS5-TRUCK3-MARKET3-LEVEL0-LEVEL1-LEVEL0-LEVEL1) [1]
113: (LOAD-GOODS3-TRUCK3-MARKET3-LEVEL0-LEVEL1-LEVEL0-LEVEL1) [1]
114: (UNLOAD-GOODS1-TRUCK1-DEPOT3-LEVEL0-LEVEL1-LEVEL2-LEVEL3) [1]
115: (DRIVE-TRUCK3-MARKET3-MARKET2) [1]
116: (DRIVE-TRUCK1-DEPOT3-MARKET3) [1]
117: (DRIVE-TRUCK1-MARKET3-MARKET2) [1]
118: (BUY-TRUCK3-GOODS6-MARKET2-LEVEL0-LEVEL1-LEVEL0-LEVEL1) [1]
119: (LOAD-GOODS6-TRUCK1-MARKET2-LEVEL0-LEVEL1-LEVEL0-LEVEL1) [1]
120: (DRIVE-TRUCK3-MARKET2-MARKET3) [1]
121: (DRIVE-TRUCK1-MARKET2-MARKET3) [1]
122: (DRIVE-TRUCK1-MARKET3-DEPOT3) [1]
123: (DRIVE-TRUCK3-MARKET3-DEPOT3) [1]
124: (UNLOAD-GOODS6-TRUCK1-DEPOT3-LEVEL0-LEVEL1-LEVEL3-LEVEL4) [1]
125: (UNLOAD-GOODS3-TRUCK3-DEPOT3-LEVEL0-LEVEL1-LEVEL2-LEVEL3) [1]
126: (UNLOAD-GOODS5-TRUCK3-DEPOT3-LEVEL0-LEVEL1-LEVEL2-LEVEL3) [1]
127: (DRIVE-TRUCK1-DEPOT3-MARKET3) [1]
128: (DRIVE-TRUCK1-MARKET3-MARKET2) [1]
129: (BUY-TRUCK1-GOODS5-MARKET2-LEVEL1-LEVEL2-LEVEL0-LEVEL1) [1]
130: (BUY-TRUCK1-GOODS3-MARKET2-LEVEL1-LEVEL2-LEVEL0-LEVEL1) [1]
131: (LOAD-GOODS5-TRUCK1-MARKET2-LEVEL0-LEVEL1-LEVEL0-LEVEL1) [1]
132: (LOAD-GOODS3-TRUCK1-MARKET2-LEVEL0-LEVEL1-LEVEL0-LEVEL1) [1]
133: (DRIVE-TRUCK1-MARKET2-MARKET3) [1]
134: (DRIVE-TRUCK1-MARKET3-DEPOT3) [1]
135: (UNLOAD-GOODS3-TRUCK1-DEPOT3-LEVEL0-LEVEL1-LEVEL3-LEVEL4) [1]
136: (UNLOAD-GOODS5-TRUCK1-DEPOT3-LEVEL0-LEVEL1-LEVEL3-LEVEL4) [1]
137: (DRIVE-TRUCK1-DEPOT3-MARKET3) [1]
138: (DRIVE-TRUCK1-MARKET3-MARKET2) [1]
139: (BUY-TRUCK1-GOODS3-MARKET2-LEVEL0-LEVEL1-LEVEL0-LEVEL1) [1]
140: (LOAD-GOODS3-TRUCK1-MARKET2-LEVEL0-LEVEL1-LEVEL0-LEVEL1) [1]
141: (DRIVE-TRUCK1-MARKET2-MARKET3) [1]
142: (DRIVE-TRUCK1-MARKET3-DEPOT3) [1]
143: (UNLOAD-GOODS3-TRUCK1-DEPOT3-LEVEL0-LEVEL1-LEVEL4-LEVEL5) [1]

Valid plan : 144 actions.
Computed nodes : 252
Evaluated nodes : 29
Developed nodes : 1
Useful nodes : 1

Lookahead utility : 28.25 %
Preparation time : 0.16
Search time : 0.03
Total time : 0.19

__MEMKB 18560
