
Parsing domain..... grounded-strips-tpp-propositional..... done.
Parsing problem..... grounded-strips-tpp..... done.
Computing domains..... done.
Instantiating actions..... done.
Computing final representation..... done.

Parsing time : 0.44
Domains creation  time : 0.05
Instantiation time : 0.08 -> 40848 candidates, 40848 actions
Finalization time : 0.02 -> 1923 fluents, 313 init

102 85 84 77 75 63 55 53 35 28 27 26 24 23 18 12 7 3 

0: (DRIVE-TRUCK2-DEPOT3-MARKET7) [1]
1: (BUY-TRUCK2-GOODS19-MARKET7-LEVEL0-LEVEL1-LEVEL0-LEVEL1) [1]
2: (BUY-TRUCK2-GOODS18-MARKET7-LEVEL0-LEVEL1-LEVEL0-LEVEL1) [1]
3: (BUY-TRUCK2-GOODS16-MARKET7-LEVEL0-LEVEL1-LEVEL0-LEVEL1) [1]
4: (BUY-TRUCK2-GOODS13-MARKET7-LEVEL0-LEVEL1-LEVEL0-LEVEL1) [1]
5: (BUY-TRUCK2-GOODS11-MARKET7-LEVEL1-LEVEL2-LEVEL0-LEVEL1) [1]
6: (BUY-TRUCK2-GOODS9-MARKET7-LEVEL1-LEVEL2-LEVEL0-LEVEL1) [1]
7: (BUY-TRUCK2-GOODS8-MARKET7-LEVEL0-LEVEL1-LEVEL0-LEVEL1) [1]
8: (BUY-TRUCK2-GOODS7-MARKET7-LEVEL0-LEVEL1-LEVEL0-LEVEL1) [1]
9: (BUY-TRUCK2-GOODS6-MARKET7-LEVEL1-LEVEL2-LEVEL0-LEVEL1) [1]
10: (BUY-TRUCK2-GOODS5-MARKET7-LEVEL0-LEVEL1-LEVEL0-LEVEL1) [1]
11: (BUY-TRUCK2-GOODS3-MARKET7-LEVEL0-LEVEL1-LEVEL0-LEVEL1) [1]
12: (BUY-TRUCK2-GOODS1-MARKET7-LEVEL0-LEVEL1-LEVEL0-LEVEL1) [1]
13: (LOAD-GOODS9-TRUCK2-MARKET7-LEVEL0-LEVEL1-LEVEL0-LEVEL1) [1]
14: (DRIVE-TRUCK2-MARKET7-MARKET5) [1]
15: (BUY-TRUCK2-GOODS17-MARKET5-LEVEL0-LEVEL1-LEVEL0-LEVEL1) [1]
16: (BUY-TRUCK2-GOODS4-MARKET5-LEVEL0-LEVEL1-LEVEL0-LEVEL1) [1]
17: (BUY-TRUCK2-GOODS2-MARKET5-LEVEL0-LEVEL1-LEVEL0-LEVEL1) [1]
18: (LOAD-GOODS17-TRUCK2-MARKET5-LEVEL0-LEVEL1-LEVEL0-LEVEL1) [1]
19: (LOAD-GOODS2-TRUCK2-MARKET5-LEVEL0-LEVEL1-LEVEL0-LEVEL1) [1]
20: (LOAD-GOODS4-TRUCK2-MARKET5-LEVEL0-LEVEL1-LEVEL0-LEVEL1) [1]
21: (DRIVE-TRUCK2-MARKET5-MARKET1) [1]
22: (DRIVE-TRUCK4-DEPOT3-MARKET7) [1]
23: (DRIVE-TRUCK2-MARKET1-MARKET6) [1]
24: (DRIVE-TRUCK1-DEPOT1-MARKET8) [1]
25: (DRIVE-TRUCK1-MARKET8-MARKET6) [1]
26: (BUY-TRUCK2-GOODS15-MARKET6-LEVEL1-LEVEL2-LEVEL0-LEVEL1) [1]
27: (BUY-TRUCK2-GOODS14-MARKET6-LEVEL0-LEVEL1-LEVEL0-LEVEL1) [1]
28: (LOAD-GOODS18-TRUCK4-MARKET7-LEVEL0-LEVEL1-LEVEL0-LEVEL1) [1]
29: (LOAD-GOODS7-TRUCK4-MARKET7-LEVEL0-LEVEL1-LEVEL0-LEVEL1) [1]
30: (LOAD-GOODS6-TRUCK4-MARKET7-LEVEL0-LEVEL1-LEVEL0-LEVEL1) [1]
31: (LOAD-GOODS1-TRUCK4-MARKET7-LEVEL0-LEVEL1-LEVEL0-LEVEL1) [1]
32: (LOAD-GOODS16-TRUCK4-MARKET7-LEVEL0-LEVEL1-LEVEL0-LEVEL1) [1]
33: (LOAD-GOODS13-TRUCK4-MARKET7-LEVEL0-LEVEL1-LEVEL0-LEVEL1) [1]
34: (LOAD-GOODS11-TRUCK4-MARKET7-LEVEL0-LEVEL1-LEVEL0-LEVEL1) [1]
35: (LOAD-GOODS19-TRUCK4-MARKET7-LEVEL0-LEVEL1-LEVEL0-LEVEL1) [1]
36: (LOAD-GOODS8-TRUCK4-MARKET7-LEVEL0-LEVEL1-LEVEL0-LEVEL1) [1]
37: (LOAD-GOODS3-TRUCK4-MARKET7-LEVEL0-LEVEL1-LEVEL0-LEVEL1) [1]
38: (LOAD-GOODS15-TRUCK1-MARKET6-LEVEL0-LEVEL1-LEVEL0-LEVEL1) [1]
39: (LOAD-GOODS14-TRUCK1-MARKET6-LEVEL0-LEVEL1-LEVEL0-LEVEL1) [1]
40: (LOAD-GOODS5-TRUCK4-MARKET7-LEVEL0-LEVEL1-LEVEL0-LEVEL1) [1]
41: (DRIVE-TRUCK1-MARKET6-MARKET8) [1]
42: (DRIVE-TRUCK2-MARKET6-MARKET8) [1]
43: (DRIVE-TRUCK1-MARKET8-DEPOT1) [1]
44: (DRIVE-TRUCK2-MARKET8-DEPOT1) [1]
45: (UNLOAD-GOODS9-TRUCK2-DEPOT1-LEVEL0-LEVEL1-LEVEL0-LEVEL1) [1]
46: (DRIVE-TRUCK4-MARKET7-DEPOT3) [1]
47: (DRIVE-TRUCK6-DEPOT3-MARKET7) [1]
48: (DRIVE-TRUCK8-DEPOT1-MARKET8) [1]
49: (UNLOAD-GOODS19-TRUCK4-DEPOT3-LEVEL0-LEVEL1-LEVEL0-LEVEL1) [1]
50: (UNLOAD-GOODS17-TRUCK2-DEPOT1-LEVEL0-LEVEL1-LEVEL0-LEVEL1) [1]
51: (UNLOAD-GOODS16-TRUCK4-DEPOT3-LEVEL0-LEVEL1-LEVEL0-LEVEL1) [1]
52: (UNLOAD-GOODS15-TRUCK1-DEPOT1-LEVEL0-LEVEL1-LEVEL0-LEVEL1) [1]
53: (UNLOAD-GOODS14-TRUCK1-DEPOT1-LEVEL0-LEVEL1-LEVEL0-LEVEL1) [1]
54: (UNLOAD-GOODS13-TRUCK4-DEPOT3-LEVEL0-LEVEL1-LEVEL0-LEVEL1) [1]
55: (UNLOAD-GOODS11-TRUCK4-DEPOT3-LEVEL0-LEVEL1-LEVEL0-LEVEL1) [1]
56: (UNLOAD-GOODS8-TRUCK4-DEPOT3-LEVEL0-LEVEL1-LEVEL0-LEVEL1) [1]
57: (DRIVE-TRUCK8-MARKET8-MARKET4) [1]
58: (UNLOAD-GOODS4-TRUCK2-DEPOT1-LEVEL0-LEVEL1-LEVEL0-LEVEL1) [1]
59: (UNLOAD-GOODS2-TRUCK2-DEPOT1-LEVEL0-LEVEL1-LEVEL0-LEVEL1) [1]
60: (DRIVE-TRUCK2-DEPOT1-MARKET8) [1]
61: (UNLOAD-GOODS5-TRUCK4-DEPOT3-LEVEL0-LEVEL1-LEVEL0-LEVEL1) [1]
62: (UNLOAD-GOODS3-TRUCK4-DEPOT3-LEVEL0-LEVEL1-LEVEL0-LEVEL1) [1]
63: (UNLOAD-GOODS18-TRUCK4-DEPOT3-LEVEL0-LEVEL1-LEVEL0-LEVEL1) [1]
64: (UNLOAD-GOODS7-TRUCK4-DEPOT3-LEVEL0-LEVEL1-LEVEL0-LEVEL1) [1]
65: (UNLOAD-GOODS6-TRUCK4-DEPOT3-LEVEL0-LEVEL1-LEVEL0-LEVEL1) [1]
66: (UNLOAD-GOODS1-TRUCK4-DEPOT3-LEVEL0-LEVEL1-LEVEL0-LEVEL1) [1]
67: (DRIVE-TRUCK2-MARKET8-MARKET4) [1]
68: (BUY-TRUCK8-GOODS10-MARKET4-LEVEL0-LEVEL1-LEVEL0-LEVEL1) [1]
69: (LOAD-GOODS10-TRUCK2-MARKET4-LEVEL0-LEVEL1-LEVEL0-LEVEL1) [1]
70: (DRIVE-TRUCK4-DEPOT3-MARKET7) [1]
71: (BUY-TRUCK2-GOODS18-MARKET4-LEVEL0-LEVEL1-LEVEL0-LEVEL1) [1]
72: (BUY-TRUCK2-GOODS16-MARKET4-LEVEL0-LEVEL1-LEVEL0-LEVEL1) [1]
73: (BUY-TRUCK2-GOODS14-MARKET4-LEVEL1-LEVEL2-LEVEL0-LEVEL1) [1]
74: (BUY-TRUCK2-GOODS13-MARKET4-LEVEL0-LEVEL1-LEVEL0-LEVEL1) [1]
75: (BUY-TRUCK2-GOODS7-MARKET4-LEVEL0-LEVEL1-LEVEL0-LEVEL1) [1]
76: (BUY-TRUCK2-GOODS5-MARKET4-LEVEL1-LEVEL2-LEVEL0-LEVEL1) [1]
77: (BUY-TRUCK2-GOODS4-MARKET4-LEVEL1-LEVEL2-LEVEL0-LEVEL1) [1]
78: (BUY-TRUCK2-GOODS3-MARKET4-LEVEL1-LEVEL2-LEVEL0-LEVEL1) [1]
79: (BUY-TRUCK2-GOODS2-MARKET4-LEVEL1-LEVEL2-LEVEL0-LEVEL1) [1]
80: (BUY-TRUCK2-GOODS1-MARKET4-LEVEL1-LEVEL2-LEVEL0-LEVEL1) [1]
81: (DRIVE-TRUCK2-MARKET4-MARKET5) [1]
82: (DRIVE-TRUCK1-DEPOT1-MARKET8) [1]
83: (BUY-TRUCK6-GOODS11-MARKET7-LEVEL0-LEVEL1-LEVEL0-LEVEL1) [1]
84: (BUY-TRUCK6-GOODS6-MARKET7-LEVEL0-LEVEL1-LEVEL0-LEVEL1) [1]
85: (LOAD-GOODS6-TRUCK4-MARKET7-LEVEL0-LEVEL1-LEVEL0-LEVEL1) [1]
86: (DRIVE-TRUCK4-MARKET7-MARKET5) [1]
87: (BUY-TRUCK2-GOODS19-MARKET5-LEVEL1-LEVEL2-LEVEL0-LEVEL1) [1]
88: (BUY-TRUCK2-GOODS13-MARKET5-LEVEL1-LEVEL2-LEVEL0-LEVEL1) [1]
89: (BUY-TRUCK2-GOODS5-MARKET5-LEVEL1-LEVEL2-LEVEL0-LEVEL1) [1]
90: (BUY-TRUCK2-GOODS3-MARKET5-LEVEL0-LEVEL1-LEVEL0-LEVEL1) [1]
91: (DRIVE-TRUCK2-MARKET5-MARKET1) [1]
92: (DRIVE-TRUCK1-MARKET8-MARKET4) [1]
93: (LOAD-GOODS13-TRUCK4-MARKET5-LEVEL0-LEVEL1-LEVEL0-LEVEL1) [1]
94: (DRIVE-TRUCK4-MARKET5-MARKET1) [1]
95: (BUY-TRUCK2-GOODS8-MARKET1-LEVEL1-LEVEL2-LEVEL0-LEVEL1) [1]
96: (LOAD-GOODS8-TRUCK4-MARKET1-LEVEL0-LEVEL1-LEVEL0-LEVEL1) [1]
97: (LOAD-GOODS11-TRUCK6-MARKET7-LEVEL0-LEVEL1-LEVEL0-LEVEL1) [1]
98: (DRIVE-TRUCK6-MARKET7-MARKET5) [1]
99: (DRIVE-TRUCK5-DEPOT3-MARKET7) [1]
100: (DRIVE-TRUCK4-MARKET1-MARKET5) [1]
101: (DRIVE-TRUCK2-MARKET1-MARKET5) [1]
102: (DRIVE-TRUCK3-DEPOT1-MARKET8) [1]
103: (DRIVE-TRUCK1-MARKET4-MARKET8) [1]
104: (DRIVE-TRUCK1-MARKET8-DEPOT1) [1]
105: (DRIVE-TRUCK5-MARKET7-MARKET5) [1]
106: (DRIVE-TRUCK4-MARKET5-MARKET7) [1]
107: (DRIVE-TRUCK2-MARKET5-MARKET7) [1]
108: (DRIVE-TRUCK3-MARKET8-MARKET4) [1]
109: (LOAD-GOODS19-TRUCK6-MARKET5-LEVEL0-LEVEL1-LEVEL0-LEVEL1) [1]
110: (LOAD-GOODS5-TRUCK6-MARKET5-LEVEL0-LEVEL1-LEVEL0-LEVEL1) [1]
111: (LOAD-GOODS3-TRUCK6-MARKET5-LEVEL0-LEVEL1-LEVEL0-LEVEL1) [1]
112: (DRIVE-TRUCK2-MARKET7-DEPOT3) [1]
113: (DRIVE-TRUCK4-MARKET7-DEPOT3) [1]
114: (UNLOAD-GOODS6-TRUCK4-DEPOT3-LEVEL0-LEVEL1-LEVEL1-LEVEL2) [1]
115: (UNLOAD-GOODS10-TRUCK2-DEPOT3-LEVEL0-LEVEL1-LEVEL0-LEVEL1) [1]
116: (UNLOAD-GOODS8-TRUCK4-DEPOT3-LEVEL0-LEVEL1-LEVEL1-LEVEL2) [1]
117: (DRIVE-TRUCK6-MARKET5-MARKET7) [1]
118: (DRIVE-TRUCK5-MARKET5-MARKET7) [1]
119: (DRIVE-TRUCK2-DEPOT3-MARKET7) [1]
120: (DRIVE-TRUCK3-MARKET4-MARKET8) [1]
121: (DRIVE-TRUCK1-DEPOT1-MARKET8) [1]
122: (UNLOAD-GOODS13-TRUCK4-DEPOT3-LEVEL0-LEVEL1-LEVEL1-LEVEL2) [1]
123: (DRIVE-TRUCK3-MARKET8-DEPOT1) [1]
124: (DRIVE-TRUCK2-MARKET7-MARKET5) [1]
125: (DRIVE-TRUCK1-MARKET8-MARKET4) [1]
126: (DRIVE-TRUCK5-MARKET7-DEPOT3) [1]
127: (DRIVE-TRUCK2-MARKET5-MARKET1) [1]
128: (DRIVE-TRUCK6-MARKET7-DEPOT3) [1]
129: (UNLOAD-GOODS19-TRUCK6-DEPOT3-LEVEL0-LEVEL1-LEVEL1-LEVEL2) [1]
130: (UNLOAD-GOODS5-TRUCK6-DEPOT3-LEVEL0-LEVEL1-LEVEL1-LEVEL2) [1]
131: (UNLOAD-GOODS3-TRUCK6-DEPOT3-LEVEL0-LEVEL1-LEVEL1-LEVEL2) [1]
132: (UNLOAD-GOODS11-TRUCK6-DEPOT3-LEVEL0-LEVEL1-LEVEL1-LEVEL2) [1]
133: (DRIVE-TRUCK4-DEPOT3-MARKET7) [1]
134: (DRIVE-TRUCK2-MARKET1-MARKET6) [1]
135: (DRIVE-TRUCK1-MARKET4-MARKET8) [1]
136: (DRIVE-TRUCK3-DEPOT1-MARKET8) [1]
137: (BUY-TRUCK1-GOODS11-MARKET8-LEVEL0-LEVEL1-LEVEL0-LEVEL1) [1]
138: (DRIVE-TRUCK1-MARKET8-DEPOT1) [1]
139: (DRIVE-TRUCK4-MARKET7-MARKET5) [1]
140: (DRIVE-TRUCK3-MARKET8-MARKET6) [1]
141: (BUY-TRUCK2-GOODS8-MARKET6-LEVEL0-LEVEL1-LEVEL0-LEVEL1) [1]
142: (LOAD-GOODS8-TRUCK3-MARKET6-LEVEL0-LEVEL1-LEVEL0-LEVEL1) [1]
143: (DRIVE-TRUCK5-DEPOT3-MARKET7) [1]
144: (DRIVE-TRUCK8-MARKET4-MARKET8) [1]
145: (DRIVE-TRUCK3-MARKET6-MARKET8) [1]
146: (BUY-TRUCK2-GOODS19-MARKET6-LEVEL1-LEVEL2-LEVEL0-LEVEL1) [1]
147: (BUY-TRUCK2-GOODS15-MARKET6-LEVEL0-LEVEL1-LEVEL0-LEVEL1) [1]
148: (DRIVE-TRUCK2-MARKET6-MARKET8) [1]
149: (DRIVE-TRUCK1-DEPOT1-MARKET8) [1]
150: (DRIVE-TRUCK4-MARKET5-MARKET2) [1]
151: (DRIVE-TRUCK8-MARKET8-DEPOT1) [1]
152: (DRIVE-TRUCK2-MARKET8-DEPOT1) [1]
153: (DRIVE-TRUCK5-MARKET7-MARKET5) [1]
154: (LOAD-GOODS11-TRUCK1-MARKET8-LEVEL0-LEVEL1-LEVEL0-LEVEL1) [1]
155: (DRIVE-TRUCK1-MARKET8-MARKET6) [1]
156: (BUY-TRUCK4-GOODS16-MARKET2-LEVEL1-LEVEL2-LEVEL0-LEVEL1) [1]
157: (BUY-TRUCK4-GOODS15-MARKET2-LEVEL1-LEVEL2-LEVEL0-LEVEL1) [1]
158: (BUY-TRUCK4-GOODS14-MARKET2-LEVEL1-LEVEL2-LEVEL0-LEVEL1) [1]
159: (BUY-TRUCK4-GOODS12-MARKET2-LEVEL1-LEVEL2-LEVEL0-LEVEL1) [1]
160: (BUY-TRUCK4-GOODS10-MARKET2-LEVEL1-LEVEL2-LEVEL0-LEVEL1) [1]
161: (BUY-TRUCK4-GOODS4-MARKET2-LEVEL1-LEVEL2-LEVEL0-LEVEL1) [1]
162: (BUY-TRUCK4-GOODS3-MARKET2-LEVEL1-LEVEL2-LEVEL0-LEVEL1) [1]
163: (BUY-TRUCK4-GOODS2-MARKET2-LEVEL0-LEVEL1-LEVEL0-LEVEL1) [1]
164: (DRIVE-TRUCK3-MARKET8-DEPOT1) [1]
165: (UNLOAD-GOODS8-TRUCK3-DEPOT1-LEVEL0-LEVEL1-LEVEL2-LEVEL3) [1]
166: (DRIVE-TRUCK5-MARKET5-MARKET1) [1]
167: (DRIVE-TRUCK4-MARKET2-MARKET7) [1]
168: (DRIVE-TRUCK2-DEPOT1-MARKET8) [1]
169: (DRIVE-TRUCK1-MARKET6-MARKET8) [1]
170: (DRIVE-TRUCK4-MARKET7-DEPOT3) [1]
171: (DRIVE-TRUCK1-MARKET8-DEPOT1) [1]
172: (DRIVE-TRUCK2-MARKET8-MARKET6) [1]
173: (BUY-TRUCK5-GOODS8-MARKET1-LEVEL0-LEVEL1-LEVEL0-LEVEL1) [1]
174: (UNLOAD-GOODS11-TRUCK1-DEPOT1-LEVEL0-LEVEL1-LEVEL2-LEVEL3) [1]
175: (LOAD-GOODS19-TRUCK2-MARKET6-LEVEL0-LEVEL1-LEVEL0-LEVEL1) [1]
176: (LOAD-GOODS15-TRUCK2-MARKET6-LEVEL0-LEVEL1-LEVEL0-LEVEL1) [1]
177: (BUY-TRUCK5-GOODS14-MARKET1-LEVEL0-LEVEL1-LEVEL0-LEVEL1) [1]
178: (BUY-TRUCK5-GOODS13-MARKET1-LEVEL1-LEVEL2-LEVEL0-LEVEL1) [1]
179: (BUY-TRUCK5-GOODS12-MARKET1-LEVEL1-LEVEL2-LEVEL0-LEVEL1) [1]
180: (BUY-TRUCK5-GOODS10-MARKET1-LEVEL0-LEVEL1-LEVEL0-LEVEL1) [1]
181: (BUY-TRUCK5-GOODS2-MARKET1-LEVEL1-LEVEL2-LEVEL0-LEVEL1) [1]
182: (DRIVE-TRUCK5-MARKET1-MARKET5) [1]
183: (DRIVE-TRUCK4-DEPOT3-MARKET7) [1]
184: (BUY-TRUCK2-GOODS16-MARKET6-LEVEL1-LEVEL2-LEVEL0-LEVEL1) [1]
185: (BUY-TRUCK2-GOODS1-MARKET6-LEVEL0-LEVEL1-LEVEL0-LEVEL1) [1]
186: (DRIVE-TRUCK2-MARKET6-MARKET1) [1]
187: (DRIVE-TRUCK1-DEPOT1-MARKET8) [1]
188: (DRIVE-TRUCK4-MARKET7-MARKET5) [1]
189: (DRIVE-TRUCK1-MARKET8-MARKET6) [1]
190: (BUY-TRUCK5-GOODS5-MARKET5-LEVEL0-LEVEL1-LEVEL0-LEVEL1) [1]
191: (LOAD-GOODS14-TRUCK2-MARKET1-LEVEL0-LEVEL1-LEVEL0-LEVEL1) [1]
192: (LOAD-GOODS12-TRUCK2-MARKET1-LEVEL0-LEVEL1-LEVEL0-LEVEL1) [1]
193: (LOAD-GOODS10-TRUCK2-MARKET1-LEVEL0-LEVEL1-LEVEL0-LEVEL1) [1]
194: (LOAD-GOODS2-TRUCK2-MARKET1-LEVEL0-LEVEL1-LEVEL0-LEVEL1) [1]
195: (LOAD-GOODS13-TRUCK2-MARKET1-LEVEL0-LEVEL1-LEVEL0-LEVEL1) [1]
196: (LOAD-GOODS8-TRUCK2-MARKET1-LEVEL0-LEVEL1-LEVEL0-LEVEL1) [1]
197: (DRIVE-TRUCK4-MARKET5-MARKET4) [1]
198: (LOAD-GOODS7-TRUCK4-MARKET4-LEVEL0-LEVEL1-LEVEL0-LEVEL1) [1]
199: (BUY-TRUCK4-GOODS17-MARKET4-LEVEL1-LEVEL2-LEVEL0-LEVEL1) [1]
200: (DRIVE-TRUCK4-MARKET4-MARKET5) [1]
201: (DRIVE-TRUCK2-MARKET1-MARKET5) [1]
202: (DRIVE-TRUCK3-DEPOT1-MARKET8) [1]
203: (BUY-TRUCK5-GOODS19-MARKET5-LEVEL0-LEVEL1-LEVEL0-LEVEL1) [1]
204: (BUY-TRUCK1-GOODS17-MARKET6-LEVEL1-LEVEL2-LEVEL0-LEVEL1) [1]
205: (DRIVE-TRUCK3-MARKET8-MARKET6) [1]
206: (DRIVE-TRUCK2-MARKET5-MARKET7) [1]
207: (LOAD-GOODS19-TRUCK4-MARKET5-LEVEL0-LEVEL1-LEVEL0-LEVEL1) [1]
208: (LOAD-GOODS17-TRUCK3-MARKET6-LEVEL0-LEVEL1-LEVEL0-LEVEL1) [1]
209: (DRIVE-TRUCK2-MARKET7-DEPOT3) [1]
210: (UNLOAD-GOODS8-TRUCK2-DEPOT3-LEVEL0-LEVEL1-LEVEL3-LEVEL4) [1]
211: (UNLOAD-GOODS13-TRUCK2-DEPOT3-LEVEL0-LEVEL1-LEVEL2-LEVEL3) [1]
212: (UNLOAD-GOODS12-TRUCK2-DEPOT3-LEVEL0-LEVEL1-LEVEL0-LEVEL1) [1]
213: (DRIVE-TRUCK4-MARKET5-MARKET7) [1]
214: (UNLOAD-GOODS15-TRUCK2-DEPOT3-LEVEL0-LEVEL1-LEVEL1-LEVEL2) [1]
215: (UNLOAD-GOODS14-TRUCK2-DEPOT3-LEVEL0-LEVEL1-LEVEL1-LEVEL2) [1]
216: (UNLOAD-GOODS2-TRUCK2-DEPOT3-LEVEL0-LEVEL1-LEVEL1-LEVEL2) [1]
217: (UNLOAD-GOODS10-TRUCK2-DEPOT3-LEVEL0-LEVEL1-LEVEL1-LEVEL2) [1]
218: (UNLOAD-GOODS19-TRUCK2-DEPOT3-LEVEL0-LEVEL1-LEVEL2-LEVEL3) [1]
219: (DRIVE-TRUCK2-DEPOT3-MARKET7) [1]
220: (DRIVE-TRUCK3-MARKET6-MARKET8) [1]
221: (DRIVE-TRUCK1-MARKET6-MARKET8) [1]
222: (DRIVE-TRUCK4-MARKET7-DEPOT3) [1]
223: (DRIVE-TRUCK1-MARKET8-DEPOT1) [1]
224: (DRIVE-TRUCK2-MARKET7-MARKET5) [1]
225: (UNLOAD-GOODS7-TRUCK4-DEPOT3-LEVEL0-LEVEL1-LEVEL1-LEVEL2) [1]
226: (DRIVE-TRUCK3-MARKET8-DEPOT1) [1]
227: (UNLOAD-GOODS17-TRUCK3-DEPOT1-LEVEL0-LEVEL1-LEVEL1-LEVEL2) [1]
228: (LOAD-GOODS5-TRUCK2-MARKET5-LEVEL0-LEVEL1-LEVEL0-LEVEL1) [1]
229: (UNLOAD-GOODS19-TRUCK4-DEPOT3-LEVEL0-LEVEL1-LEVEL3-LEVEL4) [1]
230: (DRIVE-TRUCK4-DEPOT3-MARKET7) [1]
231: (DRIVE-TRUCK2-MARKET5-MARKET7) [1]
232: (DRIVE-TRUCK4-MARKET7-MARKET2) [1]
233: (LOAD-GOODS16-TRUCK4-MARKET2-LEVEL0-LEVEL1-LEVEL0-LEVEL1) [1]
234: (LOAD-GOODS12-TRUCK4-MARKET2-LEVEL0-LEVEL1-LEVEL0-LEVEL1) [1]
235: (LOAD-GOODS15-TRUCK4-MARKET2-LEVEL0-LEVEL1-LEVEL0-LEVEL1) [1]
236: (LOAD-GOODS14-TRUCK4-MARKET2-LEVEL0-LEVEL1-LEVEL0-LEVEL1) [1]
237: (LOAD-GOODS3-TRUCK4-MARKET2-LEVEL0-LEVEL1-LEVEL0-LEVEL1) [1]
238: (LOAD-GOODS2-TRUCK4-MARKET2-LEVEL0-LEVEL1-LEVEL0-LEVEL1) [1]
239: (DRIVE-TRUCK2-MARKET7-DEPOT3) [1]
240: (LOAD-GOODS4-TRUCK4-MARKET2-LEVEL0-LEVEL1-LEVEL0-LEVEL1) [1]
241: (UNLOAD-GOODS5-TRUCK2-DEPOT3-LEVEL0-LEVEL1-LEVEL2-LEVEL3) [1]
242: (DRIVE-TRUCK4-MARKET2-MARKET7) [1]
243: (DRIVE-TRUCK1-DEPOT1-MARKET8) [1]
244: (DRIVE-TRUCK1-MARKET8-MARKET4) [1]
245: (LOAD-GOODS5-TRUCK1-MARKET4-LEVEL0-LEVEL1-LEVEL0-LEVEL1) [1]
246: (DRIVE-TRUCK4-MARKET7-DEPOT3) [1]
247: (UNLOAD-GOODS4-TRUCK4-DEPOT3-LEVEL0-LEVEL1-LEVEL1-LEVEL2) [1]
248: (UNLOAD-GOODS16-TRUCK4-DEPOT3-LEVEL0-LEVEL1-LEVEL1-LEVEL2) [1]
249: (UNLOAD-GOODS12-TRUCK4-DEPOT3-LEVEL0-LEVEL1-LEVEL1-LEVEL2) [1]
250: (UNLOAD-GOODS15-TRUCK4-DEPOT3-LEVEL0-LEVEL1-LEVEL2-LEVEL3) [1]
251: (UNLOAD-GOODS14-TRUCK4-DEPOT3-LEVEL0-LEVEL1-LEVEL2-LEVEL3) [1]
252: (UNLOAD-GOODS3-TRUCK4-DEPOT3-LEVEL0-LEVEL1-LEVEL2-LEVEL3) [1]
253: (UNLOAD-GOODS2-TRUCK4-DEPOT3-LEVEL0-LEVEL1-LEVEL2-LEVEL3) [1]
254: (DRIVE-TRUCK5-MARKET5-MARKET7) [1]
255: (DRIVE-TRUCK2-DEPOT3-MARKET7) [1]
256: (DRIVE-TRUCK1-MARKET4-MARKET8) [1]
257: (DRIVE-TRUCK1-MARKET8-DEPOT1) [1]
258: (DRIVE-TRUCK2-MARKET7-MARKET2) [1]
259: (DRIVE-TRUCK5-MARKET7-DEPOT3) [1]
260: (UNLOAD-GOODS5-TRUCK1-DEPOT1-LEVEL0-LEVEL1-LEVEL3-LEVEL4) [1]
261: (DRIVE-TRUCK4-DEPOT3-MARKET7) [1]
262: (BUY-TRUCK2-GOODS15-MARKET2-LEVEL0-LEVEL1-LEVEL0-LEVEL1) [1]
263: (BUY-TRUCK2-GOODS12-MARKET2-LEVEL0-LEVEL1-LEVEL0-LEVEL1) [1]
264: (DRIVE-TRUCK2-MARKET2-MARKET7) [1]
265: (DRIVE-TRUCK1-DEPOT1-MARKET8) [1]
266: (DRIVE-TRUCK2-MARKET7-DEPOT3) [1]
267: (DRIVE-TRUCK4-MARKET7-MARKET2) [1]
268: (BUY-TRUCK1-GOODS5-MARKET8-LEVEL0-LEVEL1-LEVEL0-LEVEL1) [1]
269: (LOAD-GOODS5-TRUCK1-MARKET8-LEVEL0-LEVEL1-LEVEL0-LEVEL1) [1]
270: (DRIVE-TRUCK4-MARKET2-MARKET7) [1]
271: (DRIVE-TRUCK2-DEPOT3-MARKET7) [1]
272: (BUY-TRUCK1-GOODS18-MARKET8-LEVEL0-LEVEL1-LEVEL0-LEVEL1) [1]
273: (DRIVE-TRUCK1-MARKET8-MARKET6) [1]
274: (DRIVE-TRUCK3-DEPOT1-MARKET8) [1]
275: (DRIVE-TRUCK2-MARKET7-MARKET2) [1]
276: (LOAD-GOODS18-TRUCK3-MARKET8-LEVEL0-LEVEL1-LEVEL0-LEVEL1) [1]
277: (LOAD-GOODS1-TRUCK1-MARKET6-LEVEL0-LEVEL1-LEVEL0-LEVEL1) [1]
278: (LOAD-GOODS16-TRUCK1-MARKET6-LEVEL0-LEVEL1-LEVEL0-LEVEL1) [1]
279: (DRIVE-TRUCK4-MARKET7-DEPOT3) [1]
280: (DRIVE-TRUCK4-DEPOT3-MARKET7) [1]
281: (DRIVE-TRUCK2-MARKET2-MARKET7) [1]
282: (DRIVE-TRUCK3-MARKET8-MARKET4) [1]
283: (DRIVE-TRUCK1-MARKET6-MARKET8) [1]
284: (DRIVE-TRUCK4-MARKET7-MARKET2) [1]
285: (LOAD-GOODS4-TRUCK3-MARKET4-LEVEL0-LEVEL1-LEVEL0-LEVEL1) [1]
286: (DRIVE-TRUCK1-MARKET8-DEPOT1) [1]
287: (LOAD-GOODS17-TRUCK3-MARKET4-LEVEL0-LEVEL1-LEVEL0-LEVEL1) [1]
288: (UNLOAD-GOODS16-TRUCK1-DEPOT1-LEVEL0-LEVEL1-LEVEL2-LEVEL3) [1]
289: (DRIVE-TRUCK2-MARKET7-DEPOT3) [1]
290: (LOAD-GOODS14-TRUCK3-MARKET4-LEVEL0-LEVEL1-LEVEL0-LEVEL1) [1]
291: (LOAD-GOODS3-TRUCK3-MARKET4-LEVEL0-LEVEL1-LEVEL0-LEVEL1) [1]
292: (LOAD-GOODS2-TRUCK3-MARKET4-LEVEL0-LEVEL1-LEVEL0-LEVEL1) [1]
293: (UNLOAD-GOODS5-TRUCK1-DEPOT1-LEVEL0-LEVEL1-LEVEL4-LEVEL5) [1]
294: (UNLOAD-GOODS1-TRUCK1-DEPOT1-LEVEL0-LEVEL1-LEVEL1-LEVEL2) [1]
295: (DRIVE-TRUCK4-MARKET2-MARKET7) [1]
296: (DRIVE-TRUCK3-MARKET4-MARKET8) [1]
297: (DRIVE-TRUCK4-MARKET7-DEPOT3) [1]
298: (DRIVE-TRUCK3-MARKET8-DEPOT1) [1]
299: (UNLOAD-GOODS18-TRUCK3-DEPOT1-LEVEL0-LEVEL1-LEVEL1-LEVEL2) [1]
300: (UNLOAD-GOODS17-TRUCK3-DEPOT1-LEVEL0-LEVEL1-LEVEL2-LEVEL3) [1]
301: (UNLOAD-GOODS14-TRUCK3-DEPOT1-LEVEL0-LEVEL1-LEVEL3-LEVEL4) [1]
302: (UNLOAD-GOODS3-TRUCK3-DEPOT1-LEVEL0-LEVEL1-LEVEL3-LEVEL4) [1]
303: (UNLOAD-GOODS2-TRUCK3-DEPOT1-LEVEL0-LEVEL1-LEVEL3-LEVEL4) [1]
304: (UNLOAD-GOODS4-TRUCK3-DEPOT1-LEVEL0-LEVEL1-LEVEL2-LEVEL3) [1]
305: (DRIVE-TRUCK2-DEPOT3-MARKET7) [1]
306: (DRIVE-TRUCK2-MARKET7-MARKET2) [1]
307: (BUY-TRUCK2-GOODS4-MARKET2-LEVEL0-LEVEL1-LEVEL0-LEVEL1) [1]
308: (LOAD-GOODS12-TRUCK2-MARKET2-LEVEL0-LEVEL1-LEVEL0-LEVEL1) [1]
309: (LOAD-GOODS10-TRUCK2-MARKET2-LEVEL0-LEVEL1-LEVEL0-LEVEL1) [1]
310: (LOAD-GOODS15-TRUCK2-MARKET2-LEVEL0-LEVEL1-LEVEL0-LEVEL1) [1]
311: (LOAD-GOODS4-TRUCK2-MARKET2-LEVEL0-LEVEL1-LEVEL0-LEVEL1) [1]
312: (DRIVE-TRUCK2-MARKET2-MARKET7) [1]
313: (DRIVE-TRUCK2-MARKET7-DEPOT3) [1]
314: (UNLOAD-GOODS4-TRUCK2-DEPOT3-LEVEL0-LEVEL1-LEVEL3-LEVEL4) [1]
315: (UNLOAD-GOODS12-TRUCK2-DEPOT3-LEVEL0-LEVEL1-LEVEL2-LEVEL3) [1]
316: (UNLOAD-GOODS10-TRUCK2-DEPOT3-LEVEL0-LEVEL1-LEVEL2-LEVEL3) [1]
317: (UNLOAD-GOODS15-TRUCK2-DEPOT3-LEVEL0-LEVEL1-LEVEL3-LEVEL4) [1]
318: (DRIVE-TRUCK2-DEPOT3-MARKET7) [1]
319: (DRIVE-TRUCK1-DEPOT1-MARKET8) [1]
320: (DRIVE-TRUCK2-MARKET7-MARKET5) [1]
321: (DRIVE-TRUCK1-MARKET8-MARKET4) [1]
322: (DRIVE-TRUCK2-MARKET5-MARKET4) [1]
323: (BUY-TRUCK1-GOODS4-MARKET4-LEVEL0-LEVEL1-LEVEL0-LEVEL1) [1]
324: (LOAD-GOODS4-TRUCK2-MARKET4-LEVEL0-LEVEL1-LEVEL0-LEVEL1) [1]
325: (DRIVE-TRUCK2-MARKET4-MARKET8) [1]
326: (DRIVE-TRUCK2-MARKET8-DEPOT1) [1]
327: (UNLOAD-GOODS4-TRUCK2-DEPOT1-LEVEL0-LEVEL1-LEVEL4-LEVEL5) [1]

Valid plan : 328 actions.
Computed nodes : 17896
Evaluated nodes : 1247
Developed nodes : 10
Useful nodes : 9

Lookahead utility : 18.44 %
Preparation time : 0.59
Search time : 3.72
Total time : 4.31

__MEMKB 87936
