
Parsing domain file:  domain 'MYSTERY-STRIPS' defined ... done.
Parsing problem file:  problem 'STRIPS-MYSTY-X-13' defined ... done.



Modality: Fast Planner

Number of actions             :   17845
Number of conditional actions :       0
Number of facts               :    1427


Analyzing Planning Problem:
	Temporal Planning Problem: NO
	Numeric Planning Problem: NO
	Problem with Timed Initial Litearals: NO
	Problem with Derived Predicates: NO

Evaluation function weights:
     Action duration 0.00; Action cost 1.00


Computing mutex... done

Preprocessing total time: 1.22 seconds

Searching ('.' = every 50 search steps):
........... search limit exceeded. Restart.
............. search limit exceeded. Restart.
............... search limit exceeded. Restart.
.................. search limit exceeded. Restart.
..................... search limit exceeded. Restart.
........................ search limit exceeded. Restart.
............................ search limit exceeded. Restart.
................................. search limit exceeded. Restart.
...................................... search limit exceeded.

Searching ('.' = every 50 search steps):
. solution found: 

Plan computed:
   Time: (ACTION) [action Duration; action Cost]
 0.0000: (OVERCOME LACERATION-30 LOVE BAGUETTE VULCAN VENUS) [D:1.0000; C:1.0000]
 1.0000: (FEAST LOVE BAGUETTE LEMON ALSACE BAVARIA) [D:1.0000; C:1.0000]
 2.0000: (OVERCOME DEPRESSION-19 LOVE LEMON NEPTUNE VULCAN) [D:1.0000; C:1.0000]
 3.0000: (SUCCUMB DEPRESSION-19 LOVE LEMON NEPTUNE VULCAN) [D:1.0000; C:1.0000]
 4.0000: (OVERCOME LONELINESS-17 LOVE LEMON NEPTUNE VULCAN) [D:1.0000; C:1.0000]
 5.0000: (OVERCOME DEPRESSION-19 LOVE LEMON MARS NEPTUNE) [D:1.0000; C:1.0000]
 6.0000: (SUCCUMB LACERATION-30 LOVE LEMON MARS NEPTUNE) [D:1.0000; C:1.0000]
 7.0000: (SUCCUMB DEPRESSION-19 LOVE LEMON NEPTUNE VULCAN) [D:1.0000; C:1.0000]
 8.0000: (OVERCOME LACERATION-20 LOVE LEMON NEPTUNE VULCAN) [D:1.0000; C:1.0000]
 9.0000: (SUCCUMB LONELINESS-17 LOVE LEMON NEPTUNE VULCAN) [D:1.0000; C:1.0000]
 10.0000: (OVERCOME PROSTATITIS-18 LOVE LEMON NEPTUNE VULCAN) [D:1.0000; C:1.0000]
 11.0000: (OVERCOME LACERATION-30 LOVE LEMON MARS NEPTUNE) [D:1.0000; C:1.0000]
 12.0000: (SUCCUMB LACERATION-20 LOVE LEMON MARS NEPTUNE) [D:1.0000; C:1.0000]
 13.0000: (FEAST LOVE LEMON FLOUNDER BAVARIA QUEBEC) [D:1.0000; C:1.0000]
 14.0000: (FEAST LOVE FLOUNDER SCALLION BAVARIA QUEBEC) [D:1.0000; C:1.0000]
 15.0000: (SUCCUMB LACERATION-30 LOVE SCALLION NEPTUNE VULCAN) [D:1.0000; C:1.0000]
 16.0000: (FEAST LOVE SCALLION HAMBURGER OREGON ALSACE) [D:1.0000; C:1.0000]
 17.0000: (FEAST LOVE HAMBURGER PAPAYA ALSACE BAVARIA) [D:1.0000; C:1.0000]
 18.0000: (FEAST LOVE PAPAYA LOBSTER ALSACE BAVARIA) [D:1.0000; C:1.0000]
 19.0000: (SUCCUMB PROSTATITIS-18 LOVE LOBSTER VULCAN VENUS) [D:1.0000; C:1.0000]
 20.0000: (FEAST LOVE LOBSTER BAGUETTE OREGON ALSACE) [D:1.0000; C:1.0000]
 21.0000: (FEAST LOVE BAGUETTE LEMON OREGON ALSACE) [D:1.0000; C:1.0000]
 22.0000: (OVERCOME LACERATION-20 LOVE LEMON VULCAN VENUS) [D:1.0000; C:1.0000]
 23.0000: (FEAST LOVE LEMON ONION ALSACE BAVARIA) [D:1.0000; C:1.0000]
 24.0000: (FEAST LOVE ONION TURKEY OREGON ALSACE) [D:1.0000; C:1.0000]
 25.0000: (FEAST LOVE TURKEY POTATO ALSACE BAVARIA) [D:1.0000; C:1.0000]
 26.0000: (FEAST LOVE POTATO MUFFIN OREGON ALSACE) [D:1.0000; C:1.0000]
 27.0000: (FEAST LOVE MUFFIN HAM ALSACE BAVARIA) [D:1.0000; C:1.0000]
 28.0000: (SUCCUMB LACERATION-20 LOVE HAM VULCAN VENUS) [D:1.0000; C:1.0000]


Solution found:
Total time:      50.44
Search time:     49.22
Actions:         29
Execution cost:  29.00
Duration:        29.000
Plan quality:    29.000

__MEMKB 214272
