
Parsing domain file:  domain 'MYSTERY-STRIPS' defined ... done.
Parsing problem file:  problem 'STRIPS-MYSTY-X-17' defined ... done.



Modality: Fast Planner

Number of actions             :   16616
Number of conditional actions :       0
Number of facts               :     730


Analyzing Planning Problem:
	Temporal Planning Problem: NO
	Numeric Planning Problem: NO
	Problem with Timed Initial Litearals: NO
	Problem with Derived Predicates: NO

Evaluation function weights:
     Action duration 0.00; Action cost 1.00


Computing mutex... done

Preprocessing total time: 0.47 seconds

Searching ('.' = every 50 search steps):
 solution found: 

Plan computed:
   Time: (ACTION) [action Duration; action Cost]
 0.0000: (FEAST SATISFACTION POTATO YOGURT GUANABARA BOSNIA) [D:1.0000; C:1.0000]
 1.0000: (OVERCOME ABRASION SATISFACTION YOGURT MERCURY SATURN) [D:1.0000; C:1.0000]
 2.0000: (FEAST SATISFACTION YOGURT WONDERBREAD GUANABARA BOSNIA) [D:1.0000; C:1.0000]
 3.0000: (SUCCUMB ABRASION SATISFACTION WONDERBREAD MERCURY SATURN) [D:1.0000; C:1.0000]


Solution found:
Total time:      0.50
Search time:     0.03
Actions:         4
Execution cost:  4.00
Duration:        4.000
Plan quality:    4.000

__MEMKB 142976
