
Parsing domain file:  domain 'MYSTERY-STRIPS' defined ... done.
Parsing problem file:  problem 'STRIPS-MYSTY-X-30' defined ... done.



Modality: Fast Planner

Number of actions             :    4085
Number of conditional actions :       0
Number of facts               :     319


Analyzing Planning Problem:
	Temporal Planning Problem: NO
	Numeric Planning Problem: NO
	Problem with Timed Initial Litearals: NO
	Problem with Derived Predicates: NO

Evaluation function weights:
     Action duration 0.00; Action cost 1.00


Computing mutex... done

Preprocessing total time: 0.05 seconds

Searching ('.' = every 50 search steps):
.. solution found: 

Plan computed:
   Time: (ACTION) [action Duration; action Cost]
 0.0000: (FEAST ACHIEVEMENT GUAVA RICE ARIZONA OREGON) [D:1.0000; C:1.0000]
 0.0000: (FEAST TRIUMPH TURKEY MUFFIN SURREY PENNSYLVANIA) [D:1.0000; C:1.0000]
 0.0000: (FEAST INTOXICATION BEEF HOTDOG BOSNIA BAVARIA) [D:1.0000; C:1.0000]
 0.0000: (OVERCOME BOILS EXPECTATION HAMBURGER NEPTUNE VENUS) [D:1.0000; C:1.0000]
 1.0000: (FEAST ACHIEVEMENT RICE BAGUETTE ALSACE GUANABARA) [D:1.0000; C:1.0000]
 1.0000: (FEAST INTOXICATION HOTDOG MUTTON MORAVIA KENTUCKY) [D:1.0000; C:1.0000]
 1.0000: (FEAST EXPECTATION HAMBURGER HOTDOG BOSNIA BAVARIA) [D:1.0000; C:1.0000]
 2.0000: (OVERCOME DREAD ACHIEVEMENT BAGUETTE MARS VULCAN) [D:1.0000; C:1.0000]
 2.0000: (FEAST INTOXICATION MUTTON HOTDOG QUEBEC GOIAS) [D:1.0000; C:1.0000]
 3.0000: (FEAST ACHIEVEMENT BAGUETTE MUFFIN ALSACE GUANABARA) [D:1.0000; C:1.0000]
 3.0000: (FEAST INTOXICATION HOTDOG CUCUMBER BAVARIA MORAVIA) [D:1.0000; C:1.0000]
 4.0000: (SUCCUMB DREAD ACHIEVEMENT MUFFIN MARS VULCAN) [D:1.0000; C:1.0000]
 4.0000: (FEAST EXPECTATION HOTDOG MUTTON BOSNIA BAVARIA) [D:1.0000; C:1.0000]
 5.0000: (OVERCOME DREAD TRIUMPH MUFFIN MARS VULCAN) [D:1.0000; C:1.0000]
 5.0000: (SUCCUMB BOILS EXPECTATION MUTTON NEPTUNE VENUS) [D:1.0000; C:1.0000]
 6.0000: (FEAST TRIUMPH MUFFIN TURKEY ARIZONA OREGON) [D:1.0000; C:1.0000]
 7.0000: (FEAST TRIUMPH TURKEY CHICKEN MANITOBA SURREY) [D:1.0000; C:1.0000]
 8.0000: (FEAST TRIUMPH CHICKEN TURKEY MANITOBA SURREY) [D:1.0000; C:1.0000]
 9.0000: (FEAST TRIUMPH TURKEY CHICKEN GOIAS MANITOBA) [D:1.0000; C:1.0000]
 10.0000: (SUCCUMB DREAD TRIUMPH CHICKEN MARS VULCAN) [D:1.0000; C:1.0000]
 11.0000: (OVERCOME DREAD TRIUMPH CHICKEN MARS VULCAN) [D:1.0000; C:1.0000]
 12.0000: (SUCCUMB DREAD TRIUMPH CHICKEN MARS VULCAN) [D:1.0000; C:1.0000]
 13.0000: (OVERCOME DREAD TRIUMPH CHICKEN MARS VULCAN) [D:1.0000; C:1.0000]
 14.0000: (SUCCUMB DREAD TRIUMPH CHICKEN MARS VULCAN) [D:1.0000; C:1.0000]
 15.0000: (OVERCOME DREAD TRIUMPH CHICKEN MARS VULCAN) [D:1.0000; C:1.0000]
 16.0000: (SUCCUMB DREAD TRIUMPH CHICKEN MARS VULCAN) [D:1.0000; C:1.0000]
 17.0000: (OVERCOME DREAD TRIUMPH CHICKEN MARS VULCAN) [D:1.0000; C:1.0000]
 18.0000: (FEAST TRIUMPH CHICKEN MUTTON GOIAS MANITOBA) [D:1.0000; C:1.0000]
 19.0000: (SUCCUMB DREAD TRIUMPH MUTTON MARS VULCAN) [D:1.0000; C:1.0000]


Solution found:
Total time:      0.16
Search time:     0.11
Actions:         29
Execution cost:  29.00
Duration:        20.000
Plan quality:    29.000

__MEMKB 115328
