
Parsing domain file:  domain 'MYSTERY-STRIPS' defined ... done.
Parsing problem file:  problem 'STRIPS-MYSTY-X-1' defined ... done.



Modality: Fast Planner

Number of actions             :     151
Number of conditional actions :       0
Number of facts               :      58


Analyzing Planning Problem:
	Temporal Planning Problem: NO
	Numeric Planning Problem: NO
	Problem with Timed Initial Litearals: NO
	Problem with Derived Predicates: NO

Evaluation function weights:
     Action duration 0.00; Action cost 1.00


Computing mutex... done

Preprocessing total time: 0.00 seconds

Searching ('.' = every 50 search steps):
 solution found: 

Plan computed:
   Time: (ACTION) [action Duration; action Cost]
 0.0000: (OVERCOME ABRASION REST PORK URANUS VENUS) [D:1.0000; C:1.0000]
 1.0000: (FEAST REST PORK LAMB ALSACE QUEBEC) [D:1.0000; C:1.0000]
 2.0000: (FEAST REST LAMB FLOUNDER SURREY PENNSYLVANIA) [D:1.0000; C:1.0000]
 3.0000: (FEAST REST FLOUNDER RICE PENNSYLVANIA ALSACE) [D:1.0000; C:1.0000]
 4.0000: (SUCCUMB ABRASION REST RICE URANUS VENUS) [D:1.0000; C:1.0000]


Solution found:
Total time:      0.01
Search time:     0.01
Actions:         5
Execution cost:  5.00
Duration:        5.000
Plan quality:    5.000

__MEMKB 109824
