
Parsing domain file:  domain 'MYSTERY-STRIPS' defined ... done.
Parsing problem file:  problem 'STRIPS-MYSTY-X-27' defined ... done.



Modality: Fast Planner

Number of actions             :    1161
Number of conditional actions :       0
Number of facts               :     152


Analyzing Planning Problem:
	Temporal Planning Problem: NO
	Numeric Planning Problem: NO
	Problem with Timed Initial Litearals: NO
	Problem with Derived Predicates: NO

Evaluation function weights:
     Action duration 0.00; Action cost 1.00


Computing mutex... done

Preprocessing total time: 0.01 seconds

Searching ('.' = every 50 search steps):
........... search limit exceeded. Restart.
............. search limit exceeded. Restart.
............... search limit exceeded. Restart.
.................. search limit exceeded. Restart.
. solution found: 

Plan computed:
   Time: (ACTION) [action Duration; action Cost]
 0.0000: (OVERCOME GRIEF SATISFACTION SCALLION MARS URANUS) [D:1.0000; C:1.0000]
 1.0000: (OVERCOME BOILS SATISFACTION SCALLION MERCURY MARS) [D:1.0000; C:1.0000]
 2.0000: (SUCCUMB BOILS SATISFACTION SCALLION MERCURY MARS) [D:1.0000; C:1.0000]
 3.0000: (OVERCOME BOILS SATISFACTION SCALLION MERCURY MARS) [D:1.0000; C:1.0000]
 4.0000: (SUCCUMB GRIEF SATISFACTION SCALLION MERCURY MARS) [D:1.0000; C:1.0000]
 5.0000: (OVERCOME GRIEF SATISFACTION SCALLION MERCURY MARS) [D:1.0000; C:1.0000]
 6.0000: (SUCCUMB GRIEF SATISFACTION SCALLION MERCURY MARS) [D:1.0000; C:1.0000]
 7.0000: (SUCCUMB BOILS SATISFACTION SCALLION MARS URANUS) [D:1.0000; C:1.0000]
 8.0000: (OVERCOME LONELINESS SATISFACTION SCALLION MARS URANUS) [D:1.0000; C:1.0000]
 9.0000: (OVERCOME BOILS SATISFACTION SCALLION MERCURY MARS) [D:1.0000; C:1.0000]
 10.0000: (SUCCUMB LONELINESS SATISFACTION SCALLION MERCURY MARS) [D:1.0000; C:1.0000]
 11.0000: (SUCCUMB BOILS SATISFACTION SCALLION MARS URANUS) [D:1.0000; C:1.0000]
 12.0000: (OVERCOME GRIEF SATISFACTION SCALLION MARS URANUS) [D:1.0000; C:1.0000]
 13.0000: (OVERCOME LONELINESS SATISFACTION SCALLION MERCURY MARS) [D:1.0000; C:1.0000]
 14.0000: (SUCCUMB LONELINESS SATISFACTION SCALLION MERCURY MARS) [D:1.0000; C:1.0000]
 15.0000: (OVERCOME LONELINESS SATISFACTION SCALLION MERCURY MARS) [D:1.0000; C:1.0000]
 16.0000: (SUCCUMB GRIEF SATISFACTION SCALLION MERCURY MARS) [D:1.0000; C:1.0000]
 17.0000: (OVERCOME BOILS SATISFACTION SCALLION MERCURY MARS) [D:1.0000; C:1.0000]
 18.0000: (SUCCUMB LONELINESS SATISFACTION SCALLION MERCURY MARS) [D:1.0000; C:1.0000]
 19.0000: (OVERCOME GRIEF SATISFACTION SCALLION MERCURY MARS) [D:1.0000; C:1.0000]
 20.0000: (FEAST SATISFACTION SCALLION GUAVA ARIZONA PENNSYLVANIA) [D:1.0000; C:1.0000]
 21.0000: (SUCCUMB GRIEF SATISFACTION GUAVA MERCURY MARS) [D:1.0000; C:1.0000]
 22.0000: (SUCCUMB BOILS SATISFACTION GUAVA MARS URANUS) [D:1.0000; C:1.0000]


Solution found:
Total time:      5.03
Search time:     5.02
Actions:         23
Execution cost:  23.00
Duration:        23.000
Plan quality:    23.000

__MEMKB 117632
