
Parsing domain file:  domain 'MYSTERY-STRIPS' defined ... done.
Parsing problem file:  problem 'STRIPS-MYSTY-X-20' defined ... done.



Modality: Fast Planner

Number of actions             :    7094
Number of conditional actions :       0
Number of facts               :     462


Analyzing Planning Problem:
	Temporal Planning Problem: NO
	Numeric Planning Problem: NO
	Problem with Timed Initial Litearals: NO
	Problem with Derived Predicates: NO

Evaluation function weights:
     Action duration 0.00; Action cost 1.00


Computing mutex... done

Preprocessing total time: 0.10 seconds

Searching ('.' = every 50 search steps):
 solution found: 

Plan computed:
   Time: (ACTION) [action Duration; action Cost]
 0.0000: (OVERCOME ABRASION INTOXICATION WONDERBREAD NEPTUNE VENUS) [D:1.0000; C:1.0000]
 0.0000: (OVERCOME DREAD TRIUMPH YOGURT NEPTUNE VENUS) [D:1.0000; C:1.0000]
 1.0000: (FEAST INTOXICATION WONDERBREAD YOGURT MORAVIA BOSNIA) [D:1.0000; C:1.0000]
 2.0000: (SUCCUMB ABRASION INTOXICATION YOGURT NEPTUNE VENUS) [D:1.0000; C:1.0000]
 3.0000: (OVERCOME ABRASION TRIUMPH YOGURT SATURN NEPTUNE) [D:1.0000; C:1.0000]
 4.0000: (FEAST TRIUMPH YOGURT TUNA GOIAS ARIZONA) [D:1.0000; C:1.0000]
 5.0000: (FEAST TRIUMPH TUNA TURKEY GOIAS ARIZONA) [D:1.0000; C:1.0000]
 6.0000: (FEAST TRIUMPH TURKEY CHERRY QUEBEC ALSACE) [D:1.0000; C:1.0000]
 7.0000: (FEAST TRIUMPH CHERRY PEPPER BOSNIA GOIAS) [D:1.0000; C:1.0000]
 8.0000: (SUCCUMB ABRASION TRIUMPH PEPPER SATURN NEPTUNE) [D:1.0000; C:1.0000]


Solution found:
Total time:      0.12
Search time:     0.02
Actions:         10
Execution cost:  10.00
Duration:        9.000
Plan quality:    10.000

__MEMKB 119936
