
Parsing domain file:  domain 'MYSTERY-STRIPS' defined ... done.
Parsing problem file:  problem 'STRIPS-MYSTY-X-11' defined ... done.



Modality: Fast Planner

Number of actions             :     310
Number of conditional actions :       0
Number of facts               :     110


Analyzing Planning Problem:
	Temporal Planning Problem: NO
	Numeric Planning Problem: NO
	Problem with Timed Initial Litearals: NO
	Problem with Derived Predicates: NO

Evaluation function weights:
     Action duration 0.00; Action cost 1.00


Computing mutex... done

Preprocessing total time: 0.01 seconds

Searching ('.' = every 50 search steps):
 solution found: 

Plan computed:
   Time: (ACTION) [action Duration; action Cost]
 0.0000: (OVERCOME LACERATION LUBRICITY PEAR URANUS SATURN) [D:1.0000; C:1.0000]
 1.0000: (FEAST LUBRICITY PEAR CHERRY QUEBEC BOSNIA) [D:1.0000; C:1.0000]
 2.0000: (FEAST LUBRICITY CHERRY CHICKEN BOSNIA SURREY) [D:1.0000; C:1.0000]
 3.0000: (FEAST LUBRICITY CHICKEN SHRIMP MANITOBA KENTUCKY) [D:1.0000; C:1.0000]
 4.0000: (SUCCUMB LACERATION LUBRICITY SHRIMP URANUS SATURN) [D:1.0000; C:1.0000]
 5.0000: (FEAST LUBRICITY SHRIMP CHICKEN SURREY MANITOBA) [D:1.0000; C:1.0000]
 6.0000: (FEAST LUBRICITY CHICKEN TOMATO SURREY MANITOBA) [D:1.0000; C:1.0000]
 7.0000: (FEAST LUBRICITY TOMATO SWEETROLL QUEBEC BOSNIA) [D:1.0000; C:1.0000]
 8.0000: (OVERCOME LONELINESS LUBRICITY SWEETROLL URANUS SATURN) [D:1.0000; C:1.0000]
 9.0000: (FEAST LUBRICITY SWEETROLL TOMATO ALSACE QUEBEC) [D:1.0000; C:1.0000]
 10.0000: (FEAST LUBRICITY TOMATO CHICKEN ALSACE QUEBEC) [D:1.0000; C:1.0000]
 11.0000: (FEAST LUBRICITY CHICKEN SHRIMP BOSNIA SURREY) [D:1.0000; C:1.0000]
 12.0000: (SUCCUMB LONELINESS LUBRICITY SHRIMP URANUS SATURN) [D:1.0000; C:1.0000]


Solution found:
Total time:      0.01
Search time:     0.00
Actions:         13
Execution cost:  13.00
Duration:        13.000
Plan quality:    13.000

__MEMKB 110464
