#
# (C) Copyright 2008, University of Illinois, Urbana-Champaign
#
# All rights reserved. Use of this software is permitted ONLY for
# non-commercial research purposes, and it may be copied only
# for that use only. All copies must include this copyright message.
# This software is made available AS IS, and neither the authors
# nor the University of Illinois, make any warranty about the
# software or its performance.
#

Parsing domain file
 domain 'PIPESWORLD_STRIPS' defined
Parsing problem file
 problem 'P10-NET1-B14-G8_RT0_INSTANCE' defined



Starting SGPlan search ...

Solution found.

; Time 0.11
; ParsingTime 0.00
; NrActions 30
; MakeSpan
; MetricValue
; PlanningTechnique Modified-FF(enforced hill-climbing search) as the subplanner

0.001: (POP-UNITARYPIPE S12 B10 A1 A2 B2 OCA1 GASOLEO TA1-1-GASOLEO TA2-2-OCA1) [1]
1.002: (POP-UNITARYPIPE S12 B1 A1 A2 B10 LCO OCA1 TA1-2-OCA1 TA2-3-LCO) [1]
2.003: (POP-UNITARYPIPE S12 B9 A1 A2 B1 RAT-A LCO TA1-3-LCO TA2-2-RAT-A) [1]
3.004: (PUSH-UNITARYPIPE S13 B0 A1 A3 B7 LCO OCA1 TA1-3-LCO TA3-2-OCA1) [1]
4.005: (POP-UNITARYPIPE S13 B12 A1 A3 B0 RAT-A LCO TA1-3-LCO TA3-2-RAT-A) [1]
5.006: (POP-UNITARYPIPE S13 B8 A1 A3 B12 RAT-A RAT-A TA1-2-RAT-A TA3-1-RAT-A) [1]
6.007: (POP-UNITARYPIPE S12 B4 A1 A2 B9 LCO RAT-A TA1-1-RAT-A TA2-2-LCO) [1]
7.008: (PUSH-UNITARYPIPE S13 B9 A1 A3 B8 RAT-A RAT-A TA1-2-RAT-A TA3-2-RAT-A) [1]
8.009: (POP-UNITARYPIPE S12 B6 A1 A2 B4 LCO LCO TA1-2-LCO TA2-1-LCO) [1]
9.010: (PUSH-UNITARYPIPE S13 B1 A1 A3 B9 LCO RAT-A TA1-3-LCO TA3-1-RAT-A) [1]
10.011: (PUSH-UNITARYPIPE S12 B12 A1 A2 B6 RAT-A LCO TA1-1-RAT-A TA2-3-LCO) [1]
11.012: (POP-UNITARYPIPE S13 B8 A1 A3 B1 RAT-A LCO TA1-3-LCO TA3-2-RAT-A) [1]
12.013: (POP-UNITARYPIPE S13 B9 A1 A3 B8 RAT-A RAT-A TA1-2-RAT-A TA3-1-RAT-A) [1]
13.014: (PUSH-UNITARYPIPE S13 B1 A1 A3 B9 LCO RAT-A TA1-3-LCO TA3-2-RAT-A) [1]
14.015: (PUSH-UNITARYPIPE S13 B10 A1 A3 B1 OCA1 LCO TA1-2-OCA1 TA3-3-LCO) [1]
15.016: (PUSH-UNITARYPIPE S12 B8 A1 A2 B12 RAT-A RAT-A TA1-2-RAT-A TA2-2-RAT-A) [1]
16.017: (PUSH-UNITARYPIPE S13 B2 A1 A3 B10 GASOLEO OCA1 TA1-1-GASOLEO TA3-1-OCA1) [1]
17.018: (POP-UNITARYPIPE S12 B6 A1 A2 B8 LCO RAT-A TA1-2-RAT-A TA2-3-LCO) [1]
18.019: (POP-UNITARYPIPE S12 B5 A1 A2 B6 OCA1 LCO TA1-3-LCO TA2-1-OCA1) [1]
19.020: (POP-UNITARYPIPE S12 B11 A1 A2 B5 GASOLEO OCA1 TA1-2-OCA1 TA2-1-GASOLEO) [1]
20.021: (PUSH-UNITARYPIPE S12 B0 A1 A2 B11 LCO GASOLEO TA1-3-LCO TA2-1-GASOLEO) [1]
21.022: (PUSH-UNITARYPIPE S12 B8 A1 A2 B0 RAT-A LCO TA1-2-RAT-A TA2-3-LCO) [1]
22.023: (POP-UNITARYPIPE S12 B12 A1 A2 B8 RAT-A RAT-A TA1-2-RAT-A TA2-2-RAT-A) [1]
23.024: (PUSH-UNITARYPIPE S12 B4 A1 A2 B12 LCO RAT-A TA1-2-LCO TA2-2-RAT-A) [1]
24.025: (PUSH-UNITARYPIPE S12 B8 A1 A2 B4 RAT-A LCO TA1-2-RAT-A TA2-2-LCO) [1]
25.026: (POP-UNITARYPIPE S12 B13 A1 A2 B8 RAT-A RAT-A TA1-2-RAT-A TA2-2-RAT-A) [1]
26.027: (POP-UNITARYPIPE S12 B4 A1 A2 B13 LCO RAT-A TA1-1-RAT-A TA2-3-LCO) [1]
27.028: (POP-UNITARYPIPE S12 B0 A1 A2 B4 LCO LCO TA1-3-LCO TA2-2-LCO) [1]
28.029: (PUSH-UNITARYPIPE S12 B8 A1 A2 B0 RAT-A LCO TA1-2-RAT-A TA2-3-LCO) [1]
29.030: (PUSH-UNITARYPIPE S12 B13 A1 A2 B8 RAT-A RAT-A TA1-1-RAT-A TA2-2-RAT-A) [1]
__MEMKB 11276
