
ff: parsing domain file
domain 'DEPOT' defined
 ... done.
ff: parsing problem file
problem 'DEPOTPROB4534' defined
 ... done.


got 628 facts

Cueing down from goal distance:   51 into depth [1]
                                  50            [1]
                                  49            [1]
                                  48            [1]
                                  47            [1]
                                  46            [1][2][3]
                                  45            [1][2]
                                  44            [1][2][3]
                                  43            [1]
                                  42            [1][2]
                                  41            [1][2][3][4]
                                  40            [1][2][3]
                                  39            [1][2][3]
                                  38            [1][2][3][4]
                                  37            [1]
                                  36            [1]
                                  35            [1]
                                  34            [1]
                                  33            [1]
                                  32            [1]
                                  31            [1]
                                  30            [1]
                                  29            [1]
                                  28            [1][2][3][4]
                                  26            [1]
                                  25            [1]
                                  24            [1]
                                  23            [1]
                                  22            [1]
                                  21            [1]
                                  20            [1]
                                  19            [1]
                                  18            [1][2][3][4][5][6][7][8]
                                  17            [1][2][3]
                                  16            [1][2][3][4][5][6][7]
                                  15            [1]
                                  14            [1]
                                  13            [1]
                                  12            [1][2]
                                  11            [1]
                                  10            [1][2][3][4]
                                   8            [1]
                                   7            [1]
                                   6            [1]
                                   5            [1]
                                   4            [1]
                                   3            [1]
                                   2            [1]
                                   1            [1]
                                   0            

ff: found legal plan as follows

step    0: DRIVE TRUCK1 DISTRIBUTOR2 DISTRIBUTOR1
        1: LIFT HOIST3 CRATE9 PALLET7 DISTRIBUTOR0
        2: LIFT HOIST1 CRATE4 PALLET6 DEPOT1
        3: LIFT HOIST4 CRATE12 CRATE10 DISTRIBUTOR1
        4: LOAD HOIST4 CRATE12 TRUCK1 DISTRIBUTOR1
        5: DRIVE TRUCK1 DISTRIBUTOR1 DISTRIBUTOR0
        6: LOAD HOIST3 CRATE9 TRUCK1 DISTRIBUTOR0
        7: LIFT HOIST3 CRATE8 PALLET3 DISTRIBUTOR0
        8: DRIVE TRUCK1 DISTRIBUTOR0 DISTRIBUTOR1
        9: LIFT HOIST4 CRATE10 CRATE1 DISTRIBUTOR1
       10: LOAD HOIST4 CRATE10 TRUCK0 DISTRIBUTOR1
       11: DRIVE TRUCK0 DISTRIBUTOR1 DISTRIBUTOR2
       12: LIFT HOIST4 CRATE1 PALLET4 DISTRIBUTOR1
       13: UNLOAD HOIST5 CRATE10 TRUCK0 DISTRIBUTOR2
       14: LOAD HOIST4 CRATE1 TRUCK1 DISTRIBUTOR1
       15: DRIVE TRUCK1 DISTRIBUTOR1 DISTRIBUTOR2
       16: LOAD HOIST5 CRATE10 TRUCK0 DISTRIBUTOR2
       17: LIFT HOIST5 CRATE11 CRATE5 DISTRIBUTOR2
       18: LOAD HOIST5 CRATE11 TRUCK0 DISTRIBUTOR2
       19: DROP HOIST3 CRATE8 PALLET7 DISTRIBUTOR0
       20: DRIVE TRUCK1 DISTRIBUTOR2 DEPOT1
       21: DROP HOIST1 CRATE4 PALLET6 DEPOT1
       22: DRIVE TRUCK0 DISTRIBUTOR2 DEPOT1
       23: UNLOAD HOIST1 CRATE10 TRUCK0 DEPOT1
       24: DROP HOIST1 CRATE10 CRATE7 DEPOT1
       25: UNLOAD HOIST1 CRATE9 TRUCK1 DEPOT1
       26: DRIVE TRUCK1 DEPOT1 DEPOT2
       27: LIFT HOIST2 CRATE13 CRATE3 DEPOT2
       28: DROP HOIST2 CRATE13 PALLET2 DEPOT2
       29: LIFT HOIST2 CRATE3 CRATE2 DEPOT2
       30: LOAD HOIST2 CRATE3 TRUCK1 DEPOT2
       31: LIFT HOIST2 CRATE2 PALLET8 DEPOT2
       32: LOAD HOIST2 CRATE2 TRUCK1 DEPOT2
       33: DRIVE TRUCK1 DEPOT2 DEPOT0
       34: UNLOAD HOIST0 CRATE2 TRUCK1 DEPOT0
       35: DRIVE TRUCK1 DEPOT0 DISTRIBUTOR2
       36: DROP HOIST0 CRATE2 PALLET0 DEPOT0
       37: LIFT HOIST2 CRATE13 PALLET2 DEPOT2
       38: DROP HOIST2 CRATE13 PALLET8 DEPOT2
       39: LIFT HOIST5 CRATE5 CRATE0 DISTRIBUTOR2
       40: LOAD HOIST5 CRATE5 TRUCK1 DISTRIBUTOR2
       41: LIFT HOIST5 CRATE0 PALLET5 DISTRIBUTOR2
       42: LOAD HOIST5 CRATE0 TRUCK1 DISTRIBUTOR2
       43: UNLOAD HOIST5 CRATE5 TRUCK1 DISTRIBUTOR2
       44: DROP HOIST5 CRATE5 PALLET5 DISTRIBUTOR2
       45: UNLOAD HOIST5 CRATE12 TRUCK1 DISTRIBUTOR2
       46: DRIVE TRUCK1 DISTRIBUTOR2 DISTRIBUTOR0
       47: UNLOAD HOIST3 CRATE0 TRUCK1 DISTRIBUTOR0
       48: DRIVE TRUCK1 DISTRIBUTOR0 DEPOT1
       49: DROP HOIST3 CRATE0 CRATE8 DISTRIBUTOR0
       50: DROP HOIST5 CRATE12 CRATE5 DISTRIBUTOR2
       51: LOAD HOIST1 CRATE9 TRUCK0 DEPOT1
       52: LIFT HOIST1 CRATE10 CRATE7 DEPOT1
       53: LOAD HOIST1 CRATE10 TRUCK0 DEPOT1
       54: LIFT HOIST1 CRATE7 CRATE6 DEPOT1
       55: LOAD HOIST1 CRATE7 TRUCK1 DEPOT1
       56: DRIVE TRUCK1 DEPOT1 DISTRIBUTOR1
       57: UNLOAD HOIST4 CRATE7 TRUCK1 DISTRIBUTOR1
       58: DROP HOIST4 CRATE7 PALLET4 DISTRIBUTOR1
       59: UNLOAD HOIST1 CRATE10 TRUCK0 DEPOT1
       60: DROP HOIST1 CRATE10 CRATE6 DEPOT1
       61: LIFT HOIST1 CRATE4 PALLET6 DEPOT1
       62: LOAD HOIST1 CRATE4 TRUCK0 DEPOT1
       63: DRIVE TRUCK0 DEPOT1 DISTRIBUTOR1
       64: UNLOAD HOIST4 CRATE4 TRUCK0 DISTRIBUTOR1
       65: DROP HOIST4 CRATE4 CRATE7 DISTRIBUTOR1
       66: UNLOAD HOIST4 CRATE9 TRUCK0 DISTRIBUTOR1
       67: DRIVE TRUCK1 DISTRIBUTOR1 DEPOT1
       68: UNLOAD HOIST1 CRATE1 TRUCK1 DEPOT1
       69: DROP HOIST4 CRATE9 CRATE4 DISTRIBUTOR1
       70: UNLOAD HOIST4 CRATE11 TRUCK0 DISTRIBUTOR1
       71: DRIVE TRUCK0 DISTRIBUTOR1 DEPOT1
       72: DROP HOIST4 CRATE11 CRATE9 DISTRIBUTOR1
       73: LOAD HOIST1 CRATE1 TRUCK0 DEPOT1
       74: LIFT HOIST1 CRATE10 CRATE6 DEPOT1
       75: LOAD HOIST1 CRATE10 TRUCK0 DEPOT1
       76: DRIVE TRUCK0 DEPOT1 DISTRIBUTOR1
       77: UNLOAD HOIST4 CRATE10 TRUCK0 DISTRIBUTOR1
       78: DROP HOIST4 CRATE10 CRATE11 DISTRIBUTOR1
       79: UNLOAD HOIST4 CRATE1 TRUCK0 DISTRIBUTOR1
       80: DROP HOIST4 CRATE1 CRATE10 DISTRIBUTOR1
       81: LIFT HOIST1 CRATE6 PALLET1 DEPOT1
       82: DROP HOIST1 CRATE6 PALLET6 DEPOT1
       83: UNLOAD HOIST1 CRATE3 TRUCK1 DEPOT1
       84: DROP HOIST1 CRATE3 PALLET1 DEPOT1
     

time spent:    0.00 seconds instantiating 29232 easy, 0 hard action templates
               0.00 seconds reachability analysis, yielding 644 facts and 4182 actions
               0.00 seconds creating final representation with 628 relevant facts
               0.00 seconds building connectivity graph
               3.43 seconds searching, evaluating 22421 states, to a max depth of 8
               3.43 seconds total time

__MEMKB 30080
