
ff: parsing domain file
domain 'BLOCKS' defined
 ... done.
ff: parsing problem file
problem 'BLOCKS-9-1' defined
 ... done.


got 109 facts

Cueing down from goal distance:    5 into depth [1][2]
                                   4            [1][2][3][4]
                                   3            [1][2]
                                   2            [1]
                                   1            [1]
                                   0            

Cueing down from goal distance:    2 into depth [1]
                                   1            [1]
                                   0            

Cueing down from goal distance:    6 into depth [1][2][3][4][5][6][7][8]
                                   5            [1]
                                   4            [1]
                                   3            [1][2]
                                   2            [1]
                                   1            [1]
                                   0            

Cueing down from goal distance:    2 into depth [1]
                                   1            [1]
                                   0            

Cueing down from goal distance:    2 into depth [1]
                                   1            [1]
                                   0            

Cueing down from goal distance:    2 into depth [1]
                                   1            [1]
                                   0            

Cueing down from goal distance:    2 into depth [1]
                                   1            [1]
                                   0            

Cueing down from goal distance:    2 into depth [1]
                                   1            [1]
                                   0            

ff: found legal plan as follows

step    0: UNSTACK F E
        1: PUT-DOWN F
        2: UNSTACK E B
        3: PUT-DOWN E
        4: UNSTACK B D
        5: PUT-DOWN B
        6: UNSTACK D C
        7: PUT-DOWN D
        8: UNSTACK C I
        9: PUT-DOWN C
       10: PICK-UP E
       11: STACK E C
       12: PICK-UP F
       13: STACK F E
       14: UNSTACK I G
       15: PUT-DOWN I
       16: UNSTACK G H
       17: STACK G F
       18: UNSTACK H A
       19: STACK H G
       20: PICK-UP B
       21: STACK B H
       22: PICK-UP A
       23: STACK A B
       24: PICK-UP I
       25: STACK I A
       26: PICK-UP D
       27: STACK D I
     

time spent:    0.00 seconds instantiating 180 easy, 0 hard action templates
               0.00 seconds reachability analysis, yielding 109 facts and 180 actions
               0.00 seconds creating final representation with 109 relevant facts
               0.00 seconds building connectivity graph
               0.00 seconds searching, evaluating 189 states, to a max depth of 8
               0.00 seconds total time

__MEMKB 3840
