
ff: parsing domain file
domain 'BLOCKS' defined
 ... done.
ff: parsing problem file
problem 'BLOCKS-10-1' defined
 ... done.


got 131 facts

Cueing down from goal distance:    5 into depth [1][2]
                                   4            [1][2][3][4]
                                   3            [1][2]
                                   2            [1]
                                   1            [1]
                                   0            

Cueing down from goal distance:    4 into depth [1][2]
                                   3            [1][2]
                                   2            [1]
                                   1            [1]
                                   0            

Cueing down from goal distance:    2 into depth [1]
                                   1            [1]
                                   0            

Cueing down from goal distance:    6 into depth [1][2][3][4][5][6][7][8][9][10][11]
                                   5            [1][2][3]
                                   4            [1]
                                   3            [1][2][3]
                                   2            [1]
                                   1            [1]
                                   0            

Cueing down from goal distance:    2 into depth [1]
                                   1            [1]
                                   0            

Cueing down from goal distance:    2 into depth [1]
                                   1            [1]
                                   0            

Cueing down from goal distance:    2 into depth [1]
                                   1            [1]
                                   0            

Cueing down from goal distance:    2 into depth [1]
                                   1            [1]
                                   0            

Cueing down from goal distance:    2 into depth [1]
                                   1            [1]
                                   0            

ff: found legal plan as follows

step    0: UNSTACK C G
        1: PUT-DOWN C
        2: UNSTACK G E
        3: PUT-DOWN G
        4: UNSTACK E I
        5: PUT-DOWN E
        6: UNSTACK I J
        7: PUT-DOWN I
        8: PICK-UP G
        9: STACK G J
       10: UNSTACK F D
       11: PUT-DOWN F
       12: UNSTACK D H
       13: PUT-DOWN D
       14: UNSTACK G J
       15: PUT-DOWN G
       16: UNSTACK J A
       17: PUT-DOWN J
       18: PICK-UP G
       19: STACK G J
       20: UNSTACK A B
       21: PUT-DOWN A
       22: PICK-UP H
       23: STACK H G
       24: PICK-UP E
       25: STACK E H
       26: PICK-UP A
       27: STACK A E
       28: PICK-UP I
       29: STACK I A
       30: PICK-UP F
       31: STACK F I
       32: PICK-UP D
       33: STACK D F
       34: PICK-UP B
       35: STACK B D
       36: PICK-UP C
       37: STACK C B
     

time spent:    0.00 seconds instantiating 220 easy, 0 hard action templates
               0.00 seconds reachability analysis, yielding 131 facts and 220 actions
               0.00 seconds creating final representation with 131 relevant facts
               0.00 seconds building connectivity graph
               0.06 seconds searching, evaluating 8726 states, to a max depth of 11
               0.06 seconds total time

__MEMKB 8192
