
ff: parsing domain file
domain 'BLOCKS' defined
 ... done.
ff: parsing problem file
problem 'BLOCKS-5-2' defined
 ... done.


got 41 facts

Cueing down from goal distance:    4 into depth [1][2]
                                   3            [1][2][3][4]
                                   2            [1]
                                   1            [1]
                                   0            

Cueing down from goal distance:    4 into depth [1][2][3][4][5]
                                   3            [1][2][3]
                                   2            [1]
                                   1            [1]
                                   0            

Cueing down from goal distance:    2 into depth [1]
                                   1            [1]
                                   0            

Cueing down from goal distance:    2 into depth [1]
                                   1            [1]
                                   0            

ff: found legal plan as follows

step    0: UNSTACK D E
        1: PUT-DOWN D
        2: UNSTACK E C
        3: PUT-DOWN E
        4: UNSTACK C A
        5: PUT-DOWN C
        6: UNSTACK A B
        7: PUT-DOWN A
        8: PICK-UP E
        9: STACK E A
       10: PICK-UP B
       11: STACK B E
       12: PICK-UP C
       13: STACK C B
       14: PICK-UP D
       15: STACK D C
     

time spent:    0.00 seconds instantiating 60 easy, 0 hard action templates
               0.00 seconds reachability analysis, yielding 41 facts and 60 actions
               0.00 seconds creating final representation with 41 relevant facts
               0.00 seconds building connectivity graph
               0.00 seconds searching, evaluating 51 states, to a max depth of 5
               0.00 seconds total time

__MEMKB 3072
