MaxPlanII beta.

bb: parsing domain file
domain 'GROUNDED-PATHWAYS-PROPOSITIONAL' defined
 ... done.
bb: parsing problem file
problem 'GROUNDED-PATHWAYS-09' defined
 ... done.


******  Solve with 1 layers Start******

creating action-based encoding:
        building rplan graph layers, up to layer [1];
        goal constraints;

no achiever in for goal?? deadline too low!#001


******  Solve with 2 layers Start******

creating action-based encoding:
        building rplan graph layers, up to layer [2];
        goal constraints;

no achiever in for goal?? deadline too low!#001


******  Solve with 3 layers Start******

creating action-based encoding:
        building rplan graph layers, up to layer [3];
        goal constraints;

no achiever in for goal?? deadline too low!#001


******  Solve with 4 layers Start******

creating action-based encoding:
        building rplan graph layers, up to layer [4];
        goal constraints;

no achiever in for goal?? deadline too low!#001


******  Solve with 5 layers Start******

creating action-based encoding:
        building rplan graph layers, up to layer [5];
        goal constraints;

no achiever in for goal?? deadline too low!#001


******  Solve with 6 layers Start******

creating action-based encoding:
        building rplan graph layers, up to layer [6];
        goal constraints;

no achiever in for goal?? deadline too low!#001


******  Solve with 7 layers Start******

creating action-based encoding:
        building rplan graph layers, up to layer [7];
        goal constraints;

no achiever in for goal?? deadline too low!#001


******  Solve with 8 layers Start******

creating action-based encoding:
        building rplan graph layers, up to layer [8];
        goal constraints;
        building exclusion constraints --> up to layer 8...

DECISION LAYER 8, WRITING ACTION-BASED ENCODING WITH 4487 VARS, 123885 CLAUSES.
13 G clauses, 6799 A clauses, 117073 E clauses.c CNF file planning task -p , -o /home/matheus/repo/acervo-2010/planejadores_analise_resultados/comp/pathways/Strips/domain_p09.pddl, -f /home/matheus/repo/acervo-2010/planejadores_analise_resultados/comp/pathways/Strips/p09.pddl, bound 8, action based encoding
In building up solver: p cnf 4487 123885
==================================[ MINISAT ]===================================
| Conflicts |     ORIGINAL     |              LEARNT              | Progress |
|           | Clauses Literals |   Limit Clauses Literals  Lit/Cl |          |
==============================================================================
|         0 |  123872   318267 |   41290       0        0     0.0 |  0.000 % |
==============================================================================
Totoal time used by londex constraint checking is [B0.000000][L0.000000],apply counts 7, apply_generated 0
restarts          :            1
conflicts         :            3           (      inf / sec      )
decisions         :            2           (      inf / sec      )
propagations      :          786           (      inf / sec      )
inspects          :          986           (      inf / sec      )
conflict literals :            2           (     0.00 % deleted  )
CPU time          :         0.00 sec
UNSATISFIABLE

******  Solve with 9 layers Start******

creating action-based encoding:
        building rplan graph layers, up to layer [9];
        goal constraints;
        building exclusion constraints --> up to layer 9...

DECISION LAYER 9, WRITING ACTION-BASED ENCODING WITH 5469 VARS, 157608 CLAUSES.
13 G clauses, 8376 A clauses, 149219 E clauses.c CNF file planning task -p , -o /home/matheus/repo/acervo-2010/planejadores_analise_resultados/comp/pathways/Strips/domain_p09.pddl, -f /home/matheus/repo/acervo-2010/planejadores_analise_resultados/comp/pathways/Strips/p09.pddl, bound 9, action based encoding
In building up solver: p cnf 5469 157608
==================================[ MINISAT ]===================================
| Conflicts |     ORIGINAL     |              LEARNT              | Progress |
|           | Clauses Literals |   Limit Clauses Literals  Lit/Cl |          |
==============================================================================
|         0 |  157608   406054 |   52536       0        0     0.0 |  0.000 % |
==============================================================================
Totoal time used by londex constraint checking is [B0.000000][L0.000000],apply counts 100, apply_generated 0
restarts          :            1
conflicts         :           16           (      inf / sec      )
decisions         :           26           (      inf / sec      )
propagations      :         2594           (      inf / sec      )
inspects          :         3396           (      inf / sec      )
conflict literals :           54           (     0.00 % deleted  )
CPU time          :         0.00 sec
UNSATISFIABLE

******  Solve with 10 layers Start******

creating action-based encoding:
        building rplan graph layers, up to layer [10];
        goal constraints;
        building exclusion constraints --> up to layer 10...

DECISION LAYER 10, WRITING ACTION-BASED ENCODING WITH 6500 VARS, 195340 CLAUSES.
13 G clauses, 10050 A clauses, 185277 E clauses.c CNF file planning task -p , -o /home/matheus/repo/acervo-2010/planejadores_analise_resultados/comp/pathways/Strips/domain_p09.pddl, -f /home/matheus/repo/acervo-2010/planejadores_analise_resultados/comp/pathways/Strips/p09.pddl, bound 10, action based encoding
In building up solver: p cnf 6500 195340
==================================[ MINISAT ]===================================
| Conflicts |     ORIGINAL     |              LEARNT              | Progress |
|           | Clauses Literals |   Limit Clauses Literals  Lit/Cl |          |
==============================================================================
|         0 |  195340   504287 |   65113       0        0     0.0 |  0.000 % |
==============================================================================
Totoal time used by londex constraint checking is [B0.000000][L0.000000],apply counts 432, apply_generated 0
restarts          :            1
conflicts         :           74           (      inf / sec      )
decisions         :          127           (      inf / sec      )
propagations      :        32646           (      inf / sec      )
inspects          :        47366           (      inf / sec      )
conflict literals :          895           (    17.97 % deleted  )
CPU time          :         0.00 sec
UNSATISFIABLE

******  Solve with 11 layers Start******

creating action-based encoding:
        building rplan graph layers, up to layer [11];
        goal constraints;
        building exclusion constraints --> up to layer 11...

DECISION LAYER 11, WRITING ACTION-BASED ENCODING WITH 7580 VARS, 237129 CLAUSES.
13 G clauses, 11821 A clauses, 225295 E clauses.c CNF file planning task -p , -o /home/matheus/repo/acervo-2010/planejadores_analise_resultados/comp/pathways/Strips/domain_p09.pddl, -f /home/matheus/repo/acervo-2010/planejadores_analise_resultados/comp/pathways/Strips/p09.pddl, bound 11, action based encoding
In building up solver: p cnf 7580 237129
==================================[ MINISAT ]===================================
| Conflicts |     ORIGINAL     |              LEARNT              | Progress |
|           | Clauses Literals |   Limit Clauses Literals  Lit/Cl |          |
==============================================================================
|         0 |  237129   613082 |   79043       0        0     0.0 |  0.000 % |
|       100 |  237067   612958 |   86947      97     6402    66.0 |  0.675 % |
|       250 |  237067   612958 |   95642     241    12768    53.0 |  2.073 % |
==============================================================================
Totoal time used by londex constraint checking is [B0.020000][L0.000000],apply counts 3320, apply_generated 0
restarts          :            3
conflicts         :          443           (    11075 / sec      )
decisions         :          606           (    15150 / sec      )
propagations      :       346538           (  8663450 / sec      )
inspects          :       524915           ( 13122875 / sec      )
conflict literals :        19143           (    18.81 % deleted  )
CPU time          :         0.04 sec
UNSATISFIABLE

******  Solve with 12 layers Start******

creating action-based encoding:
        building rplan graph layers, up to layer [12];
        goal constraints;
        building exclusion constraints --> up to layer 12...

DECISION LAYER 12, WRITING ACTION-BASED ENCODING WITH 8709 VARS, 283023 CLAUSES.
13 G clauses, 13689 A clauses, 269321 E clauses.c CNF file planning task -p , -o /home/matheus/repo/acervo-2010/planejadores_analise_resultados/comp/pathways/Strips/domain_p09.pddl, -f /home/matheus/repo/acervo-2010/planejadores_analise_resultados/comp/pathways/Strips/p09.pddl, bound 12, action based encoding
In building up solver: p cnf 8709 283023
==================================[ MINISAT ]===================================
| Conflicts |     ORIGINAL     |              LEARNT              | Progress |
|           | Clauses Literals |   Limit Clauses Literals  Lit/Cl |          |
==============================================================================
|         0 |  283023   732535 |   94341       0        0     0.0 |  0.000 % |
|       101 |  283023   732535 |  103775     101     1946    19.3 |  0.002 % |
|       251 |  282810   732086 |  114153     248     4406    17.8 |  1.539 % |
|       476 |  282810   732086 |  125568     472     6928    14.7 |  1.654 % |
|       813 |  282810   732086 |  138125     806    14389    17.9 |  1.688 % |
|      1320 |  282810   732086 |  151937    1311    27666    21.1 |  1.712 % |
|      2079 |  282810   732086 |  167131    2066    41643    20.2 |  1.758 % |
==============================================================================
Totoal time used by londex constraint checking is [B0.010000][L0.010000],apply counts 12646, apply_generated 0
restarts          :            7
conflicts         :         3001           (    18756 / sec      )
decisions         :         4346           (    27162 / sec      )
propagations      :       409476           (  2559225 / sec      )
inspects          :       951255           (  5945344 / sec      )
conflict literals :        62027           (    23.77 % deleted  )
CPU time          :         0.16 sec
UNSATISFIABLE

******  Solve with 13 layers Start******

creating action-based encoding:
        building rplan graph layers, up to layer [13];
        goal constraints;
        building exclusion constraints --> up to layer 13...

DECISION LAYER 13, WRITING ACTION-BASED ENCODING WITH 9839 VARS, 328918 CLAUSES.
13 G clauses, 15558 A clauses, 313347 E clauses.c CNF file planning task -p , -o /home/matheus/repo/acervo-2010/planejadores_analise_resultados/comp/pathways/Strips/domain_p09.pddl, -f /home/matheus/repo/acervo-2010/planejadores_analise_resultados/comp/pathways/Strips/p09.pddl, bound 13, action based encoding
In building up solver: p cnf 9839 328918
==================================[ MINISAT ]===================================
| Conflicts |     ORIGINAL     |              LEARNT              | Progress |
|           | Clauses Literals |   Limit Clauses Literals  Lit/Cl |          |
==============================================================================
|         0 |  328918   852182 |  109639       0        0     0.0 |  0.000 % |
|       100 |  328918   852182 |  120603     100     6457    64.6 |  0.001 % |
|       251 |  328918   852182 |  132663     251    14142    56.3 |  0.000 % |
|       477 |  328918   852182 |  145930     477    31165    65.3 |  0.000 % |
|       814 |  328918   852182 |  160522     814    51948    63.8 |  0.000 % |
|      1320 |  328705   851733 |  176575    1314   101025    76.9 |  1.405 % |
|      2080 |  328705   851733 |  194232    2068   126114    61.0 |  2.246 % |
|      3219 |  328705   851733 |  213655    3205   169339    52.8 |  2.297 % |
|      4928 |  328705   851733 |  235021    4911   323593    65.9 |  2.726 % |
|      7490 |  318828   829191 |  258523    7291   401363    55.0 |  2.988 % |
==============================================================================
Totoal time used by londex constraint checking is [B0.090000][L0.120000],apply counts 54853, apply_generated 0
restarts          :           10
conflicts         :         8840           (     9714 / sec      )
decisions         :        12540           (    13780 / sec      )
propagations      :      3081606           (  3386380 / sec      )
inspects          :      6895729           (  7577724 / sec      )
conflict literals :       467182           (    21.46 % deleted  )
CPU time          :         0.91 sec
UNSATISFIABLE

******  Solve with 14 layers Start******

creating action-based encoding:
        building rplan graph layers, up to layer [14];
        goal constraints;
        building exclusion constraints --> up to layer 14...

DECISION LAYER 14, WRITING ACTION-BASED ENCODING WITH 10969 VARS, 374813 CLAUSES.
13 G clauses, 17427 A clauses, 357373 E clauses.c CNF file planning task -p , -o /home/matheus/repo/acervo-2010/planejadores_analise_resultados/comp/pathways/Strips/domain_p09.pddl, -f /home/matheus/repo/acervo-2010/planejadores_analise_resultados/comp/pathways/Strips/p09.pddl, bound 14, action based encoding
In building up solver: p cnf 10969 374813
==================================[ MINISAT ]===================================
| Conflicts |     ORIGINAL     |              LEARNT              | Progress |
|           | Clauses Literals |   Limit Clauses Literals  Lit/Cl |          |
==============================================================================
|         0 |  374813   971830 |  124937       0        0     0.0 |  0.000 % |
|       100 |  374813   971830 |  137431     100     2094    20.9 |  0.001 % |
|       251 |  374600   971381 |  151174     249     5000    20.1 |  0.384 % |
|       476 |  374600   971381 |  166291     472    10163    21.5 |  1.313 % |
|       813 |  374600   971381 |  182920     808    17365    21.5 |  1.323 % |
|      1320 |  374600   971381 |  201212    1314    29906    22.8 |  1.332 % |
|      2079 |  374600   971381 |  221334    2073    57326    27.7 |  1.331 % |
|      3219 |  374600   971381 |  243467    3212    95212    29.6 |  1.997 % |
|      4927 |  374600   971381 |  267814    4918   165039    33.6 |  2.060 % |
|      7489 |  374600   971381 |  294595    7478   301940    40.4 |  2.081 % |
|     11334 |  364625   948485 |  324054   11296   533608    47.2 |  2.252 % |
|     17101 |  364040   947280 |  356460   16774   962398    57.4 |  3.109 % |
|     25750 |  364040   947280 |  392106   25421  2175564    85.6 |  3.210 % |
|     38725 |  363771   946695 |  431316   37640  3709192    98.5 |  3.220 % |
==============================================================================
Totoal time used by londex constraint checking is [B0.830000][L0.850000],apply counts 403605, apply_generated 0
restarts          :           14
conflicts         :        57512           (     4907 / sec      )
decisions         :        74395           (     6348 / sec      )
propagations      :     19545101           (  1667671 / sec      )
inspects          :    123275786           ( 10518412 / sec      )
conflict literals :      6559369           (    32.05 % deleted  )
CPU time          :        11.72 sec
UNSATISFIABLE

******  Solve with 15 layers Start******

creating action-based encoding:
        building rplan graph layers, up to layer [15];
        goal constraints;
        building exclusion constraints --> up to layer 15...

DECISION LAYER 15, WRITING ACTION-BASED ENCODING WITH 12099 VARS, 420708 CLAUSES.
13 G clauses, 19296 A clauses, 401399 E clauses.c CNF file planning task -p , -o /home/matheus/repo/acervo-2010/planejadores_analise_resultados/comp/pathways/Strips/domain_p09.pddl, -f /home/matheus/repo/acervo-2010/planejadores_analise_resultados/comp/pathways/Strips/p09.pddl, bound 15, action based encoding
In building up solver: p cnf 12099 420708
==================================[ MINISAT ]===================================
| Conflicts |     ORIGINAL     |              LEARNT              | Progress |
|           | Clauses Literals |   Limit Clauses Literals  Lit/Cl |          |
==============================================================================
|         0 |  420708  1091478 |  140236       0        0     0.0 |  0.000 % |
|       100 |  420708  1091478 |  154260     100     2180    21.8 |  0.001 % |
|       250 |  420495  1091029 |  169686     246     5409    22.0 |  0.347 % |
|       475 |  420495  1091029 |  186654     470     9714    20.7 |  1.108 % |
|       812 |  420495  1091029 |  205320     806    15981    19.8 |  1.190 % |
|      1319 |  420495  1091029 |  225851    1312    29607    22.6 |  1.199 % |
|      2079 |  420495  1091029 |  248437    2072    55289    26.7 |  1.198 % |
|      3218 |  420495  1091029 |  273280    3210    84323    26.3 |  1.207 % |
|      4927 |  420495  1091029 |  300608    4917   155333    31.6 |  1.242 % |
|      7489 |  420495  1091029 |  330669    7476   289108    38.7 |  1.265 % |
|     11333 |  419606  1089188 |  363736   11265   684661    60.8 |  1.273 % |
|     17099 |  419606  1089188 |  400110   17029  1506715    88.5 |  1.291 % |
|     25748 |  419577  1089121 |  440121   25658  3029007   118.1 |  1.390 % |
|     38722 |  419507  1088967 |  484133   38515  6206601   161.1 |  1.398 % |
|     58183 |  419496  1088940 |  532546   57966 11072699   191.0 |  1.414 % |
|     87375 |  419414  1088771 |  585801   87116 16515508   189.6 |  1.926 % |
|    131168 |  419414  1088771 |  644381  130908 33833461   258.5 |  1.951 % |
|    196852 |  418848  1087567 |  708819  196525 52166352   265.4 |  2.364 % |
|    295378 |  418121  1086090 |  779701  288804 80577624   279.0 |  2.400 % |
|    443168 |  357363   960076 |  857671  406710 125102155   307.6 |  8.583 % |
|    664851 |  345532   932332 |  943438  585684 194120229   331.4 |  9.447 % |
