MaxPlanII beta.

bb: parsing domain file
domain 'GROUNDED-PATHWAYS-PROPOSITIONAL' defined
 ... done.
bb: parsing problem file
problem 'GROUNDED-PATHWAYS-11' defined
 ... done.


******  Solve with 1 layers Start******

creating action-based encoding:
        building rplan graph layers, up to layer [1];
        goal constraints;

no achiever in for goal?? deadline too low!#001


******  Solve with 2 layers Start******

creating action-based encoding:
        building rplan graph layers, up to layer [2];
        goal constraints;

no achiever in for goal?? deadline too low!#001


******  Solve with 3 layers Start******

creating action-based encoding:
        building rplan graph layers, up to layer [3];
        goal constraints;

no achiever in for goal?? deadline too low!#001


******  Solve with 4 layers Start******

creating action-based encoding:
        building rplan graph layers, up to layer [4];
        goal constraints;

no achiever in for goal?? deadline too low!#001


******  Solve with 5 layers Start******

creating action-based encoding:
        building rplan graph layers, up to layer [5];
        goal constraints;

no achiever in for goal?? deadline too low!#001


******  Solve with 6 layers Start******

creating action-based encoding:
        building rplan graph layers, up to layer [6];
        goal constraints;

no achiever in for goal?? deadline too low!#001


******  Solve with 7 layers Start******

creating action-based encoding:
        building rplan graph layers, up to layer [7];
        goal constraints;
        building exclusion constraints --> up to layer 7...

DECISION LAYER 7, WRITING ACTION-BASED ENCODING WITH 3383 VARS, 88340 CLAUSES.
15 G clauses, 4858 A clauses, 83467 E clauses.c CNF file planning task -p , -o /home/matheus/repo/acervo-2010/planejadores_analise_resultados/comp/pathways/Strips/domain_p11.pddl, -f /home/matheus/repo/acervo-2010/planejadores_analise_resultados/comp/pathways/Strips/p11.pddl, bound 7, action based encoding
In building up solver: p cnf 3383 88340
==================================[ MINISAT ]===================================
| Conflicts |     ORIGINAL     |              LEARNT              | Progress |
|           | Clauses Literals |   Limit Clauses Literals  Lit/Cl |          |
==============================================================================
|         0 |   88336   227101 |   29445       0        0     0.0 |  0.000 % |
==============================================================================
Totoal time used by londex constraint checking is [B0.000000][L0.000000],apply counts 4, apply_generated 0
restarts          :            1
conflicts         :            1           (      inf / sec      )
decisions         :            0           (      nan / sec      )
propagations      :            5           (      inf / sec      )
inspects          :           16           (      inf / sec      )
conflict literals :            0           (      nan % deleted  )
CPU time          :         0.00 sec
UNSATISFIABLE

******  Solve with 8 layers Start******

creating action-based encoding:
        building rplan graph layers, up to layer [8];
        goal constraints;
        building exclusion constraints --> up to layer 8...

DECISION LAYER 8, WRITING ACTION-BASED ENCODING WITH 4279 VARS, 116316 CLAUSES.
15 G clauses, 6215 A clauses, 110086 E clauses.c CNF file planning task -p , -o /home/matheus/repo/acervo-2010/planejadores_analise_resultados/comp/pathways/Strips/domain_p11.pddl, -f /home/matheus/repo/acervo-2010/planejadores_analise_resultados/comp/pathways/Strips/p11.pddl, bound 8, action based encoding
In building up solver: p cnf 4279 116316
==================================[ MINISAT ]===================================
| Conflicts |     ORIGINAL     |              LEARNT              | Progress |
|           | Clauses Literals |   Limit Clauses Literals  Lit/Cl |          |
==============================================================================
|         0 |  116316   300116 |   38772       0        0     0.0 |  0.000 % |
==============================================================================
Totoal time used by londex constraint checking is [B0.000000][L0.000000],apply counts 29, apply_generated 0
restarts          :            1
conflicts         :            6           (      inf / sec      )
decisions         :            5           (      inf / sec      )
propagations      :         1264           (      inf / sec      )
inspects          :         1525           (      inf / sec      )
conflict literals :            7           (     0.00 % deleted  )
CPU time          :         0.00 sec
UNSATISFIABLE

******  Solve with 9 layers Start******

creating action-based encoding:
        building rplan graph layers, up to layer [9];
        goal constraints;
        building exclusion constraints --> up to layer 9...

DECISION LAYER 9, WRITING ACTION-BASED ENCODING WITH 5223 VARS, 148100 CLAUSES.
15 G clauses, 7667 A clauses, 140418 E clauses.c CNF file planning task -p , -o /home/matheus/repo/acervo-2010/planejadores_analise_resultados/comp/pathways/Strips/domain_p11.pddl, -f /home/matheus/repo/acervo-2010/planejadores_analise_resultados/comp/pathways/Strips/p11.pddl, bound 9, action based encoding
In building up solver: p cnf 5223 148100
==================================[ MINISAT ]===================================
| Conflicts |     ORIGINAL     |              LEARNT              | Progress |
|           | Clauses Literals |   Limit Clauses Literals  Lit/Cl |          |
==============================================================================
|         0 |  148100   383101 |   49366       0        0     0.0 |  0.000 % |
==============================================================================
Totoal time used by londex constraint checking is [B0.000000][L0.000000],apply counts 105, apply_generated 0
restarts          :            1
conflicts         :           23           (     2300 / sec      )
decisions         :           31           (     3100 / sec      )
propagations      :         3836           (   383600 / sec      )
inspects          :         5013           (   501300 / sec      )
conflict literals :           91           (     3.19 % deleted  )
CPU time          :         0.01 sec
UNSATISFIABLE

******  Solve with 10 layers Start******

creating action-based encoding:
        building rplan graph layers, up to layer [10];
        goal constraints;
        building exclusion constraints --> up to layer 10...

DECISION LAYER 10, WRITING ACTION-BASED ENCODING WITH 6215 VARS, 183739 CLAUSES.
15 G clauses, 9214 A clauses, 174510 E clauses.c CNF file planning task -p , -o /home/matheus/repo/acervo-2010/planejadores_analise_resultados/comp/pathways/Strips/domain_p11.pddl, -f /home/matheus/repo/acervo-2010/planejadores_analise_resultados/comp/pathways/Strips/p11.pddl, bound 10, action based encoding
In building up solver: p cnf 6215 183739
==================================[ MINISAT ]===================================
| Conflicts |     ORIGINAL     |              LEARNT              | Progress |
|           | Clauses Literals |   Limit Clauses Literals  Lit/Cl |          |
==============================================================================
|         0 |  183739   476146 |   61246       0        0     0.0 |  0.000 % |
==============================================================================
Totoal time used by londex constraint checking is [B0.000000][L0.000000],apply counts 219, apply_generated 0
restarts          :            1
conflicts         :           54           (      inf / sec      )
decisions         :           64           (      inf / sec      )
propagations      :         6719           (      inf / sec      )
inspects          :         9084           (      inf / sec      )
conflict literals :          265           (    13.40 % deleted  )
CPU time          :         0.00 sec
UNSATISFIABLE

******  Solve with 11 layers Start******

creating action-based encoding:
        building rplan graph layers, up to layer [11];
        goal constraints;
        building exclusion constraints --> up to layer 11...

DECISION LAYER 11, WRITING ACTION-BASED ENCODING WITH 7208 VARS, 219379 CLAUSES.
15 G clauses, 10762 A clauses, 208602 E clauses.c CNF file planning task -p , -o /home/matheus/repo/acervo-2010/planejadores_analise_resultados/comp/pathways/Strips/domain_p11.pddl, -f /home/matheus/repo/acervo-2010/planejadores_analise_resultados/comp/pathways/Strips/p11.pddl, bound 11, action based encoding
In building up solver: p cnf 7208 219379
==================================[ MINISAT ]===================================
| Conflicts |     ORIGINAL     |              LEARNT              | Progress |
|           | Clauses Literals |   Limit Clauses Literals  Lit/Cl |          |
==============================================================================
|         0 |  219379   569381 |   73126       0        0     0.0 |  0.000 % |
|       100 |  219323   569269 |   80439      99     1036    10.5 |  0.083 % |
|       250 |  219323   569269 |   88482     233     1862     8.0 |  0.957 % |
==============================================================================
Totoal time used by londex constraint checking is [B0.000000][L0.010000],apply counts 1243, apply_generated 0
restarts          :            3
conflicts         :          273           (    27300 / sec      )
decisions         :          338           (    33800 / sec      )
propagations      :        27521           (  2752100 / sec      )
inspects          :        44386           (  4438600 / sec      )
conflict literals :         1940           (    19.47 % deleted  )
CPU time          :         0.01 sec
UNSATISFIABLE

******  Solve with 12 layers Start******

creating action-based encoding:
        building rplan graph layers, up to layer [12];
        goal constraints;
        building exclusion constraints --> up to layer 12...

DECISION LAYER 12, WRITING ACTION-BASED ENCODING WITH 8201 VARS, 255019 CLAUSES.
15 G clauses, 12310 A clauses, 242694 E clauses.c CNF file planning task -p , -o /home/matheus/repo/acervo-2010/planejadores_analise_resultados/comp/pathways/Strips/domain_p11.pddl, -f /home/matheus/repo/acervo-2010/planejadores_analise_resultados/comp/pathways/Strips/p11.pddl, bound 12, action based encoding
In building up solver: p cnf 8201 255019
==================================[ MINISAT ]===================================
| Conflicts |     ORIGINAL     |              LEARNT              | Progress |
|           | Clauses Literals |   Limit Clauses Literals  Lit/Cl |          |
==============================================================================
|         0 |  255019   662617 |   85006       0        0     0.0 |  0.000 % |
|       101 |  254963   662505 |   93507      97     1492    15.4 |  0.855 % |
==============================================================================
Totoal time used by londex constraint checking is [B0.000000][L0.010000],apply counts 1184, apply_generated 0
restarts          :            2
conflicts         :          242           (    12100 / sec      )
decisions         :          370           (    18500 / sec      )
propagations      :        35182           (  1759100 / sec      )
inspects          :        51875           (  2593750 / sec      )
conflict literals :         2354           (     5.92 % deleted  )
CPU time          :         0.02 sec
UNSATISFIABLE

******  Solve with 13 layers Start******

creating action-based encoding:
        building rplan graph layers, up to layer [13];
        goal constraints;
        building exclusion constraints --> up to layer 13...

DECISION LAYER 13, WRITING ACTION-BASED ENCODING WITH 9194 VARS, 290659 CLAUSES.
15 G clauses, 13858 A clauses, 276786 E clauses.c CNF file planning task -p , -o /home/matheus/repo/acervo-2010/planejadores_analise_resultados/comp/pathways/Strips/domain_p11.pddl, -f /home/matheus/repo/acervo-2010/planejadores_analise_resultados/comp/pathways/Strips/p11.pddl, bound 13, action based encoding
In building up solver: p cnf 9194 290659
==================================[ MINISAT ]===================================
| Conflicts |     ORIGINAL     |              LEARNT              | Progress |
|           | Clauses Literals |   Limit Clauses Literals  Lit/Cl |          |
==============================================================================
|         0 |  290659   755853 |   96886       0        0     0.0 |  0.000 % |
|       100 |  290659   755853 |  106575     100     1273    12.7 |  0.002 % |
|       250 |  290639   755803 |  117232     245     3046    12.4 |  0.163 % |
|       476 |  290639   755803 |  128955     470     7255    15.4 |  0.295 % |
==============================================================================
Totoal time used by londex constraint checking is [B0.000000][L0.010000],apply counts 3550, apply_generated 0
restarts          :            4
conflicts         :          597           (    14925 / sec      )
decisions         :         1050           (    26250 / sec      )
propagations      :       104617           (  2615425 / sec      )
inspects          :       167749           (  4193725 / sec      )
conflict literals :         8669           (    14.98 % deleted  )
CPU time          :         0.04 sec
UNSATISFIABLE

******  Solve with 14 layers Start******

creating action-based encoding:
        building rplan graph layers, up to layer [14];
        goal constraints;
        building exclusion constraints --> up to layer 14...

DECISION LAYER 14, WRITING ACTION-BASED ENCODING WITH 10187 VARS, 326299 CLAUSES.
15 G clauses, 15406 A clauses, 310878 E clauses.c CNF file planning task -p , -o /home/matheus/repo/acervo-2010/planejadores_analise_resultados/comp/pathways/Strips/domain_p11.pddl, -f /home/matheus/repo/acervo-2010/planejadores_analise_resultados/comp/pathways/Strips/p11.pddl, bound 14, action based encoding
In building up solver: p cnf 10187 326299
==================================[ MINISAT ]===================================
| Conflicts |     ORIGINAL     |              LEARNT              | Progress |
|           | Clauses Literals |   Limit Clauses Literals  Lit/Cl |          |
==============================================================================
|         0 |  326299   849089 |  108766       0        0     0.0 |  0.000 % |
|       100 |  326299   849089 |  119643     100     1652    16.5 |  0.001 % |
|       250 |  326273   849037 |  131607     249     3711    14.9 |  0.118 % |
|       476 |  326273   849037 |  144768     473     5914    12.5 |  0.649 % |
|       813 |  326273   849037 |  159244     809    13849    17.1 |  0.767 % |
|      1319 |  326273   849037 |  175169    1310    30357    23.2 |  2.228 % |
|      2080 |  326273   849037 |  192686    2066    57657    27.9 |  2.563 % |
|      3221 |  326273   849037 |  211954    3206    92753    28.9 |  2.572 % |
|      4929 |  313563   819974 |  233150    4715   204690    43.4 |  3.563 % |
|      7491 |  313563   819974 |  256465    7274   384419    52.8 |  9.611 % |
==============================================================================
Totoal time used by londex constraint checking is [B0.100000][L0.240000],apply counts 103952, apply_generated 0
restarts          :           10
conflicts         :        11040           (     6815 / sec      )
decisions         :        16249           (    10030 / sec      )
propagations      :      4029598           (  2487406 / sec      )
inspects          :     10155838           (  6269036 / sec      )
conflict literals :       556784           (    33.73 % deleted  )
CPU time          :         1.62 sec
UNSATISFIABLE

******  Solve with 15 layers Start******

creating action-based encoding:
        building rplan graph layers, up to layer [15];
        goal constraints;
        building exclusion constraints --> up to layer 15...

DECISION LAYER 15, WRITING ACTION-BASED ENCODING WITH 11180 VARS, 361939 CLAUSES.
15 G clauses, 16954 A clauses, 344970 E clauses.c CNF file planning task -p , -o /home/matheus/repo/acervo-2010/planejadores_analise_resultados/comp/pathways/Strips/domain_p11.pddl, -f /home/matheus/repo/acervo-2010/planejadores_analise_resultados/comp/pathways/Strips/p11.pddl, bound 15, action based encoding
In building up solver: p cnf 11180 361939
==================================[ MINISAT ]===================================
| Conflicts |     ORIGINAL     |              LEARNT              | Progress |
|           | Clauses Literals |   Limit Clauses Literals  Lit/Cl |          |
==============================================================================
|         0 |  361939   942325 |  120646       0        0     0.0 |  0.000 % |
|       100 |  361939   942325 |  132711     100     1244    12.4 |  0.001 % |
|       250 |  361755   941950 |  145982     246     3184    12.9 |  0.609 % |
|       475 |  361755   941950 |  160580     470    23393    49.8 |  0.734 % |
|       812 |  361755   941950 |  176638     807    41797    51.8 |  0.734 % |
|      1318 |  361755   941950 |  194302    1312    69892    53.3 |  0.842 % |
|      2077 |  361755   941950 |  213732    2069   111702    54.0 |  2.138 % |
|      3216 |  361755   941950 |  235105    3208   247802    77.2 |  2.138 % |
|      4924 |  361108   940618 |  258615    4849   399831    82.5 |  2.264 % |
|      7486 |  361108   940618 |  284477    7411   615654    83.1 |  2.263 % |
|     11330 |  361073   940547 |  312925   11255  1070988    95.2 |  2.264 % |
|     17096 |  361073   940547 |  344217   17021  1833360   107.7 |  2.263 % |
|     25745 |  361062   940525 |  378639   25669  3204081   124.8 |  2.282 % |
|     38719 |  361057   940515 |  416503   38642  4295404   111.2 |  2.299 % |
|     58180 |  361056   940512 |  458153   50839  5365297   105.5 |  2.388 % |
|     87372 |  360585   939470 |  503968   78262  9386675   119.9 |  2.479 % |
|    131161 |  360550   939389 |  554365   87866  9380161   106.8 |  2.531 % |
==============================================================================
Totoal time used by londex constraint checking is [B3.310000][L3.260000],apply counts 1737562, apply_generated 0
restarts          :           17
conflicts         :       184389           (     3562 / sec      )
decisions         :       212912           (     4113 / sec      )
propagations      :     90157075           (  1741493 / sec      )
inspects          :    749637267           ( 14480148 / sec      )
conflict literals :     19272263           (    51.07 % deleted  )
CPU time          :        51.77 sec
UNSATISFIABLE

******  Solve with 16 layers Start******

creating action-based encoding:
        building rplan graph layers, up to layer [16];
        goal constraints;
        building exclusion constraints --> up to layer 16...

DECISION LAYER 16, WRITING ACTION-BASED ENCODING WITH 12173 VARS, 397579 CLAUSES.
15 G clauses, 18502 A clauses, 379062 E clauses.c CNF file planning task -p , -o /home/matheus/repo/acervo-2010/planejadores_analise_resultados/comp/pathways/Strips/domain_p11.pddl, -f /home/matheus/repo/acervo-2010/planejadores_analise_resultados/comp/pathways/Strips/p11.pddl, bound 16, action based encoding
In building up solver: p cnf 12173 397579
==================================[ MINISAT ]===================================
| Conflicts |     ORIGINAL     |              LEARNT              | Progress |
|           | Clauses Literals |   Limit Clauses Literals  Lit/Cl |          |
==============================================================================
|         0 |  397579  1035561 |  132526       0        0     0.0 |  0.000 % |
|       100 |  397579  1035561 |  145779     100     1422    14.2 |  0.001 % |
|       251 |  397562  1035527 |  160356     250     9159    36.6 |  0.100 % |
|       476 |  397562  1035527 |  176392     474    19390    40.9 |  0.214 % |
|       814 |  397562  1035527 |  194031     811    55374    68.3 |  0.329 % |
|      1320 |  397562  1035527 |  213434    1317    65237    49.5 |  0.329 % |
|      2079 |  397562  1035527 |  234778    2074    83840    40.4 |  0.675 % |
|      3218 |  397562  1035527 |  258256    3212   237877    74.1 |  1.512 % |
|      4926 |  397562  1035527 |  284081    4919   420123    85.4 |  1.627 % |
|      7488 |  396917  1034197 |  312489    7464   802702   107.5 |  1.661 % |
|     11332 |  396917  1034197 |  343738   11308  1210953   107.1 |  1.660 % |
|     17098 |  396904  1034169 |  378112   17066  2125725   124.6 |  2.113 % |
|     25747 |  396904  1034169 |  415923   25715  4671650   181.7 |  2.111 % |
|     38721 |  396699  1033751 |  457516   38685  7929198   205.0 |  6.853 % |
|     58183 |  351096   942545 |  503267   58135 10776555   185.4 |  6.868 % |
|     87376 |  351096   942545 |  553594   87328 19567855   224.1 |  6.868 % |
|    131165 |  351081   942515 |  608953  131114 27812373   212.1 |  6.934 % |
|    196850 |  350806   941918 |  669849  184769 42223247   228.5 |  6.976 % |
|    295376 |  350712   941727 |  736834  280411 70213728   250.4 |  7.041 % |
|    443165 |  350712   941727 |  810517  428195 104948623   245.1 |  7.098 % |
|    664849 |  339019   914301 |  891569  644602 170850152   265.0 |  7.961 % |
