MaxPlanII beta.

bb: parsing domain file
domain 'GROUNDED-PATHWAYS-PROPOSITIONAL' defined
 ... done.
bb: parsing problem file
problem 'GROUNDED-PATHWAYS-13' defined
 ... done.


******  Solve with 1 layers Start******

creating action-based encoding:
        building rplan graph layers, up to layer [1];
        goal constraints;

no achiever in for goal?? deadline too low!#001


******  Solve with 2 layers Start******

creating action-based encoding:
        building rplan graph layers, up to layer [2];
        goal constraints;

no achiever in for goal?? deadline too low!#001


******  Solve with 3 layers Start******

creating action-based encoding:
        building rplan graph layers, up to layer [3];
        goal constraints;

no achiever in for goal?? deadline too low!#001


******  Solve with 4 layers Start******

creating action-based encoding:
        building rplan graph layers, up to layer [4];
        goal constraints;

no achiever in for goal?? deadline too low!#001


******  Solve with 5 layers Start******

creating action-based encoding:
        building rplan graph layers, up to layer [5];
        goal constraints;

no achiever in for goal?? deadline too low!#001


******  Solve with 6 layers Start******

creating action-based encoding:
        building rplan graph layers, up to layer [6];
        goal constraints;

no achiever in for goal?? deadline too low!#001


******  Solve with 7 layers Start******

creating action-based encoding:
        building rplan graph layers, up to layer [7];
        goal constraints;

no achiever in for goal?? deadline too low!#001


******  Solve with 8 layers Start******

creating action-based encoding:
        building rplan graph layers, up to layer [8];
        goal constraints;

no achiever in for goal?? deadline too low!#001


******  Solve with 9 layers Start******

creating action-based encoding:
        building rplan graph layers, up to layer [9];
        goal constraints;

no achiever in for goal?? deadline too low!#001


******  Solve with 10 layers Start******

creating action-based encoding:
        building rplan graph layers, up to layer [10];
        goal constraints;

no achiever in for goal?? deadline too low!#001


******  Solve with 11 layers Start******

creating action-based encoding:
        building rplan graph layers, up to layer [11];
        goal constraints;

no achiever in for goal?? deadline too low!#001


******  Solve with 12 layers Start******

creating action-based encoding:
        building rplan graph layers, up to layer [12];
        goal constraints;
        building exclusion constraints --> up to layer 12...

DECISION LAYER 12, WRITING ACTION-BASED ENCODING WITH 8669 VARS, 279505 CLAUSES.
17 G clauses, 13198 A clauses, 266290 E clauses.c CNF file planning task -p , -o /home/matheus/repo/acervo-2010/planejadores_analise_resultados/comp/pathways/Strips/domain_p13.pddl, -f /home/matheus/repo/acervo-2010/planejadores_analise_resultados/comp/pathways/Strips/p13.pddl, bound 12, action based encoding
In building up solver: p cnf 8669 279505
==================================[ MINISAT ]===================================
| Conflicts |     ORIGINAL     |              LEARNT              | Progress |
|           | Clauses Literals |   Limit Clauses Literals  Lit/Cl |          |
==============================================================================
|         0 |  279505   724904 |   93168       0        0     0.0 |  0.000 % |
==============================================================================
Totoal time used by londex constraint checking is [B0.000000][L0.000000],apply counts 13, apply_generated 0
restarts          :            1
conflicts         :            3           (      inf / sec      )
decisions         :            2           (      inf / sec      )
propagations      :         1274           (      inf / sec      )
inspects          :         1494           (      inf / sec      )
conflict literals :            2           (     0.00 % deleted  )
CPU time          :         0.00 sec
UNSATISFIABLE

******  Solve with 13 layers Start******

creating action-based encoding:
        building rplan graph layers, up to layer [13];
        goal constraints;
        building exclusion constraints --> up to layer 13...

DECISION LAYER 13, WRITING ACTION-BASED ENCODING WITH 9889 VARS, 329341 CLAUSES.
17 G clauses, 15163 A clauses, 314161 E clauses.c CNF file planning task -p , -o /home/matheus/repo/acervo-2010/planejadores_analise_resultados/comp/pathways/Strips/domain_p13.pddl, -f /home/matheus/repo/acervo-2010/planejadores_analise_resultados/comp/pathways/Strips/p13.pddl, bound 13, action based encoding
In building up solver: p cnf 9889 329341
==================================[ MINISAT ]===================================
| Conflicts |     ORIGINAL     |              LEARNT              | Progress |
|           | Clauses Literals |   Limit Clauses Literals  Lit/Cl |          |
==============================================================================
|         0 |  329341   854678 |  109780       0        0     0.0 |  0.000 % |
==============================================================================
Totoal time used by londex constraint checking is [B0.000000][L0.000000],apply counts 123, apply_generated 0
restarts          :            1
conflicts         :           11           (      inf / sec      )
decisions         :           21           (      inf / sec      )
propagations      :         5189           (      inf / sec      )
inspects          :         6104           (      inf / sec      )
conflict literals :           43           (     0.00 % deleted  )
CPU time          :         0.00 sec
UNSATISFIABLE

******  Solve with 14 layers Start******

creating action-based encoding:
        building rplan graph layers, up to layer [14];
        goal constraints;
        building exclusion constraints --> up to layer 14...

DECISION LAYER 14, WRITING ACTION-BASED ENCODING WITH 11158 VARS, 383378 CLAUSES.
17 G clauses, 17225 A clauses, 366136 E clauses.c CNF file planning task -p , -o /home/matheus/repo/acervo-2010/planejadores_analise_resultados/comp/pathways/Strips/domain_p13.pddl, -f /home/matheus/repo/acervo-2010/planejadores_analise_resultados/comp/pathways/Strips/p13.pddl, bound 14, action based encoding
In building up solver: p cnf 11158 383378
==================================[ MINISAT ]===================================
| Conflicts |     ORIGINAL     |              LEARNT              | Progress |
|           | Clauses Literals |   Limit Clauses Literals  Lit/Cl |          |
==============================================================================
|         0 |  383378   995302 |  127792       0        0     0.0 |  0.000 % |
==============================================================================
Totoal time used by londex constraint checking is [B0.000000][L0.000000],apply counts 197, apply_generated 0
restarts          :            1
conflicts         :           21           (     2100 / sec      )
decisions         :           40           (     4000 / sec      )
propagations      :         7693           (   769300 / sec      )
inspects          :         9405           (   940500 / sec      )
conflict literals :          230           (     0.00 % deleted  )
CPU time          :         0.01 sec
UNSATISFIABLE

******  Solve with 15 layers Start******

creating action-based encoding:
        building rplan graph layers, up to layer [15];
        goal constraints;
        building exclusion constraints --> up to layer 15...

DECISION LAYER 15, WRITING ACTION-BASED ENCODING WITH 12476 VARS, 441664 CLAUSES.
17 G clauses, 19384 A clauses, 422263 E clauses.c CNF file planning task -p , -o /home/matheus/repo/acervo-2010/planejadores_analise_resultados/comp/pathways/Strips/domain_p13.pddl, -f /home/matheus/repo/acervo-2010/planejadores_analise_resultados/comp/pathways/Strips/p13.pddl, bound 15, action based encoding
In building up solver: p cnf 12476 441664
==================================[ MINISAT ]===================================
| Conflicts |     ORIGINAL     |              LEARNT              | Progress |
|           | Clauses Literals |   Limit Clauses Literals  Lit/Cl |          |
==============================================================================
|         0 |  441664  1146872 |  147221       0        0     0.0 |  0.000 % |
|       100 |  441607  1146758 |  161943      97     5810    59.9 |  2.061 % |
|       250 |  441607  1146758 |  178137     239    19637    82.2 |  2.926 % |
|       476 |  441607  1146758 |  195951     461    46752   101.4 | 14.059 % |
|       814 |  441607  1146758 |  215546     795   105086   132.2 | 14.636 % |
|      1320 |  441607  1146758 |  237101    1296   145692   112.4 | 19.446 % |
|      2079 |  441607  1146758 |  260811    2045   228658   111.8 | 22.083 % |
|      3218 |  242023   729747 |  286892    3054   385580   126.3 | 24.665 % |
|      4926 |  198050   636617 |  315581    4247   519928   122.4 | 30.900 % |
==============================================================================
Totoal time used by londex constraint checking is [B0.150000][L0.090000],apply counts 59894, apply_generated 0
restarts          :            9
conflicts         :         5615           (     4679 / sec      )
decisions         :         8443           (     7036 / sec      )
propagations      :      3092835           (  2577362 / sec      )
inspects          :      5704017           (  4753348 / sec      )
conflict literals :       644317           (    14.28 % deleted  )
CPU time          :         1.20 sec
UNSATISFIABLE

******  Solve with 16 layers Start******

creating action-based encoding:
        building rplan graph layers, up to layer [16];
        goal constraints;
        building exclusion constraints --> up to layer 16...

DECISION LAYER 16, WRITING ACTION-BASED ENCODING WITH 13843 VARS, 504247 CLAUSES.
17 G clauses, 21640 A clauses, 482590 E clauses.c CNF file planning task -p , -o /home/matheus/repo/acervo-2010/planejadores_analise_resultados/comp/pathways/Strips/domain_p13.pddl, -f /home/matheus/repo/acervo-2010/planejadores_analise_resultados/comp/pathways/Strips/p13.pddl, bound 16, action based encoding
In building up solver: p cnf 13843 504247
==================================[ MINISAT ]===================================
| Conflicts |     ORIGINAL     |              LEARNT              | Progress |
|           | Clauses Literals |   Limit Clauses Literals  Lit/Cl |          |
==============================================================================
|         0 |  504247  1309484 |  168082       0        0     0.0 |  0.000 % |
|       100 |  504247  1309484 |  184890     100     2884    28.8 |  0.001 % |
|       250 |  504194  1309377 |  203379     247    16084    65.1 |  0.420 % |
|       475 |  504194  1309377 |  223717     471    37374    79.4 |  0.665 % |
|       812 |  504194  1309377 |  246089     807    70794    87.7 |  2.023 % |
|      1318 |  504194  1309377 |  270698    1312   184851   140.9 |  2.030 % |
|      2077 |  504194  1309377 |  297768    2069   301406   145.7 |  2.138 % |
|      3216 |  485698  1267025 |  327544    3200   507576   158.6 |  3.099 % |
|      4924 |  485698  1267025 |  360299    4907  1098867   223.9 |  3.107 % |
|      7486 |  485552  1266685 |  396329    7457  1724043   231.2 |  8.597 % |
|     11330 |  418789  1127505 |  435961   10886  2798435   257.1 |  8.683 % |
|     17096 |  418255  1126341 |  479558   16469  4885392   296.6 |  9.074 % |
|     25745 |  418255  1126341 |  527513   25117  8177021   325.6 |  9.082 % |
|     38719 |  414540  1118863 |  580265   38037 12247632   322.0 | 10.050 % |
|     58180 |  353271   990844 |  638291   57111 20193093   353.6 | 15.965 % |
|     87372 |  331119   939150 |  702120   78811 27718834   351.7 | 20.870 % |
==============================================================================
Totoal time used by londex constraint checking is [B2.810000][L2.330000],apply counts 1219440, apply_generated 0
restarts          :           16
conflicts         :       117051           (     1735 / sec      )
decisions         :       139446           (     2067 / sec      )
propagations      :     75086830           (  1113057 / sec      )
inspects          :    515485191           (  7641346 / sec      )
conflict literals :     37421860           (    33.16 % deleted  )
CPU time          :        67.46 sec
UNSATISFIABLE

******  Solve with 17 layers Start******

creating action-based encoding:
        building rplan graph layers, up to layer [17];
        goal constraints;
        building exclusion constraints --> up to layer 17...

DECISION LAYER 17, WRITING ACTION-BASED ENCODING WITH 15259 VARS, 571175 CLAUSES.
17 G clauses, 23993 A clauses, 547165 E clauses.c CNF file planning task -p , -o /home/matheus/repo/acervo-2010/planejadores_analise_resultados/comp/pathways/Strips/domain_p13.pddl, -f /home/matheus/repo/acervo-2010/planejadores_analise_resultados/comp/pathways/Strips/p13.pddl, bound 17, action based encoding
In building up solver: p cnf 15259 571175
==================================[ MINISAT ]===================================
| Conflicts |     ORIGINAL     |              LEARNT              | Progress |
|           | Clauses Literals |   Limit Clauses Literals  Lit/Cl |          |
==============================================================================
|         0 |  571175  1483234 |  190391       0        0     0.0 |  0.000 % |
|       100 |  571175  1483234 |  209430     100     4945    49.5 |  0.001 % |
|       250 |  571151  1483186 |  230373     248    24677    99.5 |  1.311 % |
|       476 |  571151  1483186 |  253410     474    34990    73.8 |  1.311 % |
|       814 |  571151  1483186 |  278751     812    46996    57.9 |  1.311 % |
|      1320 |  571151  1483186 |  306627    1317    77701    59.0 |  1.534 % |
|      2079 |  571151  1483186 |  337289    2075   162515    78.3 |  1.626 % |
|      3218 |  571151  1483186 |  371018    3212   422644   131.6 |  1.849 % |
|      4929 |  569920  1480634 |  408120    4917   857537   174.4 |  1.941 % |
|      7491 |  569920  1480634 |  448932    7478  1625836   217.4 |  1.967 % |
|     11336 |  569920  1480634 |  493825   11323  2396560   211.7 |  1.966 % |
|     17102 |  569749  1480243 |  543208   15649  4780958   305.5 |  1.973 % |
|     25751 |  569749  1480243 |  597529   24298  5838808   240.3 |  1.973 % |
|     38725 |  569749  1480243 |  657281   37272 12962000   347.8 |  1.973 % |
|     58186 |  550844  1436636 |  723010   56718 25956877   457.6 |  3.003 % |
|     87378 |  550644  1436185 |  795310   85808 40599728   473.1 |  3.972 % |
|    131167 |  512277  1347472 |  874842  123639 60293720   487.7 |  5.047 % |
|    196852 |  512277  1347472 |  962326  189323 85260427   450.3 |  5.055 % |
|    295379 |  512133  1347136 | 1058558  278420 123145865   442.3 | 10.407 % |
|    443168 |  445483  1210864 | 1164414  349603 152759014   436.9 | 10.435 % |
