MaxPlanII beta.

bb: parsing domain file
domain 'GROUNDED-PATHWAYS-PROPOSITIONAL' defined
 ... done.
bb: parsing problem file
problem 'GROUNDED-PATHWAYS-16' defined
 ... done.


******  Solve with 1 layers Start******

creating action-based encoding:
        building rplan graph layers, up to layer [1];
        goal constraints;

no achiever in for goal?? deadline too low!#001


******  Solve with 2 layers Start******

creating action-based encoding:
        building rplan graph layers, up to layer [2];
        goal constraints;

no achiever in for goal?? deadline too low!#001


******  Solve with 3 layers Start******

creating action-based encoding:
        building rplan graph layers, up to layer [3];
        goal constraints;

no achiever in for goal?? deadline too low!#001


******  Solve with 4 layers Start******

creating action-based encoding:
        building rplan graph layers, up to layer [4];
        goal constraints;

no achiever in for goal?? deadline too low!#001


******  Solve with 5 layers Start******

creating action-based encoding:
        building rplan graph layers, up to layer [5];
        goal constraints;

no achiever in for goal?? deadline too low!#001


******  Solve with 6 layers Start******

creating action-based encoding:
        building rplan graph layers, up to layer [6];
        goal constraints;

no achiever in for goal?? deadline too low!#001


******  Solve with 7 layers Start******

creating action-based encoding:
        building rplan graph layers, up to layer [7];
        goal constraints;

no achiever in for goal?? deadline too low!#001


******  Solve with 8 layers Start******

creating action-based encoding:
        building rplan graph layers, up to layer [8];
        goal constraints;

no achiever in for goal?? deadline too low!#001


******  Solve with 9 layers Start******

creating action-based encoding:
        building rplan graph layers, up to layer [9];
        goal constraints;

no achiever in for goal?? deadline too low!#001


******  Solve with 10 layers Start******

creating action-based encoding:
        building rplan graph layers, up to layer [10];
        goal constraints;

no achiever in for goal?? deadline too low!#001


******  Solve with 11 layers Start******

creating action-based encoding:
        building rplan graph layers, up to layer [11];
        goal constraints;

no achiever in for goal?? deadline too low!#001


******  Solve with 12 layers Start******

creating action-based encoding:
        building rplan graph layers, up to layer [12];
        goal constraints;
        building exclusion constraints --> up to layer 12...

DECISION LAYER 12, WRITING ACTION-BASED ENCODING WITH 12012 VARS, 381018 CLAUSES.
20 G clauses, 18244 A clauses, 362754 E clauses.c CNF file planning task -p , -o /home/matheus/repo/acervo-2010/planejadores_analise_resultados/comp/pathways/Strips/domain_p16.pddl, -f /home/matheus/repo/acervo-2010/planejadores_analise_resultados/comp/pathways/Strips/p16.pddl, bound 12, action based encoding
In building up solver: p cnf 12012 381018
==================================[ MINISAT ]===================================
| Conflicts |     ORIGINAL     |              LEARNT              | Progress |
|           | Clauses Literals |   Limit Clauses Literals  Lit/Cl |          |
==============================================================================
|         0 |  381018   982994 |  127006       0        0     0.0 |  0.000 % |
==============================================================================
Totoal time used by londex constraint checking is [B0.000000][L0.000000],apply counts 11, apply_generated 0
restarts          :            1
conflicts         :            2           (      inf / sec      )
decisions         :            1           (      inf / sec      )
propagations      :         1690           (      inf / sec      )
inspects          :         2007           (      inf / sec      )
conflict literals :            1           (     0.00 % deleted  )
CPU time          :         0.00 sec
UNSATISFIABLE

******  Solve with 13 layers Start******

creating action-based encoding:
        building rplan graph layers, up to layer [13];
        goal constraints;
        building exclusion constraints --> up to layer 13...

DECISION LAYER 13, WRITING ACTION-BASED ENCODING WITH 13748 VARS, 448495 CLAUSES.
20 G clauses, 20990 A clauses, 427485 E clauses.c CNF file planning task -p , -o /home/matheus/repo/acervo-2010/planejadores_analise_resultados/comp/pathways/Strips/domain_p16.pddl, -f /home/matheus/repo/acervo-2010/planejadores_analise_resultados/comp/pathways/Strips/p16.pddl, bound 13, action based encoding
In building up solver: p cnf 13748 448495
==================================[ MINISAT ]===================================
| Conflicts |     ORIGINAL     |              LEARNT              | Progress |
|           | Clauses Literals |   Limit Clauses Literals  Lit/Cl |          |
==============================================================================
|         0 |  448495  1158058 |  149498       0        0     0.0 |  0.000 % |
==============================================================================
Totoal time used by londex constraint checking is [B0.000000][L0.000000],apply counts 85, apply_generated 0
restarts          :            1
conflicts         :           13           (      inf / sec      )
decisions         :           21           (      inf / sec      )
propagations      :         5020           (      inf / sec      )
inspects          :         6155           (      inf / sec      )
conflict literals :           75           (     0.00 % deleted  )
CPU time          :         0.00 sec
UNSATISFIABLE

******  Solve with 14 layers Start******

creating action-based encoding:
        building rplan graph layers, up to layer [14];
        goal constraints;
        building exclusion constraints --> up to layer 14...

DECISION LAYER 14, WRITING ACTION-BASED ENCODING WITH 15540 VARS, 521363 CLAUSES.
20 G clauses, 23847 A clauses, 497496 E clauses.c CNF file planning task -p , -o /home/matheus/repo/acervo-2010/planejadores_analise_resultados/comp/pathways/Strips/domain_p16.pddl, -f /home/matheus/repo/acervo-2010/planejadores_analise_resultados/comp/pathways/Strips/p16.pddl, bound 14, action based encoding
In building up solver: p cnf 15540 521363
==================================[ MINISAT ]===================================
| Conflicts |     ORIGINAL     |              LEARNT              | Progress |
|           | Clauses Literals |   Limit Clauses Literals  Lit/Cl |          |
==============================================================================
|         0 |  521363  1347094 |  173787       0        0     0.0 |  0.000 % |
==============================================================================
Totoal time used by londex constraint checking is [B0.000000][L0.000000],apply counts 280, apply_generated 0
restarts          :            1
conflicts         :           29           (     2900 / sec      )
decisions         :           73           (     7300 / sec      )
propagations      :        14646           (  1464600 / sec      )
inspects          :        18512           (  1851200 / sec      )
conflict literals :          134           (     0.00 % deleted  )
CPU time          :         0.01 sec
UNSATISFIABLE

******  Solve with 15 layers Start******

creating action-based encoding:
        building rplan graph layers, up to layer [15];
        goal constraints;
        building exclusion constraints --> up to layer 15...

DECISION LAYER 15, WRITING ACTION-BASED ENCODING WITH 17388 VARS, 599677 CLAUSES.
20 G clauses, 26815 A clauses, 572842 E clauses.c CNF file planning task -p , -o /home/matheus/repo/acervo-2010/planejadores_analise_resultados/comp/pathways/Strips/domain_p16.pddl, -f /home/matheus/repo/acervo-2010/planejadores_analise_resultados/comp/pathways/Strips/p16.pddl, bound 15, action based encoding
In building up solver: p cnf 17388 599677
==================================[ MINISAT ]===================================
| Conflicts |     ORIGINAL     |              LEARNT              | Progress |
|           | Clauses Literals |   Limit Clauses Literals  Lit/Cl |          |
==============================================================================
|         0 |  599677  1550212 |  199892       0        0     0.0 |  0.000 % |
|       100 |  599608  1550074 |  219881      94     1704    18.1 | 12.733 % |
==============================================================================
Totoal time used by londex constraint checking is [B0.010000][L0.000000],apply counts 1296, apply_generated 0
restarts          :            2
conflicts         :          156           (     3900 / sec      )
decisions         :          339           (     8475 / sec      )
propagations      :       113778           (  2844450 / sec      )
inspects          :       155006           (  3875150 / sec      )
conflict literals :         1953           (    11.83 % deleted  )
CPU time          :         0.04 sec
UNSATISFIABLE

******  Solve with 16 layers Start******

creating action-based encoding:
        building rplan graph layers, up to layer [16];
        goal constraints;
        building exclusion constraints --> up to layer 16...

DECISION LAYER 16, WRITING ACTION-BASED ENCODING WITH 19292 VARS, 683492 CLAUSES.
20 G clauses, 29894 A clauses, 653578 E clauses.c CNF file planning task -p , -o /home/matheus/repo/acervo-2010/planejadores_analise_resultados/comp/pathways/Strips/domain_p16.pddl, -f /home/matheus/repo/acervo-2010/planejadores_analise_resultados/comp/pathways/Strips/p16.pddl, bound 16, action based encoding
In building up solver: p cnf 19292 683492
==================================[ MINISAT ]===================================
| Conflicts |     ORIGINAL     |              LEARNT              | Progress |
|           | Clauses Literals |   Limit Clauses Literals  Lit/Cl |          |
==============================================================================
|         0 |  683492  1767522 |  227830       0        0     0.0 |  0.000 % |
|       100 |  683492  1767522 |  250613     100     3323    33.2 |  0.001 % |
|       250 |  683424  1767385 |  275674     248    11579    46.7 |  2.229 % |
|       475 |  683424  1767385 |  303242     467    22880    49.0 |  2.701 % |
|       812 |  683424  1767385 |  333566     802    41302    51.5 |  3.074 % |
|      1318 |  683424  1767385 |  366922    1307   105809    81.0 |  3.080 % |
==============================================================================
Totoal time used by londex constraint checking is [B0.100000][L0.130000],apply counts 16203, apply_generated 0
restarts          :            6
conflicts         :         1877           (     3476 / sec      )
decisions         :         2832           (     5244 / sec      )
propagations      :      1822439           (  3374887 / sec      )
inspects          :      2830009           (  5240757 / sec      )
conflict literals :       162707           (    14.90 % deleted  )
CPU time          :         0.54 sec
UNSATISFIABLE

******  Solve with 17 layers Start******

creating action-based encoding:
        building rplan graph layers, up to layer [17];
        goal constraints;
        building exclusion constraints --> up to layer 17...

DECISION LAYER 17, WRITING ACTION-BASED ENCODING WITH 21252 VARS, 772863 CLAUSES.
20 G clauses, 33084 A clauses, 739759 E clauses.c CNF file planning task -p , -o /home/matheus/repo/acervo-2010/planejadores_analise_resultados/comp/pathways/Strips/domain_p16.pddl, -f /home/matheus/repo/acervo-2010/planejadores_analise_resultados/comp/pathways/Strips/p16.pddl, bound 17, action based encoding
In building up solver: p cnf 21252 772863
==================================[ MINISAT ]===================================
| Conflicts |     ORIGINAL     |              LEARNT              | Progress |
|           | Clauses Literals |   Limit Clauses Literals  Lit/Cl |          |
==============================================================================
|         0 |  772863  1999134 |  257621       0        0     0.0 |  0.000 % |
|       100 |  772863  1999134 |  283383     100     1021    10.2 |  0.001 % |
|       250 |  769601  1992307 |  311721     247     2898    11.7 |  2.028 % |
|       476 |  769601  1992307 |  342894     472    15421    32.7 |  2.033 % |
|       813 |  769601  1992307 |  377183     809    42333    52.3 |  2.033 % |
|      1319 |  769601  1992307 |  414901    1313    94356    71.9 |  2.310 % |
|      2078 |  769601  1992307 |  456391    2070   221627   107.1 |  2.461 % |
|      3217 |  769601  1992307 |  502030    3208   323038   100.7 |  2.871 % |
|      4925 |  768092  1989121 |  552233    4862   579172   119.1 |  7.788 % |
|      7488 |  684481  1821669 |  607457    7124   805061   113.0 |  7.901 % |
==============================================================================
Totoal time used by londex constraint checking is [B0.730000][L0.600000],apply counts 92898, apply_generated 0
restarts          :           10
conflicts         :        10853           (     3434 / sec      )
decisions         :        16683           (     5279 / sec      )
propagations      :      8397233           (  2657352 / sec      )
inspects          :     14475833           (  4580960 / sec      )
conflict literals :      1143223           (    20.75 % deleted  )
CPU time          :         3.16 sec
UNSATISFIABLE

******  Solve with 18 layers Start******

creating action-based encoding:
        building rplan graph layers, up to layer [18];
        goal constraints;
        building exclusion constraints --> up to layer 18...

DECISION LAYER 18, WRITING ACTION-BASED ENCODING WITH 23268 VARS, 867845 CLAUSES.
20 G clauses, 36385 A clauses, 831440 E clauses.c CNF file planning task -p , -o /home/matheus/repo/acervo-2010/planejadores_analise_resultados/comp/pathways/Strips/domain_p16.pddl, -f /home/matheus/repo/acervo-2010/planejadores_analise_resultados/comp/pathways/Strips/p16.pddl, bound 18, action based encoding
In building up solver: p cnf 23268 867845
==================================[ MINISAT ]===================================
| Conflicts |     ORIGINAL     |              LEARNT              | Progress |
|           | Clauses Literals |   Limit Clauses Literals  Lit/Cl |          |
==============================================================================
|         0 |  867845  2245158 |  289281       0        0     0.0 |  0.000 % |
|       100 |  867845  2245158 |  318209     100     1670    16.7 |  0.000 % |
|       250 |  864583  2238331 |  350030     246     7060    28.7 |  2.119 % |
|       475 |  864583  2238331 |  385033     470    35803    76.2 |  2.180 % |
|       812 |  864583  2238331 |  423536     807    46468    57.6 |  2.179 % |
|      1318 |  864583  2238331 |  465890    1311   117554    89.7 |  2.304 % |
|      2078 |  864583  2238331 |  512479    2066   172359    83.4 |  2.686 % |
|      3218 |  864583  2238331 |  563727    3205   321799   100.4 |  2.789 % |
|      4927 |  863246  2235603 |  620100    4870   455430    93.5 |  2.850 % |
|      7489 |  863246  2235603 |  682109    7431   625739    84.2 |  2.910 % |
|     11334 |  862560  2234139 |  750320   11262   974993    86.6 |  3.284 % |
|     17100 |  862362  2233686 |  825352   16180  1561668    96.5 |  3.314 % |
|     25749 |  861912  2232676 |  907888   24547  2105603    85.8 |  3.507 % |
|     38723 |  773462  2055635 |  998676   36195  3211157    88.7 |  7.680 % |
|     58184 |  751694  2004766 | 1098544   53549  4254830    79.5 |  8.385 % |
|     87376 |  730993  1956317 | 1208399   79713  5778416    72.5 | 10.147 % |
==============================================================================
Totoal time used by londex constraint checking is [B5.750000][L5.400000],apply counts 752701, apply_generated 0
restarts          :           16
conflicts         :        94229           (     3420 / sec      )
decisions         :       116934           (     4244 / sec      )
propagations      :     52511156           (  1906031 / sec      )
inspects          :    246020070           (  8929948 / sec      )
conflict literals :      6604110           (    37.19 % deleted  )
CPU time          :        27.55 sec
UNSATISFIABLE

******  Solve with 19 layers Start******

creating action-based encoding:
        building rplan graph layers, up to layer [19];
        goal constraints;
        building exclusion constraints --> up to layer 19...

DECISION LAYER 19, WRITING ACTION-BASED ENCODING WITH 25340 VARS, 968493 CLAUSES.
20 G clauses, 39797 A clauses, 928676 E clauses.c CNF file planning task -p , -o /home/matheus/repo/acervo-2010/planejadores_analise_resultados/comp/pathways/Strips/domain_p16.pddl, -f /home/matheus/repo/acervo-2010/planejadores_analise_resultados/comp/pathways/Strips/p16.pddl, bound 19, action based encoding
In building up solver: p cnf 25340 968493
==================================[ MINISAT ]===================================
| Conflicts |     ORIGINAL     |              LEARNT              | Progress |
|           | Clauses Literals |   Limit Clauses Literals  Lit/Cl |          |
==============================================================================
|         0 |  968493  2505704 |  322831       0        0     0.0 |  0.000 % |
|       100 |  968493  2505704 |  355114     100     7447    74.5 |  0.000 % |
|       251 |  965231  2498877 |  390626     248     9810    39.6 |  1.697 % |
|       477 |  965231  2498877 |  429688     473    14457    30.6 |  1.753 % |
|       814 |  965231  2498877 |  472657     810    19400    24.0 |  1.752 % |
|      1320 |  965231  2498877 |  519923    1315    34577    26.3 |  1.831 % |
|      2079 |  965231  2498877 |  571915    2073   100615    48.5 |  2.061 % |
|      3219 |  965231  2498877 |  629106    3212   180775    56.3 |  2.230 % |
|      4927 |  965231  2498877 |  692017    4917   494099   100.5 |  2.439 % |
|      7489 |  964036  2496413 |  761219    7425   832699   112.1 |  2.439 % |
|     11333 |  964036  2496413 |  837340   11268   978510    86.8 |  2.447 % |
|     17099 |  963985  2496310 |  921075   17030  1529717    89.8 |  2.557 % |
|     25748 |  963985  2496310 | 1013182   25679  1928093    75.1 |  2.557 % |
|     38722 |  963948  2496235 | 1114500   38648  3102164    80.3 |  2.633 % |
|     58184 |  963948  2496235 | 1225950   58108  8352830   143.7 |  2.979 % |
|     87376 |  963179  2494592 | 1348545   87143 10133061   116.3 |  3.011 % |
|    131165 |  962746  2493673 | 1483400  125570 20112137   160.2 |  3.370 % |
|    196850 |  936929  2434143 | 1631740  191243 24038428   125.7 |  4.089 % |
|    295376 |  920017  2395110 | 1794914  289313 32818329   113.4 |  4.886 % |
|    443167 |  919657  2394363 | 1974405  429507 43356430   100.9 |  5.043 % |
|    664851 |  904616  2359836 | 2171846  568627 51436471    90.5 |  5.848 % |
==============================================================================
Totoal time used by londex constraint checking is [B33.510000][L34.450000],apply counts 4413497, apply_generated 0
restarts          :           21
conflicts         :       668735           (     1880 / sec      )
decisions         :       754709           (     2122 / sec      )
propagations      :    296154876           (   832714 / sec      )
inspects          :   7496211947           ( 21077497 / sec      )
conflict literals :     56781237           (    39.51 % deleted  )
CPU time          :       355.65 sec
UNSATISFIABLE

******  Solve with 20 layers Start******

creating action-based encoding:
        building rplan graph layers, up to layer [20];
        goal constraints;
        building exclusion constraints --> up to layer 20...

DECISION LAYER 20, WRITING ACTION-BASED ENCODING WITH 27468 VARS, 1074862 CLAUSES.
20 G clauses, 43320 A clauses, 1031522 E clauses.c CNF file planning task -p , -o /home/matheus/repo/acervo-2010/planejadores_analise_resultados/comp/pathways/Strips/domain_p16.pddl, -f /home/matheus/repo/acervo-2010/planejadores_analise_resultados/comp/pathways/Strips/p16.pddl, bound 20, action based encoding
In building up solver: p cnf 27468 1074862
==================================[ MINISAT ]===================================
| Conflicts |     ORIGINAL     |              LEARNT              | Progress |
|           | Clauses Literals |   Limit Clauses Literals  Lit/Cl |          |
==============================================================================
|         0 | 1074862  2780882 |  358287       0        0     0.0 |  0.000 % |
|       101 | 1074862  2780882 |  394116     101     1320    13.1 |  0.000 % |
|       251 | 1074862  2780882 |  433527     251     3134    12.5 |  0.000 % |
|       476 | 1073408  2777835 |  476880     473    27011    57.1 |  1.617 % |
|       814 | 1073408  2777835 |  524568     807    35341    43.8 |  1.981 % |
|      1320 | 1073408  2777835 |  577025    1312    56193    42.8 |  2.032 % |
|      2079 | 1073408  2777835 |  634727    2070    91900    44.4 |  2.083 % |
|      3218 | 1073408  2777835 |  698200    3208   147685    46.0 |  2.156 % |
|      4926 | 1073408  2777835 |  768020    4916   248613    50.6 |  2.155 % |
|      7488 | 1073408  2777835 |  844822    7477   402613    53.8 |  2.243 % |
|     11332 | 1070540  2771879 |  929304   11313   593756    52.5 |  2.243 % |
|     17098 | 1070540  2771879 | 1022235   17078   903237    52.9 |  2.399 % |
|     25747 | 1070540  2771879 | 1124458   25725  2315339    90.0 |  2.469 % |
|     38721 | 1070046  2770841 | 1236904   38655  4327335   111.9 |  2.476 % |
|     58182 | 1069794  2770323 | 1360594   58111  8203093   141.2 |  2.614 % |
|     87374 | 1069794  2770323 | 1496654   87303 11387076   130.4 |  2.614 % |
|    131163 | 1069767  2770265 | 1646319  131090 15710087   119.8 |  2.931 % |
|    196848 | 1069767  2770265 | 1810951  196775 34916207   177.4 |  2.931 % |
|    295374 | 1069187  2769017 | 1992046  295291 63221208   214.1 |  2.945 % |
|    443164 | 1069171  2768983 | 2191251  443079 135263467   305.3 |  2.953 % |
