MaxPlanII beta.

bb: parsing domain file
domain 'GROUNDED-PATHWAYS-PROPOSITIONAL' defined
 ... done.
bb: parsing problem file
problem 'GROUNDED-PATHWAYS-17' defined
 ... done.


******  Solve with 1 layers Start******

creating action-based encoding:
        building rplan graph layers, up to layer [1];
        goal constraints;

no achiever in for goal?? deadline too low!#001


******  Solve with 2 layers Start******

creating action-based encoding:
        building rplan graph layers, up to layer [2];
        goal constraints;

no achiever in for goal?? deadline too low!#001


******  Solve with 3 layers Start******

creating action-based encoding:
        building rplan graph layers, up to layer [3];
        goal constraints;

no achiever in for goal?? deadline too low!#001


******  Solve with 4 layers Start******

creating action-based encoding:
        building rplan graph layers, up to layer [4];
        goal constraints;

no achiever in for goal?? deadline too low!#001


******  Solve with 5 layers Start******

creating action-based encoding:
        building rplan graph layers, up to layer [5];
        goal constraints;

no achiever in for goal?? deadline too low!#001


******  Solve with 6 layers Start******

creating action-based encoding:
        building rplan graph layers, up to layer [6];
        goal constraints;

no achiever in for goal?? deadline too low!#001


******  Solve with 7 layers Start******

creating action-based encoding:
        building rplan graph layers, up to layer [7];
        goal constraints;

no achiever in for goal?? deadline too low!#001


******  Solve with 8 layers Start******

creating action-based encoding:
        building rplan graph layers, up to layer [8];
        goal constraints;

no achiever in for goal?? deadline too low!#001


******  Solve with 9 layers Start******

creating action-based encoding:
        building rplan graph layers, up to layer [9];
        goal constraints;

no achiever in for goal?? deadline too low!#001


******  Solve with 10 layers Start******

creating action-based encoding:
        building rplan graph layers, up to layer [10];
        goal constraints;

no achiever in for goal?? deadline too low!#001


******  Solve with 11 layers Start******

creating action-based encoding:
        building rplan graph layers, up to layer [11];
        goal constraints;

no achiever in for goal?? deadline too low!#001


******  Solve with 12 layers Start******

creating action-based encoding:
        building rplan graph layers, up to layer [12];
        goal constraints;

no achiever in for goal?? deadline too low!#001


******  Solve with 13 layers Start******

creating action-based encoding:
        building rplan graph layers, up to layer [13];
        goal constraints;
        building exclusion constraints --> up to layer 13...

DECISION LAYER 13, WRITING ACTION-BASED ENCODING WITH 14477 VARS, 522854 CLAUSES.
21 G clauses, 22307 A clauses, 500526 E clauses.c CNF file planning task -p , -o /home/matheus/repo/acervo-2010/planejadores_analise_resultados/comp/pathways/Strips/domain_p17.pddl, -f /home/matheus/repo/acervo-2010/planejadores_analise_resultados/comp/pathways/Strips/p17.pddl, bound 13, action based encoding
In building up solver: p cnf 14477 522854
==================================[ MINISAT ]===================================
| Conflicts |     ORIGINAL     |              LEARNT              | Progress |
|           | Clauses Literals |   Limit Clauses Literals  Lit/Cl |          |
==============================================================================
|         0 |  522854  1353821 |  174284       0        0     0.0 |  0.000 % |
==============================================================================
Totoal time used by londex constraint checking is [B0.000000][L0.000000],apply counts 13, apply_generated 0
restarts          :            1
conflicts         :            2           (      inf / sec      )
decisions         :            1           (      inf / sec      )
propagations      :         1983           (      inf / sec      )
inspects          :         2298           (      inf / sec      )
conflict literals :            1           (     0.00 % deleted  )
CPU time          :         0.00 sec
UNSATISFIABLE

******  Solve with 14 layers Start******

creating action-based encoding:
        building rplan graph layers, up to layer [14];
        goal constraints;
        building exclusion constraints --> up to layer 14...

DECISION LAYER 14, WRITING ACTION-BASED ENCODING WITH 16424 VARS, 608369 CLAUSES.
21 G clauses, 25434 A clauses, 582914 E clauses.c CNF file planning task -p , -o /home/matheus/repo/acervo-2010/planejadores_analise_resultados/comp/pathways/Strips/domain_p17.pddl, -f /home/matheus/repo/acervo-2010/planejadores_analise_resultados/comp/pathways/Strips/p17.pddl, bound 14, action based encoding
In building up solver: p cnf 16424 608369
==================================[ MINISAT ]===================================
| Conflicts |     ORIGINAL     |              LEARNT              | Progress |
|           | Clauses Literals |   Limit Clauses Literals  Lit/Cl |          |
==============================================================================
|         0 |  608369  1576184 |  202789       0        0     0.0 |  0.000 % |
==============================================================================
Totoal time used by londex constraint checking is [B0.010000][L0.000000],apply counts 124, apply_generated 0
restarts          :            1
conflicts         :            9           (      450 / sec      )
decisions         :           14           (      700 / sec      )
propagations      :         5415           (   270750 / sec      )
inspects          :         6601           (   330050 / sec      )
conflict literals :           65           (     0.00 % deleted  )
CPU time          :         0.02 sec
UNSATISFIABLE

******  Solve with 15 layers Start******

creating action-based encoding:
        building rplan graph layers, up to layer [15];
        goal constraints;
        building exclusion constraints --> up to layer 15...

DECISION LAYER 15, WRITING ACTION-BASED ENCODING WITH 18432 VARS, 700275 CLAUSES.
21 G clauses, 28682 A clauses, 671572 E clauses.c CNF file planning task -p , -o /home/matheus/repo/acervo-2010/planejadores_analise_resultados/comp/pathways/Strips/domain_p17.pddl, -f /home/matheus/repo/acervo-2010/planejadores_analise_resultados/comp/pathways/Strips/p17.pddl, bound 15, action based encoding
In building up solver: p cnf 18432 700275
==================================[ MINISAT ]===================================
| Conflicts |     ORIGINAL     |              LEARNT              | Progress |
|           | Clauses Literals |   Limit Clauses Literals  Lit/Cl |          |
==============================================================================
|         0 |  700275  1815109 |  233425       0        0     0.0 |  0.000 % |
==============================================================================
Totoal time used by londex constraint checking is [B0.000000][L0.000000],apply counts 470, apply_generated 0
restarts          :            1
conflicts         :           52           (     2600 / sec      )
decisions         :          120           (     6000 / sec      )
propagations      :        33363           (  1668150 / sec      )
inspects          :        41715           (  2085750 / sec      )
conflict literals :          635           (     0.63 % deleted  )
CPU time          :         0.02 sec
UNSATISFIABLE

******  Solve with 16 layers Start******

creating action-based encoding:
        building rplan graph layers, up to layer [16];
        goal constraints;
        building exclusion constraints --> up to layer 16...

DECISION LAYER 16, WRITING ACTION-BASED ENCODING WITH 20501 VARS, 798632 CLAUSES.
21 G clauses, 32051 A clauses, 766560 E clauses.c CNF file planning task -p , -o /home/matheus/repo/acervo-2010/planejadores_analise_resultados/comp/pathways/Strips/domain_p17.pddl, -f /home/matheus/repo/acervo-2010/planejadores_analise_resultados/comp/pathways/Strips/p17.pddl, bound 16, action based encoding
In building up solver: p cnf 20501 798632
==================================[ MINISAT ]===================================
| Conflicts |     ORIGINAL     |              LEARNT              | Progress |
|           | Clauses Literals |   Limit Clauses Literals  Lit/Cl |          |
==============================================================================
|         0 |  798632  2070716 |  266210       0        0     0.0 |  0.000 % |
|       100 |  798558  2070568 |  292831      98      695     7.1 |  1.888 % |
==============================================================================
Totoal time used by londex constraint checking is [B0.030000][L0.010000],apply counts 1766, apply_generated 0
restarts          :            2
conflicts         :          233           (     4660 / sec      )
decisions         :          470           (     9400 / sec      )
propagations      :       206136           (  4122720 / sec      )
inspects          :       289805           (  5796100 / sec      )
conflict literals :         6040           (     9.74 % deleted  )
CPU time          :         0.05 sec
UNSATISFIABLE

******  Solve with 17 layers Start******

creating action-based encoding:
        building rplan graph layers, up to layer [17];
        goal constraints;
        building exclusion constraints --> up to layer 17...

DECISION LAYER 17, WRITING ACTION-BASED ENCODING WITH 22631 VARS, 903500 CLAUSES.
21 G clauses, 35541 A clauses, 867938 E clauses.c CNF file planning task -p , -o /home/matheus/repo/acervo-2010/planejadores_analise_resultados/comp/pathways/Strips/domain_p17.pddl, -f /home/matheus/repo/acervo-2010/planejadores_analise_resultados/comp/pathways/Strips/p17.pddl, bound 17, action based encoding
In building up solver: p cnf 22631 903500
==================================[ MINISAT ]===================================
| Conflicts |     ORIGINAL     |              LEARNT              | Progress |
|           | Clauses Literals |   Limit Clauses Literals  Lit/Cl |          |
==============================================================================
|         0 |  903500  2343125 |  301166       0        0     0.0 |  0.000 % |
|       100 |  903500  2343125 |  331283     100     4509    45.1 |  0.001 % |
|       250 |  903500  2343125 |  364411     250    10181    40.7 |  0.000 % |
|       475 |  900622  2337038 |  400852     469    43805    93.4 |  1.675 % |
|       813 |  900622  2337038 |  440937     803    55846    69.5 |  2.271 % |
|      1320 |  900622  2337038 |  485031    1307    70855    54.2 |  2.656 % |
|      2079 |  900622  2337038 |  533534    2065    81433    39.4 |  2.669 % |
|      3218 |  900622  2337038 |  586887    3204   101887    31.8 |  2.669 % |
|      4928 |  900622  2337038 |  645576    4905   187332    38.2 |  3.160 % |
==============================================================================
Totoal time used by londex constraint checking is [B0.390000][L0.320000],apply counts 47133, apply_generated 0
restarts          :            9
conflicts         :         5565           (     4561 / sec      )
decisions         :         9277           (     7604 / sec      )
propagations      :      2676184           (  2193593 / sec      )
inspects          :      4655714           (  3816159 / sec      )
conflict literals :       215664           (    19.07 % deleted  )
CPU time          :         1.22 sec
UNSATISFIABLE

******  Solve with 18 layers Start******

creating action-based encoding:
        building rplan graph layers, up to layer [18];
        goal constraints;
        building exclusion constraints --> up to layer 18...

DECISION LAYER 18, WRITING ACTION-BASED ENCODING WITH 24822 VARS, 1014939 CLAUSES.
21 G clauses, 39152 A clauses, 975766 E clauses.c CNF file planning task -p , -o /home/matheus/repo/acervo-2010/planejadores_analise_resultados/comp/pathways/Strips/domain_p17.pddl, -f /home/matheus/repo/acervo-2010/planejadores_analise_resultados/comp/pathways/Strips/p17.pddl, bound 18, action based encoding
In building up solver: p cnf 24822 1014939
==================================[ MINISAT ]===================================
| Conflicts |     ORIGINAL     |              LEARNT              | Progress |
|           | Clauses Literals |   Limit Clauses Literals  Lit/Cl |          |
==============================================================================
|         0 | 1014939  2632456 |  338313       0        0     0.0 |  0.000 % |
|       101 | 1014939  2632456 |  372144     101     1293    12.8 |  0.000 % |
|       251 | 1012062  2626372 |  409359     246     7193    29.2 |  1.527 % |
|       476 | 1012062  2626372 |  450295     471    11750    24.9 |  1.527 % |
|       813 | 1012062  2626372 |  495324     806    44634    55.4 |  1.672 % |
|      1319 | 1012062  2626372 |  544856    1312   104228    79.4 |  1.672 % |
|      2079 | 1012062  2626372 |  599342    2072   135104    65.2 |  1.672 % |
|      3218 | 1012062  2626372 |  659276    3208   336234   104.8 |  2.289 % |
|      4926 | 1012062  2626372 |  725204    4915   468475    95.3 |  2.345 % |
|      7488 | 1010345  2622816 |  797724    7471  1297924   173.7 |  2.833 % |
|     11332 | 1010345  2622816 |  877497   11310  2127209   188.1 |  7.522 % |
==============================================================================
Totoal time used by londex constraint checking is [B0.930000][L0.840000],apply counts 127168, apply_generated 0
restarts          :           11
conflicts         :        13845           (     1841 / sec      )
decisions         :        19771           (     2629 / sec      )
propagations      :     16067418           (  2136625 / sec      )
inspects          :     26970415           (  3586491 / sec      )
conflict literals :      2624530           (    26.69 % deleted  )
CPU time          :         7.52 sec
UNSATISFIABLE

******  Solve with 19 layers Start******

creating action-based encoding:
        building rplan graph layers, up to layer [19];
        goal constraints;
        building exclusion constraints --> up to layer 19...

DECISION LAYER 19, WRITING ACTION-BASED ENCODING WITH 27074 VARS, 1133009 CLAUSES.
21 G clauses, 42884 A clauses, 1090104 E clauses.c CNF file planning task -p , -o /home/matheus/repo/acervo-2010/planejadores_analise_resultados/comp/pathways/Strips/domain_p17.pddl, -f /home/matheus/repo/acervo-2010/planejadores_analise_resultados/comp/pathways/Strips/p17.pddl, bound 19, action based encoding
In building up solver: p cnf 27074 1133009
==================================[ MINISAT ]===================================
| Conflicts |     ORIGINAL     |              LEARNT              | Progress |
|           | Clauses Literals |   Limit Clauses Literals  Lit/Cl |          |
==============================================================================
|         0 | 1133009  2938829 |  377669       0        0     0.0 |  0.000 % |
|       100 | 1133009  2938829 |  415436     100     1056    10.6 |  0.000 % |
|       250 | 1130132  2932745 |  456979     249     5936    23.8 |  1.400 % |
|       475 | 1130132  2932745 |  502677     473    11245    23.8 |  1.452 % |
|       812 | 1130132  2932745 |  552945     809    18845    23.3 |  1.740 % |
|      1318 | 1130132  2932745 |  608240    1314    52908    40.3 |  1.792 % |
|      2077 | 1130132  2932745 |  669064    2073    79340    38.3 |  1.792 % |
|      3217 | 1130132  2932745 |  735970    3211   159238    49.6 |  2.328 % |
|      4925 | 1130132  2932745 |  809567    4917   566971   115.3 |  2.405 % |
|      7487 | 1128359  2929072 |  890524    7437   955859   128.5 |  2.726 % |
|     11331 | 1127572  2927414 |  979576   11221  2142780   191.0 |  2.745 % |
|     17097 | 1127394  2926996 | 1077534   15673  2708242   172.8 |  2.826 % |
|     25747 | 1019914  2711251 | 1185287   22013  5694700   258.7 | 10.907 % |
|     38721 |  874087  2404130 | 1303816   30736  9209771   299.6 | 12.016 % |
==============================================================================
Totoal time used by londex constraint checking is [B3.490000][L3.700000],apply counts 511116, apply_generated 0
restarts          :           14
conflicts         :        44309           (     1071 / sec      )
decisions         :        57571           (     1391 / sec      )
propagations      :     68838995           (  1663581 / sec      )
inspects          :    141497700           (  3419471 / sec      )
conflict literals :     12611468           (    37.57 % deleted  )
CPU time          :        41.38 sec
UNSATISFIABLE

******  Solve with 20 layers Start******

creating action-based encoding:
        building rplan graph layers, up to layer [20];
        goal constraints;
        building exclusion constraints --> up to layer 20...

DECISION LAYER 20, WRITING ACTION-BASED ENCODING WITH 29387 VARS, 1257770 CLAUSES.
21 G clauses, 46737 A clauses, 1211012 E clauses.c CNF file planning task -p , -o /home/matheus/repo/acervo-2010/planejadores_analise_resultados/comp/pathways/Strips/domain_p17.pddl, -f /home/matheus/repo/acervo-2010/planejadores_analise_resultados/comp/pathways/Strips/p17.pddl, bound 20, action based encoding
In building up solver: p cnf 29387 1257770
==================================[ MINISAT ]===================================
| Conflicts |     ORIGINAL     |              LEARNT              | Progress |
|           | Clauses Literals |   Limit Clauses Literals  Lit/Cl |          |
==============================================================================
|         0 | 1257770  3262364 |  419256       0        0     0.0 |  0.000 % |
|       101 | 1257770  3262364 |  461182     101     8794    87.1 |  0.000 % |
|       251 | 1257770  3262364 |  507300     251    13954    55.6 |  0.000 % |
|       476 | 1257770  3262364 |  558030     476    19084    40.1 |  0.000 % |
|       813 | 1236070  3212251 |  613833     810    82659   102.0 |  1.722 % |
|      1319 | 1236070  3212251 |  675216    1316    98933    75.2 |  1.722 % |
|      2079 | 1236070  3212251 |  742738    2076   155314    74.8 |  1.722 % |
|      3218 | 1236070  3212251 |  817011    3214   300049    93.4 |  1.988 % |
|      4926 | 1232438  3204640 |  898712    4918   818946   166.5 |  2.042 % |
|      7488 | 1232438  3204640 |  988584    7479  1148731   153.6 |  2.110 % |
|     11332 | 1232438  3204640 | 1087442   11323  2432751   214.9 |  2.110 % |
|     17099 | 1232123  3203946 | 1196186   17078  5949813   348.4 |  2.896 % |
|     25748 | 1197489  3123889 | 1315805   25703 10854016   422.3 |  2.944 % |
|     38722 | 1197451  3123812 | 1447385   38674 18402190   475.8 |  3.032 % |
|     58183 | 1197451  3123812 | 1592124   58134 35815720   616.1 |  3.080 % |
|     87375 | 1197017  3122938 | 1751336   87295 51981797   595.5 |  3.988 % |
|    131164 | 1194733  3118149 | 1926470  128496 85532338   665.6 |  4.213 % |
|    196848 | 1194280  3117114 | 2119117  180079 114221864   634.3 |  4.982 % |
|    295375 | 1160563  3039125 | 2331029  261131 169160885   647.8 |  5.350 % |
