MaxPlanII beta.

bb: parsing domain file
domain 'GROUNDED-PATHWAYS-PROPOSITIONAL' defined
 ... done.
bb: parsing problem file
problem 'GROUNDED-PATHWAYS-21' defined
 ... done.


******  Solve with 1 layers Start******

creating action-based encoding:
        building rplan graph layers, up to layer [1];
        goal constraints;

no achiever in for goal?? deadline too low!#001


******  Solve with 2 layers Start******

creating action-based encoding:
        building rplan graph layers, up to layer [2];
        goal constraints;

no achiever in for goal?? deadline too low!#001


******  Solve with 3 layers Start******

creating action-based encoding:
        building rplan graph layers, up to layer [3];
        goal constraints;

no achiever in for goal?? deadline too low!#001


******  Solve with 4 layers Start******

creating action-based encoding:
        building rplan graph layers, up to layer [4];
        goal constraints;

no achiever in for goal?? deadline too low!#001


******  Solve with 5 layers Start******

creating action-based encoding:
        building rplan graph layers, up to layer [5];
        goal constraints;

no achiever in for goal?? deadline too low!#001


******  Solve with 6 layers Start******

creating action-based encoding:
        building rplan graph layers, up to layer [6];
        goal constraints;

no achiever in for goal?? deadline too low!#001


******  Solve with 7 layers Start******

creating action-based encoding:
        building rplan graph layers, up to layer [7];
        goal constraints;

no achiever in for goal?? deadline too low!#001


******  Solve with 8 layers Start******

creating action-based encoding:
        building rplan graph layers, up to layer [8];
        goal constraints;

no achiever in for goal?? deadline too low!#001


******  Solve with 9 layers Start******

creating action-based encoding:
        building rplan graph layers, up to layer [9];
        goal constraints;

no achiever in for goal?? deadline too low!#001


******  Solve with 10 layers Start******

creating action-based encoding:
        building rplan graph layers, up to layer [10];
        goal constraints;

no achiever in for goal?? deadline too low!#001


******  Solve with 11 layers Start******

creating action-based encoding:
        building rplan graph layers, up to layer [11];
        goal constraints;

no achiever in for goal?? deadline too low!#001


******  Solve with 12 layers Start******

creating action-based encoding:
        building rplan graph layers, up to layer [12];
        goal constraints;
        building exclusion constraints --> up to layer 12...

DECISION LAYER 12, WRITING ACTION-BASED ENCODING WITH 12860 VARS, 455334 CLAUSES.
28 G clauses, 19431 A clauses, 435875 E clauses.c CNF file planning task -p , -o /home/matheus/repo/acervo-2010/planejadores_analise_resultados/comp/pathways/Strips/domain_p21.pddl, -f /home/matheus/repo/acervo-2010/planejadores_analise_resultados/comp/pathways/Strips/p21.pddl, bound 12, action based encoding
In building up solver: p cnf 12860 455334
==================================[ MINISAT ]===================================
| Conflicts |     ORIGINAL     |              LEARNT              | Progress |
|           | Clauses Literals |   Limit Clauses Literals  Lit/Cl |          |
==============================================================================
|         0 |  455334  1179220 |  151778       0        0     0.0 |  0.000 % |
==============================================================================
Totoal time used by londex constraint checking is [B0.000000][L0.000000],apply counts 14, apply_generated 0
restarts          :            1
conflicts         :            3           (      inf / sec      )
decisions         :            2           (      inf / sec      )
propagations      :         1950           (      inf / sec      )
inspects          :         2258           (      inf / sec      )
conflict literals :            2           (     0.00 % deleted  )
CPU time          :         0.00 sec
UNSATISFIABLE

******  Solve with 13 layers Start******

creating action-based encoding:
        building rplan graph layers, up to layer [13];
        goal constraints;
        building exclusion constraints --> up to layer 13...

DECISION LAYER 13, WRITING ACTION-BASED ENCODING WITH 14712 VARS, 535917 CLAUSES.
28 G clauses, 22349 A clauses, 513540 E clauses.c CNF file planning task -p , -o /home/matheus/repo/acervo-2010/planejadores_analise_resultados/comp/pathways/Strips/domain_p21.pddl, -f /home/matheus/repo/acervo-2010/planejadores_analise_resultados/comp/pathways/Strips/p21.pddl, bound 13, action based encoding
In building up solver: p cnf 14712 535917
==================================[ MINISAT ]===================================
| Conflicts |     ORIGINAL     |              LEARNT              | Progress |
|           | Clauses Literals |   Limit Clauses Literals  Lit/Cl |          |
==============================================================================
|         0 |  535917  1389145 |  178639       0        0     0.0 |  0.000 % |
==============================================================================
Totoal time used by londex constraint checking is [B0.000000][L0.000000],apply counts 78, apply_generated 0
restarts          :            1
conflicts         :           14           (      inf / sec      )
decisions         :           14           (      inf / sec      )
propagations      :         3536           (      inf / sec      )
inspects          :         4360           (      inf / sec      )
conflict literals :           28           (     6.67 % deleted  )
CPU time          :         0.00 sec
UNSATISFIABLE

******  Solve with 14 layers Start******

creating action-based encoding:
        building rplan graph layers, up to layer [14];
        goal constraints;
        building exclusion constraints --> up to layer 14...

DECISION LAYER 14, WRITING ACTION-BASED ENCODING WITH 16626 VARS, 623028 CLAUSES.
28 G clauses, 25390 A clauses, 597610 E clauses.c CNF file planning task -p , -o /home/matheus/repo/acervo-2010/planejadores_analise_resultados/comp/pathways/Strips/domain_p21.pddl, -f /home/matheus/repo/acervo-2010/planejadores_analise_resultados/comp/pathways/Strips/p21.pddl, bound 14, action based encoding
In building up solver: p cnf 16626 623028
==================================[ MINISAT ]===================================
| Conflicts |     ORIGINAL     |              LEARNT              | Progress |
|           | Clauses Literals |   Limit Clauses Literals  Lit/Cl |          |
==============================================================================
|         0 |  623028  1616030 |  207676       0        0     0.0 |  0.000 % |
==============================================================================
Totoal time used by londex constraint checking is [B0.000000][L0.000000],apply counts 655, apply_generated 0
restarts          :            1
conflicts         :           92           (     4600 / sec      )
decisions         :          195           (     9750 / sec      )
propagations      :        19685           (   984250 / sec      )
inspects          :        26790           (  1339500 / sec      )
conflict literals :          602           (     5.49 % deleted  )
CPU time          :         0.02 sec
UNSATISFIABLE

******  Solve with 15 layers Start******

creating action-based encoding:
        building rplan graph layers, up to layer [15];
        goal constraints;
        building exclusion constraints --> up to layer 15...

DECISION LAYER 15, WRITING ACTION-BASED ENCODING WITH 18602 VARS, 716728 CLAUSES.
28 G clauses, 28554 A clauses, 688146 E clauses.c CNF file planning task -p , -o /home/matheus/repo/acervo-2010/planejadores_analise_resultados/comp/pathways/Strips/domain_p21.pddl, -f /home/matheus/repo/acervo-2010/planejadores_analise_resultados/comp/pathways/Strips/p21.pddl, bound 15, action based encoding
In building up solver: p cnf 18602 716728
==================================[ MINISAT ]===================================
| Conflicts |     ORIGINAL     |              LEARNT              | Progress |
|           | Clauses Literals |   Limit Clauses Literals  Lit/Cl |          |
==============================================================================
|         0 |  716728  1859997 |  238909       0        0     0.0 |  0.000 % |
|       100 |  716728  1859997 |  262800     100     1377    13.8 |  0.001 % |
|       251 |  716722  1859984 |  289080     242     2436    10.1 |  0.043 % |
==============================================================================
Totoal time used by londex constraint checking is [B0.010000][L0.000000],apply counts 2152, apply_generated 0
restarts          :            3
conflicts         :          339           (     6780 / sec      )
decisions         :          614           (    12280 / sec      )
propagations      :        68935           (  1378700 / sec      )
inspects          :        97958           (  1959160 / sec      )
conflict literals :         3109           (     7.42 % deleted  )
CPU time          :         0.05 sec
UNSATISFIABLE

******  Solve with 16 layers Start******

creating action-based encoding:
        building rplan graph layers, up to layer [16];
        goal constraints;
        building exclusion constraints --> up to layer 16...

DECISION LAYER 16, WRITING ACTION-BASED ENCODING WITH 20640 VARS, 817078 CLAUSES.
28 G clauses, 31841 A clauses, 785209 E clauses.c CNF file planning task -p , -o /home/matheus/repo/acervo-2010/planejadores_analise_resultados/comp/pathways/Strips/domain_p21.pddl, -f /home/matheus/repo/acervo-2010/planejadores_analise_resultados/comp/pathways/Strips/p21.pddl, bound 16, action based encoding
In building up solver: p cnf 20640 817078
==================================[ MINISAT ]===================================
| Conflicts |     ORIGINAL     |              LEARNT              | Progress |
|           | Clauses Literals |   Limit Clauses Literals  Lit/Cl |          |
==============================================================================
|         0 |  817078  2121168 |  272359       0        0     0.0 |  0.000 % |
|       100 |  817078  2121168 |  299595     100     1388    13.9 |  0.001 % |
|       251 |  817078  2121168 |  329554     251     2564    10.2 |  0.000 % |
|       477 |  817072  2121155 |  362510     424     4390    10.4 |  0.010 % |
==============================================================================
Totoal time used by londex constraint checking is [B0.030000][L0.030000],apply counts 4638, apply_generated 0
restarts          :            4
conflicts         :          710           (     7100 / sec      )
decisions         :         1079           (    10790 / sec      )
propagations      :       126882           (  1268820 / sec      )
inspects          :       196123           (  1961230 / sec      )
conflict literals :         6422           (    25.26 % deleted  )
CPU time          :         0.10 sec
UNSATISFIABLE

******  Solve with 17 layers Start******

creating action-based encoding:
        building rplan graph layers, up to layer [17];
        goal constraints;
        building exclusion constraints --> up to layer 17...

DECISION LAYER 17, WRITING ACTION-BASED ENCODING WITH 22740 VARS, 924139 CLAUSES.
28 G clauses, 35251 A clauses, 888860 E clauses.c CNF file planning task -p , -o /home/matheus/repo/acervo-2010/planejadores_analise_resultados/comp/pathways/Strips/domain_p21.pddl, -f /home/matheus/repo/acervo-2010/planejadores_analise_resultados/comp/pathways/Strips/p21.pddl, bound 17, action based encoding
In building up solver: p cnf 22740 924139
==================================[ MINISAT ]===================================
| Conflicts |     ORIGINAL     |              LEARNT              | Progress |
|           | Clauses Literals |   Limit Clauses Literals  Lit/Cl |          |
==============================================================================
|         0 |  924139  2399665 |  308046       0        0     0.0 |  0.000 % |
|       100 |  924139  2399665 |  338851     100     1304    13.0 |  0.000 % |
|       250 |  924012  2399408 |  372736     248     3068    12.4 |  0.528 % |
|       475 |  924012  2399408 |  410009     471     4886    10.4 |  0.537 % |
|       812 |  924012  2399408 |  451010     807     9085    11.3 |  0.541 % |
|      1318 |  924012  2399408 |  496111    1307    14880    11.4 |  0.576 % |
==============================================================================
Totoal time used by londex constraint checking is [B0.080000][L0.040000],apply counts 10252, apply_generated 0
restarts          :            6
conflicts         :         1549           (     6735 / sec      )
decisions         :         2702           (    11748 / sec      )
propagations      :       311365           (  1353761 / sec      )
inspects          :       534913           (  2325709 / sec      )
conflict literals :        16693           (    27.22 % deleted  )
CPU time          :         0.23 sec
UNSATISFIABLE

******  Solve with 18 layers Start******

creating action-based encoding:
        building rplan graph layers, up to layer [18];
        goal constraints;
        building exclusion constraints --> up to layer 18...

DECISION LAYER 18, WRITING ACTION-BASED ENCODING WITH 24902 VARS, 1037972 CLAUSES.
28 G clauses, 38784 A clauses, 999160 E clauses.c CNF file planning task -p , -o /home/matheus/repo/acervo-2010/planejadores_analise_resultados/comp/pathways/Strips/domain_p21.pddl, -f /home/matheus/repo/acervo-2010/planejadores_analise_resultados/comp/pathways/Strips/p21.pddl, bound 18, action based encoding
In building up solver: p cnf 24902 1037972
==================================[ MINISAT ]===================================
| Conflicts |     ORIGINAL     |              LEARNT              | Progress |
|           | Clauses Literals |   Limit Clauses Literals  Lit/Cl |          |
==============================================================================
|         0 | 1037972  2695610 |  345990       0        0     0.0 |  0.000 % |
|       100 | 1037972  2695610 |  380589     100     5913    59.1 |  0.000 % |
|       250 | 1037946  2695558 |  418648     248     7461    30.1 |  1.602 % |
|       475 | 1037946  2695558 |  460513     471    15276    32.4 |  1.731 % |
|       813 | 1037946  2695558 |  506564     809    19641    24.3 |  1.731 % |
|      1320 | 1037946  2695558 |  557220    1316    26261    20.0 |  1.731 % |
|      2080 | 1037946  2695558 |  612942    2073    43631    21.0 |  2.077 % |
|      3220 | 1037946  2695558 |  674237    3212    62371    19.4 |  2.080 % |
|      4929 | 1037946  2695558 |  741660    4915    87633    17.8 |  2.502 % |
==============================================================================
Totoal time used by londex constraint checking is [B0.250000][L0.270000],apply counts 40091, apply_generated 0
restarts          :            9
conflicts         :         6235           (     6563 / sec      )
decisions         :         8275           (     8711 / sec      )
propagations      :      2052395           (  2160416 / sec      )
inspects          :      4563297           (  4803471 / sec      )
conflict literals :       105084           (    36.66 % deleted  )
CPU time          :         0.95 sec
UNSATISFIABLE

******  Solve with 19 layers Start******

creating action-based encoding:
        building rplan graph layers, up to layer [19];
        goal constraints;
        building exclusion constraints --> up to layer 19...

DECISION LAYER 19, WRITING ACTION-BASED ENCODING WITH 27126 VARS, 1158638 CLAUSES.
28 G clauses, 42440 A clauses, 1116170 E clauses.c CNF file planning task -p , -o /home/matheus/repo/acervo-2010/planejadores_analise_resultados/comp/pathways/Strips/domain_p21.pddl, -f /home/matheus/repo/acervo-2010/planejadores_analise_resultados/comp/pathways/Strips/p21.pddl, bound 19, action based encoding
In building up solver: p cnf 27126 1158638
==================================[ MINISAT ]===================================
| Conflicts |     ORIGINAL     |              LEARNT              | Progress |
|           | Clauses Literals |   Limit Clauses Literals  Lit/Cl |          |
==============================================================================
|         0 | 1158638  3009125 |  386212       0        0     0.0 |  0.000 % |
|       100 | 1158638  3009125 |  424833     100     2166    21.7 |  0.000 % |
|       251 | 1158426  3008696 |  467317     247     3736    15.1 |  0.229 % |
|       476 | 1158426  3008696 |  514048     471     7107    15.1 |  1.640 % |
|       813 | 1158426  3008696 |  565453     804    15204    18.9 |  1.847 % |
|      1319 | 1158426  3008696 |  621998    1310    25690    19.6 |  1.847 % |
|      2078 | 1158426  3008696 |  684198    2069    42665    20.6 |  1.847 % |
|      3217 | 1158426  3008696 |  752618    3208    64469    20.1 |  1.847 % |
|      4925 | 1158426  3008696 |  827880    4915   102630    20.9 |  2.123 % |
|      7487 | 1158426  3008696 |  910668    7477   163535    21.9 |  2.123 % |
|     11331 | 1158426  3008696 | 1001734   11320   255053    22.5 |  2.127 % |
|     17097 | 1142377  2972264 | 1101908   15140   354101    23.4 |  2.138 % |
==============================================================================
Totoal time used by londex constraint checking is [B0.900000][L1.200000],apply counts 142563, apply_generated 0
restarts          :           12
conflicts         :        24725           (     6868 / sec      )
decisions         :        29366           (     8157 / sec      )
propagations      :      6235985           (  1732218 / sec      )
inspects          :     32761860           (  9100517 / sec      )
conflict literals :       507223           (    43.61 % deleted  )
CPU time          :         3.60 sec
UNSATISFIABLE

******  Solve with 20 layers Start******

creating action-based encoding:
        building rplan graph layers, up to layer [20];
        goal constraints;
        building exclusion constraints --> up to layer 20...

DECISION LAYER 20, WRITING ACTION-BASED ENCODING WITH 29412 VARS, 1286198 CLAUSES.
28 G clauses, 46219 A clauses, 1239951 E clauses.c CNF file planning task -p , -o /home/matheus/repo/acervo-2010/planejadores_analise_resultados/comp/pathways/Strips/domain_p21.pddl, -f /home/matheus/repo/acervo-2010/planejadores_analise_resultados/comp/pathways/Strips/p21.pddl, bound 20, action based encoding
In building up solver: p cnf 29412 1286198
==================================[ MINISAT ]===================================
| Conflicts |     ORIGINAL     |              LEARNT              | Progress |
|           | Clauses Literals |   Limit Clauses Literals  Lit/Cl |          |
==============================================================================
|         0 | 1286198  3340332 |  428732       0        0     0.0 |  0.000 % |
|       100 | 1286198  3340332 |  471605     100     1946    19.5 |  0.000 % |
|       250 | 1286198  3340332 |  518766     250     7619    30.5 |  0.000 % |
|       475 | 1286198  3340332 |  570642     475    11977    25.2 |  0.000 % |
|       812 | 1285487  3338810 |  627707     797    18363    23.0 |  0.388 % |
|      1318 | 1285487  3338810 |  690477    1302    28728    22.1 |  0.496 % |
|      2077 | 1285487  3338810 |  759525    2060    47117    22.9 |  1.465 % |
|      3216 | 1285487  3338810 |  835477    3199    80156    25.1 |  1.465 % |
|      4924 | 1285487  3338810 |  919025    4906   129778    26.5 |  1.472 % |
|      7486 | 1285487  3338810 | 1010928    7467   213152    28.5 |  1.741 % |
|     11330 | 1285487  3338810 | 1112020   11310   296856    26.2 |  1.788 % |
|     17096 | 1269463  3302291 | 1223222   17075   457467    26.8 |  1.850 % |
|     25745 | 1269463  3302291 | 1345545   25723   681162    26.5 |  1.911 % |
|     38719 | 1269299  3301956 | 1480099   34041   934450    27.5 |  2.349 % |
|     58180 | 1269299  3301956 | 1628109   53499  1476333    27.6 |  3.006 % |
|     87372 | 1223109  3194985 | 1790920   80651  2231963    27.7 |  3.142 % |
|    131161 | 1222843  3194369 | 1970012   64549  1913212    29.6 |  3.587 % |
==============================================================================
Totoal time used by londex constraint checking is [B5.870000][L5.770000],apply counts 781462, apply_generated 0
restarts          :           17
conflicts         :       147411           (     5366 / sec      )
decisions         :       165280           (     6017 / sec      )
propagations      :     38044385           (  1384943 / sec      )
inspects          :    594647008           ( 21647143 / sec      )
conflict literals :      3778795           (    50.12 % deleted  )
CPU time          :        27.47 sec
UNSATISFIABLE

******  Solve with 21 layers Start******

creating action-based encoding:
        building rplan graph layers, up to layer [21];
        goal constraints;
        building exclusion constraints --> up to layer 21...

DECISION LAYER 21, WRITING ACTION-BASED ENCODING WITH 31760 VARS, 1420713 CLAUSES.
28 G clauses, 50121 A clauses, 1370564 E clauses.c CNF file planning task -p , -o /home/matheus/repo/acervo-2010/planejadores_analise_resultados/comp/pathways/Strips/domain_p21.pddl, -f /home/matheus/repo/acervo-2010/planejadores_analise_resultados/comp/pathways/Strips/p21.pddl, bound 21, action based encoding
In building up solver: p cnf 31760 1420713
==================================[ MINISAT ]===================================
| Conflicts |     ORIGINAL     |              LEARNT              | Progress |
|           | Clauses Literals |   Limit Clauses Literals  Lit/Cl |          |
==============================================================================
|         0 | 1420713  3689353 |  473571       0        0     0.0 |  0.000 % |
|       100 | 1420713  3689353 |  520928     100     1387    13.9 |  0.000 % |
|       250 | 1420687  3689301 |  573021     249    10849    43.6 |  0.038 % |
|       475 | 1420687  3689301 |  630323     474    18090    38.2 |  0.038 % |
|       812 | 1420687  3689301 |  693355     811    25275    31.2 |  0.038 % |
|      1318 | 1420687  3689301 |  762691    1316    35480    27.0 |  1.244 % |
|      2077 | 1420687  3689301 |  838960    2075    52242    25.2 |  1.244 % |
|      3216 | 1420687  3689301 |  922856    3214    76868    23.9 |  1.244 % |
|      4924 | 1420687  3689301 | 1015141    4920   128699    26.2 |  1.877 % |
|      7486 | 1420687  3689301 | 1116656    7481   206320    27.6 |  1.921 % |
|     11330 | 1420687  3689301 | 1228321   11324   343034    30.3 |  2.021 % |
|     17096 | 1420687  3689301 | 1351153   17090   476790    27.9 |  2.021 % |
|     25745 | 1382833  3602385 | 1486269   25735   779343    30.3 |  2.084 % |
|     38719 | 1368520  3569246 | 1634896   38706  1172654    30.3 |  2.610 % |
|     58180 | 1354463  3536619 | 1798385   58165  1777302    30.6 |  2.975 % |
|     87375 | 1340071  3503297 | 1978224   87352  2653555    30.4 |  3.419 % |
|    131164 | 1339641  3502362 | 2176046  110015  3297346    30.0 |  3.605 % |
|    196848 | 1338756  3500375 | 2393651   63943  2110723    33.0 |  3.772 % |
==============================================================================
Totoal time used by londex constraint checking is [B8.530000][L8.010000],apply counts 1074802, apply_generated 0
restarts          :           18
conflicts         :       201742           (     4807 / sec      )
decisions         :       222179           (     5294 / sec      )
propagations      :     51889350           (  1236344 / sec      )
inspects          :   1054952496           ( 25135871 / sec      )
conflict literals :      5396575           (    49.62 % deleted  )
CPU time          :        41.97 sec
UNSATISFIABLE

******  Solve with 22 layers Start******

creating action-based encoding:
        building rplan graph layers, up to layer [22];
        goal constraints;
        building exclusion constraints --> up to layer 22...

DECISION LAYER 22, WRITING ACTION-BASED ENCODING WITH 34170 VARS, 1562244 CLAUSES.
28 G clauses, 54146 A clauses, 1508070 E clauses.c CNF file planning task -p , -o /home/matheus/repo/acervo-2010/planejadores_analise_resultados/comp/pathways/Strips/domain_p21.pddl, -f /home/matheus/repo/acervo-2010/planejadores_analise_resultados/comp/pathways/Strips/p21.pddl, bound 22, action based encoding
In building up solver: p cnf 34170 1562244
==================================[ MINISAT ]===================================
| Conflicts |     ORIGINAL     |              LEARNT              | Progress |
|           | Clauses Literals |   Limit Clauses Literals  Lit/Cl |          |
==============================================================================
|         0 | 1562244  4056310 |  520748       0        0     0.0 |  0.000 % |
|       101 | 1562244  4056310 |  572823     101    10341   102.4 |  0.000 % |
|       251 | 1562117  4056053 |  630105     249    12232    49.1 |  0.106 % |
|       476 | 1562117  4056053 |  693116     472    19289    40.9 |  0.161 % |
|       813 | 1562117  4056053 |  762427     809    28523    35.3 |  0.161 % |
|      1319 | 1562117  4056053 |  838670    1313    43295    33.0 |  0.495 % |
|      2079 | 1562117  4056053 |  922537    2071    79963    38.6 |  1.498 % |
|      3220 | 1562117  4056053 | 1014791    3211   115470    36.0 |  1.592 % |
|      4928 | 1562117  4056053 | 1116270    4918   160611    32.7 |  1.645 % |
|      7490 | 1562117  4056053 | 1227897    7479   247440    33.1 |  1.724 % |
|     11334 | 1562117  4056053 | 1350686   11322   379660    33.5 |  1.978 % |
|     17100 | 1512904  3943024 | 1485755   17065   564522    33.1 |  2.529 % |
|     25749 | 1512904  3943024 | 1634330   25712   974666    37.9 |  2.912 % |
|     38723 | 1512904  3943024 | 1797763   38686  1395618    36.1 |  2.912 % |
|     58184 | 1491621  3893690 | 1977540   58144  2045708    35.2 |  2.918 % |
|     87377 | 1477127  3859948 | 2175294   87335  3044805    34.9 |  3.172 % |
|    131167 | 1477127  3859948 | 2392823  131122  4446979    33.9 |  3.272 % |
|    196853 | 1476864  3859401 | 2632105  196801  6858181    34.8 |  3.354 % |
|    295379 | 1476760  3859189 | 2895316  295321 10336735    35.0 |  3.445 % |
|    443168 | 1476577  3858816 | 3184847  443104 15288649    34.5 |  3.538 % |
|    664852 | 1476544  3858746 | 3503332  664782 23095484    34.7 |  3.576 % |
|    997377 | 1476239  3858066 | 3853665  697594 26646029    38.2 |  3.661 % |
==============================================================================
Totoal time used by londex constraint checking is [B54.550000][L48.980000],apply counts 6412235, apply_generated 0
restarts          :           22
conflicts         :      1227645           (     1809 / sec      )
decisions         :      1337403           (     1970 / sec      )
propagations      :    371752420           (   547726 / sec      )
inspects          :  28705081440           ( 42292965 / sec      )
conflict literals :     40353939           (    53.87 % deleted  )
CPU time          :       678.72 sec
UNSATISFIABLE

******  Solve with 23 layers Start******

creating action-based encoding:
        building rplan graph layers, up to layer [23];
        goal constraints;
        building exclusion constraints --> up to layer 23...

DECISION LAYER 23, WRITING ACTION-BASED ENCODING WITH 36581 VARS, 1703776 CLAUSES.
28 G clauses, 58172 A clauses, 1645576 E clauses.c CNF file planning task -p , -o /home/matheus/repo/acervo-2010/planejadores_analise_resultados/comp/pathways/Strips/domain_p21.pddl, -f /home/matheus/repo/acervo-2010/planejadores_analise_resultados/comp/pathways/Strips/p21.pddl, bound 23, action based encoding
In building up solver: p cnf 36581 1703776
==================================[ MINISAT ]===================================
| Conflicts |     ORIGINAL     |              LEARNT              | Progress |
|           | Clauses Literals |   Limit Clauses Literals  Lit/Cl |          |
==============================================================================
|         0 | 1703776  4423513 |  567925       0        0     0.0 |  0.000 % |
|       100 | 1703776  4423513 |  624718     100      848     8.5 |  0.000 % |
|       250 | 1703750  4423461 |  687189     248     5162    20.8 |  1.080 % |
|       475 | 1703750  4423461 |  755908     473     6969    14.7 |  1.080 % |
|       812 | 1703750  4423461 |  831499     808    13122    16.2 |  1.085 % |
|      1318 | 1703750  4423461 |  914649    1314    26337    20.0 |  1.085 % |
|      2077 | 1703750  4423461 | 1006114    2072    45067    21.8 |  1.134 % |
|      3216 | 1703750  4423461 | 1106725    3210    71977    22.4 |  1.173 % |
|      4925 | 1703750  4423461 | 1217398    4917   123459    25.1 |  1.334 % |
|      7487 | 1703750  4423461 | 1339137    7479   239056    32.0 |  1.334 % |
|     11331 | 1703750  4423461 | 1473051   11323   929553    82.1 |  1.334 % |
|     17097 | 1700739  4417124 | 1620356   17085  1611880    94.3 |  1.334 % |
|     25747 | 1700739  4417124 | 1782392   25735  2088315    81.1 |  1.334 % |
|     38721 | 1700622  4416887 | 1960631   38708  2850876    73.7 |  1.384 % |
|     58182 | 1700622  4416887 | 2156694   58168  4739137    81.5 |  1.432 % |
|     87375 | 1699617  4414804 | 2372364   87144  6455527    74.1 |  1.840 % |
