MaxPlanII beta.

bb: parsing domain file
domain 'GROUNDED-PATHWAYS-PROPOSITIONAL' defined
 ... done.
bb: parsing problem file
problem 'GROUNDED-PATHWAYS-23' defined
 ... done.


******  Solve with 1 layers Start******

creating action-based encoding:
        building rplan graph layers, up to layer [1];
        goal constraints;

no achiever in for goal?? deadline too low!#001


******  Solve with 2 layers Start******

creating action-based encoding:
        building rplan graph layers, up to layer [2];
        goal constraints;

no achiever in for goal?? deadline too low!#001


******  Solve with 3 layers Start******

creating action-based encoding:
        building rplan graph layers, up to layer [3];
        goal constraints;

no achiever in for goal?? deadline too low!#001


******  Solve with 4 layers Start******

creating action-based encoding:
        building rplan graph layers, up to layer [4];
        goal constraints;

no achiever in for goal?? deadline too low!#001


******  Solve with 5 layers Start******

creating action-based encoding:
        building rplan graph layers, up to layer [5];
        goal constraints;

no achiever in for goal?? deadline too low!#001


******  Solve with 6 layers Start******

creating action-based encoding:
        building rplan graph layers, up to layer [6];
        goal constraints;

no achiever in for goal?? deadline too low!#001


******  Solve with 7 layers Start******

creating action-based encoding:
        building rplan graph layers, up to layer [7];
        goal constraints;
        building exclusion constraints --> up to layer 7...

DECISION LAYER 7, WRITING ACTION-BASED ENCODING WITH 5001 VARS, 150295 CLAUSES.
30 G clauses, 7249 A clauses, 143016 E clauses.c CNF file planning task -p , -o /home/matheus/repo/acervo-2010/planejadores_analise_resultados/comp/pathways/Strips/domain_p23.pddl, -f /home/matheus/repo/acervo-2010/planejadores_analise_resultados/comp/pathways/Strips/p23.pddl, bound 7, action based encoding
In building up solver: p cnf 5001 150295
==================================[ MINISAT ]===================================
| Conflicts |     ORIGINAL     |              LEARNT              | Progress |
|           | Clauses Literals |   Limit Clauses Literals  Lit/Cl |          |
==============================================================================
|         0 |  150295   384966 |   50098       0        0     0.0 |  0.000 % |
==============================================================================
Totoal time used by londex constraint checking is [B0.000000][L0.000000],apply counts 4, apply_generated 0
restarts          :            1
conflicts         :            2           (      inf / sec      )
decisions         :            1           (      inf / sec      )
propagations      :         2201           (      inf / sec      )
inspects          :         2879           (      inf / sec      )
conflict literals :            1           (     0.00 % deleted  )
CPU time          :         0.00 sec
UNSATISFIABLE

******  Solve with 8 layers Start******

creating action-based encoding:
        building rplan graph layers, up to layer [8];
        goal constraints;
        building exclusion constraints --> up to layer 8...

DECISION LAYER 8, WRITING ACTION-BASED ENCODING WITH 6432 VARS, 198102 CLAUSES.
30 G clauses, 9378 A clauses, 188694 E clauses.c CNF file planning task -p , -o /home/matheus/repo/acervo-2010/planejadores_analise_resultados/comp/pathways/Strips/domain_p23.pddl, -f /home/matheus/repo/acervo-2010/planejadores_analise_resultados/comp/pathways/Strips/p23.pddl, bound 8, action based encoding
In building up solver: p cnf 6432 198102
==================================[ MINISAT ]===================================
| Conflicts |     ORIGINAL     |              LEARNT              | Progress |
|           | Clauses Literals |   Limit Clauses Literals  Lit/Cl |          |
==============================================================================
|         0 |  198102   509400 |   66034       0        0     0.0 |  0.000 % |
==============================================================================
Totoal time used by londex constraint checking is [B0.000000][L0.000000],apply counts 89, apply_generated 0
restarts          :            1
conflicts         :           14           (      inf / sec      )
decisions         :           22           (      inf / sec      )
propagations      :         3026           (      inf / sec      )
inspects          :         3759           (      inf / sec      )
conflict literals :           43           (     0.00 % deleted  )
CPU time          :         0.00 sec
UNSATISFIABLE

******  Solve with 9 layers Start******

creating action-based encoding:
        building rplan graph layers, up to layer [9];
        goal constraints;
        building exclusion constraints --> up to layer 9...

DECISION LAYER 9, WRITING ACTION-BASED ENCODING WITH 7925 VARS, 252132 CLAUSES.
30 G clauses, 11630 A clauses, 240472 E clauses.c CNF file planning task -p , -o /home/matheus/repo/acervo-2010/planejadores_analise_resultados/comp/pathways/Strips/domain_p23.pddl, -f /home/matheus/repo/acervo-2010/planejadores_analise_resultados/comp/pathways/Strips/p23.pddl, bound 9, action based encoding
In building up solver: p cnf 7925 252132
==================================[ MINISAT ]===================================
| Conflicts |     ORIGINAL     |              LEARNT              | Progress |
|           | Clauses Literals |   Limit Clauses Literals  Lit/Cl |          |
==============================================================================
|         0 |  252132   650186 |   84044       0        0     0.0 |  0.000 % |
==============================================================================
Totoal time used by londex constraint checking is [B0.000000][L0.000000],apply counts 126, apply_generated 0
restarts          :            1
conflicts         :           26           (      inf / sec      )
decisions         :           31           (      inf / sec      )
propagations      :         4425           (      inf / sec      )
inspects          :         5550           (      inf / sec      )
conflict literals :          109           (     1.80 % deleted  )
CPU time          :         0.00 sec
UNSATISFIABLE

******  Solve with 10 layers Start******

creating action-based encoding:
        building rplan graph layers, up to layer [10];
        goal constraints;
        building exclusion constraints --> up to layer 10...

DECISION LAYER 10, WRITING ACTION-BASED ENCODING WITH 9480 VARS, 312446 CLAUSES.
30 G clauses, 14005 A clauses, 298411 E clauses.c CNF file planning task -p , -o /home/matheus/repo/acervo-2010/planejadores_analise_resultados/comp/pathways/Strips/domain_p23.pddl, -f /home/matheus/repo/acervo-2010/planejadores_analise_resultados/comp/pathways/Strips/p23.pddl, bound 10, action based encoding
In building up solver: p cnf 9480 312446
==================================[ MINISAT ]===================================
| Conflicts |     ORIGINAL     |              LEARNT              | Progress |
|           | Clauses Literals |   Limit Clauses Literals  Lit/Cl |          |
==============================================================================
|         0 |  312446   807444 |  104148       0        0     0.0 |  0.000 % |
==============================================================================
Totoal time used by londex constraint checking is [B0.000000][L0.000000],apply counts 334, apply_generated 0
restarts          :            1
conflicts         :           63           (     6300 / sec      )
decisions         :          100           (    10000 / sec      )
propagations      :        17822           (  1782200 / sec      )
inspects          :        23542           (  2354200 / sec      )
conflict literals :          434           (     0.69 % deleted  )
CPU time          :         0.01 sec
UNSATISFIABLE

******  Solve with 11 layers Start******

creating action-based encoding:
        building rplan graph layers, up to layer [11];
        goal constraints;
        building exclusion constraints --> up to layer 11...

DECISION LAYER 11, WRITING ACTION-BASED ENCODING WITH 11097 VARS, 379105 CLAUSES.
30 G clauses, 16503 A clauses, 362572 E clauses.c CNF file planning task -p , -o /home/matheus/repo/acervo-2010/planejadores_analise_resultados/comp/pathways/Strips/domain_p23.pddl, -f /home/matheus/repo/acervo-2010/planejadores_analise_resultados/comp/pathways/Strips/p23.pddl, bound 11, action based encoding
In building up solver: p cnf 11097 379105
==================================[ MINISAT ]===================================
| Conflicts |     ORIGINAL     |              LEARNT              | Progress |
|           | Clauses Literals |   Limit Clauses Literals  Lit/Cl |          |
==============================================================================
|         0 |  379105   981296 |  126368       0        0     0.0 |  0.000 % |
|       100 |  379105   981296 |  139005     100     1018    10.2 |  0.002 % |
|       250 |  379078   981242 |  152905     240     2946    12.3 |  1.217 % |
==============================================================================
Totoal time used by londex constraint checking is [B0.010000][L0.000000],apply counts 1481, apply_generated 0
restarts          :            3
conflicts         :          263           (    26300 / sec      )
decisions         :          504           (    50400 / sec      )
propagations      :        85047           (  8504700 / sec      )
inspects          :       122669           ( 12266900 / sec      )
conflict literals :         2976           (     4.40 % deleted  )
CPU time          :         0.01 sec
UNSATISFIABLE

******  Solve with 12 layers Start******

creating action-based encoding:
        building rplan graph layers, up to layer [12];
        goal constraints;
        building exclusion constraints --> up to layer 12...

DECISION LAYER 12, WRITING ACTION-BASED ENCODING WITH 12776 VARS, 452170 CLAUSES.
30 G clauses, 19124 A clauses, 433016 E clauses.c CNF file planning task -p , -o /home/matheus/repo/acervo-2010/planejadores_analise_resultados/comp/pathways/Strips/domain_p23.pddl, -f /home/matheus/repo/acervo-2010/planejadores_analise_resultados/comp/pathways/Strips/p23.pddl, bound 12, action based encoding
In building up solver: p cnf 12776 452170
==================================[ MINISAT ]===================================
| Conflicts |     ORIGINAL     |              LEARNT              | Progress |
|           | Clauses Literals |   Limit Clauses Literals  Lit/Cl |          |
==============================================================================
|         0 |  452170  1171864 |  150723       0        0     0.0 |  0.000 % |
|       100 |  452170  1171864 |  165795     100     1690    16.9 |  0.001 % |
|       250 |  451890  1171297 |  182375     244     5239    21.5 |  1.269 % |
==============================================================================
Totoal time used by londex constraint checking is [B0.020000][L0.000000],apply counts 2510, apply_generated 0
restarts          :            3
conflicts         :          455           (    11375 / sec      )
decisions         :          868           (    21700 / sec      )
propagations      :       186364           (  4659100 / sec      )
inspects          :       272091           (  6802275 / sec      )
conflict literals :         6583           (     6.14 % deleted  )
CPU time          :         0.04 sec
UNSATISFIABLE

******  Solve with 13 layers Start******

creating action-based encoding:
        building rplan graph layers, up to layer [13];
        goal constraints;
        building exclusion constraints --> up to layer 13...

DECISION LAYER 13, WRITING ACTION-BASED ENCODING WITH 14517 VARS, 531702 CLAUSES.
30 G clauses, 21868 A clauses, 509804 E clauses.c CNF file planning task -p , -o /home/matheus/repo/acervo-2010/planejadores_analise_resultados/comp/pathways/Strips/domain_p23.pddl, -f /home/matheus/repo/acervo-2010/planejadores_analise_resultados/comp/pathways/Strips/p23.pddl, bound 13, action based encoding
In building up solver: p cnf 14517 531702
==================================[ MINISAT ]===================================
| Conflicts |     ORIGINAL     |              LEARNT              | Progress |
|           | Clauses Literals |   Limit Clauses Literals  Lit/Cl |          |
==============================================================================
|         0 |  531702  1379270 |  177234       0        0     0.0 |  0.000 % |
|       100 |  531702  1379270 |  194957     100    18157   181.6 |  0.001 % |
|       250 |  531575  1379016 |  214453     248    21911    88.4 |  0.614 % |
|       475 |  531575  1379016 |  235898     469    24768    52.8 |  0.909 % |
|       812 |  531575  1379016 |  259488     802    28074    35.0 |  0.937 % |
==============================================================================
Totoal time used by londex constraint checking is [B0.010000][L0.000000],apply counts 4817, apply_generated 0
restarts          :            5
conflicts         :         1097           (    13712 / sec      )
decisions         :         1621           (    20262 / sec      )
propagations      :       479970           (  5999625 / sec      )
inspects          :       747023           (  9337788 / sec      )
conflict literals :        30186           (     9.70 % deleted  )
CPU time          :         0.08 sec
UNSATISFIABLE

******  Solve with 14 layers Start******

creating action-based encoding:
        building rplan graph layers, up to layer [14];
        goal constraints;
        building exclusion constraints --> up to layer 14...

DECISION LAYER 14, WRITING ACTION-BASED ENCODING WITH 16320 VARS, 617762 CLAUSES.
30 G clauses, 24735 A clauses, 592997 E clauses.c CNF file planning task -p , -o /home/matheus/repo/acervo-2010/planejadores_analise_resultados/comp/pathways/Strips/domain_p23.pddl, -f /home/matheus/repo/acervo-2010/planejadores_analise_resultados/comp/pathways/Strips/p23.pddl, bound 14, action based encoding
In building up solver: p cnf 16320 617762
==================================[ MINISAT ]===================================
| Conflicts |     ORIGINAL     |              LEARNT              | Progress |
|           | Clauses Literals |   Limit Clauses Literals  Lit/Cl |          |
==============================================================================
|         0 |  617762  1603636 |  205920       0        0     0.0 |  0.000 % |
|       101 |  617762  1603636 |  226512     101     2065    20.4 |  0.001 % |
|       252 |  617744  1603600 |  249163     251     3659    14.6 |  0.074 % |
|       477 |  617744  1603600 |  274080     474     7037    14.8 |  0.754 % |
|       814 |  617744  1603600 |  301487     808    11170    13.8 |  1.128 % |
|      1320 |  617744  1603600 |  331636    1311    19284    14.7 |  2.482 % |
|      2080 |  617744  1603600 |  364800    2054    27722    13.5 |  2.665 % |
==============================================================================
Totoal time used by londex constraint checking is [B0.010000][L0.010000],apply counts 10097, apply_generated 0
restarts          :            7
conflicts         :         2263           (    17408 / sec      )
decisions         :         3687           (    28362 / sec      )
propagations      :       558360           (  4295077 / sec      )
inspects          :      1044765           (  8036654 / sec      )
conflict literals :        28764           (    22.49 % deleted  )
CPU time          :         0.13 sec
UNSATISFIABLE

******  Solve with 15 layers Start******

creating action-based encoding:
        building rplan graph layers, up to layer [15];
        goal constraints;
        building exclusion constraints --> up to layer 15...

DECISION LAYER 15, WRITING ACTION-BASED ENCODING WITH 18185 VARS, 710411 CLAUSES.
30 G clauses, 27725 A clauses, 682656 E clauses.c CNF file planning task -p , -o /home/matheus/repo/acervo-2010/planejadores_analise_resultados/comp/pathways/Strips/domain_p23.pddl, -f /home/matheus/repo/acervo-2010/planejadores_analise_resultados/comp/pathways/Strips/p23.pddl, bound 15, action based encoding
In building up solver: p cnf 18185 710411
==================================[ MINISAT ]===================================
| Conflicts |     ORIGINAL     |              LEARNT              | Progress |
|           | Clauses Literals |   Limit Clauses Literals  Lit/Cl |          |
==============================================================================
|         0 |  710411  1845084 |  236803       0        0     0.0 |  0.000 % |
|       100 |  710411  1845084 |  260483     100     1616    16.2 |  0.001 % |
|       251 |  709772  1843789 |  286532     248     3306    13.3 |  0.484 % |
|       476 |  709772  1843789 |  315185     472     5941    12.6 |  0.611 % |
|       814 |  709772  1843789 |  346703     809    10656    13.2 |  0.830 % |
|      1320 |  709772  1843789 |  381374    1314    20058    15.3 |  0.897 % |
|      2080 |  709772  1843789 |  419511    2068    37384    18.1 |  2.283 % |
==============================================================================
Totoal time used by londex constraint checking is [B0.070000][L0.110000],apply counts 12915, apply_generated 0
restarts          :            7
conflicts         :         3154           (     9011 / sec      )
decisions         :         4739           (    13540 / sec      )
propagations      :      1018210           (  2909171 / sec      )
inspects          :      1849793           (  5285123 / sec      )
conflict literals :        57271           (    22.75 % deleted  )
CPU time          :         0.35 sec
UNSATISFIABLE

******  Solve with 16 layers Start******

creating action-based encoding:
        building rplan graph layers, up to layer [16];
        goal constraints;
        building exclusion constraints --> up to layer 16...

DECISION LAYER 16, WRITING ACTION-BASED ENCODING WITH 20112 VARS, 809710 CLAUSES.
30 G clauses, 30838 A clauses, 778842 E clauses.c CNF file planning task -p , -o /home/matheus/repo/acervo-2010/planejadores_analise_resultados/comp/pathways/Strips/domain_p23.pddl, -f /home/matheus/repo/acervo-2010/planejadores_analise_resultados/comp/pathways/Strips/p23.pddl, bound 16, action based encoding
In building up solver: p cnf 20112 809710
==================================[ MINISAT ]===================================
| Conflicts |     ORIGINAL     |              LEARNT              | Progress |
|           | Clauses Literals |   Limit Clauses Literals  Lit/Cl |          |
==============================================================================
|         0 |  809710  2103736 |  269903       0        0     0.0 |  0.000 % |
|       100 |  809710  2103736 |  296893     100     1094    10.9 |  0.001 % |
|       250 |  809071  2102441 |  326583     248     3078    12.4 |  0.508 % |
|       475 |  809071  2102441 |  359241     471     7013    14.9 |  0.632 % |
|       812 |  809071  2102441 |  395165     806    19332    24.0 |  0.806 % |
|      1318 |  809071  2102441 |  434681    1311    29498    22.5 |  1.004 % |
|      2077 |  809071  2102441 |  478150    2068    50562    24.4 |  1.109 % |
|      3216 |  809071  2102441 |  525965    3203    98080    30.6 |  1.392 % |
|      4925 |  809071  2102441 |  578561    4903   139041    28.4 |  2.929 % |
|      7488 |  795545  2071963 |  636417    7106   253515    35.7 |  3.138 % |
==============================================================================
Totoal time used by londex constraint checking is [B0.330000][L0.350000],apply counts 48832, apply_generated 0
restarts          :           10
conflicts         :         8633           (     5755 / sec      )
decisions         :        13272           (     8848 / sec      )
propagations      :      5532911           (  3688607 / sec      )
inspects          :     10084988           (  6723325 / sec      )
conflict literals :       317931           (    29.60 % deleted  )
CPU time          :         1.50 sec
UNSATISFIABLE

******  Solve with 17 layers Start******

creating action-based encoding:
        building rplan graph layers, up to layer [17];
        goal constraints;
        building exclusion constraints --> up to layer 17...

DECISION LAYER 17, WRITING ACTION-BASED ENCODING WITH 22101 VARS, 915720 CLAUSES.
30 G clauses, 34074 A clauses, 881616 E clauses.c CNF file planning task -p , -o /home/matheus/repo/acervo-2010/planejadores_analise_resultados/comp/pathways/Strips/domain_p23.pddl, -f /home/matheus/repo/acervo-2010/planejadores_analise_resultados/comp/pathways/Strips/p23.pddl, bound 17, action based encoding
In building up solver: p cnf 22101 915720
==================================[ MINISAT ]===================================
| Conflicts |     ORIGINAL     |              LEARNT              | Progress |
|           | Clauses Literals |   Limit Clauses Literals  Lit/Cl |          |
==============================================================================
|         0 |  915720  2379714 |  305240       0        0     0.0 |  0.000 % |
|       100 |  915720  2379714 |  335764     100     3525    35.2 |  0.000 % |
|       250 |  915720  2379714 |  369340     250    12422    49.7 |  0.000 % |
|       477 |  915720  2379714 |  406274     477    82709   173.4 |  0.000 % |
|       814 |  915720  2379714 |  446902     814    93943   115.4 |  0.000 % |
|      1320 |  915440  2379147 |  491592    1318   102624    77.9 |  0.176 % |
|      2079 |  915440  2379147 |  540751    2076   127293    61.3 |  0.579 % |
|      3219 |  915440  2379147 |  594826    3215   157718    49.1 |  0.697 % |
|      4928 |  915440  2379147 |  654309    4922   362665    73.7 |  0.810 % |
|      7490 |  915440  2379147 |  719740    7483   565880    75.6 |  0.865 % |
|     11334 |  914493  2377226 |  791714   11312   994423    87.9 |  2.159 % |
|     17100 |  913087  2374326 |  870885   17052  2906186   170.4 |  2.158 % |
|     25749 |  913023  2374198 |  957974   25693  6487022   252.5 |  2.462 % |
|     38723 |  911917  2371901 | 1053771   35316  9011874   255.2 |  3.335 % |
==============================================================================
Totoal time used by londex constraint checking is [B2.920000][L3.200000],apply counts 441965, apply_generated 0
restarts          :           14
conflicts         :        42695           (     1795 / sec      )
decisions         :        60258           (     2533 / sec      )
propagations      :     44192929           (  1857626 / sec      )
inspects          :     97356668           (  4092336 / sec      )
conflict literals :     11925463           (    16.55 % deleted  )
CPU time          :        23.79 sec
UNSATISFIABLE

******  Solve with 18 layers Start******

creating action-based encoding:
        building rplan graph layers, up to layer [18];
        goal constraints;
        building exclusion constraints --> up to layer 18...

DECISION LAYER 18, WRITING ACTION-BASED ENCODING WITH 24152 VARS, 1028502 CLAUSES.
30 G clauses, 37433 A clauses, 991039 E clauses.c CNF file planning task -p , -o /home/matheus/repo/acervo-2010/planejadores_analise_resultados/comp/pathways/Strips/domain_p23.pddl, -f /home/matheus/repo/acervo-2010/planejadores_analise_resultados/comp/pathways/Strips/p23.pddl, bound 18, action based encoding
In building up solver: p cnf 24152 1028502
==================================[ MINISAT ]===================================
| Conflicts |     ORIGINAL     |              LEARNT              | Progress |
|           | Clauses Literals |   Limit Clauses Literals  Lit/Cl |          |
==============================================================================
|         0 | 1028502  2673140 |  342834       0        0     0.0 |  0.000 % |
|       101 | 1028502  2673140 |  377117     101     2464    24.4 |  0.000 % |
|       252 | 1027863  2671845 |  414829     250     4815    19.3 |  0.364 % |
|       477 | 1027863  2671845 |  456312     475    11264    23.7 |  0.365 % |
|       814 | 1027863  2671845 |  501943     812    19440    23.9 |  0.364 % |
|      1320 | 1027863  2671845 |  552138    1317    34207    26.0 |  0.414 % |
|      2079 | 1027863  2671845 |  607351    2075   153420    73.9 |  0.514 % |
|      3218 | 1027863  2671845 |  668086    3214   250284    77.9 |  0.514 % |
|      4926 | 1027863  2671845 |  734895    4922   315804    64.2 |  0.513 % |
|      7488 | 1027863  2671845 |  808385    7483  1004384   134.2 |  0.679 % |
|     11332 | 1027445  2670997 |  889223   11321  1686502   149.0 |  0.683 % |
|     17099 | 1027445  2670997 |  978145   17087  3797681   222.3 |  0.720 % |
|     25748 | 1027323  2670746 | 1075960   25717  8746556   340.1 |  0.866 % |
|     38722 | 1027164  2670422 | 1183556   38669 13251180   342.7 |  1.126 % |
|     58183 | 1013101  2638409 | 1301912   58069 23392037   402.8 |  2.455 % |
|     87375 | 1013101  2638409 | 1432103   87260 43885705   502.9 |  2.514 % |
|    131164 | 1012937  2638068 | 1575313  131002 79332868   605.6 |  2.551 % |
|    196848 | 1012861  2637911 | 1732844  196652 134583450   684.4 |  2.774 % |
|    295374 | 1012118  2636351 | 1906129  294407 234107831   795.2 |  2.787 % |
|    443163 | 1012118  2636351 | 2096742  442195 360624198   815.5 |  3.305 % |
