MaxPlanII beta.

bb: parsing domain file
domain 'GROUNDED-PATHWAYS-PROPOSITIONAL' defined
 ... done.
bb: parsing problem file
problem 'GROUNDED-PATHWAYS-26' defined
 ... done.


******  Solve with 1 layers Start******

creating action-based encoding:
        building rplan graph layers, up to layer [1];
        goal constraints;

no achiever in for goal?? deadline too low!#001


******  Solve with 2 layers Start******

creating action-based encoding:
        building rplan graph layers, up to layer [2];
        goal constraints;

no achiever in for goal?? deadline too low!#001


******  Solve with 3 layers Start******

creating action-based encoding:
        building rplan graph layers, up to layer [3];
        goal constraints;

no achiever in for goal?? deadline too low!#001


******  Solve with 4 layers Start******

creating action-based encoding:
        building rplan graph layers, up to layer [4];
        goal constraints;

no achiever in for goal?? deadline too low!#001


******  Solve with 5 layers Start******

creating action-based encoding:
        building rplan graph layers, up to layer [5];
        goal constraints;

no achiever in for goal?? deadline too low!#001


******  Solve with 6 layers Start******

creating action-based encoding:
        building rplan graph layers, up to layer [6];
        goal constraints;

no achiever in for goal?? deadline too low!#001


******  Solve with 7 layers Start******

creating action-based encoding:
        building rplan graph layers, up to layer [7];
        goal constraints;

no achiever in for goal?? deadline too low!#001


******  Solve with 8 layers Start******

creating action-based encoding:
        building rplan graph layers, up to layer [8];
        goal constraints;

no achiever in for goal?? deadline too low!#001


******  Solve with 9 layers Start******

creating action-based encoding:
        building rplan graph layers, up to layer [9];
        goal constraints;

no achiever in for goal?? deadline too low!#001


******  Solve with 10 layers Start******

creating action-based encoding:
        building rplan graph layers, up to layer [10];
        goal constraints;

no achiever in for goal?? deadline too low!#001


******  Solve with 11 layers Start******

creating action-based encoding:
        building rplan graph layers, up to layer [11];
        goal constraints;

no achiever in for goal?? deadline too low!#001


******  Solve with 12 layers Start******

creating action-based encoding:
        building rplan graph layers, up to layer [12];
        goal constraints;
        building exclusion constraints --> up to layer 12...

DECISION LAYER 12, WRITING ACTION-BASED ENCODING WITH 14428 VARS, 547087 CLAUSES.
34 G clauses, 22057 A clauses, 524996 E clauses.c CNF file planning task -p , -o /home/matheus/repo/acervo-2010/planejadores_analise_resultados/comp/pathways/Strips/domain_p26.pddl, -f /home/matheus/repo/acervo-2010/planejadores_analise_resultados/comp/pathways/Strips/p26.pddl, bound 12, action based encoding
In building up solver: p cnf 14428 547087
==================================[ MINISAT ]===================================
| Conflicts |     ORIGINAL     |              LEARNT              | Progress |
|           | Clauses Literals |   Limit Clauses Literals  Lit/Cl |          |
==============================================================================
|         0 |  547087  1418364 |  182362       0        0     0.0 |  0.000 % |
==============================================================================
Totoal time used by londex constraint checking is [B0.000000][L0.000000],apply counts 14, apply_generated 0
restarts          :            1
conflicts         :            3           (      inf / sec      )
decisions         :            2           (      inf / sec      )
propagations      :         2135           (      inf / sec      )
inspects          :         2491           (      inf / sec      )
conflict literals :            2           (     0.00 % deleted  )
CPU time          :         0.00 sec
UNSATISFIABLE

******  Solve with 13 layers Start******

creating action-based encoding:
        building rplan graph layers, up to layer [13];
        goal constraints;
        building exclusion constraints --> up to layer 13...

DECISION LAYER 13, WRITING ACTION-BASED ENCODING WITH 16506 VARS, 643771 CLAUSES.
34 G clauses, 25364 A clauses, 618373 E clauses.c CNF file planning task -p , -o /home/matheus/repo/acervo-2010/planejadores_analise_resultados/comp/pathways/Strips/domain_p26.pddl, -f /home/matheus/repo/acervo-2010/planejadores_analise_resultados/comp/pathways/Strips/p26.pddl, bound 13, action based encoding
In building up solver: p cnf 16506 643771
==================================[ MINISAT ]===================================
| Conflicts |     ORIGINAL     |              LEARNT              | Progress |
|           | Clauses Literals |   Limit Clauses Literals  Lit/Cl |          |
==============================================================================
|         0 |  643771  1670601 |  214590       0        0     0.0 |  0.000 % |
==============================================================================
Totoal time used by londex constraint checking is [B0.000000][L0.000000],apply counts 196, apply_generated 0
restarts          :            1
conflicts         :           22           (     2200 / sec      )
decisions         :           68           (     6800 / sec      )
propagations      :         8181           (   818100 / sec      )
inspects          :        10365           (  1036500 / sec      )
conflict literals :           61           (     3.17 % deleted  )
CPU time          :         0.01 sec
UNSATISFIABLE

******  Solve with 14 layers Start******

creating action-based encoding:
        building rplan graph layers, up to layer [14];
        goal constraints;
        building exclusion constraints --> up to layer 14...

DECISION LAYER 14, WRITING ACTION-BASED ENCODING WITH 18652 VARS, 748228 CLAUSES.
34 G clauses, 28806 A clauses, 719388 E clauses.c CNF file planning task -p , -o /home/matheus/repo/acervo-2010/planejadores_analise_resultados/comp/pathways/Strips/domain_p26.pddl, -f /home/matheus/repo/acervo-2010/planejadores_analise_resultados/comp/pathways/Strips/p26.pddl, bound 14, action based encoding
In building up solver: p cnf 18652 748228
==================================[ MINISAT ]===================================
| Conflicts |     ORIGINAL     |              LEARNT              | Progress |
|           | Clauses Literals |   Limit Clauses Literals  Lit/Cl |          |
==============================================================================
|         0 |  748228  1943074 |  249409       0        0     0.0 |  0.000 % |
==============================================================================
Totoal time used by londex constraint checking is [B0.000000][L0.000000],apply counts 455, apply_generated 0
restarts          :            1
conflicts         :           79           (     3950 / sec      )
decisions         :          121           (     6050 / sec      )
propagations      :        17368           (   868400 / sec      )
inspects          :        23416           (  1170800 / sec      )
conflict literals :          379           (     4.29 % deleted  )
CPU time          :         0.02 sec
UNSATISFIABLE

******  Solve with 15 layers Start******

creating action-based encoding:
        building rplan graph layers, up to layer [15];
        goal constraints;
        building exclusion constraints --> up to layer 15...

DECISION LAYER 15, WRITING ACTION-BASED ENCODING WITH 20866 VARS, 860525 CLAUSES.
34 G clauses, 32383 A clauses, 828108 E clauses.c CNF file planning task -p , -o /home/matheus/repo/acervo-2010/planejadores_analise_resultados/comp/pathways/Strips/domain_p26.pddl, -f /home/matheus/repo/acervo-2010/planejadores_analise_resultados/comp/pathways/Strips/p26.pddl, bound 15, action based encoding
In building up solver: p cnf 20866 860525
==================================[ MINISAT ]===================================
| Conflicts |     ORIGINAL     |              LEARNT              | Progress |
|           | Clauses Literals |   Limit Clauses Literals  Lit/Cl |          |
==============================================================================
|         0 |  860525  2235917 |  286841       0        0     0.0 |  0.000 % |
|       100 |  860201  2235216 |  315525      99     1072    10.8 |  0.254 % |
|       251 |  860201  2235216 |  347078     243     2224     9.2 |  0.307 % |
==============================================================================
Totoal time used by londex constraint checking is [B0.020000][L0.000000],apply counts 1942, apply_generated 0
restarts          :            3
conflicts         :          325           (     6500 / sec      )
decisions         :          595           (    11900 / sec      )
propagations      :        76352           (  1527040 / sec      )
inspects          :       109609           (  2192180 / sec      )
conflict literals :         2569           (    17.16 % deleted  )
CPU time          :         0.05 sec
UNSATISFIABLE

******  Solve with 16 layers Start******

creating action-based encoding:
        building rplan graph layers, up to layer [16];
        goal constraints;
        building exclusion constraints --> up to layer 16...

DECISION LAYER 16, WRITING ACTION-BASED ENCODING WITH 23148 VARS, 980729 CLAUSES.
34 G clauses, 36095 A clauses, 944600 E clauses.c CNF file planning task -p , -o /home/matheus/repo/acervo-2010/planejadores_analise_resultados/comp/pathways/Strips/domain_p26.pddl, -f /home/matheus/repo/acervo-2010/planejadores_analise_resultados/comp/pathways/Strips/p26.pddl, bound 16, action based encoding
In building up solver: p cnf 23148 980729
==================================[ MINISAT ]===================================
| Conflicts |     ORIGINAL     |              LEARNT              | Progress |
|           | Clauses Literals |   Limit Clauses Literals  Lit/Cl |          |
==============================================================================
|         0 |  980729  2549264 |  326909       0        0     0.0 |  0.000 % |
|       100 |  980729  2549264 |  359600     100     1647    16.5 |  0.000 % |
|       250 |  980710  2549226 |  395560     249     3102    12.5 |  0.052 % |
==============================================================================
Totoal time used by londex constraint checking is [B0.030000][L0.030000],apply counts 3044, apply_generated 0
restarts          :            3
conflicts         :          420           (     5250 / sec      )
decisions         :          965           (    12062 / sec      )
propagations      :        88749           (  1109362 / sec      )
inspects          :       131467           (  1643338 / sec      )
conflict literals :         4309           (     9.17 % deleted  )
CPU time          :         0.08 sec
UNSATISFIABLE

******  Solve with 17 layers Start******

creating action-based encoding:
        building rplan graph layers, up to layer [17];
        goal constraints;
        building exclusion constraints --> up to layer 17...

DECISION LAYER 17, WRITING ACTION-BASED ENCODING WITH 25498 VARS, 1108907 CLAUSES.
34 G clauses, 39942 A clauses, 1068931 E clauses.c CNF file planning task -p , -o /home/matheus/repo/acervo-2010/planejadores_analise_resultados/comp/pathways/Strips/domain_p26.pddl, -f /home/matheus/repo/acervo-2010/planejadores_analise_resultados/comp/pathways/Strips/p26.pddl, bound 17, action based encoding
In building up solver: p cnf 25498 1108907
==================================[ MINISAT ]===================================
| Conflicts |     ORIGINAL     |              LEARNT              | Progress |
|           | Clauses Literals |   Limit Clauses Literals  Lit/Cl |          |
==============================================================================
|         0 | 1108907  2883249 |  369635       0        0     0.0 |  0.000 % |
|       100 | 1108907  2883249 |  406599     100     4817    48.2 |  0.000 % |
|       250 | 1108365  2882147 |  447258     247     6677    27.0 |  0.334 % |
|       475 | 1108365  2882147 |  491984     471    15696    33.3 |  0.381 % |
|       813 | 1108365  2882147 |  541183     808    42473    52.6 |  0.800 % |
|      1319 | 1108365  2882147 |  595301    1309    57855    44.2 |  6.318 % |
|      2078 | 1108365  2882147 |  654831    2055    82148    40.0 | 12.605 % |
==============================================================================
Totoal time used by londex constraint checking is [B0.140000][L0.100000],apply counts 14751, apply_generated 0
restarts          :            7
conflicts         :         2125           (     5312 / sec      )
decisions         :         4125           (    10312 / sec      )
propagations      :       951058           (  2377645 / sec      )
inspects          :      1530291           (  3825728 / sec      )
conflict literals :        82429           (    11.31 % deleted  )
CPU time          :         0.40 sec
UNSATISFIABLE

******  Solve with 18 layers Start******

creating action-based encoding:
        building rplan graph layers, up to layer [18];
        goal constraints;
        building exclusion constraints --> up to layer 18...

DECISION LAYER 18, WRITING ACTION-BASED ENCODING WITH 27916 VARS, 1245126 CLAUSES.
34 G clauses, 43924 A clauses, 1201168 E clauses.c CNF file planning task -p , -o /home/matheus/repo/acervo-2010/planejadores_analise_resultados/comp/pathways/Strips/domain_p26.pddl, -f /home/matheus/repo/acervo-2010/planejadores_analise_resultados/comp/pathways/Strips/p26.pddl, bound 18, action based encoding
In building up solver: p cnf 27916 1245126
==================================[ MINISAT ]===================================
| Conflicts |     ORIGINAL     |              LEARNT              | Progress |
|           | Clauses Literals |   Limit Clauses Literals  Lit/Cl |          |
==============================================================================
|         0 | 1245126  3238006 |  415042       0        0     0.0 |  0.000 % |
|       100 | 1245126  3238006 |  456546     100     5970    59.7 |  0.000 % |
|       250 | 1245126  3238006 |  502201     250    10733    42.9 |  0.000 % |
|       476 | 1245126  3238006 |  552421     476    18800    39.5 |  0.000 % |
|       813 | 1245107  3237968 |  607663     812    85760   105.6 |  0.043 % |
|      1319 | 1245107  3237968 |  668429    1318    94150    71.4 |  0.043 % |
|      2078 | 1245107  3237968 |  735272    2076   122715    59.1 |  1.637 % |
|      3217 | 1245107  3237968 |  808799    3213   172070    53.6 |  1.838 % |
|      4926 | 1245107  3237968 |  889679    4919   318246    64.7 |  1.974 % |
==============================================================================
Totoal time used by londex constraint checking is [B0.320000][L0.420000],apply counts 46739, apply_generated 0
restarts          :            9
conflicts         :         7446           (     3878 / sec      )
decisions         :        11704           (     6096 / sec      )
propagations      :      5123787           (  2668639 / sec      )
inspects          :      8611764           (  4485294 / sec      )
conflict literals :       519692           (    17.91 % deleted  )
CPU time          :         1.92 sec
UNSATISFIABLE

******  Solve with 19 layers Start******

creating action-based encoding:
        building rplan graph layers, up to layer [19];
        goal constraints;
        building exclusion constraints --> up to layer 19...

DECISION LAYER 19, WRITING ACTION-BASED ENCODING WITH 30402 VARS, 1389453 CLAUSES.
34 G clauses, 48041 A clauses, 1341378 E clauses.c CNF file planning task -p , -o /home/matheus/repo/acervo-2010/planejadores_analise_resultados/comp/pathways/Strips/domain_p26.pddl, -f /home/matheus/repo/acervo-2010/planejadores_analise_resultados/comp/pathways/Strips/p26.pddl, bound 19, action based encoding
In building up solver: p cnf 30402 1389453
==================================[ MINISAT ]===================================
| Conflicts |     ORIGINAL     |              LEARNT              | Progress |
|           | Clauses Literals |   Limit Clauses Literals  Lit/Cl |          |
==============================================================================
|         0 | 1389453  3613669 |  463151       0        0     0.0 |  0.000 % |
|       100 | 1389453  3613669 |  509466     100     4542    45.4 |  0.000 % |
|       251 | 1389426  3613615 |  560413     250    11451    45.8 |  0.040 % |
|       476 | 1389426  3613615 |  616454     473    20331    43.0 |  1.530 % |
|       813 | 1389426  3613615 |  678099     809    28336    35.0 |  1.609 % |
|      1319 | 1389426  3613615 |  745909    1313    41318    31.5 |  1.720 % |
|      2078 | 1389426  3613615 |  820500    2071    59297    28.6 |  1.836 % |
|      3217 | 1389426  3613615 |  902550    3209   167963    52.3 |  2.076 % |
|      4925 | 1389426  3613615 |  992805    4914   279135    56.8 |  2.401 % |
|      7489 | 1389426  3613615 | 1092086    7476   495625    66.3 |  2.566 % |
|     11333 | 1370533  3571025 | 1201294   11300  1228611   108.7 |  2.619 % |
|     17099 | 1370533  3571025 | 1321424   17062  1606317    94.1 |  2.717 % |
|     25748 | 1370281  3570517 | 1453566   25684  2683917   104.5 |  2.849 % |
|     38722 | 1230839  3290018 | 1598923   31140  3307468   106.2 |  7.217 % |
==============================================================================
Totoal time used by londex constraint checking is [B2.550000][L2.590000],apply counts 371320, apply_generated 0
restarts          :           14
conflicts         :        46441           (     2477 / sec      )
decisions         :        60670           (     3236 / sec      )
propagations      :     47390492           (  2527493 / sec      )
inspects          :    106765056           (  5694136 / sec      )
conflict literals :      5283506           (    37.51 % deleted  )
CPU time          :        18.75 sec
UNSATISFIABLE

******  Solve with 20 layers Start******

creating action-based encoding:
        building rplan graph layers, up to layer [20];
        goal constraints;
        building exclusion constraints --> up to layer 20...

DECISION LAYER 20, WRITING ACTION-BASED ENCODING WITH 32956 VARS, 1541955 CLAUSES.
34 G clauses, 52293 A clauses, 1489628 E clauses.c CNF file planning task -p , -o /home/matheus/repo/acervo-2010/planejadores_analise_resultados/comp/pathways/Strips/domain_p26.pddl, -f /home/matheus/repo/acervo-2010/planejadores_analise_resultados/comp/pathways/Strips/p26.pddl, bound 20, action based encoding
In building up solver: p cnf 32956 1541955
==================================[ MINISAT ]===================================
| Conflicts |     ORIGINAL     |              LEARNT              | Progress |
|           | Clauses Literals |   Limit Clauses Literals  Lit/Cl |          |
==============================================================================
|         0 | 1541955  4010372 |  513985       0        0     0.0 |  0.000 % |
|       102 | 1541955  4010372 |  565384     102     3758    36.8 |  0.000 % |
|       254 | 1540210  4006695 |  621922     250     5443    21.8 |  0.716 % |
|       479 | 1540210  4006695 |  684114     474    14665    30.9 |  0.753 % |
|       817 | 1540210  4006695 |  752525     812    21248    26.2 |  0.753 % |
|      1323 | 1540210  4006695 |  827778    1317    30978    23.5 |  1.493 % |
|      2082 | 1540210  4006695 |  910556    2075    72683    35.0 |  1.536 % |
|      3221 | 1540210  4006695 | 1001611    3212   143303    44.6 |  1.687 % |
|      4929 | 1540210  4006695 | 1101772    4920   360866    73.3 |  1.687 % |
|      7492 | 1540210  4006695 | 1211950    7482   554686    74.1 |  1.730 % |
|     11336 | 1538225  4002552 | 1333145   11313   947428    83.7 |  2.564 % |
|     17102 | 1538225  4002552 | 1466459   17078  1466360    85.9 |  2.607 % |
|     25751 | 1506235  3928734 | 1613105   25682  2992693   116.5 |  2.649 % |
|     38725 | 1506207  3928677 | 1774416   38649  6858370   177.5 |  2.862 % |
|     58187 | 1505603  3927452 | 1951857   57988 15367405   265.0 |  3.095 % |
|     87379 | 1504516  3925121 | 2147043   82933 22410680   270.2 |  3.105 % |
|    131168 | 1502947  3921566 | 2361747  108668 27898748   256.7 |  3.208 % |
|    196852 | 1499651  3913960 | 2597922  150668 38781343   257.4 |  3.372 % |
==============================================================================
Totoal time used by londex constraint checking is [B16.380000][L17.740000],apply counts 2095834, apply_generated 0
restarts          :           18
conflicts         :       255722           (     1365 / sec      )
decisions         :       295809           (     1579 / sec      )
propagations      :    327501083           (  1747698 / sec      )
inspects          :   1658842176           (  8852352 / sec      )
conflict literals :     64590659           (    47.97 % deleted  )
CPU time          :       187.39 sec
UNSATISFIABLE

******  Solve with 21 layers Start******

creating action-based encoding:
        building rplan graph layers, up to layer [21];
        goal constraints;
        building exclusion constraints --> up to layer 21...

DECISION LAYER 21, WRITING ACTION-BASED ENCODING WITH 35578 VARS, 1702699 CLAUSES.
34 G clauses, 56680 A clauses, 1645985 E clauses.c CNF file planning task -p , -o /home/matheus/repo/acervo-2010/planejadores_analise_resultados/comp/pathways/Strips/domain_p26.pddl, -f /home/matheus/repo/acervo-2010/planejadores_analise_resultados/comp/pathways/Strips/p26.pddl, bound 21, action based encoding
In building up solver: p cnf 35578 1702699
==================================[ MINISAT ]===================================
| Conflicts |     ORIGINAL     |              LEARNT              | Progress |
|           | Clauses Literals |   Limit Clauses Literals  Lit/Cl |          |
==============================================================================
|         0 | 1702699  4428249 |  567566       0        0     0.0 |  0.000 % |
|       100 | 1702699  4428249 |  624323     100     2951    29.5 |  0.000 % |
|       251 | 1702699  4428249 |  686755     251    15781    62.9 |  0.000 % |
|       476 | 1702699  4428249 |  755430     476    19631    41.2 |  0.000 % |
|       813 | 1702672  4428195 |  830973     812    25383    31.3 |  0.034 % |
|      1319 | 1702672  4428195 |  914071    1315    37059    28.2 |  1.591 % |
|      2078 | 1702672  4428195 | 1005478    2071    71297    34.4 |  1.768 % |
|      3217 | 1702672  4428195 | 1106026    3209   114818    35.8 |  1.807 % |
|      4926 | 1702672  4428195 | 1216628    4917   328489    66.8 |  2.010 % |
|      7488 | 1702672  4428195 | 1338291    7478   453428    60.6 |  2.049 % |
|     11332 | 1702672  4428195 | 1472120   11321   655789    57.9 |  2.089 % |
|     17098 | 1702672  4428195 | 1619332   17086  1189639    69.6 |  2.117 % |
|     25748 | 1697764  4417898 | 1781265   25712  2516986    97.9 |  2.184 % |
|     38723 | 1697764  4417898 | 1959392   38686  6466758   167.2 |  2.241 % |
|     58185 | 1697470  4417301 | 2155331   58147 15568576   267.7 |  2.296 % |
|     87377 | 1697304  4416956 | 2370864   87309 30606689   350.6 |  2.319 % |
|    131166 | 1697304  4416956 | 2607950  131096 46344038   353.5 |  2.598 % |
|    196851 | 1696321  4414792 | 2868745  191361 77224033   403.6 |  2.609 % |
|    295378 | 1695764  4413544 | 3155620  276303 135682723   491.1 |  2.662 % |
|    443167 | 1695293  4412510 | 3471182  382744 186785591   488.0 |  2.690 % |
