MaxPlanII beta.

bb: parsing domain file
domain 'GROUNDED-PATHWAYS-PROPOSITIONAL' defined
 ... done.
bb: parsing problem file
problem 'GROUNDED-PATHWAYS-28' defined
 ... done.


******  Solve with 1 layers Start******

creating action-based encoding:
        building rplan graph layers, up to layer [1];
        goal constraints;

no achiever in for goal?? deadline too low!#001


******  Solve with 2 layers Start******

creating action-based encoding:
        building rplan graph layers, up to layer [2];
        goal constraints;

no achiever in for goal?? deadline too low!#001


******  Solve with 3 layers Start******

creating action-based encoding:
        building rplan graph layers, up to layer [3];
        goal constraints;

no achiever in for goal?? deadline too low!#001


******  Solve with 4 layers Start******

creating action-based encoding:
        building rplan graph layers, up to layer [4];
        goal constraints;

no achiever in for goal?? deadline too low!#001


******  Solve with 5 layers Start******

creating action-based encoding:
        building rplan graph layers, up to layer [5];
        goal constraints;

no achiever in for goal?? deadline too low!#001


******  Solve with 6 layers Start******

creating action-based encoding:
        building rplan graph layers, up to layer [6];
        goal constraints;

no achiever in for goal?? deadline too low!#001


******  Solve with 7 layers Start******

creating action-based encoding:
        building rplan graph layers, up to layer [7];
        goal constraints;

no achiever in for goal?? deadline too low!#001


******  Solve with 8 layers Start******

creating action-based encoding:
        building rplan graph layers, up to layer [8];
        goal constraints;

no achiever in for goal?? deadline too low!#001


******  Solve with 9 layers Start******

creating action-based encoding:
        building rplan graph layers, up to layer [9];
        goal constraints;

no achiever in for goal?? deadline too low!#001


******  Solve with 10 layers Start******

creating action-based encoding:
        building rplan graph layers, up to layer [10];
        goal constraints;

no achiever in for goal?? deadline too low!#001


******  Solve with 11 layers Start******

creating action-based encoding:
        building rplan graph layers, up to layer [11];
        goal constraints;

no achiever in for goal?? deadline too low!#001


******  Solve with 12 layers Start******

creating action-based encoding:
        building rplan graph layers, up to layer [12];
        goal constraints;
        building exclusion constraints --> up to layer 12...

DECISION LAYER 12, WRITING ACTION-BASED ENCODING WITH 14819 VARS, 547586 CLAUSES.
37 G clauses, 22272 A clauses, 525277 E clauses.c CNF file planning task -p , -o /home/matheus/repo/acervo-2010/planejadores_analise_resultados/comp/pathways/Strips/domain_p28.pddl, -f /home/matheus/repo/acervo-2010/planejadores_analise_resultados/comp/pathways/Strips/p28.pddl, bound 12, action based encoding
In building up solver: p cnf 14819 547586
==================================[ MINISAT ]===================================
| Conflicts |     ORIGINAL     |              LEARNT              | Progress |
|           | Clauses Literals |   Limit Clauses Literals  Lit/Cl |          |
==============================================================================
|         0 |  547586  1418451 |  182528       0        0     0.0 |  0.000 % |
==============================================================================
Totoal time used by londex constraint checking is [B0.000000][L0.000000],apply counts 14, apply_generated 0
restarts          :            1
conflicts         :            3           (      inf / sec      )
decisions         :            2           (      inf / sec      )
propagations      :         2148           (      inf / sec      )
inspects          :         2501           (      inf / sec      )
conflict literals :            2           (     0.00 % deleted  )
CPU time          :         0.00 sec
UNSATISFIABLE

******  Solve with 13 layers Start******

creating action-based encoding:
        building rplan graph layers, up to layer [13];
        goal constraints;
        building exclusion constraints --> up to layer 13...

DECISION LAYER 13, WRITING ACTION-BASED ENCODING WITH 16916 VARS, 644079 CLAUSES.
37 G clauses, 25557 A clauses, 618485 E clauses.c CNF file planning task -p , -o /home/matheus/repo/acervo-2010/planejadores_analise_resultados/comp/pathways/Strips/domain_p28.pddl, -f /home/matheus/repo/acervo-2010/planejadores_analise_resultados/comp/pathways/Strips/p28.pddl, bound 13, action based encoding
In building up solver: p cnf 16916 644079
==================================[ MINISAT ]===================================
| Conflicts |     ORIGINAL     |              LEARNT              | Progress |
|           | Clauses Literals |   Limit Clauses Literals  Lit/Cl |          |
==============================================================================
|         0 |  644079  1670042 |  214693       0        0     0.0 |  0.000 % |
==============================================================================
Totoal time used by londex constraint checking is [B0.000000][L0.000000],apply counts 58, apply_generated 0
restarts          :            1
conflicts         :           11           (     1100 / sec      )
decisions         :           13           (     1300 / sec      )
propagations      :         3597           (   359700 / sec      )
inspects          :         4160           (   416000 / sec      )
conflict literals :           26           (     0.00 % deleted  )
CPU time          :         0.01 sec
UNSATISFIABLE

******  Solve with 14 layers Start******

creating action-based encoding:
        building rplan graph layers, up to layer [14];
        goal constraints;
        building exclusion constraints --> up to layer 14...

DECISION LAYER 14, WRITING ACTION-BASED ENCODING WITH 19081 VARS, 748345 CLAUSES.
37 G clauses, 28977 A clauses, 719331 E clauses.c CNF file planning task -p , -o /home/matheus/repo/acervo-2010/planejadores_analise_resultados/comp/pathways/Strips/domain_p28.pddl, -f /home/matheus/repo/acervo-2010/planejadores_analise_resultados/comp/pathways/Strips/p28.pddl, bound 14, action based encoding
In building up solver: p cnf 19081 748345
==================================[ MINISAT ]===================================
| Conflicts |     ORIGINAL     |              LEARNT              | Progress |
|           | Clauses Literals |   Limit Clauses Literals  Lit/Cl |          |
==============================================================================
|         0 |  748345  1941869 |  249448       0        0     0.0 |  0.000 % |
==============================================================================
Totoal time used by londex constraint checking is [B0.010000][L0.000000],apply counts 540, apply_generated 0
restarts          :            1
conflicts         :           87           (     4350 / sec      )
decisions         :          133           (     6650 / sec      )
propagations      :        34086           (  1704300 / sec      )
inspects          :        45014           (  2250700 / sec      )
conflict literals :          931           (     1.17 % deleted  )
CPU time          :         0.02 sec
UNSATISFIABLE

******  Solve with 15 layers Start******

creating action-based encoding:
        building rplan graph layers, up to layer [15];
        goal constraints;
        building exclusion constraints --> up to layer 15...

DECISION LAYER 15, WRITING ACTION-BASED ENCODING WITH 21314 VARS, 860451 CLAUSES.
37 G clauses, 32532 A clauses, 827882 E clauses.c CNF file planning task -p , -o /home/matheus/repo/acervo-2010/planejadores_analise_resultados/comp/pathways/Strips/domain_p28.pddl, -f /home/matheus/repo/acervo-2010/planejadores_analise_resultados/comp/pathways/Strips/p28.pddl, bound 15, action based encoding
In building up solver: p cnf 21314 860451
==================================[ MINISAT ]===================================
| Conflicts |     ORIGINAL     |              LEARNT              | Progress |
|           | Clauses Literals |   Limit Clauses Literals  Lit/Cl |          |
==============================================================================
|         0 |  860451  2234066 |  286817       0        0     0.0 |  0.000 % |
|       100 |  860451  2234066 |  315499     100     1715    17.1 |  0.001 % |
|       250 |  860412  2233968 |  347049     226     2842    12.6 |  0.009 % |
==============================================================================
Totoal time used by londex constraint checking is [B0.020000][L0.040000],apply counts 2766, apply_generated 0
restarts          :            3
conflicts         :          371           (     4638 / sec      )
decisions         :          791           (     9888 / sec      )
propagations      :       104285           (  1303562 / sec      )
inspects          :       148110           (  1851375 / sec      )
conflict literals :         4079           (    16.23 % deleted  )
CPU time          :         0.08 sec
UNSATISFIABLE

******  Solve with 16 layers Start******

creating action-based encoding:
        building rplan graph layers, up to layer [16];
        goal constraints;
        building exclusion constraints --> up to layer 16...

DECISION LAYER 16, WRITING ACTION-BASED ENCODING WITH 23615 VARS, 980464 CLAUSES.
37 G clauses, 36222 A clauses, 944205 E clauses.c CNF file planning task -p , -o /home/matheus/repo/acervo-2010/planejadores_analise_resultados/comp/pathways/Strips/domain_p28.pddl, -f /home/matheus/repo/acervo-2010/planejadores_analise_resultados/comp/pathways/Strips/p28.pddl, bound 16, action based encoding
In building up solver: p cnf 23615 980464
==================================[ MINISAT ]===================================
| Conflicts |     ORIGINAL     |              LEARNT              | Progress |
|           | Clauses Literals |   Limit Clauses Literals  Lit/Cl |          |
==============================================================================
|         0 |  980464  2546767 |  326821       0        0     0.0 |  0.000 % |
|       100 |  980464  2546767 |  359503     100     1829    18.3 |  0.000 % |
|       250 |  980450  2546739 |  395453     249     3808    15.3 |  0.005 % |
|       475 |  980450  2546739 |  434999     472     7405    15.7 |  0.059 % |
|       812 |  980450  2546739 |  478499     807    12255    15.2 |  0.068 % |
==============================================================================
Totoal time used by londex constraint checking is [B0.030000][L0.080000],apply counts 7793, apply_generated 0
restarts          :            5
conflicts         :         1164           (     6467 / sec      )
decisions         :         1944           (    10800 / sec      )
propagations      :       222380           (  1235444 / sec      )
inspects          :       370081           (  2056006 / sec      )
conflict literals :        17505           (    18.07 % deleted  )
CPU time          :         0.18 sec
UNSATISFIABLE

******  Solve with 17 layers Start******

creating action-based encoding:
        building rplan graph layers, up to layer [17];
        goal constraints;
        building exclusion constraints --> up to layer 17...

DECISION LAYER 17, WRITING ACTION-BASED ENCODING WITH 25984 VARS, 1108451 CLAUSES.
37 G clauses, 40047 A clauses, 1068367 E clauses.c CNF file planning task -p , -o /home/matheus/repo/acervo-2010/planejadores_analise_resultados/comp/pathways/Strips/domain_p28.pddl, -f /home/matheus/repo/acervo-2010/planejadores_analise_resultados/comp/pathways/Strips/p28.pddl, bound 17, action based encoding
In building up solver: p cnf 25984 1108451
==================================[ MINISAT ]===================================
| Conflicts |     ORIGINAL     |              LEARNT              | Progress |
|           | Clauses Literals |   Limit Clauses Literals  Lit/Cl |          |
==============================================================================
|         0 | 1108451  2880106 |  369483       0        0     0.0 |  0.000 % |
|       100 | 1108451  2880106 |  406431     100     1175    11.8 |  0.000 % |
|       250 | 1108451  2880106 |  447074     250     3544    14.2 |  0.000 % |
|       477 | 1108451  2880106 |  491782     477     6005    12.6 |  0.000 % |
|       814 | 1108451  2880106 |  540960     814    14032    17.2 |  0.000 % |
|      1321 | 1108439  2880080 |  595056    1312    26427    20.1 |  0.146 % |
|      2080 | 1108439  2880080 |  654562    2071    39636    19.1 |  0.146 % |
|      3220 | 1108439  2880080 |  720018    3209    62952    19.6 |  0.774 % |
==============================================================================
Totoal time used by londex constraint checking is [B0.150000][L0.250000],apply counts 26121, apply_generated 0
restarts          :            8
conflicts         :         3995           (     6549 / sec      )
decisions         :         5643           (     9251 / sec      )
propagations      :       760948           (  1247456 / sec      )
inspects          :      1780650           (  2919098 / sec      )
conflict literals :        71962           (    29.53 % deleted  )
CPU time          :         0.61 sec
UNSATISFIABLE

******  Solve with 18 layers Start******

creating action-based encoding:
        building rplan graph layers, up to layer [18];
        goal constraints;
        building exclusion constraints --> up to layer 18...

DECISION LAYER 18, WRITING ACTION-BASED ENCODING WITH 28421 VARS, 1244479 CLAUSES.
37 G clauses, 44007 A clauses, 1200435 E clauses.c CNF file planning task -p , -o /home/matheus/repo/acervo-2010/planejadores_analise_resultados/comp/pathways/Strips/domain_p28.pddl, -f /home/matheus/repo/acervo-2010/planejadores_analise_resultados/comp/pathways/Strips/p28.pddl, bound 18, action based encoding
In building up solver: p cnf 28421 1244479
==================================[ MINISAT ]===================================
| Conflicts |     ORIGINAL     |              LEARNT              | Progress |
|           | Clauses Literals |   Limit Clauses Literals  Lit/Cl |          |
==============================================================================
|         0 | 1244479  3234217 |  414826       0        0     0.0 |  0.000 % |
|       100 | 1244479  3234217 |  456309     100    33463   334.6 |  0.000 % |
|       250 | 1244479  3234217 |  501939     250    38008   152.0 |  0.000 % |
|       475 | 1244479  3234217 |  552133     475    42440    89.3 |  0.000 % |
|       813 | 1243656  3232454 |  607347     802    48875    60.9 |  0.384 % |
|      1320 | 1243656  3232454 |  668081    1308    59019    45.1 |  0.387 % |
|      2079 | 1243656  3232454 |  734890    2065    80523    39.0 |  0.486 % |
|      3218 | 1243656  3232454 |  808379    3203   106489    33.2 |  0.489 % |
|      4926 | 1243656  3232454 |  889216    4907   139826    28.5 |  1.313 % |
|      7488 | 1243656  3232454 |  978138    7460   187211    25.1 |  1.344 % |
==============================================================================
Totoal time used by londex constraint checking is [B0.380000][L0.420000],apply counts 51971, apply_generated 0
restarts          :           10
conflicts         :         8369           (     6389 / sec      )
decisions         :        10825           (     8263 / sec      )
propagations      :      2267850           (  1731183 / sec      )
inspects          :      6447658           (  4921876 / sec      )
conflict literals :       199671           (    32.15 % deleted  )
CPU time          :         1.31 sec
UNSATISFIABLE

******  Solve with 19 layers Start******

creating action-based encoding:
        building rplan graph layers, up to layer [19];
        goal constraints;
        building exclusion constraints --> up to layer 19...

DECISION LAYER 19, WRITING ACTION-BASED ENCODING WITH 30926 VARS, 1388615 CLAUSES.
37 G clauses, 48102 A clauses, 1340476 E clauses.c CNF file planning task -p , -o /home/matheus/repo/acervo-2010/planejadores_analise_resultados/comp/pathways/Strips/domain_p28.pddl, -f /home/matheus/repo/acervo-2010/planejadores_analise_resultados/comp/pathways/Strips/p28.pddl, bound 19, action based encoding
In building up solver: p cnf 30926 1388615
==================================[ MINISAT ]===================================
| Conflicts |     ORIGINAL     |              LEARNT              | Progress |
|           | Clauses Literals |   Limit Clauses Literals  Lit/Cl |          |
==============================================================================
|         0 | 1388615  3609234 |  462871       0        0     0.0 |  0.000 % |
|       100 | 1388615  3609234 |  509158     100     2419    24.2 |  0.000 % |
|       251 | 1388461  3608922 |  560074     249     3566    14.3 |  0.065 % |
|       476 | 1388461  3608922 |  616081     473     6879    14.5 |  0.104 % |
|       813 | 1388461  3608922 |  677689     809    13359    16.5 |  0.123 % |
|      1319 | 1388461  3608922 |  745458    1313    27074    20.6 |  0.178 % |
|      2078 | 1388461  3608922 |  820004    2070    47543    23.0 |  0.569 % |
|      3217 | 1388461  3608922 |  902005    3208    85230    26.6 |  0.689 % |
|      4926 | 1388461  3608922 |  992205    4916   115845    23.6 |  1.633 % |
|      7489 | 1388461  3608922 | 1091426    7478   171781    23.0 |  1.659 % |
|     11333 | 1388461  3608922 | 1200568   11316   253048    22.4 |  1.749 % |
|     17099 | 1384653  3600956 | 1320625   11474   265963    23.2 |  7.165 % |
==============================================================================
Totoal time used by londex constraint checking is [B0.860000][L0.910000],apply counts 118187, apply_generated 0
restarts          :           12
conflicts         :        17999           (     6020 / sec      )
decisions         :        23035           (     7704 / sec      )
propagations      :      5167635           (  1728306 / sec      )
inspects          :     18937819           (  6333719 / sec      )
conflict literals :       382731           (    44.88 % deleted  )
CPU time          :         2.99 sec
UNSATISFIABLE

******  Solve with 20 layers Start******

creating action-based encoding:
        building rplan graph layers, up to layer [20];
        goal constraints;
        building exclusion constraints --> up to layer 20...

DECISION LAYER 20, WRITING ACTION-BASED ENCODING WITH 33499 VARS, 1540926 CLAUSES.
37 G clauses, 52332 A clauses, 1488557 E clauses.c CNF file planning task -p , -o /home/matheus/repo/acervo-2010/planejadores_analise_resultados/comp/pathways/Strips/domain_p28.pddl, -f /home/matheus/repo/acervo-2010/planejadores_analise_resultados/comp/pathways/Strips/p28.pddl, bound 20, action based encoding
In building up solver: p cnf 33499 1540926
==================================[ MINISAT ]===================================
| Conflicts |     ORIGINAL     |              LEARNT              | Progress |
|           | Clauses Literals |   Limit Clauses Literals  Lit/Cl |          |
==============================================================================
|         0 | 1540926  4005291 |  513642       0        0     0.0 |  0.000 % |
|       100 | 1540926  4005291 |  565006     100    10166   101.7 |  0.000 % |
|       251 | 1539739  4002825 |  621507     249    14404    57.8 |  0.517 % |
|       477 | 1539739  4002825 |  683658     475    17282    36.4 |  0.516 % |
|       814 | 1539739  4002825 |  752023     811    24968    30.8 |  0.552 % |
|      1321 | 1539739  4002825 |  827226    1316    38812    29.5 |  1.347 % |
|      2080 | 1539739  4002825 |  909948    2075    57684    27.8 |  1.346 % |
|      3219 | 1539739  4002825 | 1000943    3213   103737    32.3 |  1.388 % |
|      4927 | 1539739  4002825 | 1101037    4920   180445    36.7 |  1.502 % |
|      7489 | 1539739  4002825 | 1211141    7480   273889    36.6 |  1.547 % |
|     11333 | 1539739  4002825 | 1332255   11323   434137    38.3 |  1.588 % |
|     17099 | 1539739  4002825 | 1465481   17086   673476    39.4 |  1.675 % |
|     25749 | 1537323  3997798 | 1612029   25631  1274031    49.7 |  1.809 % |
|     38724 | 1537323  3997798 | 1773231   38605  8141897   210.9 |  2.418 % |
|     58185 | 1499071  3909574 | 1950555   58045 19372245   333.7 |  3.105 % |
|     87377 | 1460256  3819765 | 2145610   87162 33177348   380.6 |  7.197 % |
|    131168 | 1298144  3484699 | 2360171  130862 66580483   508.8 |  7.200 % |
|    196852 | 1297873  3484148 | 2596188  196532 134855311   686.2 |  7.833 % |
|    295380 | 1297873  3484148 | 2855807  295054 239178309   810.6 | 11.400 % |
