blackbox version 43
command line:  ./blackbox -o /home/matheus/repo/acervo-2010/planejadores_analise_resultados/comp/tpp/Strips/domain_p09.pddl -f /home/matheus/repo/acervo-2010/planejadores_analise_resultados/comp/tpp/Strips/p09.pddl

Begin solver specification
    -maxint        0   -maxsec 10.000000  graphplan
    -maxint        0   -maxsec 0.000000  chaff
End solver specification
Loading domain file: /home/matheus/repo/acervo-2010/planejadores_analise_resultados/comp/tpp/Strips/domain_p09.pddl
Loading fact file: /home/matheus/repo/acervo-2010/planejadores_analise_resultados/comp/tpp/Strips/p09.pddl
Problem name: grounded-strips-tpp
Facts loaded.
time: 1, 66 facts and 3 exclusive pairs.
time: 2, 83 facts and 37 exclusive pairs.
time: 3, 111 facts and 214 exclusive pairs.
time: 4, 121 facts and 178 exclusive pairs.
time: 5, 144 facts and 314 exclusive pairs.
time: 6, 158 facts and 282 exclusive pairs.
time: 7, 164 facts and 298 exclusive pairs.
time: 8, 164 facts and 256 exclusive pairs.
time: 9, 166 facts and 230 exclusive pairs.
time: 10, 168 facts and 230 exclusive pairs.
Goals first reachable in 10 steps.
4598 nodes created.

####################################################
goals at time 11:
  stored-goods9-level1 stored-goods8-level2 stored-goods7-level1 stored-goods6-level1 stored-goods5-level2 
stored-goods4-level2 stored-goods3-level2 stored-goods2-level2 stored-goods1-level1 


----------------------------------------------------
Invoking solver graphplan
