blackbox version 43
command line:  ./blackbox -o /home/matheus/repo/acervo-2010/planejadores_analise_resultados/comp/tpp/Strips/domain_p13.pddl -f /home/matheus/repo/acervo-2010/planejadores_analise_resultados/comp/tpp/Strips/p13.pddl

Begin solver specification
    -maxint        0   -maxsec 10.000000  graphplan
    -maxint        0   -maxsec 0.000000  chaff
End solver specification
Loading domain file: /home/matheus/repo/acervo-2010/planejadores_analise_resultados/comp/tpp/Strips/domain_p13.pddl
Loading fact file: /home/matheus/repo/acervo-2010/planejadores_analise_resultados/comp/tpp/Strips/p13.pddl
Problem name: grounded-strips-tpp
Facts loaded.
time: 1, 80 facts and 4 exclusive pairs.
time: 2, 108 facts and 68 exclusive pairs.
time: 3, 160 facts and 337 exclusive pairs.
time: 4, 186 facts and 378 exclusive pairs.
time: 5, 220 facts and 497 exclusive pairs.
time: 6, 246 facts and 570 exclusive pairs.
time: 7, 254 facts and 451 exclusive pairs.
time: 8, 260 facts and 464 exclusive pairs.
Goals first reachable in 8 steps.
7200 nodes created.

####################################################
goals at time 9:
  stored-goods8-level2 stored-goods7-level1 stored-goods6-level1 stored-goods5-level3 stored-goods4-level2 
stored-goods3-level1 stored-goods2-level1 stored-goods1-level2 


----------------------------------------------------
Invoking solver graphplan
