
Parsing domain file:  domain 'TPP-PROPOSITIONAL' defined ... done.
Parsing problem file:  problem 'TPP' defined ... done.



Modality: Fast Planner

Number of actions             :   40848
Number of conditional actions :       0
Number of facts               :    1923


Analyzing Planning Problem:
	Temporal Planning Problem: NO
	Numeric Planning Problem: NO
	Problem with Timed Initial Litearals: NO
	Problem with Derived Predicates: NO

Evaluation function weights:
     Action duration 0.00; Action cost 1.00


Computing mutex... done

Preprocessing total time: 1.38 seconds

Searching ('.' = every 50 search steps):
........... search limit exceeded. Restart.
............. search limit exceeded. Restart.
............... search limit exceeded. Restart.
.................. search limit exceeded. Restart.
..................... search limit exceeded. Restart.
........................ search limit exceeded. Restart.
............................ search limit exceeded. Restart.
................................. search limit exceeded. Restart.
...................................... search limit exceeded.

Searching ('.' = every 50 search steps):
........... search limit exceeded. Restart.
............. search limit exceeded. Restart.
............... search limit exceeded. Restart.
.................. search limit exceeded. Restart.
..................... search limit exceeded. Restart.
........................ search limit exceeded. Restart.
............................ search limit exceeded. Restart.
................................. search limit exceeded. Restart.
...................................... search limit exceeded.

Searching ('.' = every 50 search steps):
........... search limit exceeded. Restart.
............. search limit exceeded. Restart.
............... search limit exceeded. Restart.
.................. search limit exceeded. Restart.
..................... search limit exceeded. Restart.
........................ search limit exceeded. Restart.
............................ search limit exceeded. Restart.
................................. search limit exceeded. Restart.
...................................... search limit exceeded.

Searching ('.' = every 50 search steps):
........... search limit exceeded. Restart.
............. search limit exceeded. Restart.
............... search limit exceeded. Restart.
.................. search limit exceeded. Restart.
..................... search limit exceeded. Restart.
........................ search limit exceeded. Restart.
............................ search limit exceeded. Restart.
................................. search limit exceeded. Restart.
...................................... search limit exceeded.

Searching ('.' = every 50 search steps):
........... search limit exceeded. Restart.
............. search limit exceeded. Restart.
............... search limit exceeded. Restart.
.................. search limit exceeded. Restart.
..................... search limit exceeded. Restart.
........................ search limit exceeded. Restart.
............................ search limit exceeded. Restart.
................................. search limit exceeded. Restart.
