
ipp: parsing domain file
domain 'PIPESWORLD_STRIPS' defined
 ... done.
ipp: parsing problem file
problem 'P48-NET5-B28-G7_RT0_INSTANCE' defined
 ... done.


instantiated 78976 actions


time:   0,  1255 facts and       0 exclusive pairs (  112,       0 positives)
            1303 ops   and     732 exclusive pairs
time:   1,  1387 facts and    1678 exclusive pairs (  193,     783 positives)
            1679 ops   and   35954 exclusive pairs
time:   2,  1503 facts and    3642 exclusive pairs (  260,    1638 positives)
            2627 ops   and  394969 exclusive pairs
time:   3,  1618 facts and    7177 exclusive pairs (  375,    5593 positives)
            3721 ops   and  978842 exclusive pairs
time:   4,  1675 facts and    7354 exclusive pairs (  420,    5872 positives)
            5609 ops   and 3208289 exclusive pairs
time:   5,  1838 facts and   18872 exclusive pairs (  583,   17062 positives)
           10835 ops   and 18507135 exclusive pairs
time:   6,  1943 facts and   25774 exclusive pairs (  688,   24676 positives)
           16417 ops   and 50093510 exclusive pairs
time:   7,  2102 facts and   34867 exclusive pairs (  847,   33660 positives)
           33276 ops   and 224809196 exclusive pairs
time:   8,  2259 facts and   46023 exclusive pairs ( 1004,   45046 positives)
           45992 ops   and 381908640 exclusive pairs
time:   9,  2346 facts and   42507 exclusive pairs ( 1091,   41902 positives)

NO MEMORY in file memory.c:706

Command exited with non-zero status 1
__MEMKB 4190316
