#
# (C) Copyright 2008, University of Illinois, Urbana-Champaign
#
# All rights reserved. Use of this software is permitted ONLY for
# non-commercial research purposes, and it may be copied only
# for that use only. All copies must include this copyright message.
# This software is made available AS IS, and neither the authors
# nor the University of Illinois, make any warranty about the
# software or its performance.
#

Parsing domain file
 domain 'DRIVERLOG' defined
Parsing problem file
 problem 'DLOG-2-2-2' defined



checking for cyclic := effects --- OK.

Starting SGPlan search ...



Solution found.



; Time 0.08
; ParsingTime 0.05
; NrActions 8
; MakeSpan
; MetricValue
; PlanningTechnique Modified-FF(enforced hill-climbing search) as the subplanner

0.001: (WALK DRIVER2 S2 P1-2) [1]
1.002: (WALK DRIVER2 P1-2 S1) [1]
2.003: (WALK DRIVER2 S1 P1-0) [1]
3.004: (WALK DRIVER2 P1-0 S0) [1]
4.005: (WALK DRIVER1 S2 P1-2) [1]
5.006: (BOARD-TRUCK DRIVER2 TRUCK1 S0) [1]
6.007: (WALK DRIVER1 P1-2 S1) [1]
7.008: (DRIVE-TRUCK TRUCK1 S0 S1 DRIVER2) [1]
__MEMKB 29372
