blackbox version 43
command line:  ./blackbox -o /home/matheus/mestrado/comp/depots/domain.pddl -f /home/matheus/mestrado/comp/depots/pfile1

Begin solver specification
    -maxint        0   -maxsec 10.000000  graphplan
    -maxint        0   -maxsec 0.000000  chaff
End solver specification
Loading domain file: /home/matheus/mestrado/comp/depots/domain.pddl
Loading fact file: /home/matheus/mestrado/comp/depots/pfile1
Problem name: depotprob1818
Facts loaded.
time: 1, 18 facts and 0 exclusive pairs.
time: 2, 18 facts and 0 exclusive pairs.
90 nodes created.

----------------------------------------------------
NO SOLUTION
Problem not solvable: can't even reach non-mutex goals
    Search halted after 0 steps
    0 entries in hash table and 0 hits
    avg set size 0
----------------------------------------------------

####################################################
Total elapsed time:   0.00 seconds
Time in milliseconds: 2

####################################################
blackbox version 43
command line:  ./blackbox -o /home/matheus/mestrado/comp/depots/domain.pddl -f /home/matheus/mestrado/comp/depots/pfile2

Begin solver specification
    -maxint        0   -maxsec 10.000000  graphplan
    -maxint        0   -maxsec 0.000000  chaff
End solver specification
Loading domain file: /home/matheus/mestrado/comp/depots/domain.pddl
Loading fact file: /home/matheus/mestrado/comp/depots/pfile2
Problem name: depotprob7512
Facts loaded.
time: 1, 22 facts and 0 exclusive pairs.
time: 2, 22 facts and 0 exclusive pairs.
110 nodes created.

----------------------------------------------------
NO SOLUTION
Problem not solvable: can't even reach non-mutex goals
    Search halted after 0 steps
    0 entries in hash table and 0 hits
    avg set size 0
----------------------------------------------------

####################################################
Total elapsed time:   0.01 seconds
Time in milliseconds: 9

####################################################
blackbox version 43
command line:  ./blackbox -o /home/matheus/mestrado/comp/depots/domain.pddl -f /home/matheus/mestrado/comp/depots/pfile3

Begin solver specification
    -maxint        0   -maxsec 10.000000  graphplan
    -maxint        0   -maxsec 0.000000  chaff
End solver specification
Loading domain file: /home/matheus/mestrado/comp/depots/domain.pddl
Loading fact file: /home/matheus/mestrado/comp/depots/pfile3
Problem name: depotprob1935
Facts loaded.
time: 1, 26 facts and 0 exclusive pairs.
time: 2, 26 facts and 0 exclusive pairs.
130 nodes created.

----------------------------------------------------
NO SOLUTION
Problem not solvable: can't even reach non-mutex goals
    Search halted after 0 steps
    0 entries in hash table and 0 hits
    avg set size 0
----------------------------------------------------

####################################################
Total elapsed time:   0.01 seconds
Time in milliseconds: 5

####################################################
blackbox version 43
command line:  ./blackbox -o /home/matheus/mestrado/comp/depots/domain.pddl -f /home/matheus/mestrado/comp/depots/pfile4

Begin solver specification
    -maxint        0   -maxsec 10.000000  graphplan
    -maxint        0   -maxsec 0.000000  chaff
End solver specification
Loading domain file: /home/matheus/mestrado/comp/depots/domain.pddl
Loading fact file: /home/matheus/mestrado/comp/depots/pfile4
Problem name: depotprob6512
Facts loaded.
time: 1, 30 facts and 0 exclusive pairs.
time: 2, 30 facts and 0 exclusive pairs.
150 nodes created.

----------------------------------------------------
NO SOLUTION
Problem not solvable: can't even reach non-mutex goals
    Search halted after 0 steps
    0 entries in hash table and 0 hits
    avg set size 0
----------------------------------------------------

####################################################
Total elapsed time:   0.00 seconds
Time in milliseconds: 2

####################################################
blackbox version 43
command line:  ./blackbox -o /home/matheus/mestrado/comp/depots/domain.pddl -f /home/matheus/mestrado/comp/depots/pfile5

Begin solver specification
    -maxint        0   -maxsec 10.000000  graphplan
    -maxint        0   -maxsec 0.000000  chaff
End solver specification
Loading domain file: /home/matheus/mestrado/comp/depots/domain.pddl
Loading fact file: /home/matheus/mestrado/comp/depots/pfile5
Problem name: depotprob1212
Facts loaded.
time: 1, 34 facts and 0 exclusive pairs.
time: 2, 34 facts and 0 exclusive pairs.
170 nodes created.

----------------------------------------------------
NO SOLUTION
Problem not solvable: can't even reach non-mutex goals
    Search halted after 0 steps
    0 entries in hash table and 0 hits
    avg set size 0
----------------------------------------------------

####################################################
Total elapsed time:   0.00 seconds
Time in milliseconds: 1

####################################################
blackbox version 43
command line:  ./blackbox -o /home/matheus/mestrado/comp/depots/domain.pddl -f /home/matheus/mestrado/comp/depots/pfile6

Begin solver specification
    -maxint        0   -maxsec 10.000000  graphplan
    -maxint        0   -maxsec 0.000000  chaff
End solver specification
Loading domain file: /home/matheus/mestrado/comp/depots/domain.pddl
Loading fact file: /home/matheus/mestrado/comp/depots/pfile6
Problem name: depotprob5656
Facts loaded.
time: 1, 44 facts and 0 exclusive pairs.
time: 2, 44 facts and 0 exclusive pairs.
220 nodes created.

----------------------------------------------------
NO SOLUTION
Problem not solvable: can't even reach non-mutex goals
    Search halted after 0 steps
    0 entries in hash table and 0 hits
    avg set size 0
----------------------------------------------------

####################################################
Total elapsed time:   0.00 seconds
Time in milliseconds: 2

####################################################
blackbox version 43
command line:  ./blackbox -o /home/matheus/mestrado/comp/depots/domain.pddl -f /home/matheus/mestrado/comp/depots/pfile7

Begin solver specification
    -maxint        0   -maxsec 10.000000  graphplan
    -maxint        0   -maxsec 0.000000  chaff
End solver specification
Loading domain file: /home/matheus/mestrado/comp/depots/domain.pddl
Loading fact file: /home/matheus/mestrado/comp/depots/pfile7
Problem name: depotprob1234
Facts loaded.
time: 1, 32 facts and 0 exclusive pairs.
time: 2, 32 facts and 0 exclusive pairs.
160 nodes created.

----------------------------------------------------
NO SOLUTION
Problem not solvable: can't even reach non-mutex goals
    Search halted after 0 steps
    0 entries in hash table and 0 hits
    avg set size 0
----------------------------------------------------

####################################################
Total elapsed time:   0.00 seconds
Time in milliseconds: 1

####################################################
blackbox version 43
command line:  ./blackbox -o /home/matheus/mestrado/comp/depots/domain.pddl -f /home/matheus/mestrado/comp/depots/pfile8

Begin solver specification
    -maxint        0   -maxsec 10.000000  graphplan
    -maxint        0   -maxsec 0.000000  chaff
End solver specification
Loading domain file: /home/matheus/mestrado/comp/depots/domain.pddl
Loading fact file: /home/matheus/mestrado/comp/depots/pfile8
Problem name: depotprob4321
Facts loaded.
time: 1, 40 facts and 0 exclusive pairs.
time: 2, 40 facts and 0 exclusive pairs.
200 nodes created.

----------------------------------------------------
NO SOLUTION
Problem not solvable: can't even reach non-mutex goals
    Search halted after 0 steps
    0 entries in hash table and 0 hits
    avg set size 0
----------------------------------------------------

####################################################
Total elapsed time:   0.00 seconds
Time in milliseconds: 2

####################################################
blackbox version 43
command line:  ./blackbox -o /home/matheus/mestrado/comp/depots/domain.pddl -f /home/matheus/mestrado/comp/depots/pfile9

Begin solver specification
    -maxint        0   -maxsec 10.000000  graphplan
    -maxint        0   -maxsec 0.000000  chaff
End solver specification
Loading domain file: /home/matheus/mestrado/comp/depots/domain.pddl
Loading fact file: /home/matheus/mestrado/comp/depots/pfile9
Problem name: depotprob5451
Facts loaded.
time: 1, 50 facts and 0 exclusive pairs.
time: 2, 50 facts and 0 exclusive pairs.
250 nodes created.

----------------------------------------------------
NO SOLUTION
Problem not solvable: can't even reach non-mutex goals
    Search halted after 0 steps
    0 entries in hash table and 0 hits
    avg set size 0
----------------------------------------------------

####################################################
Total elapsed time:   0.01 seconds
Time in milliseconds: 5

####################################################
blackbox version 43
command line:  ./blackbox -o /home/matheus/mestrado/comp/depots/domain.pddl -f /home/matheus/mestrado/comp/depots/pfile10

Begin solver specification
    -maxint        0   -maxsec 10.000000  graphplan
    -maxint        0   -maxsec 0.000000  chaff
End solver specification
Loading domain file: /home/matheus/mestrado/comp/depots/domain.pddl
Loading fact file: /home/matheus/mestrado/comp/depots/pfile10
Problem name: depotprob7654
Facts loaded.
time: 1, 38 facts and 0 exclusive pairs.
time: 2, 38 facts and 0 exclusive pairs.
190 nodes created.

----------------------------------------------------
NO SOLUTION
Problem not solvable: can't even reach non-mutex goals
    Search halted after 0 steps
    0 entries in hash table and 0 hits
    avg set size 0
----------------------------------------------------

####################################################
Total elapsed time:   0.00 seconds
Time in milliseconds: 2

####################################################
blackbox version 43
command line:  ./blackbox -o /home/matheus/mestrado/comp/depots/domain.pddl -f /home/matheus/mestrado/comp/depots/pfile11

Begin solver specification
    -maxint        0   -maxsec 10.000000  graphplan
    -maxint        0   -maxsec 0.000000  chaff
End solver specification
Loading domain file: /home/matheus/mestrado/comp/depots/domain.pddl
Loading fact file: /home/matheus/mestrado/comp/depots/pfile11
Problem name: depotprob8765
Facts loaded.
time: 1, 46 facts and 0 exclusive pairs.
time: 2, 46 facts and 0 exclusive pairs.
230 nodes created.

----------------------------------------------------
NO SOLUTION
Problem not solvable: can't even reach non-mutex goals
    Search halted after 0 steps
    0 entries in hash table and 0 hits
    avg set size 0
----------------------------------------------------

####################################################
Total elapsed time:   0.00 seconds
Time in milliseconds: 2

####################################################
blackbox version 43
command line:  ./blackbox -o /home/matheus/mestrado/comp/depots/domain.pddl -f /home/matheus/mestrado/comp/depots/pfile12

Begin solver specification
    -maxint        0   -maxsec 10.000000  graphplan
    -maxint        0   -maxsec 0.000000  chaff
End solver specification
Loading domain file: /home/matheus/mestrado/comp/depots/domain.pddl
Loading fact file: /home/matheus/mestrado/comp/depots/pfile12
Problem name: depotprob9876
Facts loaded.
time: 1, 56 facts and 0 exclusive pairs.
time: 2, 56 facts and 0 exclusive pairs.
280 nodes created.

----------------------------------------------------
NO SOLUTION
Problem not solvable: can't even reach non-mutex goals
    Search halted after 0 steps
    0 entries in hash table and 0 hits
    avg set size 0
----------------------------------------------------

####################################################
Total elapsed time:   0.00 seconds
Time in milliseconds: 3

####################################################
blackbox version 43
command line:  ./blackbox -o /home/matheus/mestrado/comp/depots/domain.pddl -f /home/matheus/mestrado/comp/depots/pfile13

Begin solver specification
    -maxint        0   -maxsec 10.000000  graphplan
    -maxint        0   -maxsec 0.000000  chaff
End solver specification
Loading domain file: /home/matheus/mestrado/comp/depots/domain.pddl
Loading fact file: /home/matheus/mestrado/comp/depots/pfile13
Problem name: depotprob5646
Facts loaded.
time: 1, 46 facts and 0 exclusive pairs.
time: 2, 46 facts and 0 exclusive pairs.
230 nodes created.

----------------------------------------------------
NO SOLUTION
Problem not solvable: can't even reach non-mutex goals
    Search halted after 0 steps
    0 entries in hash table and 0 hits
    avg set size 0
----------------------------------------------------

####################################################
Total elapsed time:   0.00 seconds
Time in milliseconds: 3

####################################################
blackbox version 43
command line:  ./blackbox -o /home/matheus/mestrado/comp/depots/domain.pddl -f /home/matheus/mestrado/comp/depots/pfile14

Begin solver specification
    -maxint        0   -maxsec 10.000000  graphplan
    -maxint        0   -maxsec 0.000000  chaff
End solver specification
Loading domain file: /home/matheus/mestrado/comp/depots/domain.pddl
Loading fact file: /home/matheus/mestrado/comp/depots/pfile14
Problem name: depotprob7654
Facts loaded.
time: 1, 54 facts and 0 exclusive pairs.
time: 2, 54 facts and 0 exclusive pairs.
270 nodes created.

----------------------------------------------------
NO SOLUTION
Problem not solvable: can't even reach non-mutex goals
    Search halted after 0 steps
    0 entries in hash table and 0 hits
    avg set size 0
----------------------------------------------------

####################################################
Total elapsed time:   0.00 seconds
Time in milliseconds: 3

####################################################
blackbox version 43
command line:  ./blackbox -o /home/matheus/mestrado/comp/depots/domain.pddl -f /home/matheus/mestrado/comp/depots/pfile15

Begin solver specification
    -maxint        0   -maxsec 10.000000  graphplan
    -maxint        0   -maxsec 0.000000  chaff
End solver specification
Loading domain file: /home/matheus/mestrado/comp/depots/domain.pddl
Loading fact file: /home/matheus/mestrado/comp/depots/pfile15
Problem name: depotprob4534
Facts loaded.
time: 1, 64 facts and 0 exclusive pairs.
time: 2, 64 facts and 0 exclusive pairs.
320 nodes created.

----------------------------------------------------
NO SOLUTION
Problem not solvable: can't even reach non-mutex goals
    Search halted after 0 steps
    0 entries in hash table and 0 hits
    avg set size 0
----------------------------------------------------

####################################################
Total elapsed time:   0.00 seconds
Time in milliseconds: 4

####################################################
blackbox version 43
command line:  ./blackbox -o /home/matheus/mestrado/comp/depots/domain.pddl -f /home/matheus/mestrado/comp/depots/pfile16

Begin solver specification
    -maxint        0   -maxsec 10.000000  graphplan
    -maxint        0   -maxsec 0.000000  chaff
End solver specification
Loading domain file: /home/matheus/mestrado/comp/depots/domain.pddl
Loading fact file: /home/matheus/mestrado/comp/depots/pfile16
Problem name: depotprob4398
Facts loaded.
time: 1, 48 facts and 0 exclusive pairs.
time: 2, 48 facts and 0 exclusive pairs.
240 nodes created.

----------------------------------------------------
NO SOLUTION
Problem not solvable: can't even reach non-mutex goals
    Search halted after 0 steps
    0 entries in hash table and 0 hits
    avg set size 0
----------------------------------------------------

####################################################
Total elapsed time:   0.00 seconds
Time in milliseconds: 3

####################################################
blackbox version 43
command line:  ./blackbox -o /home/matheus/mestrado/comp/depots/domain.pddl -f /home/matheus/mestrado/comp/depots/pfile17

Begin solver specification
    -maxint        0   -maxsec 10.000000  graphplan
    -maxint        0   -maxsec 0.000000  chaff
End solver specification
Loading domain file: /home/matheus/mestrado/comp/depots/domain.pddl
Loading fact file: /home/matheus/mestrado/comp/depots/pfile17
Problem name: depotprob6587
Facts loaded.
time: 1, 56 facts and 0 exclusive pairs.
time: 2, 56 facts and 0 exclusive pairs.
280 nodes created.

----------------------------------------------------
NO SOLUTION
Problem not solvable: can't even reach non-mutex goals
    Search halted after 0 steps
    0 entries in hash table and 0 hits
    avg set size 0
----------------------------------------------------

####################################################
Total elapsed time:   0.01 seconds
Time in milliseconds: 5

####################################################
blackbox version 43
command line:  ./blackbox -o /home/matheus/mestrado/comp/depots/domain.pddl -f /home/matheus/mestrado/comp/depots/pfile18

Begin solver specification
    -maxint        0   -maxsec 10.000000  graphplan
    -maxint        0   -maxsec 0.000000  chaff
End solver specification
Loading domain file: /home/matheus/mestrado/comp/depots/domain.pddl
Loading fact file: /home/matheus/mestrado/comp/depots/pfile18
Problem name: depotprob1916
Facts loaded.
time: 1, 66 facts and 0 exclusive pairs.
time: 2, 66 facts and 0 exclusive pairs.
330 nodes created.

----------------------------------------------------
NO SOLUTION
Problem not solvable: can't even reach non-mutex goals
    Search halted after 0 steps
    0 entries in hash table and 0 hits
    avg set size 0
----------------------------------------------------

####################################################
Total elapsed time:   0.01 seconds
Time in milliseconds: 7

####################################################
blackbox version 43
command line:  ./blackbox -o /home/matheus/mestrado/comp/depots/domain.pddl -f /home/matheus/mestrado/comp/depots/pfile19

Begin solver specification
    -maxint        0   -maxsec 10.000000  graphplan
    -maxint        0   -maxsec 0.000000  chaff
End solver specification
Loading domain file: /home/matheus/mestrado/comp/depots/domain.pddl
Loading fact file: /home/matheus/mestrado/comp/depots/pfile19
Problem name: depotprob6178
Facts loaded.
time: 1, 56 facts and 0 exclusive pairs.
time: 2, 56 facts and 0 exclusive pairs.
280 nodes created.

----------------------------------------------------
NO SOLUTION
Problem not solvable: can't even reach non-mutex goals
    Search halted after 0 steps
    0 entries in hash table and 0 hits
    avg set size 0
----------------------------------------------------

####################################################
Total elapsed time:   0.00 seconds
Time in milliseconds: 4

####################################################
blackbox version 43
command line:  ./blackbox -o /home/matheus/mestrado/comp/depots/domain.pddl -f /home/matheus/mestrado/comp/depots/pfile20

Begin solver specification
    -maxint        0   -maxsec 10.000000  graphplan
    -maxint        0   -maxsec 0.000000  chaff
End solver specification
Loading domain file: /home/matheus/mestrado/comp/depots/domain.pddl
Loading fact file: /home/matheus/mestrado/comp/depots/pfile20
Problem name: depotprob7615
Facts loaded.
time: 1, 70 facts and 0 exclusive pairs.
time: 2, 70 facts and 0 exclusive pairs.
350 nodes created.

----------------------------------------------------
NO SOLUTION
Problem not solvable: can't even reach non-mutex goals
    Search halted after 0 steps
    0 entries in hash table and 0 hits
    avg set size 0
----------------------------------------------------

####################################################
Total elapsed time:   0.01 seconds
Time in milliseconds: 6

####################################################
blackbox version 43
command line:  ./blackbox -o /home/matheus/mestrado/comp/depots/domain.pddl -f /home/matheus/mestrado/comp/depots/pfile21

Begin solver specification
    -maxint        0   -maxsec 10.000000  graphplan
    -maxint        0   -maxsec 0.000000  chaff
End solver specification
Loading domain file: /home/matheus/mestrado/comp/depots/domain.pddl
Loading fact file: /home/matheus/mestrado/comp/depots/pfile21
Problem name: depotprob8715
Facts loaded.
time: 1, 96 facts and 0 exclusive pairs.
time: 2, 96 facts and 0 exclusive pairs.
480 nodes created.

----------------------------------------------------
NO SOLUTION
Problem not solvable: can't even reach non-mutex goals
    Search halted after 0 steps
    0 entries in hash table and 0 hits
    avg set size 0
----------------------------------------------------

####################################################
Total elapsed time:   0.01 seconds
Time in milliseconds: 8

####################################################
blackbox version 43
command line:  ./blackbox -o /home/matheus/mestrado/comp/depots/domain.pddl -f /home/matheus/mestrado/comp/depots/pfile22

Begin solver specification
    -maxint        0   -maxsec 10.000000  graphplan
    -maxint        0   -maxsec 0.000000  chaff
End solver specification
Loading domain file: /home/matheus/mestrado/comp/depots/domain.pddl
Loading fact file: /home/matheus/mestrado/comp/depots/pfile22
Problem name: depotprob1817
Facts loaded.
time: 1, 116 facts and 0 exclusive pairs.
time: 2, 116 facts and 0 exclusive pairs.
580 nodes created.

----------------------------------------------------
NO SOLUTION
Problem not solvable: can't even reach non-mutex goals
    Search halted after 0 steps
    0 entries in hash table and 0 hits
    avg set size 0
----------------------------------------------------

####################################################
Total elapsed time:   0.01 seconds
Time in milliseconds: 11

####################################################
