
ff: parsing domain file
domain 'DRIVERLOG' defined
 ... done.
ff: parsing problem file
problem 'DLOG-2-3-6' defined
 ... done.


got 126 facts

Cueing down from goal distance:   21 into depth [1]
                                  20            [1]
                                  19            [1]
                                  18            [1]
                                  17            [1]
                                  16            [1]
                                  15            [1]
                                  14            [1]
                                  13            [1]
                                  12            [1]
                                  11            [1][2]
                                  10            [1]
                                   9            [1]
                                   8            [1][2][3]
                                   7            [1]
                                   6            [1]
                                   5            [1][2]
                                   4            [1]
                                   3            [1]
                                   2            [1]
                                   1            [1]
                                   0            

ff: found legal plan as follows

step    0: WALK DRIVER1 S6 P2-6
        1: WALK DRIVER1 P2-6 S2
        2: LOAD-TRUCK PACKAGE4 TRUCK1 S0
        3: LOAD-TRUCK PACKAGE2 TRUCK3 S2
        4: BOARD-TRUCK DRIVER1 TRUCK2 S2
        5: UNLOAD-TRUCK PACKAGE2 TRUCK3 S2
        6: LOAD-TRUCK PACKAGE2 TRUCK2 S2
        7: DRIVE-TRUCK TRUCK2 S2 S1 DRIVER1
        8: BOARD-TRUCK DRIVER2 TRUCK1 S0
        9: DRIVE-TRUCK TRUCK1 S0 S4 DRIVER2
       10: DRIVE-TRUCK TRUCK1 S4 S6 DRIVER2
       11: UNLOAD-TRUCK PACKAGE4 TRUCK1 S6
       12: DRIVE-TRUCK TRUCK1 S6 S4 DRIVER2
       13: DISEMBARK-TRUCK DRIVER2 TRUCK1 S4
       14: DRIVE-TRUCK TRUCK2 S1 S5 DRIVER1
       15: LOAD-TRUCK PACKAGE5 TRUCK2 S5
       16: DRIVE-TRUCK TRUCK2 S5 S6 DRIVER1
       17: DRIVE-TRUCK TRUCK2 S6 S1 DRIVER1
       18: UNLOAD-TRUCK PACKAGE5 TRUCK2 S1
       19: DRIVE-TRUCK TRUCK2 S1 S3 DRIVER1
       20: LOAD-TRUCK PACKAGE3 TRUCK2 S3
       21: UNLOAD-TRUCK PACKAGE2 TRUCK2 S3
       22: DRIVE-TRUCK TRUCK2 S3 S6 DRIVER1
       23: DRIVE-TRUCK TRUCK2 S6 S4 DRIVER1
       24: UNLOAD-TRUCK PACKAGE3 TRUCK2 S4
     

time spent:    0.00 seconds instantiating 1144 easy, 0 hard action templates
               0.00 seconds reachability analysis, yielding 126 facts and 616 actions
               0.00 seconds creating final representation with 126 relevant facts
               0.00 seconds building connectivity graph
               0.00 seconds searching, evaluating 67 states, to a max depth of 3
               0.00 seconds total time

__MEMKB 4096
