
Parsing domain file:  domain 'GROUNDED-PATHWAYS-PROPOSITIONAL' defined ... done.
Parsing problem file:  problem 'GROUNDED-PATHWAYS-14' defined ... done.



Modality: Fast Planner

Number of actions             :    1073
Number of conditional actions :       0
Number of facts               :     321


Analyzing Planning Problem:
	Temporal Planning Problem: NO
	Numeric Planning Problem: NO
	Problem with Timed Initial Litearals: NO
	Problem with Derived Predicates: NO

Evaluation function weights:
     Action duration 0.00; Action cost 1.00


Computing mutex... done

Preprocessing total time: 0.04 seconds

Searching ('.' = every 50 search steps):
....... solution found: 

Plan computed:
   Time: (ACTION) [action Duration; action Cost]
 0.0000: (CHOOSE_E2F13-DP12_L1_L0) [D:1.0000; C:1.0000]
 1.0000: (CHOOSE_JUN_L2_L1) [D:1.0000; C:1.0000]
 1.0000: (INITIALIZE_E2F13-DP12) [D:1.0000; C:1.0000]
 2.0000: (CHOOSE_M1433_L3_L2) [D:1.0000; C:1.0000]
 3.0000: (CHOOSE_PLK1_L4_L3) [D:1.0000; C:1.0000]
 4.0000: (CHOOSE_P53_L5_L4) [D:1.0000; C:1.0000]
 4.0000: (INITIALIZE_PLK1) [D:1.0000; C:1.0000]
 5.0000: (INITIALIZE_P53) [D:1.0000; C:1.0000]
 5.0000: (CHOOSE_GE2_L6_L5) [D:1.0000; C:1.0000]
 6.0000: (SYNTHESIZE_P53_MDM2) [D:1.0000; C:1.0000]
 6.0000: (CHOOSE_CDK1P1P2_L7_L6) [D:1.0000; C:1.0000]
 6.0000: (INITIALIZE_GE2) [D:1.0000; C:1.0000]
 7.0000: (ASSOCIATE_MDM2_E2F13-DP12_MDM2-E2F13-DP12) [D:1.0000; C:1.0000]
 7.0000: (CHOOSE_E2F13P1-DP12_L8_L7) [D:1.0000; C:1.0000]
 7.0000: (INITIALIZE_P53) [D:1.0000; C:1.0000]
 7.0000: (INITIALIZE_CDK1P1P2) [D:1.0000; C:1.0000]
 8.0000: (DUMMY-ACTION-5-2) [D:1.0000; C:1.0000]
 8.0000: (CHOOSE_CDK2P1_L9_L8) [D:1.0000; C:1.0000]
 8.0000: (INITIALIZE_E2F13P1-DP12) [D:1.0000; C:1.0000]
 8.0000: (SYNTHESIZE_P53_P21) [D:1.0000; C:1.0000]
 8.0000: (SYNTHESIZE_P53_GADD45) [D:1.0000; C:1.0000]
 9.0000: (CHOOSE_AP2_L10_L9) [D:1.0000; C:1.0000]
 9.0000: (INITIALIZE_CDK2P1) [D:1.0000; C:1.0000]
 9.0000: (ASSOCIATE_E2F13P1-DP12_GE2_E2F13P1-DP12-GE2) [D:1.0000; C:1.0000]
 10.0000: (CHOOSE_DMP1_L11_L10) [D:1.0000; C:1.0000]
 10.0000: (SYNTHESIZE_E2F13P1-DP12-GE2_CYCE) [D:1.0000; C:1.0000]
 10.0000: (SYNTHESIZE_E2F13P1-DP12-GE2_CYCDP1) [D:1.0000; C:1.0000]
 10.0000: (SYNTHESIZE_E2F13P1-DP12-GE2_CYCEP1) [D:1.0000; C:1.0000]
 10.0000: (SYNTHESIZE_E2F13P1-DP12-GE2_CYCA) [D:1.0000; C:1.0000]
 11.0000: (CHOOSE_P27_L12_L11) [D:1.0000; C:1.0000]
 11.0000: (ASSOCIATE_CDK2P1_CYCE_CDK2P1-CYCE) [D:1.0000; C:1.0000]
 11.0000: (INITIALIZE_DMP1) [D:1.0000; C:1.0000]
 12.0000: (INITIALIZE_P27) [D:1.0000; C:1.0000]
 12.0000: (CHOOSE_CDK46P3-CYCDP1_L13_L12) [D:1.0000; C:1.0000]
 12.0000: (INITIALIZE_CDK2P1) [D:1.0000; C:1.0000]
 12.0000: (SYNTHESIZE_E2F13P1-DP12-GE2_CYCE) [D:1.0000; C:1.0000]
 13.0000: (ASSOCIATE_P27_CDK2P1-CYCE_P27-CDK2P1-CYCE) [D:1.0000; C:1.0000]
 13.0000: (INITIALIZE_CDK46P3-CYCDP1) [D:1.0000; C:1.0000]
 13.0000: (ASSOCIATE_CDK2P1_CYCEP1_CDK2P1-CYCEP1) [D:1.0000; C:1.0000]
 13.0000: (CHOOSE_SKP2_L14_L13) [D:1.0000; C:1.0000]
 14.0000: (INITIALIZE_P27) [D:1.0000; C:1.0000]
 14.0000: (DUMMY-ACTION-16-1) [D:1.0000; C:1.0000]
 14.0000: (ASSOCIATE-WITH-CATALYZE_DMP1_CDK46P3-CYCDP1_DMP1P1) [D:1.0000; C:1.0000]
 14.0000: (INITIALIZE_CDK2P1) [D:1.0000; C:1.0000]
 14.0000: (INITIALIZE_SKP2) [D:1.0000; C:1.0000]
 14.0000: (CHOOSE_P57_L15_L14) [D:1.0000; C:1.0000]
 14.0000: (SYNTHESIZE_E2F13P1-DP12-GE2_CYCEP1) [D:1.0000; C:1.0000]
 15.0000: (ASSOCIATE_DMP1P1_CYCDP1_DMP1P1-CYCDP1) [D:1.0000; C:1.0000]
 15.0000: (ASSOCIATE_P27_CDK2P1-CYCEP1_P27-CDK2P1-CYCEP1) [D:1.0000; C:1.0000]
 15.0000: (ASSOCIATE_CDK2P1_CYCA_CDK2P1-CYCA) [D:1.0000; C:1.0000]
 15.0000: (INITIALIZE_P57) [D:1.0000; C:1.0000]
 15.0000: (CHOOSE_CYCH_L16_L15) [D:1.0000; C:1.0000]
 16.0000: (DUMMY-ACTION-18-2) [D:1.0000; C:1.0000]
 16.0000: (DUMMY-ACTION-15-2) [D:1.0000; C:1.0000]
 16.0000: (DUMMY-ACTION-12-1) [D:1.0000; C:1.0000]
 16.0000: (INITIALIZE_CDK2P1) [D:1.0000; C:1.0000]
 16.0000: (INITIALIZE_CYCH) [D:1.0000; C:1.0000]
 16.0000: (CHOOSE_CDK7_L17_L16) [D:1.0000; C:1.0000]
 16.0000: (SYNTHESIZE_E2F13P1-DP12-GE2_CYCA) [D:1.0000; C:1.0000]
 16.0000: (INITIALIZE_P27) [D:1.0000; C:1.0000]
 17.0000: (ASSOCIATE_SKP2_CDK2P1-CYCA_SKP2-CDK2P1-CYCA) [D:1.0000; C:1.0000]
 17.0000: (ASSOCIATE_CDK2P1_CYCE_CDK2P1-CYCE) [D:1.0000; C:1.0000]
 17.0000: (INITIALIZE_CDK7) [D:1.0000; C:1.0000]
 17.0000: (CHOOSE_CDC25C_L18_L17) [D:1.0000; C:1.0000]
 18.0000: (DUMMY-ACTION-14-1) [D:1.0000; C:1.0000]
 18.0000: (DUMMY-ACTION-7-2) [D:1.0000; C:1.0000]
 18.0000: (ASSOCIATE_CDK7_CYCH_CDK7-CYCH) [D:1.0000; C:1.0000]
 18.0000: (INITIALIZE_CDK2P1) [D:1.0000; C:1.0000]
 18.0000: (SYNTHESIZE_E2F13P1-DP12-GE2_CYCE) [D:1.0000; C:1.0000]
 18.0000: (INITIALIZE_CDC25C) [D:1.0000; C:1.0000]
 19.0000: (ASSOCIATE-WITH-CATALYZE_CDK2P1_CDK7-CYCH_CDK2P1P2) [D:1.0000; C:1.0000]
 19.0000: (ASSOCIATE_P21_CDK2P1-CYCE_P21-CDK2P1-CYCE) [D:1.0000; C:1.0000]
 19.0000: (ASSOCIATE-WITH-CATALYZE_CDK1P1P2_CDK7-CYCH_CDK1P1P2P3) [D:1.0000; C:1.0000]
 19.0000: (ASSOCIATE-WITH-CATALYZE_CDC25C_PLK1_CDC25CP1) [D:1.0000; C:1.0000]
 20.0000: (ASSOCIATE_CDK2P1P2_CYCE_CDK2P1P2-CYCE) [D:1.0000; C:1.0000]
 20.0000: (INITIALIZE_CDK2P1) [D:1.0000; C:1.0000]
 20.0000: (SYNTHESIZE_P53_P21) [D:1.0000; C:1.0000]
 20.0000: (ASSOCIATE_CDK1P1P2P3_GADD45_CDK1P1P2P3-GADD45) [D:1.0000; C:1.0000]
 20.0000: (DUMMY-ACTION-13-2) [D:1.0000; C:1.0000]
 20.0000: (INITIALIZE_CDK1P1P2) [D:1.0000; C:1.0000]
 21.0000: (ASSOCIATE_P57_CDK2P1P2-CYCE_P57-CDK2P1P2-CYCE) [D:1.0000; C:1.0000]
 21.0000: (ASSOCIATE-WITH-CATALYZE_CDK2P1_CDK7-CYCH_CDK2P1P2) [D:1.0000; C:1.0000]
 21.0000: (SYNTHESIZE_E2F13P1-DP12-GE2_CYCE) [D:1.0000; C:1.0000]
 21.0000: (DUMMY-ACTION-8-2) [D:1.0000; C:1.0000]
 21.0000: (ASSOCIATE-WITH-CATALYZE_CDK1P1P2_CDC25CP1_CDK1P1) [D:1.0000; C:1.0000]
 21.0000: (SYNTHESIZE_P53_GADD45) [D:1.0000; C:1.0000]
 22.0000: (DUMMY-ACTION-11-1) [D:1.0000; C:1.0000]
 22.0000: (ASSOCIATE_CDK2P1P2_CYCE_CDK2P1P2-CYCE) [D:1.0000; C:1.0000]
 22.0000: (INITIALIZE_CDK2P1) [D:1.0000; C:1.0000]
 22.0000: (INITIALIZE_P57) [D:1.0000; C:1.0000]
 22.0000: (INITIALIZE_CDK1P1P2) [D:1.0000; C:1.0000]
 22.0000: (ASSOCIATE-WITH-CATALYZE_CDK1P1_CDK7-CYCH_CDK1P1P3) [D:1.0000; C:1.0000]
 23.0000: (ASSOCIATE_P21_CDK2P1P2-CYCE_P21-CDK2P1P2-CYCE) [D:1.0000; C:1.0000]
 23.0000: (SYNTHESIZE_E2F13P1-DP12-GE2_CYCE) [D:1.0000; C:1.0000]
 23.0000: (ASSOCIATE-WITH-CATALYZE_CDK1P1P2_CDK7-CYCH_CDK1P1P2P3) [D:1.0000; C:1.0000]
 23.0000: (ASSOCIATE-WITH-CATALYZE_CDK1P1P3_CDC25CP1_CDK1P3) [D:1.0000; C:1.0000]
 24.0000: (DUMMY-ACTION-10-1) [D:1.0000; C:1.0000]
 24.0000: (ASSOCIATE_CDK2P1_CYCE_CDK2P1-CYCE) [D:1.0000; C:1.0000]
 24.0000: (ASSOCIATE_CDK1P3_GADD45_CDK1P3-GADD45) [D:1.0000; C:1.0000]
 25.0000: (INITIALIZE_CDK2P1) [D:1.0000; C:1.0000]
 25.0000: (DUMMY-ACTION-1-2) [D:1.0000; C:1.0000]
 26.0000: (ASSOCIATE-WITH-CATALYZE_CDK2P1_CDK7-CYCH_CDK2P1P2) [D:1.0000; C:1.0000]
 27.0000: (INITIALIZE_CDK2P1) [D:1.0000; C:1.0000]
 28.0000: (ASSOCIATE_CDK2P1_CYCEP1_CDK2P1-CYCEP1) [D:1.0000; C:1.0000]
 29.0000: (SYNTHESIZE_E2F13P1-DP12-GE2_CYCEP1) [D:1.0000; C:1.0000]
 29.0000: (INITIALIZE_CDK2P1) [D:1.0000; C:1.0000]
 29.0000: (INITIALIZE_CDK2P1) [D:1.0000; C:1.0000]
 30.0000: (ASSOCIATE_CDK2P1P2_CYCEP1_CDK2P1P2-CYCEP1) [D:1.0000; C:1.0000]
 31.0000: (DUMMY-ACTION-9-2) [D:1.0000; C:1.0000]
 31.0000: (ASSOCIATE-WITH-CATALYZE_CDK2P1_CDK7-CYCH_CDK2P1P2) [D:1.0000; C:1.0000]
 32.0000: (INITIALIZE_CDK2P1) [D:1.0000; C:1.0000]
 33.0000: (ASSOCIATE_CDK2P1_CYCA_CDK2P1-CYCA) [D:1.0000; C:1.0000]
 34.0000: (ASSOCIATE_P27_CDK2P1-CYCA_P27-CDK2P1-CYCA) [D:1.0000; C:1.0000]
 34.0000: (SYNTHESIZE_E2F13P1-DP12-GE2_CYCA) [D:1.0000; C:1.0000]
 35.0000: (DUMMY-ACTION-6-1) [D:1.0000; C:1.0000]
 35.0000: (ASSOCIATE_CDK2P1P2_CYCA_CDK2P1P2-CYCA) [D:1.0000; C:1.0000]
 36.0000: (ASSOCIATE_P57_CDK2P1P2-CYCA_P57-CDK2P1P2-CYCA) [D:1.0000; C:1.0000]
 36.0000: (SYNTHESIZE_E2F13P1-DP12-GE2_CYCA) [D:1.0000; C:1.0000]
 37.0000: (DUMMY-ACTION-17-1) [D:1.0000; C:1.0000]
 37.0000: (INITIALIZE_P57) [D:1.0000; C:1.0000]
 37.0000: (ASSOCIATE_CDK1P1P2P3_CYCA_CDK1P1P2P3-CYCA) [D:1.0000; C:1.0000]
 38.0000: (ASSOCIATE_P57_CDK2P1-CYCE_P57-CDK2P1-CYCE) [D:1.0000; C:1.0000]
 38.0000: (ASSOCIATE-WITH-CATALYZE_CDK1P1P2P3-CYCA_CDC25CP1_CDK1P2P3-CYCA) [D:1.0000; C:1.0000]
 39.0000: (DUMMY-ACTION-4-2) [D:1.0000; C:1.0000]
 39.0000: (INITIALIZE_P57) [D:1.0000; C:1.0000]
 39.0000: (ASSOCIATE-WITH-CATALYZE_CDK1P2P3-CYCA_CDC25CP1_CDK1P3-CYCA) [D:1.0000; C:1.0000]
 40.0000: (ASSOCIATE_P57_CDK2P1-CYCEP1_P57-CDK2P1-CYCEP1) [D:1.0000; C:1.0000]
 40.0000: (DUMMY-ACTION-2-2) [D:1.0000; C:1.0000]
 41.0000: (DUMMY-ACTION-3-1) [D:1.0000; C:1.0000]


Solution found:
Total time:      0.14
Search time:     0.10
Actions:         129
Execution cost:  129.00
Duration:        42.000
Plan quality:    129.000

__MEMKB 119772
