
Parsing domain file:  domain 'GROUNDED-PATHWAYS-PROPOSITIONAL' defined ... done.
Parsing problem file:  problem 'GROUNDED-PATHWAYS-17' defined ... done.



Modality: Fast Planner

Number of actions             :    1792
Number of conditional actions :       0
Number of facts               :     522


Analyzing Planning Problem:
	Temporal Planning Problem: NO
	Numeric Planning Problem: NO
	Problem with Timed Initial Litearals: NO
	Problem with Derived Predicates: NO

Evaluation function weights:
     Action duration 0.00; Action cost 1.00


Computing mutex... done

Preprocessing total time: 0.08 seconds

Searching ('.' = every 50 search steps):
......... solution found: 

Plan computed:
   Time: (ACTION) [action Duration; action Cost]
 0.0000: (CHOOSE_CDK1P1P2_L1_L0) [D:1.0000; C:1.0000]
 1.0000: (CHOOSE_GE2_L2_L1) [D:1.0000; C:1.0000]
 2.0000: (CHOOSE_SKP1_L3_L2) [D:1.0000; C:1.0000]
 2.0000: (INITIALIZE_GE2) [D:1.0000; C:1.0000]
 3.0000: (CHOOSE_C-TAK1_L4_L3) [D:1.0000; C:1.0000]
 3.0000: (INITIALIZE_SKP1) [D:1.0000; C:1.0000]
 4.0000: (CHOOSE_DMP1_L5_L4) [D:1.0000; C:1.0000]
 5.0000: (CHOOSE_E2F13_L6_L5) [D:1.0000; C:1.0000]
 6.0000: (CHOOSE_CYCH_L7_L6) [D:1.0000; C:1.0000]
 6.0000: (INITIALIZE_E2F13) [D:1.0000; C:1.0000]
 7.0000: (INITIALIZE_CYCH) [D:1.0000; C:1.0000]
 7.0000: (CHOOSE_CDK7_L8_L7) [D:1.0000; C:1.0000]
 8.0000: (INITIALIZE_CDK7) [D:1.0000; C:1.0000]
 8.0000: (CHOOSE_CDK2P1_L9_L8) [D:1.0000; C:1.0000]
 9.0000: (ASSOCIATE_CDK7_CYCH_CDK7-CYCH) [D:1.0000; C:1.0000]
 9.0000: (INITIALIZE_CDK2P1) [D:1.0000; C:1.0000]
 9.0000: (CHOOSE_P53_L10_L9) [D:1.0000; C:1.0000]
 10.0000: (ASSOCIATE-WITH-CATALYZE_CDK2P1_CDK7-CYCH_CDK2P1P2) [D:1.0000; C:1.0000]
 10.0000: (CHOOSE_E2F13P1-DP12_L11_L10) [D:1.0000; C:1.0000]
 10.0000: (INITIALIZE_P53) [D:1.0000; C:1.0000]
 11.0000: (INITIALIZE_E2F13P1-DP12) [D:1.0000; C:1.0000]
 11.0000: (CHOOSE_RAF1_L12_L11) [D:1.0000; C:1.0000]
 11.0000: (SYNTHESIZE_P53_C-FOS) [D:1.0000; C:1.0000]
 11.0000: (INITIALIZE_CDK2P1) [D:1.0000; C:1.0000]
 11.0000: (SYNTHESIZE_P53_P21) [D:1.0000; C:1.0000]
 12.0000: (ASSOCIATE_E2F13P1-DP12_GE2_E2F13P1-DP12-GE2) [D:1.0000; C:1.0000]
 12.0000: (INITIALIZE_RAF1) [D:1.0000; C:1.0000]
 12.0000: (CHOOSE_GCDC25A_L13_L12) [D:1.0000; C:1.0000]
 13.0000: (SYNTHESIZE_E2F13P1-DP12-GE2_CYCA) [D:1.0000; C:1.0000]
 13.0000: (INITIALIZE_GCDC25A) [D:1.0000; C:1.0000]
 13.0000: (CHOOSE_SKP2_L14_L13) [D:1.0000; C:1.0000]
 13.0000: (SYNTHESIZE_E2F13P1-DP12-GE2_C-MYC) [D:1.0000; C:1.0000]
 13.0000: (SYNTHESIZE_E2F13P1-DP12-GE2_CYCEP1) [D:1.0000; C:1.0000]
 13.0000: (SYNTHESIZE_E2F13P1-DP12-GE2_CYCE) [D:1.0000; C:1.0000]
 13.0000: (INITIALIZE_E2F13P1-DP12) [D:1.0000; C:1.0000]
 13.0000: (SYNTHESIZE_E2F13P1-DP12-GE2_CYCDP1) [D:1.0000; C:1.0000]
 13.0000: (SYNTHESIZE_E2F13P1-DP12-GE2_CYCD) [D:1.0000; C:1.0000]
 14.0000: (ASSOCIATE_CDK2P1P2_CYCA_CDK2P1P2-CYCA) [D:1.0000; C:1.0000]
 14.0000: (CHOOSE_MAX_L15_L14) [D:1.0000; C:1.0000]
 14.0000: (INITIALIZE_SKP2) [D:1.0000; C:1.0000]
 14.0000: (DUMMY-ACTION-5-2) [D:1.0000; C:1.0000]
 15.0000: (INITIALIZE_MAX) [D:1.0000; C:1.0000]
 15.0000: (CHOOSE_JUN_L16_L15) [D:1.0000; C:1.0000]
 15.0000: (ASSOCIATE-WITH-CATALYZE_CDK2P1_CDK7-CYCH_CDK2P1P2) [D:1.0000; C:1.0000]
 15.0000: (SYNTHESIZE_E2F13P1-DP12-GE2_CYCA) [D:1.0000; C:1.0000]
 16.0000: (ASSOCIATE_C-MYC_MAX_C-MYC-MAX) [D:1.0000; C:1.0000]
 16.0000: (INITIALIZE_JUN) [D:1.0000; C:1.0000]
 16.0000: (CHOOSE_CDK46P3-CYCD_L17_L16) [D:1.0000; C:1.0000]
 16.0000: (INITIALIZE_CDK2P1) [D:1.0000; C:1.0000]
 17.0000: (ASSOCIATE_C-MYC-MAX_GCDC25A_C-MYC-MAX-GCDC25A) [D:1.0000; C:1.0000]
 17.0000: (INITIALIZE_CDK46P3-CYCD) [D:1.0000; C:1.0000]
 17.0000: (CHOOSE_PRB_L18_L17) [D:1.0000; C:1.0000]
 17.0000: (ASSOCIATE_CDK2P1_CYCEP1_CDK2P1-CYCEP1) [D:1.0000; C:1.0000]
 18.0000: (SYNTHESIZE_C-MYC-MAX-GCDC25A_CDC25A) [D:1.0000; C:1.0000]
 18.0000: (INITIALIZE_PRB) [D:1.0000; C:1.0000]
 18.0000: (INITIALIZE_CDK2P1) [D:1.0000; C:1.0000]
 18.0000: (CHOOSE_P27_L19_L18) [D:1.0000; C:1.0000]
 19.0000: (ASSOCIATE-WITH-CATALYZE_CDC25A_RAF1_CDC25AP1) [D:1.0000; C:1.0000]
 19.0000: (ASSOCIATE-WITH-CATALYZE_PRB_CDK46P3-CYCD_PRBP1) [D:1.0000; C:1.0000]
 19.0000: (ASSOCIATE_CDK2P1_CYCE_CDK2P1-CYCE) [D:1.0000; C:1.0000]
 19.0000: (INITIALIZE_P27) [D:1.0000; C:1.0000]
 19.0000: (CHOOSE_CDK46P1_L20_L19) [D:1.0000; C:1.0000]
 20.0000: (ASSOCIATE-WITH-CATALYZE_CDK2P1P2-CYCA_CDC25AP1_CDK2P2-CYCA) [D:1.0000; C:1.0000]
 20.0000: (ASSOCIATE_PRBP1_JUN_PRBP1-JUN) [D:1.0000; C:1.0000]
 20.0000: (ASSOCIATE-WITH-CATALYZE_CDK2P1-CYCE_CDC25AP1_CDK2-CYCE) [D:1.0000; C:1.0000]
 20.0000: (INITIALIZE_CDK2P1) [D:1.0000; C:1.0000]
 20.0000: (SYNTHESIZE_E2F13P1-DP12-GE2_CYCE) [D:1.0000; C:1.0000]
 20.0000: (ASSOCIATE-WITH-CATALYZE_CDK2P1-CYCEP1_CDC25AP1_CDK2-CYCEP1) [D:1.0000; C:1.0000]
 20.0000: (INITIALIZE_PRB) [D:1.0000; C:1.0000]
 20.0000: (INITIALIZE_CDK46P1) [D:1.0000; C:1.0000]
 21.0000: (ASSOCIATE-WITH-CATALYZE_SKP2_CDK2P2-CYCA_SKP2P1) [D:1.0000; C:1.0000]
 21.0000: (ASSOCIATE-WITH-CATALYZE_E2F13_CDK2P2-CYCA_E2F13P1) [D:1.0000; C:1.0000]
 21.0000: (ASSOCIATE_PRBP1-JUN_C-FOS_PRBP1-JUN-C-FOS) [D:1.0000; C:1.0000]
 21.0000: (ASSOCIATE-WITH-CATALYZE_CDK2-CYCE_CDK7-CYCH_CDK2P2-CYCE) [D:1.0000; C:1.0000]
 21.0000: (ASSOCIATE_CDK2P1_CYCE_CDK2P1-CYCE) [D:1.0000; C:1.0000]
 21.0000: (ASSOCIATE-WITH-CATALYZE_CDK2-CYCEP1_CDK7-CYCH_CDK2P2-CYCEP1) [D:1.0000; C:1.0000]
 21.0000: (ASSOCIATE-WITH-CATALYZE_PRB_CDK46P3-CYCD_PRBP1) [D:1.0000; C:1.0000]
 21.0000: (ASSOCIATE-WITH-CATALYZE_CDK46P1_CDK7-CYCH_CDK46P1P2) [D:1.0000; C:1.0000]
 22.0000: (DUMMY-ACTION-21-1) [D:1.0000; C:1.0000]
 22.0000: (INITIALIZE_E2F13) [D:1.0000; C:1.0000]
 22.0000: (DUMMY-ACTION-19-2) [D:1.0000; C:1.0000]
 22.0000: (ASSOCIATE-WITH-CATALYZE_CDK2P1-CYCE_CDC25AP1_CDK2-CYCE) [D:1.0000; C:1.0000]
 22.0000: (ASSOCIATE-WITH-CATALYZE_P27_CDK2P2-CYCEP1_P27P1) [D:1.0000; C:1.0000]
 22.0000: (INITIALIZE_CDK2P1) [D:1.0000; C:1.0000]
 22.0000: (SYNTHESIZE_E2F13P1-DP12-GE2_CYCE) [D:1.0000; C:1.0000]
 22.0000: (INITIALIZE_PRB) [D:1.0000; C:1.0000]
 22.0000: (INITIALIZE_CDK46P1) [D:1.0000; C:1.0000]
 22.0000: (DUMMY-ACTION-11-2) [D:1.0000; C:1.0000]
 22.0000: (DUMMY-ACTION-7-2) [D:1.0000; C:1.0000]
 22.0000: (INITIALIZE_SKP2) [D:1.0000; C:1.0000]
 23.0000: (ASSOCIATE_CDK2P2-CYCA_E2F13_CDK2P2-CYCA-E2F13) [D:1.0000; C:1.0000]
 23.0000: (ASSOCIATE_P21_CDK2-CYCE_P21-CDK2-CYCE) [D:1.0000; C:1.0000]
 23.0000: (ASSOCIATE_CDK2P1_CYCE_CDK2P1-CYCE) [D:1.0000; C:1.0000]
 23.0000: (ASSOCIATE_PRB_E2F13P1-DP12_PRB-E2F13P1-DP12) [D:1.0000; C:1.0000]
 23.0000: (ASSOCIATE-WITH-CATALYZE_CDK46P1_CDC25AP1_CDK46) [D:1.0000; C:1.0000]
 23.0000: (INITIALIZE_P27) [D:1.0000; C:1.0000]
 24.0000: (DUMMY-ACTION-20-2) [D:1.0000; C:1.0000]
 24.0000: (ASSOCIATE_P27P1_CDK2P1-CYCE_P27P1-CDK2P1-CYCE) [D:1.0000; C:1.0000]
 24.0000: (ASSOCIATE_RAF1_PRB-E2F13P1-DP12_RAF1-PRB-E2F13P1-DP12) [D:1.0000; C:1.0000]
 24.0000: (ASSOCIATE_CDK46_CYCDP1_CDK46-CYCDP1) [D:1.0000; C:1.0000]
 24.0000: (SYNTHESIZE_P53_P21) [D:1.0000; C:1.0000]
 24.0000: (INITIALIZE_CDK46P1) [D:1.0000; C:1.0000]
 24.0000: (INITIALIZE_E2F13P1-DP12) [D:1.0000; C:1.0000]
 24.0000: (DUMMY-ACTION-12-2) [D:1.0000; C:1.0000]
 24.0000: (INITIALIZE_CDK2P1) [D:1.0000; C:1.0000]
 24.0000: (SYNTHESIZE_E2F13P1-DP12-GE2_CYCE) [D:1.0000; C:1.0000]
 25.0000: (DUMMY-ACTION-18-2) [D:1.0000; C:1.0000]
 25.0000: (DUMMY-ACTION-17-2) [D:1.0000; C:1.0000]
 25.0000: (DUMMY-ACTION-13-2) [D:1.0000; C:1.0000]
 25.0000: (SYNTHESIZE_E2F13P1-DP12-GE2_CYCDP1) [D:1.0000; C:1.0000]
 25.0000: (ASSOCIATE-WITH-CATALYZE_P27_CDK2P2-CYCEP1_P27P1) [D:1.0000; C:1.0000]
 25.0000: (ASSOCIATE_PRBP1_E2F13P1-DP12_PRBP1-E2F13P1-DP12) [D:1.0000; C:1.0000]
 25.0000: (ASSOCIATE_CDK2P1_CYCA_CDK2P1-CYCA) [D:1.0000; C:1.0000]
 25.0000: (ASSOCIATE_CDK2P1P2_CYCE_CDK2P1P2-CYCE) [D:1.0000; C:1.0000]
 26.0000: (ASSOCIATE_P21_CDK46-CYCDP1_P21-CDK46-CYCDP1) [D:1.0000; C:1.0000]
 26.0000: (ASSOCIATE_CDK46P1_CYCDP1_CDK46P1-CYCDP1) [D:1.0000; C:1.0000]
 26.0000: (DUMMY-ACTION-14-2) [D:1.0000; C:1.0000]
 26.0000: (INITIALIZE_CDK2P1) [D:1.0000; C:1.0000]
 26.0000: (SYNTHESIZE_E2F13P1-DP12-GE2_CYCA) [D:1.0000; C:1.0000]
 26.0000: (ASSOCIATE-WITH-CATALYZE_CDK2P1-CYCA_CDC25AP1_CDK2-CYCA) [D:1.0000; C:1.0000]
 26.0000: (INITIALIZE_P27) [D:1.0000; C:1.0000]
 27.0000: (DUMMY-ACTION-16-1) [D:1.0000; C:1.0000]
 27.0000: (ASSOCIATE_P27P1_CDK46P1-CYCDP1_P27P1-CDK46P1-CYCDP1) [D:1.0000; C:1.0000]
 27.0000: (ASSOCIATE_CDK2P1_CYCA_CDK2P1-CYCA) [D:1.0000; C:1.0000]
 27.0000: (INITIALIZE_CDK46P1) [D:1.0000; C:1.0000]
 27.0000: (SYNTHESIZE_P53_P21) [D:1.0000; C:1.0000]
 28.0000: (DUMMY-ACTION-15-1) [D:1.0000; C:1.0000]
 28.0000: (ASSOCIATE-WITH-CATALYZE_CDK2P1-CYCA_CDK7-CYCH_CDK2P1P2-CYCA) [D:1.0000; C:1.0000]
 28.0000: (ASSOCIATE-WITH-CATALYZE_P27_CDK2P2-CYCEP1_P27P1) [D:1.0000; C:1.0000]
 28.0000: (ASSOCIATE_CDK46P1_CYCD_CDK46P1-CYCD) [D:1.0000; C:1.0000]
 28.0000: (INITIALIZE_CDK2P1) [D:1.0000; C:1.0000]
 28.0000: (SYNTHESIZE_E2F13P1-DP12-GE2_CYCA) [D:1.0000; C:1.0000]
 29.0000: (ASSOCIATE_P27P1_CDK2P2-CYCEP1_P27P1-CDK2P2-CYCEP1) [D:1.0000; C:1.0000]
 29.0000: (INITIALIZE_P27) [D:1.0000; C:1.0000]
 29.0000: (ASSOCIATE-WITH-CATALYZE_CDK2P1P2-CYCA_CDC25AP1_CDK2P2-CYCA) [D:1.0000; C:1.0000]
 29.0000: (ASSOCIATE_CDK2P1_CYCA_CDK2P1-CYCA) [D:1.0000; C:1.0000]
 30.0000: (ASSOCIATE-WITH-CATALYZE_P27_CDK2P2-CYCE_P27P1) [D:1.0000; C:1.0000]
 30.0000: (ASSOCIATE_CDK2P2-CYCA_E2F13P1_CDK2P2-CYCA-E2F13P1) [D:1.0000; C:1.0000]
 30.0000: (DUMMY-ACTION-2-1) [D:1.0000; C:1.0000]
 30.0000: (ASSOCIATE-WITH-CATALYZE_CDK2P1-CYCA_CDK7-CYCH_CDK2P1P2-CYCA) [D:1.0000; C:1.0000]
 30.0000: (INITIALIZE_CDK2P1) [D:1.0000; C:1.0000]
 30.0000: (SYNTHESIZE_E2F13P1-DP12-GE2_CYCA) [D:1.0000; C:1.0000]
 31.0000: (ASSOCIATE_P27P1_CDK2P1P2-CYCE_P27P1-CDK2P1P2-CYCE) [D:1.0000; C:1.0000]
 31.0000: (DUMMY-ACTION-8-2) [D:1.0000; C:1.0000]
 31.0000: (INITIALIZE_P27) [D:1.0000; C:1.0000]
 31.0000: (ASSOCIATE-WITH-CATALYZE_CDK2P1P2-CYCA_CDC25AP1_CDK2P2-CYCA) [D:1.0000; C:1.0000]
 31.0000: (ASSOCIATE_CDK2P1_CYCA_CDK2P1-CYCA) [D:1.0000; C:1.0000]
 32.0000: (DUMMY-ACTION-9-1) [D:1.0000; C:1.0000]
 32.0000: (ASSOCIATE-WITH-CATALYZE_P27_CDK2P2-CYCE_P27P1) [D:1.0000; C:1.0000]
 32.0000: (ASSOCIATE-WITH-CATALYZE_SKP1_CDK2P2-CYCA_SKP1P1) [D:1.0000; C:1.0000]
 33.0000: (INITIALIZE_P27) [D:1.0000; C:1.0000]
 33.0000: (ASSOCIATE_P27P1_CDK46P1-CYCD_P27P1-CDK46P1-CYCD) [D:1.0000; C:1.0000]
 33.0000: (ASSOCIATE_SKP2_SKP1P1_SKP2-SKP1P1) [D:1.0000; C:1.0000]
 33.0000: (INITIALIZE_SKP1) [D:1.0000; C:1.0000]
 34.0000: (ASSOCIATE_P27_CDK2P2-CYCE_P27-CDK2P2-CYCE) [D:1.0000; C:1.0000]
 34.0000: (DUMMY-ACTION-4-1) [D:1.0000; C:1.0000]
 34.0000: (ASSOCIATE-WITH-CATALYZE_SKP1_CDK2P2-CYCA_SKP1P1) [D:1.0000; C:1.0000]
 34.0000: (INITIALIZE_SKP2) [D:1.0000; C:1.0000]
 35.0000: (DUMMY-ACTION-6-1) [D:1.0000; C:1.0000]
 35.0000: (ASSOCIATE_SKP2-SKP1P1_CDK2P2-CYCA_SKP2-SKP1P1-CDK2P2-CYCA) [D:1.0000; C:1.0000]
 36.0000: (ASSOCIATE_SKP2_SKP1P1_SKP2-SKP1P1) [D:1.0000; C:1.0000]
 36.0000: (DUMMY-ACTION-3-1) [D:1.0000; C:1.0000]
 37.0000: (ASSOCIATE_SKP2-SKP1P1_CDK2-CYCA_SKP2-SKP1P1-CDK2-CYCA) [D:1.0000; C:1.0000]
 38.0000: (DUMMY-ACTION-1-1) [D:1.0000; C:1.0000]
 38.0000: (ASSOCIATE-WITH-CATALYZE_CDK2P1-CYCA_CDC25AP1_CDK2-CYCA) [D:1.0000; C:1.0000]
 39.0000: (ASSOCIATE_P21_CDK2-CYCA_P21-CDK2-CYCA) [D:1.0000; C:1.0000]
 40.0000: (DUMMY-ACTION-10-1) [D:1.0000; C:1.0000]


Solution found:
Total time:      0.29
Search time:     0.21
Actions:         167
Execution cost:  167.00
Duration:        41.000
Plan quality:    167.000

__MEMKB 128588
