
Parsing domain..... blocks..... done.
Parsing problem..... blocks-4-0..... done.
Computing domains..... done.
Instantiating actions..... done.
Computing final representation..... done.

Parsing time : 0.00
Domains creation  time : 0.00
Instantiation time : 0.00 -> 32 candidates, 32 actions
Finalization time : 0.00 -> 25 fluents, 9 init

6 4 

0: (PICK-UP b) [1]
1: (STACK b a) [1]
2: (PICK-UP c) [1]
3: (STACK c b) [1]
4: (PICK-UP d) [1]
5: (STACK d c) [1]

Valid plan : 6 actions.
Computed nodes : 16
Evaluated nodes : 7
Developed nodes : 2
Useful nodes : 1

Lookahead utility : 41.94 %
Preparation time : 0.00
Search time : 0.00
Total time : 0.00

__MEMKB 2432
