
Parsing domain..... blocks..... done.
Parsing problem..... blocks-16-1..... done.
Computing domains..... done.
Instantiating actions..... done.
Computing final representation..... done.

Parsing time : 0.00
Domains creation  time : 0.00
Instantiation time : 0.00 -> 512 candidates, 512 actions
Finalization time : 0.00 -> 289 fluents, 20 init

31 30 29 28 27 26 17 16 14 13 12 11 10 7 6 5 2 

0: (UNSTACK o g) [1]
1: (PUT-DOWN o) [1]
2: (UNSTACK f l) [1]
3: (STACK f g) [1]
4: (UNSTACK l m) [1]
5: (PUT-DOWN l) [1]
6: (UNSTACK m j) [1]
7: (STACK m o) [1]
8: (UNSTACK h e) [1]
9: (PUT-DOWN h) [1]
10: (UNSTACK j p) [1]
11: (STACK j h) [1]
12: (UNSTACK p n) [1]
13: (STACK p f) [1]
14: (UNSTACK n i) [1]
15: (STACK n e) [1]
16: (UNSTACK i b) [1]
17: (STACK i l) [1]
18: (UNSTACK b d) [1]
19: (STACK b p) [1]
20: (UNSTACK d c) [1]
21: (STACK d b) [1]
22: (UNSTACK m o) [1]
23: (STACK m j) [1]
24: (UNSTACK c k) [1]
25: (STACK c o) [1]
26: (UNSTACK n e) [1]
27: (STACK n d) [1]
28: (UNSTACK m j) [1]
29: (STACK m c) [1]
30: (PICK-UP e) [1]
31: (STACK e m) [1]
32: (UNSTACK j h) [1]
33: (STACK j i) [1]
34: (UNSTACK k a) [1]
35: (STACK k j) [1]
36: (UNSTACK n d) [1]
37: (STACK n e) [1]
38: (PICK-UP a) [1]
39: (STACK a n) [1]
40: (UNSTACK d b) [1]
41: (PUT-DOWN d) [1]
42: (PICK-UP h) [1]
43: (STACK h a) [1]
44: (UNSTACK k j) [1]
45: (STACK k d) [1]
46: (UNSTACK j i) [1]
47: (STACK j h) [1]
48: (UNSTACK b p) [1]
49: (STACK b p) [1]
50: (UNSTACK i l) [1]
51: (STACK i k) [1]
52: (PICK-UP l) [1]
53: (STACK l j) [1]
54: (UNSTACK b p) [1]
55: (PUT-DOWN b) [1]
56: (UNSTACK i k) [1]
57: (STACK i l) [1]
58: (UNSTACK p f) [1]
59: (STACK p b) [1]
60: (UNSTACK k d) [1]
61: (STACK k i) [1]
62: (UNSTACK f g) [1]
63: (STACK f p) [1]
64: (PICK-UP g) [1]
65: (STACK g k) [1]
66: (PICK-UP d) [1]
67: (PUT-DOWN d) [1]
68: (UNSTACK f p) [1]
69: (STACK f g) [1]
70: (UNSTACK p b) [1]
71: (STACK p f) [1]
72: (PICK-UP b) [1]
73: (STACK b p) [1]
74: (PICK-UP d) [1]
75: (STACK d b) [1]

Valid plan : 76 actions.
Computed nodes : 240499
Evaluated nodes : 69428
Developed nodes : 16755
Useful nodes : 39

Lookahead utility : 11.33 %
Preparation time : 0.00
Search time : 8.03
Total time : 8.03

__MEMKB 41600
