
Parsing domain..... blocks..... done.
Parsing problem..... blocks-13-1..... done.
Computing domains..... done.
Instantiating actions..... done.
Computing final representation..... done.

Parsing time : 0.00
Domains creation  time : 0.00
Instantiation time : 0.00 -> 338 candidates, 338 actions
Finalization time : 0.00 -> 196 fluents, 16 init

25 24 22 21 20 19 17 16 15 14 13 12 10 9 8 5 4 3 

0: (UNSTACK j e) [1]
1: (PUT-DOWN j) [1]
2: (UNSTACK b k) [1]
3: (PUT-DOWN b) [1]
4: (UNSTACK e d) [1]
5: (PUT-DOWN e) [1]
6: (UNSTACK d c) [1]
7: (STACK d k) [1]
8: (UNSTACK c a) [1]
9: (STACK c j) [1]
10: (UNSTACK a l) [1]
11: (STACK a e) [1]
12: (UNSTACK l h) [1]
13: (STACK l c) [1]
14: (UNSTACK d k) [1]
15: (STACK d a) [1]
16: (UNSTACK h g) [1]
17: (STACK h d) [1]
18: (UNSTACK g m) [1]
19: (STACK g h) [1]
20: (UNSTACK m i) [1]
21: (STACK m l) [1]
22: (UNSTACK i f) [1]
23: (STACK i b) [1]
24: (UNSTACK g h) [1]
25: (STACK g k) [1]
26: (UNSTACK h d) [1]
27: (STACK h i) [1]
28: (UNSTACK d a) [1]
29: (STACK d a) [1]
30: (UNSTACK g k) [1]
31: (STACK g h) [1]
32: (PICK-UP k) [1]
33: (STACK k g) [1]
34: (UNSTACK m l) [1]
35: (STACK m l) [1]
36: (UNSTACK d a) [1]
37: (STACK d a) [1]
38: (PICK-UP f) [1]
39: (STACK f k) [1]
40: (UNSTACK m l) [1]
41: (STACK m d) [1]
42: (UNSTACK l c) [1]
43: (STACK l m) [1]
44: (UNSTACK c j) [1]
45: (STACK c l) [1]
46: (PICK-UP j) [1]
47: (STACK j f) [1]
48: (UNSTACK c l) [1]
49: (STACK c j) [1]
50: (UNSTACK l m) [1]
51: (PUT-DOWN l) [1]
52: (UNSTACK m d) [1]
53: (STACK m c) [1]
54: (PICK-UP l) [1]
55: (STACK l m) [1]
56: (UNSTACK d a) [1]
57: (PUT-DOWN d) [1]
58: (UNSTACK a e) [1]
59: (PUT-DOWN a) [1]
60: (PICK-UP e) [1]
61: (STACK e l) [1]
62: (PICK-UP a) [1]
63: (STACK a e) [1]
64: (PICK-UP d) [1]
65: (STACK d a) [1]

Valid plan : 66 actions.
Computed nodes : 80125
Evaluated nodes : 26099
Developed nodes : 5058
Useful nodes : 24

Lookahead utility : 11.05 %
Preparation time : 0.00
Search time : 2.22
Total time : 2.22

__MEMKB 16128
