
Parsing domain..... blocks..... done.
Parsing problem..... blocks-14-0..... done.
Computing domains..... done.
Instantiating actions..... done.
Computing final representation..... done.

Parsing time : 0.00
Domains creation  time : 0.00
Instantiation time : 0.00 -> 392 candidates, 392 actions
Finalization time : 0.00 -> 225 fluents, 18 init

25 24 23 19 18 15 14 9 8 6 4 3 

0: (UNSTACK a j) [1]
1: (STACK a g) [1]
2: (UNSTACK j h) [1]
3: (STACK j f) [1]
4: (UNSTACK h m) [1]
5: (PUT-DOWN h) [1]
6: (UNSTACK a g) [1]
7: (STACK a h) [1]
8: (UNSTACK g d) [1]
9: (STACK g j) [1]
10: (UNSTACK m k) [1]
11: (STACK m a) [1]
12: (UNSTACK d i) [1]
13: (STACK d m) [1]
14: (UNSTACK i n) [1]
15: (STACK i n) [1]
16: (UNSTACK g j) [1]
17: (STACK g d) [1]
18: (UNSTACK j f) [1]
19: (STACK j i) [1]
20: (PICK-UP f) [1]
21: (STACK f j) [1]
22: (UNSTACK k c) [1]
23: (STACK k g) [1]
24: (UNSTACK f j) [1]
25: (STACK f j) [1]
26: (UNSTACK c l) [1]
27: (STACK c k) [1]
28: (UNSTACK f j) [1]
29: (STACK f l) [1]
30: (UNSTACK j i) [1]
31: (PUT-DOWN j) [1]
32: (UNSTACK i n) [1]
33: (STACK i j) [1]
34: (PICK-UP n) [1]
35: (STACK n c) [1]
36: (UNSTACK i j) [1]
37: (STACK i n) [1]
38: (PICK-UP j) [1]
39: (STACK j i) [1]
40: (UNSTACK f l) [1]
41: (PUT-DOWN f) [1]
42: (UNSTACK l b) [1]
43: (PUT-DOWN l) [1]
44: (UNSTACK b e) [1]
45: (STACK b j) [1]
46: (PICK-UP f) [1]
47: (STACK f b) [1]
48: (PICK-UP l) [1]
49: (STACK l f) [1]
50: (PICK-UP e) [1]
51: (STACK e l) [1]

Valid plan : 52 actions.
Computed nodes : 36217
Evaluated nodes : 9121
Developed nodes : 2894
Useful nodes : 17

Lookahead utility : 15.41 %
Preparation time : 0.00
Search time : 0.76
Total time : 0.76

__MEMKB 7168
