
Parsing domain file:  domain 'SATELLITE' defined ... done.
Parsing problem file:  problem 'STRIPS-SAT-X-1' defined ... done.



Modality: Fast Planner

Number of actions             :    1245
Number of conditional actions :       0
Number of facts               :     144


Analyzing Planning Problem:
	Temporal Planning Problem: NO
	Numeric Planning Problem: NO
	Problem with Timed Initial Litearals: NO
	Problem with Derived Predicates: NO

Evaluation function weights:
     Action duration 0.00; Action cost 1.00


Computing mutex... done

Preprocessing total time: 0.01 seconds

Searching ('.' = every 50 search steps):
 solution found: 

Plan computed:
   Time: (ACTION) [action Duration; action Cost]
 0.0000: (SWITCH_ON INSTRUMENT9 SATELLITE3) [D:1.0000; C:1.0000]
 0.0000: (TURN_TO SATELLITE3 STAR4 PHENOMENON5) [D:1.0000; C:1.0000]
 0.0000: (SWITCH_ON INSTRUMENT5 SATELLITE1) [D:1.0000; C:1.0000]
 0.0000: (TURN_TO SATELLITE1 STAR0 STAR4) [D:1.0000; C:1.0000]
 1.0000: (CALIBRATE SATELLITE3 INSTRUMENT9 STAR4) [D:1.0000; C:1.0000]
 1.0000: (CALIBRATE SATELLITE1 INSTRUMENT5 STAR0) [D:1.0000; C:1.0000]
 2.0000: (TURN_TO SATELLITE3 STAR7 STAR4) [D:1.0000; C:1.0000]
 2.0000: (TURN_TO SATELLITE1 STAR3 STAR0) [D:1.0000; C:1.0000]
 3.0000: (TAKE_IMAGE SATELLITE3 STAR7 INSTRUMENT9 SPECTROGRAPH3) [D:1.0000; C:1.0000]
 3.0000: (TURN_TO SATELLITE1 PHENOMENON8 STAR3) [D:1.0000; C:1.0000]
 4.0000: (TURN_TO SATELLITE3 STAR10 STAR7) [D:1.0000; C:1.0000]
 4.0000: (TURN_TO SATELLITE1 PLANET11 PHENOMENON8) [D:1.0000; C:1.0000]
 5.0000: (TAKE_IMAGE SATELLITE3 STAR10 INSTRUMENT9 SPECTROGRAPH3) [D:1.0000; C:1.0000]
 5.0000: (TAKE_IMAGE SATELLITE1 PLANET11 INSTRUMENT5 THERMOGRAPH2) [D:1.0000; C:1.0000]
 6.0000: (TURN_TO SATELLITE3 PHENOMENON8 STAR10) [D:1.0000; C:1.0000]
 6.0000: (TURN_TO SATELLITE1 PHENOMENON14 PLANET11) [D:1.0000; C:1.0000]
 7.0000: (TAKE_IMAGE SATELLITE3 PHENOMENON8 INSTRUMENT9 IMAGE0) [D:1.0000; C:1.0000]
 7.0000: (TAKE_IMAGE SATELLITE1 PHENOMENON14 INSTRUMENT5 THERMOGRAPH2) [D:1.0000; C:1.0000]
 8.0000: (TURN_TO SATELLITE3 PHENOMENON9 PHENOMENON8) [D:1.0000; C:1.0000]
 8.0000: (TURN_TO SATELLITE1 STAR6 PHENOMENON14) [D:1.0000; C:1.0000]
 9.0000: (TAKE_IMAGE SATELLITE3 PHENOMENON9 INSTRUMENT9 IMAGE0) [D:1.0000; C:1.0000]
 9.0000: (TAKE_IMAGE SATELLITE1 STAR6 INSTRUMENT5 THERMOGRAPH1) [D:1.0000; C:1.0000]
 10.0000: (TURN_TO SATELLITE3 PHENOMENON12 PHENOMENON9) [D:1.0000; C:1.0000]
 10.0000: (TURN_TO SATELLITE1 PHENOMENON13 STAR6) [D:1.0000; C:1.0000]
 11.0000: (TAKE_IMAGE SATELLITE3 PHENOMENON12 INSTRUMENT9 IMAGE0) [D:1.0000; C:1.0000]
 11.0000: (TAKE_IMAGE SATELLITE1 PHENOMENON13 INSTRUMENT5 THERMOGRAPH1) [D:1.0000; C:1.0000]
 12.0000: (TURN_TO SATELLITE3 PHENOMENON5 PHENOMENON12) [D:1.0000; C:1.0000]
 13.0000: (TAKE_IMAGE SATELLITE3 PHENOMENON5 INSTRUMENT9 THERMOGRAPH1) [D:1.0000; C:1.0000]


Solution found:
Total time:      0.01
Search time:     0.00
Actions:         28
Execution cost:  28.00
Duration:        14.000
Plan quality:    28.000

__MEMKB 111232
