
Parsing domain file:  domain 'SATELLITE' defined ... done.
Parsing problem file:  problem 'STRIPS-SAT-X-1' defined ... done.



Modality: Fast Planner

Number of actions             :    4461
Number of conditional actions :       0
Number of facts               :     305


Analyzing Planning Problem:
	Temporal Planning Problem: NO
	Numeric Planning Problem: NO
	Problem with Timed Initial Litearals: NO
	Problem with Derived Predicates: NO

Evaluation function weights:
     Action duration 0.00; Action cost 1.00


Computing mutex... done

Preprocessing total time: 0.03 seconds

Searching ('.' = every 50 search steps):
 solution found: 

Plan computed:
   Time: (ACTION) [action Duration; action Cost]
 0.0000: (SWITCH_ON INSTRUMENT7 SATELLITE3) [D:1.0000; C:1.0000]
 0.0000: (SWITCH_ON INSTRUMENT2 SATELLITE0) [D:1.0000; C:1.0000]
 0.0000: (TURN_TO SATELLITE0 GROUNDSTATION2 PHENOMENON12) [D:1.0000; C:1.0000]
 0.0000: (SWITCH_ON INSTRUMENT3 SATELLITE1) [D:1.0000; C:1.0000]
 0.0000: (TURN_TO SATELLITE1 GROUNDSTATION2 GROUNDSTATION1) [D:1.0000; C:1.0000]
 0.0000: (TURN_TO SATELLITE2 STAR14 GROUNDSTATION2) [D:1.0000; C:1.0000]
 0.0000: (TURN_TO SATELLITE5 PLANET17 PHENOMENON11) [D:1.0000; C:1.0000]
 1.0000: (CALIBRATE SATELLITE3 INSTRUMENT7 GROUNDSTATION4) [D:1.0000; C:1.0000]
 1.0000: (CALIBRATE SATELLITE0 INSTRUMENT2 GROUNDSTATION2) [D:1.0000; C:1.0000]
 1.0000: (CALIBRATE SATELLITE1 INSTRUMENT3 GROUNDSTATION2) [D:1.0000; C:1.0000]
 2.0000: (TURN_TO SATELLITE3 PLANET8 GROUNDSTATION4) [D:1.0000; C:1.0000]
 2.0000: (TURN_TO SATELLITE0 PLANET15 GROUNDSTATION2) [D:1.0000; C:1.0000]
 2.0000: (TURN_TO SATELLITE1 PHENOMENON12 GROUNDSTATION2) [D:1.0000; C:1.0000]
 3.0000: (TAKE_IMAGE SATELLITE3 PLANET8 INSTRUMENT7 IMAGE2) [D:1.0000; C:1.0000]
 3.0000: (TURN_TO SATELLITE0 STAR14 PLANET15) [D:1.0000; C:1.0000]
 3.0000: (TAKE_IMAGE SATELLITE1 PHENOMENON12 INSTRUMENT3 THERMOGRAPH0) [D:1.0000; C:1.0000]
 4.0000: (TURN_TO SATELLITE3 PLANET15 PLANET8) [D:1.0000; C:1.0000]
 4.0000: (TAKE_IMAGE SATELLITE0 STAR14 INSTRUMENT2 THERMOGRAPH4) [D:1.0000; C:1.0000]
 4.0000: (TURN_TO SATELLITE1 PHENOMENON7 PHENOMENON12) [D:1.0000; C:1.0000]
 5.0000: (TAKE_IMAGE SATELLITE3 PLANET15 INSTRUMENT7 IMAGE2) [D:1.0000; C:1.0000]
 5.0000: (TURN_TO SATELLITE0 STAR19 STAR14) [D:1.0000; C:1.0000]
 5.0000: (TAKE_IMAGE SATELLITE1 PHENOMENON7 INSTRUMENT3 THERMOGRAPH0) [D:1.0000; C:1.0000]
 6.0000: (TURN_TO SATELLITE3 STAR10 PLANET15) [D:1.0000; C:1.0000]
 6.0000: (TAKE_IMAGE SATELLITE0 STAR19 INSTRUMENT2 THERMOGRAPH4) [D:1.0000; C:1.0000]
 6.0000: (TURN_TO SATELLITE1 STAR9 PHENOMENON7) [D:1.0000; C:1.0000]
 7.0000: (TAKE_IMAGE SATELLITE3 STAR10 INSTRUMENT7 THERMOGRAPH3) [D:1.0000; C:1.0000]
 7.0000: (TURN_TO SATELLITE0 STAR20 STAR19) [D:1.0000; C:1.0000]
 7.0000: (TAKE_IMAGE SATELLITE1 STAR9 INSTRUMENT3 THERMOGRAPH0) [D:1.0000; C:1.0000]
 8.0000: (TURN_TO SATELLITE3 PLANET17 STAR10) [D:1.0000; C:1.0000]
 8.0000: (TAKE_IMAGE SATELLITE0 STAR20 INSTRUMENT2 THERMOGRAPH4) [D:1.0000; C:1.0000]
 8.0000: (TURN_TO SATELLITE1 PLANET21 STAR9) [D:1.0000; C:1.0000]
 9.0000: (TAKE_IMAGE SATELLITE3 PLANET17 INSTRUMENT7 IMAGE2) [D:1.0000; C:1.0000]
 9.0000: (TURN_TO SATELLITE0 STAR22 STAR20) [D:1.0000; C:1.0000]
 9.0000: (TAKE_IMAGE SATELLITE1 PLANET21 INSTRUMENT3 THERMOGRAPH0) [D:1.0000; C:1.0000]
 10.0000: (TAKE_IMAGE SATELLITE0 STAR22 INSTRUMENT2 THERMOGRAPH3) [D:1.0000; C:1.0000]
 11.0000: (TURN_TO SATELLITE0 PHENOMENON13 STAR22) [D:1.0000; C:1.0000]
 12.0000: (TAKE_IMAGE SATELLITE0 PHENOMENON13 INSTRUMENT2 IMAGE1) [D:1.0000; C:1.0000]
 13.0000: (TURN_TO SATELLITE0 PHENOMENON5 PHENOMENON13) [D:1.0000; C:1.0000]
 14.0000: (TAKE_IMAGE SATELLITE0 PHENOMENON5 INSTRUMENT2 IMAGE1) [D:1.0000; C:1.0000]
 15.0000: (TURN_TO SATELLITE0 PHENOMENON18 PHENOMENON5) [D:1.0000; C:1.0000]
 16.0000: (TAKE_IMAGE SATELLITE0 PHENOMENON18 INSTRUMENT2 IMAGE1) [D:1.0000; C:1.0000]
 17.0000: (TURN_TO SATELLITE0 PLANET23 PHENOMENON18) [D:1.0000; C:1.0000]
 18.0000: (TAKE_IMAGE SATELLITE0 PLANET23 INSTRUMENT2 IMAGE1) [D:1.0000; C:1.0000]
 19.0000: (TURN_TO SATELLITE0 PLANET21 PLANET23) [D:1.0000; C:1.0000]


Solution found:
Total time:      0.04
Search time:     0.01
Actions:         44
Execution cost:  44.00
Duration:        20.000
Plan quality:    44.000

__MEMKB 115840
