
Parsing domain file:  domain 'SATELLITE' defined ... done.
Parsing problem file:  problem 'STRIPS-SAT-X-1' defined ... done.



Modality: Fast Planner

Number of actions             :    7444
Number of conditional actions :       0
Number of facts               :     431


Analyzing Planning Problem:
	Temporal Planning Problem: NO
	Numeric Planning Problem: NO
	Problem with Timed Initial Litearals: NO
	Problem with Derived Predicates: NO

Evaluation function weights:
     Action duration 0.00; Action cost 1.00


Computing mutex... done

Preprocessing total time: 0.05 seconds

Searching ('.' = every 50 search steps):
. solution found: 

Plan computed:
   Time: (ACTION) [action Duration; action Cost]
 0.0000: (SWITCH_ON INSTRUMENT22 SATELLITE9) [D:1.0000; C:1.0000]
 0.0000: (TURN_TO SATELLITE9 GROUNDSTATION1 PLANET11) [D:1.0000; C:1.0000]
 0.0000: (SWITCH_ON INSTRUMENT16 SATELLITE6) [D:1.0000; C:1.0000]
 0.0000: (TURN_TO SATELLITE6 PLANET19 PLANET11) [D:1.0000; C:1.0000]
 0.0000: (SWITCH_ON INSTRUMENT11 SATELLITE5) [D:1.0000; C:1.0000]
 0.0000: (TURN_TO SATELLITE5 STAR3 PLANET10) [D:1.0000; C:1.0000]
 0.0000: (SWITCH_ON INSTRUMENT20 SATELLITE8) [D:1.0000; C:1.0000]
 0.0000: (TURN_TO SATELLITE7 STAR3 PLANET11) [D:1.0000; C:1.0000]
 1.0000: (CALIBRATE SATELLITE9 INSTRUMENT22 GROUNDSTATION1) [D:1.0000; C:1.0000]
 1.0000: (TURN_TO SATELLITE6 GROUNDSTATION0 PLANET19) [D:1.0000; C:1.0000]
 1.0000: (CALIBRATE SATELLITE5 INSTRUMENT11 STAR3) [D:1.0000; C:1.0000]
 1.0000: (CALIBRATE SATELLITE8 INSTRUMENT20 GROUNDSTATION4) [D:1.0000; C:1.0000]
 2.0000: (TURN_TO SATELLITE9 PLANET6 GROUNDSTATION1) [D:1.0000; C:1.0000]
 2.0000: (CALIBRATE SATELLITE6 INSTRUMENT16 GROUNDSTATION0) [D:1.0000; C:1.0000]
 2.0000: (TURN_TO SATELLITE5 PLANET11 STAR3) [D:1.0000; C:1.0000]
 2.0000: (TURN_TO SATELLITE8 PHENOMENON5 GROUNDSTATION4) [D:1.0000; C:1.0000]
 3.0000: (TAKE_IMAGE SATELLITE9 PLANET6 INSTRUMENT22 INFRARED4) [D:1.0000; C:1.0000]
 3.0000: (TURN_TO SATELLITE6 PHENOMENON9 GROUNDSTATION0) [D:1.0000; C:1.0000]
 3.0000: (TURN_TO SATELLITE5 PLANET10 PLANET11) [D:1.0000; C:1.0000]
 3.0000: (TAKE_IMAGE SATELLITE8 PHENOMENON5 INSTRUMENT20 THERMOGRAPH1) [D:1.0000; C:1.0000]
 4.0000: (TURN_TO SATELLITE9 PLANET11 PLANET6) [D:1.0000; C:1.0000]
 4.0000: (TAKE_IMAGE SATELLITE6 PHENOMENON9 INSTRUMENT16 IMAGE2) [D:1.0000; C:1.0000]
 4.0000: (TAKE_IMAGE SATELLITE5 PLANET10 INSTRUMENT11 IMAGE0) [D:1.0000; C:1.0000]
 4.0000: (TURN_TO SATELLITE8 PLANET21 PHENOMENON5) [D:1.0000; C:1.0000]
 5.0000: (TAKE_IMAGE SATELLITE9 PLANET11 INSTRUMENT22 INFRARED4) [D:1.0000; C:1.0000]
 5.0000: (TURN_TO SATELLITE6 PLANET22 PHENOMENON9) [D:1.0000; C:1.0000]
 5.0000: (TURN_TO SATELLITE5 STAR12 PLANET10) [D:1.0000; C:1.0000]
 5.0000: (TAKE_IMAGE SATELLITE8 PLANET21 INSTRUMENT20 THERMOGRAPH1) [D:1.0000; C:1.0000]
 6.0000: (TURN_TO SATELLITE9 PHENOMENON17 PLANET11) [D:1.0000; C:1.0000]
 6.0000: (TAKE_IMAGE SATELLITE6 PLANET22 INSTRUMENT16 IMAGE2) [D:1.0000; C:1.0000]
 6.0000: (TAKE_IMAGE SATELLITE5 STAR12 INSTRUMENT11 IMAGE0) [D:1.0000; C:1.0000]
 6.0000: (TURN_TO SATELLITE8 PLANET8 PLANET21) [D:1.0000; C:1.0000]
 7.0000: (TAKE_IMAGE SATELLITE9 PHENOMENON17 INSTRUMENT22 INFRARED4) [D:1.0000; C:1.0000]
 7.0000: (TURN_TO SATELLITE5 STAR13 STAR12) [D:1.0000; C:1.0000]
 7.0000: (TAKE_IMAGE SATELLITE8 PLANET8 INSTRUMENT20 THERMOGRAPH1) [D:1.0000; C:1.0000]
 8.0000: (TURN_TO SATELLITE9 STAR24 PHENOMENON17) [D:1.0000; C:1.0000]
 8.0000: (TAKE_IMAGE SATELLITE5 STAR13 INSTRUMENT11 IMAGE0) [D:1.0000; C:1.0000]
 8.0000: (TURN_TO SATELLITE8 STAR14 PLANET8) [D:1.0000; C:1.0000]
 9.0000: (TAKE_IMAGE SATELLITE9 STAR24 INSTRUMENT22 INFRARED4) [D:1.0000; C:1.0000]
 9.0000: (TURN_TO SATELLITE5 STAR15 STAR13) [D:1.0000; C:1.0000]
 9.0000: (TAKE_IMAGE SATELLITE8 STAR14 INSTRUMENT20 THERMOGRAPH1) [D:1.0000; C:1.0000]
 10.0000: (TURN_TO SATELLITE9 PHENOMENON18 STAR24) [D:1.0000; C:1.0000]
 10.0000: (TAKE_IMAGE SATELLITE5 STAR15 INSTRUMENT11 IMAGE0) [D:1.0000; C:1.0000]
 10.0000: (TURN_TO SATELLITE8 STAR15 STAR14) [D:1.0000; C:1.0000]
 11.0000: (TAKE_IMAGE SATELLITE9 PHENOMENON18 INSTRUMENT22 SPECTROGRAPH3) [D:1.0000; C:1.0000]
 11.0000: (TURN_TO SATELLITE5 STAR20 STAR15) [D:1.0000; C:1.0000]
 12.0000: (TAKE_IMAGE SATELLITE5 STAR20 INSTRUMENT11 IMAGE0) [D:1.0000; C:1.0000]
 12.0000: (TURN_TO SATELLITE9 STAR3 PHENOMENON18) [D:1.0000; C:1.0000]
 13.0000: (TURN_TO SATELLITE5 PLANET7 STAR20) [D:1.0000; C:1.0000]
 13.0000: (TURN_TO SATELLITE9 STAR16 STAR3) [D:1.0000; C:1.0000]
 14.0000: (TAKE_IMAGE SATELLITE5 PLANET7 INSTRUMENT11 IMAGE0) [D:1.0000; C:1.0000]
 14.0000: (TAKE_IMAGE SATELLITE9 STAR16 INSTRUMENT22 THERMOGRAPH1) [D:1.0000; C:1.0000]
 15.0000: (TURN_TO SATELLITE5 PHENOMENON23 PLANET7) [D:1.0000; C:1.0000]
 16.0000: (TAKE_IMAGE SATELLITE5 PHENOMENON23 INSTRUMENT11 IMAGE0) [D:1.0000; C:1.0000]
 17.0000: (TURN_TO SATELLITE5 PLANET6 PHENOMENON23) [D:1.0000; C:1.0000]


Solution found:
Total time:      0.06
Search time:     0.01
Actions:         55
Execution cost:  55.00
Duration:        18.000
Plan quality:    55.000

__MEMKB 120832
