Parsing...
Instantiating...
Starting instantiation [24 rules]...
Finding invariants...
Instantiating groups...
Choosing groups...
0 uncovered facts
Building translation key...
Building STRIPS to SAS dictionary...
Translating task...
Processing axioms...
Detecting unreachable propositions...
Removed false proposition: <none of those>
Removed false proposition: <none of those>
Removed false proposition: <none of those>
3 propositions removed.
Writing output...
Done!
Building causal graph...
The causal graph is not acyclic.
41 variables of 41 necessary
306 of 306 operators necessary.
0 of 0 axiom rules necessary.
Building domain transition graphs...
solveable in poly time 0
Building successor generator...
Writing output...
done

Simplifying transitions... done! (reduced from 762 to 762)
Initializing heuristic cache... done!
Conducting best first search.
Initializing causal graph heuristic...
Initializing HSP/FF heuristic...
Simplifying 610 unary operators... done! [610 unary operators]
Best heuristic value: 114/77 [expanded 1 state(s)]
Best heuristic value: 113/76 [expanded 2 state(s)]
Best heuristic value: 75/76 [expanded 3 state(s)]
Best heuristic value: 74/75 [expanded 4 state(s)]
Best heuristic value: 74/74 [expanded 6 state(s)]
Best heuristic value: 73/74 [expanded 7 state(s)]
Best heuristic value: 72/73 [expanded 8 state(s)]
Best heuristic value: 72/72 [expanded 10 state(s)]
Best heuristic value: 71/72 [expanded 11 state(s)]
Best heuristic value: 70/71 [expanded 12 state(s)]
Best heuristic value: 70/70 [expanded 14 state(s)]
Best heuristic value: 69/70 [expanded 15 state(s)]
Best heuristic value: 68/69 [expanded 16 state(s)]
Best heuristic value: 68/68 [expanded 18 state(s)]
Best heuristic value: 67/68 [expanded 19 state(s)]
Best heuristic value: 66/67 [expanded 20 state(s)]
Best heuristic value: 66/66 [expanded 22 state(s)]
Best heuristic value: 65/66 [expanded 23 state(s)]
Best heuristic value: 64/65 [expanded 24 state(s)]
Best heuristic value: 64/64 [expanded 26 state(s)]
Best heuristic value: 63/64 [expanded 27 state(s)]
Best heuristic value: 62/63 [expanded 28 state(s)]
Best heuristic value: 62/62 [expanded 30 state(s)]
Best heuristic value: 61/62 [expanded 31 state(s)]
Best heuristic value: 60/61 [expanded 32 state(s)]
Best heuristic value: 60/60 [expanded 34 state(s)]
Best heuristic value: 59/60 [expanded 35 state(s)]
Best heuristic value: 58/59 [expanded 36 state(s)]
Best heuristic value: 58/58 [expanded 38 state(s)]
Best heuristic value: 57/58 [expanded 39 state(s)]
Best heuristic value: 56/57 [expanded 40 state(s)]
Best heuristic value: 56/56 [expanded 42 state(s)]
Best heuristic value: 55/56 [expanded 43 state(s)]
Best heuristic value: 54/55 [expanded 44 state(s)]
Best heuristic value: 54/54 [expanded 46 state(s)]
Best heuristic value: 53/54 [expanded 47 state(s)]
Best heuristic value: 52/53 [expanded 48 state(s)]
Best heuristic value: 52/52 [expanded 50 state(s)]
Best heuristic value: 51/52 [expanded 51 state(s)]
Best heuristic value: 50/51 [expanded 52 state(s)]
Best heuristic value: 50/50 [expanded 54 state(s)]
Best heuristic value: 49/50 [expanded 55 state(s)]
Best heuristic value: 48/49 [expanded 56 state(s)]
Best heuristic value: 48/48 [expanded 58 state(s)]
Best heuristic value: 47/48 [expanded 59 state(s)]
Best heuristic value: 46/47 [expanded 60 state(s)]
Best heuristic value: 46/46 [expanded 62 state(s)]
Best heuristic value: 45/46 [expanded 63 state(s)]
Best heuristic value: 44/45 [expanded 64 state(s)]
Best heuristic value: 44/44 [expanded 66 state(s)]
Best heuristic value: 43/44 [expanded 67 state(s)]
Best heuristic value: 42/43 [expanded 68 state(s)]
Best heuristic value: 42/42 [expanded 70 state(s)]
Best heuristic value: 41/42 [expanded 71 state(s)]
Best heuristic value: 40/41 [expanded 72 state(s)]
Best heuristic value: 40/40 [expanded 74 state(s)]
Best heuristic value: 39/40 [expanded 75 state(s)]
Best heuristic value: 38/39 [expanded 76 state(s)]
Best heuristic value: 38/38 [expanded 78 state(s)]
Best heuristic value: 37/38 [expanded 79 state(s)]
Best heuristic value: 36/37 [expanded 80 state(s)]
Best heuristic value: 36/36 [expanded 82 state(s)]
Best heuristic value: 35/36 [expanded 83 state(s)]
Best heuristic value: 34/35 [expanded 84 state(s)]
Best heuristic value: 34/34 [expanded 86 state(s)]
Best heuristic value: 33/34 [expanded 87 state(s)]
Best heuristic value: 32/33 [expanded 88 state(s)]
Best heuristic value: 32/32 [expanded 90 state(s)]
Best heuristic value: 31/32 [expanded 91 state(s)]
Best heuristic value: 30/31 [expanded 92 state(s)]
Best heuristic value: 30/30 [expanded 94 state(s)]
Best heuristic value: 29/30 [expanded 95 state(s)]
Best heuristic value: 28/29 [expanded 96 state(s)]
Best heuristic value: 28/28 [expanded 98 state(s)]
Best heuristic value: 27/28 [expanded 99 state(s)]
Best heuristic value: 26/27 [expanded 100 state(s)]
Best heuristic value: 26/26 [expanded 102 state(s)]
Best heuristic value: 25/26 [expanded 103 state(s)]
Best heuristic value: 24/25 [expanded 104 state(s)]
Best heuristic value: 24/24 [expanded 106 state(s)]
Best heuristic value: 23/24 [expanded 107 state(s)]
Best heuristic value: 22/23 [expanded 108 state(s)]
Best heuristic value: 22/22 [expanded 110 state(s)]
Best heuristic value: 21/22 [expanded 111 state(s)]
Best heuristic value: 20/21 [expanded 112 state(s)]
Best heuristic value: 20/20 [expanded 114 state(s)]
Best heuristic value: 19/20 [expanded 115 state(s)]
Best heuristic value: 18/19 [expanded 116 state(s)]
Best heuristic value: 18/18 [expanded 118 state(s)]
Best heuristic value: 17/18 [expanded 119 state(s)]
Best heuristic value: 16/17 [expanded 120 state(s)]
Best heuristic value: 16/16 [expanded 122 state(s)]
Best heuristic value: 15/16 [expanded 123 state(s)]
Best heuristic value: 14/15 [expanded 124 state(s)]
Best heuristic value: 14/14 [expanded 126 state(s)]
Best heuristic value: 13/14 [expanded 127 state(s)]
Best heuristic value: 12/13 [expanded 128 state(s)]
Best heuristic value: 12/12 [expanded 130 state(s)]
Best heuristic value: 11/12 [expanded 131 state(s)]
Best heuristic value: 10/11 [expanded 132 state(s)]
Best heuristic value: 10/10 [expanded 134 state(s)]
Best heuristic value: 9/10 [expanded 135 state(s)]
Best heuristic value: 8/9 [expanded 136 state(s)]
Best heuristic value: 8/8 [expanded 138 state(s)]
Best heuristic value: 7/8 [expanded 139 state(s)]
Best heuristic value: 6/7 [expanded 140 state(s)]
Best heuristic value: 6/6 [expanded 142 state(s)]
Best heuristic value: 5/6 [expanded 143 state(s)]
Best heuristic value: 4/5 [expanded 144 state(s)]
Best heuristic value: 4/4 [expanded 146 state(s)]
Best heuristic value: 3/4 [expanded 147 state(s)]
Best heuristic value: 2/3 [expanded 148 state(s)]
Best heuristic value: 2/2 [expanded 150 state(s)]
Best heuristic value: 1/1 [expanded 151 state(s)]
Solution found!
pick ball27 rooma right
move rooma roomb
drop ball27 roomb right
move roomb rooma
pick ball3 rooma left
move rooma roomb
drop ball3 roomb left
move roomb rooma
pick ball35 rooma left
move rooma roomb
drop ball35 roomb left
move roomb rooma
pick ball33 rooma left
move rooma roomb
drop ball33 roomb left
move roomb rooma
pick ball11 rooma left
move rooma roomb
drop ball11 roomb left
move roomb rooma
pick ball2 rooma left
move rooma roomb
drop ball2 roomb left
move roomb rooma
pick ball34 rooma left
move rooma roomb
drop ball34 roomb left
move roomb rooma
pick ball32 rooma left
move rooma roomb
drop ball32 roomb left
move roomb rooma
pick ball10 rooma left
move rooma roomb
drop ball10 roomb left
move roomb rooma
pick ball20 rooma left
move rooma roomb
drop ball20 roomb left
move roomb rooma
pick ball1 rooma left
move rooma roomb
drop ball1 roomb left
move roomb rooma
pick ball7 rooma left
move rooma roomb
drop ball7 roomb left
move roomb rooma
pick ball31 rooma left
move rooma roomb
drop ball31 roomb left
move roomb rooma
pick ball13 rooma left
move rooma roomb
drop ball13 roomb left
move roomb rooma
pick ball15 rooma left
move rooma roomb
drop ball15 roomb left
move roomb rooma
pick ball21 rooma left
move rooma roomb
drop ball21 roomb left
move roomb rooma
pick ball6 rooma left
move rooma roomb
drop ball6 roomb left
move roomb rooma
pick ball30 rooma left
move rooma roomb
drop ball30 roomb left
move roomb rooma
pick ball12 rooma left
move rooma roomb
drop ball12 roomb left
move roomb rooma
pick ball22 rooma left
move rooma roomb
drop ball22 roomb left
move roomb rooma
pick ball14 rooma left
move rooma roomb
drop ball14 roomb left
move roomb rooma
pick ball24 rooma left
move rooma roomb
drop ball24 roomb left
move roomb rooma
pick ball5 rooma left
move rooma roomb
drop ball5 roomb left
move roomb rooma
pick ball17 rooma left
move rooma roomb
drop ball17 roomb left
move roomb rooma
pick ball19 rooma left
move rooma roomb
drop ball19 roomb left
move roomb rooma
pick ball28 rooma left
move rooma roomb
drop ball28 roomb left
move roomb rooma
pick ball23 rooma left
move rooma roomb
drop ball23 roomb left
move roomb rooma
pick ball9 rooma left
move rooma roomb
drop ball9 roomb left
move roomb rooma
pick ball25 rooma left
move rooma roomb
drop ball25 roomb left
move roomb rooma
pick ball4 rooma left
move rooma roomb
drop ball4 roomb left
move roomb rooma
pick ball37 rooma left
move rooma roomb
drop ball37 roomb left
move roomb rooma
pick ball16 rooma left
move rooma roomb
drop ball16 roomb left
move roomb rooma
pick ball26 rooma left
move rooma roomb
drop ball26 roomb left
move roomb rooma
pick ball18 rooma left
move rooma roomb
drop ball18 roomb left
move roomb rooma
pick ball29 rooma left
move rooma roomb
drop ball29 roomb left
move roomb rooma
pick ball8 rooma left
move rooma roomb
drop ball8 roomb left
move roomb rooma
pick ball38 rooma left
move rooma roomb
drop ball38 roomb left
move roomb rooma
pick ball36 rooma left
move rooma roomb
drop ball36 roomb left
Plan length: 151 step(s).
Expanded 152 state(s).
Generated 4521 state(s).
Cache hits: 13298
Cache misses: 0
Search time: 0 seconds
Total time: 0 seconds
__MEMKB 10268
