#
# (C) Copyright 2008, University of Illinois, Urbana-Champaign
#
# All rights reserved. Use of this software is permitted ONLY for
# non-commercial research purposes, and it may be copied only
# for that use only. All copies must include this copyright message.
# This software is made available AS IS, and neither the authors
# nor the University of Illinois, make any warranty about the
# software or its performance.
#

Parsing domain file
 domain 'BLOCKS' defined
Parsing problem file
 problem 'BLOCKS-9-0' defined



checking for cyclic := effects --- OK.

Starting SGPlan search ...



Solution found.

; Time 1.07
; ParsingTime 0.00
; NrActions 98
; MakeSpan
; MetricValue
; PlanningTechnique Modified-FF(enforced hill-climbing search) as the subplanner

0.001: (UNSTACK F G) [1]
1.002: (STACK F C) [1]
2.003: (UNSTACK G E) [1]
3.004: (STACK G F) [1]
4.005: (UNSTACK E A) [1]
5.006: (STACK E G) [1]
6.007: (UNSTACK A I) [1]
7.008: (PUT-DOWN A) [1]
8.009: (UNSTACK I D) [1]
9.010: (STACK I A) [1]
10.011: (UNSTACK D H) [1]
11.012: (PUT-DOWN D) [1]
12.013: (UNSTACK E G) [1]
13.014: (STACK E H) [1]
14.015: (UNSTACK G F) [1]
15.016: (PUT-DOWN G) [1]
16.017: (UNSTACK F C) [1]
17.018: (STACK F E) [1]
18.019: (UNSTACK I A) [1]
19.020: (STACK I F) [1]
20.021: (PICK-UP A) [1]
21.022: (STACK A I) [1]
22.023: (PICK-UP C) [1]
23.024: (STACK C A) [1]
24.025: (UNSTACK C A) [1]
25.026: (STACK C D) [1]
26.027: (UNSTACK A I) [1]
27.028: (STACK A G) [1]
28.029: (UNSTACK I F) [1]
29.030: (STACK I A) [1]
30.031: (UNSTACK F E) [1]
31.032: (STACK F I) [1]
32.033: (UNSTACK E H) [1]
33.034: (STACK E F) [1]
34.035: (UNSTACK H B) [1]
35.036: (PUT-DOWN H) [1]
36.037: (PICK-UP B) [1]
37.038: (STACK B C) [1]
38.039: (UNSTACK B C) [1]
39.040: (STACK B E) [1]
40.041: (UNSTACK C D) [1]
41.042: (PUT-DOWN C) [1]
42.043: (PICK-UP D) [1]
43.044: (STACK D B) [1]
44.045: (UNSTACK D B) [1]
45.046: (STACK D C) [1]
46.047: (UNSTACK B E) [1]
47.048: (STACK B H) [1]
48.049: (UNSTACK E F) [1]
49.050: (STACK E B) [1]
50.051: (UNSTACK F I) [1]
51.052: (STACK F E) [1]
52.053: (UNSTACK I A) [1]
53.054: (STACK I F) [1]
54.055: (UNSTACK A G) [1]
55.056: (PUT-DOWN A) [1]
56.057: (PICK-UP G) [1]
57.058: (STACK G D) [1]
58.059: (PICK-UP A) [1]
59.060: (STACK A I) [1]
60.061: (UNSTACK G D) [1]
61.062: (STACK G A) [1]
62.063: (UNSTACK D C) [1]
63.064: (PUT-DOWN D) [1]
64.065: (UNSTACK G A) [1]
65.066: (STACK G D) [1]
66.067: (PICK-UP C) [1]
67.068: (STACK C G) [1]
68.069: (UNSTACK A I) [1]
69.070: (PUT-DOWN A) [1]
70.071: (UNSTACK I F) [1]
71.072: (STACK I A) [1]
72.073: (UNSTACK F E) [1]
73.074: (STACK F I) [1]
74.075: (UNSTACK E B) [1]
75.076: (STACK E F) [1]
76.077: (UNSTACK B H) [1]
77.078: (STACK B C) [1]
78.079: (UNSTACK E F) [1]
79.080: (STACK E H) [1]
80.081: (UNSTACK F I) [1]
81.082: (STACK F E) [1]
82.083: (UNSTACK I A) [1]
83.084: (STACK I F) [1]
84.085: (PICK-UP A) [1]
85.086: (STACK A I) [1]
86.087: (UNSTACK B C) [1]
87.088: (PUT-DOWN B) [1]
88.089: (UNSTACK C G) [1]
89.090: (STACK C A) [1]
90.091: (PICK-UP B) [1]
91.092: (STACK B C) [1]
92.093: (UNSTACK G D) [1]
93.094: (PUT-DOWN G) [1]
94.095: (PICK-UP D) [1]
95.096: (STACK D B) [1]
96.097: (PICK-UP G) [1]
97.098: (STACK G D) [1]
__MEMKB 96944
