#
# (C) Copyright 2008, University of Illinois, Urbana-Champaign
#
# All rights reserved. Use of this software is permitted ONLY for
# non-commercial research purposes, and it may be copied only
# for that use only. All copies must include this copyright message.
# This software is made available AS IS, and neither the authors
# nor the University of Illinois, make any warranty about the
# software or its performance.
#

Parsing domain file
 domain 'BLOCKS' defined
Parsing problem file
 problem 'BLOCKS-13-0' defined



checking for cyclic := effects --- OK.

Starting SGPlan search ...



Solution found.

; Time 0.01
; ParsingTime 0.01
; NrActions 58
; MakeSpan
; MetricValue
; PlanningTechnique Modified-FF(enforced hill-climbing search) as the subplanner

0.001: (UNSTACK B F) [1]
1.002: (STACK B I) [1]
2.003: (UNSTACK F D) [1]
3.004: (STACK F M) [1]
4.005: (UNSTACK D C) [1]
5.006: (STACK D F) [1]
6.007: (UNSTACK C J) [1]
7.008: (STACK C D) [1]
8.009: (UNSTACK J A) [1]
9.010: (STACK J C) [1]
10.011: (UNSTACK A E) [1]
11.012: (STACK A J) [1]
12.013: (UNSTACK E H) [1]
13.014: (STACK E A) [1]
14.015: (UNSTACK H L) [1]
15.016: (STACK H E) [1]
16.017: (UNSTACK L K) [1]
17.018: (PUT-DOWN L) [1]
18.019: (UNSTACK B I) [1]
19.020: (STACK B K) [1]
20.021: (UNSTACK H E) [1]
21.022: (STACK H I) [1]
22.023: (UNSTACK E A) [1]
23.024: (STACK E L) [1]
24.025: (UNSTACK A J) [1]
25.026: (PUT-DOWN A) [1]
26.027: (UNSTACK J C) [1]
27.028: (STACK J B) [1]
28.029: (UNSTACK E L) [1]
29.030: (PUT-DOWN E) [1]
30.031: (PICK-UP L) [1]
31.032: (STACK L J) [1]
32.033: (PICK-UP E) [1]
33.034: (STACK E L) [1]
34.035: (UNSTACK H I) [1]
35.036: (STACK H E) [1]
36.037: (UNSTACK C D) [1]
37.038: (STACK C A) [1]
38.039: (UNSTACK D F) [1]
39.040: (STACK D I) [1]
40.041: (UNSTACK F M) [1]
41.042: (PUT-DOWN F) [1]
42.043: (PICK-UP M) [1]
43.044: (STACK M H) [1]
44.045: (UNSTACK C A) [1]
45.046: (PUT-DOWN C) [1]
46.047: (PICK-UP A) [1]
47.048: (STACK A M) [1]
48.049: (PICK-UP F) [1]
49.050: (STACK F A) [1]
50.051: (UNSTACK D I) [1]
51.052: (STACK D F) [1]
52.053: (PICK-UP C) [1]
53.054: (STACK C D) [1]
54.055: (UNSTACK I G) [1]
55.056: (STACK I C) [1]
56.057: (PICK-UP G) [1]
57.058: (STACK G I) [1]
__MEMKB 21388
