#
# (C) Copyright 2008, University of Illinois, Urbana-Champaign
#
# All rights reserved. Use of this software is permitted ONLY for
# non-commercial research purposes, and it may be copied only
# for that use only. All copies must include this copyright message.
# This software is made available AS IS, and neither the authors
# nor the University of Illinois, make any warranty about the
# software or its performance.
#

Parsing domain file
 domain 'BLOCKS' defined
Parsing problem file
 problem 'BLOCKS-7-1' defined



checking for cyclic := effects --- OK.

Starting SGPlan search ...



Solution found.

; Time 0.01
; ParsingTime 0.00
; NrActions 62
; MakeSpan
; MetricValue
; PlanningTechnique Modified-FF(enforced hill-climbing search) as the subplanner

0.001: (UNSTACK A G) [1]
1.002: (PUT-DOWN A) [1]
2.003: (PICK-UP G) [1]
3.004: (STACK G C) [1]
4.005: (UNSTACK G C) [1]
5.006: (STACK G A) [1]
6.007: (UNSTACK C D) [1]
7.008: (PUT-DOWN C) [1]
8.009: (UNSTACK D B) [1]
9.010: (STACK D C) [1]
10.011: (UNSTACK B E) [1]
11.012: (STACK B D) [1]
12.013: (UNSTACK E F) [1]
13.014: (PUT-DOWN E) [1]
14.015: (PICK-UP F) [1]
15.016: (STACK F G) [1]
16.017: (UNSTACK B D) [1]
17.018: (STACK B F) [1]
18.019: (PICK-UP E) [1]
19.020: (STACK E B) [1]
20.021: (UNSTACK E B) [1]
21.022: (STACK E D) [1]
22.023: (UNSTACK B F) [1]
23.024: (PUT-DOWN B) [1]
24.025: (UNSTACK F G) [1]
25.026: (STACK F B) [1]
26.027: (UNSTACK G A) [1]
27.028: (PUT-DOWN G) [1]
28.029: (PICK-UP A) [1]
29.030: (STACK A E) [1]
30.031: (UNSTACK F B) [1]
31.032: (STACK F G) [1]
32.033: (PICK-UP B) [1]
33.034: (STACK B F) [1]
34.035: (UNSTACK A E) [1]
35.036: (PUT-DOWN A) [1]
36.037: (UNSTACK E D) [1]
37.038: (STACK E B) [1]
38.039: (PICK-UP A) [1]
39.040: (STACK A E) [1]
40.041: (UNSTACK D C) [1]
41.042: (PUT-DOWN D) [1]
42.043: (PICK-UP C) [1]
43.044: (STACK C D) [1]
44.045: (UNSTACK A E) [1]
45.046: (PUT-DOWN A) [1]
46.047: (UNSTACK E B) [1]
47.048: (STACK E A) [1]
48.049: (UNSTACK B F) [1]
49.050: (STACK B E) [1]
50.051: (UNSTACK F G) [1]
51.052: (STACK F B) [1]
52.053: (PICK-UP G) [1]
53.054: (STACK G C) [1]
54.055: (UNSTACK F B) [1]
55.056: (STACK F G) [1]
56.057: (UNSTACK B E) [1]
57.058: (STACK B F) [1]
58.059: (UNSTACK E A) [1]
59.060: (STACK E B) [1]
60.061: (PICK-UP A) [1]
61.062: (STACK A E) [1]
__MEMKB 20928
