#
# (C) Copyright 2008, University of Illinois, Urbana-Champaign
#
# All rights reserved. Use of this software is permitted ONLY for
# non-commercial research purposes, and it may be copied only
# for that use only. All copies must include this copyright message.
# This software is made available AS IS, and neither the authors
# nor the University of Illinois, make any warranty about the
# software or its performance.
#

Parsing domain file
 domain 'BLOCKS' defined
Parsing problem file
 problem 'BLOCKS-12-1' defined



checking for cyclic := effects --- OK.

Starting SGPlan search ...



Solution found.

; Time 0.00
; ParsingTime 0.00
; NrActions 34
; MakeSpan
; MetricValue
; PlanningTechnique Modified-FF(enforced hill-climbing search) as the subplanner

0.001: (UNSTACK C G) [1]
1.002: (PUT-DOWN C) [1]
2.003: (UNSTACK K D) [1]
3.004: (STACK K C) [1]
4.005: (UNSTACK G H) [1]
5.006: (STACK G K) [1]
6.007: (UNSTACK H I) [1]
7.008: (PUT-DOWN H) [1]
8.009: (UNSTACK I F) [1]
9.010: (STACK I D) [1]
10.011: (UNSTACK F B) [1]
11.012: (PUT-DOWN F) [1]
12.013: (UNSTACK B A) [1]
13.014: (STACK B I) [1]
14.015: (UNSTACK G K) [1]
15.016: (STACK G B) [1]
16.017: (UNSTACK A L) [1]
17.018: (PUT-DOWN A) [1]
18.019: (UNSTACK L E) [1]
19.020: (STACK L G) [1]
20.021: (PICK-UP F) [1]
21.022: (STACK F L) [1]
22.023: (PICK-UP A) [1]
23.024: (STACK A F) [1]
24.025: (PICK-UP H) [1]
25.026: (STACK H A) [1]
26.027: (UNSTACK K C) [1]
27.028: (STACK K H) [1]
28.029: (UNSTACK E J) [1]
29.030: (STACK E K) [1]
30.031: (PICK-UP C) [1]
31.032: (STACK C E) [1]
32.033: (PICK-UP J) [1]
33.034: (STACK J C) [1]
__MEMKB 21080
