#
# (C) Copyright 2008, University of Illinois, Urbana-Champaign
#
# All rights reserved. Use of this software is permitted ONLY for
# non-commercial research purposes, and it may be copied only
# for that use only. All copies must include this copyright message.
# This software is made available AS IS, and neither the authors
# nor the University of Illinois, make any warranty about the
# software or its performance.
#

Parsing domain file
 domain 'BLOCKS' defined
Parsing problem file
 problem 'BLOCKS-16-1' defined



checking for cyclic := effects --- OK.

Starting SGPlan search ...



Solution found.

; Time 2.43
; ParsingTime 0.00
; NrActions 222
; MakeSpan
; MetricValue
; PlanningTechnique Modified-FF(enforced hill-climbing search) as the subplanner

0.001: (UNSTACK F L) [1]
1.002: (STACK F H) [1]
2.003: (UNSTACK L M) [1]
3.004: (STACK L F) [1]
4.005: (UNSTACK M J) [1]
5.006: (STACK M L) [1]
6.007: (UNSTACK J P) [1]
7.008: (STACK J M) [1]
8.009: (UNSTACK P N) [1]
9.010: (STACK P J) [1]
10.011: (UNSTACK N I) [1]
11.012: (STACK N P) [1]
12.013: (UNSTACK I B) [1]
13.014: (STACK I N) [1]
14.015: (UNSTACK B D) [1]
15.016: (STACK B I) [1]
16.017: (UNSTACK D C) [1]
17.018: (PUT-DOWN D) [1]
18.019: (UNSTACK C K) [1]
19.020: (STACK C O) [1]
20.021: (UNSTACK B I) [1]
21.022: (STACK B K) [1]
22.023: (UNSTACK I N) [1]
23.024: (STACK I D) [1]
24.025: (UNSTACK N P) [1]
25.026: (STACK N B) [1]
26.027: (UNSTACK P J) [1]
27.028: (STACK P I) [1]
28.029: (UNSTACK J M) [1]
29.030: (PUT-DOWN J) [1]
30.031: (UNSTACK M L) [1]
31.032: (STACK M C) [1]
32.033: (UNSTACK L F) [1]
33.034: (STACK L N) [1]
34.035: (UNSTACK F H) [1]
35.036: (STACK F P) [1]
36.037: (UNSTACK H E) [1]
37.038: (PUT-DOWN H) [1]
38.039: (PICK-UP E) [1]
39.040: (STACK E M) [1]
40.041: (UNSTACK L N) [1]
41.042: (PUT-DOWN L) [1]
42.043: (UNSTACK N B) [1]
43.044: (STACK N E) [1]
44.045: (UNSTACK B K) [1]
45.046: (STACK B F) [1]
46.047: (UNSTACK K A) [1]
47.048: (PUT-DOWN K) [1]
48.049: (PICK-UP A) [1]
49.050: (STACK A N) [1]
50.051: (PICK-UP H) [1]
51.052: (STACK H A) [1]
52.053: (PICK-UP J) [1]
53.054: (STACK J H) [1]
54.055: (PICK-UP L) [1]
55.056: (STACK L J) [1]
56.057: (UNSTACK B F) [1]
57.058: (STACK B K) [1]
58.059: (UNSTACK F P) [1]
59.060: (STACK F B) [1]
60.061: (UNSTACK P I) [1]
61.062: (PUT-DOWN P) [1]
62.063: (UNSTACK I D) [1]
63.064: (STACK I L) [1]
64.065: (UNSTACK F B) [1]
65.066: (STACK F D) [1]
66.067: (UNSTACK B K) [1]
67.068: (PUT-DOWN B) [1]
68.069: (PICK-UP K) [1]
69.070: (STACK K I) [1]
70.071: (UNSTACK K I) [1]
71.072: (STACK K F) [1]
72.073: (UNSTACK I L) [1]
73.074: (STACK I P) [1]
74.075: (UNSTACK L J) [1]
75.076: (STACK L B) [1]
76.077: (UNSTACK J H) [1]
77.078: (STACK J I) [1]
78.079: (UNSTACK H A) [1]
79.080: (STACK H J) [1]
80.081: (UNSTACK A N) [1]
81.082: (STACK A H) [1]
82.083: (UNSTACK N E) [1]
83.084: (STACK N A) [1]
84.085: (UNSTACK E M) [1]
85.086: (STACK E N) [1]
86.087: (UNSTACK M C) [1]
87.088: (STACK M E) [1]
88.089: (UNSTACK C O) [1]
89.090: (STACK C L) [1]
90.091: (UNSTACK O G) [1]
91.092: (PUT-DOWN O) [1]
92.093: (PICK-UP G) [1]
93.094: (STACK G K) [1]
94.095: (UNSTACK G K) [1]
95.096: (STACK G C) [1]
96.097: (UNSTACK K F) [1]
97.098: (PUT-DOWN K) [1]
98.099: (UNSTACK F D) [1]
99.100: (STACK F G) [1]
100.101: (UNSTACK M E) [1]
101.102: (STACK M K) [1]
102.103: (UNSTACK E N) [1]
103.104: (STACK E D) [1]
104.105: (UNSTACK N A) [1]
105.106: (STACK N O) [1]
106.107: (UNSTACK A H) [1]
107.108: (STACK A E) [1]
108.109: (UNSTACK H J) [1]
109.110: (STACK H A) [1]
110.111: (UNSTACK J I) [1]
111.112: (STACK J N) [1]
112.113: (UNSTACK I P) [1]
113.114: (PUT-DOWN I) [1]
114.115: (PICK-UP P) [1]
115.116: (STACK P F) [1]
116.117: (UNSTACK P F) [1]
117.118: (STACK P I) [1]
118.119: (UNSTACK F G) [1]
119.120: (STACK F J) [1]
120.121: (UNSTACK G C) [1]
121.122: (STACK G M) [1]
122.123: (UNSTACK C L) [1]
123.124: (STACK C F) [1]
124.125: (UNSTACK L B) [1]
125.126: (PUT-DOWN L) [1]
126.127: (PICK-UP B) [1]
127.128: (STACK B P) [1]
128.129: (UNSTACK H A) [1]
129.130: (STACK H C) [1]
130.131: (UNSTACK A E) [1]
131.132: (STACK A H) [1]
132.133: (UNSTACK E D) [1]
133.134: (PUT-DOWN E) [1]
134.135: (PICK-UP D) [1]
135.136: (STACK D B) [1]
136.137: (UNSTACK G M) [1]
137.138: (STACK G A) [1]
138.139: (PICK-UP E) [1]
139.140: (STACK E D) [1]
140.141: (UNSTACK M K) [1]
141.142: (STACK M L) [1]
142.143: (UNSTACK E D) [1]
143.144: (STACK E M) [1]
144.145: (UNSTACK G A) [1]
145.146: (STACK G K) [1]
146.147: (UNSTACK A H) [1]
147.148: (STACK A E) [1]
148.149: (UNSTACK H C) [1]
149.150: (STACK H A) [1]
150.151: (UNSTACK C F) [1]
151.152: (STACK C H) [1]
152.153: (UNSTACK F J) [1]
153.154: (STACK F G) [1]
154.155: (UNSTACK C H) [1]
155.156: (STACK C F) [1]
156.157: (UNSTACK J N) [1]
157.158: (STACK J H) [1]
158.159: (UNSTACK N O) [1]
159.160: (STACK N D) [1]
160.161: (UNSTACK C F) [1]
161.162: (STACK C O) [1]
162.163: (UNSTACK J H) [1]
163.164: (STACK J C) [1]
164.165: (UNSTACK H A) [1]
165.166: (STACK H J) [1]
166.167: (UNSTACK A E) [1]
167.168: (STACK A N) [1]
168.169: (UNSTACK H J) [1]
169.170: (STACK H A) [1]
170.171: (UNSTACK J C) [1]
171.172: (STACK J H) [1]
172.173: (UNSTACK E M) [1]
173.174: (STACK E J) [1]
174.175: (UNSTACK M L) [1]
175.176: (STACK M C) [1]
176.177: (UNSTACK E J) [1]
177.178: (STACK E M) [1]
178.179: (PICK-UP L) [1]
179.180: (STACK L F) [1]
180.181: (UNSTACK J H) [1]
181.182: (STACK J L) [1]
182.183: (UNSTACK H A) [1]
183.184: (STACK H J) [1]
184.185: (UNSTACK A N) [1]
185.186: (STACK A H) [1]
186.187: (UNSTACK N D) [1]
187.188: (STACK N E) [1]
188.189: (UNSTACK A H) [1]
189.190: (STACK A N) [1]
190.191: (UNSTACK H J) [1]
191.192: (STACK H A) [1]
192.193: (UNSTACK J L) [1]
193.194: (STACK J H) [1]
194.195: (UNSTACK L F) [1]
195.196: (STACK L J) [1]
196.197: (UNSTACK D B) [1]
197.198: (PUT-DOWN D) [1]
198.199: (UNSTACK B P) [1]
199.200: (STACK B D) [1]
200.201: (UNSTACK P I) [1]
201.202: (STACK P F) [1]
202.203: (PICK-UP I) [1]
203.204: (STACK I L) [1]
204.205: (UNSTACK P F) [1]
205.206: (STACK P B) [1]
206.207: (UNSTACK F G) [1]
207.208: (STACK F P) [1]
208.209: (UNSTACK G K) [1]
209.210: (STACK G F) [1]
210.211: (PICK-UP K) [1]
211.212: (STACK K I) [1]
212.213: (UNSTACK G F) [1]
213.214: (STACK G K) [1]
214.215: (UNSTACK F P) [1]
215.216: (STACK F G) [1]
216.217: (UNSTACK P B) [1]
217.218: (STACK P F) [1]
218.219: (UNSTACK B D) [1]
219.220: (STACK B P) [1]
220.221: (PICK-UP D) [1]
221.222: (STACK D B) [1]
__MEMKB 135392
