
ff: parsing domain file
domain 'PIPESWORLD_STRIPS' defined
 ... done.
ff: parsing problem file
problem 'P10-NET1-B14-G8_RT0_INSTANCE' defined
 ... done.


got 146 facts

Cueing down from goal distance:   28 into depth [1]
                                  24            [1]
                                  23            [1]
                                  21            [1]
                                  20            [1]
                                  19            [1]
                                  18            [1]
                                  16            [1]
                                  15            [1]
                                  14            [1]
                                  13            [1]
                                  12            [1]
                                  11            [1][2][3]
                                   9            [1][2][3][4][5][6]
                                   8            [1]
                                   7            [1][2][3][4][5][6][7][8]
                                   6            [1]
                                   5            [1]
                                   4            [1]

Enforced Hill-climbing failed !
switching to Best-first Search now.

advancing to distance :   28
                          24
                          22
                          21
                          20
                          18
                          16
                          15
                          14
                          12
                           9
                           8
                           7
                           6
                           4
                           3
                           2
                           1
                           0

ff: found legal plan as follows

step    0: POP-UNITARYPIPE S12 B5 A1 A2 B2 OCA1 GASOLEO TA1-1-GASOLEO TA2-2-OCA1
        1: POP-UNITARYPIPE S12 B1 A1 A2 B5 LCO OCA1 TA1-2-OCA1 TA2-3-LCO
        2: POP-UNITARYPIPE S13 B3 A1 A3 B7 LCO OCA1 TA1-1-OCA1 TA3-1-LCO
        3: POP-UNITARYPIPE S12 B4 A1 A2 B1 LCO LCO TA1-3-LCO TA2-2-LCO
        4: POP-UNITARYPIPE S12 B10 A1 A2 B4 OCA1 LCO TA1-2-LCO TA2-1-OCA1
        5: PUSH-UNITARYPIPE S13 B2 A1 A3 B3 GASOLEO LCO TA1-1-GASOLEO TA3-3-LCO
        6: POP-UNITARYPIPE S13 B12 A1 A3 B2 RAT-A GASOLEO TA1-1-GASOLEO TA3-2-RAT-A
        7: POP-UNITARYPIPE S13 B8 A1 A3 B12 RAT-A RAT-A TA1-2-RAT-A TA3-1-RAT-A
        8: POP-UNITARYPIPE S13 B3 A1 A3 B8 LCO RAT-A TA1-1-RAT-A TA3-3-LCO
        9: PUSH-UNITARYPIPE S13 B7 A1 A3 B3 OCA1 LCO TA1-2-OCA1 TA3-2-LCO
       10: POP-UNITARYPIPE S12 B6 A1 A2 B10 LCO OCA1 TA1-2-OCA1 TA2-1-LCO
       11: PUSH-UNITARYPIPE S13 B1 A1 A3 B7 LCO OCA1 TA1-3-LCO TA3-2-OCA1
       12: POP-UNITARYPIPE S12 B9 A1 A2 B6 RAT-A LCO TA1-3-LCO TA2-1-RAT-A
       13: PUSH-UNITARYPIPE S13 B10 A1 A3 B1 OCA1 LCO TA1-2-OCA1 TA3-3-LCO
       14: PUSH-UNITARYPIPE S13 B2 A1 A3 B10 GASOLEO OCA1 TA1-1-GASOLEO TA3-1-OCA1
       15: PUSH-UNITARYPIPE S12 B0 A1 A2 B9 LCO RAT-A TA1-2-LCO TA2-1-RAT-A
       16: PUSH-UNITARYPIPE S12 B8 A1 A2 B0 RAT-A LCO TA1-2-RAT-A TA2-3-LCO
       17: POP-UNITARYPIPE S12 B9 A1 A2 B8 RAT-A RAT-A TA1-2-RAT-A TA2-1-RAT-A
       18: PUSH-UNITARYPIPE S13 B12 A1 A3 B2 RAT-A GASOLEO TA1-1-RAT-A TA3-1-GASOLEO
       19: POP-UNITARYPIPE S12 B11 A1 A2 B9 GASOLEO RAT-A TA1-1-RAT-A TA2-1-GASOLEO
       20: PUSH-UNITARYPIPE S12 B8 A1 A2 B11 RAT-A GASOLEO TA1-2-RAT-A TA2-1-GASOLEO
       21: POP-UNITARYPIPE S13 B1 A1 A3 B12 LCO RAT-A TA1-2-RAT-A TA3-3-LCO
       22: PUSH-UNITARYPIPE S13 B9 A1 A3 B1 RAT-A LCO TA1-2-RAT-A TA3-3-LCO
       23: PUSH-UNITARYPIPE S13 B4 A1 A3 B9 LCO RAT-A TA1-3-LCO TA3-2-RAT-A
       24: POP-UNITARYPIPE S13 B1 A1 A3 B4 LCO LCO TA1-2-LCO TA3-3-LCO
       25: PUSH-UNITARYPIPE S12 B12 A1 A2 B8 RAT-A RAT-A TA1-1-RAT-A TA2-1-RAT-A
       26: POP-UNITARYPIPE S12 B13 A1 A2 B12 RAT-A RAT-A TA1-2-RAT-A TA2-2-RAT-A
       27: POP-UNITARYPIPE S12 B8 A1 A2 B13 RAT-A RAT-A TA1-1-RAT-A TA2-1-RAT-A
       28: PUSH-UNITARYPIPE S12 B12 A1 A2 B8 RAT-A RAT-A TA1-2-RAT-A TA2-2-RAT-A
       29: PUSH-UNITARYPIPE S12 B13 A1 A2 B12 RAT-A RAT-A TA1-1-RAT-A TA2-1-RAT-A
     

time spent:    0.00 seconds instantiating 3460 easy, 0 hard action templates
               0.00 seconds reachability analysis, yielding 148 facts and 3460 actions
               0.00 seconds creating final representation with 146 relevant facts
               0.00 seconds building connectivity graph
              17.17 seconds searching, evaluating 69549 states, to a max depth of 8
              17.17 seconds total time

__MEMKB 42112
