---SatPlan Version: 1.1

bb: parsing domain file
domain 'GROUNDED-PATHWAYS-PROPOSITIONAL' defined
 ... done.
bb: parsing problem file
problem 'GROUNDED-PATHWAYS-06' defined
 ... done.


time:   0,    36 facts and       0 exclusive pairs
              71 ops   and     665 exclusive pairs
time:   1,    72 facts and     666 exclusive pairs

creating thin gp-based encoding...
plan graph layer 0...
plan graph layer 1...
goal constraints...

goal fact not coded - level too low??


bb: parsing domain file
domain 'GROUNDED-PATHWAYS-PROPOSITIONAL' defined
 ... done.
bb: parsing problem file
problem 'GROUNDED-PATHWAYS-06' defined
 ... done.


time:   0,    36 facts and       0 exclusive pairs
              71 ops   and     665 exclusive pairs
time:   1,    72 facts and     666 exclusive pairs
             177 ops   and    7666 exclusive pairs
time:   2,   108 facts and     738 exclusive pairs

creating thin gp-based encoding...
plan graph layer 0...
plan graph layer 1...
plan graph layer 2...
goal constraints...

goal fact not coded - level too low??


bb: parsing domain file
domain 'GROUNDED-PATHWAYS-PROPOSITIONAL' defined
 ... done.
bb: parsing problem file
problem 'GROUNDED-PATHWAYS-06' defined
 ... done.


time:   0,    36 facts and       0 exclusive pairs
              71 ops   and     665 exclusive pairs
time:   1,    72 facts and     666 exclusive pairs
             177 ops   and    7666 exclusive pairs
time:   2,   108 facts and     738 exclusive pairs
             248 ops   and   10573 exclusive pairs
time:   3,   109 facts and     146 exclusive pairs

creating thin gp-based encoding...
plan graph layer 0...
plan graph layer 1...
plan graph layer 2...
plan graph layer 3...
goal constraints...

goal fact not coded - level too low??


bb: parsing domain file
domain 'GROUNDED-PATHWAYS-PROPOSITIONAL' defined
 ... done.
bb: parsing problem file
problem 'GROUNDED-PATHWAYS-06' defined
 ... done.


time:   0,    36 facts and       0 exclusive pairs
              71 ops   and     665 exclusive pairs
time:   1,    72 facts and     666 exclusive pairs
             177 ops   and    7666 exclusive pairs
time:   2,   108 facts and     738 exclusive pairs
             248 ops   and   10573 exclusive pairs
time:   3,   109 facts and     146 exclusive pairs
             309 ops   and   15871 exclusive pairs
time:   4,   133 facts and     295 exclusive pairs

creating thin gp-based encoding...
plan graph layer 0...
plan graph layer 1...
plan graph layer 2...
plan graph layer 3...
plan graph layer 4...
goal constraints...

goal fact not coded - level too low??


bb: parsing domain file
domain 'GROUNDED-PATHWAYS-PROPOSITIONAL' defined
 ... done.
bb: parsing problem file
problem 'GROUNDED-PATHWAYS-06' defined
 ... done.


time:   0,    36 facts and       0 exclusive pairs
              71 ops   and     665 exclusive pairs
time:   1,    72 facts and     666 exclusive pairs
             177 ops   and    7666 exclusive pairs
time:   2,   108 facts and     738 exclusive pairs
             248 ops   and   10573 exclusive pairs
time:   3,   109 facts and     146 exclusive pairs
             309 ops   and   15871 exclusive pairs
time:   4,   133 facts and     295 exclusive pairs
             401 ops   and   25313 exclusive pairs
time:   5,   167 facts and     712 exclusive pairs

creating thin gp-based encoding...
plan graph layer 0...
plan graph layer 1...
plan graph layer 2...
plan graph layer 3...
plan graph layer 4...
plan graph layer 5...
goal constraints...

goal fact not coded - level too low??


bb: parsing domain file
domain 'GROUNDED-PATHWAYS-PROPOSITIONAL' defined
 ... done.
bb: parsing problem file
problem 'GROUNDED-PATHWAYS-06' defined
 ... done.


time:   0,    36 facts and       0 exclusive pairs
              71 ops   and     665 exclusive pairs
time:   1,    72 facts and     666 exclusive pairs
             177 ops   and    7666 exclusive pairs
time:   2,   108 facts and     738 exclusive pairs
             248 ops   and   10573 exclusive pairs
time:   3,   109 facts and     146 exclusive pairs
             309 ops   and   15871 exclusive pairs
time:   4,   133 facts and     295 exclusive pairs
             401 ops   and   25313 exclusive pairs
time:   5,   167 facts and     712 exclusive pairs
             495 ops   and   36850 exclusive pairs
time:   6,   191 facts and     893 exclusive pairs

creating thin gp-based encoding...
plan graph layer 0...
plan graph layer 1...
plan graph layer 2...
plan graph layer 3...
plan graph layer 4...
plan graph layer 5...
plan graph layer 6...
goal constraints...

goal fact not coded - level too low??


bb: parsing domain file
domain 'GROUNDED-PATHWAYS-PROPOSITIONAL' defined
 ... done.
bb: parsing problem file
problem 'GROUNDED-PATHWAYS-06' defined
 ... done.


time:   0,    36 facts and       0 exclusive pairs
              71 ops   and     665 exclusive pairs
time:   1,    72 facts and     666 exclusive pairs
             177 ops   and    7666 exclusive pairs
time:   2,   108 facts and     738 exclusive pairs
             248 ops   and   10573 exclusive pairs
time:   3,   109 facts and     146 exclusive pairs
             309 ops   and   15871 exclusive pairs
time:   4,   133 facts and     295 exclusive pairs
             401 ops   and   25313 exclusive pairs
time:   5,   167 facts and     712 exclusive pairs
             495 ops   and   36850 exclusive pairs
time:   6,   191 facts and     893 exclusive pairs
             572 ops   and   47999 exclusive pairs
time:   7,   207 facts and     705 exclusive pairs

creating thin gp-based encoding...
plan graph layer 0...
plan graph layer 1...
plan graph layer 2...
plan graph layer 3...
plan graph layer 4...
plan graph layer 5...
plan graph layer 6...
plan graph layer 7...
goal constraints...

goal fact not coded - level too low??


bb: parsing domain file
domain 'GROUNDED-PATHWAYS-PROPOSITIONAL' defined
 ... done.
bb: parsing problem file
problem 'GROUNDED-PATHWAYS-06' defined
 ... done.


time:   0,    36 facts and       0 exclusive pairs
              71 ops   and     665 exclusive pairs
time:   1,    72 facts and     666 exclusive pairs
             177 ops   and    7666 exclusive pairs
time:   2,   108 facts and     738 exclusive pairs
             248 ops   and   10573 exclusive pairs
time:   3,   109 facts and     146 exclusive pairs
             309 ops   and   15871 exclusive pairs
time:   4,   133 facts and     295 exclusive pairs
             401 ops   and   25313 exclusive pairs
time:   5,   167 facts and     712 exclusive pairs
             495 ops   and   36850 exclusive pairs
time:   6,   191 facts and     893 exclusive pairs
             572 ops   and   47999 exclusive pairs
time:   7,   207 facts and     705 exclusive pairs
             634 ops   and   59351 exclusive pairs
time:   8,   212 facts and     559 exclusive pairs

creating thin gp-based encoding...
plan graph layer 0...
plan graph layer 1...
plan graph layer 2...
plan graph layer 3...
plan graph layer 4...
plan graph layer 5...
plan graph layer 6...
plan graph layer 7...
plan graph layer 8...
goal constraints...
exclusion constraints layer 0...
exclusion constraints layer 1...
exclusion constraints layer 2...
exclusion constraints layer 3...
exclusion constraints layer 4...
exclusion constraints layer 5...
exclusion constraints layer 6...
exclusion constraints layer 7...
exclusion constraints layer 8...

DECISION LAYER 8, WRITING THIN GP-BASED ENCODING WITH 4142 VARS, 72817 CLAUSES.

time spent:    0.00 seconds instantiating 497 action templates
               0.00 seconds reachability analysis, yielding 214 facts and 497 actions
               0.00 seconds collecting 214 relevant facts
               0.00 seconds building connectivity graph
               0.00 seconds building (std) graph
               0.02 seconds CNF output time
               0.02 seconds total planner time (solving not included)


***Solving***


[ filemap ]
[ extract ]

variables : 4142
pure lits : 240

1-clauses : 8
2-clauses : 72059
3-clauses : 454
n-clauses : 296
discarded : 0

[ solve ]


unsatisfiable                             

[ stats ]

decisions : 0
conflicts : 1
time : ~0.01

***UNSAT***


bb: parsing domain file
domain 'GROUNDED-PATHWAYS-PROPOSITIONAL' defined
 ... done.
bb: parsing problem file
problem 'GROUNDED-PATHWAYS-06' defined
 ... done.


time:   0,    36 facts and       0 exclusive pairs
              71 ops   and     665 exclusive pairs
time:   1,    72 facts and     666 exclusive pairs
             177 ops   and    7666 exclusive pairs
time:   2,   108 facts and     738 exclusive pairs
             248 ops   and   10573 exclusive pairs
time:   3,   109 facts and     146 exclusive pairs
             309 ops   and   15871 exclusive pairs
time:   4,   133 facts and     295 exclusive pairs
             401 ops   and   25313 exclusive pairs
time:   5,   167 facts and     712 exclusive pairs
             495 ops   and   36850 exclusive pairs
time:   6,   191 facts and     893 exclusive pairs
             572 ops   and   47999 exclusive pairs
time:   7,   207 facts and     705 exclusive pairs
             634 ops   and   59351 exclusive pairs
time:   8,   212 facts and     559 exclusive pairs
             674 ops   and   70784 exclusive pairs
time:   9,   213 facts and     540 exclusive pairs

creating thin gp-based encoding...
plan graph layer 0...
plan graph layer 1...
plan graph layer 2...
plan graph layer 3...
plan graph layer 4...
plan graph layer 5...
plan graph layer 6...
plan graph layer 7...
plan graph layer 8...
plan graph layer 9...
goal constraints...
exclusion constraints layer 0...
exclusion constraints layer 1...
exclusion constraints layer 2...
exclusion constraints layer 3...
exclusion constraints layer 4...
exclusion constraints layer 5...
exclusion constraints layer 6...
exclusion constraints layer 7...
exclusion constraints layer 8...
exclusion constraints layer 9...

DECISION LAYER 9, WRITING THIN GP-BASED ENCODING WITH 5029 VARS, 92020 CLAUSES.

time spent:    0.00 seconds instantiating 497 action templates
               0.00 seconds reachability analysis, yielding 214 facts and 497 actions
               0.00 seconds collecting 214 relevant facts
               0.00 seconds building connectivity graph
               0.00 seconds building (std) graph
               0.03 seconds CNF output time
               0.03 seconds total planner time (solving not included)


***Solving***


[ filemap ]
[ extract ]

variables : 5029
pure lits : 241

1-clauses : 8
2-clauses : 91085
3-clauses : 576
n-clauses : 351
discarded : 0

[ solve ]


unsatisfiable                             

[ stats ]

decisions : 327
conflicts : 14
time : ~0.01

***UNSAT***


bb: parsing domain file
domain 'GROUNDED-PATHWAYS-PROPOSITIONAL' defined
 ... done.
bb: parsing problem file
problem 'GROUNDED-PATHWAYS-06' defined
 ... done.


time:   0,    36 facts and       0 exclusive pairs
              71 ops   and     665 exclusive pairs
time:   1,    72 facts and     666 exclusive pairs
             177 ops   and    7666 exclusive pairs
time:   2,   108 facts and     738 exclusive pairs
             248 ops   and   10573 exclusive pairs
time:   3,   109 facts and     146 exclusive pairs
             309 ops   and   15871 exclusive pairs
time:   4,   133 facts and     295 exclusive pairs
             401 ops   and   25313 exclusive pairs
time:   5,   167 facts and     712 exclusive pairs
             495 ops   and   36850 exclusive pairs
time:   6,   191 facts and     893 exclusive pairs
             572 ops   and   47999 exclusive pairs
time:   7,   207 facts and     705 exclusive pairs
             634 ops   and   59351 exclusive pairs
time:   8,   212 facts and     559 exclusive pairs
             674 ops   and   70784 exclusive pairs
time:   9,   213 facts and     540 exclusive pairs
             710 ops   and   83695 exclusive pairs
time:  10,   214 facts and     550 exclusive pairs

creating thin gp-based encoding...
plan graph layer 0...
plan graph layer 1...
plan graph layer 2...
plan graph layer 3...
plan graph layer 4...
plan graph layer 5...
plan graph layer 6...
plan graph layer 7...
plan graph layer 8...
plan graph layer 9...
plan graph layer 10...
goal constraints...
exclusion constraints layer 0...
exclusion constraints layer 1...
exclusion constraints layer 2...
exclusion constraints layer 3...
exclusion constraints layer 4...
exclusion constraints layer 5...
exclusion constraints layer 6...
exclusion constraints layer 7...
exclusion constraints layer 8...
exclusion constraints layer 9...
exclusion constraints layer 10...

DECISION LAYER 10, WRITING THIN GP-BASED ENCODING WITH 5953 VARS, 113475 CLAUSES.

time spent:    0.00 seconds instantiating 497 action templates
               0.00 seconds reachability analysis, yielding 214 facts and 497 actions
               0.00 seconds collecting 214 relevant facts
               0.00 seconds building connectivity graph
               0.00 seconds building (std) graph
               0.04 seconds CNF output time
               0.04 seconds total planner time (solving not included)


***Solving***


[ filemap ]
[ extract ]

variables : 5953
pure lits : 242

1-clauses : 8
2-clauses : 112362
3-clauses : 698
n-clauses : 407
discarded : 0

[ solve ]


unsatisfiable                             

[ stats ]

decisions : 6948
conflicts : 230
time : ~0.01

***UNSAT***


bb: parsing domain file
domain 'GROUNDED-PATHWAYS-PROPOSITIONAL' defined
 ... done.
bb: parsing problem file
problem 'GROUNDED-PATHWAYS-06' defined
 ... done.


time:   0,    36 facts and       0 exclusive pairs
              71 ops   and     665 exclusive pairs
time:   1,    72 facts and     666 exclusive pairs
             177 ops   and    7666 exclusive pairs
time:   2,   108 facts and     738 exclusive pairs
             248 ops   and   10573 exclusive pairs
time:   3,   109 facts and     146 exclusive pairs
             309 ops   and   15871 exclusive pairs
time:   4,   133 facts and     295 exclusive pairs
             401 ops   and   25313 exclusive pairs
time:   5,   167 facts and     712 exclusive pairs
             495 ops   and   36850 exclusive pairs
time:   6,   191 facts and     893 exclusive pairs
             572 ops   and   47999 exclusive pairs
time:   7,   207 facts and     705 exclusive pairs
             634 ops   and   59351 exclusive pairs
time:   8,   212 facts and     559 exclusive pairs
             674 ops   and   70784 exclusive pairs
time:   9,   213 facts and     540 exclusive pairs
             710 ops   and   83695 exclusive pairs
time:  10,   214 facts and     550 exclusive pairs
graph has leveled off at time step 11


             711 ops   and   84055 exclusive pairs
time:  11,   214 facts and     550 exclusive pairs

creating thin gp-based encoding...
plan graph layer 0...
plan graph layer 1...
plan graph layer 2...
plan graph layer 3...
plan graph layer 4...
plan graph layer 5...
plan graph layer 6...
plan graph layer 7...
plan graph layer 8...
plan graph layer 9...
plan graph layer 10...
plan graph layer 11...
goal constraints...
exclusion constraints layer 0...
exclusion constraints layer 1...
exclusion constraints layer 2...
exclusion constraints layer 3...
exclusion constraints layer 4...
exclusion constraints layer 5...
exclusion constraints layer 6...
exclusion constraints layer 7...
exclusion constraints layer 8...
exclusion constraints layer 9...
exclusion constraints layer 10...
exclusion constraints layer 11...

DECISION LAYER 11, WRITING THIN GP-BASED ENCODING WITH 6878 VARS, 134931 CLAUSES.

time spent:    0.00 seconds instantiating 497 action templates
               0.00 seconds reachability analysis, yielding 214 facts and 497 actions
               0.00 seconds collecting 214 relevant facts
               0.00 seconds building connectivity graph
               0.00 seconds building (std) graph
               0.06 seconds CNF output time
               0.06 seconds total planner time (solving not included)


***Solving***


[ filemap ]
[ extract ]

variables : 6878
pure lits : 242

1-clauses : 8
2-clauses : 133640
3-clauses : 820
n-clauses : 463
discarded : 0

[ solve ]


unsatisfiable                             

[ stats ]

decisions : 10049
conflicts : 1844
time : ~0.062

***UNSAT***


bb: parsing domain file
domain 'GROUNDED-PATHWAYS-PROPOSITIONAL' defined
 ... done.
bb: parsing problem file
problem 'GROUNDED-PATHWAYS-06' defined
 ... done.


time:   0,    36 facts and       0 exclusive pairs
              71 ops   and     665 exclusive pairs
time:   1,    72 facts and     666 exclusive pairs
             177 ops   and    7666 exclusive pairs
time:   2,   108 facts and     738 exclusive pairs
             248 ops   and   10573 exclusive pairs
time:   3,   109 facts and     146 exclusive pairs
             309 ops   and   15871 exclusive pairs
time:   4,   133 facts and     295 exclusive pairs
             401 ops   and   25313 exclusive pairs
time:   5,   167 facts and     712 exclusive pairs
             495 ops   and   36850 exclusive pairs
time:   6,   191 facts and     893 exclusive pairs
             572 ops   and   47999 exclusive pairs
time:   7,   207 facts and     705 exclusive pairs
             634 ops   and   59351 exclusive pairs
time:   8,   212 facts and     559 exclusive pairs
             674 ops   and   70784 exclusive pairs
time:   9,   213 facts and     540 exclusive pairs
             710 ops   and   83695 exclusive pairs
time:  10,   214 facts and     550 exclusive pairs
graph has leveled off at time step 11


             711 ops   and   84055 exclusive pairs
time:  11,   214 facts and     550 exclusive pairs
             711 ops   and   84055 exclusive pairs
time:  12,   214 facts and     550 exclusive pairs

creating thin gp-based encoding...
plan graph layer 0...
plan graph layer 1...
plan graph layer 2...
plan graph layer 3...
plan graph layer 4...
plan graph layer 5...
plan graph layer 6...
plan graph layer 7...
plan graph layer 8...
plan graph layer 9...
plan graph layer 10...
plan graph layer 11...
plan graph layer 12...
goal constraints...
exclusion constraints layer 0...
exclusion constraints layer 1...
exclusion constraints layer 2...
exclusion constraints layer 3...
exclusion constraints layer 4...
exclusion constraints layer 5...
exclusion constraints layer 6...
exclusion constraints layer 7...
exclusion constraints layer 8...
exclusion constraints layer 9...
exclusion constraints layer 10...
exclusion constraints layer 11...
exclusion constraints layer 12...

DECISION LAYER 12, WRITING THIN GP-BASED ENCODING WITH 7803 VARS, 156387 CLAUSES.

time spent:    0.00 seconds instantiating 497 action templates
               0.00 seconds reachability analysis, yielding 214 facts and 497 actions
               0.00 seconds collecting 214 relevant facts
               0.00 seconds building connectivity graph
               0.00 seconds building (std) graph
               0.06 seconds CNF output time
               0.06 seconds total planner time (solving not included)


***Solving***


[ filemap ]
[ extract ]

variables : 7803
pure lits : 242

1-clauses : 8
2-clauses : 154918
3-clauses : 942
n-clauses : 519
discarded : 0

[ solve ]


satisfiable                             

[ stats ]

decisions : 21603
conflicts : 5943
time : ~0.243


bb: parsing domain file
domain 'GROUNDED-PATHWAYS-PROPOSITIONAL' defined
 ... done.
bb: parsing problem file
problem 'GROUNDED-PATHWAYS-06' defined
 ... done.


time:   0,    36 facts and       0 exclusive pairs
              71 ops   and     665 exclusive pairs
time:   1,    72 facts and     666 exclusive pairs
             177 ops   and    7666 exclusive pairs
time:   2,   108 facts and     738 exclusive pairs
             248 ops   and   10573 exclusive pairs
time:   3,   109 facts and     146 exclusive pairs
             309 ops   and   15871 exclusive pairs
time:   4,   133 facts and     295 exclusive pairs
             401 ops   and   25313 exclusive pairs
time:   5,   167 facts and     712 exclusive pairs
             495 ops   and   36850 exclusive pairs
time:   6,   191 facts and     893 exclusive pairs
             572 ops   and   47999 exclusive pairs
time:   7,   207 facts and     705 exclusive pairs
             634 ops   and   59351 exclusive pairs
time:   8,   212 facts and     559 exclusive pairs
             674 ops   and   70784 exclusive pairs
time:   9,   213 facts and     540 exclusive pairs
             710 ops   and   83695 exclusive pairs
time:  10,   214 facts and     550 exclusive pairs
graph has leveled off at time step 11


             711 ops   and   84055 exclusive pairs
time:  11,   214 facts and     550 exclusive pairs
             711 ops   and   84055 exclusive pairs
time:  12,   214 facts and     550 exclusive pairs

creating thin gp-based encoding...
plan graph layer 0...
plan graph layer 1...
plan graph layer 2...
plan graph layer 3...
plan graph layer 4...
plan graph layer 5...
plan graph layer 6...
plan graph layer 7...
plan graph layer 8...
plan graph layer 9...
plan graph layer 10...
plan graph layer 11...
plan graph layer 12...
goal constraints...
exclusion constraints layer 0...
exclusion constraints layer 1...
exclusion constraints layer 2...
exclusion constraints layer 3...
exclusion constraints layer 4...
exclusion constraints layer 5...
exclusion constraints layer 6...
exclusion constraints layer 7...
exclusion constraints layer 8...
exclusion constraints layer 9...
exclusion constraints layer 10...
exclusion constraints layer 11...
exclusion constraints layer 12...

DECISION LAYER 12, WRITING THIN GP-BASED ENCODING WITH 7803 VARS, 156387 CLAUSES.

time spent:    0.00 seconds instantiating 497 action templates
               0.00 seconds reachability analysis, yielding 214 facts and 497 actions
               0.00 seconds collecting 214 relevant facts
               0.00 seconds building connectivity graph
               0.00 seconds building (std) graph
               0.04 seconds CNF output time
               0.04 seconds total planner time (solving not included)

Pruned:  0: (CHOOSE_WEE1_L10_L9) [1]
Pruned:  0: (CHOOSE_WEE1_L10_L9) [1]
Pruned:  0: (CHOOSE_WEE1_L10_L9) [1]
Pruned:  0: (CHOOSE_WEE1_L10_L9) [1]
Pruned:  0: (CHOOSE_WEE1_L10_L9) [1]
Pruned:  0: (CHOOSE_WEE1_L10_L9) [1]
Pruned:  0: (CHOOSE_WEE1_L10_L9) [1]
Pruned:  0: (CHOOSE_WEE1_L10_L9) [1]
Pruned:  0: (CHOOSE_WEE1_L10_L9) [1]
Pruned:  0: (CHOOSE_WEE1_L10_L9) [1]
Pruned:  0: (CHOOSE_WEE1_L10_L9) [1]
Pruned:  0: (CHOOSE_WEE1_L10_L9) [1]
Pruned:  0: (CHOOSE_WEE1_L10_L9) [1]
Pruned:  0: (CHOOSE_WEE1_L10_L9) [1]
Pruned:  0: (CHOOSE_WEE1_L10_L9) [1]
Pruned:  0: (CHOOSE_WEE1_L10_L9) [1]
Pruned:  0: (CHOOSE_WEE1_L10_L9) [1]
Pruned:  0: (CHOOSE_WEE1_L10_L9) [1]
Pruned:  0: (CHOOSE_WEE1_L10_L9) [1]
Pruned:  0: (CHOOSE_WEE1_L10_L9) [1]
Pruned:  0: (CHOOSE_WEE1_L10_L9) [1]
Pruned:  0: (CHOOSE_WEE1_L10_L9) [1]
Pruned:  0: (CHOOSE_WEE1_L10_L9) [1]
Pruned:  0: (CHOOSE_WEE1_L10_L9) [1]
Pruned:  0: (CHOOSE_WEE1_L10_L9) [1]
Pruned:  0: (CHOOSE_WEE1_L10_L9) [1]
Pruned:  0: (CHOOSE_WEE1_L10_L9) [1]
Pruned:  0: (CHOOSE_WEE1_L10_L9) [1]
Pruned:  0: (CHOOSE_WEE1_L10_L9) [1]
Pruned:  0: (CHOOSE_WEE1_L10_L9) [1]
Pruned:  0: (CHOOSE_WEE1_L10_L9) [1]
Pruned:  0: (CHOOSE_WEE1_L10_L9) [1]
Pruned:  0: (CHOOSE_WEE1_L10_L9) [1]
Pruned:  0: (CHOOSE_WEE1_L10_L9) [1]
Pruned:  0: (CHOOSE_WEE1_L10_L9) [1]
Pruned:  0: (CHOOSE_WEE1_L10_L9) [1]
Pruned:  0: (CHOOSE_WEE1_L10_L9) [1]
Pruned:  0: (CHOOSE_WEE1_L10_L9) [1]
Pruned:  0: (CHOOSE_WEE1_L10_L9) [1]
Pruned:  0: (CHOOSE_WEE1_L10_L9) [1]
Pruned:  0: (CHOOSE_WEE1_L10_L9) [1]
Pruned:  0: (CHOOSE_WEE1_L10_L9) [1]
Pruned:  0: (CHOOSE_WEE1_L10_L9) [1]
Pruned:  0: (CHOOSE_WEE1_L10_L9) [1]
Pruned:  0: (CHOOSE_WEE1_L10_L9) [1]
Pruned:  0: (CHOOSE_WEE1_L10_L9) [1]
Pruned:  0: (CHOOSE_WEE1_L10_L9) [1]
Pruned:  0: (CHOOSE_WEE1_L10_L9) [1]
Pruned:  0: (CHOOSE_WEE1_L10_L9) [1]
Pruned:  0: (CHOOSE_WEE1_L10_L9) [1]
Pruned:  0: (CHOOSE_WEE1_L10_L9) [1]
Pruned:  0: (CHOOSE_WEE1_L10_L9) [1]
Pruned:  0: (CHOOSE_WEE1_L10_L9) [1]
Pruned:  0: (CHOOSE_WEE1_L10_L9) [1]
Pruned:  0: (CHOOSE_WEE1_L10_L9) [1]
Pruned:  0: (CHOOSE_WEE1_L10_L9) [1]
Pruned:  0: (CHOOSE_WEE1_L10_L9) [1]
Pruned:  0: (CHOOSE_WEE1_L10_L9) [1]
Pruned:  0: (CHOOSE_WEE1_L10_L9) [1]
Pruned:  0: (CHOOSE_WEE1_L10_L9) [1]
Pruned:  0: (CHOOSE_WEE1_L10_L9) [1]
Pruned:  0: (CHOOSE_WEE1_L10_L9) [1]
Pruned:  0: (CHOOSE_WEE1_L10_L9) [1]
Pruned:  0: (CHOOSE_WEE1_L10_L9) [1]
Pruned:  0: (CHOOSE_WEE1_L10_L9) [1]
Pruned:  0: (CHOOSE_WEE1_L10_L9) [1]
Pruned:  0: (CHOOSE_WEE1_L10_L9) [1]
Pruned:  0: (CHOOSE_WEE1_L10_L9) [1]
Pruned:  0: (CHOOSE_WEE1_L10_L9) [1]
Pruned:  0: (CHOOSE_WEE1_L10_L9) [1]
Pruned:  0: (CHOOSE_WEE1_L10_L9) [1]
Pruned:  0: (CHOOSE_WEE1_L10_L9) [1]
Pruned:  0: (CHOOSE_WEE1_L10_L9) [1]
Pruned:  0: (CHOOSE_WEE1_L10_L9) [1]
Pruned:  0: (CHOOSE_WEE1_L10_L9) [1]
Pruned:  0: (CHOOSE_WEE1_L10_L9) [1]
Pruned:  0: (CHOOSE_WEE1_L10_L9) [1]
Pruned:  0: (CHOOSE_WEE1_L10_L9) [1]
Pruned:  0: (CHOOSE_WEE1_L10_L9) [1]
Pruned:  0: (CHOOSE_WEE1_L10_L9) [1]
Pruned:  0: (CHOOSE_WEE1_L10_L9) [1]
Pruned:  0: (CHOOSE_WEE1_L10_L9) [1]
Pruned:  0: (CHOOSE_WEE1_L10_L9) [1]
Pruned:  0: (CHOOSE_WEE1_L10_L9) [1]
Pruned:  0: (CHOOSE_WEE1_L10_L9) [1]
Pruned:  0: (CHOOSE_WEE1_L10_L9) [1]
Pruned:  0: (CHOOSE_WEE1_L10_L9) [1]
Pruned:  0: (CHOOSE_WEE1_L10_L9) [1]
Pruned:  0: (CHOOSE_WEE1_L10_L9) [1]
Pruned:  0: (CHOOSE_WEE1_L10_L9) [1]
Pruned:  0: (CHOOSE_WEE1_L10_L9) [1]
Pruned:  0: (CHOOSE_WEE1_L10_L9) [1]
Pruned:  0: (CHOOSE_WEE1_L10_L9) [1]
Pruned:  0: (CHOOSE_WEE1_L10_L9) [1]
Pruned:  0: (CHOOSE_WEE1_L10_L9) [1]
Pruned:  0: (CHOOSE_WEE1_L10_L9) [1]
Pruned:  0: (CHOOSE_WEE1_L10_L9) [1]
Pruned:  0: (CHOOSE_WEE1_L10_L9) [1]
Pruned:  0: (CHOOSE_WEE1_L10_L9) [1]
Pruned:  0: (CHOOSE_WEE1_L10_L9) [1]
Pruned:  0: (CHOOSE_WEE1_L10_L9) [1]
Pruned:  0: (CHOOSE_WEE1_L10_L9) [1]
Pruned:  0: (CHOOSE_WEE1_L10_L9) [1]
Pruned:  0: (CHOOSE_WEE1_L10_L9) [1]
Pruned:  0: (CHOOSE_WEE1_L10_L9) [1]
Pruned:  0: (CHOOSE_WEE1_L10_L9) [1]
Pruned:  0: (CHOOSE_WEE1_L10_L9) [1]
Pruned:  0: (CHOOSE_WEE1_L10_L9) [1]
Pruned:  0: (CHOOSE_WEE1_L10_L9) [1]
Pruned:  0: (CHOOSE_WEE1_L10_L9) [1]
Pruned:  0: (CHOOSE_WEE1_L10_L9) [1]
Pruned:  0: (CHOOSE_WEE1_L10_L9) [1]
Pruned:  0: (CHOOSE_WEE1_L10_L9) [1]
Pruned:  0: (CHOOSE_WEE1_L10_L9) [1]
Pruned:  0: (CHOOSE_WEE1_L10_L9) [1]
Pruned:  0: (CHOOSE_WEE1_L10_L9) [1]
Pruned:  0: (CHOOSE_WEE1_L10_L9) [1]
Pruned:  0: (CHOOSE_WEE1_L10_L9) [1]
Pruned:  0: (CHOOSE_WEE1_L10_L9) [1]
Pruned:  0: (CHOOSE_WEE1_L10_L9) [1]
Pruned:  0: (CHOOSE_WEE1_L10_L9) [1]
Pruned:  0: (CHOOSE_WEE1_L10_L9) [1]
Pruned:  0: (CHOOSE_WEE1_L10_L9) [1]
Pruned:  0: (CHOOSE_WEE1_L10_L9) [1]
Pruned:  0: (CHOOSE_WEE1_L10_L9) [1]
Pruned:  0: (CHOOSE_WEE1_L10_L9) [1]
Pruned:  0: (CHOOSE_WEE1_L10_L9) [1]
Pruned:  0: (CHOOSE_WEE1_L10_L9) [1]
Pruned:  0: (CHOOSE_WEE1_L10_L9) [1]
Pruned:  0: (CHOOSE_WEE1_L10_L9) [1]
Pruned:  0: (CHOOSE_WEE1_L10_L9) [1]
Pruned:  0: (CHOOSE_WEE1_L10_L9) [1]
Pruned:  0: (CHOOSE_WEE1_L10_L9) [1]
Pruned:  0: (CHOOSE_WEE1_L10_L9) [1]
Pruned:  0: (CHOOSE_WEE1_L10_L9) [1]
Pruned:  0: (CHOOSE_WEE1_L10_L9) [1]
Pruned:  0: (CHOOSE_WEE1_L10_L9) [1]
Pruned:  0: (CHOOSE_WEE1_L10_L9) [1]
Pruned:  0: (CHOOSE_WEE1_L10_L9) [1]
Pruned:  0: (CHOOSE_WEE1_L10_L9) [1]
Pruned:  0: (CHOOSE_WEE1_L10_L9) [1]
Pruned:  0: (CHOOSE_WEE1_L10_L9) [1]
Pruned:  0: (CHOOSE_WEE1_L10_L9) [1]
Pruned:  0: (CHOOSE_WEE1_L10_L9) [1]
Pruned:  0: (CHOOSE_WEE1_L10_L9) [1]
Pruned:  0: (CHOOSE_WEE1_L10_L9) [1]
Pruned:  0: (CHOOSE_WEE1_L10_L9) [1]
Pruned:  0: (CHOOSE_WEE1_L10_L9) [1]
Pruned:  0: (CHOOSE_WEE1_L10_L9) [1]
Pruned:  0: (CHOOSE_WEE1_L10_L9) [1]
Pruned:  0: (CHOOSE_WEE1_L10_L9) [1]
Pruned:  0: (CHOOSE_WEE1_L10_L9) [1]
Pruned:  0: (CHOOSE_WEE1_L10_L9) [1]
Pruned:  0: (CHOOSE_WEE1_L10_L9) [1]
Pruned:  0: (CHOOSE_WEE1_L10_L9) [1]
Pruned:  0: (CHOOSE_WEE1_L10_L9) [1]
Pruned:  0: (CHOOSE_WEE1_L10_L9) [1]
Pruned:  0: (CHOOSE_WEE1_L10_L9) [1]
Pruned:  0: (CHOOSE_WEE1_L10_L9) [1]
Pruned:  0: (CHOOSE_WEE1_L10_L9) [1]
Pruned:  0: (CHOOSE_WEE1_L10_L9) [1]
Pruned:  0: (CHOOSE_WEE1_L10_L9) [1]
Pruned:  0: (CHOOSE_WEE1_L10_L9) [1]
Pruned:  0: (CHOOSE_WEE1_L10_L9) [1]
Pruned:  0: (CHOOSE_WEE1_L10_L9) [1]
Pruned:  0: (CHOOSE_WEE1_L10_L9) [1]
Pruned:  0: (CHOOSE_WEE1_L10_L9) [1]
Pruned:  0: (CHOOSE_WEE1_L10_L9) [1]
Pruned:  0: (CHOOSE_WEE1_L10_L9) [1]
Pruned:  0: (CHOOSE_WEE1_L10_L9) [1]
Pruned:  0: (CHOOSE_WEE1_L10_L9) [1]
Pruned:  0: (CHOOSE_WEE1_L10_L9) [1]
Pruned:  0: (CHOOSE_WEE1_L10_L9) [1]
Pruned:  0: (CHOOSE_WEE1_L10_L9) [1]
Pruned:  0: (CHOOSE_WEE1_L10_L9) [1]
Pruned:  0: (CHOOSE_WEE1_L10_L9) [1]
Pruned:  0: (CHOOSE_WEE1_L10_L9) [1]
Pruned:  0: (CHOOSE_WEE1_L10_L9) [1]
Pruned:  0: (CHOOSE_WEE1_L10_L9) [1]
Pruned:  0: (CHOOSE_WEE1_L10_L9) [1]
Pruned:  0: (CHOOSE_WEE1_L10_L9) [1]
Pruned:  0: (CHOOSE_WEE1_L10_L9) [1]
Pruned:  0: (CHOOSE_WEE1_L10_L9) [1]
Pruned:  0: (CHOOSE_WEE1_L10_L9) [1]
Pruned:  0: (CHOOSE_WEE1_L10_L9) [1]
Pruned:  0: (CHOOSE_WEE1_L10_L9) [1]
Pruned:  0: (CHOOSE_WEE1_L10_L9) [1]
Pruned:  0: (CHOOSE_WEE1_L10_L9) [1]
Pruned:  0: (CHOOSE_WEE1_L10_L9) [1]
Pruned:  0: (CHOOSE_WEE1_L10_L9) [1]
Pruned:  0: (CHOOSE_WEE1_L10_L9) [1]
Pruned:  0: (CHOOSE_WEE1_L10_L9) [1]
Pruned:  0: (CHOOSE_WEE1_L10_L9) [1]
Pruned:  0: (CHOOSE_WEE1_L10_L9) [1]
Pruned:  0: (CHOOSE_WEE1_L10_L9) [1]
Pruned:  0: (CHOOSE_WEE1_L10_L9) [1]
Pruned:  0: (CHOOSE_WEE1_L10_L9) [1]
Pruned:  0: (CHOOSE_WEE1_L10_L9) [1]
Pruned:  0: (CHOOSE_WEE1_L10_L9) [1]
Pruned:  0: (CHOOSE_WEE1_L10_L9) [1]
Pruned:  0: (CHOOSE_WEE1_L10_L9) [1]
Pruned:  0: (CHOOSE_WEE1_L10_L9) [1]
Pruned:  0: (CHOOSE_WEE1_L10_L9) [1]
Pruned:  0: (CHOOSE_WEE1_L10_L9) [1]
Pruned:  0: (CHOOSE_WEE1_L10_L9) [1]
Pruned:  0: (CHOOSE_WEE1_L10_L9) [1]
Pruned:  0: (CHOOSE_WEE1_L10_L9) [1]
Pruned:  0: (CHOOSE_WEE1_L10_L9) [1]
Pruned:  0: (CHOOSE_WEE1_L10_L9) [1]
Pruned:  0: (CHOOSE_WEE1_L10_L9) [1]
Pruned:  0: (CHOOSE_WEE1_L10_L9) [1]
Pruned:  0: (CHOOSE_WEE1_L10_L9) [1]
Pruned:  0: (CHOOSE_WEE1_L10_L9) [1]
Pruned:  0: (CHOOSE_WEE1_L10_L9) [1]
Pruned:  0: (CHOOSE_WEE1_L10_L9) [1]
Pruned:  0: (CHOOSE_WEE1_L10_L9) [1]
Pruned:  0: (CHOOSE_WEE1_L10_L9) [1]
Pruned:  0: (CHOOSE_WEE1_L10_L9) [1]
Pruned:  0: (CHOOSE_WEE1_L10_L9) [1]
Pruned:  0: (CHOOSE_WEE1_L10_L9) [1]
Pruned:  0: (CHOOSE_WEE1_L10_L9) [1]
Pruned:  0: (CHOOSE_WEE1_L10_L9) [1]
Pruned:  0: (CHOOSE_WEE1_L10_L9) [1]
Pruned:  0: (CHOOSE_WEE1_L10_L9) [1]
Pruned:  0: (CHOOSE_WEE1_L10_L9) [1]
Pruned:  0: (CHOOSE_WEE1_L10_L9) [1]
Pruned:  0: (CHOOSE_WEE1_L10_L9) [1]
Pruned:  0: (CHOOSE_WEE1_L10_L9) [1]
Pruned:  0: (CHOOSE_WEE1_L10_L9) [1]
Pruned:  0: (CHOOSE_WEE1_L10_L9) [1]
Pruned:  0: (CHOOSE_WEE1_L10_L9) [1]
Pruned:  0: (CHOOSE_WEE1_L10_L9) [1]
Pruned:  0: (CHOOSE_WEE1_L10_L9) [1]
Pruned:  0: (CHOOSE_WEE1_L10_L9) [1]
Pruned:  0: (CHOOSE_WEE1_L10_L9) [1]
Pruned:  0: (CHOOSE_WEE1_L10_L9) [1]
Pruned:  0: (CHOOSE_WEE1_L10_L9) [1]
Pruned:  0: (CHOOSE_WEE1_L10_L9) [1]
Pruned:  0: (CHOOSE_WEE1_L10_L9) [1]
Pruned:  0: (CHOOSE_WEE1_L10_L9) [1]
Pruned:  0: (CHOOSE_WEE1_L10_L9) [1]
Pruned:  0: (CHOOSE_WEE1_L10_L9) [1]
Pruned:  0: (CHOOSE_WEE1_L10_L9) [1]
Pruned:  0: (CHOOSE_WEE1_L10_L9) [1]
Pruned:  0: (CHOOSE_WEE1_L10_L9) [1]
Pruned:  0: (CHOOSE_WEE1_L10_L9) [1]
Pruned:  0: (CHOOSE_WEE1_L10_L9) [1]
Pruned:  0: (CHOOSE_WEE1_L10_L9) [1]
Pruned:  0: (CHOOSE_WEE1_L10_L9) [1]
Pruned:  0: (CHOOSE_WEE1_L10_L9) [1]
Pruned:  0: (CHOOSE_WEE1_L10_L9) [1]
Pruned:  0: (CHOOSE_WEE1_L10_L9) [1]
Pruned:  0: (CHOOSE_WEE1_L10_L9) [1]
Pruned:  0: (CHOOSE_WEE1_L10_L9) [1]
Pruned:  0: (CHOOSE_WEE1_L10_L9) [1]
Pruned:  0: (CHOOSE_WEE1_L10_L9) [1]
Pruned:  0: (CHOOSE_WEE1_L10_L9) [1]
Pruned:  0: (CHOOSE_WEE1_L10_L9) [1]
Pruned:  0: (CHOOSE_WEE1_L10_L9) [1]
Pruned:  0: (CHOOSE_WEE1_L10_L9) [1]
Pruned:  0: (CHOOSE_WEE1_L10_L9) [1]
Pruned:  0: (CHOOSE_WEE1_L10_L9) [1]
Pruned:  0: (CHOOSE_WEE1_L10_L9) [1]
Pruned:  0: (CHOOSE_WEE1_L10_L9) [1]
Pruned:  0: (CHOOSE_WEE1_L10_L9) [1]
Pruned:  0: (CHOOSE_WEE1_L10_L9) [1]
Pruned:  0: (CHOOSE_WEE1_L10_L9) [1]
Pruned:  0: (CHOOSE_WEE1_L10_L9) [1]
Pruned:  0: (CHOOSE_WEE1_L10_L9) [1]
Pruned:  0: (CHOOSE_WEE1_L10_L9) [1]
Pruned:  0: (CHOOSE_WEE1_L10_L9) [1]
Pruned:  0: (CHOOSE_WEE1_L10_L9) [1]
Pruned:  0: (CHOOSE_WEE1_L10_L9) [1]
Pruned:  0: (CHOOSE_WEE1_L10_L9) [1]
Pruned:  0: (CHOOSE_WEE1_L10_L9) [1]
Pruned:  0: (CHOOSE_WEE1_L10_L9) [1]
Pruned:  0: (CHOOSE_WEE1_L10_L9) [1]
Pruned:  0: (CHOOSE_WEE1_L10_L9) [1]
Pruned:  0: (CHOOSE_WEE1_L10_L9) [1]
Pruned:  0: (CHOOSE_WEE1_L10_L9) [1]
Pruned:  0: (CHOOSE_WEE1_L10_L9) [1]
Pruned:  0: (CHOOSE_WEE1_L10_L9) [1]
Pruned:  0: (CHOOSE_WEE1_L10_L9) [1]
Pruned:  0: (CHOOSE_WEE1_L10_L9) [1]
Pruned:  0: (CHOOSE_WEE1_L10_L9) [1]
Pruned:  0: (CHOOSE_WEE1_L10_L9) [1]
Pruned:  0: (CHOOSE_WEE1_L10_L9) [1]
Pruned:  0: (CHOOSE_WEE1_L10_L9) [1]
Pruned:  0: (CHOOSE_WEE1_L10_L9) [1]
Pruned:  0: (CHOOSE_WEE1_L10_L9) [1]
Pruned:  0: (CHOOSE_WEE1_L10_L9) [1]
Pruned:  0: (CHOOSE_WEE1_L10_L9) [1]
Pruned:  0: (CHOOSE_WEE1_L10_L9) [1]
Pruned:  0: (CHOOSE_WEE1_L10_L9) [1]
Pruned:  0: (CHOOSE_WEE1_L10_L9) [1]
Pruned:  0: (CHOOSE_WEE1_L10_L9) [1]
Pruned:  0: (CHOOSE_WEE1_L10_L9) [1]
Pruned:  0: (CHOOSE_WEE1_L10_L9) [1]
Pruned:  0: (CHOOSE_WEE1_L10_L9) [1]
Pruned:  0: (CHOOSE_WEE1_L10_L9) [1]
Pruned:  0: (CHOOSE_WEE1_L10_L9) [1]
Pruned:  0: (CHOOSE_WEE1_L10_L9) [1]
Pruned:  0: (CHOOSE_WEE1_L10_L9) [1]
Pruned:  0: (CHOOSE_WEE1_L10_L9) [1]
Pruned:  0: (CHOOSE_WEE1_L10_L9) [1]
Pruned:  0: (CHOOSE_WEE1_L10_L9) [1]
Pruned:  0: (CHOOSE_WEE1_L10_L9) [1]
Pruned:  0: (CHOOSE_WEE1_L10_L9) [1]
Pruned:  0: (CHOOSE_WEE1_L10_L9) [1]
Pruned:  0: (CHOOSE_WEE1_L10_L9) [1]
Pruned:  0: (CHOOSE_WEE1_L10_L9) [1]
Pruned:  0: (CHOOSE_WEE1_L10_L9) [1]
Pruned:  0: (CHOOSE_WEE1_L10_L9) [1]
Pruned:  0: (CHOOSE_WEE1_L10_L9) [1]
Pruned:  0: (CHOOSE_WEE1_L10_L9) [1]
Pruned:  0: (CHOOSE_WEE1_L10_L9) [1]
Pruned:  0: (CHOOSE_WEE1_L10_L9) [1]
Pruned:  0: (CHOOSE_WEE1_L10_L9) [1]
Pruned:  0: (CHOOSE_WEE1_L10_L9) [1]
Pruned:  0: (CHOOSE_WEE1_L10_L9) [1]
Pruned:  0: (CHOOSE_WEE1_L10_L9) [1]
Pruned:  0: (CHOOSE_WEE1_L10_L9) [1]
Pruned:  0: (CHOOSE_WEE1_L10_L9) [1]
Pruned:  0: (CHOOSE_WEE1_L10_L9) [1]
Pruned:  0: (CHOOSE_WEE1_L10_L9) [1]
Pruned:  0: (CHOOSE_WEE1_L10_L9) [1]
Pruned:  0: (CHOOSE_WEE1_L10_L9) [1]
Pruned:  0: (CHOOSE_WEE1_L10_L9) [1]
Pruned:  0: (CHOOSE_WEE1_L10_L9) [1]
Pruned:  0: (CHOOSE_WEE1_L10_L9) [1]
Pruned:  0: (CHOOSE_WEE1_L10_L9) [1]
Pruned:  0: (CHOOSE_WEE1_L10_L9) [1]
Pruned:  0: (CHOOSE_WEE1_L10_L9) [1]
Pruned:  0: (CHOOSE_WEE1_L10_L9) [1]
Pruned:  0: (CHOOSE_WEE1_L10_L9) [1]
Pruned:  0: (CHOOSE_WEE1_L10_L9) [1]
Pruned:  0: (CHOOSE_WEE1_L10_L9) [1]
Pruned:  0: (CHOOSE_WEE1_L10_L9) [1]
Pruned:  0: (CHOOSE_WEE1_L10_L9) [1]
Pruned:  0: (CHOOSE_WEE1_L10_L9) [1]
Pruned:  0: (CHOOSE_WEE1_L10_L9) [1]
Pruned:  0: (CHOOSE_WEE1_L10_L9) [1]
Pruned:  0: (CHOOSE_WEE1_L10_L9) [1]
Pruned:  0: (CHOOSE_WEE1_L10_L9) [1]
Pruned:  0: (CHOOSE_WEE1_L10_L9) [1]
Pruned:  0: (CHOOSE_WEE1_L10_L9) [1]
Pruned:  0: (CHOOSE_WEE1_L10_L9) [1]
Pruned:  0: (CHOOSE_WEE1_L10_L9) [1]
Pruned:  0: (CHOOSE_WEE1_L10_L9) [1]
Pruned:  0: (CHOOSE_WEE1_L10_L9) [1]
Pruned:  0: (CHOOSE_WEE1_L10_L9) [1]
Pruned:  0: (CHOOSE_WEE1_L10_L9) [1]
Pruned:  0: (CHOOSE_WEE1_L10_L9) [1]
Pruned:  0: (CHOOSE_WEE1_L10_L9) [1]
Pruned:  0: (CHOOSE_WEE1_L10_L9) [1]
Pruned:  0: (CHOOSE_WEE1_L10_L9) [1]
Pruned:  0: (CHOOSE_WEE1_L10_L9) [1]
Pruned:  0: (CHOOSE_WEE1_L10_L9) [1]
Pruned:  0: (CHOOSE_WEE1_L10_L9) [1]
Pruned:  0: (CHOOSE_WEE1_L10_L9) [1]
Pruned:  0: (CHOOSE_WEE1_L10_L9) [1]
Pruned:  0: (CHOOSE_WEE1_L10_L9) [1]
Pruned:  0: (CHOOSE_WEE1_L10_L9) [1]
Pruned:  0: (CHOOSE_WEE1_L10_L9) [1]
Pruned:  0: (CHOOSE_WEE1_L10_L9) [1]
Pruned:  0: (CHOOSE_WEE1_L10_L9) [1]
Pruned:  0: (CHOOSE_WEE1_L10_L9) [1]
Pruned:  0: (CHOOSE_WEE1_L10_L9) [1]
Pruned:  0: (CHOOSE_WEE1_L10_L9) [1]
Pruned:  0: (CHOOSE_WEE1_L10_L9) [1]
Pruned:  0: (CHOOSE_WEE1_L10_L9) [1]
Pruned:  0: (CHOOSE_WEE1_L10_L9) [1]
Pruned:  0: (CHOOSE_WEE1_L10_L9) [1]
Pruned:  0: (CHOOSE_WEE1_L10_L9) [1]
Pruned:  0: (CHOOSE_WEE1_L10_L9) [1]
Pruned:  0: (CHOOSE_WEE1_L10_L9) [1]
Pruned:  0: (CHOOSE_WEE1_L10_L9) [1]
Pruned:  2: (INITIALIZE_GP) [1]
Pruned:  4: (SYNTHESIZE_SP1-GP_P19ARF) [1]
Pruned:  4: (SYNTHESIZE_SP1-GP_CYCEP1) [1]
Pruned:  4: (SYNTHESIZE_SP1-GP_CYCDP1) [1]
Pruned:  5: (SYNTHESIZE_SP1-GP_POL) [1]
Pruned:  5: (INITIALIZE_GP) [1]
Pruned:  6: (SYNTHESIZE_SP1-GP_POL) [1]
Pruned:  6: (SYNTHESIZE_SP1-GP_P107P1) [1]
Pruned:  6: (SYNTHESIZE_SP1-GP_CYCDP1) [1]
Pruned:  6: (SYNTHESIZE_SP1-GP_CYCA) [1]
Pruned:  6: (INITIALIZE_GP) [1]
Pruned:  6: (INITIALIZE_CDK46P1) [1]
Pruned:  7: (ASSOCIATE_CDK46P1_CYCDP1_CDK46P1-CYCDP1) [1]
Pruned:  7: (SYNTHESIZE_SP1-GP_POL) [1]
Pruned:  7: (SYNTHESIZE_SP1-GP_P19ARF) [1]
Pruned:  8: (SYNTHESIZE_SP1-GP_P19ARF) [1]
Pruned:  8: (INITIALIZE_SP1) [1]
Pruned:  8: (INITIALIZE_CDK2P1) [1]
Pruned:  9: (SYNTHESIZE_SP1-GP_P19ARF) [1]
Pruned:  9: (INITIALIZE_GP) [1]
Pruned:  10: (DUMMY-ACTION-5-2) [1]
Pruned:  10: (SYNTHESIZE_SP1-GP_POL) [1]
Pruned:  10: (SYNTHESIZE_SP1-GP_P19ARF) [1]
Pruned:  11: (SYNTHESIZE_SP1-GP_P19ARF) [1]
---SatPlan Version: 1.1
***SAT!***

Solved in 12 layers

Real Time: = 0.86
User Time: = 0.7
Syst Time: = 0.15

__MEMKB 14976
