---SatPlan Version: 1.1

bb: parsing domain file
domain 'GROUNDED-PATHWAYS-PROPOSITIONAL' defined
 ... done.
bb: parsing problem file
problem 'GROUNDED-PATHWAYS-07' defined
 ... done.


time:   0,    41 facts and       0 exclusive pairs
              81 ops   and     860 exclusive pairs
time:   1,    82 facts and     861 exclusive pairs

creating thin gp-based encoding...
plan graph layer 0...
plan graph layer 1...
goal constraints...

goal fact not coded - level too low??


bb: parsing domain file
domain 'GROUNDED-PATHWAYS-PROPOSITIONAL' defined
 ... done.
bb: parsing problem file
problem 'GROUNDED-PATHWAYS-07' defined
 ... done.


time:   0,    41 facts and       0 exclusive pairs
              81 ops   and     860 exclusive pairs
time:   1,    82 facts and     861 exclusive pairs
             202 ops   and    9961 exclusive pairs
time:   2,   123 facts and     943 exclusive pairs

creating thin gp-based encoding...
plan graph layer 0...
plan graph layer 1...
plan graph layer 2...
goal constraints...

goal fact not coded - level too low??


bb: parsing domain file
domain 'GROUNDED-PATHWAYS-PROPOSITIONAL' defined
 ... done.
bb: parsing problem file
problem 'GROUNDED-PATHWAYS-07' defined
 ... done.


time:   0,    41 facts and       0 exclusive pairs
              81 ops   and     860 exclusive pairs
time:   1,    82 facts and     861 exclusive pairs
             202 ops   and    9961 exclusive pairs
time:   2,   123 facts and     943 exclusive pairs
             291 ops   and   14363 exclusive pairs
time:   3,   128 facts and     170 exclusive pairs

creating thin gp-based encoding...
plan graph layer 0...
plan graph layer 1...
plan graph layer 2...
plan graph layer 3...
goal constraints...

goal fact not coded - level too low??


bb: parsing domain file
domain 'GROUNDED-PATHWAYS-PROPOSITIONAL' defined
 ... done.
bb: parsing problem file
problem 'GROUNDED-PATHWAYS-07' defined
 ... done.


time:   0,    41 facts and       0 exclusive pairs
              81 ops   and     860 exclusive pairs
time:   1,    82 facts and     861 exclusive pairs
             202 ops   and    9961 exclusive pairs
time:   2,   123 facts and     943 exclusive pairs
             291 ops   and   14363 exclusive pairs
time:   3,   128 facts and     170 exclusive pairs
             371 ops   and   21352 exclusive pairs
time:   4,   164 facts and     409 exclusive pairs

creating thin gp-based encoding...
plan graph layer 0...
plan graph layer 1...
plan graph layer 2...
plan graph layer 3...
plan graph layer 4...
goal constraints...

goal fact not coded - level too low??


bb: parsing domain file
domain 'GROUNDED-PATHWAYS-PROPOSITIONAL' defined
 ... done.
bb: parsing problem file
problem 'GROUNDED-PATHWAYS-07' defined
 ... done.


time:   0,    41 facts and       0 exclusive pairs
              81 ops   and     860 exclusive pairs
time:   1,    82 facts and     861 exclusive pairs
             202 ops   and    9961 exclusive pairs
time:   2,   123 facts and     943 exclusive pairs
             291 ops   and   14363 exclusive pairs
time:   3,   128 facts and     170 exclusive pairs
             371 ops   and   21352 exclusive pairs
time:   4,   164 facts and     409 exclusive pairs
             474 ops   and   33207 exclusive pairs
time:   5,   192 facts and     753 exclusive pairs

creating thin gp-based encoding...
plan graph layer 0...
plan graph layer 1...
plan graph layer 2...
plan graph layer 3...
plan graph layer 4...
plan graph layer 5...
goal constraints...

goal fact not coded - level too low??


bb: parsing domain file
domain 'GROUNDED-PATHWAYS-PROPOSITIONAL' defined
 ... done.
bb: parsing problem file
problem 'GROUNDED-PATHWAYS-07' defined
 ... done.


time:   0,    41 facts and       0 exclusive pairs
              81 ops   and     860 exclusive pairs
time:   1,    82 facts and     861 exclusive pairs
             202 ops   and    9961 exclusive pairs
time:   2,   123 facts and     943 exclusive pairs
             291 ops   and   14363 exclusive pairs
time:   3,   128 facts and     170 exclusive pairs
             371 ops   and   21352 exclusive pairs
time:   4,   164 facts and     409 exclusive pairs
             474 ops   and   33207 exclusive pairs
time:   5,   192 facts and     753 exclusive pairs
             572 ops   and   47244 exclusive pairs
time:   6,   211 facts and     631 exclusive pairs

creating thin gp-based encoding...
plan graph layer 0...
plan graph layer 1...
plan graph layer 2...
plan graph layer 3...
plan graph layer 4...
plan graph layer 5...
plan graph layer 6...
goal constraints...

goal fact not coded - level too low??


bb: parsing domain file
domain 'GROUNDED-PATHWAYS-PROPOSITIONAL' defined
 ... done.
bb: parsing problem file
problem 'GROUNDED-PATHWAYS-07' defined
 ... done.


time:   0,    41 facts and       0 exclusive pairs
              81 ops   and     860 exclusive pairs
time:   1,    82 facts and     861 exclusive pairs
             202 ops   and    9961 exclusive pairs
time:   2,   123 facts and     943 exclusive pairs
             291 ops   and   14363 exclusive pairs
time:   3,   128 facts and     170 exclusive pairs
             371 ops   and   21352 exclusive pairs
time:   4,   164 facts and     409 exclusive pairs
             474 ops   and   33207 exclusive pairs
time:   5,   192 facts and     753 exclusive pairs
             572 ops   and   47244 exclusive pairs
time:   6,   211 facts and     631 exclusive pairs
             671 ops   and   61960 exclusive pairs
time:   7,   252 facts and    1205 exclusive pairs

creating thin gp-based encoding...
plan graph layer 0...
plan graph layer 1...
plan graph layer 2...
plan graph layer 3...
plan graph layer 4...
plan graph layer 5...
plan graph layer 6...
plan graph layer 7...
goal constraints...

goal fact not coded - level too low??


bb: parsing domain file
domain 'GROUNDED-PATHWAYS-PROPOSITIONAL' defined
 ... done.
bb: parsing problem file
problem 'GROUNDED-PATHWAYS-07' defined
 ... done.


time:   0,    41 facts and       0 exclusive pairs
              81 ops   and     860 exclusive pairs
time:   1,    82 facts and     861 exclusive pairs
             202 ops   and    9961 exclusive pairs
time:   2,   123 facts and     943 exclusive pairs
             291 ops   and   14363 exclusive pairs
time:   3,   128 facts and     170 exclusive pairs
             371 ops   and   21352 exclusive pairs
time:   4,   164 facts and     409 exclusive pairs
             474 ops   and   33207 exclusive pairs
time:   5,   192 facts and     753 exclusive pairs
             572 ops   and   47244 exclusive pairs
time:   6,   211 facts and     631 exclusive pairs
             671 ops   and   61960 exclusive pairs
time:   7,   252 facts and    1205 exclusive pairs
             768 ops   and   80157 exclusive pairs
time:   8,   260 facts and    1053 exclusive pairs

creating thin gp-based encoding...
plan graph layer 0...
plan graph layer 1...
plan graph layer 2...
plan graph layer 3...
plan graph layer 4...
plan graph layer 5...
plan graph layer 6...
plan graph layer 7...
plan graph layer 8...
goal constraints...
exclusion constraints layer 0...
exclusion constraints layer 1...
exclusion constraints layer 2...
exclusion constraints layer 3...
exclusion constraints layer 4...
exclusion constraints layer 5...
exclusion constraints layer 6...
exclusion constraints layer 7...
exclusion constraints layer 8...

DECISION LAYER 8, WRITING THIN GP-BASED ENCODING WITH 4883 VARS, 93523 CLAUSES.

time spent:    0.00 seconds instantiating 597 action templates
               0.00 seconds reachability analysis, yielding 262 facts and 597 actions
               0.00 seconds collecting 262 relevant facts
               0.00 seconds building connectivity graph
               0.00 seconds building (std) graph
               0.04 seconds CNF output time
               0.04 seconds total planner time (solving not included)


***Solving***


[ filemap ]
[ extract ]

variables : 4883
pure lits : 290

1-clauses : 11
2-clauses : 92630
3-clauses : 506
n-clauses : 376
discarded : 0

[ solve ]


unsatisfiable                             

[ stats ]

decisions : 0
conflicts : 1
time : ~0.01

***UNSAT***


bb: parsing domain file
domain 'GROUNDED-PATHWAYS-PROPOSITIONAL' defined
 ... done.
bb: parsing problem file
problem 'GROUNDED-PATHWAYS-07' defined
 ... done.


time:   0,    41 facts and       0 exclusive pairs
              81 ops   and     860 exclusive pairs
time:   1,    82 facts and     861 exclusive pairs
             202 ops   and    9961 exclusive pairs
time:   2,   123 facts and     943 exclusive pairs
             291 ops   and   14363 exclusive pairs
time:   3,   128 facts and     170 exclusive pairs
             371 ops   and   21352 exclusive pairs
time:   4,   164 facts and     409 exclusive pairs
             474 ops   and   33207 exclusive pairs
time:   5,   192 facts and     753 exclusive pairs
             572 ops   and   47244 exclusive pairs
time:   6,   211 facts and     631 exclusive pairs
             671 ops   and   61960 exclusive pairs
time:   7,   252 facts and    1205 exclusive pairs
             768 ops   and   80157 exclusive pairs
time:   8,   260 facts and    1053 exclusive pairs
             817 ops   and   93629 exclusive pairs
time:   9,   261 facts and     610 exclusive pairs

creating thin gp-based encoding...
plan graph layer 0...
plan graph layer 1...
plan graph layer 2...
plan graph layer 3...
plan graph layer 4...
plan graph layer 5...
plan graph layer 6...
plan graph layer 7...
plan graph layer 8...
plan graph layer 9...
goal constraints...
exclusion constraints layer 0...
exclusion constraints layer 1...
exclusion constraints layer 2...
exclusion constraints layer 3...
exclusion constraints layer 4...
exclusion constraints layer 5...
exclusion constraints layer 6...
exclusion constraints layer 7...
exclusion constraints layer 8...
exclusion constraints layer 9...

DECISION LAYER 9, WRITING THIN GP-BASED ENCODING WITH 5961 VARS, 118210 CLAUSES.

time spent:    0.00 seconds instantiating 597 action templates
               0.00 seconds reachability analysis, yielding 262 facts and 597 actions
               0.00 seconds collecting 262 relevant facts
               0.00 seconds building connectivity graph
               0.00 seconds building (std) graph
               0.05 seconds CNF output time
               0.05 seconds total planner time (solving not included)


***Solving***


[ filemap ]
[ extract ]

variables : 5961
pure lits : 291

1-clauses : 11
2-clauses : 117097
3-clauses : 651
n-clauses : 451
discarded : 0

[ solve ]


unsatisfiable                             

[ stats ]

decisions : 0
conflicts : 1
time : ~0.01

***UNSAT***


bb: parsing domain file
domain 'GROUNDED-PATHWAYS-PROPOSITIONAL' defined
 ... done.
bb: parsing problem file
problem 'GROUNDED-PATHWAYS-07' defined
 ... done.


time:   0,    41 facts and       0 exclusive pairs
              81 ops   and     860 exclusive pairs
time:   1,    82 facts and     861 exclusive pairs
             202 ops   and    9961 exclusive pairs
time:   2,   123 facts and     943 exclusive pairs
             291 ops   and   14363 exclusive pairs
time:   3,   128 facts and     170 exclusive pairs
             371 ops   and   21352 exclusive pairs
time:   4,   164 facts and     409 exclusive pairs
             474 ops   and   33207 exclusive pairs
time:   5,   192 facts and     753 exclusive pairs
             572 ops   and   47244 exclusive pairs
time:   6,   211 facts and     631 exclusive pairs
             671 ops   and   61960 exclusive pairs
time:   7,   252 facts and    1205 exclusive pairs
             768 ops   and   80157 exclusive pairs
time:   8,   260 facts and    1053 exclusive pairs
             817 ops   and   93629 exclusive pairs
time:   9,   261 facts and     610 exclusive pairs
             858 ops   and  109428 exclusive pairs
time:  10,   262 facts and     618 exclusive pairs

creating thin gp-based encoding...
plan graph layer 0...
plan graph layer 1...
plan graph layer 2...
plan graph layer 3...
plan graph layer 4...
plan graph layer 5...
plan graph layer 6...
plan graph layer 7...
plan graph layer 8...
plan graph layer 9...
plan graph layer 10...
goal constraints...
exclusion constraints layer 0...
exclusion constraints layer 1...
exclusion constraints layer 2...
exclusion constraints layer 3...
exclusion constraints layer 4...
exclusion constraints layer 5...
exclusion constraints layer 6...
exclusion constraints layer 7...
exclusion constraints layer 8...
exclusion constraints layer 9...
exclusion constraints layer 10...

DECISION LAYER 10, WRITING THIN GP-BASED ENCODING WITH 7081 VARS, 145767 CLAUSES.

time spent:    0.00 seconds instantiating 597 action templates
               0.00 seconds reachability analysis, yielding 262 facts and 597 actions
               0.00 seconds collecting 262 relevant facts
               0.00 seconds building connectivity graph
               0.00 seconds building (std) graph
               0.06 seconds CNF output time
               0.06 seconds total planner time (solving not included)


***Solving***


[ filemap ]
[ extract ]

variables : 7081
pure lits : 292

1-clauses : 11
2-clauses : 144433
3-clauses : 796
n-clauses : 527
discarded : 0

[ solve ]


unsatisfiable                             

[ stats ]

decisions : 6231
conflicts : 206
time : ~0.01

***UNSAT***


bb: parsing domain file
domain 'GROUNDED-PATHWAYS-PROPOSITIONAL' defined
 ... done.
bb: parsing problem file
problem 'GROUNDED-PATHWAYS-07' defined
 ... done.


time:   0,    41 facts and       0 exclusive pairs
              81 ops   and     860 exclusive pairs
time:   1,    82 facts and     861 exclusive pairs
             202 ops   and    9961 exclusive pairs
time:   2,   123 facts and     943 exclusive pairs
             291 ops   and   14363 exclusive pairs
time:   3,   128 facts and     170 exclusive pairs
             371 ops   and   21352 exclusive pairs
time:   4,   164 facts and     409 exclusive pairs
             474 ops   and   33207 exclusive pairs
time:   5,   192 facts and     753 exclusive pairs
             572 ops   and   47244 exclusive pairs
time:   6,   211 facts and     631 exclusive pairs
             671 ops   and   61960 exclusive pairs
time:   7,   252 facts and    1205 exclusive pairs
             768 ops   and   80157 exclusive pairs
time:   8,   260 facts and    1053 exclusive pairs
             817 ops   and   93629 exclusive pairs
time:   9,   261 facts and     610 exclusive pairs
             858 ops   and  109428 exclusive pairs
time:  10,   262 facts and     618 exclusive pairs
graph has leveled off at time step 11


             859 ops   and  109836 exclusive pairs
time:  11,   262 facts and     618 exclusive pairs

creating thin gp-based encoding...
plan graph layer 0...
plan graph layer 1...
plan graph layer 2...
plan graph layer 3...
plan graph layer 4...
plan graph layer 5...
plan graph layer 6...
plan graph layer 7...
plan graph layer 8...
plan graph layer 9...
plan graph layer 10...
plan graph layer 11...
goal constraints...
exclusion constraints layer 0...
exclusion constraints layer 1...
exclusion constraints layer 2...
exclusion constraints layer 3...
exclusion constraints layer 4...
exclusion constraints layer 5...
exclusion constraints layer 6...
exclusion constraints layer 7...
exclusion constraints layer 8...
exclusion constraints layer 9...
exclusion constraints layer 10...
exclusion constraints layer 11...

DECISION LAYER 11, WRITING THIN GP-BASED ENCODING WITH 8202 VARS, 173325 CLAUSES.

time spent:    0.00 seconds instantiating 597 action templates
               0.00 seconds reachability analysis, yielding 262 facts and 597 actions
               0.00 seconds collecting 262 relevant facts
               0.00 seconds building connectivity graph
               0.00 seconds building (std) graph
               0.08 seconds CNF output time
               0.08 seconds total planner time (solving not included)


***Solving***


[ filemap ]
[ extract ]

variables : 8202
pure lits : 292

1-clauses : 11
2-clauses : 171770
3-clauses : 941
n-clauses : 603
discarded : 0

[ solve ]


unsatisfiable                             

[ stats ]

decisions : 9005
conflicts : 2085
time : ~0.052

***UNSAT***


bb: parsing domain file
domain 'GROUNDED-PATHWAYS-PROPOSITIONAL' defined
 ... done.
bb: parsing problem file
problem 'GROUNDED-PATHWAYS-07' defined
 ... done.


time:   0,    41 facts and       0 exclusive pairs
              81 ops   and     860 exclusive pairs
time:   1,    82 facts and     861 exclusive pairs
             202 ops   and    9961 exclusive pairs
time:   2,   123 facts and     943 exclusive pairs
             291 ops   and   14363 exclusive pairs
time:   3,   128 facts and     170 exclusive pairs
             371 ops   and   21352 exclusive pairs
time:   4,   164 facts and     409 exclusive pairs
             474 ops   and   33207 exclusive pairs
time:   5,   192 facts and     753 exclusive pairs
             572 ops   and   47244 exclusive pairs
time:   6,   211 facts and     631 exclusive pairs
             671 ops   and   61960 exclusive pairs
time:   7,   252 facts and    1205 exclusive pairs
             768 ops   and   80157 exclusive pairs
time:   8,   260 facts and    1053 exclusive pairs
             817 ops   and   93629 exclusive pairs
time:   9,   261 facts and     610 exclusive pairs
             858 ops   and  109428 exclusive pairs
time:  10,   262 facts and     618 exclusive pairs
graph has leveled off at time step 11


             859 ops   and  109836 exclusive pairs
time:  11,   262 facts and     618 exclusive pairs
             859 ops   and  109836 exclusive pairs
time:  12,   262 facts and     618 exclusive pairs

creating thin gp-based encoding...
plan graph layer 0...
plan graph layer 1...
plan graph layer 2...
plan graph layer 3...
plan graph layer 4...
plan graph layer 5...
plan graph layer 6...
plan graph layer 7...
plan graph layer 8...
plan graph layer 9...
plan graph layer 10...
plan graph layer 11...
plan graph layer 12...
goal constraints...
exclusion constraints layer 0...
exclusion constraints layer 1...
exclusion constraints layer 2...
exclusion constraints layer 3...
exclusion constraints layer 4...
exclusion constraints layer 5...
exclusion constraints layer 6...
exclusion constraints layer 7...
exclusion constraints layer 8...
exclusion constraints layer 9...
exclusion constraints layer 10...
exclusion constraints layer 11...
exclusion constraints layer 12...

DECISION LAYER 12, WRITING THIN GP-BASED ENCODING WITH 9323 VARS, 200883 CLAUSES.

time spent:    0.00 seconds instantiating 597 action templates
               0.00 seconds reachability analysis, yielding 262 facts and 597 actions
               0.00 seconds collecting 262 relevant facts
               0.01 seconds building connectivity graph
               0.00 seconds building (std) graph
               0.08 seconds CNF output time
               0.09 seconds total planner time (solving not included)


***Solving***


[ filemap ]
[ extract ]

variables : 9323
pure lits : 292

1-clauses : 11
2-clauses : 199107
3-clauses : 1086
n-clauses : 679
discarded : 0

[ solve ]


unsatisfiable                             

[ stats ]

decisions : 34174
conflicts : 16995
time : ~1.232

***UNSAT***


bb: parsing domain file
domain 'GROUNDED-PATHWAYS-PROPOSITIONAL' defined
 ... done.
bb: parsing problem file
problem 'GROUNDED-PATHWAYS-07' defined
 ... done.


time:   0,    41 facts and       0 exclusive pairs
              81 ops   and     860 exclusive pairs
time:   1,    82 facts and     861 exclusive pairs
             202 ops   and    9961 exclusive pairs
time:   2,   123 facts and     943 exclusive pairs
             291 ops   and   14363 exclusive pairs
time:   3,   128 facts and     170 exclusive pairs
             371 ops   and   21352 exclusive pairs
time:   4,   164 facts and     409 exclusive pairs
             474 ops   and   33207 exclusive pairs
time:   5,   192 facts and     753 exclusive pairs
             572 ops   and   47244 exclusive pairs
time:   6,   211 facts and     631 exclusive pairs
             671 ops   and   61960 exclusive pairs
time:   7,   252 facts and    1205 exclusive pairs
             768 ops   and   80157 exclusive pairs
time:   8,   260 facts and    1053 exclusive pairs
             817 ops   and   93629 exclusive pairs
time:   9,   261 facts and     610 exclusive pairs
             858 ops   and  109428 exclusive pairs
time:  10,   262 facts and     618 exclusive pairs
graph has leveled off at time step 11


             859 ops   and  109836 exclusive pairs
time:  11,   262 facts and     618 exclusive pairs
             859 ops   and  109836 exclusive pairs
time:  12,   262 facts and     618 exclusive pairs
             859 ops   and  109836 exclusive pairs
time:  13,   262 facts and     618 exclusive pairs

creating thin gp-based encoding...
plan graph layer 0...
plan graph layer 1...
plan graph layer 2...
plan graph layer 3...
plan graph layer 4...
plan graph layer 5...
plan graph layer 6...
plan graph layer 7...
plan graph layer 8...
plan graph layer 9...
plan graph layer 10...
plan graph layer 11...
plan graph layer 12...
plan graph layer 13...
goal constraints...
exclusion constraints layer 0...
exclusion constraints layer 1...
exclusion constraints layer 2...
exclusion constraints layer 3...
exclusion constraints layer 4...
exclusion constraints layer 5...
exclusion constraints layer 6...
exclusion constraints layer 7...
exclusion constraints layer 8...
exclusion constraints layer 9...
exclusion constraints layer 10...
exclusion constraints layer 11...
exclusion constraints layer 12...
exclusion constraints layer 13...

DECISION LAYER 13, WRITING THIN GP-BASED ENCODING WITH 10444 VARS, 228441 CLAUSES.

time spent:    0.00 seconds instantiating 597 action templates
               0.00 seconds reachability analysis, yielding 262 facts and 597 actions
               0.00 seconds collecting 262 relevant facts
               0.00 seconds building connectivity graph
               0.00 seconds building (std) graph
               0.10 seconds CNF output time
               0.10 seconds total planner time (solving not included)


***Solving***


[ filemap ]
[ extract ]

variables : 10444
pure lits : 292

1-clauses : 11
2-clauses : 226444
3-clauses : 1231
n-clauses : 755
discarded : 0

[ solve ]


satisfiable                             

[ stats ]

decisions : 108601
conflicts : 74204
time : ~8.546


bb: parsing domain file
domain 'GROUNDED-PATHWAYS-PROPOSITIONAL' defined
 ... done.
bb: parsing problem file
problem 'GROUNDED-PATHWAYS-07' defined
 ... done.


time:   0,    41 facts and       0 exclusive pairs
              81 ops   and     860 exclusive pairs
time:   1,    82 facts and     861 exclusive pairs
             202 ops   and    9961 exclusive pairs
time:   2,   123 facts and     943 exclusive pairs
             291 ops   and   14363 exclusive pairs
time:   3,   128 facts and     170 exclusive pairs
             371 ops   and   21352 exclusive pairs
time:   4,   164 facts and     409 exclusive pairs
             474 ops   and   33207 exclusive pairs
time:   5,   192 facts and     753 exclusive pairs
             572 ops   and   47244 exclusive pairs
time:   6,   211 facts and     631 exclusive pairs
             671 ops   and   61960 exclusive pairs
time:   7,   252 facts and    1205 exclusive pairs
             768 ops   and   80157 exclusive pairs
time:   8,   260 facts and    1053 exclusive pairs
             817 ops   and   93629 exclusive pairs
time:   9,   261 facts and     610 exclusive pairs
             858 ops   and  109428 exclusive pairs
time:  10,   262 facts and     618 exclusive pairs
graph has leveled off at time step 11


             859 ops   and  109836 exclusive pairs
time:  11,   262 facts and     618 exclusive pairs
             859 ops   and  109836 exclusive pairs
time:  12,   262 facts and     618 exclusive pairs
             859 ops   and  109836 exclusive pairs
time:  13,   262 facts and     618 exclusive pairs

creating thin gp-based encoding...
plan graph layer 0...
plan graph layer 1...
plan graph layer 2...
plan graph layer 3...
plan graph layer 4...
plan graph layer 5...
plan graph layer 6...
plan graph layer 7...
plan graph layer 8...
plan graph layer 9...
plan graph layer 10...
plan graph layer 11...
plan graph layer 12...
plan graph layer 13...
goal constraints...
exclusion constraints layer 0...
exclusion constraints layer 1...
exclusion constraints layer 2...
exclusion constraints layer 3...
exclusion constraints layer 4...
exclusion constraints layer 5...
exclusion constraints layer 6...
exclusion constraints layer 7...
exclusion constraints layer 8...
exclusion constraints layer 9...
exclusion constraints layer 10...
exclusion constraints layer 11...
exclusion constraints layer 12...
exclusion constraints layer 13...

DECISION LAYER 13, WRITING THIN GP-BASED ENCODING WITH 10444 VARS, 228441 CLAUSES.

time spent:    0.00 seconds instantiating 597 action templates
               0.00 seconds reachability analysis, yielding 262 facts and 597 actions
               0.00 seconds collecting 262 relevant facts
               0.00 seconds building connectivity graph
               0.00 seconds building (std) graph
               0.08 seconds CNF output time
               0.08 seconds total planner time (solving not included)

Pruned:  0: (CHOOSE_SP1_L10_L9) [1]
Pruned:  0: (CHOOSE_SP1_L10_L9) [1]
Pruned:  0: (CHOOSE_SP1_L10_L9) [1]
Pruned:  0: (CHOOSE_SP1_L10_L9) [1]
Pruned:  0: (CHOOSE_SP1_L10_L9) [1]
Pruned:  0: (CHOOSE_SP1_L10_L9) [1]
Pruned:  0: (CHOOSE_SP1_L10_L9) [1]
Pruned:  0: (CHOOSE_SP1_L10_L9) [1]
Pruned:  0: (CHOOSE_SP1_L10_L9) [1]
Pruned:  0: (CHOOSE_SP1_L10_L9) [1]
Pruned:  0: (CHOOSE_SP1_L10_L9) [1]
Pruned:  0: (CHOOSE_SP1_L10_L9) [1]
Pruned:  0: (CHOOSE_SP1_L10_L9) [1]
Pruned:  0: (CHOOSE_SP1_L10_L9) [1]
Pruned:  0: (CHOOSE_SP1_L10_L9) [1]
Pruned:  0: (CHOOSE_SP1_L10_L9) [1]
Pruned:  0: (CHOOSE_SP1_L10_L9) [1]
Pruned:  0: (CHOOSE_SP1_L10_L9) [1]
Pruned:  0: (CHOOSE_SP1_L10_L9) [1]
Pruned:  0: (CHOOSE_SP1_L10_L9) [1]
Pruned:  0: (CHOOSE_SP1_L10_L9) [1]
Pruned:  0: (CHOOSE_SP1_L10_L9) [1]
Pruned:  0: (CHOOSE_SP1_L10_L9) [1]
Pruned:  0: (CHOOSE_SP1_L10_L9) [1]
Pruned:  0: (CHOOSE_SP1_L10_L9) [1]
Pruned:  0: (CHOOSE_SP1_L10_L9) [1]
Pruned:  0: (CHOOSE_SP1_L10_L9) [1]
Pruned:  0: (CHOOSE_SP1_L10_L9) [1]
Pruned:  0: (CHOOSE_SP1_L10_L9) [1]
Pruned:  0: (CHOOSE_SP1_L10_L9) [1]
Pruned:  0: (CHOOSE_SP1_L10_L9) [1]
Pruned:  0: (CHOOSE_SP1_L10_L9) [1]
Pruned:  0: (CHOOSE_SP1_L10_L9) [1]
Pruned:  0: (CHOOSE_SP1_L10_L9) [1]
Pruned:  0: (CHOOSE_SP1_L10_L9) [1]
Pruned:  0: (CHOOSE_SP1_L10_L9) [1]
Pruned:  0: (CHOOSE_SP1_L10_L9) [1]
Pruned:  0: (CHOOSE_SP1_L10_L9) [1]
Pruned:  0: (CHOOSE_SP1_L10_L9) [1]
Pruned:  0: (CHOOSE_SP1_L10_L9) [1]
Pruned:  0: (CHOOSE_SP1_L10_L9) [1]
Pruned:  0: (CHOOSE_SP1_L10_L9) [1]
Pruned:  0: (CHOOSE_SP1_L10_L9) [1]
Pruned:  0: (CHOOSE_SP1_L10_L9) [1]
Pruned:  0: (CHOOSE_SP1_L10_L9) [1]
Pruned:  0: (CHOOSE_SP1_L10_L9) [1]
Pruned:  0: (CHOOSE_SP1_L10_L9) [1]
Pruned:  0: (CHOOSE_SP1_L10_L9) [1]
Pruned:  0: (CHOOSE_SP1_L10_L9) [1]
Pruned:  0: (CHOOSE_SP1_L10_L9) [1]
Pruned:  0: (CHOOSE_SP1_L10_L9) [1]
Pruned:  0: (CHOOSE_SP1_L10_L9) [1]
Pruned:  0: (CHOOSE_SP1_L10_L9) [1]
Pruned:  0: (CHOOSE_SP1_L10_L9) [1]
Pruned:  0: (CHOOSE_SP1_L10_L9) [1]
Pruned:  0: (CHOOSE_SP1_L10_L9) [1]
Pruned:  0: (CHOOSE_SP1_L10_L9) [1]
Pruned:  0: (CHOOSE_SP1_L10_L9) [1]
Pruned:  0: (CHOOSE_SP1_L10_L9) [1]
Pruned:  0: (CHOOSE_SP1_L10_L9) [1]
Pruned:  0: (CHOOSE_SP1_L10_L9) [1]
Pruned:  0: (CHOOSE_SP1_L10_L9) [1]
Pruned:  0: (CHOOSE_SP1_L10_L9) [1]
Pruned:  0: (CHOOSE_SP1_L10_L9) [1]
Pruned:  0: (CHOOSE_SP1_L10_L9) [1]
Pruned:  0: (CHOOSE_SP1_L10_L9) [1]
Pruned:  0: (CHOOSE_SP1_L10_L9) [1]
Pruned:  0: (CHOOSE_SP1_L10_L9) [1]
Pruned:  0: (CHOOSE_SP1_L10_L9) [1]
Pruned:  0: (CHOOSE_SP1_L10_L9) [1]
Pruned:  0: (CHOOSE_SP1_L10_L9) [1]
Pruned:  0: (CHOOSE_SP1_L10_L9) [1]
Pruned:  0: (CHOOSE_SP1_L10_L9) [1]
Pruned:  0: (CHOOSE_SP1_L10_L9) [1]
Pruned:  0: (CHOOSE_SP1_L10_L9) [1]
Pruned:  0: (CHOOSE_SP1_L10_L9) [1]
Pruned:  0: (CHOOSE_SP1_L10_L9) [1]
Pruned:  0: (CHOOSE_SP1_L10_L9) [1]
Pruned:  0: (CHOOSE_SP1_L10_L9) [1]
Pruned:  0: (CHOOSE_SP1_L10_L9) [1]
Pruned:  0: (CHOOSE_SP1_L10_L9) [1]
Pruned:  0: (CHOOSE_SP1_L10_L9) [1]
Pruned:  0: (CHOOSE_SP1_L10_L9) [1]
Pruned:  0: (CHOOSE_SP1_L10_L9) [1]
Pruned:  0: (CHOOSE_SP1_L10_L9) [1]
Pruned:  0: (CHOOSE_SP1_L10_L9) [1]
Pruned:  0: (CHOOSE_SP1_L10_L9) [1]
Pruned:  0: (CHOOSE_SP1_L10_L9) [1]
Pruned:  0: (CHOOSE_SP1_L10_L9) [1]
Pruned:  0: (CHOOSE_SP1_L10_L9) [1]
Pruned:  0: (CHOOSE_SP1_L10_L9) [1]
Pruned:  0: (CHOOSE_SP1_L10_L9) [1]
Pruned:  0: (CHOOSE_SP1_L10_L9) [1]
Pruned:  0: (CHOOSE_SP1_L10_L9) [1]
Pruned:  0: (CHOOSE_SP1_L10_L9) [1]
Pruned:  0: (CHOOSE_SP1_L10_L9) [1]
Pruned:  0: (CHOOSE_SP1_L10_L9) [1]
Pruned:  0: (CHOOSE_SP1_L10_L9) [1]
Pruned:  0: (CHOOSE_SP1_L10_L9) [1]
Pruned:  0: (CHOOSE_SP1_L10_L9) [1]
Pruned:  0: (CHOOSE_SP1_L10_L9) [1]
Pruned:  0: (CHOOSE_SP1_L10_L9) [1]
Pruned:  0: (CHOOSE_SP1_L10_L9) [1]
Pruned:  0: (CHOOSE_SP1_L10_L9) [1]
Pruned:  0: (CHOOSE_SP1_L10_L9) [1]
Pruned:  0: (CHOOSE_SP1_L10_L9) [1]
Pruned:  0: (CHOOSE_SP1_L10_L9) [1]
Pruned:  0: (CHOOSE_SP1_L10_L9) [1]
Pruned:  0: (CHOOSE_SP1_L10_L9) [1]
Pruned:  0: (CHOOSE_SP1_L10_L9) [1]
Pruned:  0: (CHOOSE_SP1_L10_L9) [1]
Pruned:  0: (CHOOSE_SP1_L10_L9) [1]
Pruned:  0: (CHOOSE_SP1_L10_L9) [1]
Pruned:  0: (CHOOSE_SP1_L10_L9) [1]
Pruned:  0: (CHOOSE_SP1_L10_L9) [1]
Pruned:  0: (CHOOSE_SP1_L10_L9) [1]
Pruned:  0: (CHOOSE_SP1_L10_L9) [1]
Pruned:  0: (CHOOSE_SP1_L10_L9) [1]
Pruned:  0: (CHOOSE_SP1_L10_L9) [1]
Pruned:  0: (CHOOSE_SP1_L10_L9) [1]
Pruned:  0: (CHOOSE_SP1_L10_L9) [1]
Pruned:  0: (CHOOSE_SP1_L10_L9) [1]
Pruned:  0: (CHOOSE_SP1_L10_L9) [1]
Pruned:  0: (CHOOSE_SP1_L10_L9) [1]
Pruned:  0: (CHOOSE_SP1_L10_L9) [1]
Pruned:  0: (CHOOSE_SP1_L10_L9) [1]
Pruned:  0: (CHOOSE_SP1_L10_L9) [1]
Pruned:  0: (CHOOSE_SP1_L10_L9) [1]
Pruned:  0: (CHOOSE_SP1_L10_L9) [1]
Pruned:  0: (CHOOSE_SP1_L10_L9) [1]
Pruned:  0: (CHOOSE_SP1_L10_L9) [1]
Pruned:  0: (CHOOSE_SP1_L10_L9) [1]
Pruned:  0: (CHOOSE_SP1_L10_L9) [1]
Pruned:  0: (CHOOSE_SP1_L10_L9) [1]
Pruned:  0: (CHOOSE_SP1_L10_L9) [1]
Pruned:  0: (CHOOSE_SP1_L10_L9) [1]
Pruned:  0: (CHOOSE_SP1_L10_L9) [1]
Pruned:  0: (CHOOSE_SP1_L10_L9) [1]
Pruned:  0: (CHOOSE_SP1_L10_L9) [1]
Pruned:  0: (CHOOSE_SP1_L10_L9) [1]
Pruned:  0: (CHOOSE_SP1_L10_L9) [1]
Pruned:  0: (CHOOSE_SP1_L10_L9) [1]
Pruned:  0: (CHOOSE_SP1_L10_L9) [1]
Pruned:  0: (CHOOSE_SP1_L10_L9) [1]
Pruned:  0: (CHOOSE_SP1_L10_L9) [1]
Pruned:  0: (CHOOSE_SP1_L10_L9) [1]
Pruned:  0: (CHOOSE_SP1_L10_L9) [1]
Pruned:  0: (CHOOSE_SP1_L10_L9) [1]
Pruned:  0: (CHOOSE_SP1_L10_L9) [1]
Pruned:  0: (CHOOSE_SP1_L10_L9) [1]
Pruned:  0: (CHOOSE_SP1_L10_L9) [1]
Pruned:  0: (CHOOSE_SP1_L10_L9) [1]
Pruned:  0: (CHOOSE_SP1_L10_L9) [1]
Pruned:  0: (CHOOSE_SP1_L10_L9) [1]
Pruned:  0: (CHOOSE_SP1_L10_L9) [1]
Pruned:  0: (CHOOSE_SP1_L10_L9) [1]
Pruned:  0: (CHOOSE_SP1_L10_L9) [1]
Pruned:  0: (CHOOSE_SP1_L10_L9) [1]
Pruned:  0: (CHOOSE_SP1_L10_L9) [1]
Pruned:  0: (CHOOSE_SP1_L10_L9) [1]
Pruned:  0: (CHOOSE_SP1_L10_L9) [1]
Pruned:  0: (CHOOSE_SP1_L10_L9) [1]
Pruned:  0: (CHOOSE_SP1_L10_L9) [1]
Pruned:  0: (CHOOSE_SP1_L10_L9) [1]
Pruned:  0: (CHOOSE_SP1_L10_L9) [1]
Pruned:  0: (CHOOSE_SP1_L10_L9) [1]
Pruned:  0: (CHOOSE_SP1_L10_L9) [1]
Pruned:  0: (CHOOSE_SP1_L10_L9) [1]
Pruned:  0: (CHOOSE_SP1_L10_L9) [1]
Pruned:  0: (CHOOSE_SP1_L10_L9) [1]
Pruned:  0: (CHOOSE_SP1_L10_L9) [1]
Pruned:  0: (CHOOSE_SP1_L10_L9) [1]
Pruned:  0: (CHOOSE_SP1_L10_L9) [1]
Pruned:  0: (CHOOSE_SP1_L10_L9) [1]
Pruned:  0: (CHOOSE_SP1_L10_L9) [1]
Pruned:  0: (CHOOSE_SP1_L10_L9) [1]
Pruned:  0: (CHOOSE_SP1_L10_L9) [1]
Pruned:  0: (CHOOSE_SP1_L10_L9) [1]
Pruned:  0: (CHOOSE_SP1_L10_L9) [1]
Pruned:  0: (CHOOSE_SP1_L10_L9) [1]
Pruned:  0: (CHOOSE_SP1_L10_L9) [1]
Pruned:  0: (CHOOSE_SP1_L10_L9) [1]
Pruned:  0: (CHOOSE_SP1_L10_L9) [1]
Pruned:  0: (CHOOSE_SP1_L10_L9) [1]
Pruned:  0: (CHOOSE_SP1_L10_L9) [1]
Pruned:  0: (CHOOSE_SP1_L10_L9) [1]
Pruned:  0: (CHOOSE_SP1_L10_L9) [1]
Pruned:  0: (CHOOSE_SP1_L10_L9) [1]
Pruned:  0: (CHOOSE_SP1_L10_L9) [1]
Pruned:  0: (CHOOSE_SP1_L10_L9) [1]
Pruned:  0: (CHOOSE_SP1_L10_L9) [1]
Pruned:  0: (CHOOSE_SP1_L10_L9) [1]
Pruned:  0: (CHOOSE_SP1_L10_L9) [1]
Pruned:  0: (CHOOSE_SP1_L10_L9) [1]
Pruned:  0: (CHOOSE_SP1_L10_L9) [1]
Pruned:  0: (CHOOSE_SP1_L10_L9) [1]
Pruned:  0: (CHOOSE_SP1_L10_L9) [1]
Pruned:  0: (CHOOSE_SP1_L10_L9) [1]
Pruned:  0: (CHOOSE_SP1_L10_L9) [1]
Pruned:  0: (CHOOSE_SP1_L10_L9) [1]
Pruned:  0: (CHOOSE_SP1_L10_L9) [1]
Pruned:  0: (CHOOSE_SP1_L10_L9) [1]
Pruned:  0: (CHOOSE_SP1_L10_L9) [1]
Pruned:  0: (CHOOSE_SP1_L10_L9) [1]
Pruned:  0: (CHOOSE_SP1_L10_L9) [1]
Pruned:  0: (CHOOSE_SP1_L10_L9) [1]
Pruned:  0: (CHOOSE_SP1_L10_L9) [1]
Pruned:  0: (CHOOSE_SP1_L10_L9) [1]
Pruned:  0: (CHOOSE_SP1_L10_L9) [1]
Pruned:  0: (CHOOSE_SP1_L10_L9) [1]
Pruned:  0: (CHOOSE_SP1_L10_L9) [1]
Pruned:  0: (CHOOSE_SP1_L10_L9) [1]
Pruned:  0: (CHOOSE_SP1_L10_L9) [1]
Pruned:  0: (CHOOSE_SP1_L10_L9) [1]
Pruned:  0: (CHOOSE_SP1_L10_L9) [1]
Pruned:  0: (CHOOSE_SP1_L10_L9) [1]
Pruned:  0: (CHOOSE_SP1_L10_L9) [1]
Pruned:  0: (CHOOSE_SP1_L10_L9) [1]
Pruned:  0: (CHOOSE_SP1_L10_L9) [1]
Pruned:  0: (CHOOSE_SP1_L10_L9) [1]
Pruned:  0: (CHOOSE_SP1_L10_L9) [1]
Pruned:  0: (CHOOSE_SP1_L10_L9) [1]
Pruned:  0: (CHOOSE_SP1_L10_L9) [1]
Pruned:  0: (CHOOSE_SP1_L10_L9) [1]
Pruned:  0: (CHOOSE_SP1_L10_L9) [1]
Pruned:  0: (CHOOSE_SP1_L10_L9) [1]
Pruned:  0: (CHOOSE_SP1_L10_L9) [1]
Pruned:  0: (CHOOSE_SP1_L10_L9) [1]
Pruned:  0: (CHOOSE_SP1_L10_L9) [1]
Pruned:  0: (CHOOSE_SP1_L10_L9) [1]
Pruned:  0: (CHOOSE_SP1_L10_L9) [1]
Pruned:  0: (CHOOSE_SP1_L10_L9) [1]
Pruned:  0: (CHOOSE_SP1_L10_L9) [1]
Pruned:  0: (CHOOSE_SP1_L10_L9) [1]
Pruned:  0: (CHOOSE_SP1_L10_L9) [1]
Pruned:  0: (CHOOSE_SP1_L10_L9) [1]
Pruned:  0: (CHOOSE_SP1_L10_L9) [1]
Pruned:  0: (CHOOSE_SP1_L10_L9) [1]
Pruned:  0: (CHOOSE_SP1_L10_L9) [1]
Pruned:  0: (CHOOSE_SP1_L10_L9) [1]
Pruned:  0: (CHOOSE_SP1_L10_L9) [1]
Pruned:  0: (CHOOSE_SP1_L10_L9) [1]
Pruned:  0: (CHOOSE_SP1_L10_L9) [1]
Pruned:  0: (CHOOSE_SP1_L10_L9) [1]
Pruned:  0: (CHOOSE_SP1_L10_L9) [1]
Pruned:  0: (CHOOSE_SP1_L10_L9) [1]
Pruned:  0: (CHOOSE_SP1_L10_L9) [1]
Pruned:  0: (CHOOSE_SP1_L10_L9) [1]
Pruned:  0: (CHOOSE_SP1_L10_L9) [1]
Pruned:  0: (CHOOSE_SP1_L10_L9) [1]
Pruned:  0: (CHOOSE_SP1_L10_L9) [1]
Pruned:  0: (CHOOSE_SP1_L10_L9) [1]
Pruned:  0: (CHOOSE_SP1_L10_L9) [1]
Pruned:  0: (CHOOSE_SP1_L10_L9) [1]
Pruned:  0: (CHOOSE_SP1_L10_L9) [1]
Pruned:  0: (CHOOSE_SP1_L10_L9) [1]
Pruned:  0: (CHOOSE_SP1_L10_L9) [1]
Pruned:  0: (CHOOSE_SP1_L10_L9) [1]
Pruned:  0: (CHOOSE_SP1_L10_L9) [1]
Pruned:  0: (CHOOSE_SP1_L10_L9) [1]
Pruned:  0: (CHOOSE_SP1_L10_L9) [1]
Pruned:  0: (CHOOSE_SP1_L10_L9) [1]
Pruned:  0: (CHOOSE_SP1_L10_L9) [1]
Pruned:  0: (CHOOSE_SP1_L10_L9) [1]
Pruned:  0: (CHOOSE_SP1_L10_L9) [1]
Pruned:  0: (CHOOSE_SP1_L10_L9) [1]
Pruned:  0: (CHOOSE_SP1_L10_L9) [1]
Pruned:  0: (CHOOSE_SP1_L10_L9) [1]
Pruned:  0: (CHOOSE_SP1_L10_L9) [1]
Pruned:  0: (CHOOSE_SP1_L10_L9) [1]
Pruned:  0: (CHOOSE_SP1_L10_L9) [1]
Pruned:  0: (CHOOSE_SP1_L10_L9) [1]
Pruned:  0: (CHOOSE_SP1_L10_L9) [1]
Pruned:  0: (CHOOSE_SP1_L10_L9) [1]
Pruned:  0: (CHOOSE_SP1_L10_L9) [1]
Pruned:  0: (CHOOSE_SP1_L10_L9) [1]
Pruned:  0: (CHOOSE_SP1_L10_L9) [1]
Pruned:  0: (CHOOSE_SP1_L10_L9) [1]
Pruned:  0: (CHOOSE_SP1_L10_L9) [1]
Pruned:  0: (CHOOSE_SP1_L10_L9) [1]
Pruned:  0: (CHOOSE_SP1_L10_L9) [1]
Pruned:  0: (CHOOSE_SP1_L10_L9) [1]
Pruned:  0: (CHOOSE_SP1_L10_L9) [1]
Pruned:  0: (CHOOSE_SP1_L10_L9) [1]
Pruned:  0: (CHOOSE_SP1_L10_L9) [1]
Pruned:  0: (CHOOSE_SP1_L10_L9) [1]
Pruned:  0: (CHOOSE_SP1_L10_L9) [1]
Pruned:  0: (CHOOSE_SP1_L10_L9) [1]
Pruned:  0: (CHOOSE_SP1_L10_L9) [1]
Pruned:  0: (CHOOSE_SP1_L10_L9) [1]
Pruned:  0: (CHOOSE_SP1_L10_L9) [1]
Pruned:  0: (CHOOSE_SP1_L10_L9) [1]
Pruned:  0: (CHOOSE_SP1_L10_L9) [1]
Pruned:  0: (CHOOSE_SP1_L10_L9) [1]
Pruned:  0: (CHOOSE_SP1_L10_L9) [1]
Pruned:  0: (CHOOSE_SP1_L10_L9) [1]
Pruned:  0: (CHOOSE_SP1_L10_L9) [1]
Pruned:  0: (CHOOSE_SP1_L10_L9) [1]
Pruned:  0: (CHOOSE_SP1_L10_L9) [1]
Pruned:  0: (CHOOSE_SP1_L10_L9) [1]
Pruned:  0: (CHOOSE_SP1_L10_L9) [1]
Pruned:  0: (CHOOSE_SP1_L10_L9) [1]
Pruned:  0: (CHOOSE_SP1_L10_L9) [1]
Pruned:  0: (CHOOSE_SP1_L10_L9) [1]
Pruned:  0: (CHOOSE_SP1_L10_L9) [1]
Pruned:  0: (CHOOSE_SP1_L10_L9) [1]
Pruned:  2: (INITIALIZE_E2F13-DP12) [1]
Pruned:  3: (INITIALIZE_E2F13-DP12) [1]
Pruned:  3: (INITIALIZE_CDK2P1) [1]
Pruned:  4: (INITIALIZE_CDK2P1) [1]
Pruned:  5: (SYNTHESIZE_E2F13-DP12-GE2_P19ARF) [1]
Pruned:  5: (SYNTHESIZE_E2F13-DP12-GE2_CYCDP1) [1]
Pruned:  5: (SYNTHESIZE_E2F13-DP12-GE2_CYCD) [1]
Pruned:  5: (SYNTHESIZE_P53P1_C-FOS) [1]
Pruned:  5: (INITIALIZE_P53P1) [1]
Pruned:  5: (INITIALIZE_CDK2P1) [1]
Pruned:  6: (SYNTHESIZE_E2F13-DP12-GE2_POL) [1]
Pruned:  6: (SYNTHESIZE_E2F13-DP12-GE2_P19ARF) [1]
Pruned:  6: (SYNTHESIZE_E2F13-DP12-GE2_CYCE) [1]
Pruned:  6: (SYNTHESIZE_P53P1_P21) [1]
Pruned:  6: (SYNTHESIZE_P53P1_GADD45) [1]
Pruned:  6: (INITIALIZE_P53P1) [1]
Pruned:  6: (INITIALIZE_E2F13-DP12) [1]
Pruned:  7: (SYNTHESIZE_E2F13-DP12-GE2_P19ARF) [1]
Pruned:  7: (INITIALIZE_P53P1) [1]
Pruned:  7: (INITIALIZE_E2F13-DP12) [1]
Pruned:  8: (SYNTHESIZE_E2F13-DP12-GE2_POL) [1]
Pruned:  8: (SYNTHESIZE_E2F13-DP12-GE2_P19ARF) [1]
Pruned:  8: (SYNTHESIZE_E2F13-DP12-GE2_CYCD) [1]
Pruned:  8: (SYNTHESIZE_E2F13-DP12-GE2_C-MYC) [1]
Pruned:  8: (INITIALIZE_P53P1) [1]
Pruned:  8: (INITIALIZE_P27) [1]
Pruned:  8: (INITIALIZE_E2F13-DP12) [1]
Pruned:  9: (SYNTHESIZE_E2F13-DP12-GE2_CYCDP1) [1]
Pruned:  9: (SYNTHESIZE_P53P1_C-FOS) [1]
Pruned:  9: (INITIALIZE_P53P1) [1]
Pruned:  9: (INITIALIZE_GE2) [1]
Pruned:  10: (DUMMY-ACTION-4-2) [1]
Pruned:  10: (DUMMY-ACTION-6-2) [1]
Pruned:  10: (SYNTHESIZE_E2F13-DP12-GE2_POL) [1]
Pruned:  10: (SYNTHESIZE_E2F13-DP12-GE2_P19ARF) [1]
Pruned:  10: (INITIALIZE_PCNA) [1]
Pruned:  10: (INITIALIZE_E2F13-DP12) [1]
Pruned:  11: (DUMMY-ACTION-5-2) [1]
Pruned:  11: (DUMMY-ACTION-9-2) [1]
Pruned:  11: (SYNTHESIZE_E2F13-DP12-GE2_POL) [1]
Pruned:  11: (SYNTHESIZE_E2F13-DP12-GE2_P19ARF) [1]
Pruned:  11: (SYNTHESIZE_E2F13-DP12-GE2_CYCEP1) [1]
Pruned:  11: (SYNTHESIZE_E2F13-DP12-GE2_CYCE) [1]
Pruned:  11: (SYNTHESIZE_E2F13-DP12-GE2_CYCD) [1]
Pruned:  11: (ASSOCIATE_PCNA_GADD45_PCNA-GADD45) [1]
Pruned:  11: (ASSOCIATE_E2F13-DP12_GE2_E2F13-DP12-GE2) [1]
Pruned:  11: (SYNTHESIZE_P53P1_MDM2) [1]
Pruned:  11: (SYNTHESIZE_P53P1_C-FOS) [1]
Pruned:  11: (INITIALIZE_CDK2) [1]
Pruned:  12: (DUMMY-ACTION-4-2) [1]
Pruned:  12: (DUMMY-ACTION-5-2) [1]
Pruned:  12: (SYNTHESIZE_E2F13-DP12-GE2_P19ARF) [1]
---SatPlan Version: 1.1
***SAT!***

Solved in 13 layers

Real Time: = 10.74
User Time: = 10.5
Syst Time: = 0.22

__MEMKB 45144
