---SatPlan Version: 1.1

bb: parsing domain file
domain 'GROUNDED-PATHWAYS-PROPOSITIONAL' defined
 ... done.
bb: parsing problem file
problem 'GROUNDED-PATHWAYS-13' defined
 ... done.


time:   0,    49 facts and       0 exclusive pairs
              97 ops   and    1224 exclusive pairs
time:   1,    98 facts and    1225 exclusive pairs

creating thin gp-based encoding...
plan graph layer 0...
plan graph layer 1...
goal constraints...

goal fact not coded - level too low??


bb: parsing domain file
domain 'GROUNDED-PATHWAYS-PROPOSITIONAL' defined
 ... done.
bb: parsing problem file
problem 'GROUNDED-PATHWAYS-13' defined
 ... done.


time:   0,    49 facts and       0 exclusive pairs
              97 ops   and    1224 exclusive pairs
time:   1,    98 facts and    1225 exclusive pairs
             242 ops   and   14257 exclusive pairs
time:   2,   147 facts and    1323 exclusive pairs

creating thin gp-based encoding...
plan graph layer 0...
plan graph layer 1...
plan graph layer 2...
goal constraints...

goal fact not coded - level too low??


bb: parsing domain file
domain 'GROUNDED-PATHWAYS-PROPOSITIONAL' defined
 ... done.
bb: parsing problem file
problem 'GROUNDED-PATHWAYS-13' defined
 ... done.


time:   0,    49 facts and       0 exclusive pairs
              97 ops   and    1224 exclusive pairs
time:   1,    98 facts and    1225 exclusive pairs
             242 ops   and   14257 exclusive pairs
time:   2,   147 facts and    1323 exclusive pairs
             343 ops   and   19887 exclusive pairs
time:   3,   152 facts and     206 exclusive pairs

creating thin gp-based encoding...
plan graph layer 0...
plan graph layer 1...
plan graph layer 2...
plan graph layer 3...
goal constraints...

goal fact not coded - level too low??


bb: parsing domain file
domain 'GROUNDED-PATHWAYS-PROPOSITIONAL' defined
 ... done.
bb: parsing problem file
problem 'GROUNDED-PATHWAYS-13' defined
 ... done.


time:   0,    49 facts and       0 exclusive pairs
              97 ops   and    1224 exclusive pairs
time:   1,    98 facts and    1225 exclusive pairs
             242 ops   and   14257 exclusive pairs
time:   2,   147 facts and    1323 exclusive pairs
             343 ops   and   19887 exclusive pairs
time:   3,   152 facts and     206 exclusive pairs
             434 ops   and   29743 exclusive pairs
time:   4,   190 facts and     465 exclusive pairs

creating thin gp-based encoding...
plan graph layer 0...
plan graph layer 1...
plan graph layer 2...
plan graph layer 3...
plan graph layer 4...
goal constraints...

goal fact not coded - level too low??


bb: parsing domain file
domain 'GROUNDED-PATHWAYS-PROPOSITIONAL' defined
 ... done.
bb: parsing problem file
problem 'GROUNDED-PATHWAYS-13' defined
 ... done.


time:   0,    49 facts and       0 exclusive pairs
              97 ops   and    1224 exclusive pairs
time:   1,    98 facts and    1225 exclusive pairs
             242 ops   and   14257 exclusive pairs
time:   2,   147 facts and    1323 exclusive pairs
             343 ops   and   19887 exclusive pairs
time:   3,   152 facts and     206 exclusive pairs
             434 ops   and   29743 exclusive pairs
time:   4,   190 facts and     465 exclusive pairs
             556 ops   and   46433 exclusive pairs
time:   5,   216 facts and     756 exclusive pairs

creating thin gp-based encoding...
plan graph layer 0...
plan graph layer 1...
plan graph layer 2...
plan graph layer 3...
plan graph layer 4...
plan graph layer 5...
goal constraints...

goal fact not coded - level too low??


bb: parsing domain file
domain 'GROUNDED-PATHWAYS-PROPOSITIONAL' defined
 ... done.
bb: parsing problem file
problem 'GROUNDED-PATHWAYS-13' defined
 ... done.


time:   0,    49 facts and       0 exclusive pairs
              97 ops   and    1224 exclusive pairs
time:   1,    98 facts and    1225 exclusive pairs
             242 ops   and   14257 exclusive pairs
time:   2,   147 facts and    1323 exclusive pairs
             343 ops   and   19887 exclusive pairs
time:   3,   152 facts and     206 exclusive pairs
             434 ops   and   29743 exclusive pairs
time:   4,   190 facts and     465 exclusive pairs
             556 ops   and   46433 exclusive pairs
time:   5,   216 facts and     756 exclusive pairs
             692 ops   and   69826 exclusive pairs
time:   6,   237 facts and     629 exclusive pairs

creating thin gp-based encoding...
plan graph layer 0...
plan graph layer 1...
plan graph layer 2...
plan graph layer 3...
plan graph layer 4...
plan graph layer 5...
plan graph layer 6...
goal constraints...

goal fact not coded - level too low??


bb: parsing domain file
domain 'GROUNDED-PATHWAYS-PROPOSITIONAL' defined
 ... done.
bb: parsing problem file
problem 'GROUNDED-PATHWAYS-13' defined
 ... done.


time:   0,    49 facts and       0 exclusive pairs
              97 ops   and    1224 exclusive pairs
time:   1,    98 facts and    1225 exclusive pairs
             242 ops   and   14257 exclusive pairs
time:   2,   147 facts and    1323 exclusive pairs
             343 ops   and   19887 exclusive pairs
time:   3,   152 facts and     206 exclusive pairs
             434 ops   and   29743 exclusive pairs
time:   4,   190 facts and     465 exclusive pairs
             556 ops   and   46433 exclusive pairs
time:   5,   216 facts and     756 exclusive pairs
             692 ops   and   69826 exclusive pairs
time:   6,   237 facts and     629 exclusive pairs
             792 ops   and   86677 exclusive pairs
time:   7,   269 facts and    1002 exclusive pairs

creating thin gp-based encoding...
plan graph layer 0...
plan graph layer 1...
plan graph layer 2...
plan graph layer 3...
plan graph layer 4...
plan graph layer 5...
plan graph layer 6...
plan graph layer 7...
goal constraints...

goal fact not coded - level too low??


bb: parsing domain file
domain 'GROUNDED-PATHWAYS-PROPOSITIONAL' defined
 ... done.
bb: parsing problem file
problem 'GROUNDED-PATHWAYS-13' defined
 ... done.


time:   0,    49 facts and       0 exclusive pairs
              97 ops   and    1224 exclusive pairs
time:   1,    98 facts and    1225 exclusive pairs
             242 ops   and   14257 exclusive pairs
time:   2,   147 facts and    1323 exclusive pairs
             343 ops   and   19887 exclusive pairs
time:   3,   152 facts and     206 exclusive pairs
             434 ops   and   29743 exclusive pairs
time:   4,   190 facts and     465 exclusive pairs
             556 ops   and   46433 exclusive pairs
time:   5,   216 facts and     756 exclusive pairs
             692 ops   and   69826 exclusive pairs
time:   6,   237 facts and     629 exclusive pairs
             792 ops   and   86677 exclusive pairs
time:   7,   269 facts and    1002 exclusive pairs
             905 ops   and  111638 exclusive pairs
time:   8,   281 facts and    1074 exclusive pairs

creating thin gp-based encoding...
plan graph layer 0...
plan graph layer 1...
plan graph layer 2...
plan graph layer 3...
plan graph layer 4...
plan graph layer 5...
plan graph layer 6...
plan graph layer 7...
plan graph layer 8...
goal constraints...

goal fact not coded - level too low??


bb: parsing domain file
domain 'GROUNDED-PATHWAYS-PROPOSITIONAL' defined
 ... done.
bb: parsing problem file
problem 'GROUNDED-PATHWAYS-13' defined
 ... done.


time:   0,    49 facts and       0 exclusive pairs
              97 ops   and    1224 exclusive pairs
time:   1,    98 facts and    1225 exclusive pairs
             242 ops   and   14257 exclusive pairs
time:   2,   147 facts and    1323 exclusive pairs
             343 ops   and   19887 exclusive pairs
time:   3,   152 facts and     206 exclusive pairs
             434 ops   and   29743 exclusive pairs
time:   4,   190 facts and     465 exclusive pairs
             556 ops   and   46433 exclusive pairs
time:   5,   216 facts and     756 exclusive pairs
             692 ops   and   69826 exclusive pairs
time:   6,   237 facts and     629 exclusive pairs
             792 ops   and   86677 exclusive pairs
time:   7,   269 facts and    1002 exclusive pairs
             905 ops   and  111638 exclusive pairs
time:   8,   281 facts and    1074 exclusive pairs
             975 ops   and  133402 exclusive pairs
time:   9,   286 facts and     756 exclusive pairs

creating thin gp-based encoding...
plan graph layer 0...
plan graph layer 1...
plan graph layer 2...
plan graph layer 3...
plan graph layer 4...
plan graph layer 5...
plan graph layer 6...
plan graph layer 7...
plan graph layer 8...
plan graph layer 9...
goal constraints...

goal fact not coded - level too low??


bb: parsing domain file
domain 'GROUNDED-PATHWAYS-PROPOSITIONAL' defined
 ... done.
bb: parsing problem file
problem 'GROUNDED-PATHWAYS-13' defined
 ... done.


time:   0,    49 facts and       0 exclusive pairs
              97 ops   and    1224 exclusive pairs
time:   1,    98 facts and    1225 exclusive pairs
             242 ops   and   14257 exclusive pairs
time:   2,   147 facts and    1323 exclusive pairs
             343 ops   and   19887 exclusive pairs
time:   3,   152 facts and     206 exclusive pairs
             434 ops   and   29743 exclusive pairs
time:   4,   190 facts and     465 exclusive pairs
             556 ops   and   46433 exclusive pairs
time:   5,   216 facts and     756 exclusive pairs
             692 ops   and   69826 exclusive pairs
time:   6,   237 facts and     629 exclusive pairs
             792 ops   and   86677 exclusive pairs
time:   7,   269 facts and    1002 exclusive pairs
             905 ops   and  111638 exclusive pairs
time:   8,   281 facts and    1074 exclusive pairs
             975 ops   and  133402 exclusive pairs
time:   9,   286 facts and     756 exclusive pairs
            1033 ops   and  157040 exclusive pairs
time:  10,   290 facts and     726 exclusive pairs

creating thin gp-based encoding...
plan graph layer 0...
plan graph layer 1...
plan graph layer 2...
plan graph layer 3...
plan graph layer 4...
plan graph layer 5...
plan graph layer 6...
plan graph layer 7...
plan graph layer 8...
plan graph layer 9...
plan graph layer 10...
goal constraints...

goal fact not coded - level too low??


bb: parsing domain file
domain 'GROUNDED-PATHWAYS-PROPOSITIONAL' defined
 ... done.
bb: parsing problem file
problem 'GROUNDED-PATHWAYS-13' defined
 ... done.


time:   0,    49 facts and       0 exclusive pairs
              97 ops   and    1224 exclusive pairs
time:   1,    98 facts and    1225 exclusive pairs
             242 ops   and   14257 exclusive pairs
time:   2,   147 facts and    1323 exclusive pairs
             343 ops   and   19887 exclusive pairs
time:   3,   152 facts and     206 exclusive pairs
             434 ops   and   29743 exclusive pairs
time:   4,   190 facts and     465 exclusive pairs
             556 ops   and   46433 exclusive pairs
time:   5,   216 facts and     756 exclusive pairs
             692 ops   and   69826 exclusive pairs
time:   6,   237 facts and     629 exclusive pairs
             792 ops   and   86677 exclusive pairs
time:   7,   269 facts and    1002 exclusive pairs
             905 ops   and  111638 exclusive pairs
time:   8,   281 facts and    1074 exclusive pairs
             975 ops   and  133402 exclusive pairs
time:   9,   286 facts and     756 exclusive pairs
            1033 ops   and  157040 exclusive pairs
time:  10,   290 facts and     726 exclusive pairs
            1089 ops   and  183960 exclusive pairs
time:  11,   295 facts and     767 exclusive pairs

creating thin gp-based encoding...
plan graph layer 0...
plan graph layer 1...
plan graph layer 2...
plan graph layer 3...
plan graph layer 4...
plan graph layer 5...
plan graph layer 6...
plan graph layer 7...
plan graph layer 8...
plan graph layer 9...
plan graph layer 10...
plan graph layer 11...
goal constraints...

goal fact not coded - level too low??


bb: parsing domain file
domain 'GROUNDED-PATHWAYS-PROPOSITIONAL' defined
 ... done.
bb: parsing problem file
problem 'GROUNDED-PATHWAYS-13' defined
 ... done.


time:   0,    49 facts and       0 exclusive pairs
              97 ops   and    1224 exclusive pairs
time:   1,    98 facts and    1225 exclusive pairs
             242 ops   and   14257 exclusive pairs
time:   2,   147 facts and    1323 exclusive pairs
             343 ops   and   19887 exclusive pairs
time:   3,   152 facts and     206 exclusive pairs
             434 ops   and   29743 exclusive pairs
time:   4,   190 facts and     465 exclusive pairs
             556 ops   and   46433 exclusive pairs
time:   5,   216 facts and     756 exclusive pairs
             692 ops   and   69826 exclusive pairs
time:   6,   237 facts and     629 exclusive pairs
             792 ops   and   86677 exclusive pairs
time:   7,   269 facts and    1002 exclusive pairs
             905 ops   and  111638 exclusive pairs
time:   8,   281 facts and    1074 exclusive pairs
             975 ops   and  133402 exclusive pairs
time:   9,   286 facts and     756 exclusive pairs
            1033 ops   and  157040 exclusive pairs
time:  10,   290 facts and     726 exclusive pairs
            1089 ops   and  183960 exclusive pairs
time:  11,   295 facts and     767 exclusive pairs
            1152 ops   and  214608 exclusive pairs
time:  12,   306 facts and     915 exclusive pairs

creating thin gp-based encoding...
plan graph layer 0...
plan graph layer 1...
plan graph layer 2...
plan graph layer 3...
plan graph layer 4...
plan graph layer 5...
plan graph layer 6...
plan graph layer 7...
plan graph layer 8...
plan graph layer 9...
plan graph layer 10...
plan graph layer 11...
plan graph layer 12...
goal constraints...

goal fact not coded - level too low??


bb: parsing domain file
domain 'GROUNDED-PATHWAYS-PROPOSITIONAL' defined
 ... done.
bb: parsing problem file
problem 'GROUNDED-PATHWAYS-13' defined
 ... done.


time:   0,    49 facts and       0 exclusive pairs
              97 ops   and    1224 exclusive pairs
time:   1,    98 facts and    1225 exclusive pairs
             242 ops   and   14257 exclusive pairs
time:   2,   147 facts and    1323 exclusive pairs
             343 ops   and   19887 exclusive pairs
time:   3,   152 facts and     206 exclusive pairs
             434 ops   and   29743 exclusive pairs
time:   4,   190 facts and     465 exclusive pairs
             556 ops   and   46433 exclusive pairs
time:   5,   216 facts and     756 exclusive pairs
             692 ops   and   69826 exclusive pairs
time:   6,   237 facts and     629 exclusive pairs
             792 ops   and   86677 exclusive pairs
time:   7,   269 facts and    1002 exclusive pairs
             905 ops   and  111638 exclusive pairs
time:   8,   281 facts and    1074 exclusive pairs
             975 ops   and  133402 exclusive pairs
time:   9,   286 facts and     756 exclusive pairs
            1033 ops   and  157040 exclusive pairs
time:  10,   290 facts and     726 exclusive pairs
            1089 ops   and  183960 exclusive pairs
time:  11,   295 facts and     767 exclusive pairs
            1152 ops   and  214608 exclusive pairs
time:  12,   306 facts and     915 exclusive pairs
            1219 ops   and  248529 exclusive pairs
time:  13,   308 facts and     895 exclusive pairs

creating thin gp-based encoding...
plan graph layer 0...
plan graph layer 1...
plan graph layer 2...
plan graph layer 3...
plan graph layer 4...
plan graph layer 5...
plan graph layer 6...
plan graph layer 7...
plan graph layer 8...
plan graph layer 9...
plan graph layer 10...
plan graph layer 11...
plan graph layer 12...
plan graph layer 13...
goal constraints...
exclusion constraints layer 0...
exclusion constraints layer 1...
exclusion constraints layer 2...
exclusion constraints layer 3...
exclusion constraints layer 4...
exclusion constraints layer 5...
exclusion constraints layer 6...
exclusion constraints layer 7...
exclusion constraints layer 8...
exclusion constraints layer 9...
exclusion constraints layer 10...
exclusion constraints layer 11...
exclusion constraints layer 12...
exclusion constraints layer 13...

DECISION LAYER 13, WRITING THIN GP-BASED ENCODING WITH 12653 VARS, 341747 CLAUSES.

time spent:    0.01 seconds instantiating 1201 action templates
               0.00 seconds reachability analysis, yielding 314 facts and 1201 actions
               0.00 seconds collecting 314 relevant facts
               0.00 seconds building connectivity graph
               0.00 seconds building (std) graph
               0.18 seconds CNF output time
               0.19 seconds total planner time (solving not included)


***Solving***


[ filemap ]
[ extract ]

variables : 12653
pure lits : 340

1-clauses : 17
2-clauses : 339524
3-clauses : 1379
n-clauses : 827
discarded : 0

[ solve ]


unsatisfiable                             

[ stats ]

decisions : 0
conflicts : 1
time : ~0.01

***UNSAT***


bb: parsing domain file
domain 'GROUNDED-PATHWAYS-PROPOSITIONAL' defined
 ... done.
bb: parsing problem file
problem 'GROUNDED-PATHWAYS-13' defined
 ... done.


time:   0,    49 facts and       0 exclusive pairs
              97 ops   and    1224 exclusive pairs
time:   1,    98 facts and    1225 exclusive pairs
             242 ops   and   14257 exclusive pairs
time:   2,   147 facts and    1323 exclusive pairs
             343 ops   and   19887 exclusive pairs
time:   3,   152 facts and     206 exclusive pairs
             434 ops   and   29743 exclusive pairs
time:   4,   190 facts and     465 exclusive pairs
             556 ops   and   46433 exclusive pairs
time:   5,   216 facts and     756 exclusive pairs
             692 ops   and   69826 exclusive pairs
time:   6,   237 facts and     629 exclusive pairs
             792 ops   and   86677 exclusive pairs
time:   7,   269 facts and    1002 exclusive pairs
             905 ops   and  111638 exclusive pairs
time:   8,   281 facts and    1074 exclusive pairs
             975 ops   and  133402 exclusive pairs
time:   9,   286 facts and     756 exclusive pairs
            1033 ops   and  157040 exclusive pairs
time:  10,   290 facts and     726 exclusive pairs
            1089 ops   and  183960 exclusive pairs
time:  11,   295 facts and     767 exclusive pairs
            1152 ops   and  214608 exclusive pairs
time:  12,   306 facts and     915 exclusive pairs
            1219 ops   and  248529 exclusive pairs
time:  13,   308 facts and     895 exclusive pairs
            1269 ops   and  282040 exclusive pairs
time:  14,   309 facts and     865 exclusive pairs

creating thin gp-based encoding...
plan graph layer 0...
plan graph layer 1...
plan graph layer 2...
plan graph layer 3...
plan graph layer 4...
plan graph layer 5...
plan graph layer 6...
plan graph layer 7...
plan graph layer 8...
plan graph layer 9...
plan graph layer 10...
plan graph layer 11...
plan graph layer 12...
plan graph layer 13...
plan graph layer 14...
goal constraints...
exclusion constraints layer 0...
exclusion constraints layer 1...
exclusion constraints layer 2...
exclusion constraints layer 3...
exclusion constraints layer 4...
exclusion constraints layer 5...
exclusion constraints layer 6...
exclusion constraints layer 7...
exclusion constraints layer 8...
exclusion constraints layer 9...
exclusion constraints layer 10...
exclusion constraints layer 11...
exclusion constraints layer 12...
exclusion constraints layer 13...
exclusion constraints layer 14...

DECISION LAYER 14, WRITING THIN GP-BASED ENCODING WITH 14231 VARS, 396958 CLAUSES.

time spent:    0.01 seconds instantiating 1201 action templates
               0.00 seconds reachability analysis, yielding 314 facts and 1201 actions
               0.00 seconds collecting 314 relevant facts
               0.00 seconds building connectivity graph
               0.00 seconds building (std) graph
               0.21 seconds CNF output time
               0.22 seconds total planner time (solving not included)


***Solving***


[ filemap ]
[ extract ]

variables : 14231
pure lits : 341

1-clauses : 17
2-clauses : 394475
3-clauses : 1547
n-clauses : 919
discarded : 0

[ solve ]


unsatisfiable                             

[ stats ]

decisions : 19350
conflicts : 1388
time : ~0.042

***UNSAT***


bb: parsing domain file
domain 'GROUNDED-PATHWAYS-PROPOSITIONAL' defined
 ... done.
bb: parsing problem file
problem 'GROUNDED-PATHWAYS-13' defined
 ... done.


time:   0,    49 facts and       0 exclusive pairs
              97 ops   and    1224 exclusive pairs
time:   1,    98 facts and    1225 exclusive pairs
             242 ops   and   14257 exclusive pairs
time:   2,   147 facts and    1323 exclusive pairs
             343 ops   and   19887 exclusive pairs
time:   3,   152 facts and     206 exclusive pairs
             434 ops   and   29743 exclusive pairs
time:   4,   190 facts and     465 exclusive pairs
             556 ops   and   46433 exclusive pairs
time:   5,   216 facts and     756 exclusive pairs
             692 ops   and   69826 exclusive pairs
time:   6,   237 facts and     629 exclusive pairs
             792 ops   and   86677 exclusive pairs
time:   7,   269 facts and    1002 exclusive pairs
             905 ops   and  111638 exclusive pairs
time:   8,   281 facts and    1074 exclusive pairs
             975 ops   and  133402 exclusive pairs
time:   9,   286 facts and     756 exclusive pairs
            1033 ops   and  157040 exclusive pairs
time:  10,   290 facts and     726 exclusive pairs
            1089 ops   and  183960 exclusive pairs
time:  11,   295 facts and     767 exclusive pairs
            1152 ops   and  214608 exclusive pairs
time:  12,   306 facts and     915 exclusive pairs
            1219 ops   and  248529 exclusive pairs
time:  13,   308 facts and     895 exclusive pairs
            1269 ops   and  282040 exclusive pairs
time:  14,   309 facts and     865 exclusive pairs
            1318 ops   and  318088 exclusive pairs
time:  15,   310 facts and     880 exclusive pairs

creating thin gp-based encoding...
plan graph layer 0...
plan graph layer 1...
plan graph layer 2...
plan graph layer 3...
plan graph layer 4...
plan graph layer 5...
plan graph layer 6...
plan graph layer 7...
plan graph layer 8...
plan graph layer 9...
plan graph layer 10...
plan graph layer 11...
plan graph layer 12...
plan graph layer 13...
plan graph layer 14...
plan graph layer 15...
goal constraints...
exclusion constraints layer 0...
exclusion constraints layer 1...
exclusion constraints layer 2...
exclusion constraints layer 3...
exclusion constraints layer 4...
exclusion constraints layer 5...
exclusion constraints layer 6...
exclusion constraints layer 7...
exclusion constraints layer 8...
exclusion constraints layer 9...
exclusion constraints layer 10...
exclusion constraints layer 11...
exclusion constraints layer 12...
exclusion constraints layer 13...
exclusion constraints layer 14...
exclusion constraints layer 15...

DECISION LAYER 15, WRITING THIN GP-BASED ENCODING WITH 15859 VARS, 456434 CLAUSES.

time spent:    0.01 seconds instantiating 1201 action templates
               0.00 seconds reachability analysis, yielding 314 facts and 1201 actions
               0.00 seconds collecting 314 relevant facts
               0.00 seconds building connectivity graph
               0.00 seconds building (std) graph
               0.24 seconds CNF output time
               0.25 seconds total planner time (solving not included)


***Solving***


[ filemap ]
[ extract ]

variables : 15859
pure lits : 342

1-clauses : 17
2-clauses : 453690
3-clauses : 1715
n-clauses : 1012
discarded : 0

[ solve ]


unsatisfiable                             

[ stats ]

decisions : 27625
conflicts : 5348
time : ~0.195

***UNSAT***


bb: parsing domain file
domain 'GROUNDED-PATHWAYS-PROPOSITIONAL' defined
 ... done.
bb: parsing problem file
problem 'GROUNDED-PATHWAYS-13' defined
 ... done.


time:   0,    49 facts and       0 exclusive pairs
              97 ops   and    1224 exclusive pairs
time:   1,    98 facts and    1225 exclusive pairs
             242 ops   and   14257 exclusive pairs
time:   2,   147 facts and    1323 exclusive pairs
             343 ops   and   19887 exclusive pairs
time:   3,   152 facts and     206 exclusive pairs
             434 ops   and   29743 exclusive pairs
time:   4,   190 facts and     465 exclusive pairs
             556 ops   and   46433 exclusive pairs
time:   5,   216 facts and     756 exclusive pairs
             692 ops   and   69826 exclusive pairs
time:   6,   237 facts and     629 exclusive pairs
             792 ops   and   86677 exclusive pairs
time:   7,   269 facts and    1002 exclusive pairs
             905 ops   and  111638 exclusive pairs
time:   8,   281 facts and    1074 exclusive pairs
             975 ops   and  133402 exclusive pairs
time:   9,   286 facts and     756 exclusive pairs
            1033 ops   and  157040 exclusive pairs
time:  10,   290 facts and     726 exclusive pairs
            1089 ops   and  183960 exclusive pairs
time:  11,   295 facts and     767 exclusive pairs
            1152 ops   and  214608 exclusive pairs
time:  12,   306 facts and     915 exclusive pairs
            1219 ops   and  248529 exclusive pairs
time:  13,   308 facts and     895 exclusive pairs
            1269 ops   and  282040 exclusive pairs
time:  14,   309 facts and     865 exclusive pairs
            1318 ops   and  318088 exclusive pairs
time:  15,   310 facts and     880 exclusive pairs
            1367 ops   and  356678 exclusive pairs
time:  16,   311 facts and     896 exclusive pairs

creating thin gp-based encoding...
plan graph layer 0...
plan graph layer 1...
plan graph layer 2...
plan graph layer 3...
plan graph layer 4...
plan graph layer 5...
plan graph layer 6...
plan graph layer 7...
plan graph layer 8...
plan graph layer 9...
plan graph layer 10...
plan graph layer 11...
plan graph layer 12...
plan graph layer 13...
plan graph layer 14...
plan graph layer 15...
plan graph layer 16...
goal constraints...
exclusion constraints layer 0...
exclusion constraints layer 1...
exclusion constraints layer 2...
exclusion constraints layer 3...
exclusion constraints layer 4...
exclusion constraints layer 5...
exclusion constraints layer 6...
exclusion constraints layer 7...
exclusion constraints layer 8...
exclusion constraints layer 9...
exclusion constraints layer 10...
exclusion constraints layer 11...
exclusion constraints layer 12...
exclusion constraints layer 13...
exclusion constraints layer 14...
exclusion constraints layer 15...
exclusion constraints layer 16...

DECISION LAYER 16, WRITING THIN GP-BASED ENCODING WITH 17537 VARS, 520224 CLAUSES.

time spent:    0.01 seconds instantiating 1201 action templates
               0.00 seconds reachability analysis, yielding 314 facts and 1201 actions
               0.00 seconds collecting 314 relevant facts
               0.00 seconds building connectivity graph
               0.00 seconds building (std) graph
               0.27 seconds CNF output time
               0.28 seconds total planner time (solving not included)


***Solving***


[ filemap ]
[ extract ]

variables : 17537
pure lits : 343

1-clauses : 17
2-clauses : 517218
3-clauses : 1883
n-clauses : 1106
discarded : 0

[ solve ]


unsatisfiable                             

[ stats ]

decisions : 374439
conflicts : 261272
time : ~52.304

***UNSAT***


bb: parsing domain file
domain 'GROUNDED-PATHWAYS-PROPOSITIONAL' defined
 ... done.
bb: parsing problem file
problem 'GROUNDED-PATHWAYS-13' defined
 ... done.


time:   0,    49 facts and       0 exclusive pairs
              97 ops   and    1224 exclusive pairs
time:   1,    98 facts and    1225 exclusive pairs
             242 ops   and   14257 exclusive pairs
time:   2,   147 facts and    1323 exclusive pairs
             343 ops   and   19887 exclusive pairs
time:   3,   152 facts and     206 exclusive pairs
             434 ops   and   29743 exclusive pairs
time:   4,   190 facts and     465 exclusive pairs
             556 ops   and   46433 exclusive pairs
time:   5,   216 facts and     756 exclusive pairs
             692 ops   and   69826 exclusive pairs
time:   6,   237 facts and     629 exclusive pairs
             792 ops   and   86677 exclusive pairs
time:   7,   269 facts and    1002 exclusive pairs
             905 ops   and  111638 exclusive pairs
time:   8,   281 facts and    1074 exclusive pairs
             975 ops   and  133402 exclusive pairs
time:   9,   286 facts and     756 exclusive pairs
            1033 ops   and  157040 exclusive pairs
time:  10,   290 facts and     726 exclusive pairs
            1089 ops   and  183960 exclusive pairs
time:  11,   295 facts and     767 exclusive pairs
            1152 ops   and  214608 exclusive pairs
time:  12,   306 facts and     915 exclusive pairs
            1219 ops   and  248529 exclusive pairs
time:  13,   308 facts and     895 exclusive pairs
            1269 ops   and  282040 exclusive pairs
time:  14,   309 facts and     865 exclusive pairs
            1318 ops   and  318088 exclusive pairs
time:  15,   310 facts and     880 exclusive pairs
            1367 ops   and  356678 exclusive pairs
time:  16,   311 facts and     896 exclusive pairs
            1416 ops   and  397669 exclusive pairs
time:  17,   312 facts and     913 exclusive pairs

creating thin gp-based encoding...
plan graph layer 0...
plan graph layer 1...
plan graph layer 2...
plan graph layer 3...
plan graph layer 4...
plan graph layer 5...
plan graph layer 6...
plan graph layer 7...
plan graph layer 8...
plan graph layer 9...
plan graph layer 10...
plan graph layer 11...
plan graph layer 12...
plan graph layer 13...
plan graph layer 14...
plan graph layer 15...
plan graph layer 16...
plan graph layer 17...
goal constraints...
exclusion constraints layer 0...
exclusion constraints layer 1...
exclusion constraints layer 2...
exclusion constraints layer 3...
exclusion constraints layer 4...
exclusion constraints layer 5...
exclusion constraints layer 6...
exclusion constraints layer 7...
exclusion constraints layer 8...
exclusion constraints layer 9...
exclusion constraints layer 10...
exclusion constraints layer 11...
exclusion constraints layer 12...
exclusion constraints layer 13...
exclusion constraints layer 14...
exclusion constraints layer 15...
exclusion constraints layer 16...
exclusion constraints layer 17...

DECISION LAYER 17, WRITING THIN GP-BASED ENCODING WITH 19265 VARS, 588377 CLAUSES.

time spent:    0.01 seconds instantiating 1201 action templates
               0.00 seconds reachability analysis, yielding 314 facts and 1201 actions
               0.00 seconds collecting 314 relevant facts
               0.00 seconds building connectivity graph
               0.00 seconds building (std) graph
               0.31 seconds CNF output time
               0.32 seconds total planner time (solving not included)


***Solving***


[ filemap ]
[ extract ]

variables : 19265
pure lits : 344

1-clauses : 17
2-clauses : 585108
3-clauses : 2051
n-clauses : 1201
discarded : 0

[ solve ]

