---SatPlan Version: 1.1

bb: parsing domain file
domain 'GROUNDED-PATHWAYS-PROPOSITIONAL' defined
 ... done.
bb: parsing problem file
problem 'GROUNDED-PATHWAYS-18' defined
 ... done.


time:   0,    47 facts and       0 exclusive pairs
              93 ops   and    1127 exclusive pairs
time:   1,    94 facts and    1128 exclusive pairs

creating thin gp-based encoding...
plan graph layer 0...
plan graph layer 1...
goal constraints...

goal fact not coded - level too low??


bb: parsing domain file
domain 'GROUNDED-PATHWAYS-PROPOSITIONAL' defined
 ... done.
bb: parsing problem file
problem 'GROUNDED-PATHWAYS-18' defined
 ... done.


time:   0,    47 facts and       0 exclusive pairs
              93 ops   and    1127 exclusive pairs
time:   1,    94 facts and    1128 exclusive pairs
             232 ops   and   13111 exclusive pairs
time:   2,   141 facts and    1222 exclusive pairs

creating thin gp-based encoding...
plan graph layer 0...
plan graph layer 1...
plan graph layer 2...
goal constraints...

goal fact not coded - level too low??


bb: parsing domain file
domain 'GROUNDED-PATHWAYS-PROPOSITIONAL' defined
 ... done.
bb: parsing problem file
problem 'GROUNDED-PATHWAYS-18' defined
 ... done.


time:   0,    47 facts and       0 exclusive pairs
              93 ops   and    1127 exclusive pairs
time:   1,    94 facts and    1128 exclusive pairs
             232 ops   and   13111 exclusive pairs
time:   2,   141 facts and    1222 exclusive pairs
             333 ops   and   18719 exclusive pairs
time:   3,   146 facts and     194 exclusive pairs

creating thin gp-based encoding...
plan graph layer 0...
plan graph layer 1...
plan graph layer 2...
plan graph layer 3...
goal constraints...

goal fact not coded - level too low??


bb: parsing domain file
domain 'GROUNDED-PATHWAYS-PROPOSITIONAL' defined
 ... done.
bb: parsing problem file
problem 'GROUNDED-PATHWAYS-18' defined
 ... done.


time:   0,    47 facts and       0 exclusive pairs
              93 ops   and    1127 exclusive pairs
time:   1,    94 facts and    1128 exclusive pairs
             232 ops   and   13111 exclusive pairs
time:   2,   141 facts and    1222 exclusive pairs
             333 ops   and   18719 exclusive pairs
time:   3,   146 facts and     194 exclusive pairs
             426 ops   and   27963 exclusive pairs
time:   4,   189 facts and     510 exclusive pairs

creating thin gp-based encoding...
plan graph layer 0...
plan graph layer 1...
plan graph layer 2...
plan graph layer 3...
plan graph layer 4...
goal constraints...

goal fact not coded - level too low??


bb: parsing domain file
domain 'GROUNDED-PATHWAYS-PROPOSITIONAL' defined
 ... done.
bb: parsing problem file
problem 'GROUNDED-PATHWAYS-18' defined
 ... done.


time:   0,    47 facts and       0 exclusive pairs
              93 ops   and    1127 exclusive pairs
time:   1,    94 facts and    1128 exclusive pairs
             232 ops   and   13111 exclusive pairs
time:   2,   141 facts and    1222 exclusive pairs
             333 ops   and   18719 exclusive pairs
time:   3,   146 facts and     194 exclusive pairs
             426 ops   and   27963 exclusive pairs
time:   4,   189 facts and     510 exclusive pairs
             571 ops   and   46102 exclusive pairs
time:   5,   236 facts and    1349 exclusive pairs

creating thin gp-based encoding...
plan graph layer 0...
plan graph layer 1...
plan graph layer 2...
plan graph layer 3...
plan graph layer 4...
plan graph layer 5...
goal constraints...

goal fact not coded - level too low??


bb: parsing domain file
domain 'GROUNDED-PATHWAYS-PROPOSITIONAL' defined
 ... done.
bb: parsing problem file
problem 'GROUNDED-PATHWAYS-18' defined
 ... done.


time:   0,    47 facts and       0 exclusive pairs
              93 ops   and    1127 exclusive pairs
time:   1,    94 facts and    1128 exclusive pairs
             232 ops   and   13111 exclusive pairs
time:   2,   141 facts and    1222 exclusive pairs
             333 ops   and   18719 exclusive pairs
time:   3,   146 facts and     194 exclusive pairs
             426 ops   and   27963 exclusive pairs
time:   4,   189 facts and     510 exclusive pairs
             571 ops   and   46102 exclusive pairs
time:   5,   236 facts and    1349 exclusive pairs
             737 ops   and   71211 exclusive pairs
time:   6,   288 facts and    1626 exclusive pairs

creating thin gp-based encoding...
plan graph layer 0...
plan graph layer 1...
plan graph layer 2...
plan graph layer 3...
plan graph layer 4...
plan graph layer 5...
plan graph layer 6...
goal constraints...

goal fact not coded - level too low??


bb: parsing domain file
domain 'GROUNDED-PATHWAYS-PROPOSITIONAL' defined
 ... done.
bb: parsing problem file
problem 'GROUNDED-PATHWAYS-18' defined
 ... done.


time:   0,    47 facts and       0 exclusive pairs
              93 ops   and    1127 exclusive pairs
time:   1,    94 facts and    1128 exclusive pairs
             232 ops   and   13111 exclusive pairs
time:   2,   141 facts and    1222 exclusive pairs
             333 ops   and   18719 exclusive pairs
time:   3,   146 facts and     194 exclusive pairs
             426 ops   and   27963 exclusive pairs
time:   4,   189 facts and     510 exclusive pairs
             571 ops   and   46102 exclusive pairs
time:   5,   236 facts and    1349 exclusive pairs
             737 ops   and   71211 exclusive pairs
time:   6,   288 facts and    1626 exclusive pairs
             925 ops   and   97304 exclusive pairs
time:   7,   362 facts and    3072 exclusive pairs

creating thin gp-based encoding...
plan graph layer 0...
plan graph layer 1...
plan graph layer 2...
plan graph layer 3...
plan graph layer 4...
plan graph layer 5...
plan graph layer 6...
plan graph layer 7...
goal constraints...

goal fact not coded - level too low??


bb: parsing domain file
domain 'GROUNDED-PATHWAYS-PROPOSITIONAL' defined
 ... done.
bb: parsing problem file
problem 'GROUNDED-PATHWAYS-18' defined
 ... done.


time:   0,    47 facts and       0 exclusive pairs
              93 ops   and    1127 exclusive pairs
time:   1,    94 facts and    1128 exclusive pairs
             232 ops   and   13111 exclusive pairs
time:   2,   141 facts and    1222 exclusive pairs
             333 ops   and   18719 exclusive pairs
time:   3,   146 facts and     194 exclusive pairs
             426 ops   and   27963 exclusive pairs
time:   4,   189 facts and     510 exclusive pairs
             571 ops   and   46102 exclusive pairs
time:   5,   236 facts and    1349 exclusive pairs
             737 ops   and   71211 exclusive pairs
time:   6,   288 facts and    1626 exclusive pairs
             925 ops   and   97304 exclusive pairs
time:   7,   362 facts and    3072 exclusive pairs
            1081 ops   and  127677 exclusive pairs
time:   8,   393 facts and    3310 exclusive pairs

creating thin gp-based encoding...
plan graph layer 0...
plan graph layer 1...
plan graph layer 2...
plan graph layer 3...
plan graph layer 4...
plan graph layer 5...
plan graph layer 6...
plan graph layer 7...
plan graph layer 8...
goal constraints...

goal fact not coded - level too low??


bb: parsing domain file
domain 'GROUNDED-PATHWAYS-PROPOSITIONAL' defined
 ... done.
bb: parsing problem file
problem 'GROUNDED-PATHWAYS-18' defined
 ... done.


time:   0,    47 facts and       0 exclusive pairs
              93 ops   and    1127 exclusive pairs
time:   1,    94 facts and    1128 exclusive pairs
             232 ops   and   13111 exclusive pairs
time:   2,   141 facts and    1222 exclusive pairs
             333 ops   and   18719 exclusive pairs
time:   3,   146 facts and     194 exclusive pairs
             426 ops   and   27963 exclusive pairs
time:   4,   189 facts and     510 exclusive pairs
             571 ops   and   46102 exclusive pairs
time:   5,   236 facts and    1349 exclusive pairs
             737 ops   and   71211 exclusive pairs
time:   6,   288 facts and    1626 exclusive pairs
             925 ops   and   97304 exclusive pairs
time:   7,   362 facts and    3072 exclusive pairs
            1081 ops   and  127677 exclusive pairs
time:   8,   393 facts and    3310 exclusive pairs
            1185 ops   and  150758 exclusive pairs
time:   9,   406 facts and    1836 exclusive pairs

creating thin gp-based encoding...
plan graph layer 0...
plan graph layer 1...
plan graph layer 2...
plan graph layer 3...
plan graph layer 4...
plan graph layer 5...
plan graph layer 6...
plan graph layer 7...
plan graph layer 8...
plan graph layer 9...
goal constraints...
exclusion constraints layer 0...
exclusion constraints layer 1...
exclusion constraints layer 2...
exclusion constraints layer 3...
exclusion constraints layer 4...
exclusion constraints layer 5...
exclusion constraints layer 6...
exclusion constraints layer 7...
exclusion constraints layer 8...
exclusion constraints layer 9...

DECISION LAYER 9, WRITING THIN GP-BASED ENCODING WITH 7885 VARS, 165987 CLAUSES.

time spent:    0.01 seconds instantiating 1303 action templates
               0.00 seconds reachability analysis, yielding 417 facts and 1303 actions
               0.00 seconds collecting 417 relevant facts
               0.00 seconds building connectivity graph
               0.00 seconds building (std) graph
               0.13 seconds CNF output time
               0.14 seconds total planner time (solving not included)


***Solving***


[ filemap ]
[ extract ]

variables : 7885
pure lits : 429

1-clauses : 24
2-clauses : 164458
3-clauses : 969
n-clauses : 536
discarded : 0

[ solve ]


unsatisfiable                             

[ stats ]

decisions : 0
conflicts : 1
time : ~0.01

***UNSAT***


bb: parsing domain file
domain 'GROUNDED-PATHWAYS-PROPOSITIONAL' defined
 ... done.
bb: parsing problem file
problem 'GROUNDED-PATHWAYS-18' defined
 ... done.


time:   0,    47 facts and       0 exclusive pairs
              93 ops   and    1127 exclusive pairs
time:   1,    94 facts and    1128 exclusive pairs
             232 ops   and   13111 exclusive pairs
time:   2,   141 facts and    1222 exclusive pairs
             333 ops   and   18719 exclusive pairs
time:   3,   146 facts and     194 exclusive pairs
             426 ops   and   27963 exclusive pairs
time:   4,   189 facts and     510 exclusive pairs
             571 ops   and   46102 exclusive pairs
time:   5,   236 facts and    1349 exclusive pairs
             737 ops   and   71211 exclusive pairs
time:   6,   288 facts and    1626 exclusive pairs
             925 ops   and   97304 exclusive pairs
time:   7,   362 facts and    3072 exclusive pairs
            1081 ops   and  127677 exclusive pairs
time:   8,   393 facts and    3310 exclusive pairs
            1185 ops   and  150758 exclusive pairs
time:   9,   406 facts and    1836 exclusive pairs
            1249 ops   and  170796 exclusive pairs
time:  10,   407 facts and    1324 exclusive pairs

creating thin gp-based encoding...
plan graph layer 0...
plan graph layer 1...
plan graph layer 2...
plan graph layer 3...
plan graph layer 4...
plan graph layer 5...
plan graph layer 6...
plan graph layer 7...
plan graph layer 8...
plan graph layer 9...
plan graph layer 10...
goal constraints...
exclusion constraints layer 0...
exclusion constraints layer 1...
exclusion constraints layer 2...
exclusion constraints layer 3...
exclusion constraints layer 4...
exclusion constraints layer 5...
exclusion constraints layer 6...
exclusion constraints layer 7...
exclusion constraints layer 8...
exclusion constraints layer 9...
exclusion constraints layer 10...

DECISION LAYER 10, WRITING THIN GP-BASED ENCODING WITH 9541 VARS, 204462 CLAUSES.

time spent:    0.02 seconds instantiating 1303 action templates
               0.00 seconds reachability analysis, yielding 417 facts and 1303 actions
               0.00 seconds collecting 417 relevant facts
               0.00 seconds building connectivity graph
               0.00 seconds building (std) graph
               0.15 seconds CNF output time
               0.17 seconds total planner time (solving not included)


***Solving***


[ filemap ]
[ extract ]

variables : 9541
pure lits : 430

1-clauses : 24
2-clauses : 202573
3-clauses : 1221
n-clauses : 644
discarded : 0

[ solve ]


unsatisfiable                             

[ stats ]

decisions : 0
conflicts : 1
time : ~0.01

***UNSAT***


bb: parsing domain file
domain 'GROUNDED-PATHWAYS-PROPOSITIONAL' defined
 ... done.
bb: parsing problem file
problem 'GROUNDED-PATHWAYS-18' defined
 ... done.


time:   0,    47 facts and       0 exclusive pairs
              93 ops   and    1127 exclusive pairs
time:   1,    94 facts and    1128 exclusive pairs
             232 ops   and   13111 exclusive pairs
time:   2,   141 facts and    1222 exclusive pairs
             333 ops   and   18719 exclusive pairs
time:   3,   146 facts and     194 exclusive pairs
             426 ops   and   27963 exclusive pairs
time:   4,   189 facts and     510 exclusive pairs
             571 ops   and   46102 exclusive pairs
time:   5,   236 facts and    1349 exclusive pairs
             737 ops   and   71211 exclusive pairs
time:   6,   288 facts and    1626 exclusive pairs
             925 ops   and   97304 exclusive pairs
time:   7,   362 facts and    3072 exclusive pairs
            1081 ops   and  127677 exclusive pairs
time:   8,   393 facts and    3310 exclusive pairs
            1185 ops   and  150758 exclusive pairs
time:   9,   406 facts and    1836 exclusive pairs
            1249 ops   and  170796 exclusive pairs
time:  10,   407 facts and    1324 exclusive pairs
            1296 ops   and  194428 exclusive pairs
time:  11,   408 facts and    1319 exclusive pairs

creating thin gp-based encoding...
plan graph layer 0...
plan graph layer 1...
plan graph layer 2...
plan graph layer 3...
plan graph layer 4...
plan graph layer 5...
plan graph layer 6...
plan graph layer 7...
plan graph layer 8...
plan graph layer 9...
plan graph layer 10...
plan graph layer 11...
goal constraints...
exclusion constraints layer 0...
exclusion constraints layer 1...
exclusion constraints layer 2...
exclusion constraints layer 3...
exclusion constraints layer 4...
exclusion constraints layer 5...
exclusion constraints layer 6...
exclusion constraints layer 7...
exclusion constraints layer 8...
exclusion constraints layer 9...
exclusion constraints layer 10...
exclusion constraints layer 11...

DECISION LAYER 11, WRITING THIN GP-BASED ENCODING WITH 11245 VARS, 246683 CLAUSES.

time spent:    0.01 seconds instantiating 1303 action templates
               0.00 seconds reachability analysis, yielding 417 facts and 1303 actions
               0.00 seconds collecting 417 relevant facts
               0.00 seconds building connectivity graph
               0.00 seconds building (std) graph
               0.20 seconds CNF output time
               0.21 seconds total planner time (solving not included)


***Solving***


[ filemap ]
[ extract ]

variables : 11245
pure lits : 431

1-clauses : 24
2-clauses : 244433
3-clauses : 1473
n-clauses : 753
discarded : 0

[ solve ]


unsatisfiable                             

[ stats ]

decisions : 5503
conflicts : 126
time : ~0.01

***UNSAT***


bb: parsing domain file
domain 'GROUNDED-PATHWAYS-PROPOSITIONAL' defined
 ... done.
bb: parsing problem file
problem 'GROUNDED-PATHWAYS-18' defined
 ... done.


time:   0,    47 facts and       0 exclusive pairs
              93 ops   and    1127 exclusive pairs
time:   1,    94 facts and    1128 exclusive pairs
             232 ops   and   13111 exclusive pairs
time:   2,   141 facts and    1222 exclusive pairs
             333 ops   and   18719 exclusive pairs
time:   3,   146 facts and     194 exclusive pairs
             426 ops   and   27963 exclusive pairs
time:   4,   189 facts and     510 exclusive pairs
             571 ops   and   46102 exclusive pairs
time:   5,   236 facts and    1349 exclusive pairs
             737 ops   and   71211 exclusive pairs
time:   6,   288 facts and    1626 exclusive pairs
             925 ops   and   97304 exclusive pairs
time:   7,   362 facts and    3072 exclusive pairs
            1081 ops   and  127677 exclusive pairs
time:   8,   393 facts and    3310 exclusive pairs
            1185 ops   and  150758 exclusive pairs
time:   9,   406 facts and    1836 exclusive pairs
            1249 ops   and  170796 exclusive pairs
time:  10,   407 facts and    1324 exclusive pairs
            1296 ops   and  194428 exclusive pairs
time:  11,   408 facts and    1319 exclusive pairs
            1343 ops   and  221931 exclusive pairs
time:  12,   409 facts and    1331 exclusive pairs

creating thin gp-based encoding...
plan graph layer 0...
plan graph layer 1...
plan graph layer 2...
plan graph layer 3...
plan graph layer 4...
plan graph layer 5...
plan graph layer 6...
plan graph layer 7...
plan graph layer 8...
plan graph layer 9...
plan graph layer 10...
plan graph layer 11...
plan graph layer 12...
goal constraints...
exclusion constraints layer 0...
exclusion constraints layer 1...
exclusion constraints layer 2...
exclusion constraints layer 3...
exclusion constraints layer 4...
exclusion constraints layer 5...
exclusion constraints layer 6...
exclusion constraints layer 7...
exclusion constraints layer 8...
exclusion constraints layer 9...
exclusion constraints layer 10...
exclusion constraints layer 11...
exclusion constraints layer 12...

DECISION LAYER 12, WRITING THIN GP-BASED ENCODING WITH 12997 VARS, 292713 CLAUSES.

time spent:    0.01 seconds instantiating 1303 action templates
               0.00 seconds reachability analysis, yielding 417 facts and 1303 actions
               0.00 seconds collecting 417 relevant facts
               0.00 seconds building connectivity graph
               0.00 seconds building (std) graph
               0.24 seconds CNF output time
               0.25 seconds total planner time (solving not included)


***Solving***


[ filemap ]
[ extract ]

variables : 12997
pure lits : 432

1-clauses : 24
2-clauses : 290101
3-clauses : 1725
n-clauses : 863
discarded : 0

[ solve ]


unsatisfiable                             

[ stats ]

decisions : 3800
conflicts : 245
time : ~0.01

***UNSAT***


bb: parsing domain file
domain 'GROUNDED-PATHWAYS-PROPOSITIONAL' defined
 ... done.
bb: parsing problem file
problem 'GROUNDED-PATHWAYS-18' defined
 ... done.


time:   0,    47 facts and       0 exclusive pairs
              93 ops   and    1127 exclusive pairs
time:   1,    94 facts and    1128 exclusive pairs
             232 ops   and   13111 exclusive pairs
time:   2,   141 facts and    1222 exclusive pairs
             333 ops   and   18719 exclusive pairs
time:   3,   146 facts and     194 exclusive pairs
             426 ops   and   27963 exclusive pairs
time:   4,   189 facts and     510 exclusive pairs
             571 ops   and   46102 exclusive pairs
time:   5,   236 facts and    1349 exclusive pairs
             737 ops   and   71211 exclusive pairs
time:   6,   288 facts and    1626 exclusive pairs
             925 ops   and   97304 exclusive pairs
time:   7,   362 facts and    3072 exclusive pairs
            1081 ops   and  127677 exclusive pairs
time:   8,   393 facts and    3310 exclusive pairs
            1185 ops   and  150758 exclusive pairs
time:   9,   406 facts and    1836 exclusive pairs
            1249 ops   and  170796 exclusive pairs
time:  10,   407 facts and    1324 exclusive pairs
            1296 ops   and  194428 exclusive pairs
time:  11,   408 facts and    1319 exclusive pairs
            1343 ops   and  221931 exclusive pairs
time:  12,   409 facts and    1331 exclusive pairs
            1390 ops   and  251677 exclusive pairs
time:  13,   410 facts and    1344 exclusive pairs

creating thin gp-based encoding...
plan graph layer 0...
plan graph layer 1...
plan graph layer 2...
plan graph layer 3...
plan graph layer 4...
plan graph layer 5...
plan graph layer 6...
plan graph layer 7...
plan graph layer 8...
plan graph layer 9...
plan graph layer 10...
plan graph layer 11...
plan graph layer 12...
plan graph layer 13...
goal constraints...
exclusion constraints layer 0...
exclusion constraints layer 1...
exclusion constraints layer 2...
exclusion constraints layer 3...
exclusion constraints layer 4...
exclusion constraints layer 5...
exclusion constraints layer 6...
exclusion constraints layer 7...
exclusion constraints layer 8...
exclusion constraints layer 9...
exclusion constraints layer 10...
exclusion constraints layer 11...
exclusion constraints layer 12...
exclusion constraints layer 13...

DECISION LAYER 13, WRITING THIN GP-BASED ENCODING WITH 14797 VARS, 342599 CLAUSES.

time spent:    0.01 seconds instantiating 1303 action templates
               0.00 seconds reachability analysis, yielding 417 facts and 1303 actions
               0.01 seconds collecting 417 relevant facts
               0.00 seconds building connectivity graph
               0.00 seconds building (std) graph
               0.27 seconds CNF output time
               0.29 seconds total planner time (solving not included)


***Solving***


[ filemap ]
[ extract ]

variables : 14797
pure lits : 433

1-clauses : 24
2-clauses : 339624
3-clauses : 1977
n-clauses : 974
discarded : 0

[ solve ]


unsatisfiable                             

[ stats ]

decisions : 25094
conflicts : 414
time : ~0.011

***UNSAT***


bb: parsing domain file
domain 'GROUNDED-PATHWAYS-PROPOSITIONAL' defined
 ... done.
bb: parsing problem file
problem 'GROUNDED-PATHWAYS-18' defined
 ... done.


time:   0,    47 facts and       0 exclusive pairs
              93 ops   and    1127 exclusive pairs
time:   1,    94 facts and    1128 exclusive pairs
             232 ops   and   13111 exclusive pairs
time:   2,   141 facts and    1222 exclusive pairs
             333 ops   and   18719 exclusive pairs
time:   3,   146 facts and     194 exclusive pairs
             426 ops   and   27963 exclusive pairs
time:   4,   189 facts and     510 exclusive pairs
             571 ops   and   46102 exclusive pairs
time:   5,   236 facts and    1349 exclusive pairs
             737 ops   and   71211 exclusive pairs
time:   6,   288 facts and    1626 exclusive pairs
             925 ops   and   97304 exclusive pairs
time:   7,   362 facts and    3072 exclusive pairs
            1081 ops   and  127677 exclusive pairs
time:   8,   393 facts and    3310 exclusive pairs
            1185 ops   and  150758 exclusive pairs
time:   9,   406 facts and    1836 exclusive pairs
            1249 ops   and  170796 exclusive pairs
time:  10,   407 facts and    1324 exclusive pairs
            1296 ops   and  194428 exclusive pairs
time:  11,   408 facts and    1319 exclusive pairs
            1343 ops   and  221931 exclusive pairs
time:  12,   409 facts and    1331 exclusive pairs
            1390 ops   and  251677 exclusive pairs
time:  13,   410 facts and    1344 exclusive pairs
            1437 ops   and  283632 exclusive pairs
time:  14,   411 facts and    1358 exclusive pairs

creating thin gp-based encoding...
plan graph layer 0...
plan graph layer 1...
plan graph layer 2...
plan graph layer 3...
plan graph layer 4...
plan graph layer 5...
plan graph layer 6...
plan graph layer 7...
plan graph layer 8...
plan graph layer 9...
plan graph layer 10...
plan graph layer 11...
plan graph layer 12...
plan graph layer 13...
plan graph layer 14...
goal constraints...
exclusion constraints layer 0...
exclusion constraints layer 1...
exclusion constraints layer 2...
exclusion constraints layer 3...
exclusion constraints layer 4...
exclusion constraints layer 5...
exclusion constraints layer 6...
exclusion constraints layer 7...
exclusion constraints layer 8...
exclusion constraints layer 9...
exclusion constraints layer 10...
exclusion constraints layer 11...
exclusion constraints layer 12...
exclusion constraints layer 13...
exclusion constraints layer 14...

DECISION LAYER 14, WRITING THIN GP-BASED ENCODING WITH 16645 VARS, 396388 CLAUSES.

time spent:    0.01 seconds instantiating 1303 action templates
               0.00 seconds reachability analysis, yielding 417 facts and 1303 actions
               0.00 seconds collecting 417 relevant facts
               0.00 seconds building connectivity graph
               0.00 seconds building (std) graph
               0.32 seconds CNF output time
               0.33 seconds total planner time (solving not included)


***Solving***


[ filemap ]
[ extract ]

variables : 16645
pure lits : 434

1-clauses : 24
2-clauses : 393049
3-clauses : 2229
n-clauses : 1086
discarded : 0

[ solve ]


unsatisfiable                             

[ stats ]

decisions : 9190
conflicts : 1150
time : ~0.019

***UNSAT***


bb: parsing domain file
domain 'GROUNDED-PATHWAYS-PROPOSITIONAL' defined
 ... done.
bb: parsing problem file
problem 'GROUNDED-PATHWAYS-18' defined
 ... done.


time:   0,    47 facts and       0 exclusive pairs
              93 ops   and    1127 exclusive pairs
time:   1,    94 facts and    1128 exclusive pairs
             232 ops   and   13111 exclusive pairs
time:   2,   141 facts and    1222 exclusive pairs
             333 ops   and   18719 exclusive pairs
time:   3,   146 facts and     194 exclusive pairs
             426 ops   and   27963 exclusive pairs
time:   4,   189 facts and     510 exclusive pairs
             571 ops   and   46102 exclusive pairs
time:   5,   236 facts and    1349 exclusive pairs
             737 ops   and   71211 exclusive pairs
time:   6,   288 facts and    1626 exclusive pairs
             925 ops   and   97304 exclusive pairs
time:   7,   362 facts and    3072 exclusive pairs
            1081 ops   and  127677 exclusive pairs
time:   8,   393 facts and    3310 exclusive pairs
            1185 ops   and  150758 exclusive pairs
time:   9,   406 facts and    1836 exclusive pairs
            1249 ops   and  170796 exclusive pairs
time:  10,   407 facts and    1324 exclusive pairs
            1296 ops   and  194428 exclusive pairs
time:  11,   408 facts and    1319 exclusive pairs
            1343 ops   and  221931 exclusive pairs
time:  12,   409 facts and    1331 exclusive pairs
            1390 ops   and  251677 exclusive pairs
time:  13,   410 facts and    1344 exclusive pairs
            1437 ops   and  283632 exclusive pairs
time:  14,   411 facts and    1358 exclusive pairs
            1484 ops   and  317796 exclusive pairs
time:  15,   412 facts and    1373 exclusive pairs

creating thin gp-based encoding...
plan graph layer 0...
plan graph layer 1...
plan graph layer 2...
plan graph layer 3...
plan graph layer 4...
plan graph layer 5...
plan graph layer 6...
plan graph layer 7...
plan graph layer 8...
plan graph layer 9...
plan graph layer 10...
plan graph layer 11...
plan graph layer 12...
plan graph layer 13...
plan graph layer 14...
plan graph layer 15...
goal constraints...
exclusion constraints layer 0...
exclusion constraints layer 1...
exclusion constraints layer 2...
exclusion constraints layer 3...
exclusion constraints layer 4...
exclusion constraints layer 5...
exclusion constraints layer 6...
exclusion constraints layer 7...
exclusion constraints layer 8...
exclusion constraints layer 9...
exclusion constraints layer 10...
exclusion constraints layer 11...
exclusion constraints layer 12...
exclusion constraints layer 13...
exclusion constraints layer 14...
exclusion constraints layer 15...

DECISION LAYER 15, WRITING THIN GP-BASED ENCODING WITH 18541 VARS, 454127 CLAUSES.

time spent:    0.01 seconds instantiating 1303 action templates
               0.00 seconds reachability analysis, yielding 417 facts and 1303 actions
               0.00 seconds collecting 417 relevant facts
               0.00 seconds building connectivity graph
               0.00 seconds building (std) graph
               0.37 seconds CNF output time
               0.38 seconds total planner time (solving not included)


***Solving***


[ filemap ]
[ extract ]

variables : 18541
pure lits : 435

1-clauses : 24
2-clauses : 450423
3-clauses : 2481
n-clauses : 1199
discarded : 0

[ solve ]


unsatisfiable                             

[ stats ]

decisions : 24079
conflicts : 3488
time : ~0.091

***UNSAT***


bb: parsing domain file
domain 'GROUNDED-PATHWAYS-PROPOSITIONAL' defined
 ... done.
bb: parsing problem file
problem 'GROUNDED-PATHWAYS-18' defined
 ... done.


time:   0,    47 facts and       0 exclusive pairs
              93 ops   and    1127 exclusive pairs
time:   1,    94 facts and    1128 exclusive pairs
             232 ops   and   13111 exclusive pairs
time:   2,   141 facts and    1222 exclusive pairs
             333 ops   and   18719 exclusive pairs
time:   3,   146 facts and     194 exclusive pairs
             426 ops   and   27963 exclusive pairs
time:   4,   189 facts and     510 exclusive pairs
             571 ops   and   46102 exclusive pairs
time:   5,   236 facts and    1349 exclusive pairs
             737 ops   and   71211 exclusive pairs
time:   6,   288 facts and    1626 exclusive pairs
             925 ops   and   97304 exclusive pairs
time:   7,   362 facts and    3072 exclusive pairs
            1081 ops   and  127677 exclusive pairs
time:   8,   393 facts and    3310 exclusive pairs
            1185 ops   and  150758 exclusive pairs
time:   9,   406 facts and    1836 exclusive pairs
            1249 ops   and  170796 exclusive pairs
time:  10,   407 facts and    1324 exclusive pairs
            1296 ops   and  194428 exclusive pairs
time:  11,   408 facts and    1319 exclusive pairs
            1343 ops   and  221931 exclusive pairs
time:  12,   409 facts and    1331 exclusive pairs
            1390 ops   and  251677 exclusive pairs
time:  13,   410 facts and    1344 exclusive pairs
            1437 ops   and  283632 exclusive pairs
time:  14,   411 facts and    1358 exclusive pairs
            1484 ops   and  317796 exclusive pairs
time:  15,   412 facts and    1373 exclusive pairs
            1531 ops   and  354169 exclusive pairs
time:  16,   413 facts and    1389 exclusive pairs

creating thin gp-based encoding...
plan graph layer 0...
plan graph layer 1...
plan graph layer 2...
plan graph layer 3...
plan graph layer 4...
plan graph layer 5...
plan graph layer 6...
plan graph layer 7...
plan graph layer 8...
plan graph layer 9...
plan graph layer 10...
plan graph layer 11...
plan graph layer 12...
plan graph layer 13...
plan graph layer 14...
plan graph layer 15...
plan graph layer 16...
goal constraints...
exclusion constraints layer 0...
exclusion constraints layer 1...
exclusion constraints layer 2...
exclusion constraints layer 3...
exclusion constraints layer 4...
exclusion constraints layer 5...
exclusion constraints layer 6...
exclusion constraints layer 7...
exclusion constraints layer 8...
exclusion constraints layer 9...
exclusion constraints layer 10...
exclusion constraints layer 11...
exclusion constraints layer 12...
exclusion constraints layer 13...
exclusion constraints layer 14...
exclusion constraints layer 15...
exclusion constraints layer 16...

DECISION LAYER 16, WRITING THIN GP-BASED ENCODING WITH 20485 VARS, 515863 CLAUSES.

time spent:    0.01 seconds instantiating 1303 action templates
               0.00 seconds reachability analysis, yielding 417 facts and 1303 actions
               0.00 seconds collecting 417 relevant facts
               0.01 seconds building connectivity graph
               0.00 seconds building (std) graph
               0.41 seconds CNF output time
               0.43 seconds total planner time (solving not included)


***Solving***


[ filemap ]
[ extract ]

variables : 20485
pure lits : 436

1-clauses : 24
2-clauses : 511793
3-clauses : 2733
n-clauses : 1313
discarded : 0

[ solve ]


unsatisfiable                             

[ stats ]

decisions : 32406
conflicts : 3083
time : ~0.075

***UNSAT***


bb: parsing domain file
domain 'GROUNDED-PATHWAYS-PROPOSITIONAL' defined
 ... done.
bb: parsing problem file
problem 'GROUNDED-PATHWAYS-18' defined
 ... done.


time:   0,    47 facts and       0 exclusive pairs
              93 ops   and    1127 exclusive pairs
time:   1,    94 facts and    1128 exclusive pairs
             232 ops   and   13111 exclusive pairs
time:   2,   141 facts and    1222 exclusive pairs
             333 ops   and   18719 exclusive pairs
time:   3,   146 facts and     194 exclusive pairs
             426 ops   and   27963 exclusive pairs
time:   4,   189 facts and     510 exclusive pairs
             571 ops   and   46102 exclusive pairs
time:   5,   236 facts and    1349 exclusive pairs
             737 ops   and   71211 exclusive pairs
time:   6,   288 facts and    1626 exclusive pairs
             925 ops   and   97304 exclusive pairs
time:   7,   362 facts and    3072 exclusive pairs
            1081 ops   and  127677 exclusive pairs
time:   8,   393 facts and    3310 exclusive pairs
            1185 ops   and  150758 exclusive pairs
time:   9,   406 facts and    1836 exclusive pairs
            1249 ops   and  170796 exclusive pairs
time:  10,   407 facts and    1324 exclusive pairs
            1296 ops   and  194428 exclusive pairs
time:  11,   408 facts and    1319 exclusive pairs
            1343 ops   and  221931 exclusive pairs
time:  12,   409 facts and    1331 exclusive pairs
            1390 ops   and  251677 exclusive pairs
time:  13,   410 facts and    1344 exclusive pairs
            1437 ops   and  283632 exclusive pairs
time:  14,   411 facts and    1358 exclusive pairs
            1484 ops   and  317796 exclusive pairs
time:  15,   412 facts and    1373 exclusive pairs
            1531 ops   and  354169 exclusive pairs
time:  16,   413 facts and    1389 exclusive pairs
            1578 ops   and  392751 exclusive pairs
time:  17,   414 facts and    1406 exclusive pairs

creating thin gp-based encoding...
plan graph layer 0...
plan graph layer 1...
plan graph layer 2...
plan graph layer 3...
plan graph layer 4...
plan graph layer 5...
plan graph layer 6...
plan graph layer 7...
plan graph layer 8...
plan graph layer 9...
plan graph layer 10...
plan graph layer 11...
plan graph layer 12...
plan graph layer 13...
plan graph layer 14...
plan graph layer 15...
plan graph layer 16...
plan graph layer 17...
goal constraints...
exclusion constraints layer 0...
exclusion constraints layer 1...
exclusion constraints layer 2...
exclusion constraints layer 3...
exclusion constraints layer 4...
exclusion constraints layer 5...
exclusion constraints layer 6...
exclusion constraints layer 7...
exclusion constraints layer 8...
exclusion constraints layer 9...
exclusion constraints layer 10...
exclusion constraints layer 11...
exclusion constraints layer 12...
exclusion constraints layer 13...
exclusion constraints layer 14...
exclusion constraints layer 15...
exclusion constraints layer 16...
exclusion constraints layer 17...

DECISION LAYER 17, WRITING THIN GP-BASED ENCODING WITH 22477 VARS, 581643 CLAUSES.

time spent:    0.02 seconds instantiating 1303 action templates
               0.00 seconds reachability analysis, yielding 417 facts and 1303 actions
               0.00 seconds collecting 417 relevant facts
               0.00 seconds building connectivity graph
               0.00 seconds building (std) graph
               0.46 seconds CNF output time
               0.48 seconds total planner time (solving not included)


***Solving***


[ filemap ]
[ extract ]

variables : 22477
pure lits : 437

1-clauses : 24
2-clauses : 577206
3-clauses : 2985
n-clauses : 1428
discarded : 0

[ solve ]


unsatisfiable                             

[ stats ]

decisions : 40148
conflicts : 9961
time : ~0.423

***UNSAT***


bb: parsing domain file
domain 'GROUNDED-PATHWAYS-PROPOSITIONAL' defined
 ... done.
bb: parsing problem file
problem 'GROUNDED-PATHWAYS-18' defined
 ... done.


time:   0,    47 facts and       0 exclusive pairs
              93 ops   and    1127 exclusive pairs
time:   1,    94 facts and    1128 exclusive pairs
             232 ops   and   13111 exclusive pairs
time:   2,   141 facts and    1222 exclusive pairs
             333 ops   and   18719 exclusive pairs
time:   3,   146 facts and     194 exclusive pairs
             426 ops   and   27963 exclusive pairs
time:   4,   189 facts and     510 exclusive pairs
             571 ops   and   46102 exclusive pairs
time:   5,   236 facts and    1349 exclusive pairs
             737 ops   and   71211 exclusive pairs
time:   6,   288 facts and    1626 exclusive pairs
             925 ops   and   97304 exclusive pairs
time:   7,   362 facts and    3072 exclusive pairs
            1081 ops   and  127677 exclusive pairs
time:   8,   393 facts and    3310 exclusive pairs
            1185 ops   and  150758 exclusive pairs
time:   9,   406 facts and    1836 exclusive pairs
            1249 ops   and  170796 exclusive pairs
time:  10,   407 facts and    1324 exclusive pairs
            1296 ops   and  194428 exclusive pairs
time:  11,   408 facts and    1319 exclusive pairs
            1343 ops   and  221931 exclusive pairs
time:  12,   409 facts and    1331 exclusive pairs
            1390 ops   and  251677 exclusive pairs
time:  13,   410 facts and    1344 exclusive pairs
            1437 ops   and  283632 exclusive pairs
time:  14,   411 facts and    1358 exclusive pairs
            1484 ops   and  317796 exclusive pairs
time:  15,   412 facts and    1373 exclusive pairs
            1531 ops   and  354169 exclusive pairs
time:  16,   413 facts and    1389 exclusive pairs
            1578 ops   and  392751 exclusive pairs
time:  17,   414 facts and    1406 exclusive pairs
            1625 ops   and  433542 exclusive pairs
time:  18,   415 facts and    1424 exclusive pairs

creating thin gp-based encoding...
plan graph layer 0...
plan graph layer 1...
plan graph layer 2...
plan graph layer 3...
plan graph layer 4...
plan graph layer 5...
plan graph layer 6...
plan graph layer 7...
plan graph layer 8...
plan graph layer 9...
plan graph layer 10...
plan graph layer 11...
plan graph layer 12...
plan graph layer 13...
plan graph layer 14...
plan graph layer 15...
plan graph layer 16...
plan graph layer 17...
plan graph layer 18...
goal constraints...
exclusion constraints layer 0...
exclusion constraints layer 1...
exclusion constraints layer 2...
exclusion constraints layer 3...
exclusion constraints layer 4...
exclusion constraints layer 5...
exclusion constraints layer 6...
exclusion constraints layer 7...
exclusion constraints layer 8...
exclusion constraints layer 9...
exclusion constraints layer 10...
exclusion constraints layer 11...
exclusion constraints layer 12...
exclusion constraints layer 13...
exclusion constraints layer 14...
exclusion constraints layer 15...
exclusion constraints layer 16...
exclusion constraints layer 17...
exclusion constraints layer 18...

DECISION LAYER 18, WRITING THIN GP-BASED ENCODING WITH 24517 VARS, 651514 CLAUSES.

time spent:    0.01 seconds instantiating 1303 action templates
               0.00 seconds reachability analysis, yielding 417 facts and 1303 actions
               0.00 seconds collecting 417 relevant facts
               0.00 seconds building connectivity graph
               0.00 seconds building (std) graph
               0.52 seconds CNF output time
               0.53 seconds total planner time (solving not included)


***Solving***


[ filemap ]
[ extract ]

variables : 24517
pure lits : 438

1-clauses : 24
2-clauses : 646709
3-clauses : 3237
n-clauses : 1544
discarded : 0

[ solve ]


unsatisfiable                             

[ stats ]

decisions : 332812
conflicts : 205380
time : ~35.52

***UNSAT***


bb: parsing domain file
domain 'GROUNDED-PATHWAYS-PROPOSITIONAL' defined
 ... done.
bb: parsing problem file
problem 'GROUNDED-PATHWAYS-18' defined
 ... done.


time:   0,    47 facts and       0 exclusive pairs
              93 ops   and    1127 exclusive pairs
time:   1,    94 facts and    1128 exclusive pairs
             232 ops   and   13111 exclusive pairs
time:   2,   141 facts and    1222 exclusive pairs
             333 ops   and   18719 exclusive pairs
time:   3,   146 facts and     194 exclusive pairs
             426 ops   and   27963 exclusive pairs
time:   4,   189 facts and     510 exclusive pairs
             571 ops   and   46102 exclusive pairs
time:   5,   236 facts and    1349 exclusive pairs
             737 ops   and   71211 exclusive pairs
time:   6,   288 facts and    1626 exclusive pairs
             925 ops   and   97304 exclusive pairs
time:   7,   362 facts and    3072 exclusive pairs
            1081 ops   and  127677 exclusive pairs
time:   8,   393 facts and    3310 exclusive pairs
            1185 ops   and  150758 exclusive pairs
time:   9,   406 facts and    1836 exclusive pairs
            1249 ops   and  170796 exclusive pairs
time:  10,   407 facts and    1324 exclusive pairs
            1296 ops   and  194428 exclusive pairs
time:  11,   408 facts and    1319 exclusive pairs
            1343 ops   and  221931 exclusive pairs
time:  12,   409 facts and    1331 exclusive pairs
            1390 ops   and  251677 exclusive pairs
time:  13,   410 facts and    1344 exclusive pairs
            1437 ops   and  283632 exclusive pairs
time:  14,   411 facts and    1358 exclusive pairs
            1484 ops   and  317796 exclusive pairs
time:  15,   412 facts and    1373 exclusive pairs
            1531 ops   and  354169 exclusive pairs
time:  16,   413 facts and    1389 exclusive pairs
            1578 ops   and  392751 exclusive pairs
time:  17,   414 facts and    1406 exclusive pairs
            1625 ops   and  433542 exclusive pairs
time:  18,   415 facts and    1424 exclusive pairs
            1672 ops   and  476542 exclusive pairs
time:  19,   416 facts and    1443 exclusive pairs

creating thin gp-based encoding...
plan graph layer 0...
plan graph layer 1...
plan graph layer 2...
plan graph layer 3...
plan graph layer 4...
plan graph layer 5...
plan graph layer 6...
plan graph layer 7...
plan graph layer 8...
plan graph layer 9...
plan graph layer 10...
plan graph layer 11...
plan graph layer 12...
plan graph layer 13...
plan graph layer 14...
plan graph layer 15...
plan graph layer 16...
plan graph layer 17...
plan graph layer 18...
plan graph layer 19...
goal constraints...
exclusion constraints layer 0...
exclusion constraints layer 1...
exclusion constraints layer 2...
exclusion constraints layer 3...
exclusion constraints layer 4...
exclusion constraints layer 5...
exclusion constraints layer 6...
exclusion constraints layer 7...
exclusion constraints layer 8...
exclusion constraints layer 9...
exclusion constraints layer 10...
exclusion constraints layer 11...
exclusion constraints layer 12...
exclusion constraints layer 13...
exclusion constraints layer 14...
exclusion constraints layer 15...
exclusion constraints layer 16...
exclusion constraints layer 17...
exclusion constraints layer 18...
exclusion constraints layer 19...

DECISION LAYER 19, WRITING THIN GP-BASED ENCODING WITH 26605 VARS, 725523 CLAUSES.

time spent:    0.01 seconds instantiating 1303 action templates
               0.00 seconds reachability analysis, yielding 417 facts and 1303 actions
               0.00 seconds collecting 417 relevant facts
               0.00 seconds building connectivity graph
               0.00 seconds building (std) graph
               0.57 seconds CNF output time
               0.58 seconds total planner time (solving not included)


***Solving***


[ filemap ]
[ extract ]

variables : 26605
pure lits : 439

1-clauses : 24
2-clauses : 720349
3-clauses : 3489
n-clauses : 1661
discarded : 0

[ solve ]

