---SatPlan Version: 1.1

bb: parsing domain file
domain 'GROUNDED-PATHWAYS-PROPOSITIONAL' defined
 ... done.
bb: parsing problem file
problem 'GROUNDED-PATHWAYS-21' defined
 ... done.


time:   0,    62 facts and       0 exclusive pairs
             123 ops   and    1952 exclusive pairs
time:   1,   124 facts and    1953 exclusive pairs

creating thin gp-based encoding...
plan graph layer 0...
plan graph layer 1...
goal constraints...

goal fact not coded - level too low??


bb: parsing domain file
domain 'GROUNDED-PATHWAYS-PROPOSITIONAL' defined
 ... done.
bb: parsing problem file
problem 'GROUNDED-PATHWAYS-21' defined
 ... done.


time:   0,    62 facts and       0 exclusive pairs
             123 ops   and    1952 exclusive pairs
time:   1,   124 facts and    1953 exclusive pairs
             307 ops   and   22876 exclusive pairs
time:   2,   186 facts and    2077 exclusive pairs

creating thin gp-based encoding...
plan graph layer 0...
plan graph layer 1...
plan graph layer 2...
goal constraints...

goal fact not coded - level too low??


bb: parsing domain file
domain 'GROUNDED-PATHWAYS-PROPOSITIONAL' defined
 ... done.
bb: parsing problem file
problem 'GROUNDED-PATHWAYS-21' defined
 ... done.


time:   0,    62 facts and       0 exclusive pairs
             123 ops   and    1952 exclusive pairs
time:   1,   124 facts and    1953 exclusive pairs
             307 ops   and   22876 exclusive pairs
time:   2,   186 facts and    2077 exclusive pairs
             438 ops   and   32129 exclusive pairs
time:   3,   191 facts and     254 exclusive pairs

creating thin gp-based encoding...
plan graph layer 0...
plan graph layer 1...
plan graph layer 2...
plan graph layer 3...
goal constraints...

goal fact not coded - level too low??


bb: parsing domain file
domain 'GROUNDED-PATHWAYS-PROPOSITIONAL' defined
 ... done.
bb: parsing problem file
problem 'GROUNDED-PATHWAYS-21' defined
 ... done.


time:   0,    62 facts and       0 exclusive pairs
             123 ops   and    1952 exclusive pairs
time:   1,   124 facts and    1953 exclusive pairs
             307 ops   and   22876 exclusive pairs
time:   2,   186 facts and    2077 exclusive pairs
             438 ops   and   32129 exclusive pairs
time:   3,   191 facts and     254 exclusive pairs
             561 ops   and   48054 exclusive pairs
time:   4,   246 facts and     647 exclusive pairs

creating thin gp-based encoding...
plan graph layer 0...
plan graph layer 1...
plan graph layer 2...
plan graph layer 3...
plan graph layer 4...
goal constraints...

goal fact not coded - level too low??


bb: parsing domain file
domain 'GROUNDED-PATHWAYS-PROPOSITIONAL' defined
 ... done.
bb: parsing problem file
problem 'GROUNDED-PATHWAYS-21' defined
 ... done.


time:   0,    62 facts and       0 exclusive pairs
             123 ops   and    1952 exclusive pairs
time:   1,   124 facts and    1953 exclusive pairs
             307 ops   and   22876 exclusive pairs
time:   2,   186 facts and    2077 exclusive pairs
             438 ops   and   32129 exclusive pairs
time:   3,   191 facts and     254 exclusive pairs
             561 ops   and   48054 exclusive pairs
time:   4,   246 facts and     647 exclusive pairs
             732 ops   and   76191 exclusive pairs
time:   5,   292 facts and    1573 exclusive pairs

creating thin gp-based encoding...
plan graph layer 0...
plan graph layer 1...
plan graph layer 2...
plan graph layer 3...
plan graph layer 4...
plan graph layer 5...
goal constraints...

goal fact not coded - level too low??


bb: parsing domain file
domain 'GROUNDED-PATHWAYS-PROPOSITIONAL' defined
 ... done.
bb: parsing problem file
problem 'GROUNDED-PATHWAYS-21' defined
 ... done.


time:   0,    62 facts and       0 exclusive pairs
             123 ops   and    1952 exclusive pairs
time:   1,   124 facts and    1953 exclusive pairs
             307 ops   and   22876 exclusive pairs
time:   2,   186 facts and    2077 exclusive pairs
             438 ops   and   32129 exclusive pairs
time:   3,   191 facts and     254 exclusive pairs
             561 ops   and   48054 exclusive pairs
time:   4,   246 facts and     647 exclusive pairs
             732 ops   and   76191 exclusive pairs
time:   5,   292 facts and    1573 exclusive pairs
             938 ops   and  118323 exclusive pairs
time:   6,   339 facts and    1705 exclusive pairs

creating thin gp-based encoding...
plan graph layer 0...
plan graph layer 1...
plan graph layer 2...
plan graph layer 3...
plan graph layer 4...
plan graph layer 5...
plan graph layer 6...
goal constraints...

goal fact not coded - level too low??


bb: parsing domain file
domain 'GROUNDED-PATHWAYS-PROPOSITIONAL' defined
 ... done.
bb: parsing problem file
problem 'GROUNDED-PATHWAYS-21' defined
 ... done.


time:   0,    62 facts and       0 exclusive pairs
             123 ops   and    1952 exclusive pairs
time:   1,   124 facts and    1953 exclusive pairs
             307 ops   and   22876 exclusive pairs
time:   2,   186 facts and    2077 exclusive pairs
             438 ops   and   32129 exclusive pairs
time:   3,   191 facts and     254 exclusive pairs
             561 ops   and   48054 exclusive pairs
time:   4,   246 facts and     647 exclusive pairs
             732 ops   and   76191 exclusive pairs
time:   5,   292 facts and    1573 exclusive pairs
             938 ops   and  118323 exclusive pairs
time:   6,   339 facts and    1705 exclusive pairs
            1159 ops   and  161736 exclusive pairs
time:   7,   402 facts and    2667 exclusive pairs

creating thin gp-based encoding...
plan graph layer 0...
plan graph layer 1...
plan graph layer 2...
plan graph layer 3...
plan graph layer 4...
plan graph layer 5...
plan graph layer 6...
plan graph layer 7...
goal constraints...

goal fact not coded - level too low??


bb: parsing domain file
domain 'GROUNDED-PATHWAYS-PROPOSITIONAL' defined
 ... done.
bb: parsing problem file
problem 'GROUNDED-PATHWAYS-21' defined
 ... done.


time:   0,    62 facts and       0 exclusive pairs
             123 ops   and    1952 exclusive pairs
time:   1,   124 facts and    1953 exclusive pairs
             307 ops   and   22876 exclusive pairs
time:   2,   186 facts and    2077 exclusive pairs
             438 ops   and   32129 exclusive pairs
time:   3,   191 facts and     254 exclusive pairs
             561 ops   and   48054 exclusive pairs
time:   4,   246 facts and     647 exclusive pairs
             732 ops   and   76191 exclusive pairs
time:   5,   292 facts and    1573 exclusive pairs
             938 ops   and  118323 exclusive pairs
time:   6,   339 facts and    1705 exclusive pairs
            1159 ops   and  161736 exclusive pairs
time:   7,   402 facts and    2667 exclusive pairs
            1367 ops   and  209440 exclusive pairs
time:   8,   431 facts and    2791 exclusive pairs

creating thin gp-based encoding...
plan graph layer 0...
plan graph layer 1...
plan graph layer 2...
plan graph layer 3...
plan graph layer 4...
plan graph layer 5...
plan graph layer 6...
plan graph layer 7...
plan graph layer 8...
goal constraints...

goal fact not coded - level too low??


bb: parsing domain file
domain 'GROUNDED-PATHWAYS-PROPOSITIONAL' defined
 ... done.
bb: parsing problem file
problem 'GROUNDED-PATHWAYS-21' defined
 ... done.


time:   0,    62 facts and       0 exclusive pairs
             123 ops   and    1952 exclusive pairs
time:   1,   124 facts and    1953 exclusive pairs
             307 ops   and   22876 exclusive pairs
time:   2,   186 facts and    2077 exclusive pairs
             438 ops   and   32129 exclusive pairs
time:   3,   191 facts and     254 exclusive pairs
             561 ops   and   48054 exclusive pairs
time:   4,   246 facts and     647 exclusive pairs
             732 ops   and   76191 exclusive pairs
time:   5,   292 facts and    1573 exclusive pairs
             938 ops   and  118323 exclusive pairs
time:   6,   339 facts and    1705 exclusive pairs
            1159 ops   and  161736 exclusive pairs
time:   7,   402 facts and    2667 exclusive pairs
            1367 ops   and  209440 exclusive pairs
time:   8,   431 facts and    2791 exclusive pairs
            1479 ops   and  241820 exclusive pairs
time:   9,   444 facts and    1762 exclusive pairs

creating thin gp-based encoding...
plan graph layer 0...
plan graph layer 1...
plan graph layer 2...
plan graph layer 3...
plan graph layer 4...
plan graph layer 5...
plan graph layer 6...
plan graph layer 7...
plan graph layer 8...
plan graph layer 9...
goal constraints...

goal fact not coded - level too low??


bb: parsing domain file
domain 'GROUNDED-PATHWAYS-PROPOSITIONAL' defined
 ... done.
bb: parsing problem file
problem 'GROUNDED-PATHWAYS-21' defined
 ... done.


time:   0,    62 facts and       0 exclusive pairs
             123 ops   and    1952 exclusive pairs
time:   1,   124 facts and    1953 exclusive pairs
             307 ops   and   22876 exclusive pairs
time:   2,   186 facts and    2077 exclusive pairs
             438 ops   and   32129 exclusive pairs
time:   3,   191 facts and     254 exclusive pairs
             561 ops   and   48054 exclusive pairs
time:   4,   246 facts and     647 exclusive pairs
             732 ops   and   76191 exclusive pairs
time:   5,   292 facts and    1573 exclusive pairs
             938 ops   and  118323 exclusive pairs
time:   6,   339 facts and    1705 exclusive pairs
            1159 ops   and  161736 exclusive pairs
time:   7,   402 facts and    2667 exclusive pairs
            1367 ops   and  209440 exclusive pairs
time:   8,   431 facts and    2791 exclusive pairs
            1479 ops   and  241820 exclusive pairs
time:   9,   444 facts and    1762 exclusive pairs
            1569 ops   and  277198 exclusive pairs
time:  10,   456 facts and    1477 exclusive pairs

creating thin gp-based encoding...
plan graph layer 0...
plan graph layer 1...
plan graph layer 2...
plan graph layer 3...
plan graph layer 4...
plan graph layer 5...
plan graph layer 6...
plan graph layer 7...
plan graph layer 8...
plan graph layer 9...
plan graph layer 10...
goal constraints...

goal fact not coded - level too low??


bb: parsing domain file
domain 'GROUNDED-PATHWAYS-PROPOSITIONAL' defined
 ... done.
bb: parsing problem file
problem 'GROUNDED-PATHWAYS-21' defined
 ... done.


time:   0,    62 facts and       0 exclusive pairs
             123 ops   and    1952 exclusive pairs
time:   1,   124 facts and    1953 exclusive pairs
             307 ops   and   22876 exclusive pairs
time:   2,   186 facts and    2077 exclusive pairs
             438 ops   and   32129 exclusive pairs
time:   3,   191 facts and     254 exclusive pairs
             561 ops   and   48054 exclusive pairs
time:   4,   246 facts and     647 exclusive pairs
             732 ops   and   76191 exclusive pairs
time:   5,   292 facts and    1573 exclusive pairs
             938 ops   and  118323 exclusive pairs
time:   6,   339 facts and    1705 exclusive pairs
            1159 ops   and  161736 exclusive pairs
time:   7,   402 facts and    2667 exclusive pairs
            1367 ops   and  209440 exclusive pairs
time:   8,   431 facts and    2791 exclusive pairs
            1479 ops   and  241820 exclusive pairs
time:   9,   444 facts and    1762 exclusive pairs
            1569 ops   and  277198 exclusive pairs
time:  10,   456 facts and    1477 exclusive pairs
            1656 ops   and  322466 exclusive pairs
time:  11,   464 facts and    1463 exclusive pairs

creating thin gp-based encoding...
plan graph layer 0...
plan graph layer 1...
plan graph layer 2...
plan graph layer 3...
plan graph layer 4...
plan graph layer 5...
plan graph layer 6...
plan graph layer 7...
plan graph layer 8...
plan graph layer 9...
plan graph layer 10...
plan graph layer 11...
goal constraints...

goal fact not coded - level too low??


bb: parsing domain file
domain 'GROUNDED-PATHWAYS-PROPOSITIONAL' defined
 ... done.
bb: parsing problem file
problem 'GROUNDED-PATHWAYS-21' defined
 ... done.


time:   0,    62 facts and       0 exclusive pairs
             123 ops   and    1952 exclusive pairs
time:   1,   124 facts and    1953 exclusive pairs
             307 ops   and   22876 exclusive pairs
time:   2,   186 facts and    2077 exclusive pairs
             438 ops   and   32129 exclusive pairs
time:   3,   191 facts and     254 exclusive pairs
             561 ops   and   48054 exclusive pairs
time:   4,   246 facts and     647 exclusive pairs
             732 ops   and   76191 exclusive pairs
time:   5,   292 facts and    1573 exclusive pairs
             938 ops   and  118323 exclusive pairs
time:   6,   339 facts and    1705 exclusive pairs
            1159 ops   and  161736 exclusive pairs
time:   7,   402 facts and    2667 exclusive pairs
            1367 ops   and  209440 exclusive pairs
time:   8,   431 facts and    2791 exclusive pairs
            1479 ops   and  241820 exclusive pairs
time:   9,   444 facts and    1762 exclusive pairs
            1569 ops   and  277198 exclusive pairs
time:  10,   456 facts and    1477 exclusive pairs
            1656 ops   and  322466 exclusive pairs
time:  11,   464 facts and    1463 exclusive pairs
            1749 ops   and  374044 exclusive pairs
time:  12,   484 facts and    1797 exclusive pairs

creating thin gp-based encoding...
plan graph layer 0...
plan graph layer 1...
plan graph layer 2...
plan graph layer 3...
plan graph layer 4...
plan graph layer 5...
plan graph layer 6...
plan graph layer 7...
plan graph layer 8...
plan graph layer 9...
plan graph layer 10...
plan graph layer 11...
plan graph layer 12...
goal constraints...

goal fact not coded - level too low??


bb: parsing domain file
domain 'GROUNDED-PATHWAYS-PROPOSITIONAL' defined
 ... done.
bb: parsing problem file
problem 'GROUNDED-PATHWAYS-21' defined
 ... done.


time:   0,    62 facts and       0 exclusive pairs
             123 ops   and    1952 exclusive pairs
time:   1,   124 facts and    1953 exclusive pairs
             307 ops   and   22876 exclusive pairs
time:   2,   186 facts and    2077 exclusive pairs
             438 ops   and   32129 exclusive pairs
time:   3,   191 facts and     254 exclusive pairs
             561 ops   and   48054 exclusive pairs
time:   4,   246 facts and     647 exclusive pairs
             732 ops   and   76191 exclusive pairs
time:   5,   292 facts and    1573 exclusive pairs
             938 ops   and  118323 exclusive pairs
time:   6,   339 facts and    1705 exclusive pairs
            1159 ops   and  161736 exclusive pairs
time:   7,   402 facts and    2667 exclusive pairs
            1367 ops   and  209440 exclusive pairs
time:   8,   431 facts and    2791 exclusive pairs
            1479 ops   and  241820 exclusive pairs
time:   9,   444 facts and    1762 exclusive pairs
            1569 ops   and  277198 exclusive pairs
time:  10,   456 facts and    1477 exclusive pairs
            1656 ops   and  322466 exclusive pairs
time:  11,   464 facts and    1463 exclusive pairs
            1749 ops   and  374044 exclusive pairs
time:  12,   484 facts and    1797 exclusive pairs
            1846 ops   and  431163 exclusive pairs
time:  13,   491 facts and    1768 exclusive pairs

creating thin gp-based encoding...
plan graph layer 0...
plan graph layer 1...
plan graph layer 2...
plan graph layer 3...
plan graph layer 4...
plan graph layer 5...
plan graph layer 6...
plan graph layer 7...
plan graph layer 8...
plan graph layer 9...
plan graph layer 10...
plan graph layer 11...
plan graph layer 12...
plan graph layer 13...
goal constraints...
exclusion constraints layer 0...
exclusion constraints layer 1...
exclusion constraints layer 2...
exclusion constraints layer 3...
exclusion constraints layer 4...
exclusion constraints layer 5...
exclusion constraints layer 6...
exclusion constraints layer 7...
exclusion constraints layer 8...
exclusion constraints layer 9...
exclusion constraints layer 10...
exclusion constraints layer 11...
exclusion constraints layer 12...
exclusion constraints layer 13...

DECISION LAYER 13, WRITING THIN GP-BASED ENCODING WITH 18536 VARS, 557869 CLAUSES.

time spent:    0.02 seconds instantiating 1911 action templates
               0.00 seconds reachability analysis, yielding 500 facts and 1911 actions
               0.00 seconds collecting 500 relevant facts
               0.01 seconds building connectivity graph
               0.00 seconds building (std) graph
               0.47 seconds CNF output time
               0.50 seconds total planner time (solving not included)


***Solving***


[ filemap ]
[ extract ]

variables : 18536
pure lits : 525

1-clauses : 28
2-clauses : 554482
3-clauses : 2204
n-clauses : 1155
discarded : 0

[ solve ]


unsatisfiable                             

[ stats ]

decisions : 0
conflicts : 1
time : ~0.01

***UNSAT***


bb: parsing domain file
domain 'GROUNDED-PATHWAYS-PROPOSITIONAL' defined
 ... done.
bb: parsing problem file
problem 'GROUNDED-PATHWAYS-21' defined
 ... done.


time:   0,    62 facts and       0 exclusive pairs
             123 ops   and    1952 exclusive pairs
time:   1,   124 facts and    1953 exclusive pairs
             307 ops   and   22876 exclusive pairs
time:   2,   186 facts and    2077 exclusive pairs
             438 ops   and   32129 exclusive pairs
time:   3,   191 facts and     254 exclusive pairs
             561 ops   and   48054 exclusive pairs
time:   4,   246 facts and     647 exclusive pairs
             732 ops   and   76191 exclusive pairs
time:   5,   292 facts and    1573 exclusive pairs
             938 ops   and  118323 exclusive pairs
time:   6,   339 facts and    1705 exclusive pairs
            1159 ops   and  161736 exclusive pairs
time:   7,   402 facts and    2667 exclusive pairs
            1367 ops   and  209440 exclusive pairs
time:   8,   431 facts and    2791 exclusive pairs
            1479 ops   and  241820 exclusive pairs
time:   9,   444 facts and    1762 exclusive pairs
            1569 ops   and  277198 exclusive pairs
time:  10,   456 facts and    1477 exclusive pairs
            1656 ops   and  322466 exclusive pairs
time:  11,   464 facts and    1463 exclusive pairs
            1749 ops   and  374044 exclusive pairs
time:  12,   484 facts and    1797 exclusive pairs
            1846 ops   and  431163 exclusive pairs
time:  13,   491 facts and    1768 exclusive pairs
            1914 ops   and  485636 exclusive pairs
time:  14,   492 facts and    1641 exclusive pairs

creating thin gp-based encoding...
plan graph layer 0...
plan graph layer 1...
plan graph layer 2...
plan graph layer 3...
plan graph layer 4...
plan graph layer 5...
plan graph layer 6...
plan graph layer 7...
plan graph layer 8...
plan graph layer 9...
plan graph layer 10...
plan graph layer 11...
plan graph layer 12...
plan graph layer 13...
plan graph layer 14...
goal constraints...
exclusion constraints layer 0...
exclusion constraints layer 1...
exclusion constraints layer 2...
exclusion constraints layer 3...
exclusion constraints layer 4...
exclusion constraints layer 5...
exclusion constraints layer 6...
exclusion constraints layer 7...
exclusion constraints layer 8...
exclusion constraints layer 9...
exclusion constraints layer 10...
exclusion constraints layer 11...
exclusion constraints layer 12...
exclusion constraints layer 13...
exclusion constraints layer 14...

DECISION LAYER 14, WRITING THIN GP-BASED ENCODING WITH 20942 VARS, 647113 CLAUSES.

time spent:    0.02 seconds instantiating 1911 action templates
               0.00 seconds reachability analysis, yielding 500 facts and 1911 actions
               0.00 seconds collecting 500 relevant facts
               0.00 seconds building connectivity graph
               0.00 seconds building (std) graph
               0.58 seconds CNF output time
               0.60 seconds total planner time (solving not included)


***Solving***


[ filemap ]
[ extract ]

variables : 20942
pure lits : 526

1-clauses : 28
2-clauses : 643296
3-clauses : 2494
n-clauses : 1295
discarded : 0

[ solve ]


unsatisfiable                             

[ stats ]

decisions : 0
conflicts : 1
time : ~0.01

***UNSAT***


bb: parsing domain file
domain 'GROUNDED-PATHWAYS-PROPOSITIONAL' defined
 ... done.
bb: parsing problem file
problem 'GROUNDED-PATHWAYS-21' defined
 ... done.


time:   0,    62 facts and       0 exclusive pairs
             123 ops   and    1952 exclusive pairs
time:   1,   124 facts and    1953 exclusive pairs
             307 ops   and   22876 exclusive pairs
time:   2,   186 facts and    2077 exclusive pairs
             438 ops   and   32129 exclusive pairs
time:   3,   191 facts and     254 exclusive pairs
             561 ops   and   48054 exclusive pairs
time:   4,   246 facts and     647 exclusive pairs
             732 ops   and   76191 exclusive pairs
time:   5,   292 facts and    1573 exclusive pairs
             938 ops   and  118323 exclusive pairs
time:   6,   339 facts and    1705 exclusive pairs
            1159 ops   and  161736 exclusive pairs
time:   7,   402 facts and    2667 exclusive pairs
            1367 ops   and  209440 exclusive pairs
time:   8,   431 facts and    2791 exclusive pairs
            1479 ops   and  241820 exclusive pairs
time:   9,   444 facts and    1762 exclusive pairs
            1569 ops   and  277198 exclusive pairs
time:  10,   456 facts and    1477 exclusive pairs
            1656 ops   and  322466 exclusive pairs
time:  11,   464 facts and    1463 exclusive pairs
            1749 ops   and  374044 exclusive pairs
time:  12,   484 facts and    1797 exclusive pairs
            1846 ops   and  431163 exclusive pairs
time:  13,   491 facts and    1768 exclusive pairs
            1914 ops   and  485636 exclusive pairs
time:  14,   492 facts and    1641 exclusive pairs
            1976 ops   and  544054 exclusive pairs
time:  15,   493 facts and    1653 exclusive pairs

creating thin gp-based encoding...
plan graph layer 0...
plan graph layer 1...
plan graph layer 2...
plan graph layer 3...
plan graph layer 4...
plan graph layer 5...
plan graph layer 6...
plan graph layer 7...
plan graph layer 8...
plan graph layer 9...
plan graph layer 10...
plan graph layer 11...
plan graph layer 12...
plan graph layer 13...
plan graph layer 14...
plan graph layer 15...
goal constraints...
exclusion constraints layer 0...
exclusion constraints layer 1...
exclusion constraints layer 2...
exclusion constraints layer 3...
exclusion constraints layer 4...
exclusion constraints layer 5...
exclusion constraints layer 6...
exclusion constraints layer 7...
exclusion constraints layer 8...
exclusion constraints layer 9...
exclusion constraints layer 10...
exclusion constraints layer 11...
exclusion constraints layer 12...
exclusion constraints layer 13...
exclusion constraints layer 14...
exclusion constraints layer 15...

DECISION LAYER 15, WRITING THIN GP-BASED ENCODING WITH 23411 VARS, 742959 CLAUSES.

time spent:    0.02 seconds instantiating 1911 action templates
               0.00 seconds reachability analysis, yielding 500 facts and 1911 actions
               0.00 seconds collecting 500 relevant facts
               0.01 seconds building connectivity graph
               0.00 seconds building (std) graph
               0.64 seconds CNF output time
               0.67 seconds total planner time (solving not included)


***Solving***


[ filemap ]
[ extract ]

variables : 23411
pure lits : 527

1-clauses : 28
2-clauses : 738711
3-clauses : 2784
n-clauses : 1436
discarded : 0

[ solve ]


unsatisfiable                             

[ stats ]

decisions : 1475
conflicts : 83
time : ~0.01

***UNSAT***


bb: parsing domain file
domain 'GROUNDED-PATHWAYS-PROPOSITIONAL' defined
 ... done.
bb: parsing problem file
problem 'GROUNDED-PATHWAYS-21' defined
 ... done.


time:   0,    62 facts and       0 exclusive pairs
             123 ops   and    1952 exclusive pairs
time:   1,   124 facts and    1953 exclusive pairs
             307 ops   and   22876 exclusive pairs
time:   2,   186 facts and    2077 exclusive pairs
             438 ops   and   32129 exclusive pairs
time:   3,   191 facts and     254 exclusive pairs
             561 ops   and   48054 exclusive pairs
time:   4,   246 facts and     647 exclusive pairs
             732 ops   and   76191 exclusive pairs
time:   5,   292 facts and    1573 exclusive pairs
             938 ops   and  118323 exclusive pairs
time:   6,   339 facts and    1705 exclusive pairs
            1159 ops   and  161736 exclusive pairs
time:   7,   402 facts and    2667 exclusive pairs
            1367 ops   and  209440 exclusive pairs
time:   8,   431 facts and    2791 exclusive pairs
            1479 ops   and  241820 exclusive pairs
time:   9,   444 facts and    1762 exclusive pairs
            1569 ops   and  277198 exclusive pairs
time:  10,   456 facts and    1477 exclusive pairs
            1656 ops   and  322466 exclusive pairs
time:  11,   464 facts and    1463 exclusive pairs
            1749 ops   and  374044 exclusive pairs
time:  12,   484 facts and    1797 exclusive pairs
            1846 ops   and  431163 exclusive pairs
time:  13,   491 facts and    1768 exclusive pairs
            1914 ops   and  485636 exclusive pairs
time:  14,   492 facts and    1641 exclusive pairs
            1976 ops   and  544054 exclusive pairs
time:  15,   493 facts and    1653 exclusive pairs
            2038 ops   and  606761 exclusive pairs
time:  16,   494 facts and    1669 exclusive pairs

creating thin gp-based encoding...
plan graph layer 0...
plan graph layer 1...
plan graph layer 2...
plan graph layer 3...
plan graph layer 4...
plan graph layer 5...
plan graph layer 6...
plan graph layer 7...
plan graph layer 8...
plan graph layer 9...
plan graph layer 10...
plan graph layer 11...
plan graph layer 12...
plan graph layer 13...
plan graph layer 14...
plan graph layer 15...
plan graph layer 16...
goal constraints...
exclusion constraints layer 0...
exclusion constraints layer 1...
exclusion constraints layer 2...
exclusion constraints layer 3...
exclusion constraints layer 4...
exclusion constraints layer 5...
exclusion constraints layer 6...
exclusion constraints layer 7...
exclusion constraints layer 8...
exclusion constraints layer 9...
exclusion constraints layer 10...
exclusion constraints layer 11...
exclusion constraints layer 12...
exclusion constraints layer 13...
exclusion constraints layer 14...
exclusion constraints layer 15...
exclusion constraints layer 16...

DECISION LAYER 16, WRITING THIN GP-BASED ENCODING WITH 25943 VARS, 845472 CLAUSES.

time spent:    0.02 seconds instantiating 1911 action templates
               0.01 seconds reachability analysis, yielding 500 facts and 1911 actions
               0.00 seconds collecting 500 relevant facts
               0.00 seconds building connectivity graph
               0.00 seconds building (std) graph
               0.74 seconds CNF output time
               0.77 seconds total planner time (solving not included)


***Solving***


[ filemap ]
[ extract ]

variables : 25943
pure lits : 528

1-clauses : 28
2-clauses : 840792
3-clauses : 3074
n-clauses : 1578
discarded : 0

[ solve ]


unsatisfiable                             

[ stats ]

decisions : 27945
conflicts : 2399
time : ~0.129

***UNSAT***


bb: parsing domain file
domain 'GROUNDED-PATHWAYS-PROPOSITIONAL' defined
 ... done.
bb: parsing problem file
problem 'GROUNDED-PATHWAYS-21' defined
 ... done.


time:   0,    62 facts and       0 exclusive pairs
             123 ops   and    1952 exclusive pairs
time:   1,   124 facts and    1953 exclusive pairs
             307 ops   and   22876 exclusive pairs
time:   2,   186 facts and    2077 exclusive pairs
             438 ops   and   32129 exclusive pairs
time:   3,   191 facts and     254 exclusive pairs
             561 ops   and   48054 exclusive pairs
time:   4,   246 facts and     647 exclusive pairs
             732 ops   and   76191 exclusive pairs
time:   5,   292 facts and    1573 exclusive pairs
             938 ops   and  118323 exclusive pairs
time:   6,   339 facts and    1705 exclusive pairs
            1159 ops   and  161736 exclusive pairs
time:   7,   402 facts and    2667 exclusive pairs
            1367 ops   and  209440 exclusive pairs
time:   8,   431 facts and    2791 exclusive pairs
            1479 ops   and  241820 exclusive pairs
time:   9,   444 facts and    1762 exclusive pairs
            1569 ops   and  277198 exclusive pairs
time:  10,   456 facts and    1477 exclusive pairs
            1656 ops   and  322466 exclusive pairs
time:  11,   464 facts and    1463 exclusive pairs
            1749 ops   and  374044 exclusive pairs
time:  12,   484 facts and    1797 exclusive pairs
            1846 ops   and  431163 exclusive pairs
time:  13,   491 facts and    1768 exclusive pairs
            1914 ops   and  485636 exclusive pairs
time:  14,   492 facts and    1641 exclusive pairs
            1976 ops   and  544054 exclusive pairs
time:  15,   493 facts and    1653 exclusive pairs
            2038 ops   and  606761 exclusive pairs
time:  16,   494 facts and    1669 exclusive pairs
            2100 ops   and  673315 exclusive pairs
time:  17,   495 facts and    1686 exclusive pairs

creating thin gp-based encoding...
plan graph layer 0...
plan graph layer 1...
plan graph layer 2...
plan graph layer 3...
plan graph layer 4...
plan graph layer 5...
plan graph layer 6...
plan graph layer 7...
plan graph layer 8...
plan graph layer 9...
plan graph layer 10...
plan graph layer 11...
plan graph layer 12...
plan graph layer 13...
plan graph layer 14...
plan graph layer 15...
plan graph layer 16...
plan graph layer 17...
goal constraints...
exclusion constraints layer 0...
exclusion constraints layer 1...
exclusion constraints layer 2...
exclusion constraints layer 3...
exclusion constraints layer 4...
exclusion constraints layer 5...
exclusion constraints layer 6...
exclusion constraints layer 7...
exclusion constraints layer 8...
exclusion constraints layer 9...
exclusion constraints layer 10...
exclusion constraints layer 11...
exclusion constraints layer 12...
exclusion constraints layer 13...
exclusion constraints layer 14...
exclusion constraints layer 15...
exclusion constraints layer 16...
exclusion constraints layer 17...

DECISION LAYER 17, WRITING THIN GP-BASED ENCODING WITH 28538 VARS, 954714 CLAUSES.

time spent:    0.02 seconds instantiating 1911 action templates
               0.01 seconds reachability analysis, yielding 500 facts and 1911 actions
               0.00 seconds collecting 500 relevant facts
               0.00 seconds building connectivity graph
               0.00 seconds building (std) graph
               0.83 seconds CNF output time
               0.86 seconds total planner time (solving not included)


***Solving***


[ filemap ]
[ extract ]

variables : 28538
pure lits : 529

1-clauses : 28
2-clauses : 949601
3-clauses : 3364
n-clauses : 1721
discarded : 0

[ solve ]


unsatisfiable                             

[ stats ]

decisions : 24759
conflicts : 2386
time : ~0.05

***UNSAT***


bb: parsing domain file
domain 'GROUNDED-PATHWAYS-PROPOSITIONAL' defined
 ... done.
bb: parsing problem file
problem 'GROUNDED-PATHWAYS-21' defined
 ... done.


time:   0,    62 facts and       0 exclusive pairs
             123 ops   and    1952 exclusive pairs
time:   1,   124 facts and    1953 exclusive pairs
             307 ops   and   22876 exclusive pairs
time:   2,   186 facts and    2077 exclusive pairs
             438 ops   and   32129 exclusive pairs
time:   3,   191 facts and     254 exclusive pairs
             561 ops   and   48054 exclusive pairs
time:   4,   246 facts and     647 exclusive pairs
             732 ops   and   76191 exclusive pairs
time:   5,   292 facts and    1573 exclusive pairs
             938 ops   and  118323 exclusive pairs
time:   6,   339 facts and    1705 exclusive pairs
            1159 ops   and  161736 exclusive pairs
time:   7,   402 facts and    2667 exclusive pairs
            1367 ops   and  209440 exclusive pairs
time:   8,   431 facts and    2791 exclusive pairs
            1479 ops   and  241820 exclusive pairs
time:   9,   444 facts and    1762 exclusive pairs
            1569 ops   and  277198 exclusive pairs
time:  10,   456 facts and    1477 exclusive pairs
            1656 ops   and  322466 exclusive pairs
time:  11,   464 facts and    1463 exclusive pairs
            1749 ops   and  374044 exclusive pairs
time:  12,   484 facts and    1797 exclusive pairs
            1846 ops   and  431163 exclusive pairs
time:  13,   491 facts and    1768 exclusive pairs
            1914 ops   and  485636 exclusive pairs
time:  14,   492 facts and    1641 exclusive pairs
            1976 ops   and  544054 exclusive pairs
time:  15,   493 facts and    1653 exclusive pairs
            2038 ops   and  606761 exclusive pairs
time:  16,   494 facts and    1669 exclusive pairs
            2100 ops   and  673315 exclusive pairs
time:  17,   495 facts and    1686 exclusive pairs
            2162 ops   and  743713 exclusive pairs
time:  18,   496 facts and    1704 exclusive pairs

creating thin gp-based encoding...
plan graph layer 0...
plan graph layer 1...
plan graph layer 2...
plan graph layer 3...
plan graph layer 4...
plan graph layer 5...
plan graph layer 6...
plan graph layer 7...
plan graph layer 8...
plan graph layer 9...
plan graph layer 10...
plan graph layer 11...
plan graph layer 12...
plan graph layer 13...
plan graph layer 14...
plan graph layer 15...
plan graph layer 16...
plan graph layer 17...
plan graph layer 18...
goal constraints...
exclusion constraints layer 0...
exclusion constraints layer 1...
exclusion constraints layer 2...
exclusion constraints layer 3...
exclusion constraints layer 4...
exclusion constraints layer 5...
exclusion constraints layer 6...
exclusion constraints layer 7...
exclusion constraints layer 8...
exclusion constraints layer 9...
exclusion constraints layer 10...
exclusion constraints layer 11...
exclusion constraints layer 12...
exclusion constraints layer 13...
exclusion constraints layer 14...
exclusion constraints layer 15...
exclusion constraints layer 16...
exclusion constraints layer 17...
exclusion constraints layer 18...

DECISION LAYER 18, WRITING THIN GP-BASED ENCODING WITH 31196 VARS, 1070747 CLAUSES.

time spent:    0.02 seconds instantiating 1911 action templates
               0.00 seconds reachability analysis, yielding 500 facts and 1911 actions
               0.00 seconds collecting 500 relevant facts
               0.01 seconds building connectivity graph
               0.00 seconds building (std) graph
               0.96 seconds CNF output time
               0.99 seconds total planner time (solving not included)


***Solving***


[ filemap ]
[ extract ]

variables : 31196
pure lits : 530

1-clauses : 28
2-clauses : 1065200
3-clauses : 3654
n-clauses : 1865
discarded : 0

[ solve ]


unsatisfiable                             

[ stats ]

decisions : 22365
conflicts : 6504
time : ~0.255

***UNSAT***


bb: parsing domain file
domain 'GROUNDED-PATHWAYS-PROPOSITIONAL' defined
 ... done.
bb: parsing problem file
problem 'GROUNDED-PATHWAYS-21' defined
 ... done.


time:   0,    62 facts and       0 exclusive pairs
             123 ops   and    1952 exclusive pairs
time:   1,   124 facts and    1953 exclusive pairs
             307 ops   and   22876 exclusive pairs
time:   2,   186 facts and    2077 exclusive pairs
             438 ops   and   32129 exclusive pairs
time:   3,   191 facts and     254 exclusive pairs
             561 ops   and   48054 exclusive pairs
time:   4,   246 facts and     647 exclusive pairs
             732 ops   and   76191 exclusive pairs
time:   5,   292 facts and    1573 exclusive pairs
             938 ops   and  118323 exclusive pairs
time:   6,   339 facts and    1705 exclusive pairs
            1159 ops   and  161736 exclusive pairs
time:   7,   402 facts and    2667 exclusive pairs
            1367 ops   and  209440 exclusive pairs
time:   8,   431 facts and    2791 exclusive pairs
            1479 ops   and  241820 exclusive pairs
time:   9,   444 facts and    1762 exclusive pairs
            1569 ops   and  277198 exclusive pairs
time:  10,   456 facts and    1477 exclusive pairs
            1656 ops   and  322466 exclusive pairs
time:  11,   464 facts and    1463 exclusive pairs
            1749 ops   and  374044 exclusive pairs
time:  12,   484 facts and    1797 exclusive pairs
            1846 ops   and  431163 exclusive pairs
time:  13,   491 facts and    1768 exclusive pairs
            1914 ops   and  485636 exclusive pairs
time:  14,   492 facts and    1641 exclusive pairs
            1976 ops   and  544054 exclusive pairs
time:  15,   493 facts and    1653 exclusive pairs
            2038 ops   and  606761 exclusive pairs
time:  16,   494 facts and    1669 exclusive pairs
            2100 ops   and  673315 exclusive pairs
time:  17,   495 facts and    1686 exclusive pairs
            2162 ops   and  743713 exclusive pairs
time:  18,   496 facts and    1704 exclusive pairs
            2224 ops   and  817955 exclusive pairs
time:  19,   497 facts and    1723 exclusive pairs

creating thin gp-based encoding...
plan graph layer 0...
plan graph layer 1...
plan graph layer 2...
plan graph layer 3...
plan graph layer 4...
plan graph layer 5...
plan graph layer 6...
plan graph layer 7...
plan graph layer 8...
plan graph layer 9...
plan graph layer 10...
plan graph layer 11...
plan graph layer 12...
plan graph layer 13...
plan graph layer 14...
plan graph layer 15...
plan graph layer 16...
plan graph layer 17...
plan graph layer 18...
plan graph layer 19...
goal constraints...
exclusion constraints layer 0...
exclusion constraints layer 1...
exclusion constraints layer 2...
exclusion constraints layer 3...
exclusion constraints layer 4...
exclusion constraints layer 5...
exclusion constraints layer 6...
exclusion constraints layer 7...
exclusion constraints layer 8...
exclusion constraints layer 9...
exclusion constraints layer 10...
exclusion constraints layer 11...
exclusion constraints layer 12...
exclusion constraints layer 13...
exclusion constraints layer 14...
exclusion constraints layer 15...
exclusion constraints layer 16...
exclusion constraints layer 17...
exclusion constraints layer 18...
exclusion constraints layer 19...

DECISION LAYER 19, WRITING THIN GP-BASED ENCODING WITH 33917 VARS, 1193633 CLAUSES.

time spent:    0.02 seconds instantiating 1911 action templates
               0.00 seconds reachability analysis, yielding 500 facts and 1911 actions
               0.00 seconds collecting 500 relevant facts
               0.01 seconds building connectivity graph
               0.00 seconds building (std) graph
               1.06 seconds CNF output time
               1.09 seconds total planner time (solving not included)


***Solving***


[ filemap ]
[ extract ]

variables : 33917
pure lits : 531

1-clauses : 28
2-clauses : 1187651
3-clauses : 3944
n-clauses : 2010
discarded : 0

[ solve ]


unsatisfiable                             

[ stats ]

decisions : 102075
conflicts : 38790
time : ~3.808

***UNSAT***


bb: parsing domain file
domain 'GROUNDED-PATHWAYS-PROPOSITIONAL' defined
 ... done.
bb: parsing problem file
problem 'GROUNDED-PATHWAYS-21' defined
 ... done.


time:   0,    62 facts and       0 exclusive pairs
             123 ops   and    1952 exclusive pairs
time:   1,   124 facts and    1953 exclusive pairs
             307 ops   and   22876 exclusive pairs
time:   2,   186 facts and    2077 exclusive pairs
             438 ops   and   32129 exclusive pairs
time:   3,   191 facts and     254 exclusive pairs
             561 ops   and   48054 exclusive pairs
time:   4,   246 facts and     647 exclusive pairs
             732 ops   and   76191 exclusive pairs
time:   5,   292 facts and    1573 exclusive pairs
             938 ops   and  118323 exclusive pairs
time:   6,   339 facts and    1705 exclusive pairs
            1159 ops   and  161736 exclusive pairs
time:   7,   402 facts and    2667 exclusive pairs
            1367 ops   and  209440 exclusive pairs
time:   8,   431 facts and    2791 exclusive pairs
            1479 ops   and  241820 exclusive pairs
time:   9,   444 facts and    1762 exclusive pairs
            1569 ops   and  277198 exclusive pairs
time:  10,   456 facts and    1477 exclusive pairs
            1656 ops   and  322466 exclusive pairs
time:  11,   464 facts and    1463 exclusive pairs
            1749 ops   and  374044 exclusive pairs
time:  12,   484 facts and    1797 exclusive pairs
            1846 ops   and  431163 exclusive pairs
time:  13,   491 facts and    1768 exclusive pairs
            1914 ops   and  485636 exclusive pairs
time:  14,   492 facts and    1641 exclusive pairs
            1976 ops   and  544054 exclusive pairs
time:  15,   493 facts and    1653 exclusive pairs
            2038 ops   and  606761 exclusive pairs
time:  16,   494 facts and    1669 exclusive pairs
            2100 ops   and  673315 exclusive pairs
time:  17,   495 facts and    1686 exclusive pairs
            2162 ops   and  743713 exclusive pairs
time:  18,   496 facts and    1704 exclusive pairs
            2224 ops   and  817955 exclusive pairs
time:  19,   497 facts and    1723 exclusive pairs
            2286 ops   and  896041 exclusive pairs
time:  20,   498 facts and    1743 exclusive pairs

creating thin gp-based encoding...
plan graph layer 0...
plan graph layer 1...
plan graph layer 2...
plan graph layer 3...
plan graph layer 4...
plan graph layer 5...
plan graph layer 6...
plan graph layer 7...
plan graph layer 8...
plan graph layer 9...
plan graph layer 10...
plan graph layer 11...
plan graph layer 12...
plan graph layer 13...
plan graph layer 14...
plan graph layer 15...
plan graph layer 16...
plan graph layer 17...
plan graph layer 18...
plan graph layer 19...
plan graph layer 20...
goal constraints...
exclusion constraints layer 0...
exclusion constraints layer 1...
exclusion constraints layer 2...
exclusion constraints layer 3...
exclusion constraints layer 4...
exclusion constraints layer 5...
exclusion constraints layer 6...
exclusion constraints layer 7...
exclusion constraints layer 8...
exclusion constraints layer 9...
exclusion constraints layer 10...
exclusion constraints layer 11...
exclusion constraints layer 12...
exclusion constraints layer 13...
exclusion constraints layer 14...
exclusion constraints layer 15...
exclusion constraints layer 16...
exclusion constraints layer 17...
exclusion constraints layer 18...
exclusion constraints layer 19...
exclusion constraints layer 20...

DECISION LAYER 20, WRITING THIN GP-BASED ENCODING WITH 36701 VARS, 1323434 CLAUSES.

time spent:    0.03 seconds instantiating 1911 action templates
               0.00 seconds reachability analysis, yielding 500 facts and 1911 actions
               0.00 seconds collecting 500 relevant facts
               0.00 seconds building connectivity graph
               0.00 seconds building (std) graph
               1.18 seconds CNF output time
               1.21 seconds total planner time (solving not included)


***Solving***


[ filemap ]
[ extract ]

variables : 36701
pure lits : 532

1-clauses : 28
2-clauses : 1317016
3-clauses : 4234
n-clauses : 2156
discarded : 0

[ solve ]


unsatisfiable                             

[ stats ]

decisions : 140585
conflicts : 90610
time : ~11.719

***UNSAT***


bb: parsing domain file
domain 'GROUNDED-PATHWAYS-PROPOSITIONAL' defined
 ... done.
bb: parsing problem file
problem 'GROUNDED-PATHWAYS-21' defined
 ... done.


time:   0,    62 facts and       0 exclusive pairs
             123 ops   and    1952 exclusive pairs
time:   1,   124 facts and    1953 exclusive pairs
             307 ops   and   22876 exclusive pairs
time:   2,   186 facts and    2077 exclusive pairs
             438 ops   and   32129 exclusive pairs
time:   3,   191 facts and     254 exclusive pairs
             561 ops   and   48054 exclusive pairs
time:   4,   246 facts and     647 exclusive pairs
             732 ops   and   76191 exclusive pairs
time:   5,   292 facts and    1573 exclusive pairs
             938 ops   and  118323 exclusive pairs
time:   6,   339 facts and    1705 exclusive pairs
            1159 ops   and  161736 exclusive pairs
time:   7,   402 facts and    2667 exclusive pairs
            1367 ops   and  209440 exclusive pairs
time:   8,   431 facts and    2791 exclusive pairs
            1479 ops   and  241820 exclusive pairs
time:   9,   444 facts and    1762 exclusive pairs
            1569 ops   and  277198 exclusive pairs
time:  10,   456 facts and    1477 exclusive pairs
            1656 ops   and  322466 exclusive pairs
time:  11,   464 facts and    1463 exclusive pairs
            1749 ops   and  374044 exclusive pairs
time:  12,   484 facts and    1797 exclusive pairs
            1846 ops   and  431163 exclusive pairs
time:  13,   491 facts and    1768 exclusive pairs
            1914 ops   and  485636 exclusive pairs
time:  14,   492 facts and    1641 exclusive pairs
            1976 ops   and  544054 exclusive pairs
time:  15,   493 facts and    1653 exclusive pairs
            2038 ops   and  606761 exclusive pairs
time:  16,   494 facts and    1669 exclusive pairs
            2100 ops   and  673315 exclusive pairs
time:  17,   495 facts and    1686 exclusive pairs
            2162 ops   and  743713 exclusive pairs
time:  18,   496 facts and    1704 exclusive pairs
            2224 ops   and  817955 exclusive pairs
time:  19,   497 facts and    1723 exclusive pairs
            2286 ops   and  896041 exclusive pairs
time:  20,   498 facts and    1743 exclusive pairs
            2348 ops   and  977971 exclusive pairs
time:  21,   499 facts and    1764 exclusive pairs

creating thin gp-based encoding...
plan graph layer 0...
plan graph layer 1...
plan graph layer 2...
plan graph layer 3...
plan graph layer 4...
plan graph layer 5...
plan graph layer 6...
plan graph layer 7...
plan graph layer 8...
plan graph layer 9...
plan graph layer 10...
plan graph layer 11...
plan graph layer 12...
plan graph layer 13...
plan graph layer 14...
plan graph layer 15...
plan graph layer 16...
plan graph layer 17...
plan graph layer 18...
plan graph layer 19...
plan graph layer 20...
plan graph layer 21...
goal constraints...
exclusion constraints layer 0...
exclusion constraints layer 1...
exclusion constraints layer 2...
exclusion constraints layer 3...
exclusion constraints layer 4...
exclusion constraints layer 5...
exclusion constraints layer 6...
exclusion constraints layer 7...
exclusion constraints layer 8...
exclusion constraints layer 9...
exclusion constraints layer 10...
exclusion constraints layer 11...
exclusion constraints layer 12...
exclusion constraints layer 13...
exclusion constraints layer 14...
exclusion constraints layer 15...
exclusion constraints layer 16...
exclusion constraints layer 17...
exclusion constraints layer 18...
exclusion constraints layer 19...
exclusion constraints layer 20...
exclusion constraints layer 21...

DECISION LAYER 21, WRITING THIN GP-BASED ENCODING WITH 39548 VARS, 1460212 CLAUSES.

time spent:    0.03 seconds instantiating 1911 action templates
               0.00 seconds reachability analysis, yielding 500 facts and 1911 actions
               0.00 seconds collecting 500 relevant facts
               0.00 seconds building connectivity graph
               0.00 seconds building (std) graph
               1.30 seconds CNF output time
               1.33 seconds total planner time (solving not included)


***Solving***


[ filemap ]
[ extract ]

variables : 39548
pure lits : 533

1-clauses : 28
2-clauses : 1453357
3-clauses : 4524
n-clauses : 2303
discarded : 0

[ solve ]

