---SatPlan Version: 1.1

bb: parsing domain file
domain 'GROUNDED-PATHWAYS-PROPOSITIONAL' defined
 ... done.
bb: parsing problem file
problem 'GROUNDED-PATHWAYS-29' defined
 ... done.


time:   0,    55 facts and       0 exclusive pairs
             109 ops   and    1539 exclusive pairs
time:   1,   110 facts and    1540 exclusive pairs

creating thin gp-based encoding...
plan graph layer 0...
plan graph layer 1...
goal constraints...

goal fact not coded - level too low??


bb: parsing domain file
domain 'GROUNDED-PATHWAYS-PROPOSITIONAL' defined
 ... done.
bb: parsing problem file
problem 'GROUNDED-PATHWAYS-29' defined
 ... done.


time:   0,    55 facts and       0 exclusive pairs
             109 ops   and    1539 exclusive pairs
time:   1,   110 facts and    1540 exclusive pairs
             272 ops   and   17983 exclusive pairs
time:   2,   165 facts and    1650 exclusive pairs

creating thin gp-based encoding...
plan graph layer 0...
plan graph layer 1...
plan graph layer 2...
goal constraints...

goal fact not coded - level too low??


bb: parsing domain file
domain 'GROUNDED-PATHWAYS-PROPOSITIONAL' defined
 ... done.
bb: parsing problem file
problem 'GROUNDED-PATHWAYS-29' defined
 ... done.


time:   0,    55 facts and       0 exclusive pairs
             109 ops   and    1539 exclusive pairs
time:   1,   110 facts and    1540 exclusive pairs
             272 ops   and   17983 exclusive pairs
time:   2,   165 facts and    1650 exclusive pairs
             389 ops   and   25423 exclusive pairs
time:   3,   170 facts and     226 exclusive pairs

creating thin gp-based encoding...
plan graph layer 0...
plan graph layer 1...
plan graph layer 2...
plan graph layer 3...
goal constraints...

goal fact not coded - level too low??


bb: parsing domain file
domain 'GROUNDED-PATHWAYS-PROPOSITIONAL' defined
 ... done.
bb: parsing problem file
problem 'GROUNDED-PATHWAYS-29' defined
 ... done.


time:   0,    55 facts and       0 exclusive pairs
             109 ops   and    1539 exclusive pairs
time:   1,   110 facts and    1540 exclusive pairs
             272 ops   and   17983 exclusive pairs
time:   2,   165 facts and    1650 exclusive pairs
             389 ops   and   25423 exclusive pairs
time:   3,   170 facts and     226 exclusive pairs
             501 ops   and   38224 exclusive pairs
time:   4,   221 facts and     605 exclusive pairs

creating thin gp-based encoding...
plan graph layer 0...
plan graph layer 1...
plan graph layer 2...
plan graph layer 3...
plan graph layer 4...
goal constraints...

goal fact not coded - level too low??


bb: parsing domain file
domain 'GROUNDED-PATHWAYS-PROPOSITIONAL' defined
 ... done.
bb: parsing problem file
problem 'GROUNDED-PATHWAYS-29' defined
 ... done.


time:   0,    55 facts and       0 exclusive pairs
             109 ops   and    1539 exclusive pairs
time:   1,   110 facts and    1540 exclusive pairs
             272 ops   and   17983 exclusive pairs
time:   2,   165 facts and    1650 exclusive pairs
             389 ops   and   25423 exclusive pairs
time:   3,   170 facts and     226 exclusive pairs
             501 ops   and   38224 exclusive pairs
time:   4,   221 facts and     605 exclusive pairs
             665 ops   and   62035 exclusive pairs
time:   5,   270 facts and    1605 exclusive pairs

creating thin gp-based encoding...
plan graph layer 0...
plan graph layer 1...
plan graph layer 2...
plan graph layer 3...
plan graph layer 4...
plan graph layer 5...
goal constraints...

goal fact not coded - level too low??


bb: parsing domain file
domain 'GROUNDED-PATHWAYS-PROPOSITIONAL' defined
 ... done.
bb: parsing problem file
problem 'GROUNDED-PATHWAYS-29' defined
 ... done.


time:   0,    55 facts and       0 exclusive pairs
             109 ops   and    1539 exclusive pairs
time:   1,   110 facts and    1540 exclusive pairs
             272 ops   and   17983 exclusive pairs
time:   2,   165 facts and    1650 exclusive pairs
             389 ops   and   25423 exclusive pairs
time:   3,   170 facts and     226 exclusive pairs
             501 ops   and   38224 exclusive pairs
time:   4,   221 facts and     605 exclusive pairs
             665 ops   and   62035 exclusive pairs
time:   5,   270 facts and    1605 exclusive pairs
             880 ops   and  101661 exclusive pairs
time:   6,   332 facts and    2305 exclusive pairs

creating thin gp-based encoding...
plan graph layer 0...
plan graph layer 1...
plan graph layer 2...
plan graph layer 3...
plan graph layer 4...
plan graph layer 5...
plan graph layer 6...
goal constraints...

goal fact not coded - level too low??


bb: parsing domain file
domain 'GROUNDED-PATHWAYS-PROPOSITIONAL' defined
 ... done.
bb: parsing problem file
problem 'GROUNDED-PATHWAYS-29' defined
 ... done.


time:   0,    55 facts and       0 exclusive pairs
             109 ops   and    1539 exclusive pairs
time:   1,   110 facts and    1540 exclusive pairs
             272 ops   and   17983 exclusive pairs
time:   2,   165 facts and    1650 exclusive pairs
             389 ops   and   25423 exclusive pairs
time:   3,   170 facts and     226 exclusive pairs
             501 ops   and   38224 exclusive pairs
time:   4,   221 facts and     605 exclusive pairs
             665 ops   and   62035 exclusive pairs
time:   5,   270 facts and    1605 exclusive pairs
             880 ops   and  101661 exclusive pairs
time:   6,   332 facts and    2305 exclusive pairs
            1159 ops   and  148935 exclusive pairs
time:   7,   439 facts and    5068 exclusive pairs

creating thin gp-based encoding...
plan graph layer 0...
plan graph layer 1...
plan graph layer 2...
plan graph layer 3...
plan graph layer 4...
plan graph layer 5...
plan graph layer 6...
plan graph layer 7...
goal constraints...

goal fact not coded - level too low??


bb: parsing domain file
domain 'GROUNDED-PATHWAYS-PROPOSITIONAL' defined
 ... done.
bb: parsing problem file
problem 'GROUNDED-PATHWAYS-29' defined
 ... done.


time:   0,    55 facts and       0 exclusive pairs
             109 ops   and    1539 exclusive pairs
time:   1,   110 facts and    1540 exclusive pairs
             272 ops   and   17983 exclusive pairs
time:   2,   165 facts and    1650 exclusive pairs
             389 ops   and   25423 exclusive pairs
time:   3,   170 facts and     226 exclusive pairs
             501 ops   and   38224 exclusive pairs
time:   4,   221 facts and     605 exclusive pairs
             665 ops   and   62035 exclusive pairs
time:   5,   270 facts and    1605 exclusive pairs
             880 ops   and  101661 exclusive pairs
time:   6,   332 facts and    2305 exclusive pairs
            1159 ops   and  148935 exclusive pairs
time:   7,   439 facts and    5068 exclusive pairs
            1444 ops   and  208672 exclusive pairs
time:   8,   473 facts and    4523 exclusive pairs

creating thin gp-based encoding...
plan graph layer 0...
plan graph layer 1...
plan graph layer 2...
plan graph layer 3...
plan graph layer 4...
plan graph layer 5...
plan graph layer 6...
plan graph layer 7...
plan graph layer 8...
goal constraints...

goal fact not coded - level too low??


bb: parsing domain file
domain 'GROUNDED-PATHWAYS-PROPOSITIONAL' defined
 ... done.
bb: parsing problem file
problem 'GROUNDED-PATHWAYS-29' defined
 ... done.


time:   0,    55 facts and       0 exclusive pairs
             109 ops   and    1539 exclusive pairs
time:   1,   110 facts and    1540 exclusive pairs
             272 ops   and   17983 exclusive pairs
time:   2,   165 facts and    1650 exclusive pairs
             389 ops   and   25423 exclusive pairs
time:   3,   170 facts and     226 exclusive pairs
             501 ops   and   38224 exclusive pairs
time:   4,   221 facts and     605 exclusive pairs
             665 ops   and   62035 exclusive pairs
time:   5,   270 facts and    1605 exclusive pairs
             880 ops   and  101661 exclusive pairs
time:   6,   332 facts and    2305 exclusive pairs
            1159 ops   and  148935 exclusive pairs
time:   7,   439 facts and    5068 exclusive pairs
            1444 ops   and  208672 exclusive pairs
time:   8,   473 facts and    4523 exclusive pairs
            1558 ops   and  224659 exclusive pairs
time:   9,   485 facts and    1954 exclusive pairs

creating thin gp-based encoding...
plan graph layer 0...
plan graph layer 1...
plan graph layer 2...
plan graph layer 3...
plan graph layer 4...
plan graph layer 5...
plan graph layer 6...
plan graph layer 7...
plan graph layer 8...
plan graph layer 9...
goal constraints...

goal fact not coded - level too low??


bb: parsing domain file
domain 'GROUNDED-PATHWAYS-PROPOSITIONAL' defined
 ... done.
bb: parsing problem file
problem 'GROUNDED-PATHWAYS-29' defined
 ... done.


time:   0,    55 facts and       0 exclusive pairs
             109 ops   and    1539 exclusive pairs
time:   1,   110 facts and    1540 exclusive pairs
             272 ops   and   17983 exclusive pairs
time:   2,   165 facts and    1650 exclusive pairs
             389 ops   and   25423 exclusive pairs
time:   3,   170 facts and     226 exclusive pairs
             501 ops   and   38224 exclusive pairs
time:   4,   221 facts and     605 exclusive pairs
             665 ops   and   62035 exclusive pairs
time:   5,   270 facts and    1605 exclusive pairs
             880 ops   and  101661 exclusive pairs
time:   6,   332 facts and    2305 exclusive pairs
            1159 ops   and  148935 exclusive pairs
time:   7,   439 facts and    5068 exclusive pairs
            1444 ops   and  208672 exclusive pairs
time:   8,   473 facts and    4523 exclusive pairs
            1558 ops   and  224659 exclusive pairs
time:   9,   485 facts and    1954 exclusive pairs
            1629 ops   and  244216 exclusive pairs
time:  10,   488 facts and    1559 exclusive pairs

creating thin gp-based encoding...
plan graph layer 0...
plan graph layer 1...
plan graph layer 2...
plan graph layer 3...
plan graph layer 4...
plan graph layer 5...
plan graph layer 6...
plan graph layer 7...
plan graph layer 8...
plan graph layer 9...
plan graph layer 10...
goal constraints...
exclusion constraints layer 0...
exclusion constraints layer 1...
exclusion constraints layer 2...
exclusion constraints layer 3...
exclusion constraints layer 4...
exclusion constraints layer 5...
exclusion constraints layer 6...
exclusion constraints layer 7...
exclusion constraints layer 8...
exclusion constraints layer 9...
exclusion constraints layer 10...

DECISION LAYER 10, WRITING THIN GP-BASED ENCODING WITH 11814 VARS, 279240 CLAUSES.

time spent:    0.03 seconds instantiating 2062 action templates
               0.00 seconds reachability analysis, yielding 505 facts and 2062 actions
               0.00 seconds collecting 505 relevant facts
               0.00 seconds building connectivity graph
               0.00 seconds building (std) graph
               0.28 seconds CNF output time
               0.31 seconds total planner time (solving not included)


***Solving***


[ filemap ]
[ extract ]

variables : 11814
pure lits : 504

1-clauses : 39
2-clauses : 276985
3-clauses : 1444
n-clauses : 772
discarded : 0

[ solve ]


unsatisfiable                             

[ stats ]

decisions : 0
conflicts : 1
time : ~0.01

***UNSAT***


bb: parsing domain file
domain 'GROUNDED-PATHWAYS-PROPOSITIONAL' defined
 ... done.
bb: parsing problem file
problem 'GROUNDED-PATHWAYS-29' defined
 ... done.


time:   0,    55 facts and       0 exclusive pairs
             109 ops   and    1539 exclusive pairs
time:   1,   110 facts and    1540 exclusive pairs
             272 ops   and   17983 exclusive pairs
time:   2,   165 facts and    1650 exclusive pairs
             389 ops   and   25423 exclusive pairs
time:   3,   170 facts and     226 exclusive pairs
             501 ops   and   38224 exclusive pairs
time:   4,   221 facts and     605 exclusive pairs
             665 ops   and   62035 exclusive pairs
time:   5,   270 facts and    1605 exclusive pairs
             880 ops   and  101661 exclusive pairs
time:   6,   332 facts and    2305 exclusive pairs
            1159 ops   and  148935 exclusive pairs
time:   7,   439 facts and    5068 exclusive pairs
            1444 ops   and  208672 exclusive pairs
time:   8,   473 facts and    4523 exclusive pairs
            1558 ops   and  224659 exclusive pairs
time:   9,   485 facts and    1954 exclusive pairs
            1629 ops   and  244216 exclusive pairs
time:  10,   488 facts and    1559 exclusive pairs
            1686 ops   and  277794 exclusive pairs
time:  11,   489 facts and    1546 exclusive pairs

creating thin gp-based encoding...
plan graph layer 0...
plan graph layer 1...
plan graph layer 2...
plan graph layer 3...
plan graph layer 4...
plan graph layer 5...
plan graph layer 6...
plan graph layer 7...
plan graph layer 8...
plan graph layer 9...
plan graph layer 10...
plan graph layer 11...
goal constraints...
exclusion constraints layer 0...
exclusion constraints layer 1...
exclusion constraints layer 2...
exclusion constraints layer 3...
exclusion constraints layer 4...
exclusion constraints layer 5...
exclusion constraints layer 6...
exclusion constraints layer 7...
exclusion constraints layer 8...
exclusion constraints layer 9...
exclusion constraints layer 10...
exclusion constraints layer 11...

DECISION LAYER 11, WRITING THIN GP-BASED ENCODING WITH 13989 VARS, 336732 CLAUSES.

time spent:    0.03 seconds instantiating 2062 action templates
               0.00 seconds reachability analysis, yielding 505 facts and 2062 actions
               0.00 seconds collecting 505 relevant facts
               0.00 seconds building connectivity graph
               0.00 seconds building (std) graph
               0.33 seconds CNF output time
               0.36 seconds total planner time (solving not included)


***Solving***


[ filemap ]
[ extract ]

variables : 13989
pure lits : 505

1-clauses : 39
2-clauses : 334043
3-clauses : 1744
n-clauses : 906
discarded : 0

[ solve ]


unsatisfiable                             

[ stats ]

decisions : 6169
conflicts : 150
time : ~0.01

***UNSAT***


bb: parsing domain file
domain 'GROUNDED-PATHWAYS-PROPOSITIONAL' defined
 ... done.
bb: parsing problem file
problem 'GROUNDED-PATHWAYS-29' defined
 ... done.


time:   0,    55 facts and       0 exclusive pairs
             109 ops   and    1539 exclusive pairs
time:   1,   110 facts and    1540 exclusive pairs
             272 ops   and   17983 exclusive pairs
time:   2,   165 facts and    1650 exclusive pairs
             389 ops   and   25423 exclusive pairs
time:   3,   170 facts and     226 exclusive pairs
             501 ops   and   38224 exclusive pairs
time:   4,   221 facts and     605 exclusive pairs
             665 ops   and   62035 exclusive pairs
time:   5,   270 facts and    1605 exclusive pairs
             880 ops   and  101661 exclusive pairs
time:   6,   332 facts and    2305 exclusive pairs
            1159 ops   and  148935 exclusive pairs
time:   7,   439 facts and    5068 exclusive pairs
            1444 ops   and  208672 exclusive pairs
time:   8,   473 facts and    4523 exclusive pairs
            1558 ops   and  224659 exclusive pairs
time:   9,   485 facts and    1954 exclusive pairs
            1629 ops   and  244216 exclusive pairs
time:  10,   488 facts and    1559 exclusive pairs
            1686 ops   and  277794 exclusive pairs
time:  11,   489 facts and    1546 exclusive pairs
            1741 ops   and  315615 exclusive pairs
time:  12,   490 facts and    1558 exclusive pairs

creating thin gp-based encoding...
plan graph layer 0...
plan graph layer 1...
plan graph layer 2...
plan graph layer 3...
plan graph layer 4...
plan graph layer 5...
plan graph layer 6...
plan graph layer 7...
plan graph layer 8...
plan graph layer 9...
plan graph layer 10...
plan graph layer 11...
plan graph layer 12...
goal constraints...
exclusion constraints layer 0...
exclusion constraints layer 1...
exclusion constraints layer 2...
exclusion constraints layer 3...
exclusion constraints layer 4...
exclusion constraints layer 5...
exclusion constraints layer 6...
exclusion constraints layer 7...
exclusion constraints layer 8...
exclusion constraints layer 9...
exclusion constraints layer 10...
exclusion constraints layer 11...
exclusion constraints layer 12...

DECISION LAYER 12, WRITING THIN GP-BASED ENCODING WITH 16220 VARS, 399341 CLAUSES.

time spent:    0.03 seconds instantiating 2062 action templates
               0.00 seconds reachability analysis, yielding 505 facts and 2062 actions
               0.00 seconds collecting 505 relevant facts
               0.00 seconds building connectivity graph
               0.00 seconds building (std) graph
               0.40 seconds CNF output time
               0.43 seconds total planner time (solving not included)


***Solving***


[ filemap ]
[ extract ]

variables : 16220
pure lits : 506

1-clauses : 39
2-clauses : 396217
3-clauses : 2044
n-clauses : 1041
discarded : 0

[ solve ]


unsatisfiable                             

[ stats ]

decisions : 10969
conflicts : 376
time : ~0.01

***UNSAT***


bb: parsing domain file
domain 'GROUNDED-PATHWAYS-PROPOSITIONAL' defined
 ... done.
bb: parsing problem file
problem 'GROUNDED-PATHWAYS-29' defined
 ... done.


time:   0,    55 facts and       0 exclusive pairs
             109 ops   and    1539 exclusive pairs
time:   1,   110 facts and    1540 exclusive pairs
             272 ops   and   17983 exclusive pairs
time:   2,   165 facts and    1650 exclusive pairs
             389 ops   and   25423 exclusive pairs
time:   3,   170 facts and     226 exclusive pairs
             501 ops   and   38224 exclusive pairs
time:   4,   221 facts and     605 exclusive pairs
             665 ops   and   62035 exclusive pairs
time:   5,   270 facts and    1605 exclusive pairs
             880 ops   and  101661 exclusive pairs
time:   6,   332 facts and    2305 exclusive pairs
            1159 ops   and  148935 exclusive pairs
time:   7,   439 facts and    5068 exclusive pairs
            1444 ops   and  208672 exclusive pairs
time:   8,   473 facts and    4523 exclusive pairs
            1558 ops   and  224659 exclusive pairs
time:   9,   485 facts and    1954 exclusive pairs
            1629 ops   and  244216 exclusive pairs
time:  10,   488 facts and    1559 exclusive pairs
            1686 ops   and  277794 exclusive pairs
time:  11,   489 facts and    1546 exclusive pairs
            1741 ops   and  315615 exclusive pairs
time:  12,   490 facts and    1558 exclusive pairs
            1796 ops   and  356507 exclusive pairs
time:  13,   491 facts and    1571 exclusive pairs

creating thin gp-based encoding...
plan graph layer 0...
plan graph layer 1...
plan graph layer 2...
plan graph layer 3...
plan graph layer 4...
plan graph layer 5...
plan graph layer 6...
plan graph layer 7...
plan graph layer 8...
plan graph layer 9...
plan graph layer 10...
plan graph layer 11...
plan graph layer 12...
plan graph layer 13...
goal constraints...
exclusion constraints layer 0...
exclusion constraints layer 1...
exclusion constraints layer 2...
exclusion constraints layer 3...
exclusion constraints layer 4...
exclusion constraints layer 5...
exclusion constraints layer 6...
exclusion constraints layer 7...
exclusion constraints layer 8...
exclusion constraints layer 9...
exclusion constraints layer 10...
exclusion constraints layer 11...
exclusion constraints layer 12...
exclusion constraints layer 13...

DECISION LAYER 13, WRITING THIN GP-BASED ENCODING WITH 18507 VARS, 467122 CLAUSES.

time spent:    0.03 seconds instantiating 2062 action templates
               0.00 seconds reachability analysis, yielding 505 facts and 2062 actions
               0.00 seconds collecting 505 relevant facts
               0.00 seconds building connectivity graph
               0.00 seconds building (std) graph
               0.47 seconds CNF output time
               0.50 seconds total planner time (solving not included)


***Solving***


[ filemap ]
[ extract ]

variables : 18507
pure lits : 507

1-clauses : 39
2-clauses : 463562
3-clauses : 2344
n-clauses : 1177
discarded : 0

[ solve ]


unsatisfiable                             

[ stats ]

decisions : 30186
conflicts : 4238
time : ~0.185

***UNSAT***


bb: parsing domain file
domain 'GROUNDED-PATHWAYS-PROPOSITIONAL' defined
 ... done.
bb: parsing problem file
problem 'GROUNDED-PATHWAYS-29' defined
 ... done.


time:   0,    55 facts and       0 exclusive pairs
             109 ops   and    1539 exclusive pairs
time:   1,   110 facts and    1540 exclusive pairs
             272 ops   and   17983 exclusive pairs
time:   2,   165 facts and    1650 exclusive pairs
             389 ops   and   25423 exclusive pairs
time:   3,   170 facts and     226 exclusive pairs
             501 ops   and   38224 exclusive pairs
time:   4,   221 facts and     605 exclusive pairs
             665 ops   and   62035 exclusive pairs
time:   5,   270 facts and    1605 exclusive pairs
             880 ops   and  101661 exclusive pairs
time:   6,   332 facts and    2305 exclusive pairs
            1159 ops   and  148935 exclusive pairs
time:   7,   439 facts and    5068 exclusive pairs
            1444 ops   and  208672 exclusive pairs
time:   8,   473 facts and    4523 exclusive pairs
            1558 ops   and  224659 exclusive pairs
time:   9,   485 facts and    1954 exclusive pairs
            1629 ops   and  244216 exclusive pairs
time:  10,   488 facts and    1559 exclusive pairs
            1686 ops   and  277794 exclusive pairs
time:  11,   489 facts and    1546 exclusive pairs
            1741 ops   and  315615 exclusive pairs
time:  12,   490 facts and    1558 exclusive pairs
            1796 ops   and  356507 exclusive pairs
time:  13,   491 facts and    1571 exclusive pairs
            1851 ops   and  400424 exclusive pairs
time:  14,   492 facts and    1585 exclusive pairs

creating thin gp-based encoding...
plan graph layer 0...
plan graph layer 1...
plan graph layer 2...
plan graph layer 3...
plan graph layer 4...
plan graph layer 5...
plan graph layer 6...
plan graph layer 7...
plan graph layer 8...
plan graph layer 9...
plan graph layer 10...
plan graph layer 11...
plan graph layer 12...
plan graph layer 13...
plan graph layer 14...
goal constraints...
exclusion constraints layer 0...
exclusion constraints layer 1...
exclusion constraints layer 2...
exclusion constraints layer 3...
exclusion constraints layer 4...
exclusion constraints layer 5...
exclusion constraints layer 6...
exclusion constraints layer 7...
exclusion constraints layer 8...
exclusion constraints layer 9...
exclusion constraints layer 10...
exclusion constraints layer 11...
exclusion constraints layer 12...
exclusion constraints layer 13...
exclusion constraints layer 14...

DECISION LAYER 14, WRITING THIN GP-BASED ENCODING WITH 20850 VARS, 540130 CLAUSES.

time spent:    0.03 seconds instantiating 2062 action templates
               0.00 seconds reachability analysis, yielding 505 facts and 2062 actions
               0.00 seconds collecting 505 relevant facts
               0.00 seconds building connectivity graph
               0.00 seconds building (std) graph
               0.54 seconds CNF output time
               0.57 seconds total planner time (solving not included)


***Solving***


[ filemap ]
[ extract ]

variables : 20850
pure lits : 508

1-clauses : 39
2-clauses : 536133
3-clauses : 2644
n-clauses : 1314
discarded : 0

[ solve ]


unsatisfiable                             

[ stats ]

decisions : 13242
conflicts : 611
time : ~0.013

***UNSAT***


bb: parsing domain file
domain 'GROUNDED-PATHWAYS-PROPOSITIONAL' defined
 ... done.
bb: parsing problem file
problem 'GROUNDED-PATHWAYS-29' defined
 ... done.


time:   0,    55 facts and       0 exclusive pairs
             109 ops   and    1539 exclusive pairs
time:   1,   110 facts and    1540 exclusive pairs
             272 ops   and   17983 exclusive pairs
time:   2,   165 facts and    1650 exclusive pairs
             389 ops   and   25423 exclusive pairs
time:   3,   170 facts and     226 exclusive pairs
             501 ops   and   38224 exclusive pairs
time:   4,   221 facts and     605 exclusive pairs
             665 ops   and   62035 exclusive pairs
time:   5,   270 facts and    1605 exclusive pairs
             880 ops   and  101661 exclusive pairs
time:   6,   332 facts and    2305 exclusive pairs
            1159 ops   and  148935 exclusive pairs
time:   7,   439 facts and    5068 exclusive pairs
            1444 ops   and  208672 exclusive pairs
time:   8,   473 facts and    4523 exclusive pairs
            1558 ops   and  224659 exclusive pairs
time:   9,   485 facts and    1954 exclusive pairs
            1629 ops   and  244216 exclusive pairs
time:  10,   488 facts and    1559 exclusive pairs
            1686 ops   and  277794 exclusive pairs
time:  11,   489 facts and    1546 exclusive pairs
            1741 ops   and  315615 exclusive pairs
time:  12,   490 facts and    1558 exclusive pairs
            1796 ops   and  356507 exclusive pairs
time:  13,   491 facts and    1571 exclusive pairs
            1851 ops   and  400424 exclusive pairs
time:  14,   492 facts and    1585 exclusive pairs
            1906 ops   and  447366 exclusive pairs
time:  15,   493 facts and    1600 exclusive pairs

creating thin gp-based encoding...
plan graph layer 0...
plan graph layer 1...
plan graph layer 2...
plan graph layer 3...
plan graph layer 4...
plan graph layer 5...
plan graph layer 6...
plan graph layer 7...
plan graph layer 8...
plan graph layer 9...
plan graph layer 10...
plan graph layer 11...
plan graph layer 12...
plan graph layer 13...
plan graph layer 14...
plan graph layer 15...
goal constraints...
exclusion constraints layer 0...
exclusion constraints layer 1...
exclusion constraints layer 2...
exclusion constraints layer 3...
exclusion constraints layer 4...
exclusion constraints layer 5...
exclusion constraints layer 6...
exclusion constraints layer 7...
exclusion constraints layer 8...
exclusion constraints layer 9...
exclusion constraints layer 10...
exclusion constraints layer 11...
exclusion constraints layer 12...
exclusion constraints layer 13...
exclusion constraints layer 14...
exclusion constraints layer 15...

DECISION LAYER 15, WRITING THIN GP-BASED ENCODING WITH 23249 VARS, 618420 CLAUSES.

time spent:    0.03 seconds instantiating 2062 action templates
               0.00 seconds reachability analysis, yielding 505 facts and 2062 actions
               0.00 seconds collecting 505 relevant facts
               0.01 seconds building connectivity graph
               0.00 seconds building (std) graph
               0.61 seconds CNF output time
               0.65 seconds total planner time (solving not included)


***Solving***


[ filemap ]
[ extract ]

variables : 23249
pure lits : 509

1-clauses : 39
2-clauses : 613985
3-clauses : 2944
n-clauses : 1452
discarded : 0

[ solve ]


unsatisfiable                             

[ stats ]

decisions : 172231
conflicts : 119017
time : ~26.138

***UNSAT***


bb: parsing domain file
domain 'GROUNDED-PATHWAYS-PROPOSITIONAL' defined
 ... done.
bb: parsing problem file
problem 'GROUNDED-PATHWAYS-29' defined
 ... done.


time:   0,    55 facts and       0 exclusive pairs
             109 ops   and    1539 exclusive pairs
time:   1,   110 facts and    1540 exclusive pairs
             272 ops   and   17983 exclusive pairs
time:   2,   165 facts and    1650 exclusive pairs
             389 ops   and   25423 exclusive pairs
time:   3,   170 facts and     226 exclusive pairs
             501 ops   and   38224 exclusive pairs
time:   4,   221 facts and     605 exclusive pairs
             665 ops   and   62035 exclusive pairs
time:   5,   270 facts and    1605 exclusive pairs
             880 ops   and  101661 exclusive pairs
time:   6,   332 facts and    2305 exclusive pairs
            1159 ops   and  148935 exclusive pairs
time:   7,   439 facts and    5068 exclusive pairs
            1444 ops   and  208672 exclusive pairs
time:   8,   473 facts and    4523 exclusive pairs
            1558 ops   and  224659 exclusive pairs
time:   9,   485 facts and    1954 exclusive pairs
            1629 ops   and  244216 exclusive pairs
time:  10,   488 facts and    1559 exclusive pairs
            1686 ops   and  277794 exclusive pairs
time:  11,   489 facts and    1546 exclusive pairs
            1741 ops   and  315615 exclusive pairs
time:  12,   490 facts and    1558 exclusive pairs
            1796 ops   and  356507 exclusive pairs
time:  13,   491 facts and    1571 exclusive pairs
            1851 ops   and  400424 exclusive pairs
time:  14,   492 facts and    1585 exclusive pairs
            1906 ops   and  447366 exclusive pairs
time:  15,   493 facts and    1600 exclusive pairs
            1961 ops   and  497333 exclusive pairs
time:  16,   494 facts and    1616 exclusive pairs

creating thin gp-based encoding...
plan graph layer 0...
plan graph layer 1...
plan graph layer 2...
plan graph layer 3...
plan graph layer 4...
plan graph layer 5...
plan graph layer 6...
plan graph layer 7...
plan graph layer 8...
plan graph layer 9...
plan graph layer 10...
plan graph layer 11...
plan graph layer 12...
plan graph layer 13...
plan graph layer 14...
plan graph layer 15...
plan graph layer 16...
goal constraints...
exclusion constraints layer 0...
exclusion constraints layer 1...
exclusion constraints layer 2...
exclusion constraints layer 3...
exclusion constraints layer 4...
exclusion constraints layer 5...
exclusion constraints layer 6...
exclusion constraints layer 7...
exclusion constraints layer 8...
exclusion constraints layer 9...
exclusion constraints layer 10...
exclusion constraints layer 11...
exclusion constraints layer 12...
exclusion constraints layer 13...
exclusion constraints layer 14...
exclusion constraints layer 15...
exclusion constraints layer 16...

DECISION LAYER 16, WRITING THIN GP-BASED ENCODING WITH 25704 VARS, 702047 CLAUSES.

time spent:    0.03 seconds instantiating 2062 action templates
               0.01 seconds reachability analysis, yielding 505 facts and 2062 actions
               0.00 seconds collecting 505 relevant facts
               0.00 seconds building connectivity graph
               0.00 seconds building (std) graph
               0.70 seconds CNF output time
               0.74 seconds total planner time (solving not included)


***Solving***


[ filemap ]
[ extract ]

variables : 25704
pure lits : 510

1-clauses : 39
2-clauses : 697173
3-clauses : 3244
n-clauses : 1591
discarded : 0

[ solve ]


unsatisfiable                             

[ stats ]

decisions : 180101
conflicts : 121689
time : ~18.633

***UNSAT***


bb: parsing domain file
domain 'GROUNDED-PATHWAYS-PROPOSITIONAL' defined
 ... done.
bb: parsing problem file
problem 'GROUNDED-PATHWAYS-29' defined
 ... done.


time:   0,    55 facts and       0 exclusive pairs
             109 ops   and    1539 exclusive pairs
time:   1,   110 facts and    1540 exclusive pairs
             272 ops   and   17983 exclusive pairs
time:   2,   165 facts and    1650 exclusive pairs
             389 ops   and   25423 exclusive pairs
time:   3,   170 facts and     226 exclusive pairs
             501 ops   and   38224 exclusive pairs
time:   4,   221 facts and     605 exclusive pairs
             665 ops   and   62035 exclusive pairs
time:   5,   270 facts and    1605 exclusive pairs
             880 ops   and  101661 exclusive pairs
time:   6,   332 facts and    2305 exclusive pairs
            1159 ops   and  148935 exclusive pairs
time:   7,   439 facts and    5068 exclusive pairs
            1444 ops   and  208672 exclusive pairs
time:   8,   473 facts and    4523 exclusive pairs
            1558 ops   and  224659 exclusive pairs
time:   9,   485 facts and    1954 exclusive pairs
            1629 ops   and  244216 exclusive pairs
time:  10,   488 facts and    1559 exclusive pairs
            1686 ops   and  277794 exclusive pairs
time:  11,   489 facts and    1546 exclusive pairs
            1741 ops   and  315615 exclusive pairs
time:  12,   490 facts and    1558 exclusive pairs
            1796 ops   and  356507 exclusive pairs
time:  13,   491 facts and    1571 exclusive pairs
            1851 ops   and  400424 exclusive pairs
time:  14,   492 facts and    1585 exclusive pairs
            1906 ops   and  447366 exclusive pairs
time:  15,   493 facts and    1600 exclusive pairs
            1961 ops   and  497333 exclusive pairs
time:  16,   494 facts and    1616 exclusive pairs
            2016 ops   and  550325 exclusive pairs
time:  17,   495 facts and    1633 exclusive pairs

creating thin gp-based encoding...
plan graph layer 0...
plan graph layer 1...
plan graph layer 2...
plan graph layer 3...
plan graph layer 4...
plan graph layer 5...
plan graph layer 6...
plan graph layer 7...
plan graph layer 8...
plan graph layer 9...
plan graph layer 10...
plan graph layer 11...
plan graph layer 12...
plan graph layer 13...
plan graph layer 14...
plan graph layer 15...
plan graph layer 16...
plan graph layer 17...
goal constraints...
exclusion constraints layer 0...
exclusion constraints layer 1...
exclusion constraints layer 2...
exclusion constraints layer 3...
exclusion constraints layer 4...
exclusion constraints layer 5...
exclusion constraints layer 6...
exclusion constraints layer 7...
exclusion constraints layer 8...
exclusion constraints layer 9...
exclusion constraints layer 10...
exclusion constraints layer 11...
exclusion constraints layer 12...
exclusion constraints layer 13...
exclusion constraints layer 14...
exclusion constraints layer 15...
exclusion constraints layer 16...
exclusion constraints layer 17...

DECISION LAYER 17, WRITING THIN GP-BASED ENCODING WITH 28215 VARS, 791066 CLAUSES.

time spent:    0.03 seconds instantiating 2062 action templates
               0.00 seconds reachability analysis, yielding 505 facts and 2062 actions
               0.00 seconds collecting 505 relevant facts
               0.00 seconds building connectivity graph
               0.00 seconds building (std) graph
               0.79 seconds CNF output time
               0.82 seconds total planner time (solving not included)


***Solving***


[ filemap ]
[ extract ]

variables : 28215
pure lits : 511

1-clauses : 39
2-clauses : 785752
3-clauses : 3544
n-clauses : 1731
discarded : 0

[ solve ]


unsatisfiable                             

[ stats ]

decisions : 363773
conflicts : 251928
time : ~45.535

***UNSAT***


bb: parsing domain file
domain 'GROUNDED-PATHWAYS-PROPOSITIONAL' defined
 ... done.
bb: parsing problem file
problem 'GROUNDED-PATHWAYS-29' defined
 ... done.


time:   0,    55 facts and       0 exclusive pairs
             109 ops   and    1539 exclusive pairs
time:   1,   110 facts and    1540 exclusive pairs
             272 ops   and   17983 exclusive pairs
time:   2,   165 facts and    1650 exclusive pairs
             389 ops   and   25423 exclusive pairs
time:   3,   170 facts and     226 exclusive pairs
             501 ops   and   38224 exclusive pairs
time:   4,   221 facts and     605 exclusive pairs
             665 ops   and   62035 exclusive pairs
time:   5,   270 facts and    1605 exclusive pairs
             880 ops   and  101661 exclusive pairs
time:   6,   332 facts and    2305 exclusive pairs
            1159 ops   and  148935 exclusive pairs
time:   7,   439 facts and    5068 exclusive pairs
            1444 ops   and  208672 exclusive pairs
time:   8,   473 facts and    4523 exclusive pairs
            1558 ops   and  224659 exclusive pairs
time:   9,   485 facts and    1954 exclusive pairs
            1629 ops   and  244216 exclusive pairs
time:  10,   488 facts and    1559 exclusive pairs
            1686 ops   and  277794 exclusive pairs
time:  11,   489 facts and    1546 exclusive pairs
            1741 ops   and  315615 exclusive pairs
time:  12,   490 facts and    1558 exclusive pairs
            1796 ops   and  356507 exclusive pairs
time:  13,   491 facts and    1571 exclusive pairs
            1851 ops   and  400424 exclusive pairs
time:  14,   492 facts and    1585 exclusive pairs
            1906 ops   and  447366 exclusive pairs
time:  15,   493 facts and    1600 exclusive pairs
            1961 ops   and  497333 exclusive pairs
time:  16,   494 facts and    1616 exclusive pairs
            2016 ops   and  550325 exclusive pairs
time:  17,   495 facts and    1633 exclusive pairs
            2071 ops   and  606342 exclusive pairs
time:  18,   496 facts and    1651 exclusive pairs

creating thin gp-based encoding...
plan graph layer 0...
plan graph layer 1...
plan graph layer 2...
plan graph layer 3...
plan graph layer 4...
plan graph layer 5...
plan graph layer 6...
plan graph layer 7...
plan graph layer 8...
plan graph layer 9...
plan graph layer 10...
plan graph layer 11...
plan graph layer 12...
plan graph layer 13...
plan graph layer 14...
plan graph layer 15...
plan graph layer 16...
plan graph layer 17...
plan graph layer 18...
goal constraints...
exclusion constraints layer 0...
exclusion constraints layer 1...
exclusion constraints layer 2...
exclusion constraints layer 3...
exclusion constraints layer 4...
exclusion constraints layer 5...
exclusion constraints layer 6...
exclusion constraints layer 7...
exclusion constraints layer 8...
exclusion constraints layer 9...
exclusion constraints layer 10...
exclusion constraints layer 11...
exclusion constraints layer 12...
exclusion constraints layer 13...
exclusion constraints layer 14...
exclusion constraints layer 15...
exclusion constraints layer 16...
exclusion constraints layer 17...
exclusion constraints layer 18...

DECISION LAYER 18, WRITING THIN GP-BASED ENCODING WITH 30782 VARS, 885532 CLAUSES.

time spent:    0.02 seconds instantiating 2062 action templates
               0.02 seconds reachability analysis, yielding 505 facts and 2062 actions
               0.00 seconds collecting 505 relevant facts
               0.00 seconds building connectivity graph
               0.00 seconds building (std) graph
               0.88 seconds CNF output time
               0.92 seconds total planner time (solving not included)


***Solving***


[ filemap ]
[ extract ]

variables : 30782
pure lits : 512

1-clauses : 39
2-clauses : 879777
3-clauses : 3844
n-clauses : 1872
discarded : 0

[ solve ]

