---SatPlan Version: 1.1

bb: parsing domain file
domain 'GROUNDED-PATHWAYS-PROPOSITIONAL' defined
 ... done.
bb: parsing problem file
problem 'GROUNDED-PATHWAYS-30' defined
 ... done.


time:   0,    59 facts and       0 exclusive pairs
             117 ops   and    1769 exclusive pairs
time:   1,   118 facts and    1770 exclusive pairs

creating thin gp-based encoding...
plan graph layer 0...
plan graph layer 1...
goal constraints...

goal fact not coded - level too low??


bb: parsing domain file
domain 'GROUNDED-PATHWAYS-PROPOSITIONAL' defined
 ... done.
bb: parsing problem file
problem 'GROUNDED-PATHWAYS-30' defined
 ... done.


time:   0,    59 facts and       0 exclusive pairs
             117 ops   and    1769 exclusive pairs
time:   1,   118 facts and    1770 exclusive pairs
             292 ops   and   20707 exclusive pairs
time:   2,   177 facts and    1888 exclusive pairs

creating thin gp-based encoding...
plan graph layer 0...
plan graph layer 1...
plan graph layer 2...
goal constraints...

goal fact not coded - level too low??


bb: parsing domain file
domain 'GROUNDED-PATHWAYS-PROPOSITIONAL' defined
 ... done.
bb: parsing problem file
problem 'GROUNDED-PATHWAYS-30' defined
 ... done.


time:   0,    59 facts and       0 exclusive pairs
             117 ops   and    1769 exclusive pairs
time:   1,   118 facts and    1770 exclusive pairs
             292 ops   and   20707 exclusive pairs
time:   2,   177 facts and    1888 exclusive pairs
             417 ops   and   29159 exclusive pairs
time:   3,   182 facts and     242 exclusive pairs

creating thin gp-based encoding...
plan graph layer 0...
plan graph layer 1...
plan graph layer 2...
plan graph layer 3...
goal constraints...

goal fact not coded - level too low??


bb: parsing domain file
domain 'GROUNDED-PATHWAYS-PROPOSITIONAL' defined
 ... done.
bb: parsing problem file
problem 'GROUNDED-PATHWAYS-30' defined
 ... done.


time:   0,    59 facts and       0 exclusive pairs
             117 ops   and    1769 exclusive pairs
time:   1,   118 facts and    1770 exclusive pairs
             292 ops   and   20707 exclusive pairs
time:   2,   177 facts and    1888 exclusive pairs
             417 ops   and   29159 exclusive pairs
time:   3,   182 facts and     242 exclusive pairs
             534 ops   and   43621 exclusive pairs
time:   4,   237 facts and     660 exclusive pairs

creating thin gp-based encoding...
plan graph layer 0...
plan graph layer 1...
plan graph layer 2...
plan graph layer 3...
plan graph layer 4...
goal constraints...

goal fact not coded - level too low??


bb: parsing domain file
domain 'GROUNDED-PATHWAYS-PROPOSITIONAL' defined
 ... done.
bb: parsing problem file
problem 'GROUNDED-PATHWAYS-30' defined
 ... done.


time:   0,    59 facts and       0 exclusive pairs
             117 ops   and    1769 exclusive pairs
time:   1,   118 facts and    1770 exclusive pairs
             292 ops   and   20707 exclusive pairs
time:   2,   177 facts and    1888 exclusive pairs
             417 ops   and   29159 exclusive pairs
time:   3,   182 facts and     242 exclusive pairs
             534 ops   and   43621 exclusive pairs
time:   4,   237 facts and     660 exclusive pairs
             728 ops   and   72405 exclusive pairs
time:   5,   298 facts and    1782 exclusive pairs

creating thin gp-based encoding...
plan graph layer 0...
plan graph layer 1...
plan graph layer 2...
plan graph layer 3...
plan graph layer 4...
plan graph layer 5...
goal constraints...

goal fact not coded - level too low??


bb: parsing domain file
domain 'GROUNDED-PATHWAYS-PROPOSITIONAL' defined
 ... done.
bb: parsing problem file
problem 'GROUNDED-PATHWAYS-30' defined
 ... done.


time:   0,    59 facts and       0 exclusive pairs
             117 ops   and    1769 exclusive pairs
time:   1,   118 facts and    1770 exclusive pairs
             292 ops   and   20707 exclusive pairs
time:   2,   177 facts and    1888 exclusive pairs
             417 ops   and   29159 exclusive pairs
time:   3,   182 facts and     242 exclusive pairs
             534 ops   and   43621 exclusive pairs
time:   4,   237 facts and     660 exclusive pairs
             728 ops   and   72405 exclusive pairs
time:   5,   298 facts and    1782 exclusive pairs
             970 ops   and  115764 exclusive pairs
time:   6,   359 facts and    2623 exclusive pairs

creating thin gp-based encoding...
plan graph layer 0...
plan graph layer 1...
plan graph layer 2...
plan graph layer 3...
plan graph layer 4...
plan graph layer 5...
plan graph layer 6...
goal constraints...

goal fact not coded - level too low??


bb: parsing domain file
domain 'GROUNDED-PATHWAYS-PROPOSITIONAL' defined
 ... done.
bb: parsing problem file
problem 'GROUNDED-PATHWAYS-30' defined
 ... done.


time:   0,    59 facts and       0 exclusive pairs
             117 ops   and    1769 exclusive pairs
time:   1,   118 facts and    1770 exclusive pairs
             292 ops   and   20707 exclusive pairs
time:   2,   177 facts and    1888 exclusive pairs
             417 ops   and   29159 exclusive pairs
time:   3,   182 facts and     242 exclusive pairs
             534 ops   and   43621 exclusive pairs
time:   4,   237 facts and     660 exclusive pairs
             728 ops   and   72405 exclusive pairs
time:   5,   298 facts and    1782 exclusive pairs
             970 ops   and  115764 exclusive pairs
time:   6,   359 facts and    2623 exclusive pairs
            1210 ops   and  161798 exclusive pairs
time:   7,   431 facts and    3341 exclusive pairs

creating thin gp-based encoding...
plan graph layer 0...
plan graph layer 1...
plan graph layer 2...
plan graph layer 3...
plan graph layer 4...
plan graph layer 5...
plan graph layer 6...
plan graph layer 7...
goal constraints...

goal fact not coded - level too low??


bb: parsing domain file
domain 'GROUNDED-PATHWAYS-PROPOSITIONAL' defined
 ... done.
bb: parsing problem file
problem 'GROUNDED-PATHWAYS-30' defined
 ... done.


time:   0,    59 facts and       0 exclusive pairs
             117 ops   and    1769 exclusive pairs
time:   1,   118 facts and    1770 exclusive pairs
             292 ops   and   20707 exclusive pairs
time:   2,   177 facts and    1888 exclusive pairs
             417 ops   and   29159 exclusive pairs
time:   3,   182 facts and     242 exclusive pairs
             534 ops   and   43621 exclusive pairs
time:   4,   237 facts and     660 exclusive pairs
             728 ops   and   72405 exclusive pairs
time:   5,   298 facts and    1782 exclusive pairs
             970 ops   and  115764 exclusive pairs
time:   6,   359 facts and    2623 exclusive pairs
            1210 ops   and  161798 exclusive pairs
time:   7,   431 facts and    3341 exclusive pairs
            1429 ops   and  212050 exclusive pairs
time:   8,   439 facts and    2072 exclusive pairs

creating thin gp-based encoding...
plan graph layer 0...
plan graph layer 1...
plan graph layer 2...
plan graph layer 3...
plan graph layer 4...
plan graph layer 5...
plan graph layer 6...
plan graph layer 7...
plan graph layer 8...
goal constraints...

goal fact not coded - level too low??


bb: parsing domain file
domain 'GROUNDED-PATHWAYS-PROPOSITIONAL' defined
 ... done.
bb: parsing problem file
problem 'GROUNDED-PATHWAYS-30' defined
 ... done.


time:   0,    59 facts and       0 exclusive pairs
             117 ops   and    1769 exclusive pairs
time:   1,   118 facts and    1770 exclusive pairs
             292 ops   and   20707 exclusive pairs
time:   2,   177 facts and    1888 exclusive pairs
             417 ops   and   29159 exclusive pairs
time:   3,   182 facts and     242 exclusive pairs
             534 ops   and   43621 exclusive pairs
time:   4,   237 facts and     660 exclusive pairs
             728 ops   and   72405 exclusive pairs
time:   5,   298 facts and    1782 exclusive pairs
             970 ops   and  115764 exclusive pairs
time:   6,   359 facts and    2623 exclusive pairs
            1210 ops   and  161798 exclusive pairs
time:   7,   431 facts and    3341 exclusive pairs
            1429 ops   and  212050 exclusive pairs
time:   8,   439 facts and    2072 exclusive pairs
            1499 ops   and  228781 exclusive pairs
time:   9,   444 facts and    1248 exclusive pairs

creating thin gp-based encoding...
plan graph layer 0...
plan graph layer 1...
plan graph layer 2...
plan graph layer 3...
plan graph layer 4...
plan graph layer 5...
plan graph layer 6...
plan graph layer 7...
plan graph layer 8...
plan graph layer 9...
goal constraints...

goal fact not coded - level too low??


bb: parsing domain file
domain 'GROUNDED-PATHWAYS-PROPOSITIONAL' defined
 ... done.
bb: parsing problem file
problem 'GROUNDED-PATHWAYS-30' defined
 ... done.


time:   0,    59 facts and       0 exclusive pairs
             117 ops   and    1769 exclusive pairs
time:   1,   118 facts and    1770 exclusive pairs
             292 ops   and   20707 exclusive pairs
time:   2,   177 facts and    1888 exclusive pairs
             417 ops   and   29159 exclusive pairs
time:   3,   182 facts and     242 exclusive pairs
             534 ops   and   43621 exclusive pairs
time:   4,   237 facts and     660 exclusive pairs
             728 ops   and   72405 exclusive pairs
time:   5,   298 facts and    1782 exclusive pairs
             970 ops   and  115764 exclusive pairs
time:   6,   359 facts and    2623 exclusive pairs
            1210 ops   and  161798 exclusive pairs
time:   7,   431 facts and    3341 exclusive pairs
            1429 ops   and  212050 exclusive pairs
time:   8,   439 facts and    2072 exclusive pairs
            1499 ops   and  228781 exclusive pairs
time:   9,   444 facts and    1248 exclusive pairs
            1573 ops   and  257215 exclusive pairs
time:  10,   455 facts and    1318 exclusive pairs

creating thin gp-based encoding...
plan graph layer 0...
plan graph layer 1...
plan graph layer 2...
plan graph layer 3...
plan graph layer 4...
plan graph layer 5...
plan graph layer 6...
plan graph layer 7...
plan graph layer 8...
plan graph layer 9...
plan graph layer 10...
goal constraints...

goal fact not coded - level too low??


bb: parsing domain file
domain 'GROUNDED-PATHWAYS-PROPOSITIONAL' defined
 ... done.
bb: parsing problem file
problem 'GROUNDED-PATHWAYS-30' defined
 ... done.


time:   0,    59 facts and       0 exclusive pairs
             117 ops   and    1769 exclusive pairs
time:   1,   118 facts and    1770 exclusive pairs
             292 ops   and   20707 exclusive pairs
time:   2,   177 facts and    1888 exclusive pairs
             417 ops   and   29159 exclusive pairs
time:   3,   182 facts and     242 exclusive pairs
             534 ops   and   43621 exclusive pairs
time:   4,   237 facts and     660 exclusive pairs
             728 ops   and   72405 exclusive pairs
time:   5,   298 facts and    1782 exclusive pairs
             970 ops   and  115764 exclusive pairs
time:   6,   359 facts and    2623 exclusive pairs
            1210 ops   and  161798 exclusive pairs
time:   7,   431 facts and    3341 exclusive pairs
            1429 ops   and  212050 exclusive pairs
time:   8,   439 facts and    2072 exclusive pairs
            1499 ops   and  228781 exclusive pairs
time:   9,   444 facts and    1248 exclusive pairs
            1573 ops   and  257215 exclusive pairs
time:  10,   455 facts and    1318 exclusive pairs
            1691 ops   and  304606 exclusive pairs
time:  11,   493 facts and    1745 exclusive pairs

creating thin gp-based encoding...
plan graph layer 0...
plan graph layer 1...
plan graph layer 2...
plan graph layer 3...
plan graph layer 4...
plan graph layer 5...
plan graph layer 6...
plan graph layer 7...
plan graph layer 8...
plan graph layer 9...
plan graph layer 10...
plan graph layer 11...
goal constraints...

goal fact not coded - level too low??


bb: parsing domain file
domain 'GROUNDED-PATHWAYS-PROPOSITIONAL' defined
 ... done.
bb: parsing problem file
problem 'GROUNDED-PATHWAYS-30' defined
 ... done.


time:   0,    59 facts and       0 exclusive pairs
             117 ops   and    1769 exclusive pairs
time:   1,   118 facts and    1770 exclusive pairs
             292 ops   and   20707 exclusive pairs
time:   2,   177 facts and    1888 exclusive pairs
             417 ops   and   29159 exclusive pairs
time:   3,   182 facts and     242 exclusive pairs
             534 ops   and   43621 exclusive pairs
time:   4,   237 facts and     660 exclusive pairs
             728 ops   and   72405 exclusive pairs
time:   5,   298 facts and    1782 exclusive pairs
             970 ops   and  115764 exclusive pairs
time:   6,   359 facts and    2623 exclusive pairs
            1210 ops   and  161798 exclusive pairs
time:   7,   431 facts and    3341 exclusive pairs
            1429 ops   and  212050 exclusive pairs
time:   8,   439 facts and    2072 exclusive pairs
            1499 ops   and  228781 exclusive pairs
time:   9,   444 facts and    1248 exclusive pairs
            1573 ops   and  257215 exclusive pairs
time:  10,   455 facts and    1318 exclusive pairs
            1691 ops   and  304606 exclusive pairs
time:  11,   493 facts and    1745 exclusive pairs
            1852 ops   and  364073 exclusive pairs
time:  12,   550 facts and    3065 exclusive pairs

creating thin gp-based encoding...
plan graph layer 0...
plan graph layer 1...
plan graph layer 2...
plan graph layer 3...
plan graph layer 4...
plan graph layer 5...
plan graph layer 6...
plan graph layer 7...
plan graph layer 8...
plan graph layer 9...
plan graph layer 10...
plan graph layer 11...
plan graph layer 12...
goal constraints...

goal fact not coded - level too low??


bb: parsing domain file
domain 'GROUNDED-PATHWAYS-PROPOSITIONAL' defined
 ... done.
bb: parsing problem file
problem 'GROUNDED-PATHWAYS-30' defined
 ... done.


time:   0,    59 facts and       0 exclusive pairs
             117 ops   and    1769 exclusive pairs
time:   1,   118 facts and    1770 exclusive pairs
             292 ops   and   20707 exclusive pairs
time:   2,   177 facts and    1888 exclusive pairs
             417 ops   and   29159 exclusive pairs
time:   3,   182 facts and     242 exclusive pairs
             534 ops   and   43621 exclusive pairs
time:   4,   237 facts and     660 exclusive pairs
             728 ops   and   72405 exclusive pairs
time:   5,   298 facts and    1782 exclusive pairs
             970 ops   and  115764 exclusive pairs
time:   6,   359 facts and    2623 exclusive pairs
            1210 ops   and  161798 exclusive pairs
time:   7,   431 facts and    3341 exclusive pairs
            1429 ops   and  212050 exclusive pairs
time:   8,   439 facts and    2072 exclusive pairs
            1499 ops   and  228781 exclusive pairs
time:   9,   444 facts and    1248 exclusive pairs
            1573 ops   and  257215 exclusive pairs
time:  10,   455 facts and    1318 exclusive pairs
            1691 ops   and  304606 exclusive pairs
time:  11,   493 facts and    1745 exclusive pairs
            1852 ops   and  364073 exclusive pairs
time:  12,   550 facts and    3065 exclusive pairs
            2011 ops   and  428968 exclusive pairs
time:  13,   565 facts and    2528 exclusive pairs

creating thin gp-based encoding...
plan graph layer 0...
plan graph layer 1...
plan graph layer 2...
plan graph layer 3...
plan graph layer 4...
plan graph layer 5...
plan graph layer 6...
plan graph layer 7...
plan graph layer 8...
plan graph layer 9...
plan graph layer 10...
plan graph layer 11...
plan graph layer 12...
plan graph layer 13...
goal constraints...
exclusion constraints layer 0...
exclusion constraints layer 1...
exclusion constraints layer 2...
exclusion constraints layer 3...
exclusion constraints layer 4...
exclusion constraints layer 5...
exclusion constraints layer 6...
exclusion constraints layer 7...
exclusion constraints layer 8...
exclusion constraints layer 9...
exclusion constraints layer 10...
exclusion constraints layer 11...
exclusion constraints layer 12...
exclusion constraints layer 13...

DECISION LAYER 13, WRITING THIN GP-BASED ENCODING WITH 19130 VARS, 523387 CLAUSES.

time spent:    0.04 seconds instantiating 2284 action templates
               0.00 seconds reachability analysis, yielding 579 facts and 2284 actions
               0.00 seconds collecting 579 relevant facts
               0.00 seconds building connectivity graph
               0.00 seconds building (std) graph
               0.56 seconds CNF output time
               0.60 seconds total planner time (solving not included)


***Solving***


[ filemap ]
[ extract ]

variables : 19130
pure lits : 584

1-clauses : 40
2-clauses : 519828
3-clauses : 2477
n-clauses : 1042
discarded : 0

[ solve ]


unsatisfiable                             

[ stats ]

decisions : 0
conflicts : 1
time : ~0.01

***UNSAT***


bb: parsing domain file
domain 'GROUNDED-PATHWAYS-PROPOSITIONAL' defined
 ... done.
bb: parsing problem file
problem 'GROUNDED-PATHWAYS-30' defined
 ... done.


time:   0,    59 facts and       0 exclusive pairs
             117 ops   and    1769 exclusive pairs
time:   1,   118 facts and    1770 exclusive pairs
             292 ops   and   20707 exclusive pairs
time:   2,   177 facts and    1888 exclusive pairs
             417 ops   and   29159 exclusive pairs
time:   3,   182 facts and     242 exclusive pairs
             534 ops   and   43621 exclusive pairs
time:   4,   237 facts and     660 exclusive pairs
             728 ops   and   72405 exclusive pairs
time:   5,   298 facts and    1782 exclusive pairs
             970 ops   and  115764 exclusive pairs
time:   6,   359 facts and    2623 exclusive pairs
            1210 ops   and  161798 exclusive pairs
time:   7,   431 facts and    3341 exclusive pairs
            1429 ops   and  212050 exclusive pairs
time:   8,   439 facts and    2072 exclusive pairs
            1499 ops   and  228781 exclusive pairs
time:   9,   444 facts and    1248 exclusive pairs
            1573 ops   and  257215 exclusive pairs
time:  10,   455 facts and    1318 exclusive pairs
            1691 ops   and  304606 exclusive pairs
time:  11,   493 facts and    1745 exclusive pairs
            1852 ops   and  364073 exclusive pairs
time:  12,   550 facts and    3065 exclusive pairs
            2011 ops   and  428968 exclusive pairs
time:  13,   565 facts and    2528 exclusive pairs
            2095 ops   and  479150 exclusive pairs
time:  14,   566 facts and    2043 exclusive pairs

creating thin gp-based encoding...
plan graph layer 0...
plan graph layer 1...
plan graph layer 2...
plan graph layer 3...
plan graph layer 4...
plan graph layer 5...
plan graph layer 6...
plan graph layer 7...
plan graph layer 8...
plan graph layer 9...
plan graph layer 10...
plan graph layer 11...
plan graph layer 12...
plan graph layer 13...
plan graph layer 14...
goal constraints...
exclusion constraints layer 0...
exclusion constraints layer 1...
exclusion constraints layer 2...
exclusion constraints layer 3...
exclusion constraints layer 4...
exclusion constraints layer 5...
exclusion constraints layer 6...
exclusion constraints layer 7...
exclusion constraints layer 8...
exclusion constraints layer 9...
exclusion constraints layer 10...
exclusion constraints layer 11...
exclusion constraints layer 12...
exclusion constraints layer 13...
exclusion constraints layer 14...

DECISION LAYER 14, WRITING THIN GP-BASED ENCODING WITH 21791 VARS, 607773 CLAUSES.

time spent:    0.04 seconds instantiating 2284 action templates
               0.00 seconds reachability analysis, yielding 579 facts and 2284 actions
               0.00 seconds collecting 579 relevant facts
               0.00 seconds building connectivity graph
               0.00 seconds building (std) graph
               0.67 seconds CNF output time
               0.71 seconds total planner time (solving not included)


***Solving***


[ filemap ]
[ extract ]

variables : 21791
pure lits : 585

1-clauses : 40
2-clauses : 603707
3-clauses : 2840
n-clauses : 1186
discarded : 0

[ solve ]


unsatisfiable                             

[ stats ]

decisions : 0
conflicts : 1
time : ~0.01

***UNSAT***


bb: parsing domain file
domain 'GROUNDED-PATHWAYS-PROPOSITIONAL' defined
 ... done.
bb: parsing problem file
problem 'GROUNDED-PATHWAYS-30' defined
 ... done.


time:   0,    59 facts and       0 exclusive pairs
             117 ops   and    1769 exclusive pairs
time:   1,   118 facts and    1770 exclusive pairs
             292 ops   and   20707 exclusive pairs
time:   2,   177 facts and    1888 exclusive pairs
             417 ops   and   29159 exclusive pairs
time:   3,   182 facts and     242 exclusive pairs
             534 ops   and   43621 exclusive pairs
time:   4,   237 facts and     660 exclusive pairs
             728 ops   and   72405 exclusive pairs
time:   5,   298 facts and    1782 exclusive pairs
             970 ops   and  115764 exclusive pairs
time:   6,   359 facts and    2623 exclusive pairs
            1210 ops   and  161798 exclusive pairs
time:   7,   431 facts and    3341 exclusive pairs
            1429 ops   and  212050 exclusive pairs
time:   8,   439 facts and    2072 exclusive pairs
            1499 ops   and  228781 exclusive pairs
time:   9,   444 facts and    1248 exclusive pairs
            1573 ops   and  257215 exclusive pairs
time:  10,   455 facts and    1318 exclusive pairs
            1691 ops   and  304606 exclusive pairs
time:  11,   493 facts and    1745 exclusive pairs
            1852 ops   and  364073 exclusive pairs
time:  12,   550 facts and    3065 exclusive pairs
            2011 ops   and  428968 exclusive pairs
time:  13,   565 facts and    2528 exclusive pairs
            2095 ops   and  479150 exclusive pairs
time:  14,   566 facts and    2043 exclusive pairs
            2154 ops   and  531971 exclusive pairs
time:  15,   567 facts and    2055 exclusive pairs

creating thin gp-based encoding...
plan graph layer 0...
plan graph layer 1...
plan graph layer 2...
plan graph layer 3...
plan graph layer 4...
plan graph layer 5...
plan graph layer 6...
plan graph layer 7...
plan graph layer 8...
plan graph layer 9...
plan graph layer 10...
plan graph layer 11...
plan graph layer 12...
plan graph layer 13...
plan graph layer 14...
plan graph layer 15...
goal constraints...
exclusion constraints layer 0...
exclusion constraints layer 1...
exclusion constraints layer 2...
exclusion constraints layer 3...
exclusion constraints layer 4...
exclusion constraints layer 5...
exclusion constraints layer 6...
exclusion constraints layer 7...
exclusion constraints layer 8...
exclusion constraints layer 9...
exclusion constraints layer 10...
exclusion constraints layer 11...
exclusion constraints layer 12...
exclusion constraints layer 13...
exclusion constraints layer 14...
exclusion constraints layer 15...

DECISION LAYER 15, WRITING THIN GP-BASED ENCODING WITH 24512 VARS, 698176 CLAUSES.

time spent:    0.04 seconds instantiating 2284 action templates
               0.00 seconds reachability analysis, yielding 579 facts and 2284 actions
               0.00 seconds collecting 579 relevant facts
               0.00 seconds building connectivity graph
               0.00 seconds building (std) graph
               0.78 seconds CNF output time
               0.82 seconds total planner time (solving not included)


***Solving***


[ filemap ]
[ extract ]

variables : 24512
pure lits : 586

1-clauses : 40
2-clauses : 693602
3-clauses : 3203
n-clauses : 1331
discarded : 0

[ solve ]


unsatisfiable                             

[ stats ]

decisions : 4113
conflicts : 121
time : ~0.01

***UNSAT***


bb: parsing domain file
domain 'GROUNDED-PATHWAYS-PROPOSITIONAL' defined
 ... done.
bb: parsing problem file
problem 'GROUNDED-PATHWAYS-30' defined
 ... done.


time:   0,    59 facts and       0 exclusive pairs
             117 ops   and    1769 exclusive pairs
time:   1,   118 facts and    1770 exclusive pairs
             292 ops   and   20707 exclusive pairs
time:   2,   177 facts and    1888 exclusive pairs
             417 ops   and   29159 exclusive pairs
time:   3,   182 facts and     242 exclusive pairs
             534 ops   and   43621 exclusive pairs
time:   4,   237 facts and     660 exclusive pairs
             728 ops   and   72405 exclusive pairs
time:   5,   298 facts and    1782 exclusive pairs
             970 ops   and  115764 exclusive pairs
time:   6,   359 facts and    2623 exclusive pairs
            1210 ops   and  161798 exclusive pairs
time:   7,   431 facts and    3341 exclusive pairs
            1429 ops   and  212050 exclusive pairs
time:   8,   439 facts and    2072 exclusive pairs
            1499 ops   and  228781 exclusive pairs
time:   9,   444 facts and    1248 exclusive pairs
            1573 ops   and  257215 exclusive pairs
time:  10,   455 facts and    1318 exclusive pairs
            1691 ops   and  304606 exclusive pairs
time:  11,   493 facts and    1745 exclusive pairs
            1852 ops   and  364073 exclusive pairs
time:  12,   550 facts and    3065 exclusive pairs
            2011 ops   and  428968 exclusive pairs
time:  13,   565 facts and    2528 exclusive pairs
            2095 ops   and  479150 exclusive pairs
time:  14,   566 facts and    2043 exclusive pairs
            2154 ops   and  531971 exclusive pairs
time:  15,   567 facts and    2055 exclusive pairs
            2213 ops   and  590150 exclusive pairs
time:  16,   568 facts and    2071 exclusive pairs

creating thin gp-based encoding...
plan graph layer 0...
plan graph layer 1...
plan graph layer 2...
plan graph layer 3...
plan graph layer 4...
plan graph layer 5...
plan graph layer 6...
plan graph layer 7...
plan graph layer 8...
plan graph layer 9...
plan graph layer 10...
plan graph layer 11...
plan graph layer 12...
plan graph layer 13...
plan graph layer 14...
plan graph layer 15...
plan graph layer 16...
goal constraints...
exclusion constraints layer 0...
exclusion constraints layer 1...
exclusion constraints layer 2...
exclusion constraints layer 3...
exclusion constraints layer 4...
exclusion constraints layer 5...
exclusion constraints layer 6...
exclusion constraints layer 7...
exclusion constraints layer 8...
exclusion constraints layer 9...
exclusion constraints layer 10...
exclusion constraints layer 11...
exclusion constraints layer 12...
exclusion constraints layer 13...
exclusion constraints layer 14...
exclusion constraints layer 15...
exclusion constraints layer 16...

DECISION LAYER 16, WRITING THIN GP-BASED ENCODING WITH 27293 VARS, 794658 CLAUSES.

time spent:    0.04 seconds instantiating 2284 action templates
               0.00 seconds reachability analysis, yielding 579 facts and 2284 actions
               0.00 seconds collecting 579 relevant facts
               0.00 seconds building connectivity graph
               0.00 seconds building (std) graph
               0.89 seconds CNF output time
               0.93 seconds total planner time (solving not included)


***Solving***


[ filemap ]
[ extract ]

variables : 27293
pure lits : 587

1-clauses : 40
2-clauses : 789575
3-clauses : 3566
n-clauses : 1477
discarded : 0

[ solve ]


unsatisfiable                             

[ stats ]

decisions : 30989
conflicts : 1688
time : ~0.04

***UNSAT***


bb: parsing domain file
domain 'GROUNDED-PATHWAYS-PROPOSITIONAL' defined
 ... done.
bb: parsing problem file
problem 'GROUNDED-PATHWAYS-30' defined
 ... done.


time:   0,    59 facts and       0 exclusive pairs
             117 ops   and    1769 exclusive pairs
time:   1,   118 facts and    1770 exclusive pairs
             292 ops   and   20707 exclusive pairs
time:   2,   177 facts and    1888 exclusive pairs
             417 ops   and   29159 exclusive pairs
time:   3,   182 facts and     242 exclusive pairs
             534 ops   and   43621 exclusive pairs
time:   4,   237 facts and     660 exclusive pairs
             728 ops   and   72405 exclusive pairs
time:   5,   298 facts and    1782 exclusive pairs
             970 ops   and  115764 exclusive pairs
time:   6,   359 facts and    2623 exclusive pairs
            1210 ops   and  161798 exclusive pairs
time:   7,   431 facts and    3341 exclusive pairs
            1429 ops   and  212050 exclusive pairs
time:   8,   439 facts and    2072 exclusive pairs
            1499 ops   and  228781 exclusive pairs
time:   9,   444 facts and    1248 exclusive pairs
            1573 ops   and  257215 exclusive pairs
time:  10,   455 facts and    1318 exclusive pairs
            1691 ops   and  304606 exclusive pairs
time:  11,   493 facts and    1745 exclusive pairs
            1852 ops   and  364073 exclusive pairs
time:  12,   550 facts and    3065 exclusive pairs
            2011 ops   and  428968 exclusive pairs
time:  13,   565 facts and    2528 exclusive pairs
            2095 ops   and  479150 exclusive pairs
time:  14,   566 facts and    2043 exclusive pairs
            2154 ops   and  531971 exclusive pairs
time:  15,   567 facts and    2055 exclusive pairs
            2213 ops   and  590150 exclusive pairs
time:  16,   568 facts and    2071 exclusive pairs
            2272 ops   and  651813 exclusive pairs
time:  17,   569 facts and    2088 exclusive pairs

creating thin gp-based encoding...
plan graph layer 0...
plan graph layer 1...
plan graph layer 2...
plan graph layer 3...
plan graph layer 4...
plan graph layer 5...
plan graph layer 6...
plan graph layer 7...
plan graph layer 8...
plan graph layer 9...
plan graph layer 10...
plan graph layer 11...
plan graph layer 12...
plan graph layer 13...
plan graph layer 14...
plan graph layer 15...
plan graph layer 16...
plan graph layer 17...
goal constraints...
exclusion constraints layer 0...
exclusion constraints layer 1...
exclusion constraints layer 2...
exclusion constraints layer 3...
exclusion constraints layer 4...
exclusion constraints layer 5...
exclusion constraints layer 6...
exclusion constraints layer 7...
exclusion constraints layer 8...
exclusion constraints layer 9...
exclusion constraints layer 10...
exclusion constraints layer 11...
exclusion constraints layer 12...
exclusion constraints layer 13...
exclusion constraints layer 14...
exclusion constraints layer 15...
exclusion constraints layer 16...
exclusion constraints layer 17...

DECISION LAYER 17, WRITING THIN GP-BASED ENCODING WITH 30134 VARS, 897278 CLAUSES.

time spent:    0.04 seconds instantiating 2284 action templates
               0.00 seconds reachability analysis, yielding 579 facts and 2284 actions
               0.00 seconds collecting 579 relevant facts
               0.00 seconds building connectivity graph
               0.00 seconds building (std) graph
               1.01 seconds CNF output time
               1.05 seconds total planner time (solving not included)


***Solving***


[ filemap ]
[ extract ]

variables : 30134
pure lits : 588

1-clauses : 40
2-clauses : 891685
3-clauses : 3929
n-clauses : 1624
discarded : 0

[ solve ]


unsatisfiable                             

[ stats ]

decisions : 24643
conflicts : 3176
time : ~0.085

***UNSAT***


bb: parsing domain file
domain 'GROUNDED-PATHWAYS-PROPOSITIONAL' defined
 ... done.
bb: parsing problem file
problem 'GROUNDED-PATHWAYS-30' defined
 ... done.


time:   0,    59 facts and       0 exclusive pairs
             117 ops   and    1769 exclusive pairs
time:   1,   118 facts and    1770 exclusive pairs
             292 ops   and   20707 exclusive pairs
time:   2,   177 facts and    1888 exclusive pairs
             417 ops   and   29159 exclusive pairs
time:   3,   182 facts and     242 exclusive pairs
             534 ops   and   43621 exclusive pairs
time:   4,   237 facts and     660 exclusive pairs
             728 ops   and   72405 exclusive pairs
time:   5,   298 facts and    1782 exclusive pairs
             970 ops   and  115764 exclusive pairs
time:   6,   359 facts and    2623 exclusive pairs
            1210 ops   and  161798 exclusive pairs
time:   7,   431 facts and    3341 exclusive pairs
            1429 ops   and  212050 exclusive pairs
time:   8,   439 facts and    2072 exclusive pairs
            1499 ops   and  228781 exclusive pairs
time:   9,   444 facts and    1248 exclusive pairs
            1573 ops   and  257215 exclusive pairs
time:  10,   455 facts and    1318 exclusive pairs
            1691 ops   and  304606 exclusive pairs
time:  11,   493 facts and    1745 exclusive pairs
            1852 ops   and  364073 exclusive pairs
time:  12,   550 facts and    3065 exclusive pairs
            2011 ops   and  428968 exclusive pairs
time:  13,   565 facts and    2528 exclusive pairs
            2095 ops   and  479150 exclusive pairs
time:  14,   566 facts and    2043 exclusive pairs
            2154 ops   and  531971 exclusive pairs
time:  15,   567 facts and    2055 exclusive pairs
            2213 ops   and  590150 exclusive pairs
time:  16,   568 facts and    2071 exclusive pairs
            2272 ops   and  651813 exclusive pairs
time:  17,   569 facts and    2088 exclusive pairs
            2331 ops   and  716957 exclusive pairs
time:  18,   570 facts and    2106 exclusive pairs

creating thin gp-based encoding...
plan graph layer 0...
plan graph layer 1...
plan graph layer 2...
plan graph layer 3...
plan graph layer 4...
plan graph layer 5...
plan graph layer 6...
plan graph layer 7...
plan graph layer 8...
plan graph layer 9...
plan graph layer 10...
plan graph layer 11...
plan graph layer 12...
plan graph layer 13...
plan graph layer 14...
plan graph layer 15...
plan graph layer 16...
plan graph layer 17...
plan graph layer 18...
goal constraints...
exclusion constraints layer 0...
exclusion constraints layer 1...
exclusion constraints layer 2...
exclusion constraints layer 3...
exclusion constraints layer 4...
exclusion constraints layer 5...
exclusion constraints layer 6...
exclusion constraints layer 7...
exclusion constraints layer 8...
exclusion constraints layer 9...
exclusion constraints layer 10...
exclusion constraints layer 11...
exclusion constraints layer 12...
exclusion constraints layer 13...
exclusion constraints layer 14...
exclusion constraints layer 15...
exclusion constraints layer 16...
exclusion constraints layer 17...
exclusion constraints layer 18...

DECISION LAYER 18, WRITING THIN GP-BASED ENCODING WITH 33035 VARS, 1006095 CLAUSES.

time spent:    0.04 seconds instantiating 2284 action templates
               0.00 seconds reachability analysis, yielding 579 facts and 2284 actions
               0.00 seconds collecting 579 relevant facts
               0.00 seconds building connectivity graph
               0.00 seconds building (std) graph
               1.14 seconds CNF output time
               1.18 seconds total planner time (solving not included)


***Solving***


[ filemap ]
[ extract ]

variables : 33035
pure lits : 589

1-clauses : 40
2-clauses : 999991
3-clauses : 4292
n-clauses : 1772
discarded : 0

[ solve ]


unsatisfiable                             

[ stats ]

decisions : 60542
conflicts : 24141
time : ~1.173

***UNSAT***


bb: parsing domain file
domain 'GROUNDED-PATHWAYS-PROPOSITIONAL' defined
 ... done.
bb: parsing problem file
problem 'GROUNDED-PATHWAYS-30' defined
 ... done.


time:   0,    59 facts and       0 exclusive pairs
             117 ops   and    1769 exclusive pairs
time:   1,   118 facts and    1770 exclusive pairs
             292 ops   and   20707 exclusive pairs
time:   2,   177 facts and    1888 exclusive pairs
             417 ops   and   29159 exclusive pairs
time:   3,   182 facts and     242 exclusive pairs
             534 ops   and   43621 exclusive pairs
time:   4,   237 facts and     660 exclusive pairs
             728 ops   and   72405 exclusive pairs
time:   5,   298 facts and    1782 exclusive pairs
             970 ops   and  115764 exclusive pairs
time:   6,   359 facts and    2623 exclusive pairs
            1210 ops   and  161798 exclusive pairs
time:   7,   431 facts and    3341 exclusive pairs
            1429 ops   and  212050 exclusive pairs
time:   8,   439 facts and    2072 exclusive pairs
            1499 ops   and  228781 exclusive pairs
time:   9,   444 facts and    1248 exclusive pairs
            1573 ops   and  257215 exclusive pairs
time:  10,   455 facts and    1318 exclusive pairs
            1691 ops   and  304606 exclusive pairs
time:  11,   493 facts and    1745 exclusive pairs
            1852 ops   and  364073 exclusive pairs
time:  12,   550 facts and    3065 exclusive pairs
            2011 ops   and  428968 exclusive pairs
time:  13,   565 facts and    2528 exclusive pairs
            2095 ops   and  479150 exclusive pairs
time:  14,   566 facts and    2043 exclusive pairs
            2154 ops   and  531971 exclusive pairs
time:  15,   567 facts and    2055 exclusive pairs
            2213 ops   and  590150 exclusive pairs
time:  16,   568 facts and    2071 exclusive pairs
            2272 ops   and  651813 exclusive pairs
time:  17,   569 facts and    2088 exclusive pairs
            2331 ops   and  716957 exclusive pairs
time:  18,   570 facts and    2106 exclusive pairs
            2390 ops   and  785582 exclusive pairs
time:  19,   571 facts and    2125 exclusive pairs

creating thin gp-based encoding...
plan graph layer 0...
plan graph layer 1...
plan graph layer 2...
plan graph layer 3...
plan graph layer 4...
plan graph layer 5...
plan graph layer 6...
plan graph layer 7...
plan graph layer 8...
plan graph layer 9...
plan graph layer 10...
plan graph layer 11...
plan graph layer 12...
plan graph layer 13...
plan graph layer 14...
plan graph layer 15...
plan graph layer 16...
plan graph layer 17...
plan graph layer 18...
plan graph layer 19...
goal constraints...
exclusion constraints layer 0...
exclusion constraints layer 1...
exclusion constraints layer 2...
exclusion constraints layer 3...
exclusion constraints layer 4...
exclusion constraints layer 5...
exclusion constraints layer 6...
exclusion constraints layer 7...
exclusion constraints layer 8...
exclusion constraints layer 9...
exclusion constraints layer 10...
exclusion constraints layer 11...
exclusion constraints layer 12...
exclusion constraints layer 13...
exclusion constraints layer 14...
exclusion constraints layer 15...
exclusion constraints layer 16...
exclusion constraints layer 17...
exclusion constraints layer 18...
exclusion constraints layer 19...

DECISION LAYER 19, WRITING THIN GP-BASED ENCODING WITH 35996 VARS, 1121168 CLAUSES.

time spent:    0.04 seconds instantiating 2284 action templates
               0.00 seconds reachability analysis, yielding 579 facts and 2284 actions
               0.00 seconds collecting 579 relevant facts
               0.00 seconds building connectivity graph
               0.00 seconds building (std) graph
               1.26 seconds CNF output time
               1.30 seconds total planner time (solving not included)


***Solving***


[ filemap ]
[ extract ]

variables : 35996
pure lits : 590

1-clauses : 40
2-clauses : 1114552
3-clauses : 4655
n-clauses : 1921
discarded : 0

[ solve ]


unsatisfiable                             

[ stats ]

decisions : 143918
conflicts : 89415
time : ~12.233

***UNSAT***


bb: parsing domain file
domain 'GROUNDED-PATHWAYS-PROPOSITIONAL' defined
 ... done.
bb: parsing problem file
problem 'GROUNDED-PATHWAYS-30' defined
 ... done.


time:   0,    59 facts and       0 exclusive pairs
             117 ops   and    1769 exclusive pairs
time:   1,   118 facts and    1770 exclusive pairs
             292 ops   and   20707 exclusive pairs
time:   2,   177 facts and    1888 exclusive pairs
             417 ops   and   29159 exclusive pairs
time:   3,   182 facts and     242 exclusive pairs
             534 ops   and   43621 exclusive pairs
time:   4,   237 facts and     660 exclusive pairs
             728 ops   and   72405 exclusive pairs
time:   5,   298 facts and    1782 exclusive pairs
             970 ops   and  115764 exclusive pairs
time:   6,   359 facts and    2623 exclusive pairs
            1210 ops   and  161798 exclusive pairs
time:   7,   431 facts and    3341 exclusive pairs
            1429 ops   and  212050 exclusive pairs
time:   8,   439 facts and    2072 exclusive pairs
            1499 ops   and  228781 exclusive pairs
time:   9,   444 facts and    1248 exclusive pairs
            1573 ops   and  257215 exclusive pairs
time:  10,   455 facts and    1318 exclusive pairs
            1691 ops   and  304606 exclusive pairs
time:  11,   493 facts and    1745 exclusive pairs
            1852 ops   and  364073 exclusive pairs
time:  12,   550 facts and    3065 exclusive pairs
            2011 ops   and  428968 exclusive pairs
time:  13,   565 facts and    2528 exclusive pairs
            2095 ops   and  479150 exclusive pairs
time:  14,   566 facts and    2043 exclusive pairs
            2154 ops   and  531971 exclusive pairs
time:  15,   567 facts and    2055 exclusive pairs
            2213 ops   and  590150 exclusive pairs
time:  16,   568 facts and    2071 exclusive pairs
            2272 ops   and  651813 exclusive pairs
time:  17,   569 facts and    2088 exclusive pairs
            2331 ops   and  716957 exclusive pairs
time:  18,   570 facts and    2106 exclusive pairs
            2390 ops   and  785582 exclusive pairs
time:  19,   571 facts and    2125 exclusive pairs
            2449 ops   and  857688 exclusive pairs
time:  20,   572 facts and    2145 exclusive pairs

creating thin gp-based encoding...
plan graph layer 0...
plan graph layer 1...
plan graph layer 2...
plan graph layer 3...
plan graph layer 4...
plan graph layer 5...
plan graph layer 6...
plan graph layer 7...
plan graph layer 8...
plan graph layer 9...
plan graph layer 10...
plan graph layer 11...
plan graph layer 12...
plan graph layer 13...
plan graph layer 14...
plan graph layer 15...
plan graph layer 16...
plan graph layer 17...
plan graph layer 18...
plan graph layer 19...
plan graph layer 20...
goal constraints...
exclusion constraints layer 0...
exclusion constraints layer 1...
exclusion constraints layer 2...
exclusion constraints layer 3...
exclusion constraints layer 4...
exclusion constraints layer 5...
exclusion constraints layer 6...
exclusion constraints layer 7...
exclusion constraints layer 8...
exclusion constraints layer 9...
exclusion constraints layer 10...
exclusion constraints layer 11...
exclusion constraints layer 12...
exclusion constraints layer 13...
exclusion constraints layer 14...
exclusion constraints layer 15...
exclusion constraints layer 16...
exclusion constraints layer 17...
exclusion constraints layer 18...
exclusion constraints layer 19...
exclusion constraints layer 20...

DECISION LAYER 20, WRITING THIN GP-BASED ENCODING WITH 39017 VARS, 1242556 CLAUSES.

time spent:    0.03 seconds instantiating 2284 action templates
               0.00 seconds reachability analysis, yielding 579 facts and 2284 actions
               0.01 seconds collecting 579 relevant facts
               0.00 seconds building connectivity graph
               0.00 seconds building (std) graph
               1.42 seconds CNF output time
               1.46 seconds total planner time (solving not included)


***Solving***


[ filemap ]
[ extract ]

variables : 39017
pure lits : 591

1-clauses : 40
2-clauses : 1235427
3-clauses : 5018
n-clauses : 2071
discarded : 0

[ solve ]


unsatisfiable                             

[ stats ]

decisions : 184186
conflicts : 120219
time : ~18.946

***UNSAT***


bb: parsing domain file
domain 'GROUNDED-PATHWAYS-PROPOSITIONAL' defined
 ... done.
bb: parsing problem file
problem 'GROUNDED-PATHWAYS-30' defined
 ... done.


time:   0,    59 facts and       0 exclusive pairs
             117 ops   and    1769 exclusive pairs
time:   1,   118 facts and    1770 exclusive pairs
             292 ops   and   20707 exclusive pairs
time:   2,   177 facts and    1888 exclusive pairs
             417 ops   and   29159 exclusive pairs
time:   3,   182 facts and     242 exclusive pairs
             534 ops   and   43621 exclusive pairs
time:   4,   237 facts and     660 exclusive pairs
             728 ops   and   72405 exclusive pairs
time:   5,   298 facts and    1782 exclusive pairs
             970 ops   and  115764 exclusive pairs
time:   6,   359 facts and    2623 exclusive pairs
            1210 ops   and  161798 exclusive pairs
time:   7,   431 facts and    3341 exclusive pairs
            1429 ops   and  212050 exclusive pairs
time:   8,   439 facts and    2072 exclusive pairs
            1499 ops   and  228781 exclusive pairs
time:   9,   444 facts and    1248 exclusive pairs
            1573 ops   and  257215 exclusive pairs
time:  10,   455 facts and    1318 exclusive pairs
            1691 ops   and  304606 exclusive pairs
time:  11,   493 facts and    1745 exclusive pairs
            1852 ops   and  364073 exclusive pairs
time:  12,   550 facts and    3065 exclusive pairs
            2011 ops   and  428968 exclusive pairs
time:  13,   565 facts and    2528 exclusive pairs
            2095 ops   and  479150 exclusive pairs
time:  14,   566 facts and    2043 exclusive pairs
            2154 ops   and  531971 exclusive pairs
time:  15,   567 facts and    2055 exclusive pairs
            2213 ops   and  590150 exclusive pairs
time:  16,   568 facts and    2071 exclusive pairs
            2272 ops   and  651813 exclusive pairs
time:  17,   569 facts and    2088 exclusive pairs
            2331 ops   and  716957 exclusive pairs
time:  18,   570 facts and    2106 exclusive pairs
            2390 ops   and  785582 exclusive pairs
time:  19,   571 facts and    2125 exclusive pairs
            2449 ops   and  857688 exclusive pairs
time:  20,   572 facts and    2145 exclusive pairs
            2508 ops   and  933275 exclusive pairs
time:  21,   573 facts and    2166 exclusive pairs

creating thin gp-based encoding...
plan graph layer 0...
plan graph layer 1...
plan graph layer 2...
plan graph layer 3...
plan graph layer 4...
plan graph layer 5...
plan graph layer 6...
plan graph layer 7...
plan graph layer 8...
plan graph layer 9...
plan graph layer 10...
plan graph layer 11...
plan graph layer 12...
plan graph layer 13...
plan graph layer 14...
plan graph layer 15...
plan graph layer 16...
plan graph layer 17...
plan graph layer 18...
plan graph layer 19...
plan graph layer 20...
plan graph layer 21...
goal constraints...
exclusion constraints layer 0...
exclusion constraints layer 1...
exclusion constraints layer 2...
exclusion constraints layer 3...
exclusion constraints layer 4...
exclusion constraints layer 5...
exclusion constraints layer 6...
exclusion constraints layer 7...
exclusion constraints layer 8...
exclusion constraints layer 9...
exclusion constraints layer 10...
exclusion constraints layer 11...
exclusion constraints layer 12...
exclusion constraints layer 13...
exclusion constraints layer 14...
exclusion constraints layer 15...
exclusion constraints layer 16...
exclusion constraints layer 17...
exclusion constraints layer 18...
exclusion constraints layer 19...
exclusion constraints layer 20...
exclusion constraints layer 21...

DECISION LAYER 21, WRITING THIN GP-BASED ENCODING WITH 42098 VARS, 1370318 CLAUSES.

time spent:    0.04 seconds instantiating 2284 action templates
               0.00 seconds reachability analysis, yielding 579 facts and 2284 actions
               0.00 seconds collecting 579 relevant facts
               0.00 seconds building connectivity graph
               0.00 seconds building (std) graph
               1.55 seconds CNF output time
               1.59 seconds total planner time (solving not included)


***Solving***


[ filemap ]
[ extract ]

variables : 42098
pure lits : 592

1-clauses : 40
2-clauses : 1362675
3-clauses : 5381
n-clauses : 2222
discarded : 0

[ solve ]

