
ff: parsing domain file
domain 'GROUNDED-STRIPS-TPP-PROPOSITIONAL' defined
 ... done.
ff: parsing problem file
problem 'GROUNDED-STRIPS-TPP' defined
 ... done.


got 114 facts

Cueing down from goal distance:   14 into depth [1][2][3]
                                  13            [1]
                                  12            [1]
                                  11            [1]
                                  10            [1]
                                   9            [1]
                                   8            [1]
                                   7            [1]
                                   6            [1]
                                   5            [1]
                                   4            [1]
                                   3            [1]
                                   2            [1]
                                   1            [1]
                                   0            

Cueing down from goal distance:   14 into depth [1][2][3][4][5]
                                  13            [1]
                                  12            [1]
                                  11            [1]
                                  10            [1]
                                   9            [1]
                                   8            [1]
                                   7            [1]
                                   6            [1][2][3][4][5]
                                   5            [1]
                                   4            [1][2][3][4][5][6][7]
                                   3            [1]
                                   2            [1][2][3][4][5][6][7]
                                   1            [1]
                                   0            

ff: found legal plan as follows

step    0: DRIVE-TRUCK1-DEPOT1-MARKET2
        1: DRIVE-TRUCK1-MARKET2-MARKET1
        2: BUY-TRUCK1-GOODS6-MARKET1-LEVEL1-LEVEL2-LEVEL0-LEVEL1
        3: BUY-TRUCK1-GOODS3-MARKET1-LEVEL0-LEVEL1-LEVEL0-LEVEL1
        4: BUY-TRUCK1-GOODS2-MARKET1-LEVEL1-LEVEL2-LEVEL0-LEVEL1
        5: BUY-TRUCK1-GOODS1-MARKET1-LEVEL0-LEVEL1-LEVEL0-LEVEL1
        6: LOAD-GOODS6-TRUCK1-MARKET1-LEVEL0-LEVEL1-LEVEL0-LEVEL1
        7: LOAD-GOODS3-TRUCK1-MARKET1-LEVEL0-LEVEL1-LEVEL0-LEVEL1
        8: LOAD-GOODS2-TRUCK1-MARKET1-LEVEL0-LEVEL1-LEVEL0-LEVEL1
        9: LOAD-GOODS1-TRUCK1-MARKET1-LEVEL0-LEVEL1-LEVEL0-LEVEL1
       10: DRIVE-TRUCK1-MARKET1-MARKET2
       11: DRIVE-TRUCK1-MARKET2-DEPOT1
       12: UNLOAD-GOODS6-TRUCK1-DEPOT1-LEVEL0-LEVEL1-LEVEL0-LEVEL1
       13: UNLOAD-GOODS3-TRUCK1-DEPOT1-LEVEL0-LEVEL1-LEVEL0-LEVEL1
       14: UNLOAD-GOODS2-TRUCK1-DEPOT1-LEVEL0-LEVEL1-LEVEL0-LEVEL1
       15: UNLOAD-GOODS1-TRUCK1-DEPOT1-LEVEL0-LEVEL1-LEVEL0-LEVEL1
       16: DRIVE-TRUCK1-DEPOT1-MARKET2
       17: DRIVE-TRUCK1-MARKET2-MARKET1
       18: DRIVE-TRUCK2-DEPOT1-MARKET2
       19: DRIVE-TRUCK2-MARKET2-MARKET1
       20: BUY-TRUCK2-GOODS7-MARKET1-LEVEL1-LEVEL2-LEVEL0-LEVEL1
       21: BUY-TRUCK2-GOODS5-MARKET1-LEVEL1-LEVEL2-LEVEL0-LEVEL1
       22: BUY-TRUCK2-GOODS4-MARKET1-LEVEL1-LEVEL2-LEVEL0-LEVEL1
       23: LOAD-GOODS7-TRUCK1-MARKET1-LEVEL0-LEVEL1-LEVEL0-LEVEL1
       24: LOAD-GOODS5-TRUCK1-MARKET1-LEVEL0-LEVEL1-LEVEL0-LEVEL1
       25: LOAD-GOODS4-TRUCK1-MARKET1-LEVEL0-LEVEL1-LEVEL0-LEVEL1
       26: DRIVE-TRUCK1-MARKET1-MARKET2
       27: DRIVE-TRUCK1-MARKET2-DEPOT1
       28: UNLOAD-GOODS7-TRUCK1-DEPOT1-LEVEL0-LEVEL1-LEVEL0-LEVEL1
       29: BUY-TRUCK2-GOODS7-MARKET1-LEVEL0-LEVEL1-LEVEL0-LEVEL1
       30: LOAD-GOODS7-TRUCK2-MARKET1-LEVEL0-LEVEL1-LEVEL0-LEVEL1
       31: DRIVE-TRUCK2-MARKET1-MARKET2
       32: DRIVE-TRUCK2-MARKET2-DEPOT1
       33: UNLOAD-GOODS7-TRUCK2-DEPOT1-LEVEL0-LEVEL1-LEVEL1-LEVEL2
       34: UNLOAD-GOODS5-TRUCK1-DEPOT1-LEVEL0-LEVEL1-LEVEL0-LEVEL1
       35: DRIVE-TRUCK1-DEPOT1-MARKET2
       36: DRIVE-TRUCK1-MARKET2-MARKET1
       37: BUY-TRUCK1-GOODS5-MARKET1-LEVEL0-LEVEL1-LEVEL0-LEVEL1
       38: LOAD-GOODS5-TRUCK1-MARKET1-LEVEL0-LEVEL1-LEVEL0-LEVEL1
       39: DRIVE-TRUCK1-MARKET1-MARKET2
       40: DRIVE-TRUCK1-MARKET2-DEPOT1
       41: UNLOAD-GOODS5-TRUCK1-DEPOT1-LEVEL0-LEVEL1-LEVEL1-LEVEL2
       42: UNLOAD-GOODS4-TRUCK1-DEPOT1-LEVEL0-LEVEL1-LEVEL0-LEVEL1
       43: DRIVE-TRUCK1-DEPOT1-MARKET2
       44: DRIVE-TRUCK1-MARKET2-MARKET1
       45: BUY-TRUCK1-GOODS4-MARKET1-LEVEL0-LEVEL1-LEVEL0-LEVEL1
       46: LOAD-GOODS4-TRUCK1-MARKET1-LEVEL0-LEVEL1-LEVEL0-LEVEL1
       47: DRIVE-TRUCK1-MARKET1-MARKET2
       48: DRIVE-TRUCK1-MARKET2-DEPOT1
       49: UNLOAD-GOODS4-TRUCK1-DEPOT1-LEVEL0-LEVEL1-LEVEL1-LEVEL2
     

time spent:    0.00 seconds instantiating 180 easy, 0 hard action templates
               0.00 seconds reachability analysis, yielding 114 facts and 180 actions
               0.00 seconds creating final representation with 114 relevant facts
               0.00 seconds building connectivity graph
               0.00 seconds searching, evaluating 232 states, to a max depth of 7
               0.00 seconds total time

__MEMKB 4608
