Parsing...
Instantiating...
Starting instantiation [43 rules]...
Finding invariants...
Instantiating groups...
Choosing groups...
27 uncovered facts
Building translation key...
Building STRIPS to SAS dictionary...
Translating task...
Processing axioms...
Detecting unreachable propositions...
Removed false proposition: Atom on(crate5, crate5)
Removed false proposition: <none of those>
Removed false proposition: Atom on(crate8, crate8)
Removed false proposition: <none of those>
Removed false proposition: Atom on(crate7, crate7)
Removed false proposition: <none of those>
Removed false proposition: Atom on(crate14, crate14)
Removed false proposition: <none of those>
Removed false proposition: Atom on(crate11, crate11)
Removed false proposition: <none of those>
Removed false proposition: Atom on(crate13, crate13)
Removed false proposition: <none of those>
Removed false proposition: Atom on(crate3, crate3)
Removed false proposition: <none of those>
Removed false proposition: Atom on(crate9, crate9)
Removed false proposition: <none of those>
Removed false proposition: Atom on(crate6, crate6)
Removed false proposition: <none of those>
Removed false proposition: Atom on(crate4, crate4)
Removed false proposition: <none of those>
Removed false proposition: Atom on(crate1, crate1)
Removed false proposition: <none of those>
Removed false proposition: Atom on(crate12, crate12)
Removed false proposition: <none of those>
Removed false proposition: Atom on(crate10, crate10)
Removed false proposition: <none of those>
Removed false proposition: Atom on(crate2, crate2)
Removed false proposition: <none of those>
Removed false proposition: Atom on(crate0, crate0)
Removed false proposition: <none of those>
Removed false proposition: <none of those>
Removed false proposition: <none of those>
Removed true proposition: Atom at(hoist2, distributor1)
Removed false proposition: <none of those>
Removed true proposition: Atom at(pallet2, distributor1)
Removed false proposition: <none of those>
Removed true proposition: Atom at(pallet0, depot0)
Removed false proposition: <none of those>
Removed true proposition: Atom at(hoist0, depot0)
Removed false proposition: <none of those>
Removed true proposition: Atom at(pallet1, distributor0)
Removed false proposition: <none of those>
Removed true proposition: Atom at(hoist1, distributor0)
Removed false proposition: <none of those>
44 propositions removed.
Writing output...
Done!
Building causal graph...
The causal graph is not acyclic.
53 variables of 53 necessary
1632 of 1632 operators necessary.
0 of 0 axiom rules necessary.
Building domain transition graphs...
solveable in poly time 0
Building successor generator...
Writing output...
done

Simplifying transitions... done! (reduced from 8922 to 3189)
Initializing heuristic cache... done!
Conducting best first search.
Initializing causal graph heuristic...
Initializing HSP/FF heuristic...
Simplifying 7572 unary operators... done! [7572 unary operators]
Best heuristic value: 49/46 [expanded 1 state(s)]
Best heuristic value: 48/46 [expanded 2 state(s)]
Best heuristic value: 48/45 [expanded 7 state(s)]
Best heuristic value: 47/44 [expanded 13 state(s)]
Best heuristic value: 47/43 [expanded 17 state(s)]
Best heuristic value: 46/43 [expanded 21 state(s)]
Best heuristic value: 46/42 [expanded 41 state(s)]
Best heuristic value: 46/41 [expanded 53 state(s)]
Best heuristic value: 46/40 [expanded 77 state(s)]
Best heuristic value: 45/40 [expanded 82 state(s)]
Best heuristic value: 44/40 [expanded 90 state(s)]
Best heuristic value: 43/40 [expanded 129 state(s)]
Best heuristic value: 43/39 [expanded 148 state(s)]
Best heuristic value: 43/38 [expanded 161 state(s)]
Best heuristic value: 43/37 [expanded 182 state(s)]
Best heuristic value: 42/37 [expanded 195 state(s)]
Best heuristic value: 41/37 [expanded 242 state(s)]
Best heuristic value: 39/37 [expanded 259 state(s)]
Best heuristic value: 38/36 [expanded 268 state(s)]
Best heuristic value: 37/35 [expanded 277 state(s)]
Best heuristic value: 37/34 [expanded 343 state(s)]
Best heuristic value: 37/33 [expanded 355 state(s)]
Best heuristic value: 36/33 [expanded 378 state(s)]
Best heuristic value: 33/33 [expanded 408 state(s)]
Best heuristic value: 32/33 [expanded 411 state(s)]
Best heuristic value: 32/32 [expanded 428 state(s)]
Best heuristic value: 31/32 [expanded 439 state(s)]
Best heuristic value: 30/32 [expanded 440 state(s)]
Best heuristic value: 29/32 [expanded 861 state(s)]
Best heuristic value: 29/31 [expanded 1387 state(s)]
Best heuristic value: 29/30 [expanded 1392 state(s)]
Best heuristic value: 28/30 [expanded 1422 state(s)]
Best heuristic value: 27/30 [expanded 1423 state(s)]
Best heuristic value: 26/30 [expanded 1436 state(s)]
Best heuristic value: 25/30 [expanded 1474 state(s)]
Best heuristic value: 25/29 [expanded 1489 state(s)]
Best heuristic value: 25/28 [expanded 1496 state(s)]
Best heuristic value: 25/27 [expanded 7636 state(s)]
Best heuristic value: 25/26 [expanded 7646 state(s)]
Best heuristic value: 25/25 [expanded 7648 state(s)]
Best heuristic value: 24/25 [expanded 7650 state(s)]
Best heuristic value: 23/25 [expanded 7655 state(s)]
Best heuristic value: 23/24 [expanded 7658 state(s)]
Best heuristic value: 21/23 [expanded 7666 state(s)]
Best heuristic value: 21/21 [expanded 8237 state(s)]
Best heuristic value: 20/21 [expanded 8239 state(s)]
Best heuristic value: 18/19 [expanded 8241 state(s)]
Best heuristic value: 16/17 [expanded 8266 state(s)]
Best heuristic value: 15/17 [expanded 9639 state(s)]
Best heuristic value: 14/17 [expanded 9645 state(s)]
Best heuristic value: 12/17 [expanded 9663 state(s)]
Best heuristic value: 12/16 [expanded 61093 state(s)]
Best heuristic value: 12/15 [expanded 61103 state(s)]
Best heuristic value: 12/13 [expanded 61107 state(s)]
Best heuristic value: 11/11 [expanded 61118 state(s)]
Best heuristic value: 10/11 [expanded 61119 state(s)]
Best heuristic value: 9/11 [expanded 61120 state(s)]
Best heuristic value: 9/10 [expanded 61122 state(s)]
Best heuristic value: 8/10 [expanded 61123 state(s)]
Best heuristic value: 8/9 [expanded 61124 state(s)]
Best heuristic value: 7/9 [expanded 61127 state(s)]
Best heuristic value: 6/9 [expanded 61129 state(s)]
Best heuristic value: 6/8 [expanded 61537 state(s)]
Best heuristic value: 6/7 [expanded 61538 state(s)]
Best heuristic value: 6/6 [expanded 61539 state(s)]
Best heuristic value: 6/5 [expanded 61540 state(s)]
Best heuristic value: 6/4 [expanded 61623 state(s)]
Best heuristic value: 2/2 [expanded 61626 state(s)]
Best heuristic value: 1/1 [expanded 61627 state(s)]
Solution found!
lift hoist2 crate10 crate5 distributor1
load hoist2 crate10 truck0 distributor1
lift hoist0 crate11 crate6 depot0
load hoist0 crate11 truck1 depot0
drive truck1 depot0 distributor0
drive truck0 distributor1 depot0
lift hoist0 crate6 crate1 depot0
load hoist0 crate6 truck0 depot0
unload hoist1 crate11 truck1 distributor0
drop hoist1 crate11 crate14 distributor0
drive truck0 depot0 distributor0
lift hoist2 crate5 crate2 distributor1
drive truck1 distributor0 distributor1
load hoist2 crate5 truck1 distributor1
lift hoist2 crate2 crate0 distributor1
load hoist2 crate2 truck1 distributor1
unload hoist2 crate5 truck1 distributor1
drop hoist2 crate5 crate0 distributor1
drive truck1 distributor1 depot0
unload hoist0 crate2 truck1 depot0
drop hoist0 crate2 crate1 depot0
lift hoist1 crate11 crate14 distributor0
load hoist1 crate11 truck0 distributor0
lift hoist1 crate14 crate13 distributor0
load hoist1 crate14 truck0 distributor0
lift hoist1 crate13 crate12 distributor0
load hoist1 crate13 truck0 distributor0
lift hoist1 crate12 crate9 distributor0
load hoist1 crate12 truck0 distributor0
drive truck0 distributor0 distributor1
unload hoist2 crate11 truck0 distributor1
drop hoist2 crate11 crate5 distributor1
lift hoist1 crate9 crate8 distributor0
drive truck1 depot0 distributor0
load hoist1 crate9 truck1 distributor0
unload hoist2 crate12 truck0 distributor1
drive truck0 distributor1 distributor0
drop hoist2 crate12 crate11 distributor1
unload hoist1 crate9 truck1 distributor0
drive truck1 distributor0 depot0
load hoist1 crate9 truck0 distributor0
lift hoist2 crate12 crate11 distributor1
lift hoist1 crate8 crate7 distributor0
load hoist1 crate8 truck0 distributor0
lift hoist1 crate7 crate4 distributor0
load hoist1 crate7 truck0 distributor0
unload hoist1 crate10 truck0 distributor0
drop hoist1 crate10 crate4 distributor0
drive truck0 distributor0 distributor1
load hoist2 crate12 truck0 distributor1
unload hoist2 crate8 truck0 distributor1
drive truck0 distributor1 distributor0
unload hoist1 crate12 truck0 distributor0
drive truck0 distributor0 distributor1
drop hoist1 crate12 crate10 distributor0
drive truck0 distributor1 depot0
drive truck1 depot0 distributor1
load hoist2 crate8 truck1 distributor1
drive truck1 distributor1 depot0
drive truck0 depot0 distributor0
unload hoist1 crate9 truck0 distributor0
drive truck0 distributor0 depot0
lift hoist0 crate2 crate1 depot0
load hoist0 crate2 truck0 depot0
lift hoist0 crate1 pallet0 depot0
load hoist0 crate1 truck1 depot0
drop hoist1 crate9 crate12 distributor0
unload hoist0 crate8 truck1 depot0
drop hoist0 crate8 pallet0 depot0
lift hoist1 crate9 crate12 distributor0
drive truck1 depot0 distributor1
drop hoist1 crate9 crate12 distributor0
drive truck1 distributor1 distributor0
unload hoist1 crate1 truck1 distributor0
drop hoist1 crate1 crate9 distributor0
drive truck0 depot0 distributor0
drive truck1 distributor0 distributor1
unload hoist1 crate2 truck0 distributor0
drop hoist1 crate2 crate1 distributor0
drive truck1 distributor1 depot0
drive truck0 distributor0 distributor1
lift hoist2 crate11 crate5 distributor1
load hoist2 crate11 truck0 distributor1
drive truck0 distributor1 distributor0
unload hoist1 crate11 truck0 distributor0
drop hoist1 crate11 crate2 distributor0
drive truck0 distributor0 distributor1
drive truck0 distributor1 depot0
drive truck1 depot0 distributor1
drive truck0 depot0 distributor1
lift hoist2 crate5 crate0 distributor1
load hoist2 crate5 truck1 distributor1
drive truck1 distributor1 distributor0
lift hoist2 crate0 pallet2 distributor1
load hoist2 crate0 truck0 distributor1
drive truck0 distributor1 depot0
unload hoist0 crate0 truck0 depot0
drop hoist0 crate0 crate8 depot0
drive truck1 distributor0 depot0
unload hoist0 crate5 truck1 depot0
drop hoist0 crate5 crate0 depot0
drive truck1 depot0 distributor0
lift hoist1 crate11 crate2 distributor0
load hoist1 crate11 truck1 distributor0
drive truck1 distributor0 depot0
unload hoist0 crate11 truck1 depot0
drop hoist0 crate11 crate5 depot0
drive truck1 depot0 distributor1
drive truck0 depot0 distributor0
lift hoist1 crate2 crate1 distributor0
load hoist1 crate2 truck0 distributor0
lift hoist1 crate1 crate9 distributor0
load hoist1 crate1 truck0 distributor0
drive truck0 distributor0 depot0
lift hoist1 crate9 crate12 distributor0
unload hoist0 crate1 truck0 depot0
drop hoist0 crate1 crate11 depot0
drive truck1 distributor1 distributor0
load hoist1 crate9 truck1 distributor0
unload hoist0 crate2 truck0 depot0
drop hoist0 crate2 crate1 depot0
drive truck1 distributor0 depot0
unload hoist0 crate9 truck1 depot0
drop hoist0 crate9 crate2 depot0
drive truck1 depot0 distributor0
lift hoist1 crate12 crate10 distributor0
load hoist1 crate12 truck1 distributor0
drive truck1 distributor0 distributor1
unload hoist2 crate12 truck1 distributor1
drop hoist2 crate12 pallet2 distributor1
lift hoist0 crate9 crate2 depot0
load hoist0 crate9 truck0 depot0
drive truck0 depot0 distributor0
unload hoist1 crate9 truck0 distributor0
drop hoist1 crate9 crate10 distributor0
lift hoist0 crate2 crate1 depot0
drive truck0 distributor0 depot0
load hoist0 crate2 truck0 depot0
lift hoist0 crate1 crate11 depot0
load hoist0 crate1 truck0 depot0
unload hoist0 crate2 truck0 depot0
drive truck0 depot0 distributor0
drive truck1 distributor1 distributor0
drive truck1 distributor0 depot0
drive truck0 distributor0 distributor1
unload hoist2 crate1 truck0 distributor1
drive truck1 depot0 distributor0
drop hoist2 crate1 crate12 distributor1
lift hoist1 crate9 crate10 distributor0
load hoist1 crate9 truck1 distributor0
lift hoist2 crate1 crate12 distributor1
load hoist2 crate1 truck0 distributor1
drive truck0 distributor1 distributor0
drive truck1 distributor0 distributor1
unload hoist2 crate9 truck1 distributor1
drop hoist2 crate9 crate12 distributor1
drive truck0 distributor0 distributor1
unload hoist2 crate1 truck0 distributor1
drop hoist2 crate1 crate9 distributor1
drive truck1 distributor1 depot0
load hoist0 crate2 truck1 depot0
drive truck1 depot0 distributor1
unload hoist2 crate2 truck1 distributor1
drop hoist2 crate2 crate1 distributor1
drive truck1 distributor1 depot0
lift hoist1 crate10 crate4 distributor0
drive truck0 distributor1 distributor0
lift hoist2 crate2 crate1 distributor1
load hoist1 crate10 truck0 distributor0
lift hoist1 crate4 crate3 distributor0
load hoist1 crate4 truck0 distributor0
lift hoist1 crate3 pallet1 distributor0
drive truck0 distributor0 depot0
drive truck1 depot0 distributor0
load hoist1 crate3 truck1 distributor0
drop hoist2 crate2 crate1 distributor1
drive truck1 distributor0 distributor1
unload hoist2 crate3 truck1 distributor1
drive truck1 distributor1 distributor0
unload hoist0 crate10 truck0 depot0
drive truck0 depot0 distributor0
unload hoist1 crate4 truck0 distributor0
drive truck1 distributor0 depot0
drive truck0 distributor0 distributor1
drive truck1 depot0 distributor0
load hoist1 crate4 truck1 distributor0
drive truck1 distributor0 depot0
load hoist0 crate10 truck1 depot0
unload hoist0 crate4 truck1 depot0
drop hoist0 crate4 crate11 depot0
unload hoist0 crate10 truck1 depot0
drop hoist0 crate10 crate4 depot0
load hoist2 crate3 truck0 distributor1
lift hoist2 crate2 crate1 distributor1
load hoist2 crate2 truck0 distributor1
lift hoist2 crate1 crate9 distributor1
load hoist2 crate1 truck0 distributor1
drive truck0 distributor1 distributor0
lift hoist2 crate9 crate12 distributor1
unload hoist1 crate1 truck0 distributor0
drop hoist1 crate1 pallet1 distributor0
unload hoist1 crate2 truck0 distributor0
drop hoist1 crate2 crate1 distributor0
drive truck0 distributor0 distributor1
load hoist2 crate9 truck0 distributor1
unload hoist2 crate3 truck0 distributor1
drop hoist2 crate3 crate12 distributor1
drive truck0 distributor1 distributor0
lift hoist1 crate2 crate1 distributor0
load hoist1 crate2 truck0 distributor0
lift hoist1 crate1 pallet1 distributor0
load hoist1 crate1 truck0 distributor0
unload hoist1 crate9 truck0 distributor0
drop hoist1 crate9 pallet1 distributor0
unload hoist1 crate1 truck0 distributor0
drop hoist1 crate1 crate9 distributor0
unload hoist1 crate2 truck0 distributor0
drop hoist1 crate2 crate1 distributor0
Plan length: 218 step(s).
Expanded 61628 state(s).
Generated 596533 state(s).
Cache hits: 9492225
Cache misses: 60957941
Search time: 148.91 seconds
Total time: 150.43 seconds
