
ipp: parsing domain file
domain 'PIPESWORLD_STRIPS' defined
 ... done.
ipp: parsing problem file
problem 'P07-NET1-B12-G5_RT0_INSTANCE' defined
 ... done.


instantiated 2672 actions


time:   0,   138 facts and       0 exclusive pairs (   41,       0 positives)
             164 ops   and     465 exclusive pairs
time:   1,   197 facts and     586 exclusive pairs (   76,     271 positives)
             481 ops   and   38602 exclusive pairs
time:   2,   240 facts and    1124 exclusive pairs (  105,     644 positives)
            1139 ops   and  362381 exclusive pairs
time:   3,   261 facts and    1045 exclusive pairs (  123,     800 positives)
            2114 ops   and 1430442 exclusive pairs
time:   4,   273 facts and     978 exclusive pairs (  135,     862 positives)

goals first reachable in 4 time steps

            2769 ops   and 2387375 exclusive pairs
time:   5,   276 facts and     874 exclusive pairs (  138,     799 positives)
            2948 ops   and 2624107 exclusive pairs
time:   6,   276 facts and     858 exclusive pairs (  138,     783 positives)

found plan as follows:

time step    0: POP-UNITARYPIPE S13 B3 A1 A3 B1 GASOLEO OC1B TA1-2-OC1B TA3-1-GASOLEO
                POP-UNITARYPIPE S12 B4 A1 A2 B8 LCO OC1B TA1-1-OC1B TA2-1-LCO
time step    1: POP-UNITARYPIPE S13 B7 A1 A3 B3 RAT-A GASOLEO TA1-2-GASOLEO TA3-1-RAT-A
                POP-UNITARYPIPE S12 B9 A1 A2 B4 LCO LCO TA1-2-LCO TA2-2-LCO
time step    2: POP-UNITARYPIPE S13 B11 A1 A3 B7 GASOLEO RAT-A TA1-2-RAT-A TA3-2-GASOLEO
                POP-UNITARYPIPE S12 B2 A1 A2 B9 RAT-A LCO TA1-3-LCO TA2-2-RAT-A
time step    3: PUSH-UNITARYPIPE S12 B3 A1 A2 B2 GASOLEO RAT-A TA1-1-GASOLEO TA2-2-RAT-A
time step    4: PUSH-UNITARYPIPE S12 B1 A1 A2 B3 OC1B GASOLEO TA1-2-OC1B TA2-2-GASOLEO
                POP-UNITARYPIPE S13 B6 A1 A3 B11 LCO GASOLEO TA1-1-GASOLEO TA3-1-LCO
time step    5: PUSH-UNITARYPIPE S12 B10 A1 A2 B1 GASOLEO OC1B TA1-2-GASOLEO TA2-2-OC1B



number of actions tried:     638642
number of noops tried  :    2616964

had   59136 simple memoizing hits
had    1836 partial memoizing hits
had  226048 subset memoizing hits

time spent:    0.62 seconds instantiating 2672 operators
               0.16 seconds building graph
               4.54 seconds calculating exclusions
             104.78 seconds searching graph
             110.10 seconds total time

Memory used:   2.10 MBytes for domain representation
              10.15 MBytes for graph
              19.31 MBytes for exclusions
               6.59 MBytes for memoization
               0.00 MBytes for wave front



