
Parsing domain..... blocks..... done.
Parsing problem..... blocks-15-1..... done.
Computing domains..... done.
Instantiating actions..... done.
Computing final representation..... done.

Parsing time : 0.01
Domains creation  time : 0.01
Instantiation time : 0.01 -> 450 candidates, 450 actions
Finalization time : 0.00 -> 256 fluents, 18 init

28 27 26 25 24 21 20 19 18 16 15 13 12 9 8 7 4 

0: (UNSTACK o m) [1]
1: (PUT-DOWN o) [1]
2: (UNSTACK g l) [1]
3: (STACK g m) [1]
4: (UNSTACK l f) [1]
5: (STACK l o) [1]
6: (UNSTACK f c) [1]
7: (PUT-DOWN f) [1]
8: (UNSTACK g m) [1]
9: (STACK g f) [1]
10: (UNSTACK c n) [1]
11: (STACK c l) [1]
12: (UNSTACK n e) [1]
13: (PUT-DOWN n) [1]
14: (UNSTACK e h) [1]
15: (STACK e m) [1]
16: (UNSTACK h d) [1]
17: (PUT-DOWN h) [1]
18: (UNSTACK d a) [1]
19: (STACK d g) [1]
20: (UNSTACK c l) [1]
21: (STACK c n) [1]
22: (UNSTACK a k) [1]
23: (STACK a e) [1]
24: (UNSTACK l o) [1]
25: (STACK l h) [1]
26: (UNSTACK k b) [1]
27: (PUT-DOWN k) [1]
28: (UNSTACK b j) [1]
29: (PUT-DOWN b) [1]
30: (UNSTACK a e) [1]
31: (STACK a b) [1]
32: (UNSTACK j i) [1]
33: (STACK j a) [1]
34: (PICK-UP i) [1]
35: (STACK i l) [1]
36: (UNSTACK e m) [1]
37: (STACK e m) [1]
38: (PICK-UP o) [1]
39: (STACK o i) [1]
40: (UNSTACK c n) [1]
41: (STACK c j) [1]
42: (PICK-UP n) [1]
43: (STACK n o) [1]
44: (UNSTACK e m) [1]
45: (STACK e k) [1]
46: (UNSTACK c j) [1]
47: (STACK c n) [1]
48: (UNSTACK j a) [1]
49: (STACK j e) [1]
50: (UNSTACK a b) [1]
51: (STACK a m) [1]
52: (PICK-UP b) [1]
53: (STACK b c) [1]
54: (UNSTACK a m) [1]
55: (STACK a b) [1]
56: (PICK-UP m) [1]
57: (STACK m a) [1]
58: (UNSTACK j e) [1]
59: (PUT-DOWN j) [1]
60: (UNSTACK d g) [1]
61: (PUT-DOWN d) [1]
62: (UNSTACK e k) [1]
63: (STACK e m) [1]
64: (UNSTACK g f) [1]
65: (STACK g j) [1]
66: (PICK-UP f) [1]
67: (STACK f d) [1]
68: (UNSTACK g j) [1]
69: (STACK g f) [1]
70: (PICK-UP j) [1]
71: (STACK j e) [1]
72: (PICK-UP k) [1]
73: (STACK k j) [1]
74: (UNSTACK g f) [1]
75: (PUT-DOWN g) [1]
76: (UNSTACK f d) [1]
77: (STACK f k) [1]
78: (PICK-UP g) [1]
79: (STACK g f) [1]
80: (PICK-UP d) [1]
81: (STACK d g) [1]

Valid plan : 82 actions.
Computed nodes : 902833
Evaluated nodes : 261330
Developed nodes : 54282
Useful nodes : 42

Lookahead utility : 11.51 %
Preparation time : 0.03
Search time : 285.20
Total time : 285.23

