MaxPlanII beta.

bb: parsing domain file
domain 'MYSTERY-STRIPS' defined
 ... done.
bb: parsing problem file
problem 'STRIPS-MYSTY-X-26' defined
 ... done.


******  Solve with 1 layers Start******

creating action-based encoding:
        building rplan graph layers, up to layer [1];
        goal constraints;

no achiever in for goal?? deadline too low!#001


******  Solve with 2 layers Start******

creating action-based encoding:
        building rplan graph layers, up to layer [2];
        goal constraints;

no achiever in for goal?? deadline too low!#001


******  Solve with 3 layers Start******

creating action-based encoding:
        building rplan graph layers, up to layer [3];
        goal constraints;

no achiever in for goal?? deadline too low!#001


******  Solve with 4 layers Start******

creating action-based encoding:
        building rplan graph layers, up to layer [4];
        goal constraints;
        building exclusion constraints --> up to layer 4...

DECISION LAYER 4, WRITING ACTION-BASED ENCODING WITH 1336 VARS, 49467 CLAUSES.
1 G clauses, 3014 A clauses, 46452 E clauses.c CNF file planning task -p , -o /home/matheus/repo/acervo-2010/planejadores_analise_resultados/comp/mystery/domain.pddl, -f /home/matheus/repo/acervo-2010/planejadores_analise_resultados/comp/mystery/pfile26, bound 4, action based encoding
In building up solver: p cnf 1336 49467
==================================[ MINISAT ]===================================
| Conflicts |     ORIGINAL     |              LEARNT              | Progress |
|           | Clauses Literals |   Limit Clauses Literals  Lit/Cl |          |
==============================================================================
|         0 |   49467   110938 |   16489       0        0     0.0 |  0.000 % |
==============================================================================
Totoal time used by londex constraint checking is [B0.000000][L0.000000],apply counts 10, apply_generated 0
restarts          :            1
conflicts         :            2           (      inf / sec      )
decisions         :            1           (      inf / sec      )
propagations      :          789           (      inf / sec      )
inspects          :         1444           (      inf / sec      )
conflict literals :            1           (     0.00 % deleted  )
CPU time          :         0.00 sec
UNSATISFIABLE

******  Solve with 5 layers Start******

creating action-based encoding:
        building rplan graph layers, up to layer [5];
        goal constraints;
        building exclusion constraints --> up to layer 5...

DECISION LAYER 5, WRITING ACTION-BASED ENCODING WITH 2733 VARS, 155623 CLAUSES.
1 G clauses, 6566 A clauses, 149056 E clauses.c CNF file planning task -p , -o /home/matheus/repo/acervo-2010/planejadores_analise_resultados/comp/mystery/domain.pddl, -f /home/matheus/repo/acervo-2010/planejadores_analise_resultados/comp/mystery/pfile26, bound 5, action based encoding
In building up solver: p cnf 2733 155623
==================================[ MINISAT ]===================================
| Conflicts |     ORIGINAL     |              LEARNT              | Progress |
|           | Clauses Literals |   Limit Clauses Literals  Lit/Cl |          |
==============================================================================
|         0 |  155623   377377 |   51874       0        0     0.0 |  0.000 % |
==============================================================================
Totoal time used by londex constraint checking is [B0.000000][L0.000000],apply counts 440, apply_generated 0
restarts          :            1
conflicts         :           76           (      inf / sec      )
decisions         :          116           (      inf / sec      )
propagations      :        30049           (      inf / sec      )
inspects          :        65302           (      inf / sec      )
conflict literals :          471           (    23.16 % deleted  )
CPU time          :         0.00 sec
UNSATISFIABLE

******  Solve with 6 layers Start******

creating action-based encoding:
        building rplan graph layers, up to layer [6];
        goal constraints;
        building exclusion constraints --> up to layer 6...

DECISION LAYER 6, WRITING ACTION-BASED ENCODING WITH 4359 VARS, 295506 CLAUSES.
1 G clauses, 10728 A clauses, 284777 E clauses.c CNF file planning task -p , -o /home/matheus/repo/acervo-2010/planejadores_analise_resultados/comp/mystery/domain.pddl, -f /home/matheus/repo/acervo-2010/planejadores_analise_resultados/comp/mystery/pfile26, bound 6, action based encoding
In building up solver: p cnf 4359 295506
==================================[ MINISAT ]===================================
| Conflicts |     ORIGINAL     |              LEARNT              | Progress |
|           | Clauses Literals |   Limit Clauses Literals  Lit/Cl |          |
==============================================================================
|         0 |  295506   762466 |   98502       0        0     0.0 |  0.000 % |
|       100 |  295423   762299 |  108352      87     3581    41.2 |  0.303 % |
|       250 |  295423   762299 |  119187     217     5880    27.1 |  3.583 % |
|       475 |  295423   762299 |  131106     432    14123    32.7 |  4.294 % |
==============================================================================
Totoal time used by londex constraint checking is [B0.000000][L0.000000],apply counts 2829, apply_generated 0
restarts          :            4
conflicts         :          574           (    14350 / sec      )
decisions         :         1009           (    25225 / sec      )
propagations      :       202201           (  5055025 / sec      )
inspects          :       550686           ( 13767150 / sec      )
conflict literals :        18939           (     9.36 % deleted  )
CPU time          :         0.04 sec
SATISFIABLE

Info:      0.11 seconds total solving time
           0.00 MB memory used
        solution found at layer 6

__MEMKB 23672
