
Parsing domain..... gripper-strips..... done.
Parsing problem..... gripper-2..... done.
Computing domains..... done.
Instantiating actions..... done.
Computing final representation..... done.

Parsing time : 0.01
Domains creation  time : 0.00
Instantiation time : 0.01 -> 18 candidates, 18 actions
Finalization time : 0.00 -> 12 fluents, 5 init

5 3 2 

0: (PICK ball2 rooma left) [1]
1: (MOVE rooma roomb) [1]
2: (DROP ball2 roomb left) [1]
3: (MOVE roomb rooma) [1]
4: (PICK ball1 rooma left) [1]
5: (MOVE rooma roomb) [1]
6: (DROP ball1 roomb left) [1]

Valid plan : 7 actions.
Computed nodes : 7
Evaluated nodes : 4
Developed nodes : 0
Useful nodes : 0

Lookahead utility : 70.00 %
Preparation time : 0.02
Search time : 0.00
Total time : 0.02

__MEMKB 11780
