
Parsing domain..... gripper-strips..... done.
Parsing problem..... gripper-6..... done.
Computing domains..... done.
Instantiating actions..... done.
Computing final representation..... done.

Parsing time : 0.00
Domains creation  time : 0.00
Instantiation time : 0.00 -> 50 candidates, 50 actions
Finalization time : 0.00 -> 28 fluents, 9 init

13 11 10 7 6 3 2 

0: (PICK ball3 rooma left) [1]
1: (MOVE rooma roomb) [1]
2: (DROP ball3 roomb left) [1]
3: (MOVE roomb rooma) [1]
4: (PICK ball5 rooma left) [1]
5: (PICK ball2 rooma right) [1]
6: (MOVE rooma roomb) [1]
7: (DROP ball2 roomb right) [1]
8: (DROP ball5 roomb left) [1]
9: (MOVE roomb rooma) [1]
10: (PICK ball4 rooma left) [1]
11: (PICK ball6 rooma right) [1]
12: (MOVE rooma roomb) [1]
13: (DROP ball6 roomb right) [1]
14: (DROP ball4 roomb left) [1]
15: (MOVE roomb rooma) [1]
16: (PICK ball1 rooma left) [1]
17: (MOVE rooma roomb) [1]
18: (DROP ball1 roomb left) [1]

Valid plan : 19 actions.
Computed nodes : 19
Evaluated nodes : 8
Developed nodes : 0
Useful nodes : 0

Lookahead utility : 36.54 %
Preparation time : 0.00
Search time : 0.00
Total time : 0.00

__MEMKB 2560
