---SatPlan Version: 1.1

bb: parsing domain file
domain 'SATELLITE' defined
 ... done.
bb: parsing problem file
problem 'STRIPS-SAT-X-1' defined
 ... done.


time:   0,     2 facts and       0 exclusive pairs
              10 ops   and      29 exclusive pairs
time:   1,     9 facts and      22 exclusive pairs

creating thin gp-based encoding...
plan graph layer 0...
plan graph layer 1...
goal constraints...

goal fact not coded - level too low??


bb: parsing domain file
domain 'SATELLITE' defined
 ... done.
bb: parsing problem file
problem 'STRIPS-SAT-X-1' defined
 ... done.


time:   0,     2 facts and       0 exclusive pairs
              10 ops   and      29 exclusive pairs
time:   1,     9 facts and      22 exclusive pairs
              61 ops   and    1604 exclusive pairs
time:   2,    10 facts and      29 exclusive pairs

creating thin gp-based encoding...
plan graph layer 0...
plan graph layer 1...
plan graph layer 2...
goal constraints...

goal fact not coded - level too low??


bb: parsing domain file
domain 'SATELLITE' defined
 ... done.
bb: parsing problem file
problem 'STRIPS-SAT-X-1' defined
 ... done.


time:   0,     2 facts and       0 exclusive pairs
              10 ops   and      29 exclusive pairs
time:   1,     9 facts and      22 exclusive pairs
              61 ops   and    1604 exclusive pairs
time:   2,    10 facts and      29 exclusive pairs
              63 ops   and    1712 exclusive pairs
time:   3,    11 facts and      29 exclusive pairs

creating thin gp-based encoding...
plan graph layer 0...
plan graph layer 1...
plan graph layer 2...
plan graph layer 3...
goal constraints...

goal fact not coded - level too low??


bb: parsing domain file
domain 'SATELLITE' defined
 ... done.
bb: parsing problem file
problem 'STRIPS-SAT-X-1' defined
 ... done.


time:   0,     2 facts and       0 exclusive pairs
              10 ops   and      29 exclusive pairs
time:   1,     9 facts and      22 exclusive pairs
              61 ops   and    1604 exclusive pairs
time:   2,    10 facts and      29 exclusive pairs
              63 ops   and    1712 exclusive pairs
time:   3,    11 facts and      29 exclusive pairs
              70 ops   and    2094 exclusive pairs
time:   4,    17 facts and      85 exclusive pairs

creating thin gp-based encoding...
plan graph layer 0...
plan graph layer 1...
plan graph layer 2...
plan graph layer 3...
plan graph layer 4...
goal constraints...
exclusion constraints layer 0...
exclusion constraints layer 1...
exclusion constraints layer 2...
exclusion constraints layer 3...
exclusion constraints layer 4...

DECISION LAYER 4, WRITING THIN GP-BASED ENCODING WITH 253 VARS, 1984 CLAUSES.

time spent:    0.00 seconds instantiating 59 action templates
               0.00 seconds reachability analysis, yielding 17 facts and 59 actions
               0.00 seconds collecting 17 relevant facts
               0.00 seconds building connectivity graph
               0.00 seconds building (std) graph
               0.00 seconds CNF output time
               0.00 seconds total planner time (solving not included)


***Solving***


[ filemap ]
[ extract ]

variables : 253
pure lits : 16

1-clauses : 3
2-clauses : 1950
3-clauses : 10
n-clauses : 21
discarded : 0

[ solve ]


unsatisfiable                             

[ stats ]

decisions : 0
conflicts : 1
time : ~0.01

***UNSAT***


bb: parsing domain file
domain 'SATELLITE' defined
 ... done.
bb: parsing problem file
problem 'STRIPS-SAT-X-1' defined
 ... done.


time:   0,     2 facts and       0 exclusive pairs
              10 ops   and      29 exclusive pairs
time:   1,     9 facts and      22 exclusive pairs
              61 ops   and    1604 exclusive pairs
time:   2,    10 facts and      29 exclusive pairs
              63 ops   and    1712 exclusive pairs
time:   3,    11 facts and      29 exclusive pairs
              70 ops   and    2094 exclusive pairs
time:   4,    17 facts and      85 exclusive pairs
              76 ops   and    2401 exclusive pairs
time:   5,    17 facts and      37 exclusive pairs

creating thin gp-based encoding...
plan graph layer 0...
plan graph layer 1...
plan graph layer 2...
plan graph layer 3...
plan graph layer 4...
plan graph layer 5...
goal constraints...
exclusion constraints layer 0...
exclusion constraints layer 1...
exclusion constraints layer 2...
exclusion constraints layer 3...
exclusion constraints layer 4...
exclusion constraints layer 5...

DECISION LAYER 5, WRITING THIN GP-BASED ENCODING WITH 346 VARS, 2674 CLAUSES.

time spent:    0.00 seconds instantiating 59 action templates
               0.00 seconds reachability analysis, yielding 17 facts and 59 actions
               0.00 seconds collecting 17 relevant facts
               0.00 seconds building connectivity graph
               0.00 seconds building (std) graph
               0.00 seconds CNF output time
               0.00 seconds total planner time (solving not included)


***Solving***


[ filemap ]
[ extract ]

variables : 346
pure lits : 16

1-clauses : 3
2-clauses : 2623
3-clauses : 20
n-clauses : 28
discarded : 0

[ solve ]


unsatisfiable                             

[ stats ]

decisions : 0
conflicts : 1
time : ~0.01

***UNSAT***


bb: parsing domain file
domain 'SATELLITE' defined
 ... done.
bb: parsing problem file
problem 'STRIPS-SAT-X-1' defined
 ... done.


time:   0,     2 facts and       0 exclusive pairs
              10 ops   and      29 exclusive pairs
time:   1,     9 facts and      22 exclusive pairs
              61 ops   and    1604 exclusive pairs
time:   2,    10 facts and      29 exclusive pairs
              63 ops   and    1712 exclusive pairs
time:   3,    11 facts and      29 exclusive pairs
              70 ops   and    2094 exclusive pairs
time:   4,    17 facts and      85 exclusive pairs
              76 ops   and    2401 exclusive pairs
time:   5,    17 facts and      37 exclusive pairs
              76 ops   and    2053 exclusive pairs
time:   6,    17 facts and      22 exclusive pairs

creating thin gp-based encoding...
plan graph layer 0...
plan graph layer 1...
plan graph layer 2...
plan graph layer 3...
plan graph layer 4...
plan graph layer 5...
plan graph layer 6...
goal constraints...
exclusion constraints layer 0...
exclusion constraints layer 1...
exclusion constraints layer 2...
exclusion constraints layer 3...
exclusion constraints layer 4...
exclusion constraints layer 5...
exclusion constraints layer 6...

DECISION LAYER 6, WRITING THIN GP-BASED ENCODING WITH 439 VARS, 3349 CLAUSES.

time spent:    0.00 seconds instantiating 59 action templates
               0.00 seconds reachability analysis, yielding 17 facts and 59 actions
               0.00 seconds collecting 17 relevant facts
               0.00 seconds building connectivity graph
               0.00 seconds building (std) graph
               0.00 seconds CNF output time
               0.00 seconds total planner time (solving not included)


***Solving***


[ filemap ]
[ extract ]

variables : 439
pure lits : 16

1-clauses : 3
2-clauses : 3281
3-clauses : 30
n-clauses : 35
discarded : 0

[ solve ]


unsatisfiable                             

[ stats ]

decisions : 78
conflicts : 13
time : ~0.01

***UNSAT***


bb: parsing domain file
domain 'SATELLITE' defined
 ... done.
bb: parsing problem file
problem 'STRIPS-SAT-X-1' defined
 ... done.


time:   0,     2 facts and       0 exclusive pairs
              10 ops   and      29 exclusive pairs
time:   1,     9 facts and      22 exclusive pairs
              61 ops   and    1604 exclusive pairs
time:   2,    10 facts and      29 exclusive pairs
              63 ops   and    1712 exclusive pairs
time:   3,    11 facts and      29 exclusive pairs
              70 ops   and    2094 exclusive pairs
time:   4,    17 facts and      85 exclusive pairs
              76 ops   and    2401 exclusive pairs
time:   5,    17 facts and      37 exclusive pairs
              76 ops   and    2053 exclusive pairs
time:   6,    17 facts and      22 exclusive pairs
graph has leveled off at time step 7


              76 ops   and    2038 exclusive pairs
time:   7,    17 facts and      22 exclusive pairs

creating thin gp-based encoding...
plan graph layer 0...
plan graph layer 1...
plan graph layer 2...
plan graph layer 3...
plan graph layer 4...
plan graph layer 5...
plan graph layer 6...
plan graph layer 7...
goal constraints...
exclusion constraints layer 0...
exclusion constraints layer 1...
exclusion constraints layer 2...
exclusion constraints layer 3...
exclusion constraints layer 4...
exclusion constraints layer 5...
exclusion constraints layer 6...
exclusion constraints layer 7...

DECISION LAYER 7, WRITING THIN GP-BASED ENCODING WITH 532 VARS, 4024 CLAUSES.

time spent:    0.00 seconds instantiating 59 action templates
               0.00 seconds reachability analysis, yielding 17 facts and 59 actions
               0.00 seconds collecting 17 relevant facts
               0.00 seconds building connectivity graph
               0.00 seconds building (std) graph
               0.00 seconds CNF output time
               0.00 seconds total planner time (solving not included)


***Solving***


[ filemap ]
[ extract ]

variables : 532
pure lits : 16

1-clauses : 3
2-clauses : 3939
3-clauses : 40
n-clauses : 42
discarded : 0

[ solve ]


unsatisfiable                             

[ stats ]

decisions : 211
conflicts : 25
time : ~0.01

***UNSAT***


bb: parsing domain file
domain 'SATELLITE' defined
 ... done.
bb: parsing problem file
problem 'STRIPS-SAT-X-1' defined
 ... done.


time:   0,     2 facts and       0 exclusive pairs
              10 ops   and      29 exclusive pairs
time:   1,     9 facts and      22 exclusive pairs
              61 ops   and    1604 exclusive pairs
time:   2,    10 facts and      29 exclusive pairs
              63 ops   and    1712 exclusive pairs
time:   3,    11 facts and      29 exclusive pairs
              70 ops   and    2094 exclusive pairs
time:   4,    17 facts and      85 exclusive pairs
              76 ops   and    2401 exclusive pairs
time:   5,    17 facts and      37 exclusive pairs
              76 ops   and    2053 exclusive pairs
time:   6,    17 facts and      22 exclusive pairs
graph has leveled off at time step 7


              76 ops   and    2038 exclusive pairs
time:   7,    17 facts and      22 exclusive pairs
              76 ops   and    2038 exclusive pairs
time:   8,    17 facts and      22 exclusive pairs

creating thin gp-based encoding...
plan graph layer 0...
plan graph layer 1...
plan graph layer 2...
plan graph layer 3...
plan graph layer 4...
plan graph layer 5...
plan graph layer 6...
plan graph layer 7...
plan graph layer 8...
goal constraints...
exclusion constraints layer 0...
exclusion constraints layer 1...
exclusion constraints layer 2...
exclusion constraints layer 3...
exclusion constraints layer 4...
exclusion constraints layer 5...
exclusion constraints layer 6...
exclusion constraints layer 7...
exclusion constraints layer 8...

DECISION LAYER 8, WRITING THIN GP-BASED ENCODING WITH 625 VARS, 4699 CLAUSES.

time spent:    0.00 seconds instantiating 59 action templates
               0.00 seconds reachability analysis, yielding 17 facts and 59 actions
               0.00 seconds collecting 17 relevant facts
               0.00 seconds building connectivity graph
               0.00 seconds building (std) graph
               0.00 seconds CNF output time
               0.00 seconds total planner time (solving not included)


***Solving***


[ filemap ]
[ extract ]

variables : 625
pure lits : 16

1-clauses : 3
2-clauses : 4597
3-clauses : 50
n-clauses : 49
discarded : 0

[ solve ]


satisfiable                             

[ stats ]

decisions : 261
conflicts : 27
time : ~0.01


bb: parsing domain file
domain 'SATELLITE' defined
 ... done.
bb: parsing problem file
problem 'STRIPS-SAT-X-1' defined
 ... done.


time:   0,     2 facts and       0 exclusive pairs
              10 ops   and      29 exclusive pairs
time:   1,     9 facts and      22 exclusive pairs
              61 ops   and    1604 exclusive pairs
time:   2,    10 facts and      29 exclusive pairs
              63 ops   and    1712 exclusive pairs
time:   3,    11 facts and      29 exclusive pairs
              70 ops   and    2094 exclusive pairs
time:   4,    17 facts and      85 exclusive pairs
              76 ops   and    2401 exclusive pairs
time:   5,    17 facts and      37 exclusive pairs
              76 ops   and    2053 exclusive pairs
time:   6,    17 facts and      22 exclusive pairs
graph has leveled off at time step 7


              76 ops   and    2038 exclusive pairs
time:   7,    17 facts and      22 exclusive pairs
              76 ops   and    2038 exclusive pairs
time:   8,    17 facts and      22 exclusive pairs

creating thin gp-based encoding...
plan graph layer 0...
plan graph layer 1...
plan graph layer 2...
plan graph layer 3...
plan graph layer 4...
plan graph layer 5...
plan graph layer 6...
plan graph layer 7...
plan graph layer 8...
goal constraints...
exclusion constraints layer 0...
exclusion constraints layer 1...
exclusion constraints layer 2...
exclusion constraints layer 3...
exclusion constraints layer 4...
exclusion constraints layer 5...
exclusion constraints layer 6...
exclusion constraints layer 7...
exclusion constraints layer 8...

DECISION LAYER 8, WRITING THIN GP-BASED ENCODING WITH 625 VARS, 4699 CLAUSES.

time spent:    0.00 seconds instantiating 59 action templates
               0.00 seconds reachability analysis, yielding 17 facts and 59 actions
               0.00 seconds collecting 17 relevant facts
               0.00 seconds building connectivity graph
               0.00 seconds building (std) graph
               0.00 seconds CNF output time
               0.00 seconds total planner time (solving not included)

Pruned:  0: (TURN_TO SATELLITE0 GROUNDSTATION1 STAR0) [1]
Pruned:  0: (TURN_TO SATELLITE0 GROUNDSTATION1 STAR0) [1]
Pruned:  0: (TURN_TO SATELLITE0 GROUNDSTATION1 STAR0) [1]
Pruned:  0: (TURN_TO SATELLITE0 GROUNDSTATION1 STAR0) [1]
Pruned:  0: (TURN_TO SATELLITE0 GROUNDSTATION1 STAR0) [1]
Pruned:  0: (TURN_TO SATELLITE0 GROUNDSTATION1 STAR0) [1]
Pruned:  0: (TURN_TO SATELLITE0 GROUNDSTATION1 STAR0) [1]
Pruned:  0: (TURN_TO SATELLITE0 GROUNDSTATION1 STAR0) [1]
Pruned:  0: (TURN_TO SATELLITE0 GROUNDSTATION1 STAR0) [1]
Pruned:  0: (TURN_TO SATELLITE0 GROUNDSTATION1 STAR0) [1]
Pruned:  0: (TURN_TO SATELLITE0 GROUNDSTATION1 STAR0) [1]
Pruned:  0: (TURN_TO SATELLITE0 GROUNDSTATION1 STAR0) [1]
Pruned:  0: (TURN_TO SATELLITE0 GROUNDSTATION1 STAR0) [1]
Pruned:  0: (TURN_TO SATELLITE0 GROUNDSTATION1 STAR0) [1]
Pruned:  0: (TURN_TO SATELLITE0 GROUNDSTATION1 STAR0) [1]
Pruned:  0: (TURN_TO SATELLITE0 GROUNDSTATION1 STAR0) [1]
Pruned:  0: (TURN_TO SATELLITE0 GROUNDSTATION1 STAR0) [1]
Pruned:  0: (TURN_TO SATELLITE0 GROUNDSTATION1 STAR0) [1]
Pruned:  0: (TURN_TO SATELLITE0 GROUNDSTATION1 STAR0) [1]
Pruned:  0: (TURN_TO SATELLITE0 GROUNDSTATION1 STAR0) [1]
Pruned:  0: (TURN_TO SATELLITE0 GROUNDSTATION1 STAR0) [1]
Pruned:  0: (TURN_TO SATELLITE0 GROUNDSTATION1 STAR0) [1]
Pruned:  0: (TURN_TO SATELLITE0 GROUNDSTATION1 STAR0) [1]
Pruned:  0: (TURN_TO SATELLITE0 GROUNDSTATION1 STAR0) [1]
Pruned:  0: (TURN_TO SATELLITE0 GROUNDSTATION1 STAR0) [1]
Pruned:  0: (TURN_TO SATELLITE0 GROUNDSTATION1 STAR0) [1]
Pruned:  0: (TURN_TO SATELLITE0 GROUNDSTATION1 STAR0) [1]
Pruned:  0: (TURN_TO SATELLITE0 GROUNDSTATION1 STAR0) [1]
Pruned:  0: (TURN_TO SATELLITE0 GROUNDSTATION1 STAR0) [1]
Pruned:  0: (TURN_TO SATELLITE0 GROUNDSTATION1 STAR0) [1]
Pruned:  0: (TURN_TO SATELLITE0 GROUNDSTATION1 STAR0) [1]
---SatPlan Version: 1.1
***SAT!***

Solved in 8 layers

Real Time: = 0.04
User Time: = 0.01
Syst Time: = 0.01

__MEMKB 1920
