---SatPlan Version: 1.1

bb: parsing domain file
domain 'SATELLITE' defined
 ... done.
bb: parsing problem file
problem 'STRIPS-SAT-X-1' defined
 ... done.


time:   0,     4 facts and       0 exclusive pairs
              24 ops   and      79 exclusive pairs
time:   1,    22 facts and      63 exclusive pairs

creating thin gp-based encoding...
plan graph layer 0...
plan graph layer 1...
goal constraints...

goal fact not coded - level too low??


bb: parsing domain file
domain 'SATELLITE' defined
 ... done.
bb: parsing problem file
problem 'STRIPS-SAT-X-1' defined
 ... done.


time:   0,     4 facts and       0 exclusive pairs
              24 ops   and      79 exclusive pairs
time:   1,    22 facts and      63 exclusive pairs
             162 ops   and    5480 exclusive pairs
time:   2,    26 facts and     104 exclusive pairs

creating thin gp-based encoding...
plan graph layer 0...
plan graph layer 1...
plan graph layer 2...
goal constraints...

goal fact not coded - level too low??


bb: parsing domain file
domain 'SATELLITE' defined
 ... done.
bb: parsing problem file
problem 'STRIPS-SAT-X-1' defined
 ... done.


time:   0,     4 facts and       0 exclusive pairs
              24 ops   and      79 exclusive pairs
time:   1,    22 facts and      63 exclusive pairs
             162 ops   and    5480 exclusive pairs
time:   2,    26 facts and     104 exclusive pairs
             174 ops   and    6417 exclusive pairs
time:   3,    32 facts and     118 exclusive pairs

creating thin gp-based encoding...
plan graph layer 0...
plan graph layer 1...
plan graph layer 2...
plan graph layer 3...
goal constraints...

goal fact not coded - level too low??


bb: parsing domain file
domain 'SATELLITE' defined
 ... done.
bb: parsing problem file
problem 'STRIPS-SAT-X-1' defined
 ... done.


time:   0,     4 facts and       0 exclusive pairs
              24 ops   and      79 exclusive pairs
time:   1,    22 facts and      63 exclusive pairs
             162 ops   and    5480 exclusive pairs
time:   2,    26 facts and     104 exclusive pairs
             174 ops   and    6417 exclusive pairs
time:   3,    32 facts and     118 exclusive pairs
             236 ops   and   12141 exclusive pairs
time:   4,    50 facts and      66 exclusive pairs

creating thin gp-based encoding...
plan graph layer 0...
plan graph layer 1...
plan graph layer 2...
plan graph layer 3...
plan graph layer 4...
goal constraints...
exclusion constraints layer 0...
exclusion constraints layer 1...
exclusion constraints layer 2...
exclusion constraints layer 3...
exclusion constraints layer 4...

DECISION LAYER 4, WRITING THIN GP-BASED ENCODING WITH 730 VARS, 6476 CLAUSES.

time spent:    0.00 seconds instantiating 204 action templates
               0.00 seconds reachability analysis, yielding 50 facts and 204 actions
               0.00 seconds collecting 50 relevant facts
               0.00 seconds building connectivity graph
               0.00 seconds building (std) graph
               0.00 seconds CNF output time
               0.00 seconds total planner time (solving not included)


***Solving***


[ filemap ]
[ extract ]

variables : 730
pure lits : 49

1-clauses : 5
2-clauses : 6369
3-clauses : 33
n-clauses : 69
discarded : 0

[ solve ]


unsatisfiable                             

[ stats ]

decisions : 137
conflicts : 13
time : ~0.01

***UNSAT***


bb: parsing domain file
domain 'SATELLITE' defined
 ... done.
bb: parsing problem file
problem 'STRIPS-SAT-X-1' defined
 ... done.


time:   0,     4 facts and       0 exclusive pairs
              24 ops   and      79 exclusive pairs
time:   1,    22 facts and      63 exclusive pairs
             162 ops   and    5480 exclusive pairs
time:   2,    26 facts and     104 exclusive pairs
             174 ops   and    6417 exclusive pairs
time:   3,    32 facts and     118 exclusive pairs
             236 ops   and   12141 exclusive pairs
time:   4,    50 facts and      66 exclusive pairs
             254 ops   and   11695 exclusive pairs
time:   5,    50 facts and      63 exclusive pairs

creating thin gp-based encoding...
plan graph layer 0...
plan graph layer 1...
plan graph layer 2...
plan graph layer 3...
plan graph layer 4...
plan graph layer 5...
goal constraints...
exclusion constraints layer 0...
exclusion constraints layer 1...
exclusion constraints layer 2...
exclusion constraints layer 3...
exclusion constraints layer 4...
exclusion constraints layer 5...

DECISION LAYER 5, WRITING THIN GP-BASED ENCODING WITH 1034 VARS, 9096 CLAUSES.

time spent:    0.00 seconds instantiating 204 action templates
               0.00 seconds reachability analysis, yielding 50 facts and 204 actions
               0.00 seconds collecting 50 relevant facts
               0.00 seconds building connectivity graph
               0.00 seconds building (std) graph
               0.00 seconds CNF output time
               0.00 seconds total planner time (solving not included)


***Solving***


[ filemap ]
[ extract ]

variables : 1034
pure lits : 49

1-clauses : 5
2-clauses : 8939
3-clauses : 42
n-clauses : 110
discarded : 0

[ solve ]


unsatisfiable                             

[ stats ]

decisions : 1006
conflicts : 24
time : ~0.01

***UNSAT***


bb: parsing domain file
domain 'SATELLITE' defined
 ... done.
bb: parsing problem file
problem 'STRIPS-SAT-X-1' defined
 ... done.


time:   0,     4 facts and       0 exclusive pairs
              24 ops   and      79 exclusive pairs
time:   1,    22 facts and      63 exclusive pairs
             162 ops   and    5480 exclusive pairs
time:   2,    26 facts and     104 exclusive pairs
             174 ops   and    6417 exclusive pairs
time:   3,    32 facts and     118 exclusive pairs
             236 ops   and   12141 exclusive pairs
time:   4,    50 facts and      66 exclusive pairs
             254 ops   and   11695 exclusive pairs
time:   5,    50 facts and      63 exclusive pairs
graph has leveled off at time step 6


             254 ops   and   11612 exclusive pairs
time:   6,    50 facts and      63 exclusive pairs

creating thin gp-based encoding...
plan graph layer 0...
plan graph layer 1...
plan graph layer 2...
plan graph layer 3...
plan graph layer 4...
plan graph layer 5...
plan graph layer 6...
goal constraints...
exclusion constraints layer 0...
exclusion constraints layer 1...
exclusion constraints layer 2...
exclusion constraints layer 3...
exclusion constraints layer 4...
exclusion constraints layer 5...
exclusion constraints layer 6...

DECISION LAYER 6, WRITING THIN GP-BASED ENCODING WITH 1338 VARS, 11716 CLAUSES.

time spent:    0.00 seconds instantiating 204 action templates
               0.00 seconds reachability analysis, yielding 50 facts and 204 actions
               0.00 seconds collecting 50 relevant facts
               0.00 seconds building connectivity graph
               0.00 seconds building (std) graph
               0.00 seconds CNF output time
               0.00 seconds total planner time (solving not included)


***Solving***


[ filemap ]
[ extract ]

variables : 1338
pure lits : 49

1-clauses : 5
2-clauses : 11509
3-clauses : 51
n-clauses : 151
discarded : 0

[ solve ]


satisfiable                             

[ stats ]

decisions : 409
conflicts : 27
time : ~0.01


bb: parsing domain file
domain 'SATELLITE' defined
 ... done.
bb: parsing problem file
problem 'STRIPS-SAT-X-1' defined
 ... done.


time:   0,     4 facts and       0 exclusive pairs
              24 ops   and      79 exclusive pairs
time:   1,    22 facts and      63 exclusive pairs
             162 ops   and    5480 exclusive pairs
time:   2,    26 facts and     104 exclusive pairs
             174 ops   and    6417 exclusive pairs
time:   3,    32 facts and     118 exclusive pairs
             236 ops   and   12141 exclusive pairs
time:   4,    50 facts and      66 exclusive pairs
             254 ops   and   11695 exclusive pairs
time:   5,    50 facts and      63 exclusive pairs
graph has leveled off at time step 6


             254 ops   and   11612 exclusive pairs
time:   6,    50 facts and      63 exclusive pairs

creating thin gp-based encoding...
plan graph layer 0...
plan graph layer 1...
plan graph layer 2...
plan graph layer 3...
plan graph layer 4...
plan graph layer 5...
plan graph layer 6...
goal constraints...
exclusion constraints layer 0...
exclusion constraints layer 1...
exclusion constraints layer 2...
exclusion constraints layer 3...
exclusion constraints layer 4...
exclusion constraints layer 5...
exclusion constraints layer 6...

DECISION LAYER 6, WRITING THIN GP-BASED ENCODING WITH 1338 VARS, 11716 CLAUSES.

time spent:    0.00 seconds instantiating 204 action templates
               0.00 seconds reachability analysis, yielding 50 facts and 204 actions
               0.00 seconds collecting 50 relevant facts
               0.00 seconds building connectivity graph
               0.00 seconds building (std) graph
               0.00 seconds CNF output time
               0.00 seconds total planner time (solving not included)

Pruned:  0: (TURN_TO SATELLITE0 STAR2 STAR1) [1]
Pruned:  0: (TURN_TO SATELLITE0 STAR2 STAR1) [1]
Pruned:  0: (TURN_TO SATELLITE0 STAR2 STAR1) [1]
Pruned:  0: (TURN_TO SATELLITE0 STAR2 STAR1) [1]
Pruned:  0: (TURN_TO SATELLITE0 STAR2 STAR1) [1]
Pruned:  0: (TURN_TO SATELLITE0 STAR2 STAR1) [1]
Pruned:  0: (TURN_TO SATELLITE0 STAR2 STAR1) [1]
Pruned:  0: (TURN_TO SATELLITE0 STAR2 STAR1) [1]
Pruned:  0: (TURN_TO SATELLITE0 STAR2 STAR1) [1]
Pruned:  0: (TURN_TO SATELLITE0 STAR2 STAR1) [1]
Pruned:  0: (TURN_TO SATELLITE0 STAR2 STAR1) [1]
Pruned:  0: (TURN_TO SATELLITE0 STAR2 STAR1) [1]
Pruned:  0: (TURN_TO SATELLITE0 STAR2 STAR1) [1]
Pruned:  0: (TURN_TO SATELLITE0 STAR2 STAR1) [1]
Pruned:  0: (TURN_TO SATELLITE0 STAR2 STAR1) [1]
Pruned:  0: (TURN_TO SATELLITE0 STAR2 STAR1) [1]
Pruned:  0: (TURN_TO SATELLITE0 STAR2 STAR1) [1]
Pruned:  0: (TURN_TO SATELLITE0 STAR2 STAR1) [1]
Pruned:  0: (TURN_TO SATELLITE0 STAR2 STAR1) [1]
Pruned:  0: (TURN_TO SATELLITE0 STAR2 STAR1) [1]
Pruned:  0: (TURN_TO SATELLITE0 STAR2 STAR1) [1]
Pruned:  0: (TURN_TO SATELLITE0 STAR2 STAR1) [1]
Pruned:  0: (TURN_TO SATELLITE0 STAR2 STAR1) [1]
Pruned:  0: (TURN_TO SATELLITE0 STAR2 STAR1) [1]
Pruned:  0: (TURN_TO SATELLITE0 STAR2 STAR1) [1]
Pruned:  0: (TURN_TO SATELLITE0 STAR2 STAR1) [1]
Pruned:  0: (TURN_TO SATELLITE0 STAR2 STAR1) [1]
Pruned:  0: (TURN_TO SATELLITE0 STAR2 STAR1) [1]
Pruned:  0: (TURN_TO SATELLITE0 STAR2 STAR1) [1]
Pruned:  0: (TURN_TO SATELLITE0 STAR2 STAR1) [1]
Pruned:  0: (TURN_TO SATELLITE0 STAR2 STAR1) [1]
Pruned:  0: (TURN_TO SATELLITE0 STAR2 STAR1) [1]
Pruned:  0: (TURN_TO SATELLITE0 STAR2 STAR1) [1]
Pruned:  0: (TURN_TO SATELLITE0 STAR2 STAR1) [1]
Pruned:  0: (TURN_TO SATELLITE0 STAR2 STAR1) [1]
Pruned:  0: (TURN_TO SATELLITE0 STAR2 STAR1) [1]
Pruned:  0: (TURN_TO SATELLITE0 STAR2 STAR1) [1]
Pruned:  0: (TURN_TO SATELLITE0 STAR2 STAR1) [1]
Pruned:  0: (TURN_TO SATELLITE0 STAR2 STAR1) [1]
Pruned:  0: (TURN_TO SATELLITE0 STAR2 STAR1) [1]
Pruned:  0: (TURN_TO SATELLITE0 STAR2 STAR1) [1]
---SatPlan Version: 1.1
***SAT!***

Solved in 6 layers

Real Time: = 0.05
User Time: = 0.02
Syst Time: = 0.01

__MEMKB 2048
