---SatPlan Version: 1.1

bb: parsing domain file
domain 'SATELLITE' defined
 ... done.
bb: parsing problem file
problem 'STRIPS-SAT-X-1' defined
 ... done.


time:   0,     6 facts and       0 exclusive pairs
              44 ops   and     206 exclusive pairs
time:   1,    41 facts and     173 exclusive pairs

creating thin gp-based encoding...
plan graph layer 0...
plan graph layer 1...
goal constraints...

goal fact not coded - level too low??


bb: parsing domain file
domain 'SATELLITE' defined
 ... done.
bb: parsing problem file
problem 'STRIPS-SAT-X-1' defined
 ... done.


time:   0,     6 facts and       0 exclusive pairs
              44 ops   and     206 exclusive pairs
time:   1,    41 facts and     173 exclusive pairs
             419 ops   and   26686 exclusive pairs
time:   2,    46 facts and     237 exclusive pairs

creating thin gp-based encoding...
plan graph layer 0...
plan graph layer 1...
plan graph layer 2...
goal constraints...

goal fact not coded - level too low??


bb: parsing domain file
domain 'SATELLITE' defined
 ... done.
bb: parsing problem file
problem 'STRIPS-SAT-X-1' defined
 ... done.


time:   0,     6 facts and       0 exclusive pairs
              44 ops   and     206 exclusive pairs
time:   1,    41 facts and     173 exclusive pairs
             419 ops   and   26686 exclusive pairs
time:   2,    46 facts and     237 exclusive pairs
             434 ops   and   28748 exclusive pairs
time:   3,    53 facts and     270 exclusive pairs

creating thin gp-based encoding...
plan graph layer 0...
plan graph layer 1...
plan graph layer 2...
plan graph layer 3...
goal constraints...

goal fact not coded - level too low??


bb: parsing domain file
domain 'SATELLITE' defined
 ... done.
bb: parsing problem file
problem 'STRIPS-SAT-X-1' defined
 ... done.


time:   0,     6 facts and       0 exclusive pairs
              44 ops   and     206 exclusive pairs
time:   1,    41 facts and     173 exclusive pairs
             419 ops   and   26686 exclusive pairs
time:   2,    46 facts and     237 exclusive pairs
             434 ops   and   28748 exclusive pairs
time:   3,    53 facts and     270 exclusive pairs
             541 ops   and   46679 exclusive pairs
time:   4,    90 facts and     385 exclusive pairs

creating thin gp-based encoding...
plan graph layer 0...
plan graph layer 1...
plan graph layer 2...
plan graph layer 3...
plan graph layer 4...
goal constraints...
exclusion constraints layer 0...
exclusion constraints layer 1...
exclusion constraints layer 2...
exclusion constraints layer 3...
exclusion constraints layer 4...

DECISION LAYER 4, WRITING THIN GP-BASED ENCODING WITH 1674 VARS, 21967 CLAUSES.

time spent:    0.00 seconds instantiating 488 action templates
               0.00 seconds reachability analysis, yielding 90 facts and 488 actions
               0.00 seconds collecting 90 relevant facts
               0.00 seconds building connectivity graph
               0.00 seconds building (std) graph
               0.00 seconds CNF output time
               0.00 seconds total planner time (solving not included)


***Solving***


[ filemap ]
[ extract ]

variables : 1674
pure lits : 89

1-clauses : 7
2-clauses : 21788
3-clauses : 45
n-clauses : 127
discarded : 0

[ solve ]


unsatisfiable                             

[ stats ]

decisions : 0
conflicts : 1
time : ~0.01

***UNSAT***


bb: parsing domain file
domain 'SATELLITE' defined
 ... done.
bb: parsing problem file
problem 'STRIPS-SAT-X-1' defined
 ... done.


time:   0,     6 facts and       0 exclusive pairs
              44 ops   and     206 exclusive pairs
time:   1,    41 facts and     173 exclusive pairs
             419 ops   and   26686 exclusive pairs
time:   2,    46 facts and     237 exclusive pairs
             434 ops   and   28748 exclusive pairs
time:   3,    53 facts and     270 exclusive pairs
             541 ops   and   46679 exclusive pairs
time:   4,    90 facts and     385 exclusive pairs
             578 ops   and   47616 exclusive pairs
time:   5,    90 facts and     260 exclusive pairs

creating thin gp-based encoding...
plan graph layer 0...
plan graph layer 1...
plan graph layer 2...
plan graph layer 3...
plan graph layer 4...
plan graph layer 5...
goal constraints...
exclusion constraints layer 0...
exclusion constraints layer 1...
exclusion constraints layer 2...
exclusion constraints layer 3...
exclusion constraints layer 4...
exclusion constraints layer 5...

DECISION LAYER 5, WRITING THIN GP-BASED ENCODING WITH 2342 VARS, 30287 CLAUSES.

time spent:    0.00 seconds instantiating 488 action templates
               0.00 seconds reachability analysis, yielding 90 facts and 488 actions
               0.00 seconds collecting 90 relevant facts
               0.00 seconds building connectivity graph
               0.00 seconds building (std) graph
               0.01 seconds CNF output time
               0.01 seconds total planner time (solving not included)


***Solving***


[ filemap ]
[ extract ]

variables : 2342
pure lits : 89

1-clauses : 7
2-clauses : 30018
3-clauses : 68
n-clauses : 194
discarded : 0

[ solve ]


unsatisfiable                             

[ stats ]

decisions : 0
conflicts : 1
time : ~0.01

***UNSAT***


bb: parsing domain file
domain 'SATELLITE' defined
 ... done.
bb: parsing problem file
problem 'STRIPS-SAT-X-1' defined
 ... done.


time:   0,     6 facts and       0 exclusive pairs
              44 ops   and     206 exclusive pairs
time:   1,    41 facts and     173 exclusive pairs
             419 ops   and   26686 exclusive pairs
time:   2,    46 facts and     237 exclusive pairs
             434 ops   and   28748 exclusive pairs
time:   3,    53 facts and     270 exclusive pairs
             541 ops   and   46679 exclusive pairs
time:   4,    90 facts and     385 exclusive pairs
             578 ops   and   47616 exclusive pairs
time:   5,    90 facts and     260 exclusive pairs
             578 ops   and   45893 exclusive pairs
time:   6,    90 facts and     173 exclusive pairs

creating thin gp-based encoding...
plan graph layer 0...
plan graph layer 1...
plan graph layer 2...
plan graph layer 3...
plan graph layer 4...
plan graph layer 5...
plan graph layer 6...
goal constraints...
exclusion constraints layer 0...
exclusion constraints layer 1...
exclusion constraints layer 2...
exclusion constraints layer 3...
exclusion constraints layer 4...
exclusion constraints layer 5...
exclusion constraints layer 6...

DECISION LAYER 6, WRITING THIN GP-BASED ENCODING WITH 3010 VARS, 38520 CLAUSES.

time spent:    0.00 seconds instantiating 488 action templates
               0.00 seconds reachability analysis, yielding 90 facts and 488 actions
               0.00 seconds collecting 90 relevant facts
               0.00 seconds building connectivity graph
               0.00 seconds building (std) graph
               0.01 seconds CNF output time
               0.01 seconds total planner time (solving not included)


***Solving***


[ filemap ]
[ extract ]

variables : 3010
pure lits : 89

1-clauses : 7
2-clauses : 38161
3-clauses : 91
n-clauses : 261
discarded : 0

[ solve ]


unsatisfiable                             

[ stats ]

decisions : 216
conflicts : 30
time : ~0.01

***UNSAT***


bb: parsing domain file
domain 'SATELLITE' defined
 ... done.
bb: parsing problem file
problem 'STRIPS-SAT-X-1' defined
 ... done.


time:   0,     6 facts and       0 exclusive pairs
              44 ops   and     206 exclusive pairs
time:   1,    41 facts and     173 exclusive pairs
             419 ops   and   26686 exclusive pairs
time:   2,    46 facts and     237 exclusive pairs
             434 ops   and   28748 exclusive pairs
time:   3,    53 facts and     270 exclusive pairs
             541 ops   and   46679 exclusive pairs
time:   4,    90 facts and     385 exclusive pairs
             578 ops   and   47616 exclusive pairs
time:   5,    90 facts and     260 exclusive pairs
             578 ops   and   45893 exclusive pairs
time:   6,    90 facts and     173 exclusive pairs
graph has leveled off at time step 7


             578 ops   and   45282 exclusive pairs
time:   7,    90 facts and     173 exclusive pairs

creating thin gp-based encoding...
plan graph layer 0...
plan graph layer 1...
plan graph layer 2...
plan graph layer 3...
plan graph layer 4...
plan graph layer 5...
plan graph layer 6...
plan graph layer 7...
goal constraints...
exclusion constraints layer 0...
exclusion constraints layer 1...
exclusion constraints layer 2...
exclusion constraints layer 3...
exclusion constraints layer 4...
exclusion constraints layer 5...
exclusion constraints layer 6...
exclusion constraints layer 7...

DECISION LAYER 7, WRITING THIN GP-BASED ENCODING WITH 3678 VARS, 46753 CLAUSES.

time spent:    0.00 seconds instantiating 488 action templates
               0.00 seconds reachability analysis, yielding 90 facts and 488 actions
               0.00 seconds collecting 90 relevant facts
               0.00 seconds building connectivity graph
               0.00 seconds building (std) graph
               0.01 seconds CNF output time
               0.01 seconds total planner time (solving not included)


***Solving***


[ filemap ]
[ extract ]

variables : 3678
pure lits : 89

1-clauses : 7
2-clauses : 46304
3-clauses : 114
n-clauses : 328
discarded : 0

[ solve ]


unsatisfiable                             

[ stats ]

decisions : 1056
conflicts : 134
time : ~0.01

***UNSAT***


bb: parsing domain file
domain 'SATELLITE' defined
 ... done.
bb: parsing problem file
problem 'STRIPS-SAT-X-1' defined
 ... done.


time:   0,     6 facts and       0 exclusive pairs
              44 ops   and     206 exclusive pairs
time:   1,    41 facts and     173 exclusive pairs
             419 ops   and   26686 exclusive pairs
time:   2,    46 facts and     237 exclusive pairs
             434 ops   and   28748 exclusive pairs
time:   3,    53 facts and     270 exclusive pairs
             541 ops   and   46679 exclusive pairs
time:   4,    90 facts and     385 exclusive pairs
             578 ops   and   47616 exclusive pairs
time:   5,    90 facts and     260 exclusive pairs
             578 ops   and   45893 exclusive pairs
time:   6,    90 facts and     173 exclusive pairs
graph has leveled off at time step 7


             578 ops   and   45282 exclusive pairs
time:   7,    90 facts and     173 exclusive pairs
             578 ops   and   45282 exclusive pairs
time:   8,    90 facts and     173 exclusive pairs

creating thin gp-based encoding...
plan graph layer 0...
plan graph layer 1...
plan graph layer 2...
plan graph layer 3...
plan graph layer 4...
plan graph layer 5...
plan graph layer 6...
plan graph layer 7...
plan graph layer 8...
goal constraints...
exclusion constraints layer 0...
exclusion constraints layer 1...
exclusion constraints layer 2...
exclusion constraints layer 3...
exclusion constraints layer 4...
exclusion constraints layer 5...
exclusion constraints layer 6...
exclusion constraints layer 7...
exclusion constraints layer 8...

DECISION LAYER 8, WRITING THIN GP-BASED ENCODING WITH 4346 VARS, 54986 CLAUSES.

time spent:    0.00 seconds instantiating 488 action templates
               0.00 seconds reachability analysis, yielding 90 facts and 488 actions
               0.00 seconds collecting 90 relevant facts
               0.00 seconds building connectivity graph
               0.00 seconds building (std) graph
               0.01 seconds CNF output time
               0.01 seconds total planner time (solving not included)


***Solving***


[ filemap ]
[ extract ]

variables : 4346
pure lits : 89

1-clauses : 7
2-clauses : 54447
3-clauses : 137
n-clauses : 395
discarded : 0

[ solve ]


satisfiable                             

[ stats ]

decisions : 2696
conflicts : 119
time : ~0.01


bb: parsing domain file
domain 'SATELLITE' defined
 ... done.
bb: parsing problem file
problem 'STRIPS-SAT-X-1' defined
 ... done.


time:   0,     6 facts and       0 exclusive pairs
              44 ops   and     206 exclusive pairs
time:   1,    41 facts and     173 exclusive pairs
             419 ops   and   26686 exclusive pairs
time:   2,    46 facts and     237 exclusive pairs
             434 ops   and   28748 exclusive pairs
time:   3,    53 facts and     270 exclusive pairs
             541 ops   and   46679 exclusive pairs
time:   4,    90 facts and     385 exclusive pairs
             578 ops   and   47616 exclusive pairs
time:   5,    90 facts and     260 exclusive pairs
             578 ops   and   45893 exclusive pairs
time:   6,    90 facts and     173 exclusive pairs
graph has leveled off at time step 7


             578 ops   and   45282 exclusive pairs
time:   7,    90 facts and     173 exclusive pairs
             578 ops   and   45282 exclusive pairs
time:   8,    90 facts and     173 exclusive pairs

creating thin gp-based encoding...
plan graph layer 0...
plan graph layer 1...
plan graph layer 2...
plan graph layer 3...
plan graph layer 4...
plan graph layer 5...
plan graph layer 6...
plan graph layer 7...
plan graph layer 8...
goal constraints...
exclusion constraints layer 0...
exclusion constraints layer 1...
exclusion constraints layer 2...
exclusion constraints layer 3...
exclusion constraints layer 4...
exclusion constraints layer 5...
exclusion constraints layer 6...
exclusion constraints layer 7...
exclusion constraints layer 8...

DECISION LAYER 8, WRITING THIN GP-BASED ENCODING WITH 4346 VARS, 54986 CLAUSES.

time spent:    0.00 seconds instantiating 488 action templates
               0.00 seconds reachability analysis, yielding 90 facts and 488 actions
               0.00 seconds collecting 90 relevant facts
               0.00 seconds building connectivity graph
               0.00 seconds building (std) graph
               0.01 seconds CNF output time
               0.01 seconds total planner time (solving not included)

Pruned:  0: (TURN_TO SATELLITE0 STAR1 GROUNDSTATION3) [1]
Pruned:  0: (TURN_TO SATELLITE0 STAR1 GROUNDSTATION3) [1]
Pruned:  0: (TURN_TO SATELLITE0 STAR1 GROUNDSTATION3) [1]
Pruned:  0: (TURN_TO SATELLITE0 STAR1 GROUNDSTATION3) [1]
Pruned:  0: (TURN_TO SATELLITE0 STAR1 GROUNDSTATION3) [1]
Pruned:  0: (TURN_TO SATELLITE0 STAR1 GROUNDSTATION3) [1]
Pruned:  0: (TURN_TO SATELLITE0 STAR1 GROUNDSTATION3) [1]
Pruned:  0: (TURN_TO SATELLITE0 STAR1 GROUNDSTATION3) [1]
Pruned:  0: (TURN_TO SATELLITE0 STAR1 GROUNDSTATION3) [1]
Pruned:  0: (TURN_TO SATELLITE0 STAR1 GROUNDSTATION3) [1]
Pruned:  0: (TURN_TO SATELLITE0 STAR1 GROUNDSTATION3) [1]
Pruned:  0: (TURN_TO SATELLITE0 STAR1 GROUNDSTATION3) [1]
Pruned:  0: (TURN_TO SATELLITE0 STAR1 GROUNDSTATION3) [1]
Pruned:  0: (TURN_TO SATELLITE0 STAR1 GROUNDSTATION3) [1]
Pruned:  0: (TURN_TO SATELLITE0 STAR1 GROUNDSTATION3) [1]
Pruned:  0: (TURN_TO SATELLITE0 STAR1 GROUNDSTATION3) [1]
Pruned:  0: (TURN_TO SATELLITE0 STAR1 GROUNDSTATION3) [1]
Pruned:  0: (TURN_TO SATELLITE0 STAR1 GROUNDSTATION3) [1]
Pruned:  0: (TURN_TO SATELLITE0 STAR1 GROUNDSTATION3) [1]
Pruned:  0: (TURN_TO SATELLITE0 STAR1 GROUNDSTATION3) [1]
Pruned:  0: (TURN_TO SATELLITE0 STAR1 GROUNDSTATION3) [1]
Pruned:  0: (TURN_TO SATELLITE0 STAR1 GROUNDSTATION3) [1]
Pruned:  0: (TURN_TO SATELLITE0 STAR1 GROUNDSTATION3) [1]
Pruned:  0: (TURN_TO SATELLITE0 STAR1 GROUNDSTATION3) [1]
Pruned:  0: (TURN_TO SATELLITE0 STAR1 GROUNDSTATION3) [1]
Pruned:  0: (TURN_TO SATELLITE0 STAR1 GROUNDSTATION3) [1]
Pruned:  0: (TURN_TO SATELLITE0 STAR1 GROUNDSTATION3) [1]
Pruned:  0: (TURN_TO SATELLITE0 STAR1 GROUNDSTATION3) [1]
Pruned:  0: (TURN_TO SATELLITE0 STAR1 GROUNDSTATION3) [1]
Pruned:  0: (TURN_TO SATELLITE0 STAR1 GROUNDSTATION3) [1]
Pruned:  0: (TURN_TO SATELLITE0 STAR1 GROUNDSTATION3) [1]
Pruned:  0: (TURN_TO SATELLITE0 STAR1 GROUNDSTATION3) [1]
Pruned:  0: (TURN_TO SATELLITE0 STAR1 GROUNDSTATION3) [1]
Pruned:  0: (TURN_TO SATELLITE0 STAR1 GROUNDSTATION3) [1]
Pruned:  0: (TURN_TO SATELLITE0 STAR1 GROUNDSTATION3) [1]
Pruned:  0: (TURN_TO SATELLITE0 STAR1 GROUNDSTATION3) [1]
Pruned:  0: (TURN_TO SATELLITE0 STAR1 GROUNDSTATION3) [1]
Pruned:  0: (TURN_TO SATELLITE0 STAR1 GROUNDSTATION3) [1]
Pruned:  0: (TURN_TO SATELLITE0 STAR1 GROUNDSTATION3) [1]
Pruned:  0: (TURN_TO SATELLITE0 STAR1 GROUNDSTATION3) [1]
Pruned:  0: (TURN_TO SATELLITE0 STAR1 GROUNDSTATION3) [1]
Pruned:  0: (TURN_TO SATELLITE0 STAR1 GROUNDSTATION3) [1]
Pruned:  0: (TURN_TO SATELLITE0 STAR1 GROUNDSTATION3) [1]
Pruned:  0: (TURN_TO SATELLITE0 STAR1 GROUNDSTATION3) [1]
Pruned:  0: (TURN_TO SATELLITE0 STAR1 GROUNDSTATION3) [1]
Pruned:  0: (TURN_TO SATELLITE0 STAR1 GROUNDSTATION3) [1]
Pruned:  0: (TURN_TO SATELLITE0 STAR1 GROUNDSTATION3) [1]
Pruned:  0: (TURN_TO SATELLITE0 STAR1 GROUNDSTATION3) [1]
Pruned:  0: (TURN_TO SATELLITE0 STAR1 GROUNDSTATION3) [1]
Pruned:  0: (TURN_TO SATELLITE0 STAR1 GROUNDSTATION3) [1]
Pruned:  0: (TURN_TO SATELLITE0 STAR1 GROUNDSTATION3) [1]
Pruned:  0: (TURN_TO SATELLITE0 STAR1 GROUNDSTATION3) [1]
Pruned:  0: (TURN_TO SATELLITE0 STAR1 GROUNDSTATION3) [1]
Pruned:  0: (TURN_TO SATELLITE0 STAR1 GROUNDSTATION3) [1]
Pruned:  0: (TURN_TO SATELLITE0 STAR1 GROUNDSTATION3) [1]
Pruned:  0: (TURN_TO SATELLITE0 STAR1 GROUNDSTATION3) [1]
Pruned:  0: (TURN_TO SATELLITE0 STAR1 GROUNDSTATION3) [1]
Pruned:  0: (TURN_TO SATELLITE0 STAR1 GROUNDSTATION3) [1]
Pruned:  0: (TURN_TO SATELLITE0 STAR1 GROUNDSTATION3) [1]
Pruned:  0: (TURN_TO SATELLITE0 STAR1 GROUNDSTATION3) [1]
Pruned:  0: (TURN_TO SATELLITE0 STAR1 GROUNDSTATION3) [1]
Pruned:  0: (TURN_TO SATELLITE0 STAR1 GROUNDSTATION3) [1]
Pruned:  0: (TURN_TO SATELLITE0 STAR1 GROUNDSTATION3) [1]
Pruned:  0: (TURN_TO SATELLITE0 STAR1 GROUNDSTATION3) [1]
Pruned:  0: (TURN_TO SATELLITE0 STAR1 GROUNDSTATION3) [1]
Pruned:  0: (TURN_TO SATELLITE0 STAR1 GROUNDSTATION3) [1]
Pruned:  0: (TURN_TO SATELLITE0 STAR1 GROUNDSTATION3) [1]
Pruned:  0: (TURN_TO SATELLITE0 STAR1 GROUNDSTATION3) [1]
Pruned:  0: (TURN_TO SATELLITE0 STAR1 GROUNDSTATION3) [1]
Pruned:  0: (TURN_TO SATELLITE0 STAR1 GROUNDSTATION3) [1]
Pruned:  0: (TURN_TO SATELLITE0 STAR1 GROUNDSTATION3) [1]
Pruned:  0: (TURN_TO SATELLITE0 STAR1 GROUNDSTATION3) [1]
Pruned:  0: (TURN_TO SATELLITE0 STAR1 GROUNDSTATION3) [1]
Pruned:  0: (TURN_TO SATELLITE0 STAR1 GROUNDSTATION3) [1]
Pruned:  0: (TURN_TO SATELLITE0 STAR1 GROUNDSTATION3) [1]
Pruned:  0: (TURN_TO SATELLITE0 STAR1 GROUNDSTATION3) [1]
Pruned:  0: (TURN_TO SATELLITE0 STAR1 GROUNDSTATION3) [1]
Pruned:  0: (TURN_TO SATELLITE0 STAR1 GROUNDSTATION3) [1]
Pruned:  0: (TURN_TO SATELLITE0 STAR1 GROUNDSTATION3) [1]
Pruned:  0: (TURN_TO SATELLITE0 STAR1 GROUNDSTATION3) [1]
Pruned:  0: (TURN_TO SATELLITE0 STAR1 GROUNDSTATION3) [1]
Pruned:  0: (TURN_TO SATELLITE0 STAR1 GROUNDSTATION3) [1]
Pruned:  0: (TURN_TO SATELLITE0 STAR1 GROUNDSTATION3) [1]
Pruned:  0: (TURN_TO SATELLITE0 STAR1 GROUNDSTATION3) [1]
Pruned:  0: (TURN_TO SATELLITE0 STAR1 GROUNDSTATION3) [1]
---SatPlan Version: 1.1
***SAT!***

Solved in 8 layers

Real Time: = 0.2
User Time: = 0.12
Syst Time: = 0.06

__MEMKB 5120
