---SatPlan Version: 1.1

bb: parsing domain file
domain 'SATELLITE' defined
 ... done.
bb: parsing problem file
problem 'STRIPS-SAT-X-1' defined
 ... done.


time:   0,    12 facts and       0 exclusive pairs
             174 ops   and    1970 exclusive pairs
time:   1,   168 facts and    1820 exclusive pairs

creating thin gp-based encoding...
plan graph layer 0...
plan graph layer 1...
goal constraints...

goal fact not coded - level too low??


bb: parsing domain file
domain 'SATELLITE' defined
 ... done.
bb: parsing problem file
problem 'STRIPS-SAT-X-1' defined
 ... done.


time:   0,    12 facts and       0 exclusive pairs
             174 ops   and    1970 exclusive pairs
time:   1,   168 facts and    1820 exclusive pairs
            3954 ops   and 1273574 exclusive pairs
time:   2,   180 facts and    2144 exclusive pairs

creating thin gp-based encoding...
plan graph layer 0...
plan graph layer 1...
plan graph layer 2...
goal constraints...

goal fact not coded - level too low??


bb: parsing domain file
domain 'SATELLITE' defined
 ... done.
bb: parsing problem file
problem 'STRIPS-SAT-X-1' defined
 ... done.


time:   0,    12 facts and       0 exclusive pairs
             174 ops   and    1970 exclusive pairs
time:   1,   168 facts and    1820 exclusive pairs
            3954 ops   and 1273574 exclusive pairs
time:   2,   180 facts and    2144 exclusive pairs
            3993 ops   and 1298974 exclusive pairs
time:   3,   195 facts and    2071 exclusive pairs

creating thin gp-based encoding...
plan graph layer 0...
plan graph layer 1...
plan graph layer 2...
plan graph layer 3...
goal constraints...

goal fact not coded - level too low??


bb: parsing domain file
domain 'SATELLITE' defined
 ... done.
bb: parsing problem file
problem 'STRIPS-SAT-X-1' defined
 ... done.


time:   0,    12 facts and       0 exclusive pairs
             174 ops   and    1970 exclusive pairs
time:   1,   168 facts and    1820 exclusive pairs
            3954 ops   and 1273574 exclusive pairs
time:   2,   180 facts and    2144 exclusive pairs
            3993 ops   and 1298974 exclusive pairs
time:   3,   195 facts and    2071 exclusive pairs
            4656 ops   and 1767493 exclusive pairs
time:   4,   305 facts and    1828 exclusive pairs

creating thin gp-based encoding...
plan graph layer 0...
plan graph layer 1...
plan graph layer 2...
plan graph layer 3...
plan graph layer 4...
goal constraints...
exclusion constraints layer 0...
exclusion constraints layer 1...
exclusion constraints layer 2...
exclusion constraints layer 3...
exclusion constraints layer 4...

DECISION LAYER 4, WRITING THIN GP-BASED ENCODING WITH 13637 VARS, 455897 CLAUSES.

time spent:    0.00 seconds instantiating 4461 action templates
               0.00 seconds reachability analysis, yielding 305 facts and 4461 actions
               0.00 seconds collecting 305 relevant facts
               0.00 seconds building connectivity graph
               0.00 seconds building (std) graph
               0.96 seconds CNF output time
               0.96 seconds total planner time (solving not included)


***Solving***


[ filemap ]
[ extract ]

variables : 13637
pure lits : 298

1-clauses : 19
2-clauses : 455212
3-clauses : 75
n-clauses : 591
discarded : 0

[ solve ]


unsatisfiable                             

[ stats ]

decisions : 2371
conflicts : 94
time : ~0.01

***UNSAT***


bb: parsing domain file
domain 'SATELLITE' defined
 ... done.
bb: parsing problem file
problem 'STRIPS-SAT-X-1' defined
 ... done.


time:   0,    12 facts and       0 exclusive pairs
             174 ops   and    1970 exclusive pairs
time:   1,   168 facts and    1820 exclusive pairs
            3954 ops   and 1273574 exclusive pairs
time:   2,   180 facts and    2144 exclusive pairs
            3993 ops   and 1298974 exclusive pairs
time:   3,   195 facts and    2071 exclusive pairs
            4656 ops   and 1767493 exclusive pairs
time:   4,   305 facts and    1828 exclusive pairs
            4766 ops   and 1761342 exclusive pairs
time:   5,   305 facts and    1820 exclusive pairs

creating thin gp-based encoding...
plan graph layer 0...
plan graph layer 1...
plan graph layer 2...
plan graph layer 3...
plan graph layer 4...
plan graph layer 5...
goal constraints...
exclusion constraints layer 0...
exclusion constraints layer 1...
exclusion constraints layer 2...
exclusion constraints layer 3...
exclusion constraints layer 4...
exclusion constraints layer 5...

DECISION LAYER 5, WRITING THIN GP-BASED ENCODING WITH 18708 VARS, 619721 CLAUSES.

time spent:    0.00 seconds instantiating 4461 action templates
               0.00 seconds reachability analysis, yielding 305 facts and 4461 actions
               0.00 seconds collecting 305 relevant facts
               0.00 seconds building connectivity graph
               0.00 seconds building (std) graph
               1.25 seconds CNF output time
               1.25 seconds total planner time (solving not included)


***Solving***


[ filemap ]
[ extract ]

variables : 18708
pure lits : 298

1-clauses : 19
2-clauses : 618731
3-clauses : 101
n-clauses : 870
discarded : 0

[ solve ]


unsatisfiable                             

[ stats ]

decisions : 12379
conflicts : 228
time : ~0.01

***UNSAT***


bb: parsing domain file
domain 'SATELLITE' defined
 ... done.
bb: parsing problem file
problem 'STRIPS-SAT-X-1' defined
 ... done.


time:   0,    12 facts and       0 exclusive pairs
             174 ops   and    1970 exclusive pairs
time:   1,   168 facts and    1820 exclusive pairs
            3954 ops   and 1273574 exclusive pairs
time:   2,   180 facts and    2144 exclusive pairs
            3993 ops   and 1298974 exclusive pairs
time:   3,   195 facts and    2071 exclusive pairs
            4656 ops   and 1767493 exclusive pairs
time:   4,   305 facts and    1828 exclusive pairs
            4766 ops   and 1761342 exclusive pairs
time:   5,   305 facts and    1820 exclusive pairs
graph has leveled off at time step 6


            4766 ops   and 1760459 exclusive pairs
time:   6,   305 facts and    1820 exclusive pairs

creating thin gp-based encoding...
plan graph layer 0...
plan graph layer 1...
plan graph layer 2...
plan graph layer 3...
plan graph layer 4...
plan graph layer 5...
plan graph layer 6...
goal constraints...
exclusion constraints layer 0...
exclusion constraints layer 1...
exclusion constraints layer 2...
exclusion constraints layer 3...
exclusion constraints layer 4...
exclusion constraints layer 5...
exclusion constraints layer 6...

DECISION LAYER 6, WRITING THIN GP-BASED ENCODING WITH 23779 VARS, 783545 CLAUSES.

time spent:    0.00 seconds instantiating 4461 action templates
               0.00 seconds reachability analysis, yielding 305 facts and 4461 actions
               0.00 seconds collecting 305 relevant facts
               0.00 seconds building connectivity graph
               0.00 seconds building (std) graph
               1.52 seconds CNF output time
               1.52 seconds total planner time (solving not included)


***Solving***


[ filemap ]
[ extract ]

variables : 23779
pure lits : 298

1-clauses : 19
2-clauses : 782250
3-clauses : 127
n-clauses : 1149
discarded : 0

[ solve ]


unsatisfiable                             

[ stats ]

decisions : 20088
conflicts : 2870
time : ~0.141

***UNSAT***


bb: parsing domain file
domain 'SATELLITE' defined
 ... done.
bb: parsing problem file
problem 'STRIPS-SAT-X-1' defined
 ... done.


time:   0,    12 facts and       0 exclusive pairs
             174 ops   and    1970 exclusive pairs
time:   1,   168 facts and    1820 exclusive pairs
            3954 ops   and 1273574 exclusive pairs
time:   2,   180 facts and    2144 exclusive pairs
            3993 ops   and 1298974 exclusive pairs
time:   3,   195 facts and    2071 exclusive pairs
            4656 ops   and 1767493 exclusive pairs
time:   4,   305 facts and    1828 exclusive pairs
            4766 ops   and 1761342 exclusive pairs
time:   5,   305 facts and    1820 exclusive pairs
graph has leveled off at time step 6


            4766 ops   and 1760459 exclusive pairs
time:   6,   305 facts and    1820 exclusive pairs
            4766 ops   and 1760459 exclusive pairs
time:   7,   305 facts and    1820 exclusive pairs

creating thin gp-based encoding...
plan graph layer 0...
plan graph layer 1...
plan graph layer 2...
plan graph layer 3...
plan graph layer 4...
plan graph layer 5...
plan graph layer 6...
plan graph layer 7...
goal constraints...
exclusion constraints layer 0...
exclusion constraints layer 1...
exclusion constraints layer 2...
exclusion constraints layer 3...
exclusion constraints layer 4...
exclusion constraints layer 5...
exclusion constraints layer 6...
exclusion constraints layer 7...

DECISION LAYER 7, WRITING THIN GP-BASED ENCODING WITH 28850 VARS, 947369 CLAUSES.

time spent:    0.00 seconds instantiating 4461 action templates
               0.00 seconds reachability analysis, yielding 305 facts and 4461 actions
               0.00 seconds collecting 305 relevant facts
               0.00 seconds building connectivity graph
               0.00 seconds building (std) graph
               1.75 seconds CNF output time
               1.75 seconds total planner time (solving not included)


***Solving***


[ filemap ]
[ extract ]

variables : 28850
pure lits : 298

1-clauses : 19
2-clauses : 945769
3-clauses : 153
n-clauses : 1428
discarded : 0

[ solve ]


unsatisfiable                             

[ stats ]

decisions : 107614
conflicts : 32953
time : ~3.784

***UNSAT***


bb: parsing domain file
domain 'SATELLITE' defined
 ... done.
bb: parsing problem file
problem 'STRIPS-SAT-X-1' defined
 ... done.


time:   0,    12 facts and       0 exclusive pairs
             174 ops   and    1970 exclusive pairs
time:   1,   168 facts and    1820 exclusive pairs
            3954 ops   and 1273574 exclusive pairs
time:   2,   180 facts and    2144 exclusive pairs
            3993 ops   and 1298974 exclusive pairs
time:   3,   195 facts and    2071 exclusive pairs
            4656 ops   and 1767493 exclusive pairs
time:   4,   305 facts and    1828 exclusive pairs
            4766 ops   and 1761342 exclusive pairs
time:   5,   305 facts and    1820 exclusive pairs
graph has leveled off at time step 6


            4766 ops   and 1760459 exclusive pairs
time:   6,   305 facts and    1820 exclusive pairs
            4766 ops   and 1760459 exclusive pairs
time:   7,   305 facts and    1820 exclusive pairs
            4766 ops   and 1760459 exclusive pairs
time:   8,   305 facts and    1820 exclusive pairs

creating thin gp-based encoding...
plan graph layer 0...
plan graph layer 1...
plan graph layer 2...
plan graph layer 3...
plan graph layer 4...
plan graph layer 5...
plan graph layer 6...
plan graph layer 7...
plan graph layer 8...
goal constraints...
exclusion constraints layer 0...
exclusion constraints layer 1...
exclusion constraints layer 2...
exclusion constraints layer 3...
exclusion constraints layer 4...
exclusion constraints layer 5...
exclusion constraints layer 6...
exclusion constraints layer 7...
exclusion constraints layer 8...

DECISION LAYER 8, WRITING THIN GP-BASED ENCODING WITH 33921 VARS, 1111193 CLAUSES.

time spent:    0.00 seconds instantiating 4461 action templates
               0.00 seconds reachability analysis, yielding 305 facts and 4461 actions
               0.00 seconds collecting 305 relevant facts
               0.00 seconds building connectivity graph
               0.00 seconds building (std) graph
               2.03 seconds CNF output time
               2.03 seconds total planner time (solving not included)


***Solving***


[ filemap ]
[ extract ]

variables : 33921
pure lits : 298

1-clauses : 19
2-clauses : 1109288
3-clauses : 179
n-clauses : 1707
discarded : 0

[ solve ]


satisfiable                             

[ stats ]

decisions : 126122
conflicts : 7758
time : ~0.482


bb: parsing domain file
domain 'SATELLITE' defined
 ... done.
bb: parsing problem file
problem 'STRIPS-SAT-X-1' defined
 ... done.


time:   0,    12 facts and       0 exclusive pairs
             174 ops   and    1970 exclusive pairs
time:   1,   168 facts and    1820 exclusive pairs
            3954 ops   and 1273574 exclusive pairs
time:   2,   180 facts and    2144 exclusive pairs
            3993 ops   and 1298974 exclusive pairs
time:   3,   195 facts and    2071 exclusive pairs
            4656 ops   and 1767493 exclusive pairs
time:   4,   305 facts and    1828 exclusive pairs
            4766 ops   and 1761342 exclusive pairs
time:   5,   305 facts and    1820 exclusive pairs
graph has leveled off at time step 6


            4766 ops   and 1760459 exclusive pairs
time:   6,   305 facts and    1820 exclusive pairs
            4766 ops   and 1760459 exclusive pairs
time:   7,   305 facts and    1820 exclusive pairs
            4766 ops   and 1760459 exclusive pairs
time:   8,   305 facts and    1820 exclusive pairs

creating thin gp-based encoding...
plan graph layer 0...
plan graph layer 1...
plan graph layer 2...
plan graph layer 3...
plan graph layer 4...
plan graph layer 5...
plan graph layer 6...
plan graph layer 7...
plan graph layer 8...
goal constraints...
exclusion constraints layer 0...
exclusion constraints layer 1...
exclusion constraints layer 2...
exclusion constraints layer 3...
exclusion constraints layer 4...
exclusion constraints layer 5...
exclusion constraints layer 6...
exclusion constraints layer 7...
exclusion constraints layer 8...

DECISION LAYER 8, WRITING THIN GP-BASED ENCODING WITH 33921 VARS, 1111193 CLAUSES.

time spent:    0.00 seconds instantiating 4461 action templates
               0.00 seconds reachability analysis, yielding 305 facts and 4461 actions
               0.00 seconds collecting 305 relevant facts
               0.00 seconds building connectivity graph
               0.00 seconds building (std) graph
               1.89 seconds CNF output time
               1.89 seconds total planner time (solving not included)

Pruned:  0: (TURN_TO SATELLITE0 GROUNDSTATION4 GROUNDSTATION3) [1]
Pruned:  0: (TURN_TO SATELLITE0 GROUNDSTATION4 GROUNDSTATION3) [1]
Pruned:  0: (TURN_TO SATELLITE0 GROUNDSTATION4 GROUNDSTATION3) [1]
Pruned:  0: (TURN_TO SATELLITE0 GROUNDSTATION4 GROUNDSTATION3) [1]
Pruned:  0: (TURN_TO SATELLITE0 GROUNDSTATION4 GROUNDSTATION3) [1]
Pruned:  0: (TURN_TO SATELLITE0 GROUNDSTATION4 GROUNDSTATION3) [1]
Pruned:  0: (TURN_TO SATELLITE0 GROUNDSTATION4 GROUNDSTATION3) [1]
Pruned:  0: (TURN_TO SATELLITE0 GROUNDSTATION4 GROUNDSTATION3) [1]
Pruned:  0: (TURN_TO SATELLITE0 GROUNDSTATION4 GROUNDSTATION3) [1]
Pruned:  0: (TURN_TO SATELLITE0 GROUNDSTATION4 GROUNDSTATION3) [1]
Pruned:  0: (TURN_TO SATELLITE0 GROUNDSTATION4 GROUNDSTATION3) [1]
Pruned:  0: (TURN_TO SATELLITE0 GROUNDSTATION4 GROUNDSTATION3) [1]
Pruned:  0: (TURN_TO SATELLITE0 GROUNDSTATION4 GROUNDSTATION3) [1]
Pruned:  0: (TURN_TO SATELLITE0 GROUNDSTATION4 GROUNDSTATION3) [1]
Pruned:  0: (TURN_TO SATELLITE0 GROUNDSTATION4 GROUNDSTATION3) [1]
Pruned:  0: (TURN_TO SATELLITE0 GROUNDSTATION4 GROUNDSTATION3) [1]
Pruned:  0: (TURN_TO SATELLITE0 GROUNDSTATION4 GROUNDSTATION3) [1]
Pruned:  0: (TURN_TO SATELLITE0 GROUNDSTATION4 GROUNDSTATION3) [1]
Pruned:  0: (TURN_TO SATELLITE0 GROUNDSTATION4 GROUNDSTATION3) [1]
Pruned:  0: (TURN_TO SATELLITE0 GROUNDSTATION4 GROUNDSTATION3) [1]
Pruned:  0: (TURN_TO SATELLITE0 GROUNDSTATION4 GROUNDSTATION3) [1]
Pruned:  0: (TURN_TO SATELLITE0 GROUNDSTATION4 GROUNDSTATION3) [1]
Pruned:  0: (TURN_TO SATELLITE0 GROUNDSTATION4 GROUNDSTATION3) [1]
Pruned:  0: (TURN_TO SATELLITE0 GROUNDSTATION4 GROUNDSTATION3) [1]
Pruned:  0: (TURN_TO SATELLITE0 GROUNDSTATION4 GROUNDSTATION3) [1]
Pruned:  0: (TURN_TO SATELLITE0 GROUNDSTATION4 GROUNDSTATION3) [1]
Pruned:  0: (TURN_TO SATELLITE0 GROUNDSTATION4 GROUNDSTATION3) [1]
Pruned:  0: (TURN_TO SATELLITE0 GROUNDSTATION4 GROUNDSTATION3) [1]
Pruned:  0: (TURN_TO SATELLITE0 GROUNDSTATION4 GROUNDSTATION3) [1]
Pruned:  0: (TURN_TO SATELLITE0 GROUNDSTATION4 GROUNDSTATION3) [1]
Pruned:  0: (TURN_TO SATELLITE0 GROUNDSTATION4 GROUNDSTATION3) [1]
Pruned:  0: (TURN_TO SATELLITE0 GROUNDSTATION4 GROUNDSTATION3) [1]
Pruned:  0: (TURN_TO SATELLITE0 GROUNDSTATION4 GROUNDSTATION3) [1]
Pruned:  0: (TURN_TO SATELLITE0 GROUNDSTATION4 GROUNDSTATION3) [1]
Pruned:  0: (TURN_TO SATELLITE0 GROUNDSTATION4 GROUNDSTATION3) [1]
Pruned:  0: (TURN_TO SATELLITE0 GROUNDSTATION4 GROUNDSTATION3) [1]
Pruned:  0: (TURN_TO SATELLITE0 GROUNDSTATION4 GROUNDSTATION3) [1]
Pruned:  0: (TURN_TO SATELLITE0 GROUNDSTATION4 GROUNDSTATION3) [1]
Pruned:  0: (TURN_TO SATELLITE0 GROUNDSTATION4 GROUNDSTATION3) [1]
Pruned:  0: (TURN_TO SATELLITE0 GROUNDSTATION4 GROUNDSTATION3) [1]
Pruned:  0: (TURN_TO SATELLITE0 GROUNDSTATION4 GROUNDSTATION3) [1]
Pruned:  0: (TURN_TO SATELLITE0 GROUNDSTATION4 GROUNDSTATION3) [1]
Pruned:  0: (TURN_TO SATELLITE0 GROUNDSTATION4 GROUNDSTATION3) [1]
Pruned:  0: (TURN_TO SATELLITE0 GROUNDSTATION4 GROUNDSTATION3) [1]
Pruned:  0: (TURN_TO SATELLITE0 GROUNDSTATION4 GROUNDSTATION3) [1]
Pruned:  0: (TURN_TO SATELLITE0 GROUNDSTATION4 GROUNDSTATION3) [1]
Pruned:  0: (TURN_TO SATELLITE0 GROUNDSTATION4 GROUNDSTATION3) [1]
Pruned:  0: (TURN_TO SATELLITE0 GROUNDSTATION4 GROUNDSTATION3) [1]
Pruned:  0: (TURN_TO SATELLITE0 GROUNDSTATION4 GROUNDSTATION3) [1]
Pruned:  0: (TURN_TO SATELLITE0 GROUNDSTATION4 GROUNDSTATION3) [1]
Pruned:  0: (TURN_TO SATELLITE0 GROUNDSTATION4 GROUNDSTATION3) [1]
Pruned:  0: (TURN_TO SATELLITE0 GROUNDSTATION4 GROUNDSTATION3) [1]
Pruned:  0: (TURN_TO SATELLITE0 GROUNDSTATION4 GROUNDSTATION3) [1]
Pruned:  0: (TURN_TO SATELLITE0 GROUNDSTATION4 GROUNDSTATION3) [1]
Pruned:  0: (TURN_TO SATELLITE0 GROUNDSTATION4 GROUNDSTATION3) [1]
Pruned:  0: (TURN_TO SATELLITE0 GROUNDSTATION4 GROUNDSTATION3) [1]
Pruned:  0: (TURN_TO SATELLITE0 GROUNDSTATION4 GROUNDSTATION3) [1]
Pruned:  0: (TURN_TO SATELLITE0 GROUNDSTATION4 GROUNDSTATION3) [1]
Pruned:  0: (TURN_TO SATELLITE0 GROUNDSTATION4 GROUNDSTATION3) [1]
Pruned:  0: (TURN_TO SATELLITE0 GROUNDSTATION4 GROUNDSTATION3) [1]
Pruned:  0: (TURN_TO SATELLITE0 GROUNDSTATION4 GROUNDSTATION3) [1]
Pruned:  0: (TURN_TO SATELLITE0 GROUNDSTATION4 GROUNDSTATION3) [1]
Pruned:  0: (TURN_TO SATELLITE0 GROUNDSTATION4 GROUNDSTATION3) [1]
Pruned:  0: (TURN_TO SATELLITE0 GROUNDSTATION4 GROUNDSTATION3) [1]
Pruned:  0: (TURN_TO SATELLITE0 GROUNDSTATION4 GROUNDSTATION3) [1]
Pruned:  0: (TURN_TO SATELLITE0 GROUNDSTATION4 GROUNDSTATION3) [1]
Pruned:  0: (TURN_TO SATELLITE0 GROUNDSTATION4 GROUNDSTATION3) [1]
Pruned:  0: (TURN_TO SATELLITE0 GROUNDSTATION4 GROUNDSTATION3) [1]
Pruned:  0: (TURN_TO SATELLITE0 GROUNDSTATION4 GROUNDSTATION3) [1]
Pruned:  0: (TURN_TO SATELLITE0 GROUNDSTATION4 GROUNDSTATION3) [1]
Pruned:  0: (TURN_TO SATELLITE0 GROUNDSTATION4 GROUNDSTATION3) [1]
Pruned:  0: (TURN_TO SATELLITE0 GROUNDSTATION4 GROUNDSTATION3) [1]
Pruned:  0: (TURN_TO SATELLITE0 GROUNDSTATION4 GROUNDSTATION3) [1]
Pruned:  0: (TURN_TO SATELLITE0 GROUNDSTATION4 GROUNDSTATION3) [1]
Pruned:  0: (TURN_TO SATELLITE0 GROUNDSTATION4 GROUNDSTATION3) [1]
Pruned:  0: (TURN_TO SATELLITE0 GROUNDSTATION4 GROUNDSTATION3) [1]
Pruned:  0: (TURN_TO SATELLITE0 GROUNDSTATION4 GROUNDSTATION3) [1]
Pruned:  0: (TURN_TO SATELLITE0 GROUNDSTATION4 GROUNDSTATION3) [1]
Pruned:  0: (TURN_TO SATELLITE0 GROUNDSTATION4 GROUNDSTATION3) [1]
Pruned:  0: (TURN_TO SATELLITE0 GROUNDSTATION4 GROUNDSTATION3) [1]
Pruned:  0: (TURN_TO SATELLITE0 GROUNDSTATION4 GROUNDSTATION3) [1]
Pruned:  0: (TURN_TO SATELLITE0 GROUNDSTATION4 GROUNDSTATION3) [1]
Pruned:  0: (TURN_TO SATELLITE0 GROUNDSTATION4 GROUNDSTATION3) [1]
Pruned:  0: (TURN_TO SATELLITE0 GROUNDSTATION4 GROUNDSTATION3) [1]
Pruned:  0: (TURN_TO SATELLITE0 GROUNDSTATION4 GROUNDSTATION3) [1]
Pruned:  0: (TURN_TO SATELLITE0 GROUNDSTATION4 GROUNDSTATION3) [1]
Pruned:  0: (TURN_TO SATELLITE0 GROUNDSTATION4 GROUNDSTATION3) [1]
Pruned:  0: (TURN_TO SATELLITE0 GROUNDSTATION4 GROUNDSTATION3) [1]
Pruned:  0: (TURN_TO SATELLITE0 GROUNDSTATION4 GROUNDSTATION3) [1]
Pruned:  0: (TURN_TO SATELLITE0 GROUNDSTATION4 GROUNDSTATION3) [1]
Pruned:  0: (TURN_TO SATELLITE0 GROUNDSTATION4 GROUNDSTATION3) [1]
Pruned:  0: (TURN_TO SATELLITE0 GROUNDSTATION4 GROUNDSTATION3) [1]
Pruned:  0: (TURN_TO SATELLITE0 GROUNDSTATION4 GROUNDSTATION3) [1]
Pruned:  0: (TURN_TO SATELLITE0 GROUNDSTATION4 GROUNDSTATION3) [1]
Pruned:  0: (TURN_TO SATELLITE0 GROUNDSTATION4 GROUNDSTATION3) [1]
Pruned:  0: (TURN_TO SATELLITE0 GROUNDSTATION4 GROUNDSTATION3) [1]
Pruned:  0: (TURN_TO SATELLITE0 GROUNDSTATION4 GROUNDSTATION3) [1]
Pruned:  0: (TURN_TO SATELLITE0 GROUNDSTATION4 GROUNDSTATION3) [1]
Pruned:  0: (TURN_TO SATELLITE0 GROUNDSTATION4 GROUNDSTATION3) [1]
Pruned:  0: (TURN_TO SATELLITE0 GROUNDSTATION4 GROUNDSTATION3) [1]
Pruned:  0: (TURN_TO SATELLITE0 GROUNDSTATION4 GROUNDSTATION3) [1]
Pruned:  0: (TURN_TO SATELLITE0 GROUNDSTATION4 GROUNDSTATION3) [1]
Pruned:  0: (TURN_TO SATELLITE0 GROUNDSTATION4 GROUNDSTATION3) [1]
Pruned:  0: (TURN_TO SATELLITE0 GROUNDSTATION4 GROUNDSTATION3) [1]
Pruned:  0: (TURN_TO SATELLITE0 GROUNDSTATION4 GROUNDSTATION3) [1]
Pruned:  0: (TURN_TO SATELLITE0 GROUNDSTATION4 GROUNDSTATION3) [1]
Pruned:  0: (TURN_TO SATELLITE0 GROUNDSTATION4 GROUNDSTATION3) [1]
Pruned:  0: (TURN_TO SATELLITE0 GROUNDSTATION4 GROUNDSTATION3) [1]
Pruned:  0: (TURN_TO SATELLITE0 GROUNDSTATION4 GROUNDSTATION3) [1]
Pruned:  0: (TURN_TO SATELLITE0 GROUNDSTATION4 GROUNDSTATION3) [1]
Pruned:  0: (TURN_TO SATELLITE0 GROUNDSTATION4 GROUNDSTATION3) [1]
Pruned:  0: (TURN_TO SATELLITE0 GROUNDSTATION4 GROUNDSTATION3) [1]
Pruned:  0: (TURN_TO SATELLITE0 GROUNDSTATION4 GROUNDSTATION3) [1]
Pruned:  0: (TURN_TO SATELLITE0 GROUNDSTATION4 GROUNDSTATION3) [1]
Pruned:  0: (TURN_TO SATELLITE0 GROUNDSTATION4 GROUNDSTATION3) [1]
Pruned:  0: (TURN_TO SATELLITE0 GROUNDSTATION4 GROUNDSTATION3) [1]
Pruned:  0: (TURN_TO SATELLITE0 GROUNDSTATION4 GROUNDSTATION3) [1]
Pruned:  0: (TURN_TO SATELLITE0 GROUNDSTATION4 GROUNDSTATION3) [1]
Pruned:  0: (TURN_TO SATELLITE0 GROUNDSTATION4 GROUNDSTATION3) [1]
Pruned:  0: (TURN_TO SATELLITE0 GROUNDSTATION4 GROUNDSTATION3) [1]
Pruned:  0: (TURN_TO SATELLITE0 GROUNDSTATION4 GROUNDSTATION3) [1]
Pruned:  0: (TURN_TO SATELLITE0 GROUNDSTATION4 GROUNDSTATION3) [1]
Pruned:  0: (TURN_TO SATELLITE0 GROUNDSTATION4 GROUNDSTATION3) [1]
Pruned:  0: (TURN_TO SATELLITE0 GROUNDSTATION4 GROUNDSTATION3) [1]
Pruned:  0: (TURN_TO SATELLITE0 GROUNDSTATION4 GROUNDSTATION3) [1]
Pruned:  0: (TURN_TO SATELLITE0 GROUNDSTATION4 GROUNDSTATION3) [1]
Pruned:  0: (TURN_TO SATELLITE0 GROUNDSTATION4 GROUNDSTATION3) [1]
Pruned:  0: (TURN_TO SATELLITE0 GROUNDSTATION4 GROUNDSTATION3) [1]
Pruned:  0: (TURN_TO SATELLITE0 GROUNDSTATION4 GROUNDSTATION3) [1]
Pruned:  0: (TURN_TO SATELLITE0 GROUNDSTATION4 GROUNDSTATION3) [1]
Pruned:  0: (TURN_TO SATELLITE0 GROUNDSTATION4 GROUNDSTATION3) [1]
Pruned:  0: (TURN_TO SATELLITE0 GROUNDSTATION4 GROUNDSTATION3) [1]
Pruned:  0: (TURN_TO SATELLITE0 GROUNDSTATION4 GROUNDSTATION3) [1]
Pruned:  0: (TURN_TO SATELLITE0 GROUNDSTATION4 GROUNDSTATION3) [1]
Pruned:  0: (TURN_TO SATELLITE0 GROUNDSTATION4 GROUNDSTATION3) [1]
Pruned:  0: (TURN_TO SATELLITE0 GROUNDSTATION4 GROUNDSTATION3) [1]
Pruned:  0: (TURN_TO SATELLITE0 GROUNDSTATION4 GROUNDSTATION3) [1]
Pruned:  0: (TURN_TO SATELLITE0 GROUNDSTATION4 GROUNDSTATION3) [1]
Pruned:  0: (TURN_TO SATELLITE0 GROUNDSTATION4 GROUNDSTATION3) [1]
Pruned:  0: (TURN_TO SATELLITE0 GROUNDSTATION4 GROUNDSTATION3) [1]
Pruned:  0: (TURN_TO SATELLITE0 GROUNDSTATION4 GROUNDSTATION3) [1]
Pruned:  0: (TURN_TO SATELLITE0 GROUNDSTATION4 GROUNDSTATION3) [1]
Pruned:  0: (TURN_TO SATELLITE0 GROUNDSTATION4 GROUNDSTATION3) [1]
Pruned:  0: (TURN_TO SATELLITE0 GROUNDSTATION4 GROUNDSTATION3) [1]
Pruned:  0: (TURN_TO SATELLITE0 GROUNDSTATION4 GROUNDSTATION3) [1]
Pruned:  0: (TURN_TO SATELLITE0 GROUNDSTATION4 GROUNDSTATION3) [1]
Pruned:  0: (TURN_TO SATELLITE0 GROUNDSTATION4 GROUNDSTATION3) [1]
Pruned:  0: (TURN_TO SATELLITE0 GROUNDSTATION4 GROUNDSTATION3) [1]
Pruned:  0: (TURN_TO SATELLITE0 GROUNDSTATION4 GROUNDSTATION3) [1]
Pruned:  0: (TURN_TO SATELLITE0 GROUNDSTATION4 GROUNDSTATION3) [1]
Pruned:  0: (TURN_TO SATELLITE0 GROUNDSTATION4 GROUNDSTATION3) [1]
Pruned:  0: (TURN_TO SATELLITE0 GROUNDSTATION4 GROUNDSTATION3) [1]
Pruned:  0: (TURN_TO SATELLITE0 GROUNDSTATION4 GROUNDSTATION3) [1]
Pruned:  0: (TURN_TO SATELLITE0 GROUNDSTATION4 GROUNDSTATION3) [1]
Pruned:  0: (TURN_TO SATELLITE0 GROUNDSTATION4 GROUNDSTATION3) [1]
Pruned:  0: (TURN_TO SATELLITE0 GROUNDSTATION4 GROUNDSTATION3) [1]
Pruned:  0: (TURN_TO SATELLITE0 GROUNDSTATION4 GROUNDSTATION3) [1]
Pruned:  0: (TURN_TO SATELLITE0 GROUNDSTATION4 GROUNDSTATION3) [1]
Pruned:  0: (TURN_TO SATELLITE0 GROUNDSTATION4 GROUNDSTATION3) [1]
Pruned:  0: (TURN_TO SATELLITE0 GROUNDSTATION4 GROUNDSTATION3) [1]
Pruned:  0: (TURN_TO SATELLITE0 GROUNDSTATION4 GROUNDSTATION3) [1]
Pruned:  0: (TURN_TO SATELLITE0 GROUNDSTATION4 GROUNDSTATION3) [1]
Pruned:  0: (TURN_TO SATELLITE0 GROUNDSTATION4 GROUNDSTATION3) [1]
Pruned:  0: (TURN_TO SATELLITE0 GROUNDSTATION4 GROUNDSTATION3) [1]
Pruned:  0: (TURN_TO SATELLITE0 GROUNDSTATION4 GROUNDSTATION3) [1]
Pruned:  0: (TURN_TO SATELLITE0 GROUNDSTATION4 GROUNDSTATION3) [1]
Pruned:  0: (TURN_TO SATELLITE0 GROUNDSTATION4 GROUNDSTATION3) [1]
Pruned:  0: (TURN_TO SATELLITE0 GROUNDSTATION4 GROUNDSTATION3) [1]
Pruned:  0: (TURN_TO SATELLITE0 GROUNDSTATION4 GROUNDSTATION3) [1]
Pruned:  0: (TURN_TO SATELLITE0 GROUNDSTATION4 GROUNDSTATION3) [1]
Pruned:  0: (TURN_TO SATELLITE0 GROUNDSTATION4 GROUNDSTATION3) [1]
Pruned:  0: (TURN_TO SATELLITE0 GROUNDSTATION4 GROUNDSTATION3) [1]
Pruned:  0: (TURN_TO SATELLITE0 GROUNDSTATION4 GROUNDSTATION3) [1]
Pruned:  0: (TURN_TO SATELLITE0 GROUNDSTATION4 GROUNDSTATION3) [1]
Pruned:  0: (TURN_TO SATELLITE0 GROUNDSTATION4 GROUNDSTATION3) [1]
Pruned:  0: (TURN_TO SATELLITE0 GROUNDSTATION4 GROUNDSTATION3) [1]
Pruned:  0: (TURN_TO SATELLITE0 GROUNDSTATION4 GROUNDSTATION3) [1]
Pruned:  0: (TURN_TO SATELLITE0 GROUNDSTATION4 GROUNDSTATION3) [1]
Pruned:  0: (TURN_TO SATELLITE0 GROUNDSTATION4 GROUNDSTATION3) [1]
Pruned:  0: (TURN_TO SATELLITE0 GROUNDSTATION4 GROUNDSTATION3) [1]
Pruned:  0: (TURN_TO SATELLITE0 GROUNDSTATION4 GROUNDSTATION3) [1]
Pruned:  0: (TURN_TO SATELLITE0 GROUNDSTATION4 GROUNDSTATION3) [1]
Pruned:  0: (TURN_TO SATELLITE0 GROUNDSTATION4 GROUNDSTATION3) [1]
Pruned:  0: (TURN_TO SATELLITE0 GROUNDSTATION4 GROUNDSTATION3) [1]
Pruned:  0: (TURN_TO SATELLITE0 GROUNDSTATION4 GROUNDSTATION3) [1]
Pruned:  0: (TURN_TO SATELLITE0 GROUNDSTATION4 GROUNDSTATION3) [1]
Pruned:  0: (TURN_TO SATELLITE0 GROUNDSTATION4 GROUNDSTATION3) [1]
Pruned:  0: (TURN_TO SATELLITE0 GROUNDSTATION4 GROUNDSTATION3) [1]
Pruned:  0: (TURN_TO SATELLITE0 GROUNDSTATION4 GROUNDSTATION3) [1]
Pruned:  0: (TURN_TO SATELLITE0 GROUNDSTATION4 GROUNDSTATION3) [1]
Pruned:  0: (TURN_TO SATELLITE0 GROUNDSTATION4 GROUNDSTATION3) [1]
Pruned:  0: (TURN_TO SATELLITE0 GROUNDSTATION4 GROUNDSTATION3) [1]
Pruned:  0: (TURN_TO SATELLITE0 GROUNDSTATION4 GROUNDSTATION3) [1]
Pruned:  0: (TURN_TO SATELLITE0 GROUNDSTATION4 GROUNDSTATION3) [1]
Pruned:  3: (TAKE_IMAGE SATELLITE0 PHENOMENON13 INSTRUMENT2 THERMOGRAPH4) [1]
Pruned:  3: (TAKE_IMAGE SATELLITE1 STAR20 INSTRUMENT3 THERMOGRAPH0) [1]
Pruned:  3: (TAKE_IMAGE SATELLITE2 PHENOMENON5 INSTRUMENT4 THERMOGRAPH4) [1]
Pruned:  5: (TAKE_IMAGE SATELLITE0 PLANET23 INSTRUMENT2 THERMOGRAPH3) [1]
Pruned:  5: (TAKE_IMAGE SATELLITE0 PLANET23 INSTRUMENT2 THERMOGRAPH4) [1]
Pruned:  5: (TAKE_IMAGE SATELLITE2 PHENOMENON12 INSTRUMENT4 THERMOGRAPH4) [1]
Pruned:  5: (TAKE_IMAGE SATELLITE5 PLANET21 INSTRUMENT11 IMAGE2) [1]
---SatPlan Version: 1.1
***SAT!***

Solved in 8 layers

Real Time: = 15.16
User Time: = 14.33
Syst Time: = 0.72

__MEMKB 100992
