---SatPlan Version: 1.1

bb: parsing domain file
domain 'SATELLITE' defined
 ... done.
bb: parsing problem file
problem 'STRIPS-SAT-X-1' defined
 ... done.


time:   0,    10 facts and       0 exclusive pairs
             160 ops   and    1709 exclusive pairs
time:   1,   155 facts and    1584 exclusive pairs

creating thin gp-based encoding...
plan graph layer 0...
plan graph layer 1...
goal constraints...

goal fact not coded - level too low??


bb: parsing domain file
domain 'SATELLITE' defined
 ... done.
bb: parsing problem file
problem 'STRIPS-SAT-X-1' defined
 ... done.


time:   0,    10 facts and       0 exclusive pairs
             160 ops   and    1709 exclusive pairs
time:   1,   155 facts and    1584 exclusive pairs
            3355 ops   and 1072019 exclusive pairs
time:   2,   180 facts and    2386 exclusive pairs

creating thin gp-based encoding...
plan graph layer 0...
plan graph layer 1...
plan graph layer 2...
goal constraints...

goal fact not coded - level too low??


bb: parsing domain file
domain 'SATELLITE' defined
 ... done.
bb: parsing problem file
problem 'STRIPS-SAT-X-1' defined
 ... done.


time:   0,    10 facts and       0 exclusive pairs
             160 ops   and    1709 exclusive pairs
time:   1,   155 facts and    1584 exclusive pairs
            3355 ops   and 1072019 exclusive pairs
time:   2,   180 facts and    2386 exclusive pairs
            3429 ops   and 1121535 exclusive pairs
time:   3,   212 facts and    2514 exclusive pairs

creating thin gp-based encoding...
plan graph layer 0...
plan graph layer 1...
plan graph layer 2...
plan graph layer 3...
goal constraints...

goal fact not coded - level too low??


bb: parsing domain file
domain 'SATELLITE' defined
 ... done.
bb: parsing problem file
problem 'STRIPS-SAT-X-1' defined
 ... done.


time:   0,    10 facts and       0 exclusive pairs
             160 ops   and    1709 exclusive pairs
time:   1,   155 facts and    1584 exclusive pairs
            3355 ops   and 1072019 exclusive pairs
time:   2,   180 facts and    2386 exclusive pairs
            3429 ops   and 1121535 exclusive pairs
time:   3,   212 facts and    2514 exclusive pairs
            4637 ops   and 2095519 exclusive pairs
time:   4,   380 facts and    1643 exclusive pairs

creating thin gp-based encoding...
plan graph layer 0...
plan graph layer 1...
plan graph layer 2...
plan graph layer 3...
plan graph layer 4...
goal constraints...
exclusion constraints layer 0...
exclusion constraints layer 1...
exclusion constraints layer 2...
exclusion constraints layer 3...
exclusion constraints layer 4...

DECISION LAYER 4, WRITING THIN GP-BASED ENCODING WITH 12518 VARS, 404599 CLAUSES.

time spent:    0.00 seconds instantiating 4425 action templates
               0.00 seconds reachability analysis, yielding 380 facts and 4425 actions
               0.00 seconds collecting 380 relevant facts
               0.00 seconds building connectivity graph
               0.00 seconds building (std) graph
               0.98 seconds CNF output time
               0.98 seconds total planner time (solving not included)


***Solving***


[ filemap ]
[ extract ]

variables : 12518
pure lits : 362

1-clauses : 28
2-clauses : 403838
3-clauses : 139
n-clauses : 594
discarded : 0

[ solve ]


unsatisfiable                             

[ stats ]

decisions : 1265
conflicts : 15
time : ~0.01

***UNSAT***


bb: parsing domain file
domain 'SATELLITE' defined
 ... done.
bb: parsing problem file
problem 'STRIPS-SAT-X-1' defined
 ... done.


time:   0,    10 facts and       0 exclusive pairs
             160 ops   and    1709 exclusive pairs
time:   1,   155 facts and    1584 exclusive pairs
            3355 ops   and 1072019 exclusive pairs
time:   2,   180 facts and    2386 exclusive pairs
            3429 ops   and 1121535 exclusive pairs
time:   3,   212 facts and    2514 exclusive pairs
            4637 ops   and 2095519 exclusive pairs
time:   4,   380 facts and    1643 exclusive pairs
            4805 ops   and 2075554 exclusive pairs
time:   5,   380 facts and    1584 exclusive pairs

creating thin gp-based encoding...
plan graph layer 0...
plan graph layer 1...
plan graph layer 2...
plan graph layer 3...
plan graph layer 4...
plan graph layer 5...
goal constraints...
exclusion constraints layer 0...
exclusion constraints layer 1...
exclusion constraints layer 2...
exclusion constraints layer 3...
exclusion constraints layer 4...
exclusion constraints layer 5...

DECISION LAYER 5, WRITING THIN GP-BASED ENCODING WITH 17703 VARS, 561995 CLAUSES.

time spent:    0.00 seconds instantiating 4425 action templates
               0.00 seconds reachability analysis, yielding 380 facts and 4425 actions
               0.00 seconds collecting 380 relevant facts
               0.00 seconds building connectivity graph
               0.00 seconds building (std) graph
               1.30 seconds CNF output time
               1.30 seconds total planner time (solving not included)


***Solving***


[ filemap ]
[ extract ]

variables : 17703
pure lits : 362

1-clauses : 28
2-clauses : 560854
3-clauses : 189
n-clauses : 924
discarded : 0

[ solve ]


unsatisfiable                             

[ stats ]

decisions : 10178
conflicts : 196
time : ~0.01

***UNSAT***


bb: parsing domain file
domain 'SATELLITE' defined
 ... done.
bb: parsing problem file
problem 'STRIPS-SAT-X-1' defined
 ... done.


time:   0,    10 facts and       0 exclusive pairs
             160 ops   and    1709 exclusive pairs
time:   1,   155 facts and    1584 exclusive pairs
            3355 ops   and 1072019 exclusive pairs
time:   2,   180 facts and    2386 exclusive pairs
            3429 ops   and 1121535 exclusive pairs
time:   3,   212 facts and    2514 exclusive pairs
            4637 ops   and 2095519 exclusive pairs
time:   4,   380 facts and    1643 exclusive pairs
            4805 ops   and 2075554 exclusive pairs
time:   5,   380 facts and    1584 exclusive pairs
graph has leveled off at time step 6


            4805 ops   and 2069695 exclusive pairs
time:   6,   380 facts and    1584 exclusive pairs

creating thin gp-based encoding...
plan graph layer 0...
plan graph layer 1...
plan graph layer 2...
plan graph layer 3...
plan graph layer 4...
plan graph layer 5...
plan graph layer 6...
goal constraints...
exclusion constraints layer 0...
exclusion constraints layer 1...
exclusion constraints layer 2...
exclusion constraints layer 3...
exclusion constraints layer 4...
exclusion constraints layer 5...
exclusion constraints layer 6...

DECISION LAYER 6, WRITING THIN GP-BASED ENCODING WITH 22888 VARS, 719391 CLAUSES.

time spent:    0.00 seconds instantiating 4425 action templates
               0.00 seconds reachability analysis, yielding 380 facts and 4425 actions
               0.00 seconds collecting 380 relevant facts
               0.00 seconds building connectivity graph
               0.00 seconds building (std) graph
               1.63 seconds CNF output time
               1.63 seconds total planner time (solving not included)


***Solving***


[ filemap ]
[ extract ]

variables : 22888
pure lits : 362

1-clauses : 28
2-clauses : 717870
3-clauses : 239
n-clauses : 1254
discarded : 0

[ solve ]


unsatisfiable                             

[ stats ]

decisions : 10866
conflicts : 1819
time : ~0.088

***UNSAT***


bb: parsing domain file
domain 'SATELLITE' defined
 ... done.
bb: parsing problem file
problem 'STRIPS-SAT-X-1' defined
 ... done.


time:   0,    10 facts and       0 exclusive pairs
             160 ops   and    1709 exclusive pairs
time:   1,   155 facts and    1584 exclusive pairs
            3355 ops   and 1072019 exclusive pairs
time:   2,   180 facts and    2386 exclusive pairs
            3429 ops   and 1121535 exclusive pairs
time:   3,   212 facts and    2514 exclusive pairs
            4637 ops   and 2095519 exclusive pairs
time:   4,   380 facts and    1643 exclusive pairs
            4805 ops   and 2075554 exclusive pairs
time:   5,   380 facts and    1584 exclusive pairs
graph has leveled off at time step 6


            4805 ops   and 2069695 exclusive pairs
time:   6,   380 facts and    1584 exclusive pairs
            4805 ops   and 2069695 exclusive pairs
time:   7,   380 facts and    1584 exclusive pairs

creating thin gp-based encoding...
plan graph layer 0...
plan graph layer 1...
plan graph layer 2...
plan graph layer 3...
plan graph layer 4...
plan graph layer 5...
plan graph layer 6...
plan graph layer 7...
goal constraints...
exclusion constraints layer 0...
exclusion constraints layer 1...
exclusion constraints layer 2...
exclusion constraints layer 3...
exclusion constraints layer 4...
exclusion constraints layer 5...
exclusion constraints layer 6...
exclusion constraints layer 7...

DECISION LAYER 7, WRITING THIN GP-BASED ENCODING WITH 28073 VARS, 876787 CLAUSES.

time spent:    0.00 seconds instantiating 4425 action templates
               0.00 seconds reachability analysis, yielding 380 facts and 4425 actions
               0.00 seconds collecting 380 relevant facts
               0.00 seconds building connectivity graph
               0.00 seconds building (std) graph
               1.92 seconds CNF output time
               1.92 seconds total planner time (solving not included)


***Solving***


[ filemap ]
[ extract ]

variables : 28073
pure lits : 362

1-clauses : 28
2-clauses : 874886
3-clauses : 289
n-clauses : 1584
discarded : 0

[ solve ]


unsatisfiable                             

[ stats ]

decisions : 13040
conflicts : 3273
time : ~0.156

***UNSAT***


bb: parsing domain file
domain 'SATELLITE' defined
 ... done.
bb: parsing problem file
problem 'STRIPS-SAT-X-1' defined
 ... done.


time:   0,    10 facts and       0 exclusive pairs
             160 ops   and    1709 exclusive pairs
time:   1,   155 facts and    1584 exclusive pairs
            3355 ops   and 1072019 exclusive pairs
time:   2,   180 facts and    2386 exclusive pairs
            3429 ops   and 1121535 exclusive pairs
time:   3,   212 facts and    2514 exclusive pairs
            4637 ops   and 2095519 exclusive pairs
time:   4,   380 facts and    1643 exclusive pairs
            4805 ops   and 2075554 exclusive pairs
time:   5,   380 facts and    1584 exclusive pairs
graph has leveled off at time step 6


            4805 ops   and 2069695 exclusive pairs
time:   6,   380 facts and    1584 exclusive pairs
            4805 ops   and 2069695 exclusive pairs
time:   7,   380 facts and    1584 exclusive pairs
            4805 ops   and 2069695 exclusive pairs
time:   8,   380 facts and    1584 exclusive pairs

creating thin gp-based encoding...
plan graph layer 0...
plan graph layer 1...
plan graph layer 2...
plan graph layer 3...
plan graph layer 4...
plan graph layer 5...
plan graph layer 6...
plan graph layer 7...
plan graph layer 8...
goal constraints...
exclusion constraints layer 0...
exclusion constraints layer 1...
exclusion constraints layer 2...
exclusion constraints layer 3...
exclusion constraints layer 4...
exclusion constraints layer 5...
exclusion constraints layer 6...
exclusion constraints layer 7...
exclusion constraints layer 8...

DECISION LAYER 8, WRITING THIN GP-BASED ENCODING WITH 33258 VARS, 1034183 CLAUSES.

time spent:    0.00 seconds instantiating 4425 action templates
               0.00 seconds reachability analysis, yielding 380 facts and 4425 actions
               0.00 seconds collecting 380 relevant facts
               0.00 seconds building connectivity graph
               0.00 seconds building (std) graph
               2.22 seconds CNF output time
               2.22 seconds total planner time (solving not included)


***Solving***


[ filemap ]
[ extract ]

variables : 33258
pure lits : 362

1-clauses : 28
2-clauses : 1031902
3-clauses : 339
n-clauses : 1914
discarded : 0

[ solve ]


unsatisfiable                             

[ stats ]

decisions : 82541
conflicts : 54516
time : ~6.664

***UNSAT***


bb: parsing domain file
domain 'SATELLITE' defined
 ... done.
bb: parsing problem file
problem 'STRIPS-SAT-X-1' defined
 ... done.


time:   0,    10 facts and       0 exclusive pairs
             160 ops   and    1709 exclusive pairs
time:   1,   155 facts and    1584 exclusive pairs
            3355 ops   and 1072019 exclusive pairs
time:   2,   180 facts and    2386 exclusive pairs
            3429 ops   and 1121535 exclusive pairs
time:   3,   212 facts and    2514 exclusive pairs
            4637 ops   and 2095519 exclusive pairs
time:   4,   380 facts and    1643 exclusive pairs
            4805 ops   and 2075554 exclusive pairs
time:   5,   380 facts and    1584 exclusive pairs
graph has leveled off at time step 6


            4805 ops   and 2069695 exclusive pairs
time:   6,   380 facts and    1584 exclusive pairs
            4805 ops   and 2069695 exclusive pairs
time:   7,   380 facts and    1584 exclusive pairs
            4805 ops   and 2069695 exclusive pairs
time:   8,   380 facts and    1584 exclusive pairs
            4805 ops   and 2069695 exclusive pairs
time:   9,   380 facts and    1584 exclusive pairs

creating thin gp-based encoding...
plan graph layer 0...
plan graph layer 1...
plan graph layer 2...
plan graph layer 3...
plan graph layer 4...
plan graph layer 5...
plan graph layer 6...
plan graph layer 7...
plan graph layer 8...
plan graph layer 9...
goal constraints...
exclusion constraints layer 0...
exclusion constraints layer 1...
exclusion constraints layer 2...
exclusion constraints layer 3...
exclusion constraints layer 4...
exclusion constraints layer 5...
exclusion constraints layer 6...
exclusion constraints layer 7...
exclusion constraints layer 8...
exclusion constraints layer 9...

DECISION LAYER 9, WRITING THIN GP-BASED ENCODING WITH 38443 VARS, 1191579 CLAUSES.

time spent:    0.00 seconds instantiating 4425 action templates
               0.00 seconds reachability analysis, yielding 380 facts and 4425 actions
               0.00 seconds collecting 380 relevant facts
               0.00 seconds building connectivity graph
               0.00 seconds building (std) graph
               2.52 seconds CNF output time
               2.52 seconds total planner time (solving not included)


***Solving***


[ filemap ]
[ extract ]

variables : 38443
pure lits : 362

1-clauses : 28
2-clauses : 1188918
3-clauses : 389
n-clauses : 2244
discarded : 0

[ solve ]


unsatisfiable                             

[ stats ]

decisions : 621542
conflicts : 531748
time : ~108.793

***UNSAT***


bb: parsing domain file
domain 'SATELLITE' defined
 ... done.
bb: parsing problem file
problem 'STRIPS-SAT-X-1' defined
 ... done.


time:   0,    10 facts and       0 exclusive pairs
             160 ops   and    1709 exclusive pairs
time:   1,   155 facts and    1584 exclusive pairs
            3355 ops   and 1072019 exclusive pairs
time:   2,   180 facts and    2386 exclusive pairs
            3429 ops   and 1121535 exclusive pairs
time:   3,   212 facts and    2514 exclusive pairs
            4637 ops   and 2095519 exclusive pairs
time:   4,   380 facts and    1643 exclusive pairs
            4805 ops   and 2075554 exclusive pairs
time:   5,   380 facts and    1584 exclusive pairs
graph has leveled off at time step 6


            4805 ops   and 2069695 exclusive pairs
time:   6,   380 facts and    1584 exclusive pairs
            4805 ops   and 2069695 exclusive pairs
time:   7,   380 facts and    1584 exclusive pairs
            4805 ops   and 2069695 exclusive pairs
time:   8,   380 facts and    1584 exclusive pairs
            4805 ops   and 2069695 exclusive pairs
time:   9,   380 facts and    1584 exclusive pairs
            4805 ops   and 2069695 exclusive pairs
time:  10,   380 facts and    1584 exclusive pairs

creating thin gp-based encoding...
plan graph layer 0...
plan graph layer 1...
plan graph layer 2...
plan graph layer 3...
plan graph layer 4...
plan graph layer 5...
plan graph layer 6...
plan graph layer 7...
plan graph layer 8...
plan graph layer 9...
plan graph layer 10...
goal constraints...
exclusion constraints layer 0...
exclusion constraints layer 1...
exclusion constraints layer 2...
exclusion constraints layer 3...
exclusion constraints layer 4...
exclusion constraints layer 5...
exclusion constraints layer 6...
exclusion constraints layer 7...
exclusion constraints layer 8...
exclusion constraints layer 9...
exclusion constraints layer 10...

DECISION LAYER 10, WRITING THIN GP-BASED ENCODING WITH 43628 VARS, 1348975 CLAUSES.

time spent:    0.00 seconds instantiating 4425 action templates
               0.00 seconds reachability analysis, yielding 380 facts and 4425 actions
               0.00 seconds collecting 380 relevant facts
               0.00 seconds building connectivity graph
               0.00 seconds building (std) graph
               2.82 seconds CNF output time
               2.82 seconds total planner time (solving not included)


***Solving***


[ filemap ]
[ extract ]

variables : 43628
pure lits : 362

1-clauses : 28
2-clauses : 1345934
3-clauses : 439
n-clauses : 2574
discarded : 0

[ solve ]


unsatisfiable                             

[ stats ]

decisions : 1571254
conflicts : 1250989
time : ~344.78

***UNSAT***


bb: parsing domain file
domain 'SATELLITE' defined
 ... done.
bb: parsing problem file
problem 'STRIPS-SAT-X-1' defined
 ... done.


time:   0,    10 facts and       0 exclusive pairs
             160 ops   and    1709 exclusive pairs
time:   1,   155 facts and    1584 exclusive pairs
            3355 ops   and 1072019 exclusive pairs
time:   2,   180 facts and    2386 exclusive pairs
            3429 ops   and 1121535 exclusive pairs
time:   3,   212 facts and    2514 exclusive pairs
            4637 ops   and 2095519 exclusive pairs
time:   4,   380 facts and    1643 exclusive pairs
            4805 ops   and 2075554 exclusive pairs
time:   5,   380 facts and    1584 exclusive pairs
graph has leveled off at time step 6


            4805 ops   and 2069695 exclusive pairs
time:   6,   380 facts and    1584 exclusive pairs
            4805 ops   and 2069695 exclusive pairs
time:   7,   380 facts and    1584 exclusive pairs
            4805 ops   and 2069695 exclusive pairs
time:   8,   380 facts and    1584 exclusive pairs
            4805 ops   and 2069695 exclusive pairs
time:   9,   380 facts and    1584 exclusive pairs
            4805 ops   and 2069695 exclusive pairs
time:  10,   380 facts and    1584 exclusive pairs
            4805 ops   and 2069695 exclusive pairs
time:  11,   380 facts and    1584 exclusive pairs

creating thin gp-based encoding...
plan graph layer 0...
plan graph layer 1...
plan graph layer 2...
plan graph layer 3...
plan graph layer 4...
plan graph layer 5...
plan graph layer 6...
plan graph layer 7...
plan graph layer 8...
plan graph layer 9...
plan graph layer 10...
plan graph layer 11...
goal constraints...
exclusion constraints layer 0...
exclusion constraints layer 1...
exclusion constraints layer 2...
exclusion constraints layer 3...
exclusion constraints layer 4...
exclusion constraints layer 5...
exclusion constraints layer 6...
exclusion constraints layer 7...
exclusion constraints layer 8...
exclusion constraints layer 9...
exclusion constraints layer 10...
exclusion constraints layer 11...

DECISION LAYER 11, WRITING THIN GP-BASED ENCODING WITH 48813 VARS, 1506371 CLAUSES.

time spent:    0.00 seconds instantiating 4425 action templates
               0.00 seconds reachability analysis, yielding 380 facts and 4425 actions
               0.00 seconds collecting 380 relevant facts
               0.00 seconds building connectivity graph
               0.00 seconds building (std) graph
               3.10 seconds CNF output time
               3.10 seconds total planner time (solving not included)


***Solving***


[ filemap ]
[ extract ]

variables : 48813
pure lits : 362

1-clauses : 28
2-clauses : 1502950
3-clauses : 489
n-clauses : 2904
discarded : 0

[ solve ]

