
ipp: parsing domain file
domain 'TPP-PROPOSITIONAL' defined
 ... done.
ipp: parsing problem file
problem 'TPP' defined
 ... done.


instantiated 216 actions


time:   0,   119 facts and       0 exclusive pairs (   39,       0 positives)
             121 ops   and       4 exclusive pairs
time:   1,   123 facts and       4 exclusive pairs (   41,       2 positives)
             131 ops   and      57 exclusive pairs
time:   2,   129 facts and      18 exclusive pairs (   45,      10 positives)
             153 ops   and     308 exclusive pairs
time:   3,   157 facts and     122 exclusive pairs (   59,      44 positives)
             201 ops   and     982 exclusive pairs
time:   4,   185 facts and     306 exclusive pairs (   77,     132 positives)
             251 ops   and    2093 exclusive pairs
time:   5,   189 facts and     196 exclusive pairs (   80,     109 positives)
             265 ops   and    2228 exclusive pairs
time:   6,   198 facts and     223 exclusive pairs (   89,     151 positives)
             296 ops   and    3451 exclusive pairs
time:   7,   208 facts and     209 exclusive pairs (   94,     140 positives)
             314 ops   and    3887 exclusive pairs
time:   8,   212 facts and     197 exclusive pairs (   98,     132 positives)

goals first reachable in 8 time steps


graph has leveled off at time step 9

             334 ops   and    4759 exclusive pairs
time:   9,   212 facts and     197 exclusive pairs (   98,     132 positives)

graph has leveled off! wave front mechanism is taking over



found plan as follows:

time step    0: DRIVE TRUCK1 DEPOT1 MARKET2
                DRIVE TRUCK2 DEPOT1 MARKET2
time step    1: DRIVE TRUCK2 MARKET2 MARKET1
                DRIVE TRUCK1 MARKET2 MARKET1
time step    2: BUY TRUCK1 GOODS6 MARKET1 LEVEL1 LEVEL2 LEVEL0 LEVEL1
                BUY TRUCK1 GOODS5 MARKET1 LEVEL1 LEVEL2 LEVEL0 LEVEL1
                BUY TRUCK1 GOODS4 MARKET1 LEVEL1 LEVEL2 LEVEL0 LEVEL1
                BUY TRUCK1 GOODS3 MARKET1 LEVEL0 LEVEL1 LEVEL0 LEVEL1
                BUY TRUCK1 GOODS2 MARKET1 LEVEL1 LEVEL2 LEVEL0 LEVEL1
                BUY TRUCK1 GOODS1 MARKET1 LEVEL0 LEVEL1 LEVEL0 LEVEL1
time step    3: LOAD GOODS1 TRUCK2 MARKET1 LEVEL0 LEVEL1 LEVEL0 LEVEL1
                LOAD GOODS2 TRUCK2 MARKET1 LEVEL0 LEVEL1 LEVEL0 LEVEL1
                LOAD GOODS3 TRUCK2 MARKET1 LEVEL0 LEVEL1 LEVEL0 LEVEL1
                LOAD GOODS4 TRUCK2 MARKET1 LEVEL0 LEVEL1 LEVEL0 LEVEL1
                LOAD GOODS5 TRUCK2 MARKET1 LEVEL0 LEVEL1 LEVEL0 LEVEL1
                LOAD GOODS6 TRUCK2 MARKET1 LEVEL0 LEVEL1 LEVEL0 LEVEL1
time step    4: DRIVE TRUCK2 MARKET1 MARKET2
                BUY TRUCK1 GOODS2 MARKET1 LEVEL0 LEVEL1 LEVEL0 LEVEL1
time step    5: LOAD GOODS2 TRUCK1 MARKET1 LEVEL0 LEVEL1 LEVEL0 LEVEL1
                DRIVE TRUCK2 MARKET2 DEPOT1
time step    6: UNLOAD GOODS6 TRUCK2 DEPOT1 LEVEL0 LEVEL1 LEVEL0 LEVEL1
                UNLOAD GOODS5 TRUCK2 DEPOT1 LEVEL0 LEVEL1 LEVEL0 LEVEL1
                UNLOAD GOODS4 TRUCK2 DEPOT1 LEVEL0 LEVEL1 LEVEL0 LEVEL1
                UNLOAD GOODS3 TRUCK2 DEPOT1 LEVEL0 LEVEL1 LEVEL0 LEVEL1
                UNLOAD GOODS2 TRUCK2 DEPOT1 LEVEL0 LEVEL1 LEVEL0 LEVEL1
                DRIVE TRUCK1 MARKET1 MARKET2
                UNLOAD GOODS1 TRUCK2 DEPOT1 LEVEL0 LEVEL1 LEVEL0 LEVEL1
time step    7: DRIVE TRUCK1 MARKET2 DEPOT1
time step    8: UNLOAD GOODS2 TRUCK1 DEPOT1 LEVEL0 LEVEL1 LEVEL1 LEVEL2



number of actions tried:      16977
number of noops tried  :      34677

had    8618 simple memoizing hits
had       0 partial memoizing hits
had       0 subset memoizing hits

time spent:    0.00 seconds instantiating 216 operators
               0.00 seconds building graph
               0.00 seconds calculating exclusions
               0.02 seconds searching graph
               0.02 seconds total time

Memory used:   0.14 MBytes for domain representation
               2.80 MBytes for graph
               0.09 MBytes for exclusions
               0.18 MBytes for memoization
               0.02 MBytes for wave front



__MEMKB 5504
