
ipp: parsing domain file
domain 'TPP-PROPOSITIONAL' defined
 ... done.
ipp: parsing problem file
problem 'TPP' defined
 ... done.


instantiated 12970 actions


time:   0,  1124 facts and       0 exclusive pairs (  209,       0 positives)
            1129 ops   and      10 exclusive pairs
time:   1,  1134 facts and      10 exclusive pairs (  214,       5 positives)
            1219 ops   and     910 exclusive pairs
time:   2,  1196 facts and     186 exclusive pairs (  250,      82 positives)
            1436 ops   and    6798 exclusive pairs
time:   3,  1381 facts and    2535 exclusive pairs (  356,     995 positives)
            1856 ops   and   36867 exclusive pairs
time:   4,  1475 facts and    1865 exclusive pairs (  407,     815 positives)
            2365 ops   and   99101 exclusive pairs
time:   5,  1579 facts and    1432 exclusive pairs (  493,    1051 positives)
            2959 ops   and  214312 exclusive pairs
time:   6,  1647 facts and    1303 exclusive pairs (  561,    1109 positives)
            3757 ops   and  475666 exclusive pairs
time:   7,  1737 facts and    1735 exclusive pairs (  650,    1550 positives)
            4652 ops   and  891713 exclusive pairs
time:   8,  1796 facts and    1753 exclusive pairs (  709,    1609 positives)
            5281 ops   and 1229085 exclusive pairs
time:   9,  1799 facts and    1482 exclusive pairs (  711,    1343 positives)
            5654 ops   and 1452247 exclusive pairs
time:  10,  1801 facts and    1392 exclusive pairs (  713,    1254 positives)
            5746 ops   and 1506489 exclusive pairs
time:  11,  1802 facts and    1370 exclusive pairs (  714,    1232 positives)
            5817 ops   and 1551993 exclusive pairs
time:  12,  1803 facts and    1374 exclusive pairs (  715,    1236 positives)

goals first reachable in 12 time steps


NO MEMORY in file memory.c:524

Command exited with non-zero status 1
__MEMKB 4190300
