---SatPlan Version: 1.1

bb: parsing domain file
domain 'DEPOT' defined
 ... done.
bb: parsing problem file
problem 'DEPOTPROB8765' defined
 ... done.


time:   0,    34 facts and       0 exclusive pairs
              50 ops   and      58 exclusive pairs
time:   1,    52 facts and      62 exclusive pairs

creating thin gp-based encoding...
plan graph layer 0...
plan graph layer 1...
goal constraints...

goal fact not coded - level too low??


bb: parsing domain file
domain 'DEPOT' defined
 ... done.
bb: parsing problem file
problem 'DEPOTPROB8765' defined
 ... done.


time:   0,    34 facts and       0 exclusive pairs
              50 ops   and      58 exclusive pairs
time:   1,    52 facts and      62 exclusive pairs
             140 ops   and    2206 exclusive pairs
time:   2,    60 facts and     146 exclusive pairs

creating thin gp-based encoding...
plan graph layer 0...
plan graph layer 1...
plan graph layer 2...
goal constraints...

goal fact not coded - level too low??


bb: parsing domain file
domain 'DEPOT' defined
 ... done.
bb: parsing problem file
problem 'DEPOTPROB8765' defined
 ... done.


time:   0,    34 facts and       0 exclusive pairs
              50 ops   and      58 exclusive pairs
time:   1,    52 facts and      62 exclusive pairs
             140 ops   and    2206 exclusive pairs
time:   2,    60 facts and     146 exclusive pairs
             159 ops   and    3108 exclusive pairs
time:   3,    66 facts and     154 exclusive pairs

creating thin gp-based encoding...
plan graph layer 0...
plan graph layer 1...
plan graph layer 2...
plan graph layer 3...
goal constraints...

goal fact not coded - level too low??


bb: parsing domain file
domain 'DEPOT' defined
 ... done.
bb: parsing problem file
problem 'DEPOTPROB8765' defined
 ... done.


time:   0,    34 facts and       0 exclusive pairs
              50 ops   and      58 exclusive pairs
time:   1,    52 facts and      62 exclusive pairs
             140 ops   and    2206 exclusive pairs
time:   2,    60 facts and     146 exclusive pairs
             159 ops   and    3108 exclusive pairs
time:   3,    66 facts and     154 exclusive pairs
             214 ops   and    6716 exclusive pairs
time:   4,    92 facts and     478 exclusive pairs

creating thin gp-based encoding...
plan graph layer 0...
plan graph layer 1...
plan graph layer 2...
plan graph layer 3...
plan graph layer 4...
goal constraints...

goal fact not coded - level too low??


bb: parsing domain file
domain 'DEPOT' defined
 ... done.
bb: parsing problem file
problem 'DEPOTPROB8765' defined
 ... done.


time:   0,    34 facts and       0 exclusive pairs
              50 ops   and      58 exclusive pairs
time:   1,    52 facts and      62 exclusive pairs
             140 ops   and    2206 exclusive pairs
time:   2,    60 facts and     146 exclusive pairs
             159 ops   and    3108 exclusive pairs
time:   3,    66 facts and     154 exclusive pairs
             214 ops   and    6716 exclusive pairs
time:   4,    92 facts and     478 exclusive pairs
             320 ops   and   15977 exclusive pairs
time:   5,   148 facts and    2030 exclusive pairs

creating thin gp-based encoding...
plan graph layer 0...
plan graph layer 1...
plan graph layer 2...
plan graph layer 3...
plan graph layer 4...
plan graph layer 5...
goal constraints...

goal fact not coded - level too low??


bb: parsing domain file
domain 'DEPOT' defined
 ... done.
bb: parsing problem file
problem 'DEPOTPROB8765' defined
 ... done.


time:   0,    34 facts and       0 exclusive pairs
              50 ops   and      58 exclusive pairs
time:   1,    52 facts and      62 exclusive pairs
             140 ops   and    2206 exclusive pairs
time:   2,    60 facts and     146 exclusive pairs
             159 ops   and    3108 exclusive pairs
time:   3,    66 facts and     154 exclusive pairs
             214 ops   and    6716 exclusive pairs
time:   4,    92 facts and     478 exclusive pairs
             320 ops   and   15977 exclusive pairs
time:   5,   148 facts and    2030 exclusive pairs
             456 ops   and   31582 exclusive pairs
time:   6,   179 facts and    2864 exclusive pairs

creating thin gp-based encoding...
plan graph layer 0...
plan graph layer 1...
plan graph layer 2...
plan graph layer 3...
plan graph layer 4...
plan graph layer 5...
plan graph layer 6...
goal constraints...

goal fact not coded - level too low??


bb: parsing domain file
domain 'DEPOT' defined
 ... done.
bb: parsing problem file
problem 'DEPOTPROB8765' defined
 ... done.


time:   0,    34 facts and       0 exclusive pairs
              50 ops   and      58 exclusive pairs
time:   1,    52 facts and      62 exclusive pairs
             140 ops   and    2206 exclusive pairs
time:   2,    60 facts and     146 exclusive pairs
             159 ops   and    3108 exclusive pairs
time:   3,    66 facts and     154 exclusive pairs
             214 ops   and    6716 exclusive pairs
time:   4,    92 facts and     478 exclusive pairs
             320 ops   and   15977 exclusive pairs
time:   5,   148 facts and    2030 exclusive pairs
             456 ops   and   31582 exclusive pairs
time:   6,   179 facts and    2864 exclusive pairs
             675 ops   and   73748 exclusive pairs
time:   7,   229 facts and    4171 exclusive pairs

creating thin gp-based encoding...
plan graph layer 0...
plan graph layer 1...
plan graph layer 2...
plan graph layer 3...
plan graph layer 4...
plan graph layer 5...
plan graph layer 6...
plan graph layer 7...
goal constraints...

goal fact not coded - level too low??


bb: parsing domain file
domain 'DEPOT' defined
 ... done.
bb: parsing problem file
problem 'DEPOTPROB8765' defined
 ... done.


time:   0,    34 facts and       0 exclusive pairs
              50 ops   and      58 exclusive pairs
time:   1,    52 facts and      62 exclusive pairs
             140 ops   and    2206 exclusive pairs
time:   2,    60 facts and     146 exclusive pairs
             159 ops   and    3108 exclusive pairs
time:   3,    66 facts and     154 exclusive pairs
             214 ops   and    6716 exclusive pairs
time:   4,    92 facts and     478 exclusive pairs
             320 ops   and   15977 exclusive pairs
time:   5,   148 facts and    2030 exclusive pairs
             456 ops   and   31582 exclusive pairs
time:   6,   179 facts and    2864 exclusive pairs
             675 ops   and   73748 exclusive pairs
time:   7,   229 facts and    4171 exclusive pairs
             915 ops   and  136506 exclusive pairs
time:   8,   255 facts and    4976 exclusive pairs

creating thin gp-based encoding...
plan graph layer 0...
plan graph layer 1...
plan graph layer 2...
plan graph layer 3...
plan graph layer 4...
plan graph layer 5...
plan graph layer 6...
plan graph layer 7...
plan graph layer 8...
goal constraints...

goal fact not coded - level too low??


bb: parsing domain file
domain 'DEPOT' defined
 ... done.
bb: parsing problem file
problem 'DEPOTPROB8765' defined
 ... done.


time:   0,    34 facts and       0 exclusive pairs
              50 ops   and      58 exclusive pairs
time:   1,    52 facts and      62 exclusive pairs
             140 ops   and    2206 exclusive pairs
time:   2,    60 facts and     146 exclusive pairs
             159 ops   and    3108 exclusive pairs
time:   3,    66 facts and     154 exclusive pairs
             214 ops   and    6716 exclusive pairs
time:   4,    92 facts and     478 exclusive pairs
             320 ops   and   15977 exclusive pairs
time:   5,   148 facts and    2030 exclusive pairs
             456 ops   and   31582 exclusive pairs
time:   6,   179 facts and    2864 exclusive pairs
             675 ops   and   73748 exclusive pairs
time:   7,   229 facts and    4171 exclusive pairs
             915 ops   and  136506 exclusive pairs
time:   8,   255 facts and    4976 exclusive pairs
            1167 ops   and  222047 exclusive pairs
time:   9,   291 facts and    5509 exclusive pairs

creating thin gp-based encoding...
plan graph layer 0...
plan graph layer 1...
plan graph layer 2...
plan graph layer 3...
plan graph layer 4...
plan graph layer 5...
plan graph layer 6...
plan graph layer 7...
plan graph layer 8...
plan graph layer 9...
goal constraints...

goal fact not coded - level too low??


bb: parsing domain file
domain 'DEPOT' defined
 ... done.
bb: parsing problem file
problem 'DEPOTPROB8765' defined
 ... done.


time:   0,    34 facts and       0 exclusive pairs
              50 ops   and      58 exclusive pairs
time:   1,    52 facts and      62 exclusive pairs
             140 ops   and    2206 exclusive pairs
time:   2,    60 facts and     146 exclusive pairs
             159 ops   and    3108 exclusive pairs
time:   3,    66 facts and     154 exclusive pairs
             214 ops   and    6716 exclusive pairs
time:   4,    92 facts and     478 exclusive pairs
             320 ops   and   15977 exclusive pairs
time:   5,   148 facts and    2030 exclusive pairs
             456 ops   and   31582 exclusive pairs
time:   6,   179 facts and    2864 exclusive pairs
             675 ops   and   73748 exclusive pairs
time:   7,   229 facts and    4171 exclusive pairs
             915 ops   and  136506 exclusive pairs
time:   8,   255 facts and    4976 exclusive pairs
            1167 ops   and  222047 exclusive pairs
time:   9,   291 facts and    5509 exclusive pairs
            1411 ops   and  323324 exclusive pairs
time:  10,   308 facts and    6072 exclusive pairs

creating thin gp-based encoding...
plan graph layer 0...
plan graph layer 1...
plan graph layer 2...
plan graph layer 3...
plan graph layer 4...
plan graph layer 5...
plan graph layer 6...
plan graph layer 7...
plan graph layer 8...
plan graph layer 9...
plan graph layer 10...
goal constraints...

goal fact not coded - level too low??


bb: parsing domain file
domain 'DEPOT' defined
 ... done.
bb: parsing problem file
problem 'DEPOTPROB8765' defined
 ... done.


time:   0,    34 facts and       0 exclusive pairs
              50 ops   and      58 exclusive pairs
time:   1,    52 facts and      62 exclusive pairs
             140 ops   and    2206 exclusive pairs
time:   2,    60 facts and     146 exclusive pairs
             159 ops   and    3108 exclusive pairs
time:   3,    66 facts and     154 exclusive pairs
             214 ops   and    6716 exclusive pairs
time:   4,    92 facts and     478 exclusive pairs
             320 ops   and   15977 exclusive pairs
time:   5,   148 facts and    2030 exclusive pairs
             456 ops   and   31582 exclusive pairs
time:   6,   179 facts and    2864 exclusive pairs
             675 ops   and   73748 exclusive pairs
time:   7,   229 facts and    4171 exclusive pairs
             915 ops   and  136506 exclusive pairs
time:   8,   255 facts and    4976 exclusive pairs
            1167 ops   and  222047 exclusive pairs
time:   9,   291 facts and    5509 exclusive pairs
            1411 ops   and  323324 exclusive pairs
time:  10,   308 facts and    6072 exclusive pairs
            1594 ops   and  409653 exclusive pairs
time:  11,   324 facts and    5903 exclusive pairs

creating thin gp-based encoding...
plan graph layer 0...
plan graph layer 1...
plan graph layer 2...
plan graph layer 3...
plan graph layer 4...
plan graph layer 5...
plan graph layer 6...
plan graph layer 7...
plan graph layer 8...
plan graph layer 9...
plan graph layer 10...
plan graph layer 11...
goal constraints...
exclusion constraints layer 0...
exclusion constraints layer 1...
exclusion constraints layer 2...
exclusion constraints layer 3...
exclusion constraints layer 4...
exclusion constraints layer 5...
exclusion constraints layer 6...
exclusion constraints layer 7...
exclusion constraints layer 8...
exclusion constraints layer 9...
exclusion constraints layer 10...
exclusion constraints layer 11...

DECISION LAYER 11, WRITING THIN GP-BASED ENCODING WITH 9139 VARS, 599715 CLAUSES.

time spent:    0.00 seconds instantiating 13032 action templates
               0.00 seconds reachability analysis, yielding 346 facts and 1932 actions
               0.00 seconds collecting 334 relevant facts
               0.00 seconds building connectivity graph
               0.00 seconds building (std) graph
               0.26 seconds CNF output time
               0.26 seconds total planner time (solving not included)


***Solving***


[ filemap ]
[ extract ]

variables : 9139
pure lits : 348

1-clauses : 10
2-clauses : 597953
3-clauses : 557
n-clauses : 1195
discarded : 0

[ solve ]


unsatisfiable                             

[ stats ]

decisions : 0
conflicts : 1
time : ~0.01

***UNSAT***


bb: parsing domain file
domain 'DEPOT' defined
 ... done.
bb: parsing problem file
problem 'DEPOTPROB8765' defined
 ... done.


time:   0,    34 facts and       0 exclusive pairs
              50 ops   and      58 exclusive pairs
time:   1,    52 facts and      62 exclusive pairs
             140 ops   and    2206 exclusive pairs
time:   2,    60 facts and     146 exclusive pairs
             159 ops   and    3108 exclusive pairs
time:   3,    66 facts and     154 exclusive pairs
             214 ops   and    6716 exclusive pairs
time:   4,    92 facts and     478 exclusive pairs
             320 ops   and   15977 exclusive pairs
time:   5,   148 facts and    2030 exclusive pairs
             456 ops   and   31582 exclusive pairs
time:   6,   179 facts and    2864 exclusive pairs
             675 ops   and   73748 exclusive pairs
time:   7,   229 facts and    4171 exclusive pairs
             915 ops   and  136506 exclusive pairs
time:   8,   255 facts and    4976 exclusive pairs
            1167 ops   and  222047 exclusive pairs
time:   9,   291 facts and    5509 exclusive pairs
            1411 ops   and  323324 exclusive pairs
time:  10,   308 facts and    6072 exclusive pairs
            1594 ops   and  409653 exclusive pairs
time:  11,   324 facts and    5903 exclusive pairs
            1746 ops   and  490895 exclusive pairs
time:  12,   324 facts and    5580 exclusive pairs

creating thin gp-based encoding...
plan graph layer 0...
plan graph layer 1...
plan graph layer 2...
plan graph layer 3...
plan graph layer 4...
plan graph layer 5...
plan graph layer 6...
plan graph layer 7...
plan graph layer 8...
plan graph layer 9...
plan graph layer 10...
plan graph layer 11...
plan graph layer 12...
goal constraints...
exclusion constraints layer 0...
exclusion constraints layer 1...
exclusion constraints layer 2...
exclusion constraints layer 3...
exclusion constraints layer 4...
exclusion constraints layer 5...
exclusion constraints layer 6...
exclusion constraints layer 7...
exclusion constraints layer 8...
exclusion constraints layer 9...
exclusion constraints layer 10...
exclusion constraints layer 11...
exclusion constraints layer 12...

DECISION LAYER 12, WRITING THIN GP-BASED ENCODING WITH 11209 VARS, 875577 CLAUSES.

time spent:    0.00 seconds instantiating 13032 action templates
               0.00 seconds reachability analysis, yielding 346 facts and 1932 actions
               0.00 seconds collecting 334 relevant facts
               0.00 seconds building connectivity graph
               0.00 seconds building (std) graph
               0.36 seconds CNF output time
               0.36 seconds total planner time (solving not included)


***Solving***


[ filemap ]
[ extract ]

variables : 11209
pure lits : 348

1-clauses : 10
2-clauses : 873491
3-clauses : 626
n-clauses : 1450
discarded : 0

[ solve ]


unsatisfiable                             

[ stats ]

decisions : 0
conflicts : 1
time : ~0.01

***UNSAT***


bb: parsing domain file
domain 'DEPOT' defined
 ... done.
bb: parsing problem file
problem 'DEPOTPROB8765' defined
 ... done.


time:   0,    34 facts and       0 exclusive pairs
              50 ops   and      58 exclusive pairs
time:   1,    52 facts and      62 exclusive pairs
             140 ops   and    2206 exclusive pairs
time:   2,    60 facts and     146 exclusive pairs
             159 ops   and    3108 exclusive pairs
time:   3,    66 facts and     154 exclusive pairs
             214 ops   and    6716 exclusive pairs
time:   4,    92 facts and     478 exclusive pairs
             320 ops   and   15977 exclusive pairs
time:   5,   148 facts and    2030 exclusive pairs
             456 ops   and   31582 exclusive pairs
time:   6,   179 facts and    2864 exclusive pairs
             675 ops   and   73748 exclusive pairs
time:   7,   229 facts and    4171 exclusive pairs
             915 ops   and  136506 exclusive pairs
time:   8,   255 facts and    4976 exclusive pairs
            1167 ops   and  222047 exclusive pairs
time:   9,   291 facts and    5509 exclusive pairs
            1411 ops   and  323324 exclusive pairs
time:  10,   308 facts and    6072 exclusive pairs
            1594 ops   and  409653 exclusive pairs
time:  11,   324 facts and    5903 exclusive pairs
            1746 ops   and  490895 exclusive pairs
time:  12,   324 facts and    5580 exclusive pairs
            1791 ops   and  517992 exclusive pairs
time:  13,   324 facts and    5445 exclusive pairs

creating thin gp-based encoding...
plan graph layer 0...
plan graph layer 1...
plan graph layer 2...
plan graph layer 3...
plan graph layer 4...
plan graph layer 5...
plan graph layer 6...
plan graph layer 7...
plan graph layer 8...
plan graph layer 9...
plan graph layer 10...
plan graph layer 11...
plan graph layer 12...
plan graph layer 13...
goal constraints...
exclusion constraints layer 0...
exclusion constraints layer 1...
exclusion constraints layer 2...
exclusion constraints layer 3...
exclusion constraints layer 4...
exclusion constraints layer 5...
exclusion constraints layer 6...
exclusion constraints layer 7...
exclusion constraints layer 8...
exclusion constraints layer 9...
exclusion constraints layer 10...
exclusion constraints layer 11...
exclusion constraints layer 12...
exclusion constraints layer 13...

DECISION LAYER 13, WRITING THIN GP-BASED ENCODING WITH 13324 VARS, 1167954 CLAUSES.

time spent:    0.00 seconds instantiating 13032 action templates
               0.00 seconds reachability analysis, yielding 346 facts and 1932 actions
               0.00 seconds collecting 334 relevant facts
               0.00 seconds building connectivity graph
               0.00 seconds building (std) graph
               0.46 seconds CNF output time
               0.46 seconds total planner time (solving not included)


***Solving***


[ filemap ]
[ extract ]

variables : 13324
pure lits : 348

1-clauses : 10
2-clauses : 1165544
3-clauses : 686
n-clauses : 1714
discarded : 0

[ solve ]


unsatisfiable                             

[ stats ]

decisions : 1330
conflicts : 18
time : ~0.01

***UNSAT***


bb: parsing domain file
domain 'DEPOT' defined
 ... done.
bb: parsing problem file
problem 'DEPOTPROB8765' defined
 ... done.


time:   0,    34 facts and       0 exclusive pairs
              50 ops   and      58 exclusive pairs
time:   1,    52 facts and      62 exclusive pairs
             140 ops   and    2206 exclusive pairs
time:   2,    60 facts and     146 exclusive pairs
             159 ops   and    3108 exclusive pairs
time:   3,    66 facts and     154 exclusive pairs
             214 ops   and    6716 exclusive pairs
time:   4,    92 facts and     478 exclusive pairs
             320 ops   and   15977 exclusive pairs
time:   5,   148 facts and    2030 exclusive pairs
             456 ops   and   31582 exclusive pairs
time:   6,   179 facts and    2864 exclusive pairs
             675 ops   and   73748 exclusive pairs
time:   7,   229 facts and    4171 exclusive pairs
             915 ops   and  136506 exclusive pairs
time:   8,   255 facts and    4976 exclusive pairs
            1167 ops   and  222047 exclusive pairs
time:   9,   291 facts and    5509 exclusive pairs
            1411 ops   and  323324 exclusive pairs
time:  10,   308 facts and    6072 exclusive pairs
            1594 ops   and  409653 exclusive pairs
time:  11,   324 facts and    5903 exclusive pairs
            1746 ops   and  490895 exclusive pairs
time:  12,   324 facts and    5580 exclusive pairs
            1791 ops   and  517992 exclusive pairs
time:  13,   324 facts and    5445 exclusive pairs
graph has leveled off at time step 14


            1836 ops   and  548097 exclusive pairs
time:  14,   324 facts and    5445 exclusive pairs

creating thin gp-based encoding...
plan graph layer 0...
plan graph layer 1...
plan graph layer 2...
plan graph layer 3...
plan graph layer 4...
plan graph layer 5...
plan graph layer 6...
plan graph layer 7...
plan graph layer 8...
plan graph layer 9...
plan graph layer 10...
plan graph layer 11...
plan graph layer 12...
plan graph layer 13...
plan graph layer 14...
goal constraints...
exclusion constraints layer 0...
exclusion constraints layer 1...
exclusion constraints layer 2...
exclusion constraints layer 3...
exclusion constraints layer 4...
exclusion constraints layer 5...
exclusion constraints layer 6...
exclusion constraints layer 7...
exclusion constraints layer 8...
exclusion constraints layer 9...
exclusion constraints layer 10...
exclusion constraints layer 11...
exclusion constraints layer 12...
exclusion constraints layer 13...
exclusion constraints layer 14...

DECISION LAYER 14, WRITING THIN GP-BASED ENCODING WITH 15484 VARS, 1483551 CLAUSES.

time spent:    0.00 seconds instantiating 13032 action templates
               0.00 seconds reachability analysis, yielding 346 facts and 1932 actions
               0.00 seconds collecting 334 relevant facts
               0.00 seconds building connectivity graph
               0.00 seconds building (std) graph
               0.57 seconds CNF output time
               0.57 seconds total planner time (solving not included)


***Solving***


[ filemap ]
[ extract ]

variables : 15484
pure lits : 348

1-clauses : 10
2-clauses : 1480817
3-clauses : 746
n-clauses : 1978
discarded : 0

[ solve ]


unsatisfiable                             

[ stats ]

decisions : 3419
conflicts : 180
time : ~0.01

***UNSAT***


bb: parsing domain file
domain 'DEPOT' defined
 ... done.
bb: parsing problem file
problem 'DEPOTPROB8765' defined
 ... done.


time:   0,    34 facts and       0 exclusive pairs
              50 ops   and      58 exclusive pairs
time:   1,    52 facts and      62 exclusive pairs
             140 ops   and    2206 exclusive pairs
time:   2,    60 facts and     146 exclusive pairs
             159 ops   and    3108 exclusive pairs
time:   3,    66 facts and     154 exclusive pairs
             214 ops   and    6716 exclusive pairs
time:   4,    92 facts and     478 exclusive pairs
             320 ops   and   15977 exclusive pairs
time:   5,   148 facts and    2030 exclusive pairs
             456 ops   and   31582 exclusive pairs
time:   6,   179 facts and    2864 exclusive pairs
             675 ops   and   73748 exclusive pairs
time:   7,   229 facts and    4171 exclusive pairs
             915 ops   and  136506 exclusive pairs
time:   8,   255 facts and    4976 exclusive pairs
            1167 ops   and  222047 exclusive pairs
time:   9,   291 facts and    5509 exclusive pairs
            1411 ops   and  323324 exclusive pairs
time:  10,   308 facts and    6072 exclusive pairs
            1594 ops   and  409653 exclusive pairs
time:  11,   324 facts and    5903 exclusive pairs
            1746 ops   and  490895 exclusive pairs
time:  12,   324 facts and    5580 exclusive pairs
            1791 ops   and  517992 exclusive pairs
time:  13,   324 facts and    5445 exclusive pairs
graph has leveled off at time step 14


            1836 ops   and  548097 exclusive pairs
time:  14,   324 facts and    5445 exclusive pairs
            1836 ops   and  548097 exclusive pairs
time:  15,   324 facts and    5445 exclusive pairs

creating thin gp-based encoding...
plan graph layer 0...
plan graph layer 1...
plan graph layer 2...
plan graph layer 3...
plan graph layer 4...
plan graph layer 5...
plan graph layer 6...
plan graph layer 7...
plan graph layer 8...
plan graph layer 9...
plan graph layer 10...
plan graph layer 11...
plan graph layer 12...
plan graph layer 13...
plan graph layer 14...
plan graph layer 15...
goal constraints...
exclusion constraints layer 0...
exclusion constraints layer 1...
exclusion constraints layer 2...
exclusion constraints layer 3...
exclusion constraints layer 4...
exclusion constraints layer 5...
exclusion constraints layer 6...
exclusion constraints layer 7...
exclusion constraints layer 8...
exclusion constraints layer 9...
exclusion constraints layer 10...
exclusion constraints layer 11...
exclusion constraints layer 12...
exclusion constraints layer 13...
exclusion constraints layer 14...
exclusion constraints layer 15...

DECISION LAYER 15, WRITING THIN GP-BASED ENCODING WITH 17644 VARS, 1799148 CLAUSES.

time spent:    0.00 seconds instantiating 13032 action templates
               0.00 seconds reachability analysis, yielding 346 facts and 1932 actions
               0.00 seconds collecting 334 relevant facts
               0.00 seconds building connectivity graph
               0.00 seconds building (std) graph
               0.67 seconds CNF output time
               0.67 seconds total planner time (solving not included)


***Solving***


[ filemap ]
[ extract ]

variables : 17644
pure lits : 348

1-clauses : 10
2-clauses : 1796090
3-clauses : 806
n-clauses : 2242
discarded : 0

[ solve ]


unsatisfiable                             

[ stats ]

decisions : 42462
conflicts : 4250
time : ~0.318

***UNSAT***


bb: parsing domain file
domain 'DEPOT' defined
 ... done.
bb: parsing problem file
problem 'DEPOTPROB8765' defined
 ... done.


time:   0,    34 facts and       0 exclusive pairs
              50 ops   and      58 exclusive pairs
time:   1,    52 facts and      62 exclusive pairs
             140 ops   and    2206 exclusive pairs
time:   2,    60 facts and     146 exclusive pairs
             159 ops   and    3108 exclusive pairs
time:   3,    66 facts and     154 exclusive pairs
             214 ops   and    6716 exclusive pairs
time:   4,    92 facts and     478 exclusive pairs
             320 ops   and   15977 exclusive pairs
time:   5,   148 facts and    2030 exclusive pairs
             456 ops   and   31582 exclusive pairs
time:   6,   179 facts and    2864 exclusive pairs
             675 ops   and   73748 exclusive pairs
time:   7,   229 facts and    4171 exclusive pairs
             915 ops   and  136506 exclusive pairs
time:   8,   255 facts and    4976 exclusive pairs
            1167 ops   and  222047 exclusive pairs
time:   9,   291 facts and    5509 exclusive pairs
            1411 ops   and  323324 exclusive pairs
time:  10,   308 facts and    6072 exclusive pairs
            1594 ops   and  409653 exclusive pairs
time:  11,   324 facts and    5903 exclusive pairs
            1746 ops   and  490895 exclusive pairs
time:  12,   324 facts and    5580 exclusive pairs
            1791 ops   and  517992 exclusive pairs
time:  13,   324 facts and    5445 exclusive pairs
graph has leveled off at time step 14


            1836 ops   and  548097 exclusive pairs
time:  14,   324 facts and    5445 exclusive pairs
            1836 ops   and  548097 exclusive pairs
time:  15,   324 facts and    5445 exclusive pairs
            1836 ops   and  548097 exclusive pairs
time:  16,   324 facts and    5445 exclusive pairs

creating thin gp-based encoding...
plan graph layer 0...
plan graph layer 1...
plan graph layer 2...
plan graph layer 3...
plan graph layer 4...
plan graph layer 5...
plan graph layer 6...
plan graph layer 7...
plan graph layer 8...
plan graph layer 9...
plan graph layer 10...
plan graph layer 11...
plan graph layer 12...
plan graph layer 13...
plan graph layer 14...
plan graph layer 15...
plan graph layer 16...
goal constraints...
exclusion constraints layer 0...
exclusion constraints layer 1...
exclusion constraints layer 2...
exclusion constraints layer 3...
exclusion constraints layer 4...
exclusion constraints layer 5...
exclusion constraints layer 6...
exclusion constraints layer 7...
exclusion constraints layer 8...
exclusion constraints layer 9...
exclusion constraints layer 10...
exclusion constraints layer 11...
exclusion constraints layer 12...
exclusion constraints layer 13...
exclusion constraints layer 14...
exclusion constraints layer 15...
exclusion constraints layer 16...

DECISION LAYER 16, WRITING THIN GP-BASED ENCODING WITH 19804 VARS, 2114745 CLAUSES.

time spent:    0.00 seconds instantiating 13032 action templates
               0.00 seconds reachability analysis, yielding 346 facts and 1932 actions
               0.00 seconds collecting 334 relevant facts
               0.00 seconds building connectivity graph
               0.00 seconds building (std) graph
               0.76 seconds CNF output time
               0.76 seconds total planner time (solving not included)


***Solving***


[ filemap ]
[ extract ]

variables : 19804
pure lits : 348

1-clauses : 10
2-clauses : 2111363
3-clauses : 866
n-clauses : 2506
discarded : 0

[ solve ]


unsatisfiable                             

[ stats ]

decisions : 106636
conflicts : 25170
time : ~4.551

***UNSAT***


bb: parsing domain file
domain 'DEPOT' defined
 ... done.
bb: parsing problem file
problem 'DEPOTPROB8765' defined
 ... done.


time:   0,    34 facts and       0 exclusive pairs
              50 ops   and      58 exclusive pairs
time:   1,    52 facts and      62 exclusive pairs
             140 ops   and    2206 exclusive pairs
time:   2,    60 facts and     146 exclusive pairs
             159 ops   and    3108 exclusive pairs
time:   3,    66 facts and     154 exclusive pairs
             214 ops   and    6716 exclusive pairs
time:   4,    92 facts and     478 exclusive pairs
             320 ops   and   15977 exclusive pairs
time:   5,   148 facts and    2030 exclusive pairs
             456 ops   and   31582 exclusive pairs
time:   6,   179 facts and    2864 exclusive pairs
             675 ops   and   73748 exclusive pairs
time:   7,   229 facts and    4171 exclusive pairs
             915 ops   and  136506 exclusive pairs
time:   8,   255 facts and    4976 exclusive pairs
            1167 ops   and  222047 exclusive pairs
time:   9,   291 facts and    5509 exclusive pairs
            1411 ops   and  323324 exclusive pairs
time:  10,   308 facts and    6072 exclusive pairs
            1594 ops   and  409653 exclusive pairs
time:  11,   324 facts and    5903 exclusive pairs
            1746 ops   and  490895 exclusive pairs
time:  12,   324 facts and    5580 exclusive pairs
            1791 ops   and  517992 exclusive pairs
time:  13,   324 facts and    5445 exclusive pairs
graph has leveled off at time step 14


            1836 ops   and  548097 exclusive pairs
time:  14,   324 facts and    5445 exclusive pairs
            1836 ops   and  548097 exclusive pairs
time:  15,   324 facts and    5445 exclusive pairs
            1836 ops   and  548097 exclusive pairs
time:  16,   324 facts and    5445 exclusive pairs
            1836 ops   and  548097 exclusive pairs
time:  17,   324 facts and    5445 exclusive pairs

creating thin gp-based encoding...
plan graph layer 0...
plan graph layer 1...
plan graph layer 2...
plan graph layer 3...
plan graph layer 4...
plan graph layer 5...
plan graph layer 6...
plan graph layer 7...
plan graph layer 8...
plan graph layer 9...
plan graph layer 10...
plan graph layer 11...
plan graph layer 12...
plan graph layer 13...
plan graph layer 14...
plan graph layer 15...
plan graph layer 16...
plan graph layer 17...
goal constraints...
exclusion constraints layer 0...
exclusion constraints layer 1...
exclusion constraints layer 2...
exclusion constraints layer 3...
exclusion constraints layer 4...
exclusion constraints layer 5...
exclusion constraints layer 6...
exclusion constraints layer 7...
exclusion constraints layer 8...
exclusion constraints layer 9...
exclusion constraints layer 10...
exclusion constraints layer 11...
exclusion constraints layer 12...
exclusion constraints layer 13...
exclusion constraints layer 14...
exclusion constraints layer 15...
exclusion constraints layer 16...
exclusion constraints layer 17...

DECISION LAYER 17, WRITING THIN GP-BASED ENCODING WITH 21964 VARS, 2430342 CLAUSES.

time spent:    0.00 seconds instantiating 13032 action templates
               0.00 seconds reachability analysis, yielding 346 facts and 1932 actions
               0.00 seconds collecting 334 relevant facts
               0.00 seconds building connectivity graph
               0.00 seconds building (std) graph
               0.87 seconds CNF output time
               0.87 seconds total planner time (solving not included)


***Solving***


[ filemap ]
[ extract ]

variables : 21964
pure lits : 348

1-clauses : 10
2-clauses : 2426636
3-clauses : 926
n-clauses : 2770
discarded : 0

[ solve ]


unsatisfiable                             

[ stats ]

decisions : 244337
conflicts : 109828
time : ~36.204

***UNSAT***


bb: parsing domain file
domain 'DEPOT' defined
 ... done.
bb: parsing problem file
problem 'DEPOTPROB8765' defined
 ... done.


time:   0,    34 facts and       0 exclusive pairs
              50 ops   and      58 exclusive pairs
time:   1,    52 facts and      62 exclusive pairs
             140 ops   and    2206 exclusive pairs
time:   2,    60 facts and     146 exclusive pairs
             159 ops   and    3108 exclusive pairs
time:   3,    66 facts and     154 exclusive pairs
             214 ops   and    6716 exclusive pairs
time:   4,    92 facts and     478 exclusive pairs
             320 ops   and   15977 exclusive pairs
time:   5,   148 facts and    2030 exclusive pairs
             456 ops   and   31582 exclusive pairs
time:   6,   179 facts and    2864 exclusive pairs
             675 ops   and   73748 exclusive pairs
time:   7,   229 facts and    4171 exclusive pairs
             915 ops   and  136506 exclusive pairs
time:   8,   255 facts and    4976 exclusive pairs
            1167 ops   and  222047 exclusive pairs
time:   9,   291 facts and    5509 exclusive pairs
            1411 ops   and  323324 exclusive pairs
time:  10,   308 facts and    6072 exclusive pairs
            1594 ops   and  409653 exclusive pairs
time:  11,   324 facts and    5903 exclusive pairs
            1746 ops   and  490895 exclusive pairs
time:  12,   324 facts and    5580 exclusive pairs
            1791 ops   and  517992 exclusive pairs
time:  13,   324 facts and    5445 exclusive pairs
graph has leveled off at time step 14


            1836 ops   and  548097 exclusive pairs
time:  14,   324 facts and    5445 exclusive pairs
            1836 ops   and  548097 exclusive pairs
time:  15,   324 facts and    5445 exclusive pairs
            1836 ops   and  548097 exclusive pairs
time:  16,   324 facts and    5445 exclusive pairs
            1836 ops   and  548097 exclusive pairs
time:  17,   324 facts and    5445 exclusive pairs
            1836 ops   and  548097 exclusive pairs
time:  18,   324 facts and    5445 exclusive pairs

creating thin gp-based encoding...
plan graph layer 0...
plan graph layer 1...
plan graph layer 2...
plan graph layer 3...
plan graph layer 4...
plan graph layer 5...
plan graph layer 6...
plan graph layer 7...
plan graph layer 8...
plan graph layer 9...
plan graph layer 10...
plan graph layer 11...
plan graph layer 12...
plan graph layer 13...
plan graph layer 14...
plan graph layer 15...
plan graph layer 16...
plan graph layer 17...
plan graph layer 18...
goal constraints...
exclusion constraints layer 0...
exclusion constraints layer 1...
exclusion constraints layer 2...
exclusion constraints layer 3...
exclusion constraints layer 4...
exclusion constraints layer 5...
exclusion constraints layer 6...
exclusion constraints layer 7...
exclusion constraints layer 8...
exclusion constraints layer 9...
exclusion constraints layer 10...
exclusion constraints layer 11...
exclusion constraints layer 12...
exclusion constraints layer 13...
exclusion constraints layer 14...
exclusion constraints layer 15...
exclusion constraints layer 16...
exclusion constraints layer 17...
exclusion constraints layer 18...

DECISION LAYER 18, WRITING THIN GP-BASED ENCODING WITH 24124 VARS, 2745939 CLAUSES.

time spent:    0.00 seconds instantiating 13032 action templates
               0.00 seconds reachability analysis, yielding 346 facts and 1932 actions
               0.00 seconds collecting 334 relevant facts
               0.00 seconds building connectivity graph
               0.00 seconds building (std) graph
               0.98 seconds CNF output time
               0.98 seconds total planner time (solving not included)


***Solving***


[ filemap ]
[ extract ]

variables : 24124
pure lits : 348

1-clauses : 10
2-clauses : 2741909
3-clauses : 986
n-clauses : 3034
discarded : 0

[ solve ]


unsatisfiable                             

[ stats ]

decisions : 486465
conflicts : 255743
time : ~112.04

***UNSAT***


bb: parsing domain file
domain 'DEPOT' defined
 ... done.
bb: parsing problem file
problem 'DEPOTPROB8765' defined
 ... done.


time:   0,    34 facts and       0 exclusive pairs
              50 ops   and      58 exclusive pairs
time:   1,    52 facts and      62 exclusive pairs
             140 ops   and    2206 exclusive pairs
time:   2,    60 facts and     146 exclusive pairs
             159 ops   and    3108 exclusive pairs
time:   3,    66 facts and     154 exclusive pairs
             214 ops   and    6716 exclusive pairs
time:   4,    92 facts and     478 exclusive pairs
             320 ops   and   15977 exclusive pairs
time:   5,   148 facts and    2030 exclusive pairs
             456 ops   and   31582 exclusive pairs
time:   6,   179 facts and    2864 exclusive pairs
             675 ops   and   73748 exclusive pairs
time:   7,   229 facts and    4171 exclusive pairs
             915 ops   and  136506 exclusive pairs
time:   8,   255 facts and    4976 exclusive pairs
            1167 ops   and  222047 exclusive pairs
time:   9,   291 facts and    5509 exclusive pairs
            1411 ops   and  323324 exclusive pairs
time:  10,   308 facts and    6072 exclusive pairs
            1594 ops   and  409653 exclusive pairs
time:  11,   324 facts and    5903 exclusive pairs
            1746 ops   and  490895 exclusive pairs
time:  12,   324 facts and    5580 exclusive pairs
            1791 ops   and  517992 exclusive pairs
time:  13,   324 facts and    5445 exclusive pairs
graph has leveled off at time step 14


            1836 ops   and  548097 exclusive pairs
time:  14,   324 facts and    5445 exclusive pairs
            1836 ops   and  548097 exclusive pairs
time:  15,   324 facts and    5445 exclusive pairs
            1836 ops   and  548097 exclusive pairs
time:  16,   324 facts and    5445 exclusive pairs
            1836 ops   and  548097 exclusive pairs
time:  17,   324 facts and    5445 exclusive pairs
            1836 ops   and  548097 exclusive pairs
time:  18,   324 facts and    5445 exclusive pairs
            1836 ops   and  548097 exclusive pairs
time:  19,   324 facts and    5445 exclusive pairs

creating thin gp-based encoding...
plan graph layer 0...
plan graph layer 1...
plan graph layer 2...
plan graph layer 3...
plan graph layer 4...
plan graph layer 5...
plan graph layer 6...
plan graph layer 7...
plan graph layer 8...
plan graph layer 9...
plan graph layer 10...
plan graph layer 11...
plan graph layer 12...
plan graph layer 13...
plan graph layer 14...
plan graph layer 15...
plan graph layer 16...
plan graph layer 17...
plan graph layer 18...
plan graph layer 19...
goal constraints...
exclusion constraints layer 0...
exclusion constraints layer 1...
exclusion constraints layer 2...
exclusion constraints layer 3...
exclusion constraints layer 4...
exclusion constraints layer 5...
exclusion constraints layer 6...
exclusion constraints layer 7...
exclusion constraints layer 8...
exclusion constraints layer 9...
exclusion constraints layer 10...
exclusion constraints layer 11...
exclusion constraints layer 12...
exclusion constraints layer 13...
exclusion constraints layer 14...
exclusion constraints layer 15...
exclusion constraints layer 16...
exclusion constraints layer 17...
exclusion constraints layer 18...
exclusion constraints layer 19...

DECISION LAYER 19, WRITING THIN GP-BASED ENCODING WITH 26284 VARS, 3061536 CLAUSES.

time spent:    0.00 seconds instantiating 13032 action templates
               0.00 seconds reachability analysis, yielding 346 facts and 1932 actions
               0.00 seconds collecting 334 relevant facts
               0.00 seconds building connectivity graph
               0.00 seconds building (std) graph
               1.06 seconds CNF output time
               1.06 seconds total planner time (solving not included)


***Solving***


[ filemap ]
[ extract ]

variables : 26284
pure lits : 348

1-clauses : 10
2-clauses : 3057182
3-clauses : 1046
n-clauses : 3298
discarded : 0

[ solve ]

