---SatPlan Version: 1.1

bb: parsing domain file
domain 'DEPOT' defined
 ... done.
bb: parsing problem file
problem 'DEPOTPROB1935' defined
 ... done.


time:   0,    20 facts and       0 exclusive pairs
              29 ops   and      24 exclusive pairs
time:   1,    30 facts and      30 exclusive pairs

creating thin gp-based encoding...
plan graph layer 0...
plan graph layer 1...
goal constraints...

goal fact not coded - level too low??


bb: parsing domain file
domain 'DEPOT' defined
 ... done.
bb: parsing problem file
problem 'DEPOTPROB1935' defined
 ... done.


time:   0,    20 facts and       0 exclusive pairs
              29 ops   and      24 exclusive pairs
time:   1,    30 facts and      30 exclusive pairs
              60 ops   and     312 exclusive pairs
time:   2,    36 facts and      72 exclusive pairs

creating thin gp-based encoding...
plan graph layer 0...
plan graph layer 1...
plan graph layer 2...
goal constraints...

goal fact not coded - level too low??


bb: parsing domain file
domain 'DEPOT' defined
 ... done.
bb: parsing problem file
problem 'DEPOTPROB1935' defined
 ... done.


time:   0,    20 facts and       0 exclusive pairs
              29 ops   and      24 exclusive pairs
time:   1,    30 facts and      30 exclusive pairs
              60 ops   and     312 exclusive pairs
time:   2,    36 facts and      72 exclusive pairs
              74 ops   and     619 exclusive pairs
time:   3,    40 facts and      92 exclusive pairs

creating thin gp-based encoding...
plan graph layer 0...
plan graph layer 1...
plan graph layer 2...
plan graph layer 3...
goal constraints...

goal fact not coded - level too low??


bb: parsing domain file
domain 'DEPOT' defined
 ... done.
bb: parsing problem file
problem 'DEPOTPROB1935' defined
 ... done.


time:   0,    20 facts and       0 exclusive pairs
              29 ops   and      24 exclusive pairs
time:   1,    30 facts and      30 exclusive pairs
              60 ops   and     312 exclusive pairs
time:   2,    36 facts and      72 exclusive pairs
              74 ops   and     619 exclusive pairs
time:   3,    40 facts and      92 exclusive pairs
              96 ops   and    1317 exclusive pairs
time:   4,    50 facts and     198 exclusive pairs

creating thin gp-based encoding...
plan graph layer 0...
plan graph layer 1...
plan graph layer 2...
plan graph layer 3...
plan graph layer 4...
goal constraints...

goal fact not coded - level too low??


bb: parsing domain file
domain 'DEPOT' defined
 ... done.
bb: parsing problem file
problem 'DEPOTPROB1935' defined
 ... done.


time:   0,    20 facts and       0 exclusive pairs
              29 ops   and      24 exclusive pairs
time:   1,    30 facts and      30 exclusive pairs
              60 ops   and     312 exclusive pairs
time:   2,    36 facts and      72 exclusive pairs
              74 ops   and     619 exclusive pairs
time:   3,    40 facts and      92 exclusive pairs
              96 ops   and    1317 exclusive pairs
time:   4,    50 facts and     198 exclusive pairs
             135 ops   and    3200 exclusive pairs
time:   5,    70 facts and     562 exclusive pairs

creating thin gp-based encoding...
plan graph layer 0...
plan graph layer 1...
plan graph layer 2...
plan graph layer 3...
plan graph layer 4...
plan graph layer 5...
goal constraints...

goal fact not coded - level too low??


bb: parsing domain file
domain 'DEPOT' defined
 ... done.
bb: parsing problem file
problem 'DEPOTPROB1935' defined
 ... done.


time:   0,    20 facts and       0 exclusive pairs
              29 ops   and      24 exclusive pairs
time:   1,    30 facts and      30 exclusive pairs
              60 ops   and     312 exclusive pairs
time:   2,    36 facts and      72 exclusive pairs
              74 ops   and     619 exclusive pairs
time:   3,    40 facts and      92 exclusive pairs
              96 ops   and    1317 exclusive pairs
time:   4,    50 facts and     198 exclusive pairs
             135 ops   and    3200 exclusive pairs
time:   5,    70 facts and     562 exclusive pairs
             184 ops   and    6478 exclusive pairs
time:   6,    82 facts and     804 exclusive pairs

creating thin gp-based encoding...
plan graph layer 0...
plan graph layer 1...
plan graph layer 2...
plan graph layer 3...
plan graph layer 4...
plan graph layer 5...
plan graph layer 6...
goal constraints...

goal fact not coded - level too low??


bb: parsing domain file
domain 'DEPOT' defined
 ... done.
bb: parsing problem file
problem 'DEPOTPROB1935' defined
 ... done.


time:   0,    20 facts and       0 exclusive pairs
              29 ops   and      24 exclusive pairs
time:   1,    30 facts and      30 exclusive pairs
              60 ops   and     312 exclusive pairs
time:   2,    36 facts and      72 exclusive pairs
              74 ops   and     619 exclusive pairs
time:   3,    40 facts and      92 exclusive pairs
              96 ops   and    1317 exclusive pairs
time:   4,    50 facts and     198 exclusive pairs
             135 ops   and    3200 exclusive pairs
time:   5,    70 facts and     562 exclusive pairs
             184 ops   and    6478 exclusive pairs
time:   6,    82 facts and     804 exclusive pairs
             242 ops   and   12134 exclusive pairs
time:   7,    98 facts and    1035 exclusive pairs

creating thin gp-based encoding...
plan graph layer 0...
plan graph layer 1...
plan graph layer 2...
plan graph layer 3...
plan graph layer 4...
plan graph layer 5...
plan graph layer 6...
plan graph layer 7...
goal constraints...

goal fact not coded - level too low??


bb: parsing domain file
domain 'DEPOT' defined
 ... done.
bb: parsing problem file
problem 'DEPOTPROB1935' defined
 ... done.


time:   0,    20 facts and       0 exclusive pairs
              29 ops   and      24 exclusive pairs
time:   1,    30 facts and      30 exclusive pairs
              60 ops   and     312 exclusive pairs
time:   2,    36 facts and      72 exclusive pairs
              74 ops   and     619 exclusive pairs
time:   3,    40 facts and      92 exclusive pairs
              96 ops   and    1317 exclusive pairs
time:   4,    50 facts and     198 exclusive pairs
             135 ops   and    3200 exclusive pairs
time:   5,    70 facts and     562 exclusive pairs
             184 ops   and    6478 exclusive pairs
time:   6,    82 facts and     804 exclusive pairs
             242 ops   and   12134 exclusive pairs
time:   7,    98 facts and    1035 exclusive pairs
             303 ops   and   19369 exclusive pairs
time:   8,   105 facts and    1145 exclusive pairs

creating thin gp-based encoding...
plan graph layer 0...
plan graph layer 1...
plan graph layer 2...
plan graph layer 3...
plan graph layer 4...
plan graph layer 5...
plan graph layer 6...
plan graph layer 7...
plan graph layer 8...
goal constraints...

goal fact not coded - level too low??


bb: parsing domain file
domain 'DEPOT' defined
 ... done.
bb: parsing problem file
problem 'DEPOTPROB1935' defined
 ... done.


time:   0,    20 facts and       0 exclusive pairs
              29 ops   and      24 exclusive pairs
time:   1,    30 facts and      30 exclusive pairs
              60 ops   and     312 exclusive pairs
time:   2,    36 facts and      72 exclusive pairs
              74 ops   and     619 exclusive pairs
time:   3,    40 facts and      92 exclusive pairs
              96 ops   and    1317 exclusive pairs
time:   4,    50 facts and     198 exclusive pairs
             135 ops   and    3200 exclusive pairs
time:   5,    70 facts and     562 exclusive pairs
             184 ops   and    6478 exclusive pairs
time:   6,    82 facts and     804 exclusive pairs
             242 ops   and   12134 exclusive pairs
time:   7,    98 facts and    1035 exclusive pairs
             303 ops   and   19369 exclusive pairs
time:   8,   105 facts and    1145 exclusive pairs
             355 ops   and   27026 exclusive pairs
time:   9,   114 facts and    1176 exclusive pairs

creating thin gp-based encoding...
plan graph layer 0...
plan graph layer 1...
plan graph layer 2...
plan graph layer 3...
plan graph layer 4...
plan graph layer 5...
plan graph layer 6...
plan graph layer 7...
plan graph layer 8...
plan graph layer 9...
goal constraints...
exclusion constraints layer 0...
exclusion constraints layer 1...
exclusion constraints layer 2...
exclusion constraints layer 3...
exclusion constraints layer 4...
exclusion constraints layer 5...
exclusion constraints layer 6...
exclusion constraints layer 7...
exclusion constraints layer 8...
exclusion constraints layer 9...

DECISION LAYER 9, WRITING THIN GP-BASED ENCODING WITH 2123 VARS, 35276 CLAUSES.

time spent:    0.00 seconds instantiating 1206 action templates
               0.00 seconds reachability analysis, yielding 126 facts and 378 actions
               0.00 seconds collecting 120 relevant facts
               0.00 seconds building connectivity graph
               0.00 seconds building (std) graph
               0.00 seconds CNF output time
               0.00 seconds total planner time (solving not included)


***Solving***


[ filemap ]
[ extract ]

variables : 2123
pure lits : 128

1-clauses : 6
2-clauses : 34738
3-clauses : 205
n-clauses : 327
discarded : 0

[ solve ]


unsatisfiable                             

[ stats ]

decisions : 0
conflicts : 1
time : ~0.01

***UNSAT***


bb: parsing domain file
domain 'DEPOT' defined
 ... done.
bb: parsing problem file
problem 'DEPOTPROB1935' defined
 ... done.


time:   0,    20 facts and       0 exclusive pairs
              29 ops   and      24 exclusive pairs
time:   1,    30 facts and      30 exclusive pairs
              60 ops   and     312 exclusive pairs
time:   2,    36 facts and      72 exclusive pairs
              74 ops   and     619 exclusive pairs
time:   3,    40 facts and      92 exclusive pairs
              96 ops   and    1317 exclusive pairs
time:   4,    50 facts and     198 exclusive pairs
             135 ops   and    3200 exclusive pairs
time:   5,    70 facts and     562 exclusive pairs
             184 ops   and    6478 exclusive pairs
time:   6,    82 facts and     804 exclusive pairs
             242 ops   and   12134 exclusive pairs
time:   7,    98 facts and    1035 exclusive pairs
             303 ops   and   19369 exclusive pairs
time:   8,   105 facts and    1145 exclusive pairs
             355 ops   and   27026 exclusive pairs
time:   9,   114 facts and    1176 exclusive pairs
             397 ops   and   33675 exclusive pairs
time:  10,   114 facts and    1091 exclusive pairs

creating thin gp-based encoding...
plan graph layer 0...
plan graph layer 1...
plan graph layer 2...
plan graph layer 3...
plan graph layer 4...
plan graph layer 5...
plan graph layer 6...
plan graph layer 7...
plan graph layer 8...
plan graph layer 9...
plan graph layer 10...
goal constraints...
exclusion constraints layer 0...
exclusion constraints layer 1...
exclusion constraints layer 2...
exclusion constraints layer 3...
exclusion constraints layer 4...
exclusion constraints layer 5...
exclusion constraints layer 6...
exclusion constraints layer 7...
exclusion constraints layer 8...
exclusion constraints layer 9...
exclusion constraints layer 10...

DECISION LAYER 10, WRITING THIN GP-BASED ENCODING WITH 2634 VARS, 53099 CLAUSES.

time spent:    0.00 seconds instantiating 1206 action templates
               0.00 seconds reachability analysis, yielding 126 facts and 378 actions
               0.00 seconds collecting 120 relevant facts
               0.00 seconds building connectivity graph
               0.00 seconds building (std) graph
               0.01 seconds CNF output time
               0.01 seconds total planner time (solving not included)


***Solving***


[ filemap ]
[ extract ]

variables : 2634
pure lits : 128

1-clauses : 6
2-clauses : 52447
3-clauses : 228
n-clauses : 418
discarded : 0

[ solve ]


unsatisfiable                             

[ stats ]

decisions : 0
conflicts : 1
time : ~0.01

***UNSAT***


bb: parsing domain file
domain 'DEPOT' defined
 ... done.
bb: parsing problem file
problem 'DEPOTPROB1935' defined
 ... done.


time:   0,    20 facts and       0 exclusive pairs
              29 ops   and      24 exclusive pairs
time:   1,    30 facts and      30 exclusive pairs
              60 ops   and     312 exclusive pairs
time:   2,    36 facts and      72 exclusive pairs
              74 ops   and     619 exclusive pairs
time:   3,    40 facts and      92 exclusive pairs
              96 ops   and    1317 exclusive pairs
time:   4,    50 facts and     198 exclusive pairs
             135 ops   and    3200 exclusive pairs
time:   5,    70 facts and     562 exclusive pairs
             184 ops   and    6478 exclusive pairs
time:   6,    82 facts and     804 exclusive pairs
             242 ops   and   12134 exclusive pairs
time:   7,    98 facts and    1035 exclusive pairs
             303 ops   and   19369 exclusive pairs
time:   8,   105 facts and    1145 exclusive pairs
             355 ops   and   27026 exclusive pairs
time:   9,   114 facts and    1176 exclusive pairs
             397 ops   and   33675 exclusive pairs
time:  10,   114 facts and    1091 exclusive pairs
             410 ops   and   35994 exclusive pairs
time:  11,   114 facts and    1029 exclusive pairs

creating thin gp-based encoding...
plan graph layer 0...
plan graph layer 1...
plan graph layer 2...
plan graph layer 3...
plan graph layer 4...
plan graph layer 5...
plan graph layer 6...
plan graph layer 7...
plan graph layer 8...
plan graph layer 9...
plan graph layer 10...
plan graph layer 11...
goal constraints...
exclusion constraints layer 0...
exclusion constraints layer 1...
exclusion constraints layer 2...
exclusion constraints layer 3...
exclusion constraints layer 4...
exclusion constraints layer 5...
exclusion constraints layer 6...
exclusion constraints layer 7...
exclusion constraints layer 8...
exclusion constraints layer 9...
exclusion constraints layer 10...
exclusion constraints layer 11...

DECISION LAYER 11, WRITING THIN GP-BASED ENCODING WITH 3158 VARS, 72507 CLAUSES.

time spent:    0.00 seconds instantiating 1206 action templates
               0.00 seconds reachability analysis, yielding 126 facts and 378 actions
               0.00 seconds collecting 120 relevant facts
               0.00 seconds building connectivity graph
               0.00 seconds building (std) graph
               0.01 seconds CNF output time
               0.01 seconds total planner time (solving not included)


***Solving***


[ filemap ]
[ extract ]

variables : 3158
pure lits : 128

1-clauses : 6
2-clauses : 71741
3-clauses : 246
n-clauses : 514
discarded : 0

[ solve ]


unsatisfiable                             

[ stats ]

decisions : 1319
conflicts : 260
time : ~0.01

***UNSAT***


bb: parsing domain file
domain 'DEPOT' defined
 ... done.
bb: parsing problem file
problem 'DEPOTPROB1935' defined
 ... done.


time:   0,    20 facts and       0 exclusive pairs
              29 ops   and      24 exclusive pairs
time:   1,    30 facts and      30 exclusive pairs
              60 ops   and     312 exclusive pairs
time:   2,    36 facts and      72 exclusive pairs
              74 ops   and     619 exclusive pairs
time:   3,    40 facts and      92 exclusive pairs
              96 ops   and    1317 exclusive pairs
time:   4,    50 facts and     198 exclusive pairs
             135 ops   and    3200 exclusive pairs
time:   5,    70 facts and     562 exclusive pairs
             184 ops   and    6478 exclusive pairs
time:   6,    82 facts and     804 exclusive pairs
             242 ops   and   12134 exclusive pairs
time:   7,    98 facts and    1035 exclusive pairs
             303 ops   and   19369 exclusive pairs
time:   8,   105 facts and    1145 exclusive pairs
             355 ops   and   27026 exclusive pairs
time:   9,   114 facts and    1176 exclusive pairs
             397 ops   and   33675 exclusive pairs
time:  10,   114 facts and    1091 exclusive pairs
             410 ops   and   35994 exclusive pairs
time:  11,   114 facts and    1029 exclusive pairs
graph has leveled off at time step 12


             420 ops   and   38055 exclusive pairs
time:  12,   114 facts and    1029 exclusive pairs

creating thin gp-based encoding...
plan graph layer 0...
plan graph layer 1...
plan graph layer 2...
plan graph layer 3...
plan graph layer 4...
plan graph layer 5...
plan graph layer 6...
plan graph layer 7...
plan graph layer 8...
plan graph layer 9...
plan graph layer 10...
plan graph layer 11...
plan graph layer 12...
goal constraints...
exclusion constraints layer 0...
exclusion constraints layer 1...
exclusion constraints layer 2...
exclusion constraints layer 3...
exclusion constraints layer 4...
exclusion constraints layer 5...
exclusion constraints layer 6...
exclusion constraints layer 7...
exclusion constraints layer 8...
exclusion constraints layer 9...
exclusion constraints layer 10...
exclusion constraints layer 11...
exclusion constraints layer 12...

DECISION LAYER 12, WRITING THIN GP-BASED ENCODING WITH 3692 VARS, 93540 CLAUSES.

time spent:    0.00 seconds instantiating 1206 action templates
               0.00 seconds reachability analysis, yielding 126 facts and 378 actions
               0.00 seconds collecting 120 relevant facts
               0.00 seconds building connectivity graph
               0.00 seconds building (std) graph
               0.01 seconds CNF output time
               0.01 seconds total planner time (solving not included)


***Solving***


[ filemap ]
[ extract ]

variables : 3692
pure lits : 128

1-clauses : 6
2-clauses : 92660
3-clauses : 264
n-clauses : 610
discarded : 0

[ solve ]


satisfiable                             

[ stats ]

decisions : 3145
conflicts : 481
time : ~0.01


bb: parsing domain file
domain 'DEPOT' defined
 ... done.
bb: parsing problem file
problem 'DEPOTPROB1935' defined
 ... done.


time:   0,    20 facts and       0 exclusive pairs
              29 ops   and      24 exclusive pairs
time:   1,    30 facts and      30 exclusive pairs
              60 ops   and     312 exclusive pairs
time:   2,    36 facts and      72 exclusive pairs
              74 ops   and     619 exclusive pairs
time:   3,    40 facts and      92 exclusive pairs
              96 ops   and    1317 exclusive pairs
time:   4,    50 facts and     198 exclusive pairs
             135 ops   and    3200 exclusive pairs
time:   5,    70 facts and     562 exclusive pairs
             184 ops   and    6478 exclusive pairs
time:   6,    82 facts and     804 exclusive pairs
             242 ops   and   12134 exclusive pairs
time:   7,    98 facts and    1035 exclusive pairs
             303 ops   and   19369 exclusive pairs
time:   8,   105 facts and    1145 exclusive pairs
             355 ops   and   27026 exclusive pairs
time:   9,   114 facts and    1176 exclusive pairs
             397 ops   and   33675 exclusive pairs
time:  10,   114 facts and    1091 exclusive pairs
             410 ops   and   35994 exclusive pairs
time:  11,   114 facts and    1029 exclusive pairs
graph has leveled off at time step 12


             420 ops   and   38055 exclusive pairs
time:  12,   114 facts and    1029 exclusive pairs

creating thin gp-based encoding...
plan graph layer 0...
plan graph layer 1...
plan graph layer 2...
plan graph layer 3...
plan graph layer 4...
plan graph layer 5...
plan graph layer 6...
plan graph layer 7...
plan graph layer 8...
plan graph layer 9...
plan graph layer 10...
plan graph layer 11...
plan graph layer 12...
goal constraints...
exclusion constraints layer 0...
exclusion constraints layer 1...
exclusion constraints layer 2...
exclusion constraints layer 3...
exclusion constraints layer 4...
exclusion constraints layer 5...
exclusion constraints layer 6...
exclusion constraints layer 7...
exclusion constraints layer 8...
exclusion constraints layer 9...
exclusion constraints layer 10...
exclusion constraints layer 11...
exclusion constraints layer 12...

DECISION LAYER 12, WRITING THIN GP-BASED ENCODING WITH 3692 VARS, 93540 CLAUSES.

time spent:    0.00 seconds instantiating 1206 action templates
               0.00 seconds reachability analysis, yielding 126 facts and 378 actions
               0.00 seconds collecting 120 relevant facts
               0.00 seconds building connectivity graph
               0.00 seconds building (std) graph
               0.01 seconds CNF output time
               0.01 seconds total planner time (solving not included)

Pruned:  0: (DROP HOIST0 CRATE1 CRATE0 DEPOT0) [1]
Pruned:  0: (DROP HOIST0 CRATE1 CRATE0 DEPOT0) [1]
Pruned:  0: (DROP HOIST0 CRATE1 CRATE0 DEPOT0) [1]
Pruned:  0: (DROP HOIST0 CRATE1 CRATE0 DEPOT0) [1]
Pruned:  0: (DROP HOIST0 CRATE1 CRATE0 DEPOT0) [1]
Pruned:  0: (DROP HOIST0 CRATE1 CRATE0 DEPOT0) [1]
Pruned:  0: (DROP HOIST0 CRATE1 CRATE0 DEPOT0) [1]
Pruned:  0: (DROP HOIST0 CRATE1 CRATE0 DEPOT0) [1]
Pruned:  0: (DROP HOIST0 CRATE1 CRATE0 DEPOT0) [1]
Pruned:  0: (DROP HOIST0 CRATE1 CRATE0 DEPOT0) [1]
Pruned:  0: (DROP HOIST0 CRATE1 CRATE0 DEPOT0) [1]
Pruned:  0: (DROP HOIST0 CRATE1 CRATE0 DEPOT0) [1]
Pruned:  0: (DROP HOIST0 CRATE1 CRATE0 DEPOT0) [1]
Pruned:  0: (DROP HOIST0 CRATE1 CRATE0 DEPOT0) [1]
Pruned:  0: (DROP HOIST0 CRATE1 CRATE0 DEPOT0) [1]
Pruned:  0: (DROP HOIST0 CRATE1 CRATE0 DEPOT0) [1]
Pruned:  0: (DROP HOIST0 CRATE1 CRATE0 DEPOT0) [1]
Pruned:  0: (DROP HOIST0 CRATE1 CRATE0 DEPOT0) [1]
Pruned:  0: (DROP HOIST0 CRATE1 CRATE0 DEPOT0) [1]
Pruned:  0: (DROP HOIST0 CRATE1 CRATE0 DEPOT0) [1]
Pruned:  0: (DROP HOIST0 CRATE1 CRATE0 DEPOT0) [1]
Pruned:  0: (DROP HOIST0 CRATE1 CRATE0 DEPOT0) [1]
Pruned:  0: (DROP HOIST0 CRATE1 CRATE0 DEPOT0) [1]
Pruned:  0: (DROP HOIST0 CRATE1 CRATE0 DEPOT0) [1]
Pruned:  0: (DROP HOIST0 CRATE1 CRATE0 DEPOT0) [1]
Pruned:  0: (DROP HOIST0 CRATE1 CRATE0 DEPOT0) [1]
Pruned:  0: (DROP HOIST0 CRATE1 CRATE0 DEPOT0) [1]
Pruned:  0: (DROP HOIST0 CRATE1 CRATE0 DEPOT0) [1]
Pruned:  0: (DROP HOIST0 CRATE1 CRATE0 DEPOT0) [1]
Pruned:  0: (DROP HOIST0 CRATE1 CRATE0 DEPOT0) [1]
Pruned:  0: (DROP HOIST0 CRATE1 CRATE0 DEPOT0) [1]
Pruned:  0: (DROP HOIST0 CRATE1 CRATE0 DEPOT0) [1]
Pruned:  0: (DROP HOIST0 CRATE1 CRATE0 DEPOT0) [1]
Pruned:  0: (DROP HOIST0 CRATE1 CRATE0 DEPOT0) [1]
Pruned:  0: (DROP HOIST0 CRATE1 CRATE0 DEPOT0) [1]
Pruned:  0: (DROP HOIST0 CRATE1 CRATE0 DEPOT0) [1]
Pruned:  0: (DROP HOIST0 CRATE1 CRATE0 DEPOT0) [1]
Pruned:  0: (DROP HOIST0 CRATE1 CRATE0 DEPOT0) [1]
Pruned:  0: (DROP HOIST0 CRATE1 CRATE0 DEPOT0) [1]
Pruned:  0: (DROP HOIST0 CRATE1 CRATE0 DEPOT0) [1]
Pruned:  0: (DROP HOIST0 CRATE1 CRATE0 DEPOT0) [1]
Pruned:  0: (DROP HOIST0 CRATE1 CRATE0 DEPOT0) [1]
Pruned:  0: (DROP HOIST0 CRATE1 CRATE0 DEPOT0) [1]
Pruned:  0: (DROP HOIST0 CRATE1 CRATE0 DEPOT0) [1]
Pruned:  0: (DROP HOIST0 CRATE1 CRATE0 DEPOT0) [1]
Pruned:  0: (DROP HOIST0 CRATE1 CRATE0 DEPOT0) [1]
Pruned:  0: (DROP HOIST0 CRATE1 CRATE0 DEPOT0) [1]
Pruned:  0: (DROP HOIST0 CRATE1 CRATE0 DEPOT0) [1]
Pruned:  0: (DROP HOIST0 CRATE1 CRATE0 DEPOT0) [1]
Pruned:  0: (DROP HOIST0 CRATE1 CRATE0 DEPOT0) [1]
Pruned:  0: (DROP HOIST0 CRATE1 CRATE0 DEPOT0) [1]
Pruned:  0: (DROP HOIST0 CRATE1 CRATE0 DEPOT0) [1]
Pruned:  0: (DROP HOIST0 CRATE1 CRATE0 DEPOT0) [1]
Pruned:  0: (DROP HOIST0 CRATE1 CRATE0 DEPOT0) [1]
Pruned:  0: (DROP HOIST0 CRATE1 CRATE0 DEPOT0) [1]
Pruned:  0: (DROP HOIST0 CRATE1 CRATE0 DEPOT0) [1]
Pruned:  0: (DROP HOIST0 CRATE1 CRATE0 DEPOT0) [1]
Pruned:  0: (DROP HOIST0 CRATE1 CRATE0 DEPOT0) [1]
Pruned:  0: (DROP HOIST0 CRATE1 CRATE0 DEPOT0) [1]
Pruned:  0: (DROP HOIST0 CRATE1 CRATE0 DEPOT0) [1]
Pruned:  0: (DROP HOIST0 CRATE1 CRATE0 DEPOT0) [1]
Pruned:  0: (DROP HOIST0 CRATE1 CRATE0 DEPOT0) [1]
Pruned:  0: (DROP HOIST0 CRATE1 CRATE0 DEPOT0) [1]
Pruned:  0: (DROP HOIST0 CRATE1 CRATE0 DEPOT0) [1]
Pruned:  0: (DROP HOIST0 CRATE1 CRATE0 DEPOT0) [1]
Pruned:  0: (DROP HOIST0 CRATE1 CRATE0 DEPOT0) [1]
Pruned:  0: (DROP HOIST0 CRATE1 CRATE0 DEPOT0) [1]
Pruned:  0: (DROP HOIST0 CRATE1 CRATE0 DEPOT0) [1]
Pruned:  0: (DROP HOIST0 CRATE1 CRATE0 DEPOT0) [1]
Pruned:  0: (DROP HOIST0 CRATE1 CRATE0 DEPOT0) [1]
Pruned:  0: (DROP HOIST0 CRATE1 CRATE0 DEPOT0) [1]
Pruned:  0: (DROP HOIST0 CRATE1 CRATE0 DEPOT0) [1]
Pruned:  0: (DROP HOIST0 CRATE1 CRATE0 DEPOT0) [1]
Pruned:  0: (DROP HOIST0 CRATE1 CRATE0 DEPOT0) [1]
Pruned:  0: (DROP HOIST0 CRATE1 CRATE0 DEPOT0) [1]
Pruned:  0: (DROP HOIST0 CRATE1 CRATE0 DEPOT0) [1]
Pruned:  0: (DROP HOIST0 CRATE1 CRATE0 DEPOT0) [1]
Pruned:  0: (DROP HOIST0 CRATE1 CRATE0 DEPOT0) [1]
Pruned:  0: (DROP HOIST0 CRATE1 CRATE0 DEPOT0) [1]
Pruned:  0: (DROP HOIST0 CRATE1 CRATE0 DEPOT0) [1]
Pruned:  0: (DROP HOIST0 CRATE1 CRATE0 DEPOT0) [1]
Pruned:  0: (DROP HOIST0 CRATE1 CRATE0 DEPOT0) [1]
Pruned:  0: (DROP HOIST0 CRATE1 CRATE0 DEPOT0) [1]
Pruned:  0: (DROP HOIST0 CRATE1 CRATE0 DEPOT0) [1]
Pruned:  0: (DROP HOIST0 CRATE1 CRATE0 DEPOT0) [1]
Pruned:  0: (DROP HOIST0 CRATE1 CRATE0 DEPOT0) [1]
Pruned:  0: (DROP HOIST0 CRATE1 CRATE0 DEPOT0) [1]
Pruned:  0: (DROP HOIST0 CRATE1 CRATE0 DEPOT0) [1]
Pruned:  0: (DROP HOIST0 CRATE1 CRATE0 DEPOT0) [1]
Pruned:  0: (DROP HOIST0 CRATE1 CRATE0 DEPOT0) [1]
Pruned:  0: (DROP HOIST0 CRATE1 CRATE0 DEPOT0) [1]
Pruned:  0: (DROP HOIST0 CRATE1 CRATE0 DEPOT0) [1]
Pruned:  0: (DROP HOIST0 CRATE1 CRATE0 DEPOT0) [1]
Pruned:  0: (DROP HOIST0 CRATE1 CRATE0 DEPOT0) [1]
Pruned:  0: (DROP HOIST0 CRATE1 CRATE0 DEPOT0) [1]
Pruned:  0: (DROP HOIST0 CRATE1 CRATE0 DEPOT0) [1]
Pruned:  0: (DROP HOIST0 CRATE1 CRATE0 DEPOT0) [1]
Pruned:  0: (DROP HOIST0 CRATE1 CRATE0 DEPOT0) [1]
Pruned:  0: (DROP HOIST0 CRATE1 CRATE0 DEPOT0) [1]
Pruned:  0: (DROP HOIST0 CRATE1 CRATE0 DEPOT0) [1]
Pruned:  0: (DROP HOIST0 CRATE1 CRATE0 DEPOT0) [1]
Pruned:  0: (DROP HOIST0 CRATE1 CRATE0 DEPOT0) [1]
Pruned:  0: (DROP HOIST0 CRATE1 CRATE0 DEPOT0) [1]
Pruned:  0: (DROP HOIST0 CRATE1 CRATE0 DEPOT0) [1]
Pruned:  0: (DROP HOIST0 CRATE1 CRATE0 DEPOT0) [1]
Pruned:  0: (DROP HOIST0 CRATE1 CRATE0 DEPOT0) [1]
Pruned:  0: (DROP HOIST0 CRATE1 CRATE0 DEPOT0) [1]
Pruned:  0: (DROP HOIST0 CRATE1 CRATE0 DEPOT0) [1]
Pruned:  0: (DROP HOIST0 CRATE1 CRATE0 DEPOT0) [1]
Pruned:  0: (DROP HOIST0 CRATE1 CRATE0 DEPOT0) [1]
Pruned:  0: (DROP HOIST0 CRATE1 CRATE0 DEPOT0) [1]
Pruned:  0: (DROP HOIST0 CRATE1 CRATE0 DEPOT0) [1]
Pruned:  0: (DROP HOIST0 CRATE1 CRATE0 DEPOT0) [1]
Pruned:  0: (DROP HOIST0 CRATE1 CRATE0 DEPOT0) [1]
Pruned:  0: (DROP HOIST0 CRATE1 CRATE0 DEPOT0) [1]
Pruned:  0: (DROP HOIST0 CRATE1 CRATE0 DEPOT0) [1]
Pruned:  0: (DROP HOIST0 CRATE1 CRATE0 DEPOT0) [1]
Pruned:  0: (DROP HOIST0 CRATE1 CRATE0 DEPOT0) [1]
Pruned:  0: (DROP HOIST0 CRATE1 CRATE0 DEPOT0) [1]
Pruned:  0: (DROP HOIST0 CRATE1 CRATE0 DEPOT0) [1]
Pruned:  0: (DROP HOIST0 CRATE1 CRATE0 DEPOT0) [1]
Pruned:  0: (DROP HOIST0 CRATE1 CRATE0 DEPOT0) [1]
Pruned:  0: (DROP HOIST0 CRATE1 CRATE0 DEPOT0) [1]
Pruned:  0: (DROP HOIST0 CRATE1 CRATE0 DEPOT0) [1]
Pruned:  0: (DROP HOIST0 CRATE1 CRATE0 DEPOT0) [1]
Pruned:  0: (DROP HOIST0 CRATE1 CRATE0 DEPOT0) [1]
Pruned:  0: (DROP HOIST0 CRATE1 CRATE0 DEPOT0) [1]
Pruned:  0: (DROP HOIST0 CRATE1 CRATE0 DEPOT0) [1]
Pruned:  0: (DROP HOIST0 CRATE1 CRATE0 DEPOT0) [1]
Pruned:  0: (DROP HOIST0 CRATE1 CRATE0 DEPOT0) [1]
Pruned:  0: (DROP HOIST0 CRATE1 CRATE0 DEPOT0) [1]
Pruned:  0: (DROP HOIST0 CRATE1 CRATE0 DEPOT0) [1]
Pruned:  0: (DROP HOIST0 CRATE1 CRATE0 DEPOT0) [1]
Pruned:  0: (DROP HOIST0 CRATE1 CRATE0 DEPOT0) [1]
Pruned:  0: (DROP HOIST0 CRATE1 CRATE0 DEPOT0) [1]
Pruned:  0: (DROP HOIST0 CRATE1 CRATE0 DEPOT0) [1]
Pruned:  0: (DROP HOIST0 CRATE1 CRATE0 DEPOT0) [1]
Pruned:  0: (DROP HOIST0 CRATE1 CRATE0 DEPOT0) [1]
Pruned:  0: (DROP HOIST0 CRATE1 CRATE0 DEPOT0) [1]
Pruned:  0: (DROP HOIST0 CRATE1 CRATE0 DEPOT0) [1]
Pruned:  0: (DROP HOIST0 CRATE1 CRATE0 DEPOT0) [1]
Pruned:  0: (DROP HOIST0 CRATE1 CRATE0 DEPOT0) [1]
Pruned:  0: (DROP HOIST0 CRATE1 CRATE0 DEPOT0) [1]
Pruned:  0: (DROP HOIST0 CRATE1 CRATE0 DEPOT0) [1]
Pruned:  0: (DROP HOIST0 CRATE1 CRATE0 DEPOT0) [1]
Pruned:  0: (DROP HOIST0 CRATE1 CRATE0 DEPOT0) [1]
Pruned:  0: (DROP HOIST0 CRATE1 CRATE0 DEPOT0) [1]
Pruned:  0: (DROP HOIST0 CRATE1 CRATE0 DEPOT0) [1]
Pruned:  0: (DROP HOIST0 CRATE1 CRATE0 DEPOT0) [1]
Pruned:  0: (DROP HOIST0 CRATE1 CRATE0 DEPOT0) [1]
Pruned:  0: (DROP HOIST0 CRATE1 CRATE0 DEPOT0) [1]
Pruned:  0: (DROP HOIST0 CRATE1 CRATE0 DEPOT0) [1]
Pruned:  0: (DROP HOIST0 CRATE1 CRATE0 DEPOT0) [1]
Pruned:  0: (DROP HOIST0 CRATE1 CRATE0 DEPOT0) [1]
Pruned:  0: (DROP HOIST0 CRATE1 CRATE0 DEPOT0) [1]
Pruned:  0: (DROP HOIST0 CRATE1 CRATE0 DEPOT0) [1]
Pruned:  0: (DROP HOIST0 CRATE1 CRATE0 DEPOT0) [1]
Pruned:  0: (DROP HOIST0 CRATE1 CRATE0 DEPOT0) [1]
Pruned:  0: (DROP HOIST0 CRATE1 CRATE0 DEPOT0) [1]
Pruned:  0: (DROP HOIST0 CRATE1 CRATE0 DEPOT0) [1]
Pruned:  0: (DROP HOIST0 CRATE1 CRATE0 DEPOT0) [1]
Pruned:  0: (DROP HOIST0 CRATE1 CRATE0 DEPOT0) [1]
Pruned:  0: (DROP HOIST0 CRATE1 CRATE0 DEPOT0) [1]
Pruned:  0: (DROP HOIST0 CRATE1 CRATE0 DEPOT0) [1]
Pruned:  0: (DROP HOIST0 CRATE1 CRATE0 DEPOT0) [1]
Pruned:  0: (DROP HOIST0 CRATE1 CRATE0 DEPOT0) [1]
Pruned:  0: (DROP HOIST0 CRATE1 CRATE0 DEPOT0) [1]
Pruned:  0: (DROP HOIST0 CRATE1 CRATE0 DEPOT0) [1]
Pruned:  0: (DROP HOIST0 CRATE1 CRATE0 DEPOT0) [1]
Pruned:  0: (DROP HOIST0 CRATE1 CRATE0 DEPOT0) [1]
Pruned:  0: (DROP HOIST0 CRATE1 CRATE0 DEPOT0) [1]
Pruned:  0: (DROP HOIST0 CRATE1 CRATE0 DEPOT0) [1]
Pruned:  0: (DROP HOIST0 CRATE1 CRATE0 DEPOT0) [1]
Pruned:  0: (DROP HOIST0 CRATE1 CRATE0 DEPOT0) [1]
Pruned:  0: (DROP HOIST0 CRATE1 CRATE0 DEPOT0) [1]
Pruned:  0: (DROP HOIST0 CRATE1 CRATE0 DEPOT0) [1]
Pruned:  0: (DROP HOIST0 CRATE1 CRATE0 DEPOT0) [1]
Pruned:  0: (DROP HOIST0 CRATE1 CRATE0 DEPOT0) [1]
Pruned:  0: (DROP HOIST0 CRATE1 CRATE0 DEPOT0) [1]
Pruned:  0: (DROP HOIST0 CRATE1 CRATE0 DEPOT0) [1]
---SatPlan Version: 1.1
***SAT!***

Solved in 12 layers

Real Time: = 0.19
User Time: = 0.12
Syst Time: = 0.05

__MEMKB 5376
