---SatPlan Version: 1.1

bb: parsing domain file
domain 'DEPOT' defined
 ... done.
bb: parsing problem file
problem 'DEPOTPROB1818' defined
 ... done.


time:   0,    12 facts and       0 exclusive pairs
              20 ops   and      20 exclusive pairs
time:   1,    20 facts and      22 exclusive pairs

creating thin gp-based encoding...
plan graph layer 0...
plan graph layer 1...
goal constraints...

goal fact not coded - level too low??


bb: parsing domain file
domain 'DEPOT' defined
 ... done.
bb: parsing problem file
problem 'DEPOTPROB1818' defined
 ... done.


time:   0,    12 facts and       0 exclusive pairs
              20 ops   and      20 exclusive pairs
time:   1,    20 facts and      22 exclusive pairs
              46 ops   and     250 exclusive pairs
time:   2,    24 facts and      48 exclusive pairs

creating thin gp-based encoding...
plan graph layer 0...
plan graph layer 1...
plan graph layer 2...
goal constraints...

goal fact not coded - level too low??


bb: parsing domain file
domain 'DEPOT' defined
 ... done.
bb: parsing problem file
problem 'DEPOTPROB1818' defined
 ... done.


time:   0,    12 facts and       0 exclusive pairs
              20 ops   and      20 exclusive pairs
time:   1,    20 facts and      22 exclusive pairs
              46 ops   and     250 exclusive pairs
time:   2,    24 facts and      48 exclusive pairs
              54 ops   and     420 exclusive pairs
time:   3,    24 facts and      40 exclusive pairs

creating thin gp-based encoding...
plan graph layer 0...
plan graph layer 1...
plan graph layer 2...
plan graph layer 3...
goal constraints...

goal fact not coded - level too low??


bb: parsing domain file
domain 'DEPOT' defined
 ... done.
bb: parsing problem file
problem 'DEPOTPROB1818' defined
 ... done.


time:   0,    12 facts and       0 exclusive pairs
              20 ops   and      20 exclusive pairs
time:   1,    20 facts and      22 exclusive pairs
              46 ops   and     250 exclusive pairs
time:   2,    24 facts and      48 exclusive pairs
              54 ops   and     420 exclusive pairs
time:   3,    24 facts and      40 exclusive pairs
              62 ops   and     642 exclusive pairs
time:   4,    28 facts and      71 exclusive pairs

creating thin gp-based encoding...
plan graph layer 0...
plan graph layer 1...
plan graph layer 2...
plan graph layer 3...
plan graph layer 4...
goal constraints...

goal fact not coded - level too low??


bb: parsing domain file
domain 'DEPOT' defined
 ... done.
bb: parsing problem file
problem 'DEPOTPROB1818' defined
 ... done.


time:   0,    12 facts and       0 exclusive pairs
              20 ops   and      20 exclusive pairs
time:   1,    20 facts and      22 exclusive pairs
              46 ops   and     250 exclusive pairs
time:   2,    24 facts and      48 exclusive pairs
              54 ops   and     420 exclusive pairs
time:   3,    24 facts and      40 exclusive pairs
              62 ops   and     642 exclusive pairs
time:   4,    28 facts and      71 exclusive pairs
              80 ops   and    1265 exclusive pairs
time:   5,    38 facts and     200 exclusive pairs

creating thin gp-based encoding...
plan graph layer 0...
plan graph layer 1...
plan graph layer 2...
plan graph layer 3...
plan graph layer 4...
plan graph layer 5...
goal constraints...
exclusion constraints layer 0...
exclusion constraints layer 1...
exclusion constraints layer 2...
exclusion constraints layer 3...
exclusion constraints layer 4...
exclusion constraints layer 5...

DECISION LAYER 5, WRITING THIN GP-BASED ENCODING WITH 408 VARS, 1805 CLAUSES.

time spent:    0.00 seconds instantiating 270 action templates
               0.00 seconds reachability analysis, yielding 46 facts and 90 actions
               0.00 seconds collecting 40 relevant facts
               0.00 seconds building connectivity graph
               0.00 seconds building (std) graph
               0.00 seconds CNF output time
               0.00 seconds total planner time (solving not included)


***Solving***


[ filemap ]
[ extract ]

variables : 408
pure lits : 48

1-clauses : 2
2-clauses : 1706
3-clauses : 48
n-clauses : 49
discarded : 0

[ solve ]


satisfiable                             

[ stats ]

decisions : 44
conflicts : 1
time : ~0.01


bb: parsing domain file
domain 'DEPOT' defined
 ... done.
bb: parsing problem file
problem 'DEPOTPROB1818' defined
 ... done.


time:   0,    12 facts and       0 exclusive pairs
              20 ops   and      20 exclusive pairs
time:   1,    20 facts and      22 exclusive pairs
              46 ops   and     250 exclusive pairs
time:   2,    24 facts and      48 exclusive pairs
              54 ops   and     420 exclusive pairs
time:   3,    24 facts and      40 exclusive pairs
              62 ops   and     642 exclusive pairs
time:   4,    28 facts and      71 exclusive pairs
              80 ops   and    1265 exclusive pairs
time:   5,    38 facts and     200 exclusive pairs

creating thin gp-based encoding...
plan graph layer 0...
plan graph layer 1...
plan graph layer 2...
plan graph layer 3...
plan graph layer 4...
plan graph layer 5...
goal constraints...
exclusion constraints layer 0...
exclusion constraints layer 1...
exclusion constraints layer 2...
exclusion constraints layer 3...
exclusion constraints layer 4...
exclusion constraints layer 5...

DECISION LAYER 5, WRITING THIN GP-BASED ENCODING WITH 408 VARS, 1805 CLAUSES.

time spent:    0.00 seconds instantiating 270 action templates
               0.00 seconds reachability analysis, yielding 46 facts and 90 actions
               0.00 seconds collecting 40 relevant facts
               0.00 seconds building connectivity graph
               0.00 seconds building (std) graph
               0.00 seconds CNF output time
               0.00 seconds total planner time (solving not included)

Pruned:  0: (DROP HOIST0 CRATE1 CRATE0 DEPOT0) [1]
Pruned:  0: (DROP HOIST0 CRATE1 CRATE0 DEPOT0) [1]
Pruned:  0: (DROP HOIST0 CRATE1 CRATE0 DEPOT0) [1]
Pruned:  0: (DROP HOIST0 CRATE1 CRATE0 DEPOT0) [1]
Pruned:  0: (DROP HOIST0 CRATE1 CRATE0 DEPOT0) [1]
Pruned:  0: (DROP HOIST0 CRATE1 CRATE0 DEPOT0) [1]
Pruned:  0: (DROP HOIST0 CRATE1 CRATE0 DEPOT0) [1]
Pruned:  0: (DROP HOIST0 CRATE1 CRATE0 DEPOT0) [1]
Pruned:  0: (DROP HOIST0 CRATE1 CRATE0 DEPOT0) [1]
Pruned:  0: (DROP HOIST0 CRATE1 CRATE0 DEPOT0) [1]
Pruned:  0: (DROP HOIST0 CRATE1 CRATE0 DEPOT0) [1]
Pruned:  0: (DROP HOIST0 CRATE1 CRATE0 DEPOT0) [1]
Pruned:  0: (DROP HOIST0 CRATE1 CRATE0 DEPOT0) [1]
Pruned:  0: (DROP HOIST0 CRATE1 CRATE0 DEPOT0) [1]
Pruned:  0: (DROP HOIST0 CRATE1 CRATE0 DEPOT0) [1]
Pruned:  0: (DROP HOIST0 CRATE1 CRATE0 DEPOT0) [1]
Pruned:  0: (DROP HOIST0 CRATE1 CRATE0 DEPOT0) [1]
Pruned:  0: (DROP HOIST0 CRATE1 CRATE0 DEPOT0) [1]
Pruned:  0: (DROP HOIST0 CRATE1 CRATE0 DEPOT0) [1]
Pruned:  0: (DROP HOIST0 CRATE1 CRATE0 DEPOT0) [1]
Pruned:  0: (DROP HOIST0 CRATE1 CRATE0 DEPOT0) [1]
Pruned:  0: (DROP HOIST0 CRATE1 CRATE0 DEPOT0) [1]
Pruned:  0: (DROP HOIST0 CRATE1 CRATE0 DEPOT0) [1]
Pruned:  0: (DROP HOIST0 CRATE1 CRATE0 DEPOT0) [1]
Pruned:  0: (DROP HOIST0 CRATE1 CRATE0 DEPOT0) [1]
Pruned:  0: (DROP HOIST0 CRATE1 CRATE0 DEPOT0) [1]
Pruned:  0: (DROP HOIST0 CRATE1 CRATE0 DEPOT0) [1]
Pruned:  0: (DROP HOIST0 CRATE1 CRATE0 DEPOT0) [1]
Pruned:  0: (DROP HOIST0 CRATE1 CRATE0 DEPOT0) [1]
Pruned:  0: (DROP HOIST0 CRATE1 CRATE0 DEPOT0) [1]
Pruned:  0: (DROP HOIST0 CRATE1 CRATE0 DEPOT0) [1]
Pruned:  0: (DROP HOIST0 CRATE1 CRATE0 DEPOT0) [1]
Pruned:  0: (DROP HOIST0 CRATE1 CRATE0 DEPOT0) [1]
Pruned:  0: (DROP HOIST0 CRATE1 CRATE0 DEPOT0) [1]
Pruned:  0: (DROP HOIST0 CRATE1 CRATE0 DEPOT0) [1]
Pruned:  0: (DROP HOIST0 CRATE1 CRATE0 DEPOT0) [1]
Pruned:  0: (DROP HOIST0 CRATE1 CRATE0 DEPOT0) [1]
Pruned:  0: (DROP HOIST0 CRATE1 CRATE0 DEPOT0) [1]
Pruned:  0: (DROP HOIST0 CRATE1 CRATE0 DEPOT0) [1]
Pruned:  0: (DROP HOIST0 CRATE1 CRATE0 DEPOT0) [1]
Pruned:  0: (DROP HOIST0 CRATE1 CRATE0 DEPOT0) [1]
Pruned:  0: (DROP HOIST0 CRATE1 CRATE0 DEPOT0) [1]
Pruned:  0: (DROP HOIST0 CRATE1 CRATE0 DEPOT0) [1]
---SatPlan Version: 1.1
***SAT!***

Solved in 5 layers

Real Time: = 0.02
User Time: = 0
Syst Time: = 0

__MEMKB 1920
