---SatPlan Version: 1.1

bb: parsing domain file
domain 'DEPOT' defined
 ... done.
bb: parsing problem file
problem 'DEPOTPROB9876' defined
 ... done.


time:   0,    44 facts and       0 exclusive pairs
              60 ops   and      58 exclusive pairs
time:   1,    62 facts and      62 exclusive pairs

creating thin gp-based encoding...
plan graph layer 0...
plan graph layer 1...
goal constraints...

goal fact not coded - level too low??


bb: parsing domain file
domain 'DEPOT' defined
 ... done.
bb: parsing problem file
problem 'DEPOTPROB9876' defined
 ... done.


time:   0,    44 facts and       0 exclusive pairs
              60 ops   and      58 exclusive pairs
time:   1,    62 facts and      62 exclusive pairs
             150 ops   and    2206 exclusive pairs
time:   2,    70 facts and     146 exclusive pairs

creating thin gp-based encoding...
plan graph layer 0...
plan graph layer 1...
plan graph layer 2...
goal constraints...

goal fact not coded - level too low??


bb: parsing domain file
domain 'DEPOT' defined
 ... done.
bb: parsing problem file
problem 'DEPOTPROB9876' defined
 ... done.


time:   0,    44 facts and       0 exclusive pairs
              60 ops   and      58 exclusive pairs
time:   1,    62 facts and      62 exclusive pairs
             150 ops   and    2206 exclusive pairs
time:   2,    70 facts and     146 exclusive pairs
             170 ops   and    3122 exclusive pairs
time:   3,    78 facts and     170 exclusive pairs

creating thin gp-based encoding...
plan graph layer 0...
plan graph layer 1...
plan graph layer 2...
plan graph layer 3...
goal constraints...

goal fact not coded - level too low??


bb: parsing domain file
domain 'DEPOT' defined
 ... done.
bb: parsing problem file
problem 'DEPOTPROB9876' defined
 ... done.


time:   0,    44 facts and       0 exclusive pairs
              60 ops   and      58 exclusive pairs
time:   1,    62 facts and      62 exclusive pairs
             150 ops   and    2206 exclusive pairs
time:   2,    70 facts and     146 exclusive pairs
             170 ops   and    3122 exclusive pairs
time:   3,    78 facts and     170 exclusive pairs
             230 ops   and    6982 exclusive pairs
time:   4,   106 facts and     538 exclusive pairs

creating thin gp-based encoding...
plan graph layer 0...
plan graph layer 1...
plan graph layer 2...
plan graph layer 3...
plan graph layer 4...
goal constraints...

goal fact not coded - level too low??


bb: parsing domain file
domain 'DEPOT' defined
 ... done.
bb: parsing problem file
problem 'DEPOTPROB9876' defined
 ... done.


time:   0,    44 facts and       0 exclusive pairs
              60 ops   and      58 exclusive pairs
time:   1,    62 facts and      62 exclusive pairs
             150 ops   and    2206 exclusive pairs
time:   2,    70 facts and     146 exclusive pairs
             170 ops   and    3122 exclusive pairs
time:   3,    78 facts and     170 exclusive pairs
             230 ops   and    6982 exclusive pairs
time:   4,   106 facts and     538 exclusive pairs
             340 ops   and   16866 exclusive pairs
time:   5,   162 facts and    2100 exclusive pairs

creating thin gp-based encoding...
plan graph layer 0...
plan graph layer 1...
plan graph layer 2...
plan graph layer 3...
plan graph layer 4...
plan graph layer 5...
goal constraints...

goal fact not coded - level too low??


bb: parsing domain file
domain 'DEPOT' defined
 ... done.
bb: parsing problem file
problem 'DEPOTPROB9876' defined
 ... done.


time:   0,    44 facts and       0 exclusive pairs
              60 ops   and      58 exclusive pairs
time:   1,    62 facts and      62 exclusive pairs
             150 ops   and    2206 exclusive pairs
time:   2,    70 facts and     146 exclusive pairs
             170 ops   and    3122 exclusive pairs
time:   3,    78 facts and     170 exclusive pairs
             230 ops   and    6982 exclusive pairs
time:   4,   106 facts and     538 exclusive pairs
             340 ops   and   16866 exclusive pairs
time:   5,   162 facts and    2100 exclusive pairs
             490 ops   and   34966 exclusive pairs
time:   6,   202 facts and    3250 exclusive pairs

creating thin gp-based encoding...
plan graph layer 0...
plan graph layer 1...
plan graph layer 2...
plan graph layer 3...
plan graph layer 4...
plan graph layer 5...
plan graph layer 6...
goal constraints...

goal fact not coded - level too low??


bb: parsing domain file
domain 'DEPOT' defined
 ... done.
bb: parsing problem file
problem 'DEPOTPROB9876' defined
 ... done.


time:   0,    44 facts and       0 exclusive pairs
              60 ops   and      58 exclusive pairs
time:   1,    62 facts and      62 exclusive pairs
             150 ops   and    2206 exclusive pairs
time:   2,    70 facts and     146 exclusive pairs
             170 ops   and    3122 exclusive pairs
time:   3,    78 facts and     170 exclusive pairs
             230 ops   and    6982 exclusive pairs
time:   4,   106 facts and     538 exclusive pairs
             340 ops   and   16866 exclusive pairs
time:   5,   162 facts and    2100 exclusive pairs
             490 ops   and   34966 exclusive pairs
time:   6,   202 facts and    3250 exclusive pairs
             764 ops   and   90438 exclusive pairs
time:   7,   274 facts and    5680 exclusive pairs

creating thin gp-based encoding...
plan graph layer 0...
plan graph layer 1...
plan graph layer 2...
plan graph layer 3...
plan graph layer 4...
plan graph layer 5...
plan graph layer 6...
plan graph layer 7...
goal constraints...

goal fact not coded - level too low??


bb: parsing domain file
domain 'DEPOT' defined
 ... done.
bb: parsing problem file
problem 'DEPOTPROB9876' defined
 ... done.


time:   0,    44 facts and       0 exclusive pairs
              60 ops   and      58 exclusive pairs
time:   1,    62 facts and      62 exclusive pairs
             150 ops   and    2206 exclusive pairs
time:   2,    70 facts and     146 exclusive pairs
             170 ops   and    3122 exclusive pairs
time:   3,    78 facts and     170 exclusive pairs
             230 ops   and    6982 exclusive pairs
time:   4,   106 facts and     538 exclusive pairs
             340 ops   and   16866 exclusive pairs
time:   5,   162 facts and    2100 exclusive pairs
             490 ops   and   34966 exclusive pairs
time:   6,   202 facts and    3250 exclusive pairs
             764 ops   and   90438 exclusive pairs
time:   7,   274 facts and    5680 exclusive pairs
            1066 ops   and  176322 exclusive pairs
time:   8,   304 facts and    6614 exclusive pairs

creating thin gp-based encoding...
plan graph layer 0...
plan graph layer 1...
plan graph layer 2...
plan graph layer 3...
plan graph layer 4...
plan graph layer 5...
plan graph layer 6...
plan graph layer 7...
plan graph layer 8...
goal constraints...

goal fact not coded - level too low??


bb: parsing domain file
domain 'DEPOT' defined
 ... done.
bb: parsing problem file
problem 'DEPOTPROB9876' defined
 ... done.


time:   0,    44 facts and       0 exclusive pairs
              60 ops   and      58 exclusive pairs
time:   1,    62 facts and      62 exclusive pairs
             150 ops   and    2206 exclusive pairs
time:   2,    70 facts and     146 exclusive pairs
             170 ops   and    3122 exclusive pairs
time:   3,    78 facts and     170 exclusive pairs
             230 ops   and    6982 exclusive pairs
time:   4,   106 facts and     538 exclusive pairs
             340 ops   and   16866 exclusive pairs
time:   5,   162 facts and    2100 exclusive pairs
             490 ops   and   34966 exclusive pairs
time:   6,   202 facts and    3250 exclusive pairs
             764 ops   and   90438 exclusive pairs
time:   7,   274 facts and    5680 exclusive pairs
            1066 ops   and  176322 exclusive pairs
time:   8,   304 facts and    6614 exclusive pairs
            1391 ops   and  302479 exclusive pairs
time:   9,   344 facts and    6889 exclusive pairs

creating thin gp-based encoding...
plan graph layer 0...
plan graph layer 1...
plan graph layer 2...
plan graph layer 3...
plan graph layer 4...
plan graph layer 5...
plan graph layer 6...
plan graph layer 7...
plan graph layer 8...
plan graph layer 9...
goal constraints...

goal fact not coded - level too low??


bb: parsing domain file
domain 'DEPOT' defined
 ... done.
bb: parsing problem file
problem 'DEPOTPROB9876' defined
 ... done.


time:   0,    44 facts and       0 exclusive pairs
              60 ops   and      58 exclusive pairs
time:   1,    62 facts and      62 exclusive pairs
             150 ops   and    2206 exclusive pairs
time:   2,    70 facts and     146 exclusive pairs
             170 ops   and    3122 exclusive pairs
time:   3,    78 facts and     170 exclusive pairs
             230 ops   and    6982 exclusive pairs
time:   4,   106 facts and     538 exclusive pairs
             340 ops   and   16866 exclusive pairs
time:   5,   162 facts and    2100 exclusive pairs
             490 ops   and   34966 exclusive pairs
time:   6,   202 facts and    3250 exclusive pairs
             764 ops   and   90438 exclusive pairs
time:   7,   274 facts and    5680 exclusive pairs
            1066 ops   and  176322 exclusive pairs
time:   8,   304 facts and    6614 exclusive pairs
            1391 ops   and  302479 exclusive pairs
time:   9,   344 facts and    6889 exclusive pairs
            1728 ops   and  465628 exclusive pairs
time:  10,   382 facts and    8909 exclusive pairs

creating thin gp-based encoding...
plan graph layer 0...
plan graph layer 1...
plan graph layer 2...
plan graph layer 3...
plan graph layer 4...
plan graph layer 5...
plan graph layer 6...
plan graph layer 7...
plan graph layer 8...
plan graph layer 9...
plan graph layer 10...
goal constraints...

goal fact not coded - level too low??


bb: parsing domain file
domain 'DEPOT' defined
 ... done.
bb: parsing problem file
problem 'DEPOTPROB9876' defined
 ... done.


time:   0,    44 facts and       0 exclusive pairs
              60 ops   and      58 exclusive pairs
time:   1,    62 facts and      62 exclusive pairs
             150 ops   and    2206 exclusive pairs
time:   2,    70 facts and     146 exclusive pairs
             170 ops   and    3122 exclusive pairs
time:   3,    78 facts and     170 exclusive pairs
             230 ops   and    6982 exclusive pairs
time:   4,   106 facts and     538 exclusive pairs
             340 ops   and   16866 exclusive pairs
time:   5,   162 facts and    2100 exclusive pairs
             490 ops   and   34966 exclusive pairs
time:   6,   202 facts and    3250 exclusive pairs
             764 ops   and   90438 exclusive pairs
time:   7,   274 facts and    5680 exclusive pairs
            1066 ops   and  176322 exclusive pairs
time:   8,   304 facts and    6614 exclusive pairs
            1391 ops   and  302479 exclusive pairs
time:   9,   344 facts and    6889 exclusive pairs
            1728 ops   and  465628 exclusive pairs
time:  10,   382 facts and    8909 exclusive pairs
            2044 ops   and  637284 exclusive pairs
time:  11,   423 facts and    9463 exclusive pairs

creating thin gp-based encoding...
plan graph layer 0...
plan graph layer 1...
plan graph layer 2...
plan graph layer 3...
plan graph layer 4...
plan graph layer 5...
plan graph layer 6...
plan graph layer 7...
plan graph layer 8...
plan graph layer 9...
plan graph layer 10...
plan graph layer 11...
goal constraints...

goal fact not coded - level too low??


bb: parsing domain file
domain 'DEPOT' defined
 ... done.
bb: parsing problem file
problem 'DEPOTPROB9876' defined
 ... done.


time:   0,    44 facts and       0 exclusive pairs
              60 ops   and      58 exclusive pairs
time:   1,    62 facts and      62 exclusive pairs
             150 ops   and    2206 exclusive pairs
time:   2,    70 facts and     146 exclusive pairs
             170 ops   and    3122 exclusive pairs
time:   3,    78 facts and     170 exclusive pairs
             230 ops   and    6982 exclusive pairs
time:   4,   106 facts and     538 exclusive pairs
             340 ops   and   16866 exclusive pairs
time:   5,   162 facts and    2100 exclusive pairs
             490 ops   and   34966 exclusive pairs
time:   6,   202 facts and    3250 exclusive pairs
             764 ops   and   90438 exclusive pairs
time:   7,   274 facts and    5680 exclusive pairs
            1066 ops   and  176322 exclusive pairs
time:   8,   304 facts and    6614 exclusive pairs
            1391 ops   and  302479 exclusive pairs
time:   9,   344 facts and    6889 exclusive pairs
            1728 ops   and  465628 exclusive pairs
time:  10,   382 facts and    8909 exclusive pairs
            2044 ops   and  637284 exclusive pairs
time:  11,   423 facts and    9463 exclusive pairs
            2340 ops   and  819905 exclusive pairs
time:  12,   453 facts and   10905 exclusive pairs

creating thin gp-based encoding...
plan graph layer 0...
plan graph layer 1...
plan graph layer 2...
plan graph layer 3...
plan graph layer 4...
plan graph layer 5...
plan graph layer 6...
plan graph layer 7...
plan graph layer 8...
plan graph layer 9...
plan graph layer 10...
plan graph layer 11...
plan graph layer 12...
goal constraints...

goal fact not coded - level too low??


bb: parsing domain file
domain 'DEPOT' defined
 ... done.
bb: parsing problem file
problem 'DEPOTPROB9876' defined
 ... done.


time:   0,    44 facts and       0 exclusive pairs
              60 ops   and      58 exclusive pairs
time:   1,    62 facts and      62 exclusive pairs
             150 ops   and    2206 exclusive pairs
time:   2,    70 facts and     146 exclusive pairs
             170 ops   and    3122 exclusive pairs
time:   3,    78 facts and     170 exclusive pairs
             230 ops   and    6982 exclusive pairs
time:   4,   106 facts and     538 exclusive pairs
             340 ops   and   16866 exclusive pairs
time:   5,   162 facts and    2100 exclusive pairs
             490 ops   and   34966 exclusive pairs
time:   6,   202 facts and    3250 exclusive pairs
             764 ops   and   90438 exclusive pairs
time:   7,   274 facts and    5680 exclusive pairs
            1066 ops   and  176322 exclusive pairs
time:   8,   304 facts and    6614 exclusive pairs
            1391 ops   and  302479 exclusive pairs
time:   9,   344 facts and    6889 exclusive pairs
            1728 ops   and  465628 exclusive pairs
time:  10,   382 facts and    8909 exclusive pairs
            2044 ops   and  637284 exclusive pairs
time:  11,   423 facts and    9463 exclusive pairs
            2340 ops   and  819905 exclusive pairs
time:  12,   453 facts and   10905 exclusive pairs
            2591 ops   and  994222 exclusive pairs
time:  13,   475 facts and   10680 exclusive pairs

creating thin gp-based encoding...
plan graph layer 0...
plan graph layer 1...
plan graph layer 2...
plan graph layer 3...
plan graph layer 4...
plan graph layer 5...
plan graph layer 6...
plan graph layer 7...
plan graph layer 8...
plan graph layer 9...
plan graph layer 10...
plan graph layer 11...
plan graph layer 12...
plan graph layer 13...
goal constraints...

goal fact not coded - level too low??


bb: parsing domain file
domain 'DEPOT' defined
 ... done.
bb: parsing problem file
problem 'DEPOTPROB9876' defined
 ... done.


time:   0,    44 facts and       0 exclusive pairs
              60 ops   and      58 exclusive pairs
time:   1,    62 facts and      62 exclusive pairs
             150 ops   and    2206 exclusive pairs
time:   2,    70 facts and     146 exclusive pairs
             170 ops   and    3122 exclusive pairs
time:   3,    78 facts and     170 exclusive pairs
             230 ops   and    6982 exclusive pairs
time:   4,   106 facts and     538 exclusive pairs
             340 ops   and   16866 exclusive pairs
time:   5,   162 facts and    2100 exclusive pairs
             490 ops   and   34966 exclusive pairs
time:   6,   202 facts and    3250 exclusive pairs
             764 ops   and   90438 exclusive pairs
time:   7,   274 facts and    5680 exclusive pairs
            1066 ops   and  176322 exclusive pairs
time:   8,   304 facts and    6614 exclusive pairs
            1391 ops   and  302479 exclusive pairs
time:   9,   344 facts and    6889 exclusive pairs
            1728 ops   and  465628 exclusive pairs
time:  10,   382 facts and    8909 exclusive pairs
            2044 ops   and  637284 exclusive pairs
time:  11,   423 facts and    9463 exclusive pairs
            2340 ops   and  819905 exclusive pairs
time:  12,   453 facts and   10905 exclusive pairs
            2591 ops   and  994222 exclusive pairs
time:  13,   475 facts and   10680 exclusive pairs
            2838 ops   and 1180981 exclusive pairs
time:  14,   509 facts and   12842 exclusive pairs

creating thin gp-based encoding...
plan graph layer 0...
plan graph layer 1...
plan graph layer 2...
plan graph layer 3...
plan graph layer 4...
plan graph layer 5...
plan graph layer 6...
plan graph layer 7...
plan graph layer 8...
plan graph layer 9...
plan graph layer 10...
plan graph layer 11...
plan graph layer 12...
plan graph layer 13...
plan graph layer 14...
goal constraints...

goal fact not coded - level too low??


bb: parsing domain file
domain 'DEPOT' defined
 ... done.
bb: parsing problem file
problem 'DEPOTPROB9876' defined
 ... done.


time:   0,    44 facts and       0 exclusive pairs
              60 ops   and      58 exclusive pairs
time:   1,    62 facts and      62 exclusive pairs
             150 ops   and    2206 exclusive pairs
time:   2,    70 facts and     146 exclusive pairs
             170 ops   and    3122 exclusive pairs
time:   3,    78 facts and     170 exclusive pairs
             230 ops   and    6982 exclusive pairs
time:   4,   106 facts and     538 exclusive pairs
             340 ops   and   16866 exclusive pairs
time:   5,   162 facts and    2100 exclusive pairs
             490 ops   and   34966 exclusive pairs
time:   6,   202 facts and    3250 exclusive pairs
             764 ops   and   90438 exclusive pairs
time:   7,   274 facts and    5680 exclusive pairs
            1066 ops   and  176322 exclusive pairs
time:   8,   304 facts and    6614 exclusive pairs
            1391 ops   and  302479 exclusive pairs
time:   9,   344 facts and    6889 exclusive pairs
            1728 ops   and  465628 exclusive pairs
time:  10,   382 facts and    8909 exclusive pairs
            2044 ops   and  637284 exclusive pairs
time:  11,   423 facts and    9463 exclusive pairs
            2340 ops   and  819905 exclusive pairs
time:  12,   453 facts and   10905 exclusive pairs
            2591 ops   and  994222 exclusive pairs
time:  13,   475 facts and   10680 exclusive pairs
            2838 ops   and 1180981 exclusive pairs
time:  14,   509 facts and   12842 exclusive pairs
            3042 ops   and 1339194 exclusive pairs
time:  15,   520 facts and   12029 exclusive pairs

creating thin gp-based encoding...
plan graph layer 0...
plan graph layer 1...
plan graph layer 2...
plan graph layer 3...
plan graph layer 4...
plan graph layer 5...
plan graph layer 6...
plan graph layer 7...
plan graph layer 8...
plan graph layer 9...
plan graph layer 10...
plan graph layer 11...
plan graph layer 12...
plan graph layer 13...
plan graph layer 14...
plan graph layer 15...
goal constraints...

goal fact not coded - level too low??


bb: parsing domain file
domain 'DEPOT' defined
 ... done.
bb: parsing problem file
problem 'DEPOTPROB9876' defined
 ... done.


time:   0,    44 facts and       0 exclusive pairs
              60 ops   and      58 exclusive pairs
time:   1,    62 facts and      62 exclusive pairs
             150 ops   and    2206 exclusive pairs
time:   2,    70 facts and     146 exclusive pairs
             170 ops   and    3122 exclusive pairs
time:   3,    78 facts and     170 exclusive pairs
             230 ops   and    6982 exclusive pairs
time:   4,   106 facts and     538 exclusive pairs
             340 ops   and   16866 exclusive pairs
time:   5,   162 facts and    2100 exclusive pairs
             490 ops   and   34966 exclusive pairs
time:   6,   202 facts and    3250 exclusive pairs
             764 ops   and   90438 exclusive pairs
time:   7,   274 facts and    5680 exclusive pairs
            1066 ops   and  176322 exclusive pairs
time:   8,   304 facts and    6614 exclusive pairs
            1391 ops   and  302479 exclusive pairs
time:   9,   344 facts and    6889 exclusive pairs
            1728 ops   and  465628 exclusive pairs
time:  10,   382 facts and    8909 exclusive pairs
            2044 ops   and  637284 exclusive pairs
time:  11,   423 facts and    9463 exclusive pairs
            2340 ops   and  819905 exclusive pairs
time:  12,   453 facts and   10905 exclusive pairs
            2591 ops   and  994222 exclusive pairs
time:  13,   475 facts and   10680 exclusive pairs
            2838 ops   and 1180981 exclusive pairs
time:  14,   509 facts and   12842 exclusive pairs
            3042 ops   and 1339194 exclusive pairs
time:  15,   520 facts and   12029 exclusive pairs
            3208 ops   and 1477468 exclusive pairs
time:  16,   539 facts and   12735 exclusive pairs

creating thin gp-based encoding...
plan graph layer 0...
plan graph layer 1...
plan graph layer 2...
plan graph layer 3...
plan graph layer 4...
plan graph layer 5...
plan graph layer 6...
plan graph layer 7...
plan graph layer 8...
plan graph layer 9...
plan graph layer 10...
plan graph layer 11...
plan graph layer 12...
plan graph layer 13...
plan graph layer 14...
plan graph layer 15...
plan graph layer 16...
goal constraints...

goal fact not coded - level too low??


bb: parsing domain file
domain 'DEPOT' defined
 ... done.
bb: parsing problem file
problem 'DEPOTPROB9876' defined
 ... done.


time:   0,    44 facts and       0 exclusive pairs
              60 ops   and      58 exclusive pairs
time:   1,    62 facts and      62 exclusive pairs
             150 ops   and    2206 exclusive pairs
time:   2,    70 facts and     146 exclusive pairs
             170 ops   and    3122 exclusive pairs
time:   3,    78 facts and     170 exclusive pairs
             230 ops   and    6982 exclusive pairs
time:   4,   106 facts and     538 exclusive pairs
             340 ops   and   16866 exclusive pairs
time:   5,   162 facts and    2100 exclusive pairs
             490 ops   and   34966 exclusive pairs
time:   6,   202 facts and    3250 exclusive pairs
             764 ops   and   90438 exclusive pairs
time:   7,   274 facts and    5680 exclusive pairs
            1066 ops   and  176322 exclusive pairs
time:   8,   304 facts and    6614 exclusive pairs
            1391 ops   and  302479 exclusive pairs
time:   9,   344 facts and    6889 exclusive pairs
            1728 ops   and  465628 exclusive pairs
time:  10,   382 facts and    8909 exclusive pairs
            2044 ops   and  637284 exclusive pairs
time:  11,   423 facts and    9463 exclusive pairs
            2340 ops   and  819905 exclusive pairs
time:  12,   453 facts and   10905 exclusive pairs
            2591 ops   and  994222 exclusive pairs
time:  13,   475 facts and   10680 exclusive pairs
            2838 ops   and 1180981 exclusive pairs
time:  14,   509 facts and   12842 exclusive pairs
            3042 ops   and 1339194 exclusive pairs
time:  15,   520 facts and   12029 exclusive pairs
            3208 ops   and 1477468 exclusive pairs
time:  16,   539 facts and   12735 exclusive pairs
            3391 ops   and 1637852 exclusive pairs
time:  17,   549 facts and   12561 exclusive pairs

creating thin gp-based encoding...
plan graph layer 0...
plan graph layer 1...
plan graph layer 2...
plan graph layer 3...
plan graph layer 4...
plan graph layer 5...
plan graph layer 6...
plan graph layer 7...
plan graph layer 8...
plan graph layer 9...
plan graph layer 10...
plan graph layer 11...
plan graph layer 12...
plan graph layer 13...
plan graph layer 14...
plan graph layer 15...
plan graph layer 16...
plan graph layer 17...
goal constraints...
exclusion constraints layer 0...
exclusion constraints layer 1...
exclusion constraints layer 2...
exclusion constraints layer 3...
exclusion constraints layer 4...
exclusion constraints layer 5...
exclusion constraints layer 6...
exclusion constraints layer 7...
exclusion constraints layer 8...
exclusion constraints layer 9...
exclusion constraints layer 10...
exclusion constraints layer 11...
exclusion constraints layer 12...
exclusion constraints layer 13...
exclusion constraints layer 14...
exclusion constraints layer 15...
exclusion constraints layer 16...
exclusion constraints layer 17...

DECISION LAYER 17, WRITING THIN GP-BASED ENCODING WITH 31339 VARS, 5316604 CLAUSES.

time spent:    0.00 seconds instantiating 24912 action templates
               0.00 seconds reachability analysis, yielding 576 facts and 3762 actions
               0.00 seconds collecting 564 relevant facts
               0.00 seconds building connectivity graph
               0.00 seconds building (std) graph
               2.76 seconds CNF output time
               2.76 seconds total planner time (solving not included)


***Solving***


[ filemap ]
[ extract ]

variables : 31339
pure lits : 582

1-clauses : 11
2-clauses : 5311629
3-clauses : 1294
n-clauses : 3670
discarded : 0

[ solve ]


unsatisfiable                             

[ stats ]

decisions : 0
conflicts : 1
time : ~0.01

***UNSAT***


bb: parsing domain file
domain 'DEPOT' defined
 ... done.
bb: parsing problem file
problem 'DEPOTPROB9876' defined
 ... done.


time:   0,    44 facts and       0 exclusive pairs
              60 ops   and      58 exclusive pairs
time:   1,    62 facts and      62 exclusive pairs
             150 ops   and    2206 exclusive pairs
time:   2,    70 facts and     146 exclusive pairs
             170 ops   and    3122 exclusive pairs
time:   3,    78 facts and     170 exclusive pairs
             230 ops   and    6982 exclusive pairs
time:   4,   106 facts and     538 exclusive pairs
             340 ops   and   16866 exclusive pairs
time:   5,   162 facts and    2100 exclusive pairs
             490 ops   and   34966 exclusive pairs
time:   6,   202 facts and    3250 exclusive pairs
             764 ops   and   90438 exclusive pairs
time:   7,   274 facts and    5680 exclusive pairs
            1066 ops   and  176322 exclusive pairs
time:   8,   304 facts and    6614 exclusive pairs
            1391 ops   and  302479 exclusive pairs
time:   9,   344 facts and    6889 exclusive pairs
            1728 ops   and  465628 exclusive pairs
time:  10,   382 facts and    8909 exclusive pairs
            2044 ops   and  637284 exclusive pairs
time:  11,   423 facts and    9463 exclusive pairs
            2340 ops   and  819905 exclusive pairs
time:  12,   453 facts and   10905 exclusive pairs
            2591 ops   and  994222 exclusive pairs
time:  13,   475 facts and   10680 exclusive pairs
            2838 ops   and 1180981 exclusive pairs
time:  14,   509 facts and   12842 exclusive pairs
            3042 ops   and 1339194 exclusive pairs
time:  15,   520 facts and   12029 exclusive pairs
            3208 ops   and 1477468 exclusive pairs
time:  16,   539 facts and   12735 exclusive pairs
            3391 ops   and 1637852 exclusive pairs
time:  17,   549 facts and   12561 exclusive pairs
            3541 ops   and 1783009 exclusive pairs
time:  18,   549 facts and   12225 exclusive pairs

creating thin gp-based encoding...
plan graph layer 0...
plan graph layer 1...
plan graph layer 2...
plan graph layer 3...
plan graph layer 4...
plan graph layer 5...
plan graph layer 6...
plan graph layer 7...
plan graph layer 8...
plan graph layer 9...
plan graph layer 10...
plan graph layer 11...
plan graph layer 12...
plan graph layer 13...
plan graph layer 14...
plan graph layer 15...
plan graph layer 16...
plan graph layer 17...
plan graph layer 18...
goal constraints...
exclusion constraints layer 0...
exclusion constraints layer 1...
exclusion constraints layer 2...
exclusion constraints layer 3...
exclusion constraints layer 4...
exclusion constraints layer 5...
exclusion constraints layer 6...
exclusion constraints layer 7...
exclusion constraints layer 8...
exclusion constraints layer 9...
exclusion constraints layer 10...
exclusion constraints layer 11...
exclusion constraints layer 12...
exclusion constraints layer 13...
exclusion constraints layer 14...
exclusion constraints layer 15...
exclusion constraints layer 16...
exclusion constraints layer 17...
exclusion constraints layer 18...

DECISION LAYER 18, WRITING THIN GP-BASED ENCODING WITH 35429 VARS, 6421886 CLAUSES.

time spent:    0.00 seconds instantiating 24912 action templates
               0.00 seconds reachability analysis, yielding 576 facts and 3762 actions
               0.00 seconds collecting 564 relevant facts
               0.00 seconds building connectivity graph
               0.00 seconds building (std) graph
               3.31 seconds CNF output time
               3.31 seconds total planner time (solving not included)


***Solving***


[ filemap ]
[ extract ]

variables : 35429
pure lits : 582

1-clauses : 11
2-clauses : 6416362
3-clauses : 1398
n-clauses : 4115
discarded : 0

[ solve ]


unsatisfiable                             

[ stats ]

decisions : 0
conflicts : 1
time : ~0.01

***UNSAT***


bb: parsing domain file
domain 'DEPOT' defined
 ... done.
bb: parsing problem file
problem 'DEPOTPROB9876' defined
 ... done.


time:   0,    44 facts and       0 exclusive pairs
              60 ops   and      58 exclusive pairs
time:   1,    62 facts and      62 exclusive pairs
             150 ops   and    2206 exclusive pairs
time:   2,    70 facts and     146 exclusive pairs
             170 ops   and    3122 exclusive pairs
time:   3,    78 facts and     170 exclusive pairs
             230 ops   and    6982 exclusive pairs
time:   4,   106 facts and     538 exclusive pairs
             340 ops   and   16866 exclusive pairs
time:   5,   162 facts and    2100 exclusive pairs
             490 ops   and   34966 exclusive pairs
time:   6,   202 facts and    3250 exclusive pairs
             764 ops   and   90438 exclusive pairs
time:   7,   274 facts and    5680 exclusive pairs
            1066 ops   and  176322 exclusive pairs
time:   8,   304 facts and    6614 exclusive pairs
            1391 ops   and  302479 exclusive pairs
time:   9,   344 facts and    6889 exclusive pairs
            1728 ops   and  465628 exclusive pairs
time:  10,   382 facts and    8909 exclusive pairs
            2044 ops   and  637284 exclusive pairs
time:  11,   423 facts and    9463 exclusive pairs
            2340 ops   and  819905 exclusive pairs
time:  12,   453 facts and   10905 exclusive pairs
            2591 ops   and  994222 exclusive pairs
time:  13,   475 facts and   10680 exclusive pairs
            2838 ops   and 1180981 exclusive pairs
time:  14,   509 facts and   12842 exclusive pairs
            3042 ops   and 1339194 exclusive pairs
time:  15,   520 facts and   12029 exclusive pairs
            3208 ops   and 1477468 exclusive pairs
time:  16,   539 facts and   12735 exclusive pairs
            3391 ops   and 1637852 exclusive pairs
time:  17,   549 facts and   12561 exclusive pairs
            3541 ops   and 1783009 exclusive pairs
time:  18,   549 facts and   12225 exclusive pairs
            3611 ops   and 1856292 exclusive pairs
time:  19,   549 facts and   12015 exclusive pairs

creating thin gp-based encoding...
plan graph layer 0...
plan graph layer 1...
plan graph layer 2...
plan graph layer 3...
plan graph layer 4...
plan graph layer 5...
plan graph layer 6...
plan graph layer 7...
plan graph layer 8...
plan graph layer 9...
plan graph layer 10...
plan graph layer 11...
plan graph layer 12...
plan graph layer 13...
plan graph layer 14...
plan graph layer 15...
plan graph layer 16...
plan graph layer 17...
plan graph layer 18...
plan graph layer 19...
goal constraints...
exclusion constraints layer 0...
exclusion constraints layer 1...
exclusion constraints layer 2...
exclusion constraints layer 3...
exclusion constraints layer 4...
exclusion constraints layer 5...
exclusion constraints layer 6...
exclusion constraints layer 7...
exclusion constraints layer 8...
exclusion constraints layer 9...
exclusion constraints layer 10...
exclusion constraints layer 11...
exclusion constraints layer 12...
exclusion constraints layer 13...
exclusion constraints layer 14...
exclusion constraints layer 15...
exclusion constraints layer 16...
exclusion constraints layer 17...
exclusion constraints layer 18...
exclusion constraints layer 19...

DECISION LAYER 19, WRITING THIN GP-BASED ENCODING WITH 39589 VARS, 7571583 CLAUSES.

time spent:    0.00 seconds instantiating 24912 action templates
               0.00 seconds reachability analysis, yielding 576 facts and 3762 actions
               0.00 seconds collecting 564 relevant facts
               0.00 seconds building connectivity graph
               0.00 seconds building (std) graph
               3.85 seconds CNF output time
               3.85 seconds total planner time (solving not included)


***Solving***


[ filemap ]
[ extract ]

variables : 39589
pure lits : 582

1-clauses : 11
2-clauses : 7565510
3-clauses : 1488
n-clauses : 4574
discarded : 0

[ solve ]


unsatisfiable                             

[ stats ]

decisions : 7807
conflicts : 76
time : ~0.01

***UNSAT***


bb: parsing domain file
domain 'DEPOT' defined
 ... done.
bb: parsing problem file
problem 'DEPOTPROB9876' defined
 ... done.


time:   0,    44 facts and       0 exclusive pairs
              60 ops   and      58 exclusive pairs
time:   1,    62 facts and      62 exclusive pairs
             150 ops   and    2206 exclusive pairs
time:   2,    70 facts and     146 exclusive pairs
             170 ops   and    3122 exclusive pairs
time:   3,    78 facts and     170 exclusive pairs
             230 ops   and    6982 exclusive pairs
time:   4,   106 facts and     538 exclusive pairs
             340 ops   and   16866 exclusive pairs
time:   5,   162 facts and    2100 exclusive pairs
             490 ops   and   34966 exclusive pairs
time:   6,   202 facts and    3250 exclusive pairs
             764 ops   and   90438 exclusive pairs
time:   7,   274 facts and    5680 exclusive pairs
            1066 ops   and  176322 exclusive pairs
time:   8,   304 facts and    6614 exclusive pairs
            1391 ops   and  302479 exclusive pairs
time:   9,   344 facts and    6889 exclusive pairs
            1728 ops   and  465628 exclusive pairs
time:  10,   382 facts and    8909 exclusive pairs
            2044 ops   and  637284 exclusive pairs
time:  11,   423 facts and    9463 exclusive pairs
            2340 ops   and  819905 exclusive pairs
time:  12,   453 facts and   10905 exclusive pairs
            2591 ops   and  994222 exclusive pairs
time:  13,   475 facts and   10680 exclusive pairs
            2838 ops   and 1180981 exclusive pairs
time:  14,   509 facts and   12842 exclusive pairs
            3042 ops   and 1339194 exclusive pairs
time:  15,   520 facts and   12029 exclusive pairs
            3208 ops   and 1477468 exclusive pairs
time:  16,   539 facts and   12735 exclusive pairs
            3391 ops   and 1637852 exclusive pairs
time:  17,   549 facts and   12561 exclusive pairs
            3541 ops   and 1783009 exclusive pairs
time:  18,   549 facts and   12225 exclusive pairs
            3611 ops   and 1856292 exclusive pairs
time:  19,   549 facts and   12015 exclusive pairs
graph has leveled off at time step 20


            3681 ops   and 1936197 exclusive pairs
time:  20,   549 facts and   12015 exclusive pairs

creating thin gp-based encoding...
plan graph layer 0...
plan graph layer 1...
plan graph layer 2...
plan graph layer 3...
plan graph layer 4...
plan graph layer 5...
plan graph layer 6...
plan graph layer 7...
plan graph layer 8...
plan graph layer 9...
plan graph layer 10...
plan graph layer 11...
plan graph layer 12...
plan graph layer 13...
plan graph layer 14...
plan graph layer 15...
plan graph layer 16...
plan graph layer 17...
plan graph layer 18...
plan graph layer 19...
plan graph layer 20...
goal constraints...
exclusion constraints layer 0...
exclusion constraints layer 1...
exclusion constraints layer 2...
exclusion constraints layer 3...
exclusion constraints layer 4...
exclusion constraints layer 5...
exclusion constraints layer 6...
exclusion constraints layer 7...
exclusion constraints layer 8...
exclusion constraints layer 9...
exclusion constraints layer 10...
exclusion constraints layer 11...
exclusion constraints layer 12...
exclusion constraints layer 13...
exclusion constraints layer 14...
exclusion constraints layer 15...
exclusion constraints layer 16...
exclusion constraints layer 17...
exclusion constraints layer 18...
exclusion constraints layer 19...
exclusion constraints layer 20...

DECISION LAYER 20, WRITING THIN GP-BASED ENCODING WITH 43819 VARS, 8786625 CLAUSES.

time spent:    0.00 seconds instantiating 24912 action templates
               0.00 seconds reachability analysis, yielding 576 facts and 3762 actions
               0.00 seconds collecting 564 relevant facts
               0.00 seconds building connectivity graph
               0.00 seconds building (std) graph
               4.40 seconds CNF output time
               4.40 seconds total planner time (solving not included)


***Solving***


[ filemap ]
[ extract ]

variables : 43819
pure lits : 582

1-clauses : 11
2-clauses : 8780003
3-clauses : 1578
n-clauses : 5033
discarded : 0

[ solve ]


unsatisfiable                             

[ stats ]

decisions : 114225
conflicts : 114
time : ~0.013

***UNSAT***


bb: parsing domain file
domain 'DEPOT' defined
 ... done.
bb: parsing problem file
problem 'DEPOTPROB9876' defined
 ... done.


time:   0,    44 facts and       0 exclusive pairs
              60 ops   and      58 exclusive pairs
time:   1,    62 facts and      62 exclusive pairs
             150 ops   and    2206 exclusive pairs
time:   2,    70 facts and     146 exclusive pairs
             170 ops   and    3122 exclusive pairs
time:   3,    78 facts and     170 exclusive pairs
             230 ops   and    6982 exclusive pairs
time:   4,   106 facts and     538 exclusive pairs
             340 ops   and   16866 exclusive pairs
time:   5,   162 facts and    2100 exclusive pairs
             490 ops   and   34966 exclusive pairs
time:   6,   202 facts and    3250 exclusive pairs
             764 ops   and   90438 exclusive pairs
time:   7,   274 facts and    5680 exclusive pairs
            1066 ops   and  176322 exclusive pairs
time:   8,   304 facts and    6614 exclusive pairs
            1391 ops   and  302479 exclusive pairs
time:   9,   344 facts and    6889 exclusive pairs
            1728 ops   and  465628 exclusive pairs
time:  10,   382 facts and    8909 exclusive pairs
            2044 ops   and  637284 exclusive pairs
time:  11,   423 facts and    9463 exclusive pairs
            2340 ops   and  819905 exclusive pairs
time:  12,   453 facts and   10905 exclusive pairs
            2591 ops   and  994222 exclusive pairs
time:  13,   475 facts and   10680 exclusive pairs
            2838 ops   and 1180981 exclusive pairs
time:  14,   509 facts and   12842 exclusive pairs
            3042 ops   and 1339194 exclusive pairs
time:  15,   520 facts and   12029 exclusive pairs
            3208 ops   and 1477468 exclusive pairs
time:  16,   539 facts and   12735 exclusive pairs
            3391 ops   and 1637852 exclusive pairs
time:  17,   549 facts and   12561 exclusive pairs
            3541 ops   and 1783009 exclusive pairs
time:  18,   549 facts and   12225 exclusive pairs
            3611 ops   and 1856292 exclusive pairs
time:  19,   549 facts and   12015 exclusive pairs
graph has leveled off at time step 20


            3681 ops   and 1936197 exclusive pairs
time:  20,   549 facts and   12015 exclusive pairs
            3681 ops   and 1936197 exclusive pairs
time:  21,   549 facts and   12015 exclusive pairs

creating thin gp-based encoding...
plan graph layer 0...
plan graph layer 1...
plan graph layer 2...
plan graph layer 3...
plan graph layer 4...
plan graph layer 5...
plan graph layer 6...
plan graph layer 7...
plan graph layer 8...
plan graph layer 9...
plan graph layer 10...
plan graph layer 11...
plan graph layer 12...
plan graph layer 13...
plan graph layer 14...
plan graph layer 15...
plan graph layer 16...
plan graph layer 17...
plan graph layer 18...
plan graph layer 19...
plan graph layer 20...
plan graph layer 21...
goal constraints...
exclusion constraints layer 0...
exclusion constraints layer 1...
exclusion constraints layer 2...
exclusion constraints layer 3...
exclusion constraints layer 4...
exclusion constraints layer 5...
exclusion constraints layer 6...
exclusion constraints layer 7...
exclusion constraints layer 8...
exclusion constraints layer 9...
exclusion constraints layer 10...
exclusion constraints layer 11...
exclusion constraints layer 12...
exclusion constraints layer 13...
exclusion constraints layer 14...
exclusion constraints layer 15...
exclusion constraints layer 16...
exclusion constraints layer 17...
exclusion constraints layer 18...
exclusion constraints layer 19...
exclusion constraints layer 20...
exclusion constraints layer 21...

DECISION LAYER 21, WRITING THIN GP-BASED ENCODING WITH 48049 VARS, 10001667 CLAUSES.

time spent:    0.00 seconds instantiating 24912 action templates
               0.00 seconds reachability analysis, yielding 576 facts and 3762 actions
               0.00 seconds collecting 564 relevant facts
               0.00 seconds building connectivity graph
               0.00 seconds building (std) graph
               4.93 seconds CNF output time
               4.93 seconds total planner time (solving not included)


***Solving***


[ filemap ]
[ extract ]

variables : 48049
pure lits : 582

1-clauses : 11
2-clauses : 9994496
3-clauses : 1668
n-clauses : 5492
discarded : 0

[ solve ]


unsatisfiable                             

[ stats ]

decisions : 366159
conflicts : 82321
time : ~24.959

***UNSAT***


bb: parsing domain file
domain 'DEPOT' defined
 ... done.
bb: parsing problem file
problem 'DEPOTPROB9876' defined
 ... done.


time:   0,    44 facts and       0 exclusive pairs
              60 ops   and      58 exclusive pairs
time:   1,    62 facts and      62 exclusive pairs
             150 ops   and    2206 exclusive pairs
time:   2,    70 facts and     146 exclusive pairs
             170 ops   and    3122 exclusive pairs
time:   3,    78 facts and     170 exclusive pairs
             230 ops   and    6982 exclusive pairs
time:   4,   106 facts and     538 exclusive pairs
             340 ops   and   16866 exclusive pairs
time:   5,   162 facts and    2100 exclusive pairs
             490 ops   and   34966 exclusive pairs
time:   6,   202 facts and    3250 exclusive pairs
             764 ops   and   90438 exclusive pairs
time:   7,   274 facts and    5680 exclusive pairs
            1066 ops   and  176322 exclusive pairs
time:   8,   304 facts and    6614 exclusive pairs
            1391 ops   and  302479 exclusive pairs
time:   9,   344 facts and    6889 exclusive pairs
            1728 ops   and  465628 exclusive pairs
time:  10,   382 facts and    8909 exclusive pairs
            2044 ops   and  637284 exclusive pairs
time:  11,   423 facts and    9463 exclusive pairs
            2340 ops   and  819905 exclusive pairs
time:  12,   453 facts and   10905 exclusive pairs
            2591 ops   and  994222 exclusive pairs
time:  13,   475 facts and   10680 exclusive pairs
            2838 ops   and 1180981 exclusive pairs
time:  14,   509 facts and   12842 exclusive pairs
            3042 ops   and 1339194 exclusive pairs
time:  15,   520 facts and   12029 exclusive pairs
            3208 ops   and 1477468 exclusive pairs
time:  16,   539 facts and   12735 exclusive pairs
            3391 ops   and 1637852 exclusive pairs
time:  17,   549 facts and   12561 exclusive pairs
            3541 ops   and 1783009 exclusive pairs
time:  18,   549 facts and   12225 exclusive pairs
            3611 ops   and 1856292 exclusive pairs
time:  19,   549 facts and   12015 exclusive pairs
graph has leveled off at time step 20


            3681 ops   and 1936197 exclusive pairs
time:  20,   549 facts and   12015 exclusive pairs
            3681 ops   and 1936197 exclusive pairs
time:  21,   549 facts and   12015 exclusive pairs
            3681 ops   and 1936197 exclusive pairs
time:  22,   549 facts and   12015 exclusive pairs

creating thin gp-based encoding...
plan graph layer 0...
plan graph layer 1...
plan graph layer 2...
plan graph layer 3...
plan graph layer 4...
plan graph layer 5...
plan graph layer 6...
plan graph layer 7...
plan graph layer 8...
plan graph layer 9...
plan graph layer 10...
plan graph layer 11...
plan graph layer 12...
plan graph layer 13...
plan graph layer 14...
plan graph layer 15...
plan graph layer 16...
plan graph layer 17...
plan graph layer 18...
plan graph layer 19...
plan graph layer 20...
plan graph layer 21...
plan graph layer 22...
goal constraints...
exclusion constraints layer 0...
exclusion constraints layer 1...
exclusion constraints layer 2...
exclusion constraints layer 3...
exclusion constraints layer 4...
exclusion constraints layer 5...
exclusion constraints layer 6...
exclusion constraints layer 7...
exclusion constraints layer 8...
exclusion constraints layer 9...
exclusion constraints layer 10...
exclusion constraints layer 11...
exclusion constraints layer 12...
exclusion constraints layer 13...
exclusion constraints layer 14...
exclusion constraints layer 15...
exclusion constraints layer 16...
exclusion constraints layer 17...
exclusion constraints layer 18...
exclusion constraints layer 19...
exclusion constraints layer 20...
exclusion constraints layer 21...
exclusion constraints layer 22...

DECISION LAYER 22, WRITING THIN GP-BASED ENCODING WITH 52279 VARS, 11216709 CLAUSES.

time spent:    0.00 seconds instantiating 24912 action templates
               0.00 seconds reachability analysis, yielding 576 facts and 3762 actions
               0.00 seconds collecting 564 relevant facts
               0.00 seconds building connectivity graph
               0.00 seconds building (std) graph
               5.43 seconds CNF output time
               5.43 seconds total planner time (solving not included)


***Solving***


[ filemap ]
[ extract ]

variables : 52279
pure lits : 582

1-clauses : 11
2-clauses : 11208989
3-clauses : 1758
n-clauses : 5951
discarded : 0

[ solve ]


unsatisfiable                             

[ stats ]

decisions : 994608
conflicts : 388820
time : ~228.239

***UNSAT***


bb: parsing domain file
domain 'DEPOT' defined
 ... done.
bb: parsing problem file
problem 'DEPOTPROB9876' defined
 ... done.


time:   0,    44 facts and       0 exclusive pairs
              60 ops   and      58 exclusive pairs
time:   1,    62 facts and      62 exclusive pairs
             150 ops   and    2206 exclusive pairs
time:   2,    70 facts and     146 exclusive pairs
             170 ops   and    3122 exclusive pairs
time:   3,    78 facts and     170 exclusive pairs
             230 ops   and    6982 exclusive pairs
time:   4,   106 facts and     538 exclusive pairs
             340 ops   and   16866 exclusive pairs
time:   5,   162 facts and    2100 exclusive pairs
             490 ops   and   34966 exclusive pairs
time:   6,   202 facts and    3250 exclusive pairs
             764 ops   and   90438 exclusive pairs
time:   7,   274 facts and    5680 exclusive pairs
            1066 ops   and  176322 exclusive pairs
time:   8,   304 facts and    6614 exclusive pairs
            1391 ops   and  302479 exclusive pairs
time:   9,   344 facts and    6889 exclusive pairs
            1728 ops   and  465628 exclusive pairs
time:  10,   382 facts and    8909 exclusive pairs
            2044 ops   and  637284 exclusive pairs
time:  11,   423 facts and    9463 exclusive pairs
            2340 ops   and  819905 exclusive pairs
time:  12,   453 facts and   10905 exclusive pairs
            2591 ops   and  994222 exclusive pairs
time:  13,   475 facts and   10680 exclusive pairs
            2838 ops   and 1180981 exclusive pairs
time:  14,   509 facts and   12842 exclusive pairs
            3042 ops   and 1339194 exclusive pairs
time:  15,   520 facts and   12029 exclusive pairs
            3208 ops   and 1477468 exclusive pairs
time:  16,   539 facts and   12735 exclusive pairs
            3391 ops   and 1637852 exclusive pairs
time:  17,   549 facts and   12561 exclusive pairs
            3541 ops   and 1783009 exclusive pairs
time:  18,   549 facts and   12225 exclusive pairs
            3611 ops   and 1856292 exclusive pairs
time:  19,   549 facts and   12015 exclusive pairs
graph has leveled off at time step 20


            3681 ops   and 1936197 exclusive pairs
time:  20,   549 facts and   12015 exclusive pairs
            3681 ops   and 1936197 exclusive pairs
time:  21,   549 facts and   12015 exclusive pairs
            3681 ops   and 1936197 exclusive pairs
time:  22,   549 facts and   12015 exclusive pairs
            3681 ops   and 1936197 exclusive pairs
time:  23,   549 facts and   12015 exclusive pairs

creating thin gp-based encoding...
plan graph layer 0...
plan graph layer 1...
plan graph layer 2...
plan graph layer 3...
plan graph layer 4...
plan graph layer 5...
plan graph layer 6...
plan graph layer 7...
plan graph layer 8...
plan graph layer 9...
plan graph layer 10...
plan graph layer 11...
plan graph layer 12...
plan graph layer 13...
plan graph layer 14...
plan graph layer 15...
plan graph layer 16...
plan graph layer 17...
plan graph layer 18...
plan graph layer 19...
plan graph layer 20...
plan graph layer 21...
plan graph layer 22...
plan graph layer 23...
goal constraints...
exclusion constraints layer 0...
exclusion constraints layer 1...
exclusion constraints layer 2...
exclusion constraints layer 3...
exclusion constraints layer 4...
exclusion constraints layer 5...
exclusion constraints layer 6...
exclusion constraints layer 7...
exclusion constraints layer 8...
exclusion constraints layer 9...
exclusion constraints layer 10...
exclusion constraints layer 11...
exclusion constraints layer 12...
exclusion constraints layer 13...
exclusion constraints layer 14...
exclusion constraints layer 15...
exclusion constraints layer 16...
exclusion constraints layer 17...
exclusion constraints layer 18...
exclusion constraints layer 19...
exclusion constraints layer 20...
exclusion constraints layer 21...
exclusion constraints layer 22...
exclusion constraints layer 23...

DECISION LAYER 23, WRITING THIN GP-BASED ENCODING WITH 56509 VARS, 12431751 CLAUSES.

time spent:    0.00 seconds instantiating 24912 action templates
               0.00 seconds reachability analysis, yielding 576 facts and 3762 actions
               0.00 seconds collecting 564 relevant facts
               0.00 seconds building connectivity graph
               0.00 seconds building (std) graph
               5.96 seconds CNF output time
               5.96 seconds total planner time (solving not included)


***Solving***


[ filemap ]
[ extract ]

variables : 56509
pure lits : 582

1-clauses : 11
2-clauses : 12423482
3-clauses : 1848
n-clauses : 6410
discarded : 0

[ solve ]

