blackbox version 43
command line:  ./blackbox -o /home/matheus/repo/acervo-2010/planejadores_analise_resultados/comp/blocksworld/domain.pddl -f /home/matheus/repo/acervo-2010/planejadores_analise_resultados/comp/blocksworld/probBLOCKS-16-1.pddl

Begin solver specification
    -maxint        0   -maxsec 10.000000  graphplan
    -maxint        0   -maxsec 0.000000  chaff
End solver specification
Loading domain file: /home/matheus/repo/acervo-2010/planejadores_analise_resultados/comp/blocksworld/domain.pddl
Loading fact file: /home/matheus/repo/acervo-2010/planejadores_analise_resultados/comp/blocksworld/probBLOCKS-16-1.pddl
Problem name: blocks-16-1
Facts loaded.
time: 1, 26 facts and 30 exclusive pairs.
time: 2, 35 facts and 120 exclusive pairs.
time: 3, 39 facts and 152 exclusive pairs.
time: 4, 55 facts and 496 exclusive pairs.
time: 5, 63 facts and 623 exclusive pairs.
time: 6, 75 facts and 884 exclusive pairs.
time: 7, 77 facts and 657 exclusive pairs.
time: 8, 91 facts and 1011 exclusive pairs.
time: 9, 93 facts and 834 exclusive pairs.
time: 10, 109 facts and 1304 exclusive pairs.
time: 11, 111 facts and 1135 exclusive pairs.
time: 12, 129 facts and 1727 exclusive pairs.
time: 13, 131 facts and 1500 exclusive pairs.
time: 14, 151 facts and 2228 exclusive pairs.
time: 15, 153 facts and 1935 exclusive pairs.
time: 16, 175 facts and 2813 exclusive pairs.
time: 17, 177 facts and 2446 exclusive pairs.
time: 18, 201 facts and 3488 exclusive pairs.
time: 19, 203 facts and 3039 exclusive pairs.
time: 20, 229 facts and 4259 exclusive pairs.
time: 21, 231 facts and 3720 exclusive pairs.
time: 22, 259 facts and 5132 exclusive pairs.
time: 23, 260 facts and 4449 exclusive pairs.
time: 24, 289 facts and 5994 exclusive pairs.
Goals reachable at 24 steps but mutually exclusive.
time: 25, 289 facts and 5210 exclusive pairs.
Goals reachable at 25 steps but mutually exclusive.
time: 26, 289 facts and 4608 exclusive pairs.
Goals first reachable in 26 steps.
13980 nodes created.

####################################################
goals at time 27:
  on_d_b on_b_p on_p_f on_f_g on_g_k 
on_k_i on_i_l on_l_j on_j_h on_h_a 
on_a_n on_n_e on_e_m on_m_c on_c_o 



----------------------------------------------------
Invoking solver graphplan
Result is Unsat
Iteration was 6

----------------------------------------------------
Can't solve in 26 steps
time: 27, 289 facts and 4608 exclusive pairs.
1090 new nodes added.

####################################################
goals at time 28:
  on_d_b on_b_p on_p_f on_f_g on_g_k 
on_k_i on_i_l on_l_j on_j_h on_h_a 
on_a_n on_n_e on_e_m on_m_c on_c_o 



----------------------------------------------------
Invoking solver graphplan
Result is Unsat
Iteration was 32

----------------------------------------------------
Can't solve in 27 steps
time: 28, 289 facts and 4608 exclusive pairs.
1090 new nodes added.

####################################################
goals at time 29:
  on_d_b on_b_p on_p_f on_f_g on_g_k 
on_k_i on_i_l on_l_j on_j_h on_h_a 
on_a_n on_n_e on_e_m on_m_c on_c_o 



----------------------------------------------------
Invoking solver graphplan
Result is Unsat
Iteration was 77

----------------------------------------------------
Can't solve in 28 steps
time: 29, 289 facts and 4608 exclusive pairs.
1090 new nodes added.

####################################################
goals at time 30:
  on_d_b on_b_p on_p_f on_f_g on_g_k 
on_k_i on_i_l on_l_j on_j_h on_h_a 
on_a_n on_n_e on_e_m on_m_c on_c_o 



----------------------------------------------------
Invoking solver graphplan
Result is Unsat
Iteration was 128

----------------------------------------------------
Can't solve in 29 steps
time: 30, 289 facts and 4608 exclusive pairs.
1090 new nodes added.

####################################################
goals at time 31:
  on_d_b on_b_p on_p_f on_f_g on_g_k 
on_k_i on_i_l on_l_j on_j_h on_h_a 
on_a_n on_n_e on_e_m on_m_c on_c_o 



----------------------------------------------------
Invoking solver graphplan
Result is Unsat
Iteration was 184

----------------------------------------------------
Can't solve in 30 steps
time: 31, 289 facts and 4608 exclusive pairs.
1090 new nodes added.

####################################################
goals at time 32:
  on_d_b on_b_p on_p_f on_f_g on_g_k 
on_k_i on_i_l on_l_j on_j_h on_h_a 
on_a_n on_n_e on_e_m on_m_c on_c_o 



----------------------------------------------------
Invoking solver graphplan
Result is Unsat
Iteration was 287

----------------------------------------------------
Can't solve in 31 steps
time: 32, 289 facts and 4608 exclusive pairs.
1090 new nodes added.

####################################################
goals at time 33:
  on_d_b on_b_p on_p_f on_f_g on_g_k 
on_k_i on_i_l on_l_j on_j_h on_h_a 
on_a_n on_n_e on_e_m on_m_c on_c_o 



----------------------------------------------------
Invoking solver graphplan
Result is Unsat
Iteration was 472

----------------------------------------------------
Can't solve in 32 steps
time: 33, 289 facts and 4608 exclusive pairs.
1090 new nodes added.

####################################################
goals at time 34:
  on_d_b on_b_p on_p_f on_f_g on_g_k 
on_k_i on_i_l on_l_j on_j_h on_h_a 
on_a_n on_n_e on_e_m on_m_c on_c_o 



----------------------------------------------------
Invoking solver graphplan
Result is Unsat
Iteration was 855

----------------------------------------------------
Can't solve in 33 steps
time: 34, 289 facts and 4608 exclusive pairs.
1090 new nodes added.

####################################################
goals at time 35:
  on_d_b on_b_p on_p_f on_f_g on_g_k 
on_k_i on_i_l on_l_j on_j_h on_h_a 
on_a_n on_n_e on_e_m on_m_c on_c_o 



----------------------------------------------------
Invoking solver graphplan
Result is Unsat
Iteration was 1561

----------------------------------------------------
Can't solve in 34 steps
time: 35, 289 facts and 4608 exclusive pairs.
1090 new nodes added.

####################################################
goals at time 36:
  on_d_b on_b_p on_p_f on_f_g on_g_k 
on_k_i on_i_l on_l_j on_j_h on_h_a 
on_a_n on_n_e on_e_m on_m_c on_c_o 



----------------------------------------------------
Invoking solver graphplan
Result is Unsat
Iteration was 3394

----------------------------------------------------
Can't solve in 35 steps
time: 36, 289 facts and 4608 exclusive pairs.
1090 new nodes added.

####################################################
goals at time 37:
  on_d_b on_b_p on_p_f on_f_g on_g_k 
on_k_i on_i_l on_l_j on_j_h on_h_a 
on_a_n on_n_e on_e_m on_m_c on_c_o 



----------------------------------------------------
Invoking solver graphplan
Result is Unsat
Iteration was 6044

----------------------------------------------------
Can't solve in 36 steps
time: 37, 289 facts and 4608 exclusive pairs.
1090 new nodes added.

####################################################
goals at time 38:
  on_d_b on_b_p on_p_f on_f_g on_g_k 
on_k_i on_i_l on_l_j on_j_h on_h_a 
on_a_n on_n_e on_e_m on_m_c on_c_o 



----------------------------------------------------
Invoking solver graphplan
Result is Unsat
Iteration was 15773

----------------------------------------------------
Can't solve in 37 steps
time: 38, 289 facts and 4608 exclusive pairs.
1090 new nodes added.

####################################################
goals at time 39:
  on_d_b on_b_p on_p_f on_f_g on_g_k 
on_k_i on_i_l on_l_j on_j_h on_h_a 
on_a_n on_n_e on_e_m on_m_c on_c_o 



----------------------------------------------------
Invoking solver graphplan
Result is Unsat
Iteration was 26592

----------------------------------------------------
Can't solve in 38 steps
time: 39, 289 facts and 4608 exclusive pairs.
1090 new nodes added.

####################################################
goals at time 40:
  on_d_b on_b_p on_p_f on_f_g on_g_k 
on_k_i on_i_l on_l_j on_j_h on_h_a 
on_a_n on_n_e on_e_m on_m_c on_c_o 



----------------------------------------------------
Invoking solver graphplan
Result is Unsat
Iteration was 74564

----------------------------------------------------
Can't solve in 39 steps
time: 40, 289 facts and 4608 exclusive pairs.
1090 new nodes added.

####################################################
goals at time 41:
  on_d_b on_b_p on_p_f on_f_g on_g_k 
on_k_i on_i_l on_l_j on_j_h on_h_a 
on_a_n on_n_e on_e_m on_m_c on_c_o 



----------------------------------------------------
Invoking solver graphplan
Result is Unsat
Iteration was 129050

----------------------------------------------------
Can't solve in 40 steps
time: 41, 289 facts and 4608 exclusive pairs.
1090 new nodes added.

####################################################
goals at time 42:
  on_d_b on_b_p on_p_f on_f_g on_g_k 
on_k_i on_i_l on_l_j on_j_h on_h_a 
on_a_n on_n_e on_e_m on_m_c on_c_o 



----------------------------------------------------
Invoking solver graphplan
Result is Unsat
Iteration was 374475

----------------------------------------------------
Can't solve in 41 steps
time: 42, 289 facts and 4608 exclusive pairs.
1090 new nodes added.

####################################################
goals at time 43:
  on_d_b on_b_p on_p_f on_f_g on_g_k 
on_k_i on_i_l on_l_j on_j_h on_h_a 
on_a_n on_n_e on_e_m on_m_c on_c_o 



----------------------------------------------------
Invoking solver graphplan
Result is Unsat
Iteration was 682497

----------------------------------------------------
Can't solve in 42 steps
time: 43, 289 facts and 4608 exclusive pairs.
1090 new nodes added.

####################################################
goals at time 44:
  on_d_b on_b_p on_p_f on_f_g on_g_k 
on_k_i on_i_l on_l_j on_j_h on_h_a 
on_a_n on_n_e on_e_m on_m_c on_c_o 



----------------------------------------------------
Invoking solver graphplan
Result is Unsat
Iteration was 2111616

----------------------------------------------------
Can't solve in 43 steps
time: 44, 289 facts and 4608 exclusive pairs.
1090 new nodes added.

####################################################
goals at time 45:
  on_d_b on_b_p on_p_f on_f_g on_g_k 
on_k_i on_i_l on_l_j on_j_h on_h_a 
on_a_n on_n_e on_e_m on_m_c on_c_o 



----------------------------------------------------
Invoking solver graphplan
Result is Unsat
Iteration was 4576720

----------------------------------------------------
Can't solve in 44 steps
time: 45, 289 facts and 4608 exclusive pairs.
1090 new nodes added.

####################################################
goals at time 46:
  on_d_b on_b_p on_p_f on_f_g on_g_k 
on_k_i on_i_l on_l_j on_j_h on_h_a 
on_a_n on_n_e on_e_m on_m_c on_c_o 



----------------------------------------------------
Invoking solver graphplan
Result is Unsat
Iteration was 15262978

----------------------------------------------------
Can't solve in 45 steps
time: 46, 289 facts and 4608 exclusive pairs.
1090 new nodes added.

####################################################
goals at time 47:
  on_d_b on_b_p on_p_f on_f_g on_g_k 
on_k_i on_i_l on_l_j on_j_h on_h_a 
on_a_n on_n_e on_e_m on_m_c on_c_o 



----------------------------------------------------
Invoking solver graphplan
