blackbox version 43
command line:  ./blackbox -o /home/matheus/repo/acervo-2010/planejadores_analise_resultados/comp/blocksworld/domain.pddl -f /home/matheus/repo/acervo-2010/planejadores_analise_resultados/comp/blocksworld/probBLOCKS-17-0.pddl

Begin solver specification
    -maxint        0   -maxsec 10.000000  graphplan
    -maxint        0   -maxsec 0.000000  chaff
End solver specification
Loading domain file: /home/matheus/repo/acervo-2010/planejadores_analise_resultados/comp/blocksworld/domain.pddl
Loading fact file: /home/matheus/repo/acervo-2010/planejadores_analise_resultados/comp/blocksworld/probBLOCKS-17-0.pddl
Problem name: blocks-17-0
Facts loaded.
time: 1, 32 facts and 59 exclusive pairs.
time: 2, 56 facts and 567 exclusive pairs.
time: 3, 63 facts and 644 exclusive pairs.
time: 4, 102 facts and 2321 exclusive pairs.
time: 5, 120 facts and 2776 exclusive pairs.
time: 6, 174 facts and 6762 exclusive pairs.
time: 7, 184 facts and 5307 exclusive pairs.
time: 8, 254 facts and 11529 exclusive pairs.
time: 9, 262 facts and 8258 exclusive pairs.
time: 10, 292 facts and 8254 exclusive pairs.
time: 11, 293 facts and 5753 exclusive pairs.
time: 12, 324 facts and 7477 exclusive pairs.
Goals reachable at 12 steps but mutually exclusive.
time: 13, 324 facts and 6181 exclusive pairs.
Goals reachable at 13 steps but mutually exclusive.
time: 14, 324 facts and 5491 exclusive pairs.
Goals first reachable in 14 steps.
9973 nodes created.

####################################################
goals at time 15:
  on_q_n on_n_l on_l_o on_o_j on_j_h 
on_h_c on_c_e on_e_m on_m_p on_p_a 
on_a_g on_g_b on_b_i on_i_k on_k_f 
on_f_d 


----------------------------------------------------
Invoking solver graphplan
Result is Unsat
Iteration was 8

----------------------------------------------------
Can't solve in 14 steps
time: 15, 324 facts and 5491 exclusive pairs.
1226 new nodes added.

####################################################
goals at time 16:
  on_q_n on_n_l on_l_o on_o_j on_j_h 
on_h_c on_c_e on_e_m on_m_p on_p_a 
on_a_g on_g_b on_b_i on_i_k on_k_f 
on_f_d 


----------------------------------------------------
Invoking solver graphplan
Result is Unsat
Iteration was 39

----------------------------------------------------
Can't solve in 15 steps
time: 16, 324 facts and 5491 exclusive pairs.
1226 new nodes added.

####################################################
goals at time 17:
  on_q_n on_n_l on_l_o on_o_j on_j_h 
on_h_c on_c_e on_e_m on_m_p on_p_a 
on_a_g on_g_b on_b_i on_i_k on_k_f 
on_f_d 


----------------------------------------------------
Invoking solver graphplan
Result is Unsat
Iteration was 85

----------------------------------------------------
Can't solve in 16 steps
time: 17, 324 facts and 5491 exclusive pairs.
1226 new nodes added.

####################################################
goals at time 18:
  on_q_n on_n_l on_l_o on_o_j on_j_h 
on_h_c on_c_e on_e_m on_m_p on_p_a 
on_a_g on_g_b on_b_i on_i_k on_k_f 
on_f_d 


----------------------------------------------------
Invoking solver graphplan
Result is Unsat
Iteration was 142

----------------------------------------------------
Can't solve in 17 steps
time: 18, 324 facts and 5491 exclusive pairs.
1226 new nodes added.

####################################################
goals at time 19:
  on_q_n on_n_l on_l_o on_o_j on_j_h 
on_h_c on_c_e on_e_m on_m_p on_p_a 
on_a_g on_g_b on_b_i on_i_k on_k_f 
on_f_d 


----------------------------------------------------
Invoking solver graphplan
Result is Unsat
Iteration was 198

----------------------------------------------------
Can't solve in 18 steps
time: 19, 324 facts and 5491 exclusive pairs.
1226 new nodes added.

####################################################
goals at time 20:
  on_q_n on_n_l on_l_o on_o_j on_j_h 
on_h_c on_c_e on_e_m on_m_p on_p_a 
on_a_g on_g_b on_b_i on_i_k on_k_f 
on_f_d 


----------------------------------------------------
Invoking solver graphplan
Result is Unsat
Iteration was 325

----------------------------------------------------
Can't solve in 19 steps
time: 20, 324 facts and 5491 exclusive pairs.
1226 new nodes added.

####################################################
goals at time 21:
  on_q_n on_n_l on_l_o on_o_j on_j_h 
on_h_c on_c_e on_e_m on_m_p on_p_a 
on_a_g on_g_b on_b_i on_i_k on_k_f 
on_f_d 


----------------------------------------------------
Invoking solver graphplan
Result is Unsat
Iteration was 511

----------------------------------------------------
Can't solve in 20 steps
time: 21, 324 facts and 5491 exclusive pairs.
1226 new nodes added.

####################################################
goals at time 22:
  on_q_n on_n_l on_l_o on_o_j on_j_h 
on_h_c on_c_e on_e_m on_m_p on_p_a 
on_a_g on_g_b on_b_i on_i_k on_k_f 
on_f_d 


----------------------------------------------------
Invoking solver graphplan
Result is Unsat
Iteration was 987

----------------------------------------------------
Can't solve in 21 steps
time: 22, 324 facts and 5491 exclusive pairs.
1226 new nodes added.

####################################################
goals at time 23:
  on_q_n on_n_l on_l_o on_o_j on_j_h 
on_h_c on_c_e on_e_m on_m_p on_p_a 
on_a_g on_g_b on_b_i on_i_k on_k_f 
on_f_d 


----------------------------------------------------
Invoking solver graphplan
Result is Unsat
Iteration was 1695

----------------------------------------------------
Can't solve in 22 steps
time: 23, 324 facts and 5491 exclusive pairs.
1226 new nodes added.

####################################################
goals at time 24:
  on_q_n on_n_l on_l_o on_o_j on_j_h 
on_h_c on_c_e on_e_m on_m_p on_p_a 
on_a_g on_g_b on_b_i on_i_k on_k_f 
on_f_d 


----------------------------------------------------
Invoking solver graphplan
Result is Unsat
Iteration was 3650

----------------------------------------------------
Can't solve in 23 steps
time: 24, 324 facts and 5491 exclusive pairs.
1226 new nodes added.

####################################################
goals at time 25:
  on_q_n on_n_l on_l_o on_o_j on_j_h 
on_h_c on_c_e on_e_m on_m_p on_p_a 
on_a_g on_g_b on_b_i on_i_k on_k_f 
on_f_d 


----------------------------------------------------
Invoking solver graphplan
Result is Unsat
Iteration was 6570

----------------------------------------------------
Can't solve in 24 steps
time: 25, 324 facts and 5491 exclusive pairs.
1226 new nodes added.

####################################################
goals at time 26:
  on_q_n on_n_l on_l_o on_o_j on_j_h 
on_h_c on_c_e on_e_m on_m_p on_p_a 
on_a_g on_g_b on_b_i on_i_k on_k_f 
on_f_d 


----------------------------------------------------
Invoking solver graphplan
Result is Unsat
Iteration was 15460

----------------------------------------------------
Can't solve in 25 steps
time: 26, 324 facts and 5491 exclusive pairs.
1226 new nodes added.

####################################################
goals at time 27:
  on_q_n on_n_l on_l_o on_o_j on_j_h 
on_h_c on_c_e on_e_m on_m_p on_p_a 
on_a_g on_g_b on_b_i on_i_k on_k_f 
on_f_d 


----------------------------------------------------
Invoking solver graphplan
Result is Unsat
Iteration was 28930

----------------------------------------------------
Can't solve in 26 steps
time: 27, 324 facts and 5491 exclusive pairs.
1226 new nodes added.

####################################################
goals at time 28:
  on_q_n on_n_l on_l_o on_o_j on_j_h 
on_h_c on_c_e on_e_m on_m_p on_p_a 
on_a_g on_g_b on_b_i on_i_k on_k_f 
on_f_d 


----------------------------------------------------
Invoking solver graphplan
Result is Unsat
Iteration was 74186

----------------------------------------------------
Can't solve in 27 steps
time: 28, 324 facts and 5491 exclusive pairs.
1226 new nodes added.

####################################################
goals at time 29:
  on_q_n on_n_l on_l_o on_o_j on_j_h 
on_h_c on_c_e on_e_m on_m_p on_p_a 
on_a_g on_g_b on_b_i on_i_k on_k_f 
on_f_d 


----------------------------------------------------
Invoking solver graphplan
Result is Unsat
Iteration was 140444

----------------------------------------------------
Can't solve in 28 steps
time: 29, 324 facts and 5491 exclusive pairs.
1226 new nodes added.

####################################################
goals at time 30:
  on_q_n on_n_l on_l_o on_o_j on_j_h 
on_h_c on_c_e on_e_m on_m_p on_p_a 
on_a_g on_g_b on_b_i on_i_k on_k_f 
on_f_d 


----------------------------------------------------
Invoking solver graphplan
Result is Unsat
Iteration was 396408

----------------------------------------------------
Can't solve in 29 steps
time: 30, 324 facts and 5491 exclusive pairs.
1226 new nodes added.

####################################################
goals at time 31:
  on_q_n on_n_l on_l_o on_o_j on_j_h 
on_h_c on_c_e on_e_m on_m_p on_p_a 
on_a_g on_g_b on_b_i on_i_k on_k_f 
on_f_d 


----------------------------------------------------
Invoking solver graphplan
Result is Unsat
Iteration was 905312

----------------------------------------------------
Can't solve in 30 steps
time: 31, 324 facts and 5491 exclusive pairs.
1226 new nodes added.

####################################################
goals at time 32:
  on_q_n on_n_l on_l_o on_o_j on_j_h 
on_h_c on_c_e on_e_m on_m_p on_p_a 
on_a_g on_g_b on_b_i on_i_k on_k_f 
on_f_d 


----------------------------------------------------
Invoking solver graphplan
Result is Unsat
Iteration was 2946245

----------------------------------------------------
Can't solve in 31 steps
time: 32, 324 facts and 5491 exclusive pairs.
1226 new nodes added.

####################################################
goals at time 33:
  on_q_n on_n_l on_l_o on_o_j on_j_h 
on_h_c on_c_e on_e_m on_m_p on_p_a 
on_a_g on_g_b on_b_i on_i_k on_k_f 
on_f_d 


----------------------------------------------------
Invoking solver graphplan
Result is Unsat
Iteration was 7025851

----------------------------------------------------
Can't solve in 32 steps
time: 33, 324 facts and 5491 exclusive pairs.
1226 new nodes added.

####################################################
goals at time 34:
  on_q_n on_n_l on_l_o on_o_j on_j_h 
on_h_c on_c_e on_e_m on_m_p on_p_a 
on_a_g on_g_b on_b_i on_i_k on_k_f 
on_f_d 


----------------------------------------------------
Invoking solver graphplan
