MaxPlanII beta.

bb: parsing domain file
domain 'DRIVERLOG' defined
 ... done.
bb: parsing problem file
problem 'DLOG-3-3-7' defined
 ... done.


******  Solve with 1 layers Start******

creating action-based encoding:
        building rplan graph layers, up to layer [1];
        goal constraints;

no achiever in for goal?? deadline too low!#001


******  Solve with 2 layers Start******

creating action-based encoding:
        building rplan graph layers, up to layer [2];
        goal constraints;

no achiever in for goal?? deadline too low!#001


******  Solve with 3 layers Start******

creating action-based encoding:
        building rplan graph layers, up to layer [3];
        goal constraints;

no achiever in for goal?? deadline too low!#001


******  Solve with 4 layers Start******

creating action-based encoding:
        building rplan graph layers, up to layer [4];
        goal constraints;
        building exclusion constraints --> up to layer 4...

DECISION LAYER 4, WRITING ACTION-BASED ENCODING WITH 581 VARS, 4590 CLAUSES.
11 G clauses, 928 A clauses, 3651 E clauses.c CNF file planning task -p , -o /Users/matheus/Projetos/mestrado-dominios-planejamento/acervo-2010/planejadores_analise_resultados/comp/driverlog/domain.pddl, -f /Users/matheus/Projetos/mestrado-dominios-planejamento/acervo-2010/planejadores_analise_resultados/comp/driverlog/pfile8, bound 4, action based encoding
In building up solver: p cnf 581 4590
==================================[ MINISAT ]===================================
| Conflicts |     ORIGINAL     |              LEARNT              | Progress |
|           | Clauses Literals |   Limit Clauses Literals  Lit/Cl |          |
==============================================================================
|         0 |    4590    10365 |    1530       0        0     0.0 |  0.000 % |
==============================================================================
Totoal time used by londex constraint checking is [B0.000000][L0.000000],apply counts 40, apply_generated 0
restarts          :            1
conflicts         :            5           (      500 / sec      )
decisions         :            9           (      900 / sec      )
propagations      :          271           (    27100 / sec      )
inspects          :          482           (    48200 / sec      )
conflict literals :            4           (     0.00 % deleted  )
CPU time          :         0.01 sec
UNSATISFIABLE

******  Solve with 5 layers Start******

creating action-based encoding:
        building rplan graph layers, up to layer [5];
        goal constraints;
        building exclusion constraints --> up to layer 5...

DECISION LAYER 5, WRITING ACTION-BASED ENCODING WITH 932 VARS, 8199 CLAUSES.
11 G clauses, 1540 A clauses, 6648 E clauses.c CNF file planning task -p , -o /Users/matheus/Projetos/mestrado-dominios-planejamento/acervo-2010/planejadores_analise_resultados/comp/driverlog/domain.pddl, -f /Users/matheus/Projetos/mestrado-dominios-planejamento/acervo-2010/planejadores_analise_resultados/comp/driverlog/pfile8, bound 5, action based encoding
In building up solver: p cnf 932 8199
==================================[ MINISAT ]===================================
| Conflicts |     ORIGINAL     |              LEARNT              | Progress |
|           | Clauses Literals |   Limit Clauses Literals  Lit/Cl |          |
==============================================================================
|         0 |    8199    20253 |    2733       0        0     0.0 |  0.000 % |
==============================================================================
Totoal time used by londex constraint checking is [B0.000000][L0.000000],apply counts 286, apply_generated 0
restarts          :            1
conflicts         :           30           (     3000 / sec      )
decisions         :          114           (    11400 / sec      )
propagations      :         5747           (   574700 / sec      )
inspects          :        10147           (  1014700 / sec      )
conflict literals :           88           (    14.56 % deleted  )
CPU time          :         0.01 sec
UNSATISFIABLE

******  Solve with 6 layers Start******

creating action-based encoding:
        building rplan graph layers, up to layer [6];
        goal constraints;
        building exclusion constraints --> up to layer 6...

DECISION LAYER 6, WRITING ACTION-BASED ENCODING WITH 1283 VARS, 11808 CLAUSES.
11 G clauses, 2152 A clauses, 9645 E clauses.c CNF file planning task -p , -o /Users/matheus/Projetos/mestrado-dominios-planejamento/acervo-2010/planejadores_analise_resultados/comp/driverlog/domain.pddl, -f /Users/matheus/Projetos/mestrado-dominios-planejamento/acervo-2010/planejadores_analise_resultados/comp/driverlog/pfile8, bound 6, action based encoding
In building up solver: p cnf 1283 11808
==================================[ MINISAT ]===================================
| Conflicts |     ORIGINAL     |              LEARNT              | Progress |
|           | Clauses Literals |   Limit Clauses Literals  Lit/Cl |          |
==============================================================================
|         0 |   11808    30297 |    3936       0        0     0.0 |  0.000 % |
|       100 |   11792    30256 |    4330      94     1578    16.8 |  2.346 % |
|       250 |    9650    25566 |    4763      91     1510    16.6 | 14.425 % |
==============================================================================
Totoal time used by londex constraint checking is [B0.010000][L0.000000],apply counts 1980, apply_generated 0
restarts          :            3
conflicts         :          301           (    10033 / sec      )
decisions         :          591           (    19700 / sec      )
propagations      :        40875           (  1362500 / sec      )
inspects          :        81691           (  2723033 / sec      )
conflict literals :         3305           (    13.71 % deleted  )
CPU time          :         0.03 sec
UNSATISFIABLE

******  Solve with 7 layers Start******

creating action-based encoding:
        building rplan graph layers, up to layer [7];
        goal constraints;
        building exclusion constraints --> up to layer 7...

DECISION LAYER 7, WRITING ACTION-BASED ENCODING WITH 1634 VARS, 15417 CLAUSES.
11 G clauses, 2764 A clauses, 12642 E clauses.c CNF file planning task -p , -o /Users/matheus/Projetos/mestrado-dominios-planejamento/acervo-2010/planejadores_analise_resultados/comp/driverlog/domain.pddl, -f /Users/matheus/Projetos/mestrado-dominios-planejamento/acervo-2010/planejadores_analise_resultados/comp/driverlog/pfile8, bound 7, action based encoding
In building up solver: p cnf 1634 15417
==================================[ MINISAT ]===================================
| Conflicts |     ORIGINAL     |              LEARNT              | Progress |
|           | Clauses Literals |   Limit Clauses Literals  Lit/Cl |          |
==============================================================================
|         0 |   15417    40341 |    5139       0        0     0.0 |  0.000 % |
|       100 |   15393    40290 |    5653      99      994    10.0 |  0.063 % |
|       250 |   15393    40290 |    6218     246     7371    30.0 |  0.255 % |
|       477 |   15393    40290 |    6840     472    17248    36.5 |  0.315 % |
|       815 |   15273    40040 |    7524     806    37790    46.9 |  0.570 % |
|      1322 |   15151    39784 |    8276    1307    68852    52.7 |  1.975 % |
==============================================================================
Totoal time used by londex constraint checking is [B0.020000][L0.000000],apply counts 12124, apply_generated 0
restarts          :            6
conflicts         :         1497           (     6805 / sec      )
decisions         :         2364           (    10745 / sec      )
propagations      :       215223           (   978286 / sec      )
inspects          :       568937           (  2586077 / sec      )
conflict literals :        77926           (     5.73 % deleted  )
CPU time          :         0.22 sec
SATISFIABLE

Info:      0.34 seconds total solving time
           0.00 MB memory used
        solution found at layer 7

__MEMKB 15388
