Parsing...
Instantiating...
Starting instantiation [33 rules]...
Finding invariants...
Instantiating groups...
Choosing groups...
0 uncovered facts
Building translation key...
Building STRIPS to SAS dictionary...
Translating task...
Processing axioms...
Detecting unreachable propositions...
Removed false proposition: <none of those>
Removed false proposition: <none of those>
Removed false proposition: <none of those>
Removed false proposition: <none of those>
Removed false proposition: <none of those>
Removed false proposition: <none of those>
Removed false proposition: <none of those>
Removed false proposition: <none of those>
Removed false proposition: <none of those>
9 propositions removed.
Writing output...
Done!
Building causal graph...
The causal graph is acyclic.
7 variables of 9 necessary
54 of 78 operators necessary.
0 of 0 axiom rules necessary.
Building domain transition graphs...
solveable in poly time 0
Building successor generator...
Writing output...
done

Simplifying transitions... done! (reduced from 54 to 54)
Initializing heuristic cache... done!
Conducting best first search.
Initializing causal graph heuristic...
Initializing HSP/FF heuristic...
Simplifying 54 unary operators... done! [54 unary operators]
Best heuristic value: 17/13 [expanded 1 state(s)]
Best heuristic value: 16/12 [expanded 5 state(s)]
Best heuristic value: 15/11 [expanded 6 state(s)]
Best heuristic value: 14/10 [expanded 9 state(s)]
Best heuristic value: 13/9 [expanded 12 state(s)]
Best heuristic value: 11/9 [expanded 13 state(s)]
Best heuristic value: 10/8 [expanded 16 state(s)]
Best heuristic value: 9/7 [expanded 19 state(s)]
Best heuristic value: 7/7 [expanded 20 state(s)]
Best heuristic value: 6/6 [expanded 21 state(s)]
Best heuristic value: 5/5 [expanded 24 state(s)]
Best heuristic value: 4/4 [expanded 25 state(s)]
Best heuristic value: 3/3 [expanded 26 state(s)]
Best heuristic value: 2/2 [expanded 28 state(s)]
Best heuristic value: 1/1 [expanded 29 state(s)]
Solution found!
load-truck obj11 tru1 pos1
drive-truck tru1 pos1 apt1 cit1
unload-truck obj11 tru1 apt1
load-airplane obj11 apn1 apt1
fly-airplane apn1 apt1 apt2
unload-airplane obj11 apn1 apt2
load-truck obj21 tru2 pos2
drive-truck tru2 pos2 apt2 cit2
load-truck obj11 tru2 apt2
unload-truck obj21 tru2 apt2
drive-truck tru2 apt2 pos2 cit2
unload-truck obj11 tru2 pos2
load-airplane obj21 apn1 apt2
fly-airplane apn1 apt2 apt1
unload-airplane obj21 apn1 apt1
Plan length: 15 step(s).
Expanded 30 state(s).
Generated 164 state(s).
Cache hits: 154
Cache misses: 0
Search time: 0 seconds
Total time: 0 seconds
__MEMKB 8860
