
ff: parsing domain file
domain 'MYSTERY-STRIPS' defined
 ... done.
ff: parsing problem file
problem 'STRIPS-MYSTY-X-1' defined
 ... done.


got 58 facts

Cueing down from goal distance:    5 into depth [1]
                                   4            [1]
                                   3            [1]
                                   2            [1]
                                   1            [1]
                                   0            

ff: found legal plan as follows

step    0: OVERCOME ABRASION REST PORK URANUS VENUS
        1: FEAST REST PORK LAMB ALSACE QUEBEC
        2: FEAST REST LAMB FLOUNDER SURREY PENNSYLVANIA
        3: FEAST REST FLOUNDER RICE PENNSYLVANIA ALSACE
        4: SUCCUMB ABRASION REST RICE URANUS VENUS
     

time spent:    0.00 seconds instantiating 186 easy, 0 hard action templates
               0.00 seconds reachability analysis, yielding 58 facts and 151 actions
               0.00 seconds creating final representation with 58 relevant facts
               0.00 seconds building connectivity graph
               0.00 seconds searching, evaluating 7 states, to a max depth of 1
               0.00 seconds total time

__MEMKB 3456
