
ff: parsing domain file
domain 'MYSTERY-STRIPS' defined
 ... done.
ff: parsing problem file
problem 'STRIPS-MYSTY-X-14' defined
 ... done.


got 1601 facts

Cueing down from goal distance:    9 into depth [1][2][3][4][5][6][7]
                                   5            [1]
                                   4            [1]
                                   3            [1]
                                   2            [1]
                                   1            [1]
                                   0            

ff: found legal plan as follows

step    0: FEAST REST SCALLOP LETTUCE QUEBEC BAVARIA
        1: FEAST REST LETTUCE PISTACHIO ARIZONA PENNSYLVANIA
        2: FEAST ACHIEVEMENT POTATO SHRIMP ARIZONA PENNSYLVANIA
        3: OVERCOME PROSTATITIS-23 REST PISTACHIO VULCAN JUPITER
        4: OVERCOME ANXIETY-25 REST PISTACHIO MARS VULCAN
        5: FEAST REST PISTACHIO LETTUCE ALSACE ARIZONA
        6: FEAST REST LETTUCE SCALLOP ALSACE ARIZONA
        7: FEAST REST SCALLOP SCALLION SURREY QUEBEC
        8: FEAST REST SCALLION SHRIMP PENNSYLVANIA SURREY
        9: FEAST REST SHRIMP POTATO PENNSYLVANIA SURREY
       10: SUCCUMB PROSTATITIS-23 REST POTATO MARS VULCAN
       11: SUCCUMB ANXIETY-25 REST POTATO VULCAN JUPITER
     

time spent:    0.00 seconds instantiating 52506 easy, 0 hard action templates
               0.01 seconds reachability analysis, yielding 1603 facts and 45872 actions
               0.01 seconds creating final representation with 1601 relevant facts
               0.02 seconds building connectivity graph
               0.53 seconds searching, evaluating 389 states, to a max depth of 7
               0.57 seconds total time

__MEMKB 37888
