
ff: parsing domain file
domain 'LOGISTICS' defined
 ... done.
ff: parsing problem file
problem 'LOGISTICS-10-1' defined
 ... done.


got 168 facts

Cueing down from goal distance:   39 into depth [1]
                                  38            [1]
                                  37            [1]
                                  36            [1]
                                  35            [1]
                                  34            [1]
                                  33            [1]
                                  32            [1]
                                  31            [1]
                                  30            [1]
                                  29            [1]
                                  28            [1]
                                  27            [1]
                                  26            [1]
                                  25            [1]
                                  24            [1]
                                  23            [1]
                                  22            [1][2]
                                  21            [1]
                                  20            [1]
                                  19            [1]
                                  18            [1]
                                  17            [1]
                                  16            [1]
                                  15            [1]
                                  14            [1][2]
                                  13            [1]
                                  12            [1][2]
                                  11            [1]
                                  10            [1]
                                   9            [1]
                                   8            [1]
                                   7            [1]
                                   6            [1]
                                   5            [1]
                                   4            [1]
                                   3            [1]
                                   2            [1]
                                   1            [1]
                                   0            

ff: found legal plan as follows

step    0: LOAD-TRUCK OBJ23 TRU2 POS2
        1: LOAD-TRUCK OBJ22 TRU2 POS2
        2: DRIVE-TRUCK TRU2 POS2 APT2 CIT2
        3: UNLOAD-TRUCK OBJ23 TRU2 APT2
        4: UNLOAD-TRUCK OBJ22 TRU2 APT2
        5: LOAD-TRUCK OBJ42 TRU4 POS4
        6: LOAD-TRUCK OBJ41 TRU4 POS4
        7: LOAD-AIRPLANE OBJ23 APN1 APT2
        8: LOAD-TRUCK OBJ13 TRU1 POS1
        9: DRIVE-TRUCK TRU1 POS1 APT1 CIT1
       10: LOAD-AIRPLANE OBJ22 APN1 APT2
       11: LOAD-TRUCK OBJ33 TRU3 POS3
       12: UNLOAD-TRUCK OBJ13 TRU1 APT1
       13: LOAD-TRUCK OBJ43 TRU4 POS4
       14: LOAD-TRUCK OBJ31 TRU3 POS3
       15: FLY-AIRPLANE APN1 APT2 APT4
       16: UNLOAD-AIRPLANE OBJ22 APN1 APT4
       17: DRIVE-TRUCK TRU4 POS4 APT4 CIT4
       18: UNLOAD-TRUCK OBJ42 TRU4 APT4
       19: UNLOAD-TRUCK OBJ41 TRU4 APT4
       20: LOAD-AIRPLANE OBJ42 APN1 APT4
       21: LOAD-AIRPLANE OBJ41 APN1 APT4
       22: LOAD-TRUCK OBJ22 TRU4 APT4
       23: UNLOAD-TRUCK OBJ43 TRU4 APT4
       24: DRIVE-TRUCK TRU4 APT4 POS4 CIT4
       25: UNLOAD-TRUCK OBJ22 TRU4 POS4
       26: DRIVE-TRUCK TRU3 POS3 APT3 CIT3
       27: UNLOAD-TRUCK OBJ33 TRU3 APT3
       28: UNLOAD-TRUCK OBJ31 TRU3 APT3
       29: FLY-AIRPLANE APN1 APT4 APT3
       30: UNLOAD-AIRPLANE OBJ23 APN1 APT3
       31: LOAD-TRUCK OBJ23 TRU3 APT3
       32: DRIVE-TRUCK TRU3 APT3 POS3 CIT3
       33: LOAD-AIRPLANE OBJ33 APN1 APT3
       34: UNLOAD-AIRPLANE OBJ42 APN1 APT3
       35: UNLOAD-AIRPLANE OBJ41 APN1 APT3
       36: FLY-AIRPLANE APN1 APT3 APT1
       37: LOAD-AIRPLANE OBJ13 APN1 APT1
       38: UNLOAD-TRUCK OBJ23 TRU3 POS3
       39: UNLOAD-AIRPLANE OBJ33 APN1 APT1
       40: FLY-AIRPLANE APN1 APT1 APT4
       41: UNLOAD-AIRPLANE OBJ13 APN1 APT4
     

time spent:    0.00 seconds instantiating 1040 easy, 0 hard action templates
               0.00 seconds reachability analysis, yielding 168 facts and 320 actions
               0.00 seconds creating final representation with 168 relevant facts
               0.00 seconds building connectivity graph
               0.00 seconds searching, evaluating 72 states, to a max depth of 2
               0.00 seconds total time

__MEMKB 4480
