
ff: parsing domain file
domain 'LOGISTICS' defined
 ... done.
ff: parsing problem file
problem 'LOGISTICS-8-1' defined
 ... done.


got 99 facts

Cueing down from goal distance:   41 into depth [1]
                                  40            [1]
                                  39            [1]
                                  38            [1]
                                  37            [1]
                                  36            [1]
                                  35            [1]
                                  34            [1]
                                  33            [1]
                                  32            [1]
                                  31            [1]
                                  30            [1][2]
                                  29            [1]
                                  28            [1]
                                  27            [1][2]
                                  26            [1]
                                  25            [1]
                                  24            [1]
                                  23            [1]
                                  22            [1][2]
                                  21            [1]
                                  20            [1]
                                  19            [1]
                                  18            [1]
                                  17            [1]
                                  16            [1]
                                  15            [1]
                                  14            [1]
                                  13            [1]
                                  12            [1]
                                  11            [1]
                                  10            [1]
                                   9            [1]
                                   8            [1]
                                   7            [1]
                                   6            [1]
                                   5            [1]
                                   4            [1]
                                   3            [1]
                                   2            [1]
                                   1            [1]
                                   0            

ff: found legal plan as follows

step    0: LOAD-TRUCK OBJ22 TRU2 POS2
        1: LOAD-TRUCK OBJ13 TRU1 POS1
        2: LOAD-TRUCK OBJ21 TRU2 POS2
        3: LOAD-TRUCK OBJ12 TRU1 POS1
        4: DRIVE-TRUCK TRU1 POS1 APT1 CIT1
        5: UNLOAD-TRUCK OBJ13 TRU1 APT1
        6: UNLOAD-TRUCK OBJ12 TRU1 APT1
        7: LOAD-TRUCK OBJ32 TRU3 POS3
        8: LOAD-TRUCK OBJ31 TRU3 POS3
        9: LOAD-TRUCK OBJ33 TRU3 POS3
       10: LOAD-TRUCK OBJ23 TRU2 POS2
       11: DRIVE-TRUCK TRU2 POS2 APT2 CIT2
       12: UNLOAD-TRUCK OBJ22 TRU2 APT2
       13: UNLOAD-TRUCK OBJ21 TRU2 APT2
       14: UNLOAD-TRUCK OBJ23 TRU2 APT2
       15: DRIVE-TRUCK TRU3 POS3 APT3 CIT3
       16: UNLOAD-TRUCK OBJ32 TRU3 APT3
       17: UNLOAD-TRUCK OBJ31 TRU3 APT3
       18: LOAD-AIRPLANE OBJ32 APN1 APT3
       19: LOAD-AIRPLANE OBJ31 APN1 APT3
       20: UNLOAD-TRUCK OBJ33 TRU3 APT3
       21: FLY-AIRPLANE APN1 APT3 APT1
       22: LOAD-AIRPLANE OBJ13 APN1 APT1
       23: LOAD-AIRPLANE OBJ12 APN1 APT1
       24: UNLOAD-AIRPLANE OBJ31 APN1 APT1
       25: FLY-AIRPLANE APN1 APT1 APT2
       26: LOAD-AIRPLANE OBJ22 APN1 APT2
       27: LOAD-AIRPLANE OBJ21 APN1 APT2
       28: UNLOAD-AIRPLANE OBJ13 APN1 APT2
       29: LOAD-TRUCK OBJ13 TRU2 APT2
       30: DRIVE-TRUCK TRU2 APT2 POS2 CIT2
       31: UNLOAD-TRUCK OBJ13 TRU2 POS2
       32: UNLOAD-AIRPLANE OBJ32 APN1 APT2
       33: FLY-AIRPLANE APN1 APT2 APT3
       34: UNLOAD-AIRPLANE OBJ22 APN1 APT3
       35: UNLOAD-AIRPLANE OBJ21 APN1 APT3
       36: UNLOAD-AIRPLANE OBJ12 APN1 APT3
       37: LOAD-TRUCK OBJ22 TRU3 APT3
       38: LOAD-TRUCK OBJ21 TRU3 APT3
       39: LOAD-TRUCK OBJ12 TRU3 APT3
       40: DRIVE-TRUCK TRU3 APT3 POS3 CIT3
       41: UNLOAD-TRUCK OBJ22 TRU3 POS3
       42: UNLOAD-TRUCK OBJ21 TRU3 POS3
       43: UNLOAD-TRUCK OBJ12 TRU3 POS3
     

time spent:    0.00 seconds instantiating 477 easy, 0 hard action templates
               0.00 seconds reachability analysis, yielding 99 facts and 183 actions
               0.00 seconds creating final representation with 99 relevant facts
               0.00 seconds building connectivity graph
               0.00 seconds searching, evaluating 76 states, to a max depth of 2
               0.00 seconds total time

__MEMKB 3840
