
ff: parsing domain file
domain 'LOGISTICS' defined
 ... done.
ff: parsing problem file
problem 'LOGISTICS-6-3' defined
 ... done.


got 48 facts

Cueing down from goal distance:   21 into depth [1]
                                  20            [1]
                                  19            [1]
                                  18            [1]
                                  17            [1][2]
                                  16            [1]
                                  15            [1][2]
                                  14            [1]
                                  13            [1]
                                  12            [1]
                                  11            [1][2]
                                  10            [1]
                                   9            [1]
                                   8            [1]
                                   7            [1]
                                   6            [1]
                                   5            [1]
                                   4            [1]
                                   3            [1]
                                   2            [1]
                                   1            [1]
                                   0            

ff: found legal plan as follows

step    0: LOAD-TRUCK OBJ23 TRU2 POS2
        1: LOAD-TRUCK OBJ13 TRU1 POS1
        2: LOAD-TRUCK OBJ22 TRU2 POS2
        3: LOAD-TRUCK OBJ11 TRU1 POS1
        4: DRIVE-TRUCK TRU1 POS1 APT1 CIT1
        5: UNLOAD-TRUCK OBJ13 TRU1 APT1
        6: UNLOAD-TRUCK OBJ11 TRU1 APT1
        7: DRIVE-TRUCK TRU2 POS2 APT2 CIT2
        8: UNLOAD-TRUCK OBJ23 TRU2 APT2
        9: LOAD-AIRPLANE OBJ23 APN1 APT2
       10: UNLOAD-TRUCK OBJ22 TRU2 APT2
       11: LOAD-AIRPLANE OBJ22 APN1 APT2
       12: FLY-AIRPLANE APN1 APT2 APT1
       13: LOAD-AIRPLANE OBJ13 APN1 APT1
       14: UNLOAD-AIRPLANE OBJ23 APN1 APT1
       15: LOAD-TRUCK OBJ23 TRU1 APT1
       16: DRIVE-TRUCK TRU1 APT1 POS1 CIT1
       17: UNLOAD-TRUCK OBJ23 TRU1 POS1
       18: UNLOAD-AIRPLANE OBJ22 APN1 APT1
       19: FLY-AIRPLANE APN1 APT1 APT2
       20: UNLOAD-AIRPLANE OBJ13 APN1 APT2
       21: LOAD-TRUCK OBJ13 TRU2 APT2
       22: DRIVE-TRUCK TRU2 APT2 POS2 CIT2
       23: UNLOAD-TRUCK OBJ13 TRU2 POS2
     

time spent:    0.00 seconds instantiating 164 easy, 0 hard action templates
               0.00 seconds reachability analysis, yielding 48 facts and 84 actions
               0.00 seconds creating final representation with 48 relevant facts
               0.00 seconds building connectivity graph
               0.00 seconds searching, evaluating 45 states, to a max depth of 2
               0.00 seconds total time

__MEMKB 3328
