
Parsing domain..... satellite..... done.
Parsing problem..... strips-sat-x-1..... done.
Computing domains..... done.
Instantiating actions..... done.
Computing final representation..... done.

Parsing time : 0.00
Domains creation  time : 0.00
Instantiation time : 0.00 -> 279 candidates, 279 actions
Finalization time : 0.00 -> 58 fluents, 4 init

21 16 13 9 5 4 3 2 1 

0: (TURN_TO satellite1 planet5 star0) [1]
1: (TURN_TO satellite0 star0 star6) [1]
2: (SWITCH_ON instrument1 satellite1) [1]
3: (SWITCH_ON instrument0 satellite0) [1]
4: (CALIBRATE satellite0 instrument0 star0) [1]
5: (TURN_TO satellite1 star2 planet5) [1]
6: (TURN_TO satellite0 phenomenon9 star0) [1]
7: (CALIBRATE satellite1 instrument1 star2) [1]
8: (TAKE_IMAGE satellite0 phenomenon9 instrument0 infrared0) [1]
9: (TURN_TO satellite1 planet5 star2) [1]
10: (TURN_TO satellite0 phenomenon8 phenomenon9) [1]
11: (TAKE_IMAGE satellite0 phenomenon8 instrument0 thermograph2) [1]
12: (TAKE_IMAGE satellite1 planet5 instrument1 thermograph2) [1]
13: (TURN_TO satellite1 planet3 planet5) [1]
14: (TURN_TO satellite0 star7 phenomenon8) [1]
15: (TAKE_IMAGE satellite1 planet3 instrument1 infrared1) [1]
16: (TAKE_IMAGE satellite0 star7 instrument0 infrared0) [1]
17: (TURN_TO satellite1 planet5 planet3) [1]
18: (TURN_TO satellite1 star4 planet5) [1]
19: (TAKE_IMAGE satellite1 star4 instrument1 infrared1) [1]
20: (TURN_TO satellite1 planet5 star4) [1]
21: (TURN_TO satellite1 star6 planet5) [1]
22: (TAKE_IMAGE satellite1 star6 instrument1 infrared1) [1]
23: (TURN_TO satellite1 planet5 star6) [1]

Valid plan : 24 actions.
Computed nodes : 24
Evaluated nodes : 10
Developed nodes : 0
Useful nodes : 0

Lookahead utility : 32.43 %
Preparation time : 0.00
Search time : 0.00
Total time : 0.00

__MEMKB 2688
