
Parsing domain..... satellite..... done.
Parsing problem..... strips-sat-x-1..... done.
Computing domains..... done.
Instantiating actions..... done.
Computing final representation..... done.

Parsing time : 0.00
Domains creation  time : 0.00
Instantiation time : 0.00 -> 5067 candidates, 5067 actions
Finalization time : 0.00 -> 323 fluents, 10 init

62 52 48 44 40 36 32 28 24 20 16 12 10 8 6 4 3 2 1 

0: (TURN_TO satellite1 phenomenon5 planet17) [1]
1: (TURN_TO satellite4 planet11 phenomenon5) [1]
2: (TURN_TO satellite2 planet11 planet7) [1]
3: (TURN_TO satellite0 groundstation3 star19) [1]
4: (SWITCH_ON instrument2 satellite1) [1]
5: (SWITCH_ON instrument1 satellite0) [1]
6: (CALIBRATE satellite0 instrument1 groundstation3) [1]
7: (SWITCH_ON instrument3 satellite2) [1]
8: (SWITCH_ON instrument6 satellite4) [1]
9: (TURN_TO satellite2 star1 planet11) [1]
10: (TURN_TO satellite1 groundstation3 phenomenon5) [1]
11: (TURN_TO satellite0 star21 groundstation3) [1]
12: (CALIBRATE satellite1 instrument2 groundstation3) [1]
13: (CALIBRATE satellite2 instrument3 star1) [1]
14: (TAKE_IMAGE satellite0 star21 instrument1 thermograph1) [1]
15: (TURN_TO satellite1 phenomenon5 groundstation3) [1]
16: (TURN_TO satellite2 planet11 star1) [1]
17: (TURN_TO satellite0 star22 star21) [1]
18: (TAKE_IMAGE satellite0 star22 instrument1 image4) [1]
19: (TURN_TO satellite1 planet15 phenomenon5) [1]
20: (TURN_TO satellite0 planet17 star22) [1]
21: (TURN_TO satellite2 phenomenon12 planet11) [1]
22: (TAKE_IMAGE satellite1 planet15 instrument2 thermograph0) [1]
23: (TAKE_IMAGE satellite0 planet17 instrument1 image4) [1]
24: (TAKE_IMAGE satellite2 phenomenon12 instrument3 image3) [1]
25: (TURN_TO satellite1 phenomenon5 planet15) [1]
26: (TURN_TO satellite2 planet11 phenomenon12) [1]
27: (TURN_TO satellite0 planet23 planet17) [1]
28: (TAKE_IMAGE satellite0 planet23 instrument1 thermograph1) [1]
29: (TURN_TO satellite1 planet11 phenomenon5) [1]
30: (TURN_TO satellite2 planet7 planet11) [1]
31: (TURN_TO satellite0 planet13 planet23) [1]
32: (TAKE_IMAGE satellite1 planet11 instrument2 thermograph2) [1]
33: (TAKE_IMAGE satellite2 planet7 instrument3 image3) [1]
34: (TAKE_IMAGE satellite0 planet13 instrument1 thermograph1) [1]
35: (TURN_TO satellite1 phenomenon5 planet11) [1]
36: (TURN_TO satellite2 planet11 planet7) [1]
37: (TURN_TO satellite0 planet25 planet13) [1]
38: (TAKE_IMAGE satellite0 planet25 instrument1 thermograph1) [1]
39: (TURN_TO satellite1 planet28 phenomenon5) [1]
40: (TURN_TO satellite2 star14 planet11) [1]
41: (TURN_TO satellite0 planet10 planet25) [1]
42: (TAKE_IMAGE satellite1 planet28 instrument2 thermograph2) [1]
43: (TAKE_IMAGE satellite2 star14 instrument3 image3) [1]
44: (TAKE_IMAGE satellite0 planet10 instrument1 thermograph1) [1]
45: (TURN_TO satellite1 phenomenon5 planet28) [1]
46: (TURN_TO satellite2 planet11 star14) [1]
47: (TURN_TO satellite0 phenomenon5 planet10) [1]
48: (TAKE_IMAGE satellite0 phenomenon5 instrument1 thermograph1) [1]
49: (TURN_TO satellite1 planet29 phenomenon5) [1]
50: (TURN_TO satellite0 planet6 phenomenon5) [1]
51: (TURN_TO satellite2 planet16 planet11) [1]
52: (TAKE_IMAGE satellite1 planet29 instrument2 thermograph0) [1]
53: (TAKE_IMAGE satellite0 planet6 instrument1 image4) [1]
54: (TAKE_IMAGE satellite2 planet16 instrument3 image3) [1]
55: (TURN_TO satellite1 phenomenon5 planet29) [1]
56: (TURN_TO satellite2 planet11 planet16) [1]
57: (TURN_TO satellite0 phenomenon27 planet6) [1]
58: (TAKE_IMAGE satellite0 phenomenon27 instrument1 thermograph1) [1]
59: (TURN_TO satellite1 star19 phenomenon5) [1]
60: (TURN_TO satellite2 phenomenon18 planet11) [1]
61: (TAKE_IMAGE satellite1 star19 instrument2 thermograph0) [1]
62: (TAKE_IMAGE satellite2 phenomenon18 instrument3 image3) [1]
63: (TURN_TO satellite1 phenomenon5 star19) [1]
64: (TURN_TO satellite2 planet11 phenomenon18) [1]
65: (TURN_TO satellite1 planet9 phenomenon5) [1]
66: (TURN_TO satellite2 planet8 planet11) [1]
67: (TAKE_IMAGE satellite1 planet9 instrument2 thermograph0) [1]
68: (TAKE_IMAGE satellite2 planet8 instrument3 image3) [1]
69: (TURN_TO satellite1 phenomenon5 planet9) [1]
70: (TURN_TO satellite2 planet11 planet8) [1]
71: (TURN_TO satellite1 star26 phenomenon5) [1]
72: (TAKE_IMAGE satellite1 star26 instrument2 thermograph0) [1]
73: (TURN_TO satellite1 phenomenon5 star26) [1]
74: (TURN_TO satellite1 planet24 phenomenon5) [1]
75: (TAKE_IMAGE satellite1 planet24 instrument2 thermograph2) [1]
76: (TURN_TO satellite1 phenomenon5 planet24) [1]

Valid plan : 77 actions.
Computed nodes : 77
Evaluated nodes : 20
Developed nodes : 0
Useful nodes : 0

Lookahead utility : 17.19 %
Preparation time : 0.00
Search time : 0.01
Total time : 0.01

__MEMKB 4224
