
Parsing domain..... satellite..... done.
Parsing problem..... strips-sat-x-1..... done.
Computing domains..... done.
Instantiating actions..... done.
Computing final representation..... done.

Parsing time : 0.00
Domains creation  time : 0.00
Instantiation time : 0.00 -> 5832 candidates, 5832 actions
Finalization time : 0.00 -> 371 fluents, 16 init

56 46 45 43 41 39 37 35 33 31 29 28 27 25 23 21 19 17 14 10 8 6 4 2 

0: (TURN_TO satellite3 planet14 star4) [1]
1: (TURN_TO satellite7 star3 planet11) [1]
2: (TURN_TO satellite1 planet22 star18) [1]
3: (TURN_TO satellite5 planet24 planet6) [1]
4: (TURN_TO satellite2 star13 star19) [1]
5: (TURN_TO satellite6 star3 planet17) [1]
6: (TURN_TO satellite4 star3 phenomenon9) [1]
7: (SWITCH_ON instrument5 satellite2) [1]
8: (SWITCH_ON instrument3 satellite1) [1]
9: (SWITCH_ON instrument9 satellite4) [1]
10: (CALIBRATE satellite4 instrument9 star3) [1]
11: (SWITCH_ON instrument10 satellite5) [1]
12: (SWITCH_ON instrument13 satellite6) [1]
13: (CALIBRATE satellite6 instrument13 star3) [1]
14: (TURN_TO satellite1 groundstation2 planet22) [1]
15: (TURN_TO satellite5 groundstation0 planet24) [1]
16: (TURN_TO satellite6 star12 star3) [1]
17: (TAKE_IMAGE satellite6 star12 instrument13 thermograph3) [1]
18: (TURN_TO satellite6 planet17 star12) [1]
19: (TAKE_IMAGE satellite6 planet17 instrument13 thermograph3) [1]
20: (TURN_TO satellite4 planet21 star3) [1]
21: (TAKE_IMAGE satellite4 planet21 instrument9 infrared0) [1]
22: (CALIBRATE satellite5 instrument10 groundstation0) [1]
23: (TURN_TO satellite5 phenomenon5 groundstation0) [1]
24: (TAKE_IMAGE satellite5 phenomenon5 instrument10 spectrograph2) [1]
25: (TURN_TO satellite5 planet14 phenomenon5) [1]
26: (TAKE_IMAGE satellite5 planet14 instrument10 thermograph4) [1]
27: (TURN_TO satellite5 star15 planet14) [1]
28: (TAKE_IMAGE satellite5 star15 instrument10 thermograph4) [1]
29: (TURN_TO satellite1 planet22 groundstation2) [1]
30: (TURN_TO satellite5 planet24 star15) [1]
31: (TURN_TO satellite4 planet7 planet21) [1]
32: (TURN_TO satellite6 planet23 planet17) [1]
33: (TAKE_IMAGE satellite4 planet7 instrument9 infrared0) [1]
34: (TAKE_IMAGE satellite6 planet23 instrument13 thermograph3) [1]
35: (TAKE_IMAGE satellite5 planet24 instrument10 infrared0) [1]
36: (SWITCH_OFF instrument9 satellite4) [1]
37: (TURN_TO satellite6 star13 planet23) [1]
38: (TURN_TO satellite4 phenomenon9 planet7) [1]
39: (SWITCH_ON instrument8 satellite4) [1]
40: (TAKE_IMAGE satellite6 star13 instrument13 thermograph3) [1]
41: (TURN_TO satellite4 groundstation2 phenomenon9) [1]
42: (SWITCH_OFF instrument8 satellite4) [1]
43: (TURN_TO satellite6 phenomenon9 star13) [1]
44: (SWITCH_ON instrument7 satellite4) [1]
45: (TAKE_IMAGE satellite6 phenomenon9 instrument13 infrared0) [1]
46: (SWITCH_OFF instrument13 satellite6) [1]
47: (TURN_TO satellite4 star3 groundstation2) [1]
48: (SWITCH_OFF instrument7 satellite4) [1]
49: (SWITCH_ON instrument8 satellite4) [1]
50: (TURN_TO satellite6 groundstation2 phenomenon9) [1]
51: (TURN_TO satellite4 groundstation2 star3) [1]
52: (CALIBRATE satellite4 instrument8 groundstation2) [1]
53: (SWITCH_ON instrument14 satellite6) [1]
54: (CALIBRATE satellite6 instrument14 groundstation2) [1]
55: (TURN_TO satellite4 star18 groundstation2) [1]
56: (TURN_TO satellite6 planet6 groundstation2) [1]
57: (TAKE_IMAGE satellite4 star18 instrument8 image1) [1]
58: (TAKE_IMAGE satellite6 planet6 instrument14 spectrograph2) [1]
59: (TURN_TO satellite4 planet20 star18) [1]
60: (TAKE_IMAGE satellite4 planet20 instrument8 image1) [1]
61: (TURN_TO satellite4 phenomenon10 planet20) [1]
62: (TAKE_IMAGE satellite4 phenomenon10 instrument8 image1) [1]
63: (TURN_TO satellite4 planet22 phenomenon10) [1]
64: (TAKE_IMAGE satellite4 planet22 instrument8 image1) [1]
65: (TURN_TO satellite4 phenomenon16 planet22) [1]
66: (TAKE_IMAGE satellite4 phenomenon16 instrument8 image1) [1]
67: (TURN_TO satellite4 planet11 phenomenon16) [1]
68: (TAKE_IMAGE satellite4 planet11 instrument8 image1) [1]

Valid plan : 69 actions.
Computed nodes : 28796
Evaluated nodes : 4145
Developed nodes : 15
Useful nodes : 15

Lookahead utility : 17.74 %
Preparation time : 0.00
Search time : 1.15
Total time : 1.15

__MEMKB 21504
