
Parsing domain..... satellite..... done.
Parsing problem..... strips-sat-x-1..... done.
Computing domains..... done.
Instantiating actions..... done.
Computing final representation..... done.

Parsing time : 0.00
Domains creation  time : 0.00
Instantiation time : 0.00 -> 7444 candidates, 7444 actions
Finalization time : 0.01 -> 431 fluents, 20 init

54 46 36 30 26 22 18 16 14 12 10 8 6 4 2 

0: (TURN_TO satellite5 planet6 planet10) [1]
1: (TURN_TO satellite9 star16 planet11) [1]
2: (TURN_TO satellite8 star15 groundstation4) [1]
3: (TURN_TO satellite7 star3 planet11) [1]
4: (TURN_TO satellite1 groundstation4 planet10) [1]
5: (TURN_TO satellite0 star3 star15) [1]
6: (SWITCH_ON instrument2 satellite0) [1]
7: (SWITCH_ON instrument22 satellite9) [1]
8: (SWITCH_ON instrument3 satellite1) [1]
9: (CALIBRATE satellite1 instrument3 groundstation4) [1]
10: (TURN_TO satellite3 star3 phenomenon9) [1]
11: (TURN_TO satellite0 groundstation1 star3) [1]
12: (TURN_TO satellite4 groundstation0 planet19) [1]
13: (TURN_TO satellite1 planet21 groundstation4) [1]
14: (SWITCH_ON instrument7 satellite3) [1]
15: (CALIBRATE satellite3 instrument7 star3) [1]
16: (CALIBRATE satellite0 instrument2 groundstation1) [1]
17: (SWITCH_ON instrument8 satellite4) [1]
18: (CALIBRATE satellite4 instrument8 groundstation0) [1]
19: (TAKE_IMAGE satellite1 planet21 instrument3 thermograph1) [1]
20: (TURN_TO satellite0 star16 groundstation1) [1]
21: (TURN_TO satellite3 phenomenon17 star3) [1]
22: (TURN_TO satellite4 phenomenon18 groundstation0) [1]
23: (TAKE_IMAGE satellite0 star16 instrument2 thermograph1) [1]
24: (TAKE_IMAGE satellite3 phenomenon17 instrument7 infrared4) [1]
25: (TAKE_IMAGE satellite4 phenomenon18 instrument8 spectrograph3) [1]
26: (TURN_TO satellite0 star12 star16) [1]
27: (TURN_TO satellite3 star24 phenomenon17) [1]
28: (TAKE_IMAGE satellite0 star12 instrument2 image0) [1]
29: (TAKE_IMAGE satellite3 star24 instrument7 infrared4) [1]
30: (TURN_TO satellite0 planet7 star12) [1]
31: (TURN_TO satellite3 planet11 star24) [1]
32: (TAKE_IMAGE satellite0 planet7 instrument2 image0) [1]
33: (TAKE_IMAGE satellite3 planet11 instrument7 infrared4) [1]
34: (TURN_TO satellite0 planet8 planet7) [1]
35: (TURN_TO satellite3 planet6 planet11) [1]
36: (TAKE_IMAGE satellite0 planet8 instrument2 thermograph1) [1]
37: (TAKE_IMAGE satellite3 planet6 instrument7 infrared4) [1]
38: (TURN_TO satellite0 phenomenon5 planet8) [1]
39: (TAKE_IMAGE satellite0 phenomenon5 instrument2 thermograph1) [1]
40: (TURN_TO satellite0 planet22 phenomenon5) [1]
41: (TAKE_IMAGE satellite0 planet22 instrument2 image2) [1]
42: (TURN_TO satellite0 phenomenon23 planet22) [1]
43: (TAKE_IMAGE satellite0 phenomenon23 instrument2 image0) [1]
44: (TURN_TO satellite0 star13 phenomenon23) [1]
45: (TAKE_IMAGE satellite0 star13 instrument2 image0) [1]
46: (TURN_TO satellite0 phenomenon9 star13) [1]
47: (TAKE_IMAGE satellite0 phenomenon9 instrument2 image2) [1]
48: (TURN_TO satellite0 star14 phenomenon9) [1]
49: (TAKE_IMAGE satellite0 star14 instrument2 thermograph1) [1]
50: (TURN_TO satellite0 star20 star14) [1]
51: (TAKE_IMAGE satellite0 star20 instrument2 image0) [1]
52: (TURN_TO satellite0 star15 star20) [1]
53: (TAKE_IMAGE satellite0 star15 instrument2 image0) [1]
54: (TURN_TO satellite0 planet10 star15) [1]
55: (TAKE_IMAGE satellite0 planet10 instrument2 image0) [1]

Valid plan : 56 actions.
Computed nodes : 56
Evaluated nodes : 16
Developed nodes : 0
Useful nodes : 0

Lookahead utility : 18.42 %
Preparation time : 0.01
Search time : 0.00
Total time : 0.01

__MEMKB 4480
