
Parsing domain file:  domain 'DRIVERLOG' defined ... done.
Parsing problem file:  problem 'DLOG-5-5-10' defined ... done.



Modality: Fast Planner

Number of actions             :    5040
Number of conditional actions :       0
Number of facts               :     515


Analyzing Planning Problem:
	Temporal Planning Problem: NO
	Numeric Planning Problem: NO
	Problem with Timed Initial Litearals: NO
	Problem with Derived Predicates: NO

Evaluation function weights:
     Action duration 0.00; Action cost 1.00


Computing mutex... done

Preprocessing total time: 0.06 seconds

Searching ('.' = every 50 search steps):
........... search limit exceeded. Restart.
............. search limit exceeded. Restart.
............... search limit exceeded. Restart.
.................. search limit exceeded. Restart.
..................... search limit exceeded. Restart.
........................ search limit exceeded. Restart.
............................ search limit exceeded. Restart.
................................. search limit exceeded. Restart.
......................... solution found: 

Plan computed:
   Time: (ACTION) [action Duration; action Cost]
 0.0000: (WALK DRIVER3 S0 P0-1) [D:1.0000; C:1.0000]
 0.0000: (WALK DRIVER2 S1 P1-2) [D:1.0000; C:1.0000]
 0.0000: (LOAD-TRUCK PACKAGE10 TRUCK1 S7) [D:1.0000; C:1.0000]
 0.0000: (WALK DRIVER4 S10 P3-10) [D:1.0000; C:1.0000]
 1.0000: (WALK DRIVER3 P0-1 S1) [D:1.0000; C:1.0000]
 1.0000: (WALK DRIVER2 P1-2 S2) [D:1.0000; C:1.0000]
 1.0000: (WALK DRIVER4 P3-10 S3) [D:1.0000; C:1.0000]
 2.0000: (WALK DRIVER3 S1 P0-1) [D:1.0000; C:1.0000]
 2.0000: (BOARD-TRUCK DRIVER2 TRUCK3 S2) [D:1.0000; C:1.0000]
 2.0000: (WALK DRIVER4 S3 P3-11) [D:1.0000; C:1.0000]
 3.0000: (WALK DRIVER3 P0-1 S1) [D:1.0000; C:1.0000]
 3.0000: (DRIVE-TRUCK TRUCK3 S2 S11 DRIVER2) [D:1.0000; C:1.0000]
 3.0000: (WALK DRIVER4 P3-11 S11) [D:1.0000; C:1.0000]
 4.0000: (WALK DRIVER3 S1 P1-2) [D:1.0000; C:1.0000]
 4.0000: (LOAD-TRUCK PACKAGE5 TRUCK3 S11) [D:1.0000; C:1.0000]
 5.0000: (WALK DRIVER3 P1-2 S2) [D:1.0000; C:1.0000]
 5.0000: (DRIVE-TRUCK TRUCK3 S11 S7 DRIVER2) [D:1.0000; C:1.0000]
 6.0000: (LOAD-TRUCK PACKAGE6 TRUCK3 S7) [D:1.0000; C:1.0000]
 6.0000: (WALK DRIVER3 S2 P2-3) [D:1.0000; C:1.0000]
 7.0000: (DRIVE-TRUCK TRUCK3 S7 S2 DRIVER2) [D:1.0000; C:1.0000]
 7.0000: (WALK DRIVER3 P2-3 S3) [D:1.0000; C:1.0000]
 8.0000: (UNLOAD-TRUCK PACKAGE6 TRUCK3 S2) [D:1.0000; C:1.0000]
 8.0000: (WALK DRIVER3 S3 P2-3) [D:1.0000; C:1.0000]
 9.0000: (DRIVE-TRUCK TRUCK3 S2 S7 DRIVER2) [D:1.0000; C:1.0000]
 9.0000: (WALK DRIVER3 P2-3 S3) [D:1.0000; C:1.0000]
 10.0000: (DRIVE-TRUCK TRUCK3 S7 S9 DRIVER2) [D:1.0000; C:1.0000]
 10.0000: (WALK DRIVER3 S3 P3-7) [D:1.0000; C:1.0000]
 11.0000: (DRIVE-TRUCK TRUCK3 S9 S7 DRIVER2) [D:1.0000; C:1.0000]
 11.0000: (WALK DRIVER3 P3-7 S3) [D:1.0000; C:1.0000]
 12.0000: (DRIVE-TRUCK TRUCK3 S7 S9 DRIVER2) [D:1.0000; C:1.0000]
 12.0000: (WALK DRIVER3 S3 P3-10) [D:1.0000; C:1.0000]
 13.0000: (UNLOAD-TRUCK PACKAGE5 TRUCK3 S9) [D:1.0000; C:1.0000]
 13.0000: (WALK DRIVER3 P3-10 S3) [D:1.0000; C:1.0000]
 14.0000: (DRIVE-TRUCK TRUCK3 S9 S7 DRIVER2) [D:1.0000; C:1.0000]
 14.0000: (WALK DRIVER3 S3 P2-3) [D:1.0000; C:1.0000]
 15.0000: (DRIVE-TRUCK TRUCK3 S7 S2 DRIVER2) [D:1.0000; C:1.0000]
 15.0000: (WALK DRIVER3 P2-3 S3) [D:1.0000; C:1.0000]
 16.0000: (DRIVE-TRUCK TRUCK3 S2 S10 DRIVER2) [D:1.0000; C:1.0000]
 16.0000: (BOARD-TRUCK DRIVER3 TRUCK5 S3) [D:1.0000; C:1.0000]
 17.0000: (DRIVE-TRUCK TRUCK3 S10 S7 DRIVER2) [D:1.0000; C:1.0000]
 17.0000: (DRIVE-TRUCK TRUCK5 S3 S12 DRIVER3) [D:1.0000; C:1.0000]
 18.0000: (DRIVE-TRUCK TRUCK3 S7 S10 DRIVER2) [D:1.0000; C:1.0000]
 18.0000: (DISEMBARK-TRUCK DRIVER3 TRUCK5 S12) [D:1.0000; C:1.0000]
 19.0000: (DRIVE-TRUCK TRUCK3 S10 S1 DRIVER2) [D:1.0000; C:1.0000]
 19.0000: (BOARD-TRUCK DRIVER5 TRUCK5 S12) [D:1.0000; C:1.0000]
 19.0000: (WALK DRIVER3 S12 P12-4) [D:1.0000; C:1.0000]
 20.0000: (DISEMBARK-TRUCK DRIVER2 TRUCK3 S1) [D:1.0000; C:1.0000]
 20.0000: (DRIVE-TRUCK TRUCK5 S12 S0 DRIVER5) [D:1.0000; C:1.0000]
 20.0000: (WALK DRIVER3 P12-4 S4) [D:1.0000; C:1.0000]
 21.0000: (DRIVE-TRUCK TRUCK5 S0 S3 DRIVER5) [D:1.0000; C:1.0000]
 21.0000: (BOARD-TRUCK DRIVER2 TRUCK2 S1) [D:1.0000; C:1.0000]
 22.0000: (DRIVE-TRUCK TRUCK2 S1 S8 DRIVER2) [D:1.0000; C:1.0000]
 22.0000: (DRIVE-TRUCK TRUCK5 S3 S11 DRIVER5) [D:1.0000; C:1.0000]
 23.0000: (LOAD-TRUCK PACKAGE8 TRUCK2 S8) [D:1.0000; C:1.0000]
 23.0000: (DISEMBARK-TRUCK DRIVER5 TRUCK5 S11) [D:1.0000; C:1.0000]
 24.0000: (DRIVE-TRUCK TRUCK2 S8 S6 DRIVER2) [D:1.0000; C:1.0000]
 24.0000: (BOARD-TRUCK DRIVER5 TRUCK5 S11) [D:1.0000; C:1.0000]
 25.0000: (UNLOAD-TRUCK PACKAGE8 TRUCK2 S6) [D:1.0000; C:1.0000]
 25.0000: (DRIVE-TRUCK TRUCK5 S11 S7 DRIVER5) [D:1.0000; C:1.0000]
 26.0000: (DRIVE-TRUCK TRUCK2 S6 S12 DRIVER2) [D:1.0000; C:1.0000]
 26.0000: (DRIVE-TRUCK TRUCK5 S7 S4 DRIVER5) [D:1.0000; C:1.0000]
 27.0000: (LOAD-TRUCK PACKAGE7 TRUCK2 S12) [D:1.0000; C:1.0000]
 27.0000: (DISEMBARK-TRUCK DRIVER5 TRUCK5 S4) [D:1.0000; C:1.0000]
 28.0000: (DRIVE-TRUCK TRUCK2 S12 S14 DRIVER2) [D:1.0000; C:1.0000]
 29.0000: (LOAD-TRUCK PACKAGE2 TRUCK2 S14) [D:1.0000; C:1.0000]
 30.0000: (DRIVE-TRUCK TRUCK2 S14 S0 DRIVER2) [D:1.0000; C:1.0000]
 31.0000: (LOAD-TRUCK PACKAGE1 TRUCK2 S0) [D:1.0000; C:1.0000]
 32.0000: (DRIVE-TRUCK TRUCK2 S0 S13 DRIVER2) [D:1.0000; C:1.0000]
 33.0000: (UNLOAD-TRUCK PACKAGE1 TRUCK2 S13) [D:1.0000; C:1.0000]
 34.0000: (DRIVE-TRUCK TRUCK2 S13 S7 DRIVER2) [D:1.0000; C:1.0000]
 35.0000: (DRIVE-TRUCK TRUCK2 S7 S5 DRIVER2) [D:1.0000; C:1.0000]
 36.0000: (DRIVE-TRUCK TRUCK2 S5 S0 DRIVER2) [D:1.0000; C:1.0000]
 37.0000: (UNLOAD-TRUCK PACKAGE2 TRUCK2 S0) [D:1.0000; C:1.0000]
 38.0000: (DRIVE-TRUCK TRUCK2 S0 S3 DRIVER2) [D:1.0000; C:1.0000]
 39.0000: (UNLOAD-TRUCK PACKAGE7 TRUCK2 S3) [D:1.0000; C:1.0000]
 39.0000: (LOAD-TRUCK PACKAGE4 TRUCK2 S3) [D:1.0000; C:1.0000]
 40.0000: (DRIVE-TRUCK TRUCK2 S3 S11 DRIVER2) [D:1.0000; C:1.0000]
 41.0000: (UNLOAD-TRUCK PACKAGE4 TRUCK2 S11) [D:1.0000; C:1.0000]
 42.0000: (DRIVE-TRUCK TRUCK2 S11 S2 DRIVER2) [D:1.0000; C:1.0000]
 43.0000: (LOAD-TRUCK PACKAGE9 TRUCK2 S2) [D:1.0000; C:1.0000]
 44.0000: (DRIVE-TRUCK TRUCK2 S2 S13 DRIVER2) [D:1.0000; C:1.0000]
 45.0000: (DRIVE-TRUCK TRUCK2 S13 S11 DRIVER2) [D:1.0000; C:1.0000]
 46.0000: (DRIVE-TRUCK TRUCK2 S11 S7 DRIVER2) [D:1.0000; C:1.0000]
 47.0000: (DRIVE-TRUCK TRUCK2 S7 S4 DRIVER2) [D:1.0000; C:1.0000]
 48.0000: (UNLOAD-TRUCK PACKAGE9 TRUCK2 S4) [D:1.0000; C:1.0000]
 49.0000: (DRIVE-TRUCK TRUCK2 S4 S7 DRIVER2) [D:1.0000; C:1.0000]
 50.0000: (DISEMBARK-TRUCK DRIVER2 TRUCK2 S7) [D:1.0000; C:1.0000]
 51.0000: (BOARD-TRUCK DRIVER2 TRUCK1 S7) [D:1.0000; C:1.0000]
 52.0000: (DRIVE-TRUCK TRUCK1 S7 S6 DRIVER2) [D:1.0000; C:1.0000]
 53.0000: (DRIVE-TRUCK TRUCK1 S6 S8 DRIVER2) [D:1.0000; C:1.0000]
 54.0000: (UNLOAD-TRUCK PACKAGE10 TRUCK1 S8) [D:1.0000; C:1.0000]
 55.0000: (DRIVE-TRUCK TRUCK1 S8 S6 DRIVER2) [D:1.0000; C:1.0000]
 56.0000: (DRIVE-TRUCK TRUCK1 S6 S7 DRIVER2) [D:1.0000; C:1.0000]
 57.0000: (DRIVE-TRUCK TRUCK1 S7 S4 DRIVER2) [D:1.0000; C:1.0000]
 58.0000: (DISEMBARK-TRUCK DRIVER2 TRUCK1 S4) [D:1.0000; C:1.0000]
 59.0000: (BOARD-TRUCK DRIVER3 TRUCK1 S4) [D:1.0000; C:1.0000]
 59.0000: (WALK DRIVER2 S4 P12-4) [D:1.0000; C:1.0000]
 60.0000: (DISEMBARK-TRUCK DRIVER3 TRUCK1 S4) [D:1.0000; C:1.0000]
 60.0000: (WALK DRIVER2 P12-4 S4) [D:1.0000; C:1.0000]
 61.0000: (WALK DRIVER2 S4 P9-4) [D:1.0000; C:1.0000]
 61.0000: (BOARD-TRUCK DRIVER3 TRUCK1 S4) [D:1.0000; C:1.0000]
 62.0000: (WALK DRIVER2 P9-4 S9) [D:1.0000; C:1.0000]
 62.0000: (DRIVE-TRUCK TRUCK1 S4 S10 DRIVER3) [D:1.0000; C:1.0000]
 63.0000: (WALK DRIVER2 S9 P7-9) [D:1.0000; C:1.0000]
 63.0000: (DRIVE-TRUCK TRUCK1 S10 S1 DRIVER3) [D:1.0000; C:1.0000]
 64.0000: (WALK DRIVER2 P7-9 S7) [D:1.0000; C:1.0000]
 64.0000: (DRIVE-TRUCK TRUCK1 S1 S0 DRIVER3) [D:1.0000; C:1.0000]
 65.0000: (DRIVE-TRUCK TRUCK1 S0 S3 DRIVER3) [D:1.0000; C:1.0000]
 65.0000: (BOARD-TRUCK DRIVER2 TRUCK2 S7) [D:1.0000; C:1.0000]
 66.0000: (DISEMBARK-TRUCK DRIVER3 TRUCK1 S3) [D:1.0000; C:1.0000]
 66.0000: (DRIVE-TRUCK TRUCK2 S7 S4 DRIVER2) [D:1.0000; C:1.0000]
 67.0000: (WALK DRIVER3 S3 P2-3) [D:1.0000; C:1.0000]
 67.0000: (DISEMBARK-TRUCK DRIVER2 TRUCK2 S4) [D:1.0000; C:1.0000]
 68.0000: (WALK DRIVER3 P2-3 S3) [D:1.0000; C:1.0000]
 68.0000: (WALK DRIVER2 S4 P4-6) [D:1.0000; C:1.0000]
 68.0000: (BOARD-TRUCK DRIVER5 TRUCK2 S4) [D:1.0000; C:1.0000]
 69.0000: (WALK DRIVER3 S3 P2-3) [D:1.0000; C:1.0000]
 69.0000: (WALK DRIVER2 P4-6 S6) [D:1.0000; C:1.0000]
 69.0000: (DRIVE-TRUCK TRUCK2 S4 S7 DRIVER5) [D:1.0000; C:1.0000]
 70.0000: (WALK DRIVER3 P2-3 S3) [D:1.0000; C:1.0000]
 70.0000: (WALK DRIVER2 S6 P2-6) [D:1.0000; C:1.0000]
 70.0000: (DRIVE-TRUCK TRUCK2 S7 S10 DRIVER5) [D:1.0000; C:1.0000]
 71.0000: (WALK DRIVER3 S3 P3-10) [D:1.0000; C:1.0000]
 71.0000: (WALK DRIVER2 P2-6 S2) [D:1.0000; C:1.0000]
 71.0000: (DRIVE-TRUCK TRUCK2 S10 S1 DRIVER5) [D:1.0000; C:1.0000]
 72.0000: (WALK DRIVER3 P3-10 S10) [D:1.0000; C:1.0000]
 72.0000: (DRIVE-TRUCK TRUCK2 S1 S3 DRIVER5) [D:1.0000; C:1.0000]
 72.0000: (WALK DRIVER2 S2 P2-3) [D:1.0000; C:1.0000]
 73.0000: (WALK DRIVER3 S10 P10-0) [D:1.0000; C:1.0000]
 73.0000: (DISEMBARK-TRUCK DRIVER5 TRUCK2 S3) [D:1.0000; C:1.0000]
 73.0000: (WALK DRIVER2 P2-3 S3) [D:1.0000; C:1.0000]
 74.0000: (WALK DRIVER3 P10-0 S0) [D:1.0000; C:1.0000]
 74.0000: (BOARD-TRUCK DRIVER5 TRUCK2 S3) [D:1.0000; C:1.0000]
 74.0000: (WALK DRIVER2 S3 P3-7) [D:1.0000; C:1.0000]
 75.0000: (WALK DRIVER3 S0 P10-0) [D:1.0000; C:1.0000]
 75.0000: (DRIVE-TRUCK TRUCK2 S3 S0 DRIVER5) [D:1.0000; C:1.0000]
 75.0000: (WALK DRIVER2 P3-7 S3) [D:1.0000; C:1.0000]
 76.0000: (WALK DRIVER3 P10-0 S0) [D:1.0000; C:1.0000]
 76.0000: (DRIVE-TRUCK TRUCK2 S0 S3 DRIVER5) [D:1.0000; C:1.0000]
 76.0000: (WALK DRIVER2 S3 P2-3) [D:1.0000; C:1.0000]
 77.0000: (WALK DRIVER3 S0 P14-0) [D:1.0000; C:1.0000]
 77.0000: (DISEMBARK-TRUCK DRIVER5 TRUCK2 S3) [D:1.0000; C:1.0000]
 77.0000: (WALK DRIVER2 P2-3 S3) [D:1.0000; C:1.0000]
 78.0000: (WALK DRIVER3 P14-0 S0) [D:1.0000; C:1.0000]
 78.0000: (WALK DRIVER2 S3 P2-3) [D:1.0000; C:1.0000]
 78.0000: (WALK DRIVER5 S3 P3-10) [D:1.0000; C:1.0000]
 79.0000: (WALK DRIVER3 S0 P9-0) [D:1.0000; C:1.0000]
 79.0000: (WALK DRIVER2 P2-3 S3) [D:1.0000; C:1.0000]
 79.0000: (WALK DRIVER5 P3-10 S3) [D:1.0000; C:1.0000]
 80.0000: (WALK DRIVER3 P9-0 S0) [D:1.0000; C:1.0000]
 80.0000: (WALK DRIVER2 S3 P3-11) [D:1.0000; C:1.0000]
 80.0000: (WALK DRIVER5 S3 P3-11) [D:1.0000; C:1.0000]
 81.0000: (WALK DRIVER3 S0 P10-0) [D:1.0000; C:1.0000]
 81.0000: (WALK DRIVER2 P3-11 S3) [D:1.0000; C:1.0000]
 81.0000: (WALK DRIVER5 P3-11 S11) [D:1.0000; C:1.0000]
 82.0000: (WALK DRIVER3 P10-0 S0) [D:1.0000; C:1.0000]
 82.0000: (WALK DRIVER2 S3 P2-3) [D:1.0000; C:1.0000]
 82.0000: (WALK DRIVER5 S11 P3-11) [D:1.0000; C:1.0000]
 83.0000: (WALK DRIVER3 S0 P9-0) [D:1.0000; C:1.0000]
 83.0000: (WALK DRIVER2 P2-3 S3) [D:1.0000; C:1.0000]
 83.0000: (WALK DRIVER5 P3-11 S11) [D:1.0000; C:1.0000]
 84.0000: (WALK DRIVER3 P9-0 S0) [D:1.0000; C:1.0000]
 84.0000: (WALK DRIVER2 S3 P3-7) [D:1.0000; C:1.0000]
 84.0000: (WALK DRIVER5 S11 P3-11) [D:1.0000; C:1.0000]
 85.0000: (WALK DRIVER3 S0 P0-4) [D:1.0000; C:1.0000]
 85.0000: (WALK DRIVER2 P3-7 S3) [D:1.0000; C:1.0000]
 85.0000: (WALK DRIVER5 P3-11 S11) [D:1.0000; C:1.0000]
 86.0000: (WALK DRIVER3 P0-4 S4) [D:1.0000; C:1.0000]
 86.0000: (BOARD-TRUCK DRIVER2 TRUCK2 S3) [D:1.0000; C:1.0000]
 87.0000: (BOARD-TRUCK DRIVER3 TRUCK5 S4) [D:1.0000; C:1.0000]
 87.0000: (DRIVE-TRUCK TRUCK2 S3 S11 DRIVER2) [D:1.0000; C:1.0000]
 88.0000: (DRIVE-TRUCK TRUCK5 S4 S7 DRIVER3) [D:1.0000; C:1.0000]
 88.0000: (DISEMBARK-TRUCK DRIVER2 TRUCK2 S11) [D:1.0000; C:1.0000]
 89.0000: (DRIVE-TRUCK TRUCK5 S7 S11 DRIVER3) [D:1.0000; C:1.0000]
 89.0000: (BOARD-TRUCK DRIVER4 TRUCK2 S11) [D:1.0000; C:1.0000]
 90.0000: (DISEMBARK-TRUCK DRIVER3 TRUCK5 S11) [D:1.0000; C:1.0000]
 90.0000: (DRIVE-TRUCK TRUCK2 S11 S0 DRIVER4) [D:1.0000; C:1.0000]
 91.0000: (BOARD-TRUCK DRIVER2 TRUCK5 S11) [D:1.0000; C:1.0000]
 91.0000: (DRIVE-TRUCK TRUCK2 S0 S14 DRIVER4) [D:1.0000; C:1.0000]
 92.0000: (DRIVE-TRUCK TRUCK5 S11 S7 DRIVER2) [D:1.0000; C:1.0000]
 92.0000: (DISEMBARK-TRUCK DRIVER4 TRUCK2 S14) [D:1.0000; C:1.0000]
 93.0000: (DRIVE-TRUCK TRUCK5 S7 S6 DRIVER2) [D:1.0000; C:1.0000]
 94.0000: (DRIVE-TRUCK TRUCK5 S6 S7 DRIVER2) [D:1.0000; C:1.0000]
 95.0000: (DRIVE-TRUCK TRUCK5 S7 S11 DRIVER2) [D:1.0000; C:1.0000]
 96.0000: (DRIVE-TRUCK TRUCK5 S11 S0 DRIVER2) [D:1.0000; C:1.0000]
 97.0000: (DRIVE-TRUCK TRUCK5 S0 S10 DRIVER2) [D:1.0000; C:1.0000]
 98.0000: (DRIVE-TRUCK TRUCK5 S10 S0 DRIVER2) [D:1.0000; C:1.0000]
 99.0000: (DRIVE-TRUCK TRUCK5 S0 S14 DRIVER2) [D:1.0000; C:1.0000]
 100.0000: (DISEMBARK-TRUCK DRIVER2 TRUCK5 S14) [D:1.0000; C:1.0000]
 101.0000: (WALK DRIVER2 S14 P13-14) [D:1.0000; C:1.0000]
 102.0000: (WALK DRIVER2 P13-14 S13) [D:1.0000; C:1.0000]
 103.0000: (BOARD-TRUCK DRIVER2 TRUCK4 S13) [D:1.0000; C:1.0000]
 104.0000: (DRIVE-TRUCK TRUCK4 S13 S1 DRIVER2) [D:1.0000; C:1.0000]
 105.0000: (DISEMBARK-TRUCK DRIVER2 TRUCK4 S1) [D:1.0000; C:1.0000]
 106.0000: (BOARD-TRUCK DRIVER2 TRUCK3 S1) [D:1.0000; C:1.0000]
 107.0000: (DRIVE-TRUCK TRUCK3 S1 S3 DRIVER2) [D:1.0000; C:1.0000]
 108.0000: (DRIVE-TRUCK TRUCK3 S3 S11 DRIVER2) [D:1.0000; C:1.0000]
 109.0000: (DISEMBARK-TRUCK DRIVER2 TRUCK3 S11) [D:1.0000; C:1.0000]
 110.0000: (BOARD-TRUCK DRIVER3 TRUCK3 S11) [D:1.0000; C:1.0000]
 111.0000: (DISEMBARK-TRUCK DRIVER3 TRUCK3 S11) [D:1.0000; C:1.0000]
 112.0000: (BOARD-TRUCK DRIVER5 TRUCK3 S11) [D:1.0000; C:1.0000]
 112.0000: (WALK DRIVER3 S11 P3-11) [D:1.0000; C:1.0000]
 113.0000: (DRIVE-TRUCK TRUCK3 S11 S0 DRIVER5) [D:1.0000; C:1.0000]
 113.0000: (WALK DRIVER3 P3-11 S3) [D:1.0000; C:1.0000]
 114.0000: (DRIVE-TRUCK TRUCK3 S0 S14 DRIVER5) [D:1.0000; C:1.0000]
 114.0000: (BOARD-TRUCK DRIVER3 TRUCK1 S3) [D:1.0000; C:1.0000]
 115.0000: (DISEMBARK-TRUCK DRIVER5 TRUCK3 S14) [D:1.0000; C:1.0000]
 115.0000: (DRIVE-TRUCK TRUCK1 S3 S10 DRIVER3) [D:1.0000; C:1.0000]
 116.0000: (BOARD-TRUCK DRIVER1 TRUCK3 S14) [D:1.0000; C:1.0000]
 116.0000: (WALK DRIVER5 S14 P13-14) [D:1.0000; C:1.0000]
 116.0000: (DRIVE-TRUCK TRUCK1 S10 S4 DRIVER3) [D:1.0000; C:1.0000]
 117.0000: (DISEMBARK-TRUCK DRIVER1 TRUCK3 S14) [D:1.0000; C:1.0000]
 117.0000: (WALK DRIVER5 P13-14 S13) [D:1.0000; C:1.0000]
 117.0000: (DRIVE-TRUCK TRUCK1 S4 S7 DRIVER3) [D:1.0000; C:1.0000]
 118.0000: (WALK DRIVER5 S13 P7-13) [D:1.0000; C:1.0000]
 118.0000: (WALK DRIVER1 S14 P14-9) [D:1.0000; C:1.0000]
 118.0000: (BOARD-TRUCK DRIVER4 TRUCK3 S14) [D:1.0000; C:1.0000]
 118.0000: (DISEMBARK-TRUCK DRIVER3 TRUCK1 S7) [D:1.0000; C:1.0000]
 119.0000: (WALK DRIVER5 P7-13 S7) [D:1.0000; C:1.0000]
 119.0000: (WALK DRIVER1 P14-9 S9) [D:1.0000; C:1.0000]
 119.0000: (DRIVE-TRUCK TRUCK3 S14 S6 DRIVER4) [D:1.0000; C:1.0000]
 119.0000: (WALK DRIVER3 S7 P3-7) [D:1.0000; C:1.0000]
 120.0000: (WALK DRIVER5 S7 P7-9) [D:1.0000; C:1.0000]
 120.0000: (WALK DRIVER1 S9 P9-4) [D:1.0000; C:1.0000]
 120.0000: (DRIVE-TRUCK TRUCK3 S6 S7 DRIVER4) [D:1.0000; C:1.0000]
 120.0000: (WALK DRIVER3 P3-7 S3) [D:1.0000; C:1.0000]
 121.0000: (WALK DRIVER5 P7-9 S7) [D:1.0000; C:1.0000]
 121.0000: (WALK DRIVER1 P9-4 S4) [D:1.0000; C:1.0000]
 121.0000: (DISEMBARK-TRUCK DRIVER4 TRUCK3 S7) [D:1.0000; C:1.0000]
 121.0000: (WALK DRIVER3 S3 P3-7) [D:1.0000; C:1.0000]
 122.0000: (WALK DRIVER3 P3-7 S3) [D:1.0000; C:1.0000]
 122.0000: (BOARD-TRUCK DRIVER4 TRUCK1 S7) [D:1.0000; C:1.0000]
 122.0000: (BOARD-TRUCK DRIVER5 TRUCK3 S7) [D:1.0000; C:1.0000]
 122.0000: (WALK DRIVER1 S4 P12-4) [D:1.0000; C:1.0000]
 123.0000: (DRIVE-TRUCK TRUCK1 S7 S11 DRIVER4) [D:1.0000; C:1.0000]
 123.0000: (DRIVE-TRUCK TRUCK3 S7 S13 DRIVER5) [D:1.0000; C:1.0000]
 123.0000: (WALK DRIVER3 S3 P3-11) [D:1.0000; C:1.0000]
 123.0000: (WALK DRIVER1 P12-4 S12) [D:1.0000; C:1.0000]
 124.0000: (DRIVE-TRUCK TRUCK1 S11 S0 DRIVER4) [D:1.0000; C:1.0000]
 124.0000: (DRIVE-TRUCK TRUCK3 S13 S1 DRIVER5) [D:1.0000; C:1.0000]
 124.0000: (WALK DRIVER3 P3-11 S11) [D:1.0000; C:1.0000]
 125.0000: (DRIVE-TRUCK TRUCK1 S0 S5 DRIVER4) [D:1.0000; C:1.0000]
 125.0000: (DRIVE-TRUCK TRUCK3 S1 S2 DRIVER5) [D:1.0000; C:1.0000]
 125.0000: (WALK DRIVER3 S11 P3-11) [D:1.0000; C:1.0000]
 126.0000: (DISEMBARK-TRUCK DRIVER4 TRUCK1 S5) [D:1.0000; C:1.0000]
 126.0000: (DISEMBARK-TRUCK DRIVER5 TRUCK3 S2) [D:1.0000; C:1.0000]
 126.0000: (WALK DRIVER3 P3-11 S11) [D:1.0000; C:1.0000]
 127.0000: (WALK DRIVER4 S5 P1-5) [D:1.0000; C:1.0000]
 127.0000: (WALK DRIVER5 S2 P2-6) [D:1.0000; C:1.0000]
 128.0000: (WALK DRIVER4 P1-5 S1) [D:1.0000; C:1.0000]
 128.0000: (WALK DRIVER5 P2-6 S2) [D:1.0000; C:1.0000]
 129.0000: (BOARD-TRUCK DRIVER4 TRUCK4 S1) [D:1.0000; C:1.0000]
 129.0000: (BOARD-TRUCK DRIVER5 TRUCK3 S2) [D:1.0000; C:1.0000]
 130.0000: (DRIVE-TRUCK TRUCK4 S1 S3 DRIVER4) [D:1.0000; C:1.0000]
 130.0000: (DRIVE-TRUCK TRUCK3 S2 S7 DRIVER5) [D:1.0000; C:1.0000]
 131.0000: (DRIVE-TRUCK TRUCK4 S3 S12 DRIVER4) [D:1.0000; C:1.0000]
 131.0000: (DRIVE-TRUCK TRUCK3 S7 S2 DRIVER5) [D:1.0000; C:1.0000]
 132.0000: (DRIVE-TRUCK TRUCK3 S2 S7 DRIVER5) [D:1.0000; C:1.0000]
 132.0000: (DISEMBARK-TRUCK DRIVER4 TRUCK4 S12) [D:1.0000; C:1.0000]
 133.0000: (DRIVE-TRUCK TRUCK3 S7 S10 DRIVER5) [D:1.0000; C:1.0000]
 134.0000: (DRIVE-TRUCK TRUCK3 S10 S2 DRIVER5) [D:1.0000; C:1.0000]
 135.0000: (DRIVE-TRUCK TRUCK3 S2 S11 DRIVER5) [D:1.0000; C:1.0000]
 136.0000: (DISEMBARK-TRUCK DRIVER5 TRUCK3 S11) [D:1.0000; C:1.0000]
 137.0000: (BOARD-TRUCK DRIVER2 TRUCK3 S11) [D:1.0000; C:1.0000]
 138.0000: (DRIVE-TRUCK TRUCK3 S11 S3 DRIVER2) [D:1.0000; C:1.0000]
 139.0000: (DRIVE-TRUCK TRUCK3 S3 S8 DRIVER2) [D:1.0000; C:1.0000]
 140.0000: (DISEMBARK-TRUCK DRIVER2 TRUCK3 S8) [D:1.0000; C:1.0000]
 141.0000: (WALK DRIVER2 S8 P14-8) [D:1.0000; C:1.0000]
 142.0000: (WALK DRIVER2 P14-8 S14) [D:1.0000; C:1.0000]
 143.0000: (BOARD-TRUCK DRIVER2 TRUCK2 S14) [D:1.0000; C:1.0000]
 144.0000: (DRIVE-TRUCK TRUCK2 S14 S0 DRIVER2) [D:1.0000; C:1.0000]
 145.0000: (DRIVE-TRUCK TRUCK2 S0 S3 DRIVER2) [D:1.0000; C:1.0000]
 146.0000: (DRIVE-TRUCK TRUCK2 S3 S11 DRIVER2) [D:1.0000; C:1.0000]
 147.0000: (DISEMBARK-TRUCK DRIVER2 TRUCK2 S11) [D:1.0000; C:1.0000]
 148.0000: (BOARD-TRUCK DRIVER3 TRUCK2 S11) [D:1.0000; C:1.0000]
 149.0000: (DISEMBARK-TRUCK DRIVER3 TRUCK2 S11) [D:1.0000; C:1.0000]
 150.0000: (BOARD-TRUCK DRIVER5 TRUCK2 S11) [D:1.0000; C:1.0000]
 151.0000: (DISEMBARK-TRUCK DRIVER5 TRUCK2 S11) [D:1.0000; C:1.0000]
 152.0000: (BOARD-TRUCK DRIVER2 TRUCK2 S11) [D:1.0000; C:1.0000]
 153.0000: (DISEMBARK-TRUCK DRIVER2 TRUCK2 S11) [D:1.0000; C:1.0000]
 154.0000: (BOARD-TRUCK DRIVER5 TRUCK2 S11) [D:1.0000; C:1.0000]
 155.0000: (DISEMBARK-TRUCK DRIVER5 TRUCK2 S11) [D:1.0000; C:1.0000]
 156.0000: (BOARD-TRUCK DRIVER2 TRUCK2 S11) [D:1.0000; C:1.0000]
 157.0000: (DISEMBARK-TRUCK DRIVER2 TRUCK2 S11) [D:1.0000; C:1.0000]
 158.0000: (BOARD-TRUCK DRIVER5 TRUCK2 S11) [D:1.0000; C:1.0000]
 159.0000: (DISEMBARK-TRUCK DRIVER5 TRUCK2 S11) [D:1.0000; C:1.0000]
 160.0000: (BOARD-TRUCK DRIVER2 TRUCK2 S11) [D:1.0000; C:1.0000]
 161.0000: (DISEMBARK-TRUCK DRIVER2 TRUCK2 S11) [D:1.0000; C:1.0000]
 162.0000: (BOARD-TRUCK DRIVER3 TRUCK2 S11) [D:1.0000; C:1.0000]
 163.0000: (DISEMBARK-TRUCK DRIVER3 TRUCK2 S11) [D:1.0000; C:1.0000]
 164.0000: (BOARD-TRUCK DRIVER2 TRUCK2 S11) [D:1.0000; C:1.0000]
 165.0000: (DISEMBARK-TRUCK DRIVER2 TRUCK2 S11) [D:1.0000; C:1.0000]
 166.0000: (BOARD-TRUCK DRIVER3 TRUCK2 S11) [D:1.0000; C:1.0000]
 167.0000: (DISEMBARK-TRUCK DRIVER3 TRUCK2 S11) [D:1.0000; C:1.0000]
 168.0000: (BOARD-TRUCK DRIVER2 TRUCK2 S11) [D:1.0000; C:1.0000]
 169.0000: (DISEMBARK-TRUCK DRIVER2 TRUCK2 S11) [D:1.0000; C:1.0000]
 170.0000: (BOARD-TRUCK DRIVER3 TRUCK2 S11) [D:1.0000; C:1.0000]
 171.0000: (DISEMBARK-TRUCK DRIVER3 TRUCK2 S11) [D:1.0000; C:1.0000]
 172.0000: (BOARD-TRUCK DRIVER5 TRUCK2 S11) [D:1.0000; C:1.0000]
 173.0000: (DRIVE-TRUCK TRUCK2 S11 S3 DRIVER5) [D:1.0000; C:1.0000]
 174.0000: (DRIVE-TRUCK TRUCK2 S3 S8 DRIVER5) [D:1.0000; C:1.0000]
 175.0000: (DRIVE-TRUCK TRUCK2 S8 S3 DRIVER5) [D:1.0000; C:1.0000]
 176.0000: (DRIVE-TRUCK TRUCK2 S3 S8 DRIVER5) [D:1.0000; C:1.0000]
 177.0000: (DISEMBARK-TRUCK DRIVER5 TRUCK2 S8) [D:1.0000; C:1.0000]
 178.0000: (BOARD-TRUCK DRIVER5 TRUCK3 S8) [D:1.0000; C:1.0000]
 179.0000: (DRIVE-TRUCK TRUCK3 S8 S3 DRIVER5) [D:1.0000; C:1.0000]
 180.0000: (DRIVE-TRUCK TRUCK3 S3 S0 DRIVER5) [D:1.0000; C:1.0000]
 181.0000: (DRIVE-TRUCK TRUCK3 S0 S12 DRIVER5) [D:1.0000; C:1.0000]
 182.0000: (DRIVE-TRUCK TRUCK3 S12 S3 DRIVER5) [D:1.0000; C:1.0000]
 183.0000: (DRIVE-TRUCK TRUCK3 S3 S11 DRIVER5) [D:1.0000; C:1.0000]
 184.0000: (DISEMBARK-TRUCK DRIVER5 TRUCK3 S11) [D:1.0000; C:1.0000]
 185.0000: (BOARD-TRUCK DRIVER2 TRUCK3 S11) [D:1.0000; C:1.0000]
 186.0000: (DRIVE-TRUCK TRUCK3 S11 S3 DRIVER2) [D:1.0000; C:1.0000]
 187.0000: (DRIVE-TRUCK TRUCK3 S3 S8 DRIVER2) [D:1.0000; C:1.0000]
 188.0000: (DISEMBARK-TRUCK DRIVER2 TRUCK3 S8) [D:1.0000; C:1.0000]
 189.0000: (BOARD-TRUCK DRIVER2 TRUCK2 S8) [D:1.0000; C:1.0000]
 190.0000: (DRIVE-TRUCK TRUCK2 S8 S6 DRIVER2) [D:1.0000; C:1.0000]
 191.0000: (DRIVE-TRUCK TRUCK2 S6 S7 DRIVER2) [D:1.0000; C:1.0000]
 192.0000: (DRIVE-TRUCK TRUCK2 S7 S11 DRIVER2) [D:1.0000; C:1.0000]
 193.0000: (DISEMBARK-TRUCK DRIVER2 TRUCK2 S11) [D:1.0000; C:1.0000]
 194.0000: (BOARD-TRUCK DRIVER3 TRUCK2 S11) [D:1.0000; C:1.0000]
 195.0000: (DISEMBARK-TRUCK DRIVER3 TRUCK2 S11) [D:1.0000; C:1.0000]
 196.0000: (BOARD-TRUCK DRIVER5 TRUCK2 S11) [D:1.0000; C:1.0000]
 197.0000: (DISEMBARK-TRUCK DRIVER5 TRUCK2 S11) [D:1.0000; C:1.0000]
 198.0000: (BOARD-TRUCK DRIVER3 TRUCK2 S11) [D:1.0000; C:1.0000]
 199.0000: (DISEMBARK-TRUCK DRIVER3 TRUCK2 S11) [D:1.0000; C:1.0000]
 200.0000: (BOARD-TRUCK DRIVER5 TRUCK2 S11) [D:1.0000; C:1.0000]
 201.0000: (DISEMBARK-TRUCK DRIVER5 TRUCK2 S11) [D:1.0000; C:1.0000]
 202.0000: (BOARD-TRUCK DRIVER2 TRUCK2 S11) [D:1.0000; C:1.0000]
 203.0000: (DISEMBARK-TRUCK DRIVER2 TRUCK2 S11) [D:1.0000; C:1.0000]
 204.0000: (BOARD-TRUCK DRIVER3 TRUCK2 S11) [D:1.0000; C:1.0000]
 205.0000: (DISEMBARK-TRUCK DRIVER3 TRUCK2 S11) [D:1.0000; C:1.0000]
 206.0000: (BOARD-TRUCK DRIVER2 TRUCK2 S11) [D:1.0000; C:1.0000]
 207.0000: (DRIVE-TRUCK TRUCK2 S11 S0 DRIVER2) [D:1.0000; C:1.0000]
 208.0000: (DRIVE-TRUCK TRUCK2 S0 S6 DRIVER2) [D:1.0000; C:1.0000]
 209.0000: (DISEMBARK-TRUCK DRIVER2 TRUCK2 S6) [D:1.0000; C:1.0000]
 210.0000: (WALK DRIVER2 S6 P2-6) [D:1.0000; C:1.0000]
 211.0000: (WALK DRIVER2 P2-6 S2) [D:1.0000; C:1.0000]
 212.0000: (WALK DRIVER2 S2 P2-3) [D:1.0000; C:1.0000]
 213.0000: (WALK DRIVER2 P2-3 S3) [D:1.0000; C:1.0000]
 214.0000: (WALK DRIVER2 S3 P3-11) [D:1.0000; C:1.0000]
 215.0000: (WALK DRIVER2 P3-11 S11) [D:1.0000; C:1.0000]


Solution found:
Total time:      11.85
Search time:     11.79
Actions:         342
Execution cost:  342.00
Duration:        216.000
Plan quality:    342.000

__MEMKB 162816
