
Parsing domain file:  domain 'DRIVERLOG' defined ... done.
Parsing problem file:  problem 'DLOG-5-5-15' defined ... done.



Modality: Fast Planner

Number of actions             :    6170
Number of conditional actions :       0
Number of facts               :     660


Analyzing Planning Problem:
	Temporal Planning Problem: NO
	Numeric Planning Problem: NO
	Problem with Timed Initial Litearals: NO
	Problem with Derived Predicates: NO

Evaluation function weights:
     Action duration 0.00; Action cost 1.00


Computing mutex... done

Preprocessing total time: 0.07 seconds

Searching ('.' = every 50 search steps):
... solution found: 

Plan computed:
   Time: (ACTION) [action Duration; action Cost]
 0.0000: (LOAD-TRUCK PACKAGE1 TRUCK3 S12) [D:1.0000; C:1.0000]
 0.0000: (BOARD-TRUCK DRIVER1 TRUCK5 S10) [D:1.0000; C:1.0000]
 0.0000: (WALK DRIVER5 S2 P2-14) [D:1.0000; C:1.0000]
 0.0000: (WALK DRIVER4 S9 P9-12) [D:1.0000; C:1.0000]
 1.0000: (DRIVE-TRUCK TRUCK5 S10 S14 DRIVER1) [D:1.0000; C:1.0000]
 1.0000: (WALK DRIVER5 P2-14 S14) [D:1.0000; C:1.0000]
 1.0000: (WALK DRIVER4 P9-12 S12) [D:1.0000; C:1.0000]
 2.0000: (LOAD-TRUCK PACKAGE2 TRUCK5 S14) [D:1.0000; C:1.0000]
 2.0000: (LOAD-TRUCK PACKAGE15 TRUCK5 S14) [D:1.0000; C:1.0000]
 2.0000: (BOARD-TRUCK DRIVER4 TRUCK3 S12) [D:1.0000; C:1.0000]
 3.0000: (DRIVE-TRUCK TRUCK5 S14 S4 DRIVER1) [D:1.0000; C:1.0000]
 3.0000: (DRIVE-TRUCK TRUCK3 S12 S10 DRIVER4) [D:1.0000; C:1.0000]
 4.0000: (UNLOAD-TRUCK PACKAGE15 TRUCK5 S4) [D:1.0000; C:1.0000]
 4.0000: (DRIVE-TRUCK TRUCK3 S10 S1 DRIVER4) [D:1.0000; C:1.0000]
 5.0000: (DRIVE-TRUCK TRUCK5 S4 S14 DRIVER1) [D:1.0000; C:1.0000]
 5.0000: (UNLOAD-TRUCK PACKAGE1 TRUCK3 S1) [D:1.0000; C:1.0000]
 6.0000: (DRIVE-TRUCK TRUCK5 S14 S13 DRIVER1) [D:1.0000; C:1.0000]
 6.0000: (DRIVE-TRUCK TRUCK3 S1 S9 DRIVER4) [D:1.0000; C:1.0000]
 7.0000: (DISEMBARK-TRUCK DRIVER1 TRUCK5 S13) [D:1.0000; C:1.0000]
 7.0000: (DRIVE-TRUCK TRUCK3 S9 S2 DRIVER4) [D:1.0000; C:1.0000]
 8.0000: (WALK DRIVER1 S13 P2-13) [D:1.0000; C:1.0000]
 8.0000: (BOARD-TRUCK DRIVER2 TRUCK5 S13) [D:1.0000; C:1.0000]
 8.0000: (LOAD-TRUCK PACKAGE5 TRUCK3 S2) [D:1.0000; C:1.0000]
 8.0000: (LOAD-TRUCK PACKAGE13 TRUCK3 S2) [D:1.0000; C:1.0000]
 9.0000: (WALK DRIVER1 P2-13 S2) [D:1.0000; C:1.0000]
 9.0000: (DRIVE-TRUCK TRUCK5 S13 S15 DRIVER2) [D:1.0000; C:1.0000]
 9.0000: (DRIVE-TRUCK TRUCK3 S2 S6 DRIVER4) [D:1.0000; C:1.0000]
 10.0000: (WALK DRIVER1 S2 P2-6) [D:1.0000; C:1.0000]
 10.0000: (UNLOAD-TRUCK PACKAGE2 TRUCK5 S15) [D:1.0000; C:1.0000]
 10.0000: (UNLOAD-TRUCK PACKAGE5 TRUCK3 S6) [D:1.0000; C:1.0000]
 11.0000: (WALK DRIVER1 P2-6 S6) [D:1.0000; C:1.0000]
 11.0000: (DRIVE-TRUCK TRUCK5 S15 S3 DRIVER2) [D:1.0000; C:1.0000]
 11.0000: (DRIVE-TRUCK TRUCK3 S6 S14 DRIVER4) [D:1.0000; C:1.0000]
 12.0000: (LOAD-TRUCK PACKAGE3 TRUCK5 S3) [D:1.0000; C:1.0000]
 12.0000: (DRIVE-TRUCK TRUCK3 S14 S8 DRIVER4) [D:1.0000; C:1.0000]
 13.0000: (DRIVE-TRUCK TRUCK5 S3 S5 DRIVER2) [D:1.0000; C:1.0000]
 13.0000: (DRIVE-TRUCK TRUCK3 S8 S14 DRIVER4) [D:1.0000; C:1.0000]
 14.0000: (LOAD-TRUCK PACKAGE10 TRUCK5 S5) [D:1.0000; C:1.0000]
 14.0000: (DRIVE-TRUCK TRUCK3 S14 S10 DRIVER4) [D:1.0000; C:1.0000]
 15.0000: (DRIVE-TRUCK TRUCK5 S5 S2 DRIVER2) [D:1.0000; C:1.0000]
 15.0000: (UNLOAD-TRUCK PACKAGE13 TRUCK3 S10) [D:1.0000; C:1.0000]
 16.0000: (DRIVE-TRUCK TRUCK5 S2 S11 DRIVER2) [D:1.0000; C:1.0000]
 16.0000: (DRIVE-TRUCK TRUCK3 S10 S1 DRIVER4) [D:1.0000; C:1.0000]
 17.0000: (UNLOAD-TRUCK PACKAGE10 TRUCK5 S11) [D:1.0000; C:1.0000]
 17.0000: (DISEMBARK-TRUCK DRIVER4 TRUCK3 S1) [D:1.0000; C:1.0000]
 18.0000: (DRIVE-TRUCK TRUCK5 S11 S3 DRIVER2) [D:1.0000; C:1.0000]
 19.0000: (DRIVE-TRUCK TRUCK5 S3 S10 DRIVER2) [D:1.0000; C:1.0000]
 20.0000: (UNLOAD-TRUCK PACKAGE3 TRUCK5 S10) [D:1.0000; C:1.0000]
 21.0000: (DRIVE-TRUCK TRUCK5 S10 S1 DRIVER2) [D:1.0000; C:1.0000]
 22.0000: (LOAD-TRUCK PACKAGE6 TRUCK5 S1) [D:1.0000; C:1.0000]
 23.0000: (DRIVE-TRUCK TRUCK5 S1 S13 DRIVER2) [D:1.0000; C:1.0000]
 24.0000: (DRIVE-TRUCK TRUCK5 S13 S8 DRIVER2) [D:1.0000; C:1.0000]
 25.0000: (UNLOAD-TRUCK PACKAGE6 TRUCK5 S8) [D:1.0000; C:1.0000]
 26.0000: (DRIVE-TRUCK TRUCK5 S8 S9 DRIVER2) [D:1.0000; C:1.0000]
 27.0000: (LOAD-TRUCK PACKAGE12 TRUCK5 S9) [D:1.0000; C:1.0000]
 28.0000: (DRIVE-TRUCK TRUCK5 S9 S2 DRIVER2) [D:1.0000; C:1.0000]
 29.0000: (DRIVE-TRUCK TRUCK5 S2 S6 DRIVER2) [D:1.0000; C:1.0000]
 30.0000: (UNLOAD-TRUCK PACKAGE12 TRUCK5 S6) [D:1.0000; C:1.0000]
 31.0000: (DRIVE-TRUCK TRUCK5 S6 S14 DRIVER2) [D:1.0000; C:1.0000]
 32.0000: (DISEMBARK-TRUCK DRIVER2 TRUCK5 S14) [D:1.0000; C:1.0000]
 33.0000: (BOARD-TRUCK DRIVER5 TRUCK5 S14) [D:1.0000; C:1.0000]
 33.0000: (WALK DRIVER2 S14 P3-14) [D:1.0000; C:1.0000]
 34.0000: (DRIVE-TRUCK TRUCK5 S14 S6 DRIVER5) [D:1.0000; C:1.0000]
 34.0000: (WALK DRIVER2 P3-14 S3) [D:1.0000; C:1.0000]
 35.0000: (DISEMBARK-TRUCK DRIVER5 TRUCK5 S6) [D:1.0000; C:1.0000]
 36.0000: (BOARD-TRUCK DRIVER1 TRUCK5 S6) [D:1.0000; C:1.0000]
 36.0000: (WALK DRIVER5 S6 P2-6) [D:1.0000; C:1.0000]
 37.0000: (WALK DRIVER5 P2-6 S2) [D:1.0000; C:1.0000]
 37.0000: (DRIVE-TRUCK TRUCK5 S6 S2 DRIVER1) [D:1.0000; C:1.0000]
 38.0000: (BOARD-TRUCK DRIVER5 TRUCK1 S2) [D:1.0000; C:1.0000]
 38.0000: (DRIVE-TRUCK TRUCK5 S2 S6 DRIVER1) [D:1.0000; C:1.0000]
 39.0000: (DRIVE-TRUCK TRUCK1 S2 S6 DRIVER5) [D:1.0000; C:1.0000]
 40.0000: (LOAD-TRUCK PACKAGE4 TRUCK1 S6) [D:1.0000; C:1.0000]
 41.0000: (DRIVE-TRUCK TRUCK1 S6 S14 DRIVER5) [D:1.0000; C:1.0000]
 42.0000: (DRIVE-TRUCK TRUCK1 S14 S10 DRIVER5) [D:1.0000; C:1.0000]
 43.0000: (DRIVE-TRUCK TRUCK1 S10 S3 DRIVER5) [D:1.0000; C:1.0000]
 44.0000: (UNLOAD-TRUCK PACKAGE4 TRUCK1 S3) [D:1.0000; C:1.0000]
 44.0000: (DISEMBARK-TRUCK DRIVER5 TRUCK1 S3) [D:1.0000; C:1.0000]
 45.0000: (BOARD-TRUCK DRIVER5 TRUCK4 S3) [D:1.0000; C:1.0000]
 45.0000: (BOARD-TRUCK DRIVER2 TRUCK1 S3) [D:1.0000; C:1.0000]
 46.0000: (DRIVE-TRUCK TRUCK1 S3 S13 DRIVER2) [D:1.0000; C:1.0000]
 46.0000: (DRIVE-TRUCK TRUCK4 S3 S12 DRIVER5) [D:1.0000; C:1.0000]
 47.0000: (DRIVE-TRUCK TRUCK1 S13 S1 DRIVER2) [D:1.0000; C:1.0000]
 47.0000: (LOAD-TRUCK PACKAGE8 TRUCK4 S12) [D:1.0000; C:1.0000]
 47.0000: (LOAD-TRUCK PACKAGE9 TRUCK4 S12) [D:1.0000; C:1.0000]
 48.0000: (DISEMBARK-TRUCK DRIVER2 TRUCK1 S1) [D:1.0000; C:1.0000]
 48.0000: (DRIVE-TRUCK TRUCK4 S12 S13 DRIVER5) [D:1.0000; C:1.0000]
 49.0000: (UNLOAD-TRUCK PACKAGE8 TRUCK4 S13) [D:1.0000; C:1.0000]
 49.0000: (BOARD-TRUCK DRIVER4 TRUCK1 S1) [D:1.0000; C:1.0000]
 49.0000: (BOARD-TRUCK DRIVER2 TRUCK3 S1) [D:1.0000; C:1.0000]
 50.0000: (DRIVE-TRUCK TRUCK4 S13 S1 DRIVER5) [D:1.0000; C:1.0000]
 50.0000: (DISEMBARK-TRUCK DRIVER4 TRUCK1 S1) [D:1.0000; C:1.0000]
 50.0000: (DRIVE-TRUCK TRUCK3 S1 S9 DRIVER2) [D:1.0000; C:1.0000]
 51.0000: (UNLOAD-TRUCK PACKAGE9 TRUCK4 S1) [D:1.0000; C:1.0000]
 51.0000: (LOAD-TRUCK PACKAGE11 TRUCK4 S1) [D:1.0000; C:1.0000]
 51.0000: (DRIVE-TRUCK TRUCK3 S9 S5 DRIVER2) [D:1.0000; C:1.0000]
 52.0000: (DRIVE-TRUCK TRUCK4 S1 S4 DRIVER5) [D:1.0000; C:1.0000]
 52.0000: (DISEMBARK-TRUCK DRIVER2 TRUCK3 S5) [D:1.0000; C:1.0000]
 53.0000: (DRIVE-TRUCK TRUCK4 S4 S8 DRIVER5) [D:1.0000; C:1.0000]
 53.0000: (WALK DRIVER2 S5 P1-5) [D:1.0000; C:1.0000]
 54.0000: (UNLOAD-TRUCK PACKAGE11 TRUCK4 S8) [D:1.0000; C:1.0000]
 54.0000: (DISEMBARK-TRUCK DRIVER5 TRUCK4 S8) [D:1.0000; C:1.0000]
 54.0000: (WALK DRIVER2 P1-5 S1) [D:1.0000; C:1.0000]
 55.0000: (BOARD-TRUCK DRIVER5 TRUCK2 S8) [D:1.0000; C:1.0000]
 56.0000: (DRIVE-TRUCK TRUCK2 S8 S4 DRIVER5) [D:1.0000; C:1.0000]
 57.0000: (DRIVE-TRUCK TRUCK2 S4 S15 DRIVER5) [D:1.0000; C:1.0000]
 58.0000: (LOAD-TRUCK PACKAGE14 TRUCK2 S15) [D:1.0000; C:1.0000]
 59.0000: (DRIVE-TRUCK TRUCK2 S15 S4 DRIVER5) [D:1.0000; C:1.0000]
 60.0000: (DRIVE-TRUCK TRUCK2 S4 S1 DRIVER5) [D:1.0000; C:1.0000]
 61.0000: (UNLOAD-TRUCK PACKAGE14 TRUCK2 S1) [D:1.0000; C:1.0000]
 61.0000: (DISEMBARK-TRUCK DRIVER5 TRUCK2 S1) [D:1.0000; C:1.0000]
 62.0000: (BOARD-TRUCK DRIVER5 TRUCK1 S1) [D:1.0000; C:1.0000]
 63.0000: (DRIVE-TRUCK TRUCK1 S1 S10 DRIVER5) [D:1.0000; C:1.0000]
 64.0000: (DRIVE-TRUCK TRUCK1 S10 S14 DRIVER5) [D:1.0000; C:1.0000]
 65.0000: (DISEMBARK-TRUCK DRIVER5 TRUCK1 S14) [D:1.0000; C:1.0000]
 66.0000: (WALK DRIVER5 S14 P14-15) [D:1.0000; C:1.0000]
 67.0000: (WALK DRIVER5 P14-15 S15) [D:1.0000; C:1.0000]
 68.0000: (WALK DRIVER5 S15 P1-15) [D:1.0000; C:1.0000]
 69.0000: (WALK DRIVER5 P1-15 S15) [D:1.0000; C:1.0000]


Solution found:
Total time:      0.26
Search time:     0.19
Actions:         119
Execution cost:  119.00
Duration:        70.000
Plan quality:    119.000

__MEMKB 126848
