
Parsing domain file:  domain 'DRIVERLOG' defined ... done.
Parsing problem file:  problem 'DLOG-8-6-25' defined ... done.



Modality: Fast Planner

Number of actions             :   15696
Number of conditional actions :       0
Number of facts               :    1296


Analyzing Planning Problem:
	Temporal Planning Problem: NO
	Numeric Planning Problem: NO
	Problem with Timed Initial Litearals: NO
	Problem with Derived Predicates: NO

Evaluation function weights:
     Action duration 0.00; Action cost 1.00


Computing mutex... done

Preprocessing total time: 0.33 seconds

Searching ('.' = every 50 search steps):
...... solution found: 

Plan computed:
   Time: (ACTION) [action Duration; action Cost]
 0.0000: (BOARD-TRUCK DRIVER7 TRUCK6 S16) [D:1.0000; C:1.0000]
 0.0000: (WALK DRIVER6 S0 P0-16) [D:1.0000; C:1.0000]
 0.0000: (LOAD-TRUCK PACKAGE13 TRUCK5 S16) [D:1.0000; C:1.0000]
 0.0000: (LOAD-TRUCK PACKAGE3 TRUCK2 S8) [D:1.0000; C:1.0000]
 0.0000: (BOARD-TRUCK DRIVER5 TRUCK1 S13) [D:1.0000; C:1.0000]
 0.0000: (WALK DRIVER4 S15 P15-5) [D:1.0000; C:1.0000]
 0.0000: (WALK DRIVER2 S12 P3-12) [D:1.0000; C:1.0000]
 0.0000: (WALK DRIVER3 S19 P7-19) [D:1.0000; C:1.0000]
 1.0000: (DRIVE-TRUCK TRUCK6 S16 S15 DRIVER7) [D:1.0000; C:1.0000]
 1.0000: (WALK DRIVER6 P0-16 S16) [D:1.0000; C:1.0000]
 1.0000: (DRIVE-TRUCK TRUCK1 S13 S10 DRIVER5) [D:1.0000; C:1.0000]
 1.0000: (WALK DRIVER4 P15-5 S5) [D:1.0000; C:1.0000]
 1.0000: (WALK DRIVER2 P3-12 S3) [D:1.0000; C:1.0000]
 1.0000: (WALK DRIVER3 P7-19 S7) [D:1.0000; C:1.0000]
 2.0000: (LOAD-TRUCK PACKAGE2 TRUCK6 S15) [D:1.0000; C:1.0000]
 2.0000: (BOARD-TRUCK DRIVER6 TRUCK5 S16) [D:1.0000; C:1.0000]
 2.0000: (DRIVE-TRUCK TRUCK1 S10 S15 DRIVER5) [D:1.0000; C:1.0000]
 2.0000: (BOARD-TRUCK DRIVER4 TRUCK3 S5) [D:1.0000; C:1.0000]
 2.0000: (WALK DRIVER3 S7 P7-15) [D:1.0000; C:1.0000]
 3.0000: (DRIVE-TRUCK TRUCK6 S15 S4 DRIVER7) [D:1.0000; C:1.0000]
 3.0000: (DRIVE-TRUCK TRUCK5 S16 S11 DRIVER6) [D:1.0000; C:1.0000]
 3.0000: (LOAD-TRUCK PACKAGE7 TRUCK1 S15) [D:1.0000; C:1.0000]
 3.0000: (LOAD-TRUCK PACKAGE8 TRUCK1 S15) [D:1.0000; C:1.0000]
 3.0000: (DRIVE-TRUCK TRUCK3 S5 S3 DRIVER4) [D:1.0000; C:1.0000]
 3.0000: (WALK DRIVER3 P7-15 S15) [D:1.0000; C:1.0000]
 4.0000: (DRIVE-TRUCK TRUCK6 S4 S7 DRIVER7) [D:1.0000; C:1.0000]
 4.0000: (UNLOAD-TRUCK PACKAGE13 TRUCK5 S11) [D:1.0000; C:1.0000]
 4.0000: (DRIVE-TRUCK TRUCK1 S15 S16 DRIVER5) [D:1.0000; C:1.0000]
 4.0000: (DISEMBARK-TRUCK DRIVER4 TRUCK3 S3) [D:1.0000; C:1.0000]
 5.0000: (UNLOAD-TRUCK PACKAGE2 TRUCK6 S7) [D:1.0000; C:1.0000]
 5.0000: (DRIVE-TRUCK TRUCK5 S11 S16 DRIVER6) [D:1.0000; C:1.0000]
 5.0000: (UNLOAD-TRUCK PACKAGE8 TRUCK1 S16) [D:1.0000; C:1.0000]
 5.0000: (BOARD-TRUCK DRIVER2 TRUCK3 S3) [D:1.0000; C:1.0000]
 6.0000: (DRIVE-TRUCK TRUCK6 S7 S6 DRIVER7) [D:1.0000; C:1.0000]
 6.0000: (DRIVE-TRUCK TRUCK5 S16 S0 DRIVER6) [D:1.0000; C:1.0000]
 6.0000: (DRIVE-TRUCK TRUCK1 S16 S15 DRIVER5) [D:1.0000; C:1.0000]
 6.0000: (DRIVE-TRUCK TRUCK3 S3 S6 DRIVER2) [D:1.0000; C:1.0000]
 7.0000: (DRIVE-TRUCK TRUCK6 S6 S2 DRIVER7) [D:1.0000; C:1.0000]
 7.0000: (LOAD-TRUCK PACKAGE20 TRUCK5 S0) [D:1.0000; C:1.0000]
 7.0000: (DRIVE-TRUCK TRUCK1 S15 S10 DRIVER5) [D:1.0000; C:1.0000]
 7.0000: (DISEMBARK-TRUCK DRIVER2 TRUCK3 S6) [D:1.0000; C:1.0000]
 8.0000: (LOAD-TRUCK PACKAGE4 TRUCK6 S2) [D:1.0000; C:1.0000]
 8.0000: (DRIVE-TRUCK TRUCK5 S0 S8 DRIVER6) [D:1.0000; C:1.0000]
 8.0000: (DRIVE-TRUCK TRUCK1 S10 S0 DRIVER5) [D:1.0000; C:1.0000]
 9.0000: (DRIVE-TRUCK TRUCK6 S2 S6 DRIVER7) [D:1.0000; C:1.0000]
 9.0000: (LOAD-TRUCK PACKAGE5 TRUCK5 S8) [D:1.0000; C:1.0000]
 9.0000: (DRIVE-TRUCK TRUCK1 S0 S8 DRIVER5) [D:1.0000; C:1.0000]
 10.0000: (DRIVE-TRUCK TRUCK6 S6 S12 DRIVER7) [D:1.0000; C:1.0000]
 10.0000: (DRIVE-TRUCK TRUCK5 S8 S17 DRIVER6) [D:1.0000; C:1.0000]
 10.0000: (DRIVE-TRUCK TRUCK1 S8 S19 DRIVER5) [D:1.0000; C:1.0000]
 11.0000: (LOAD-TRUCK PACKAGE21 TRUCK6 S12) [D:1.0000; C:1.0000]
 11.0000: (DRIVE-TRUCK TRUCK5 S17 S5 DRIVER6) [D:1.0000; C:1.0000]
 11.0000: (UNLOAD-TRUCK PACKAGE7 TRUCK1 S19) [D:1.0000; C:1.0000]
 12.0000: (DRIVE-TRUCK TRUCK6 S12 S6 DRIVER7) [D:1.0000; C:1.0000]
 12.0000: (UNLOAD-TRUCK PACKAGE5 TRUCK5 S5) [D:1.0000; C:1.0000]
 12.0000: (DRIVE-TRUCK TRUCK1 S19 S6 DRIVER5) [D:1.0000; C:1.0000]
 13.0000: (DRIVE-TRUCK TRUCK6 S6 S11 DRIVER7) [D:1.0000; C:1.0000]
 13.0000: (DRIVE-TRUCK TRUCK5 S5 S15 DRIVER6) [D:1.0000; C:1.0000]
 13.0000: (LOAD-TRUCK PACKAGE12 TRUCK1 S6) [D:1.0000; C:1.0000]
 14.0000: (UNLOAD-TRUCK PACKAGE4 TRUCK6 S11) [D:1.0000; C:1.0000]
 14.0000: (LOAD-TRUCK PACKAGE22 TRUCK6 S11) [D:1.0000; C:1.0000]
 14.0000: (DRIVE-TRUCK TRUCK5 S15 S9 DRIVER6) [D:1.0000; C:1.0000]
 14.0000: (DRIVE-TRUCK TRUCK1 S6 S3 DRIVER5) [D:1.0000; C:1.0000]
 15.0000: (DRIVE-TRUCK TRUCK6 S11 S5 DRIVER7) [D:1.0000; C:1.0000]
 15.0000: (LOAD-TRUCK PACKAGE6 TRUCK5 S9) [D:1.0000; C:1.0000]
 15.0000: (UNLOAD-TRUCK PACKAGE12 TRUCK1 S3) [D:1.0000; C:1.0000]
 16.0000: (DRIVE-TRUCK TRUCK6 S5 S9 DRIVER7) [D:1.0000; C:1.0000]
 16.0000: (DRIVE-TRUCK TRUCK5 S9 S7 DRIVER6) [D:1.0000; C:1.0000]
 16.0000: (DRIVE-TRUCK TRUCK1 S3 S5 DRIVER5) [D:1.0000; C:1.0000]
 17.0000: (DRIVE-TRUCK TRUCK6 S9 S8 DRIVER7) [D:1.0000; C:1.0000]
 17.0000: (UNLOAD-TRUCK PACKAGE20 TRUCK5 S7) [D:1.0000; C:1.0000]
 17.0000: (DRIVE-TRUCK TRUCK1 S5 S17 DRIVER5) [D:1.0000; C:1.0000]
 18.0000: (UNLOAD-TRUCK PACKAGE21 TRUCK6 S8) [D:1.0000; C:1.0000]
 18.0000: (DRIVE-TRUCK TRUCK5 S7 S6 DRIVER6) [D:1.0000; C:1.0000]
 18.0000: (DISEMBARK-TRUCK DRIVER5 TRUCK1 S17) [D:1.0000; C:1.0000]
 19.0000: (DRIVE-TRUCK TRUCK6 S8 S12 DRIVER7) [D:1.0000; C:1.0000]
 19.0000: (DRIVE-TRUCK TRUCK5 S6 S8 DRIVER6) [D:1.0000; C:1.0000]
 19.0000: (BOARD-TRUCK DRIVER5 TRUCK4 S17) [D:1.0000; C:1.0000]
 20.0000: (DRIVE-TRUCK TRUCK6 S12 S1 DRIVER7) [D:1.0000; C:1.0000]
 20.0000: (LOAD-TRUCK PACKAGE25 TRUCK5 S8) [D:1.0000; C:1.0000]
 20.0000: (DRIVE-TRUCK TRUCK4 S17 S8 DRIVER5) [D:1.0000; C:1.0000]
 21.0000: (LOAD-TRUCK PACKAGE9 TRUCK6 S1) [D:1.0000; C:1.0000]
 21.0000: (DRIVE-TRUCK TRUCK5 S8 S14 DRIVER6) [D:1.0000; C:1.0000]
 21.0000: (DRIVE-TRUCK TRUCK4 S8 S12 DRIVER5) [D:1.0000; C:1.0000]
 22.0000: (DRIVE-TRUCK TRUCK6 S1 S9 DRIVER7) [D:1.0000; C:1.0000]
 22.0000: (UNLOAD-TRUCK PACKAGE6 TRUCK5 S14) [D:1.0000; C:1.0000]
 22.0000: (DRIVE-TRUCK TRUCK4 S12 S18 DRIVER5) [D:1.0000; C:1.0000]
 23.0000: (DRIVE-TRUCK TRUCK6 S9 S13 DRIVER7) [D:1.0000; C:1.0000]
 23.0000: (DRIVE-TRUCK TRUCK5 S14 S16 DRIVER6) [D:1.0000; C:1.0000]
 23.0000: (DISEMBARK-TRUCK DRIVER5 TRUCK4 S18) [D:1.0000; C:1.0000]
 24.0000: (UNLOAD-TRUCK PACKAGE9 TRUCK6 S13) [D:1.0000; C:1.0000]
 24.0000: (UNLOAD-TRUCK PACKAGE25 TRUCK5 S16) [D:1.0000; C:1.0000]
 25.0000: (DRIVE-TRUCK TRUCK6 S13 S17 DRIVER7) [D:1.0000; C:1.0000]
 25.0000: (DRIVE-TRUCK TRUCK5 S16 S6 DRIVER6) [D:1.0000; C:1.0000]
 26.0000: (LOAD-TRUCK PACKAGE23 TRUCK6 S17) [D:1.0000; C:1.0000]
 26.0000: (DISEMBARK-TRUCK DRIVER6 TRUCK5 S6) [D:1.0000; C:1.0000]
 27.0000: (DRIVE-TRUCK TRUCK6 S17 S8 DRIVER7) [D:1.0000; C:1.0000]
 27.0000: (WALK DRIVER6 S6 P7-6) [D:1.0000; C:1.0000]
 28.0000: (DRIVE-TRUCK TRUCK6 S8 S10 DRIVER7) [D:1.0000; C:1.0000]
 28.0000: (WALK DRIVER6 P7-6 S6) [D:1.0000; C:1.0000]
 29.0000: (UNLOAD-TRUCK PACKAGE23 TRUCK6 S10) [D:1.0000; C:1.0000]
 30.0000: (DRIVE-TRUCK TRUCK6 S10 S8 DRIVER7) [D:1.0000; C:1.0000]
 31.0000: (DISEMBARK-TRUCK DRIVER7 TRUCK6 S8) [D:1.0000; C:1.0000]
 32.0000: (BOARD-TRUCK DRIVER8 TRUCK6 S8) [D:1.0000; C:1.0000]
 33.0000: (DISEMBARK-TRUCK DRIVER8 TRUCK6 S8) [D:1.0000; C:1.0000]
 34.0000: (BOARD-TRUCK DRIVER8 TRUCK2 S8) [D:1.0000; C:1.0000]
 34.0000: (BOARD-TRUCK DRIVER7 TRUCK6 S8) [D:1.0000; C:1.0000]
 35.0000: (DRIVE-TRUCK TRUCK2 S8 S17 DRIVER8) [D:1.0000; C:1.0000]
 35.0000: (DRIVE-TRUCK TRUCK6 S8 S14 DRIVER7) [D:1.0000; C:1.0000]
 36.0000: (LOAD-TRUCK PACKAGE16 TRUCK2 S17) [D:1.0000; C:1.0000]
 36.0000: (UNLOAD-TRUCK PACKAGE22 TRUCK6 S14) [D:1.0000; C:1.0000]
 37.0000: (DRIVE-TRUCK TRUCK2 S17 S16 DRIVER8) [D:1.0000; C:1.0000]
 37.0000: (DRIVE-TRUCK TRUCK6 S14 S8 DRIVER7) [D:1.0000; C:1.0000]
 38.0000: (DRIVE-TRUCK TRUCK2 S16 S12 DRIVER8) [D:1.0000; C:1.0000]
 38.0000: (DRIVE-TRUCK TRUCK6 S8 S6 DRIVER7) [D:1.0000; C:1.0000]
 39.0000: (UNLOAD-TRUCK PACKAGE16 TRUCK2 S12) [D:1.0000; C:1.0000]
 39.0000: (DISEMBARK-TRUCK DRIVER7 TRUCK6 S6) [D:1.0000; C:1.0000]
 40.0000: (DRIVE-TRUCK TRUCK2 S12 S8 DRIVER8) [D:1.0000; C:1.0000]
 40.0000: (BOARD-TRUCK DRIVER6 TRUCK6 S6) [D:1.0000; C:1.0000]
 41.0000: (DRIVE-TRUCK TRUCK2 S8 S14 DRIVER8) [D:1.0000; C:1.0000]
 41.0000: (DRIVE-TRUCK TRUCK6 S6 S12 DRIVER6) [D:1.0000; C:1.0000]
 42.0000: (DRIVE-TRUCK TRUCK2 S14 S18 DRIVER8) [D:1.0000; C:1.0000]
 42.0000: (DRIVE-TRUCK TRUCK6 S12 S15 DRIVER6) [D:1.0000; C:1.0000]
 43.0000: (LOAD-TRUCK PACKAGE1 TRUCK2 S18) [D:1.0000; C:1.0000]
 43.0000: (DRIVE-TRUCK TRUCK6 S15 S12 DRIVER6) [D:1.0000; C:1.0000]
 44.0000: (DRIVE-TRUCK TRUCK2 S18 S6 DRIVER8) [D:1.0000; C:1.0000]
 44.0000: (DISEMBARK-TRUCK DRIVER6 TRUCK6 S12) [D:1.0000; C:1.0000]
 45.0000: (UNLOAD-TRUCK PACKAGE1 TRUCK2 S6) [D:1.0000; C:1.0000]
 45.0000: (DISEMBARK-TRUCK DRIVER8 TRUCK2 S6) [D:1.0000; C:1.0000]
 45.0000: (LOAD-TRUCK PACKAGE24 TRUCK2 S6) [D:1.0000; C:1.0000]
 45.0000: (WALK DRIVER6 S12 P3-12) [D:1.0000; C:1.0000]
 46.0000: (BOARD-TRUCK DRIVER8 TRUCK5 S6) [D:1.0000; C:1.0000]
 46.0000: (WALK DRIVER6 P3-12 S3) [D:1.0000; C:1.0000]
 47.0000: (DRIVE-TRUCK TRUCK5 S6 S12 DRIVER8) [D:1.0000; C:1.0000]
 48.0000: (DRIVE-TRUCK TRUCK5 S12 S15 DRIVER8) [D:1.0000; C:1.0000]
 49.0000: (DRIVE-TRUCK TRUCK5 S15 S8 DRIVER8) [D:1.0000; C:1.0000]
 50.0000: (DRIVE-TRUCK TRUCK5 S8 S17 DRIVER8) [D:1.0000; C:1.0000]
 51.0000: (DISEMBARK-TRUCK DRIVER8 TRUCK5 S17) [D:1.0000; C:1.0000]
 52.0000: (BOARD-TRUCK DRIVER8 TRUCK1 S17) [D:1.0000; C:1.0000]
 53.0000: (DRIVE-TRUCK TRUCK1 S17 S16 DRIVER8) [D:1.0000; C:1.0000]
 54.0000: (DRIVE-TRUCK TRUCK1 S16 S11 DRIVER8) [D:1.0000; C:1.0000]
 55.0000: (LOAD-TRUCK PACKAGE15 TRUCK1 S11) [D:1.0000; C:1.0000]
 56.0000: (DRIVE-TRUCK TRUCK1 S11 S6 DRIVER8) [D:1.0000; C:1.0000]
 57.0000: (DRIVE-TRUCK TRUCK1 S6 S2 DRIVER8) [D:1.0000; C:1.0000]
 58.0000: (UNLOAD-TRUCK PACKAGE15 TRUCK1 S2) [D:1.0000; C:1.0000]
 59.0000: (DRIVE-TRUCK TRUCK1 S2 S18 DRIVER8) [D:1.0000; C:1.0000]
 60.0000: (LOAD-TRUCK PACKAGE18 TRUCK1 S18) [D:1.0000; C:1.0000]
 60.0000: (DISEMBARK-TRUCK DRIVER8 TRUCK1 S18) [D:1.0000; C:1.0000]
 61.0000: (BOARD-TRUCK DRIVER5 TRUCK1 S18) [D:1.0000; C:1.0000]
 61.0000: (WALK DRIVER8 S18 P18-6) [D:1.0000; C:1.0000]
 62.0000: (DRIVE-TRUCK TRUCK1 S18 S2 DRIVER5) [D:1.0000; C:1.0000]
 62.0000: (WALK DRIVER8 P18-6 S6) [D:1.0000; C:1.0000]
 63.0000: (UNLOAD-TRUCK PACKAGE18 TRUCK1 S2) [D:1.0000; C:1.0000]
 63.0000: (BOARD-TRUCK DRIVER8 TRUCK2 S6) [D:1.0000; C:1.0000]
 64.0000: (DRIVE-TRUCK TRUCK1 S2 S6 DRIVER5) [D:1.0000; C:1.0000]
 64.0000: (DRIVE-TRUCK TRUCK2 S6 S3 DRIVER8) [D:1.0000; C:1.0000]
 65.0000: (DISEMBARK-TRUCK DRIVER5 TRUCK1 S6) [D:1.0000; C:1.0000]
 65.0000: (UNLOAD-TRUCK PACKAGE3 TRUCK2 S3) [D:1.0000; C:1.0000]
 65.0000: (LOAD-TRUCK PACKAGE10 TRUCK2 S3) [D:1.0000; C:1.0000]
 66.0000: (DRIVE-TRUCK TRUCK2 S3 S1 DRIVER8) [D:1.0000; C:1.0000]
 66.0000: (BOARD-TRUCK DRIVER7 TRUCK1 S6) [D:1.0000; C:1.0000]
 66.0000: (BOARD-TRUCK DRIVER5 TRUCK3 S6) [D:1.0000; C:1.0000]
 67.0000: (LOAD-TRUCK PACKAGE11 TRUCK2 S1) [D:1.0000; C:1.0000]
 67.0000: (DRIVE-TRUCK TRUCK1 S6 S8 DRIVER7) [D:1.0000; C:1.0000]
 67.0000: (DRIVE-TRUCK TRUCK3 S6 S16 DRIVER5) [D:1.0000; C:1.0000]
 68.0000: (DRIVE-TRUCK TRUCK2 S1 S0 DRIVER8) [D:1.0000; C:1.0000]
 68.0000: (DISEMBARK-TRUCK DRIVER7 TRUCK1 S8) [D:1.0000; C:1.0000]
 68.0000: (DRIVE-TRUCK TRUCK3 S16 S5 DRIVER5) [D:1.0000; C:1.0000]
 69.0000: (LOAD-TRUCK PACKAGE19 TRUCK2 S0) [D:1.0000; C:1.0000]
 69.0000: (DISEMBARK-TRUCK DRIVER5 TRUCK3 S5) [D:1.0000; C:1.0000]
 70.0000: (DRIVE-TRUCK TRUCK2 S0 S5 DRIVER8) [D:1.0000; C:1.0000]
 71.0000: (DRIVE-TRUCK TRUCK2 S5 S4 DRIVER8) [D:1.0000; C:1.0000]
 72.0000: (UNLOAD-TRUCK PACKAGE19 TRUCK2 S4) [D:1.0000; C:1.0000]
 73.0000: (DRIVE-TRUCK TRUCK2 S4 S3 DRIVER8) [D:1.0000; C:1.0000]
 74.0000: (DRIVE-TRUCK TRUCK2 S3 S1 DRIVER8) [D:1.0000; C:1.0000]
 75.0000: (DRIVE-TRUCK TRUCK2 S1 S9 DRIVER8) [D:1.0000; C:1.0000]
 76.0000: (UNLOAD-TRUCK PACKAGE10 TRUCK2 S9) [D:1.0000; C:1.0000]
 77.0000: (DRIVE-TRUCK TRUCK2 S9 S7 DRIVER8) [D:1.0000; C:1.0000]
 78.0000: (UNLOAD-TRUCK PACKAGE11 TRUCK2 S7) [D:1.0000; C:1.0000]
 79.0000: (DRIVE-TRUCK TRUCK2 S7 S4 DRIVER8) [D:1.0000; C:1.0000]
 80.0000: (UNLOAD-TRUCK PACKAGE24 TRUCK2 S4) [D:1.0000; C:1.0000]
 81.0000: (DRIVE-TRUCK TRUCK2 S4 S3 DRIVER8) [D:1.0000; C:1.0000]
 82.0000: (DISEMBARK-TRUCK DRIVER8 TRUCK2 S3) [D:1.0000; C:1.0000]
 83.0000: (BOARD-TRUCK DRIVER6 TRUCK2 S3) [D:1.0000; C:1.0000]
 84.0000: (DRIVE-TRUCK TRUCK2 S3 S5 DRIVER6) [D:1.0000; C:1.0000]
 85.0000: (DISEMBARK-TRUCK DRIVER6 TRUCK2 S5) [D:1.0000; C:1.0000]
 86.0000: (BOARD-TRUCK DRIVER5 TRUCK2 S5) [D:1.0000; C:1.0000]
 87.0000: (DRIVE-TRUCK TRUCK2 S5 S9 DRIVER5) [D:1.0000; C:1.0000]
 88.0000: (DRIVE-TRUCK TRUCK2 S9 S1 DRIVER5) [D:1.0000; C:1.0000]
 89.0000: (DRIVE-TRUCK TRUCK2 S1 S11 DRIVER5) [D:1.0000; C:1.0000]
 90.0000: (DRIVE-TRUCK TRUCK2 S11 S6 DRIVER5) [D:1.0000; C:1.0000]
 91.0000: (DISEMBARK-TRUCK DRIVER5 TRUCK2 S6) [D:1.0000; C:1.0000]


Solution found:
Total time:      1.16
Search time:     0.83
Actions:         192
Execution cost:  192.00
Duration:        92.000
Plan quality:    192.000

__MEMKB 170624
