MaxPlanII beta.

bb: parsing domain file
domain 'LOGISTICS' defined
 ... done.
bb: parsing problem file
problem 'LOGISTICS-6-1' defined
 ... done.


******  Solve with 1 layers Start******

creating action-based encoding:
        building rplan graph layers, up to layer [1];
        goal constraints;

no achiever in for goal?? deadline too low!#001


******  Solve with 2 layers Start******

creating action-based encoding:
        building rplan graph layers, up to layer [2];
        goal constraints;

no achiever in for goal?? deadline too low!#001


******  Solve with 3 layers Start******

creating action-based encoding:
        building rplan graph layers, up to layer [3];
        goal constraints;

no achiever in for goal?? deadline too low!#001


******  Solve with 4 layers Start******

creating action-based encoding:
        building rplan graph layers, up to layer [4];
        goal constraints;

no achiever in for goal?? deadline too low!#001


******  Solve with 5 layers Start******

creating action-based encoding:
        building rplan graph layers, up to layer [5];
        goal constraints;

no achiever in for goal?? deadline too low!#001


******  Solve with 6 layers Start******

creating action-based encoding:
        building rplan graph layers, up to layer [6];
        goal constraints;
        building exclusion constraints --> up to layer 6...

DECISION LAYER 6, WRITING ACTION-BASED ENCODING WITH 441 VARS, 1758 CLAUSES.
6 G clauses, 630 A clauses, 1122 E clauses.c CNF file planning task -p , -o /home/matheus/repo/acervo-2010/planejadores_analise_resultados/comp/logistic/domain.pddl, -f /home/matheus/repo/acervo-2010/planejadores_analise_resultados/comp/logistic/probLOGISTICS-6-1.pddl, bound 6, action based encoding
In building up solver: p cnf 441 1758
==================================[ MINISAT ]===================================
| Conflicts |     ORIGINAL     |              LEARNT              | Progress |
|           | Clauses Literals |   Limit Clauses Literals  Lit/Cl |          |
==============================================================================
|         0 |    1720     4327 |     573       0        0     0.0 |  0.000 % |
==============================================================================
Totoal time used by londex constraint checking is [B0.000000][L0.000000],apply counts 5, apply_generated 0
restarts          :            1
conflicts         :            1           (      inf / sec      )
decisions         :            0           (      nan / sec      )
propagations      :           30           (      inf / sec      )
inspects          :           40           (      inf / sec      )
conflict literals :            0           (      nan % deleted  )
CPU time          :         0.00 sec
UNSATISFIABLE

******  Solve with 7 layers Start******

creating action-based encoding:
        building rplan graph layers, up to layer [7];
        goal constraints;
        building exclusion constraints --> up to layer 7...

DECISION LAYER 7, WRITING ACTION-BASED ENCODING WITH 573 VARS, 2331 CLAUSES.
6 G clauses, 834 A clauses, 1491 E clauses.c CNF file planning task -p , -o /home/matheus/repo/acervo-2010/planejadores_analise_resultados/comp/logistic/domain.pddl, -f /home/matheus/repo/acervo-2010/planejadores_analise_resultados/comp/logistic/probLOGISTICS-6-1.pddl, bound 7, action based encoding
In building up solver: p cnf 573 2331
==================================[ MINISAT ]===================================
| Conflicts |     ORIGINAL     |              LEARNT              | Progress |
|           | Clauses Literals |   Limit Clauses Literals  Lit/Cl |          |
==============================================================================
|         0 |    2331     5903 |     777       0        0     0.0 |  0.000 % |
==============================================================================
Totoal time used by londex constraint checking is [B0.000000][L0.000000],apply counts 391, apply_generated 0
restarts          :            1
conflicts         :           65           (     6500 / sec      )
decisions         :          189           (    18900 / sec      )
propagations      :         3414           (   341400 / sec      )
inspects          :         5791           (   579100 / sec      )
conflict literals :          162           (     2.41 % deleted  )
CPU time          :         0.01 sec
UNSATISFIABLE

******  Solve with 8 layers Start******

creating action-based encoding:
        building rplan graph layers, up to layer [8];
        goal constraints;
        building exclusion constraints --> up to layer 8...

DECISION LAYER 8, WRITING ACTION-BASED ENCODING WITH 705 VARS, 2904 CLAUSES.
6 G clauses, 1038 A clauses, 1860 E clauses.c CNF file planning task -p , -o /home/matheus/repo/acervo-2010/planejadores_analise_resultados/comp/logistic/domain.pddl, -f /home/matheus/repo/acervo-2010/planejadores_analise_resultados/comp/logistic/probLOGISTICS-6-1.pddl, bound 8, action based encoding
In building up solver: p cnf 705 2904
==================================[ MINISAT ]===================================
| Conflicts |     ORIGINAL     |              LEARNT              | Progress |
|           | Clauses Literals |   Limit Clauses Literals  Lit/Cl |          |
==============================================================================
|         0 |    2904     7433 |     968       0        0     0.0 |  0.000 % |
|       101 |    2896     7417 |    1065      94      429     4.6 |  9.515 % |
==============================================================================
Totoal time used by londex constraint checking is [B0.000000][L0.000000],apply counts 856, apply_generated 0
restarts          :            2
conflicts         :          152           (    15200 / sec      )
decisions         :          362           (    36200 / sec      )
propagations      :         7592           (   759200 / sec      )
inspects          :        13827           (  1382700 / sec      )
conflict literals :          629           (     3.68 % deleted  )
CPU time          :         0.01 sec
UNSATISFIABLE

******  Solve with 9 layers Start******

creating action-based encoding:
        building rplan graph layers, up to layer [9];
        goal constraints;
        building exclusion constraints --> up to layer 9...

DECISION LAYER 9, WRITING ACTION-BASED ENCODING WITH 837 VARS, 3477 CLAUSES.
6 G clauses, 1242 A clauses, 2229 E clauses.c CNF file planning task -p , -o /home/matheus/repo/acervo-2010/planejadores_analise_resultados/comp/logistic/domain.pddl, -f /home/matheus/repo/acervo-2010/planejadores_analise_resultados/comp/logistic/probLOGISTICS-6-1.pddl, bound 9, action based encoding
In building up solver: p cnf 837 3477
==================================[ MINISAT ]===================================
| Conflicts |     ORIGINAL     |              LEARNT              | Progress |
|           | Clauses Literals |   Limit Clauses Literals  Lit/Cl |          |
==============================================================================
|         0 |    3477     8963 |    1159       0        0     0.0 |  0.000 % |
|       100 |    3468     8941 |    1275      96      610     6.4 |  5.501 % |
==============================================================================
Totoal time used by londex constraint checking is [B0.000000][L0.000000],apply counts 1282, apply_generated 0
restarts          :            2
conflicts         :          191           (      inf / sec      )
decisions         :          557           (      inf / sec      )
propagations      :        12539           (      inf / sec      )
inspects          :        22558           (      inf / sec      )
conflict literals :         1017           (     5.75 % deleted  )
CPU time          :         0.00 sec
SATISFIABLE

Info:      0.02 seconds total solving time
           0.00 MB memory used
        solution found at layer 9

__MEMKB 7264
