MaxPlanII beta.

bb: parsing domain file
domain 'LOGISTICS' defined
 ... done.
bb: parsing problem file
problem 'LOGISTICS-4-1' defined
 ... done.


******  Solve with 1 layers Start******

creating action-based encoding:
        building rplan graph layers, up to layer [1];
        goal constraints;

no achiever in for goal?? deadline too low!#001


******  Solve with 2 layers Start******

creating action-based encoding:
        building rplan graph layers, up to layer [2];
        goal constraints;

no achiever in for goal?? deadline too low!#001


******  Solve with 3 layers Start******

creating action-based encoding:
        building rplan graph layers, up to layer [3];
        goal constraints;

no achiever in for goal?? deadline too low!#001


******  Solve with 4 layers Start******

creating action-based encoding:
        building rplan graph layers, up to layer [4];
        goal constraints;

no achiever in for goal?? deadline too low!#001


******  Solve with 5 layers Start******

creating action-based encoding:
        building rplan graph layers, up to layer [5];
        goal constraints;

no achiever in for goal?? deadline too low!#001


******  Solve with 6 layers Start******

creating action-based encoding:
        building rplan graph layers, up to layer [6];
        goal constraints;
        building exclusion constraints --> up to layer 6...

DECISION LAYER 6, WRITING ACTION-BASED ENCODING WITH 441 VARS, 1756 CLAUSES.
4 G clauses, 630 A clauses, 1122 E clauses.c CNF file planning task -p , -o /home/matheus/repo/acervo-2010/planejadores_analise_resultados/comp/logistic/domain.pddl, -f /home/matheus/repo/acervo-2010/planejadores_analise_resultados/comp/logistic/probLOGISTICS-4-1.pddl, bound 6, action based encoding
In building up solver: p cnf 441 1756
==================================[ MINISAT ]===================================
| Conflicts |     ORIGINAL     |              LEARNT              | Progress |
|           | Clauses Literals |   Limit Clauses Literals  Lit/Cl |          |
==============================================================================
|         0 |    1722     4332 |     574       0        0     0.0 |  0.000 % |
==============================================================================
Totoal time used by londex constraint checking is [B0.000000][L0.000000],apply counts 5, apply_generated 0
restarts          :            1
conflicts         :            1           (      inf / sec      )
decisions         :            0           (      nan / sec      )
propagations      :           30           (      inf / sec      )
inspects          :           40           (      inf / sec      )
conflict literals :            0           (      nan % deleted  )
CPU time          :         0.00 sec
UNSATISFIABLE

******  Solve with 7 layers Start******

creating action-based encoding:
        building rplan graph layers, up to layer [7];
        goal constraints;
        building exclusion constraints --> up to layer 7...

DECISION LAYER 7, WRITING ACTION-BASED ENCODING WITH 573 VARS, 2329 CLAUSES.
4 G clauses, 834 A clauses, 1491 E clauses.c CNF file planning task -p , -o /home/matheus/repo/acervo-2010/planejadores_analise_resultados/comp/logistic/domain.pddl, -f /home/matheus/repo/acervo-2010/planejadores_analise_resultados/comp/logistic/probLOGISTICS-4-1.pddl, bound 7, action based encoding
In building up solver: p cnf 573 2329
==================================[ MINISAT ]===================================
| Conflicts |     ORIGINAL     |              LEARNT              | Progress |
|           | Clauses Literals |   Limit Clauses Literals  Lit/Cl |          |
==============================================================================
|         0 |    2329     5900 |     776       0        0     0.0 |  0.000 % |
==============================================================================
Totoal time used by londex constraint checking is [B0.000000][L0.000000],apply counts 49, apply_generated 0
restarts          :            1
conflicts         :           12           (      inf / sec      )
decisions         :           21           (      inf / sec      )
propagations      :          606           (      inf / sec      )
inspects          :          946           (      inf / sec      )
conflict literals :           15           (     0.00 % deleted  )
CPU time          :         0.00 sec
UNSATISFIABLE

******  Solve with 8 layers Start******

creating action-based encoding:
        building rplan graph layers, up to layer [8];
        goal constraints;
        building exclusion constraints --> up to layer 8...

DECISION LAYER 8, WRITING ACTION-BASED ENCODING WITH 705 VARS, 2902 CLAUSES.
4 G clauses, 1038 A clauses, 1860 E clauses.c CNF file planning task -p , -o /home/matheus/repo/acervo-2010/planejadores_analise_resultados/comp/logistic/domain.pddl, -f /home/matheus/repo/acervo-2010/planejadores_analise_resultados/comp/logistic/probLOGISTICS-4-1.pddl, bound 8, action based encoding
In building up solver: p cnf 705 2902
==================================[ MINISAT ]===================================
| Conflicts |     ORIGINAL     |              LEARNT              | Progress |
|           | Clauses Literals |   Limit Clauses Literals  Lit/Cl |          |
==============================================================================
|         0 |    2902     7430 |     967       0        0     0.0 |  0.000 % |
|       100 |    2827     7262 |    1064      94      366     3.9 | 23.564 % |
==============================================================================
Totoal time used by londex constraint checking is [B0.000000][L0.000000],apply counts 775, apply_generated 0
restarts          :            2
conflicts         :          114           (      inf / sec      )
decisions         :          388           (      inf / sec      )
propagations      :         7079           (      inf / sec      )
inspects          :        12161           (      inf / sec      )
conflict literals :          403           (    11.04 % deleted  )
CPU time          :         0.00 sec
UNSATISFIABLE

******  Solve with 9 layers Start******

creating action-based encoding:
        building rplan graph layers, up to layer [9];
        goal constraints;
        building exclusion constraints --> up to layer 9...

DECISION LAYER 9, WRITING ACTION-BASED ENCODING WITH 837 VARS, 3475 CLAUSES.
4 G clauses, 1242 A clauses, 2229 E clauses.c CNF file planning task -p , -o /home/matheus/repo/acervo-2010/planejadores_analise_resultados/comp/logistic/domain.pddl, -f /home/matheus/repo/acervo-2010/planejadores_analise_resultados/comp/logistic/probLOGISTICS-4-1.pddl, bound 9, action based encoding
In building up solver: p cnf 837 3475
==================================[ MINISAT ]===================================
| Conflicts |     ORIGINAL     |              LEARNT              | Progress |
|           | Clauses Literals |   Limit Clauses Literals  Lit/Cl |          |
==============================================================================
|         0 |    3475     8960 |    1158       0        0     0.0 |  0.000 % |
|       101 |    3400     8792 |    1274      96      502     5.2 |  4.903 % |
==============================================================================
Totoal time used by londex constraint checking is [B0.000000][L0.000000],apply counts 1084, apply_generated 0
restarts          :            2
conflicts         :          145           (    14500 / sec      )
decisions         :          552           (    55200 / sec      )
propagations      :         9053           (   905300 / sec      )
inspects          :        16222           (  1622200 / sec      )
conflict literals :          685           (     4.73 % deleted  )
CPU time          :         0.01 sec
SATISFIABLE

Info:      0.02 seconds total solving time
           0.00 MB memory used
        solution found at layer 9

__MEMKB 7216
