Parsing...
Instantiating...
Starting instantiation [42 rules]...
Finding invariants...
Instantiating groups...
Choosing groups...
0 uncovered facts
Building translation key...
Building STRIPS to SAS dictionary...
Translating task...
Processing axioms...
Detecting unreachable propositions...
Removed false proposition: <none of those>
Removed false proposition: <none of those>
Removed false proposition: <none of those>
Removed false proposition: <none of those>
Removed false proposition: <none of those>
Removed false proposition: <none of those>
Removed false proposition: <none of those>
Removed false proposition: <none of those>
Removed false proposition: <none of those>
Removed false proposition: <none of those>
Removed false proposition: <none of those>
Removed false proposition: <none of those>
Removed false proposition: <none of those>
Removed false proposition: <none of those>
14 propositions removed.
Writing output...
Done!
Building causal graph...
The causal graph is not acyclic.
14 variables of 14 necessary
194 of 194 operators necessary.
0 of 0 axiom rules necessary.
Building domain transition graphs...
solveable in poly time 0
Building successor generator...
Writing output...
done

Simplifying transitions... done! (reduced from 357 to 187)
Initializing heuristic cache... done!
Conducting best first search.
Initializing causal graph heuristic...
Initializing HSP/FF heuristic...
Simplifying 388 unary operators... done! [357 unary operators]
Best heuristic value: 12/8 [expanded 1 state(s)]
Best heuristic value: 10/7 [expanded 2 state(s)]
Best heuristic value: 10/6 [expanded 3 state(s)]
Best heuristic value: 8/6 [expanded 5 state(s)]
Best heuristic value: 7/5 [expanded 6 state(s)]
Best heuristic value: 6/4 [expanded 10 state(s)]
Best heuristic value: 4/3 [expanded 11 state(s)]
Best heuristic value: 2/2 [expanded 12 state(s)]
Best heuristic value: 1/1 [expanded 13 state(s)]
Solution found!
feast intoxication wurst muffin goias bosnia
feast intoxication muffin broccoli bosnia pennsylvania
overcome boils intoxication broccoli vulcan earth
feast intoxication broccoli muffin alsace kentucky
overcome anger intoxication muffin neptune vulcan
feast intoxication muffin broccoli goias bosnia
feast intoxication broccoli lamb oregon alsace
succumb anger intoxication lamb neptune vulcan
succumb boils intoxication lamb vulcan earth
Plan length: 9 step(s).
Expanded 14 state(s).
Generated 54 state(s).
Cache hits: 440
Cache misses: 176
Search time: 0 seconds
Total time: 0 seconds
__MEMKB 20096
