Parsing...
Instantiating...
Starting instantiation [42 rules]...
Finding invariants...
Instantiating groups...
Choosing groups...
2 uncovered facts
Building translation key...
Building STRIPS to SAS dictionary...
Translating task...
Processing axioms...
Detecting unreachable propositions...
Removed false proposition: <none of those>
Removed false proposition: <none of those>
Removed false proposition: <none of those>
Removed false proposition: <none of those>
Removed false proposition: <none of those>
Removed false proposition: <none of those>
Removed false proposition: <none of those>
Removed false proposition: <none of those>
Removed false proposition: <none of those>
Removed false proposition: <none of those>
Removed false proposition: <none of those>
Removed false proposition: <none of those>
Removed false proposition: <none of those>
Removed false proposition: <none of those>
Removed false proposition: <none of those>
Removed false proposition: <none of those>
Removed false proposition: <none of those>
Removed true proposition: Atom locale(grapefruit, surrey)
Removed false proposition: <none of those>
Removed true proposition: Atom locale(wurst, surrey)
Removed false proposition: <none of those>
21 propositions removed.
Writing output...
Done!
Building causal graph...
The causal graph is not acyclic.
17 variables of 17 necessary
210 of 210 operators necessary.
0 of 0 axiom rules necessary.
Building domain transition graphs...
solveable in poly time 0
Building successor generator...
Writing output...
done

Simplifying transitions... done! (reduced from 371 to 251)
Initializing heuristic cache... done!
Conducting best first search.
Initializing causal graph heuristic...
Initializing HSP/FF heuristic...
Simplifying 420 unary operators... done! [371 unary operators]
Best heuristic value: -1/10 [expanded 1 state(s)]
Best heuristic value: -1/8 [expanded 2 state(s)]
Best heuristic value: -1/6 [expanded 3 state(s)]
Completely explored state space -- no solution!
Expanded 16350653 state(s).
Generated 25660951 state(s).
Cache hits: 263994561
Cache misses: 325221801
Search time: 97.39 seconds
Total time: 97.39 seconds
Command exited with non-zero status 1
__MEMKB 2055384
