Parsing...
Instantiating...
Starting instantiation [42 rules]...
Finding invariants...
Instantiating groups...
Choosing groups...
4 uncovered facts
Building translation key...
Building STRIPS to SAS dictionary...
Translating task...
Processing axioms...
Detecting unreachable propositions...
Removed false proposition: <none of those>
Removed false proposition: <none of those>
Removed false proposition: <none of those>
Removed false proposition: <none of those>
Removed false proposition: <none of those>
Removed false proposition: <none of those>
Removed false proposition: <none of those>
Removed false proposition: <none of those>
Removed false proposition: <none of those>
Removed false proposition: <none of those>
Removed false proposition: <none of those>
Removed false proposition: <none of those>
Removed false proposition: <none of those>
Removed false proposition: <none of those>
Removed false proposition: <none of those>
Removed false proposition: <none of those>
Removed false proposition: <none of those>
Removed false proposition: <none of those>
Removed false proposition: <none of those>
Removed false proposition: <none of those>
Removed false proposition: <none of those>
Removed false proposition: <none of those>
Removed false proposition: <none of those>
Removed false proposition: <none of those>
Removed false proposition: <none of those>
Removed false proposition: <none of those>
Removed false proposition: <none of those>
Removed false proposition: <none of those>
Removed false proposition: <none of those>
Removed false proposition: <none of those>
Removed false proposition: <none of those>
Removed false proposition: <none of those>
Removed false proposition: <none of those>
Removed false proposition: <none of those>
Removed false proposition: <none of those>
Removed false proposition: <none of those>
Removed false proposition: <none of those>
Removed false proposition: <none of those>
Removed false proposition: <none of those>
Removed false proposition: <none of those>
Removed false proposition: <none of those>
Removed true proposition: Atom locale(cantelope, bavaria)
Removed false proposition: <none of those>
Removed true proposition: Atom locale(wonderbread, bavaria)
Removed false proposition: <none of those>
Removed true proposition: Atom craves(achievement, wonderbread)
Removed false proposition: <none of those>
Removed true proposition: Atom locale(onion, bavaria)
Removed false proposition: <none of those>
49 propositions removed.
Writing output...
Done!
Building causal graph...
The causal graph is not acyclic.
41 variables of 41 necessary
6521 of 6521 operators necessary.
0 of 0 axiom rules necessary.
Building domain transition graphs...
solveable in poly time 0
Building successor generator...
Writing output...
done

Simplifying transitions... done! (reduced from 12861 to 3954)
Initializing heuristic cache... done!
Conducting best first search.
Initializing causal graph heuristic...
Initializing HSP/FF heuristic...
Simplifying 13042 unary operators... done! [12861 unary operators]
Best heuristic value: 7/5 [expanded 1 state(s)]
Best heuristic value: 6/5 [expanded 2 state(s)]
Best heuristic value: 6/4 [expanded 15 state(s)]
Best heuristic value: 6/3 [expanded 16 state(s)]
Best heuristic value: 4/3 [expanded 3565 state(s)]
Best heuristic value: 3/3 [expanded 3566 state(s)]
Best heuristic value: 2/2 [expanded 3567 state(s)]
Best heuristic value: 1/1 [expanded 3568 state(s)]
Solution found!
feast stimulation lamb beef goias bosnia
overcome abrasion stimulation beef saturn earth
feast stimulation beef lamb pennsylvania oregon
feast stimulation lamb haroset oregon goias
feast stimulation haroset lobster bavaria manitoba
succumb abrasion stimulation lobster saturn earth
Plan length: 6 step(s).
Expanded 3569 state(s).
Generated 28436 state(s).
Cache hits: 368603
Cache misses: 1255122
Search time: 0.37 seconds
Total time: 0.44 seconds
__MEMKB 47160
