Parsing...
Instantiating...
Starting instantiation [42 rules]...
Finding invariants...
Instantiating groups...
Choosing groups...
2 uncovered facts
Building translation key...
Building STRIPS to SAS dictionary...
Translating task...
Processing axioms...
Detecting unreachable propositions...
Removed false proposition: <none of those>
Removed false proposition: <none of those>
Removed false proposition: <none of those>
Removed false proposition: <none of those>
Removed false proposition: <none of those>
Removed false proposition: <none of those>
Removed false proposition: <none of those>
Removed false proposition: <none of those>
Removed false proposition: <none of those>
Removed false proposition: <none of those>
Removed false proposition: <none of those>
Removed false proposition: <none of those>
Removed false proposition: <none of those>
Removed false proposition: <none of those>
Removed false proposition: <none of those>
Removed false proposition: <none of those>
Removed false proposition: <none of those>
Removed false proposition: <none of those>
Removed false proposition: <none of those>
Removed false proposition: <none of those>
Removed false proposition: <none of those>
Removed false proposition: <none of those>
Removed false proposition: <none of those>
Removed false proposition: <none of those>
Removed false proposition: <none of those>
Removed false proposition: <none of those>
Removed false proposition: <none of those>
Removed false proposition: <none of those>
Removed false proposition: <none of those>
Removed false proposition: <none of those>
Removed false proposition: <none of those>
Removed false proposition: <none of those>
Removed false proposition: <none of those>
Removed false proposition: <none of those>
Removed false proposition: <none of those>
Removed false proposition: <none of those>
Removed false proposition: <none of those>
Removed false proposition: <none of those>
Removed false proposition: <none of those>
Removed false proposition: <none of those>
Removed false proposition: <none of those>
Removed false proposition: <none of those>
Removed false proposition: <none of those>
Removed false proposition: <none of those>
Removed false proposition: <none of those>
Removed false proposition: <none of those>
Removed false proposition: <none of those>
Removed false proposition: <none of those>
Removed false proposition: <none of those>
Removed false proposition: <none of those>
Removed false proposition: <none of those>
Removed false proposition: <none of those>
Removed true proposition: Atom locale(wurst, goias)
Removed false proposition: <none of those>
Removed true proposition: Atom craves(entertainment, wurst)
Removed false proposition: <none of those>
56 propositions removed.
Writing output...
Done!
Building causal graph...
The causal graph is not acyclic.
52 variables of 52 necessary
16616 of 16616 operators necessary.
0 of 0 axiom rules necessary.
Building domain transition graphs...
solveable in poly time 0
Building successor generator...
Writing output...
done

Simplifying transitions... done! (reduced from 32504 to 8989)
Initializing heuristic cache... done!
Conducting best first search.
Initializing causal graph heuristic...
Initializing HSP/FF heuristic...
Simplifying 33232 unary operators... done! [32504 unary operators]
Best heuristic value: 4/5 [expanded 1 state(s)]
Best heuristic value: 3/3 [expanded 2 state(s)]
Best heuristic value: 2/2 [expanded 4 state(s)]
Best heuristic value: 1/1 [expanded 5 state(s)]
Solution found!
feast satisfaction potato yogurt guanabara bosnia
overcome abrasion satisfaction yogurt mercury saturn
feast satisfaction yogurt wonderbread guanabara bosnia
succumb abrasion satisfaction wonderbread mercury saturn
Plan length: 4 step(s).
Expanded 6 state(s).
Generated 164 state(s).
Cache hits: 704
Cache misses: 5009
Search time: 0.03 seconds
Total time: 0.21 seconds
__MEMKB 105608
