Parsing...
Instantiating...
Starting instantiation [35 rules]...
Finding invariants...
Instantiating groups...
Choosing groups...
3 uncovered facts
Building translation key...
Building STRIPS to SAS dictionary...
Translating task...
Processing axioms...
Detecting unreachable propositions...
Removed false proposition: <none of those>
Removed false proposition: <none of those>
Removed false proposition: <none of those>
Removed false proposition: <none of those>
Removed false proposition: <none of those>
Removed false proposition: <none of those>
Removed false proposition: <none of those>
Removed false proposition: <none of those>
Removed false proposition: <none of those>
Removed false proposition: <none of those>
Removed false proposition: <none of those>
11 propositions removed.
Writing output...
Done!
Building causal graph...
The causal graph is not acyclic.
14 variables of 14 necessary
948 of 948 operators necessary.
0 of 0 axiom rules necessary.
Building domain transition graphs...
solveable in poly time 0
Building successor generator...
Writing output...
done

Simplifying transitions... done! (reduced from 1068 to 792)
Initializing heuristic cache... done!
Conducting best first search.
Initializing causal graph heuristic...
Initializing HSP/FF heuristic...
Simplifying 1068 unary operators... done! [1068 unary operators]
Best heuristic value: 29/36 [expanded 1 state(s)]
Best heuristic value: 28/32 [expanded 2 state(s)]
Best heuristic value: 27/29 [expanded 3 state(s)]
Best heuristic value: 27/25 [expanded 4 state(s)]
Best heuristic value: 26/25 [expanded 5 state(s)]
Best heuristic value: 26/24 [expanded 7 state(s)]
Best heuristic value: 25/24 [expanded 8 state(s)]
Best heuristic value: 25/23 [expanded 10 state(s)]
Best heuristic value: 24/23 [expanded 11 state(s)]
Best heuristic value: 23/23 [expanded 13 state(s)]
Best heuristic value: 23/21 [expanded 15 state(s)]
Best heuristic value: 22/21 [expanded 18 state(s)]
Best heuristic value: 22/20 [expanded 27 state(s)]
Best heuristic value: 21/20 [expanded 38 state(s)]
Best heuristic value: 21/19 [expanded 45 state(s)]
Best heuristic value: 20/19 [expanded 48 state(s)]
Best heuristic value: 19/19 [expanded 51 state(s)]
Best heuristic value: 18/18 [expanded 53 state(s)]
Best heuristic value: 18/17 [expanded 57 state(s)]
Best heuristic value: 17/17 [expanded 65 state(s)]
Best heuristic value: 17/16 [expanded 74 state(s)]
Best heuristic value: 16/16 [expanded 77 state(s)]
Best heuristic value: 15/15 [expanded 78 state(s)]
Best heuristic value: 14/15 [expanded 85 state(s)]
Best heuristic value: 13/15 [expanded 88 state(s)]
Best heuristic value: 13/14 [expanded 95 state(s)]
Best heuristic value: 13/13 [expanded 98 state(s)]
Best heuristic value: 12/13 [expanded 99 state(s)]
Best heuristic value: 11/13 [expanded 101 state(s)]
Best heuristic value: 10/13 [expanded 104 state(s)]
Best heuristic value: 9/13 [expanded 121 state(s)]
Best heuristic value: 8/13 [expanded 122 state(s)]
Best heuristic value: 7/12 [expanded 123 state(s)]
Best heuristic value: 6/11 [expanded 124 state(s)]
Best heuristic value: 6/10 [expanded 128 state(s)]
Best heuristic value: 5/10 [expanded 135 state(s)]
Best heuristic value: 4/10 [expanded 137 state(s)]
Best heuristic value: 3/9 [expanded 139 state(s)]
Best heuristic value: 3/8 [expanded 144 state(s)]
Best heuristic value: 3/7 [expanded 148 state(s)]
Best heuristic value: 3/6 [expanded 156 state(s)]
Best heuristic value: 3/5 [expanded 159 state(s)]
Best heuristic value: 3/4 [expanded 168 state(s)]
Best heuristic value: 3/3 [expanded 169 state(s)]
Best heuristic value: 2/3 [expanded 172 state(s)]
Best heuristic value: 1/3 [expanded 175 state(s)]
Best heuristic value: 1/2 [expanded 210 state(s)]
Best heuristic value: 1/1 [expanded 17663 state(s)]
Solution found!
walk driver2 s3 p3-9
walk driver2 p3-9 s9
walk driver1 s1 p5-1
walk driver1 p5-1 s5
walk driver1 s5 p4-5
walk driver1 p4-5 s4
load-truck package4 truck1 s7
board-truck driver2 truck2 s9
drive-truck truck2 s9 s4 driver2
load-truck package2 truck2 s4
load-truck package5 truck2 s4
drive-truck truck2 s4 s2 driver2
unload-truck package2 truck2 s2
unload-truck package4 truck1 s7
drive-truck truck2 s2 s1 driver2
load-truck package6 truck2 s1
drive-truck truck2 s1 s2 driver2
unload-truck package6 truck2 s2
drive-truck truck2 s2 s0 driver2
unload-truck package5 truck2 s0
drive-truck truck2 s0 s7 driver2
drive-truck truck2 s7 s9 driver2
disembark-truck driver2 truck2 s9
load-truck package4 truck1 s7
board-truck driver2 truck2 s9
drive-truck truck2 s9 s3 driver2
load-truck package1 truck2 s3
drive-truck truck2 s3 s8 driver2
drive-truck truck2 s8 s5 driver2
drive-truck truck2 s5 s2 driver2
unload-truck package1 truck2 s2
drive-truck truck2 s2 s5 driver2
disembark-truck driver2 truck2 s5
walk driver2 s5 p5-9
walk driver1 s4 p7-4
walk driver2 p5-9 s9
walk driver1 p7-4 s7
board-truck driver1 truck1 s7
drive-truck truck1 s7 s2 driver1
drive-truck truck1 s2 s1 driver1
unload-truck package4 truck1 s1
drive-truck truck1 s1 s2 driver1
disembark-truck driver1 truck1 s2
board-truck driver1 truck3 s2
drive-truck truck3 s2 s0 driver1
disembark-truck driver1 truck3 s0
walk driver1 s0 p6-0
walk driver1 p6-0 s6
walk driver1 s6 p6-4
walk driver1 p6-4 s4
Plan length: 50 step(s).
Expanded 17664 state(s).
Generated 221847 state(s).
Cache hits: 449668
Cache misses: 24891
Search time: 2.71 seconds
Total time: 2.96 seconds
__MEMKB 26720
