MaxPlanII beta.

bb: parsing domain file
domain 'SATELLITE' defined
 ... done.
bb: parsing problem file
problem 'STRIPS-SAT-X-1' defined
 ... done.


******  Solve with 1 layers Start******

creating action-based encoding:
        building rplan graph layers, up to layer [1];
        goal constraints;

no achiever in for goal?? deadline too low!#001


******  Solve with 2 layers Start******

creating action-based encoding:
        building rplan graph layers, up to layer [2];
        goal constraints;

no achiever in for goal?? deadline too low!#001


******  Solve with 3 layers Start******

creating action-based encoding:
        building rplan graph layers, up to layer [3];
        goal constraints;
        building exclusion constraints --> up to layer 3...

DECISION LAYER 3, WRITING ACTION-BASED ENCODING WITH 997 VARS, 14295 CLAUSES.
7 G clauses, 1183 A clauses, 13105 E clauses.c CNF file planning task -p , -o /home/matheus/repo/acervo-2010/planejadores_analise_resultados/comp/sattelite/domain.pddl, -f /home/matheus/repo/acervo-2010/planejadores_analise_resultados/comp/sattelite/P06_PFILE6.PDDL, bound 3, action based encoding
In building up solver: p cnf 997 14295
==================================[ MINISAT ]===================================
| Conflicts |     ORIGINAL     |              LEARNT              | Progress |
|           | Clauses Literals |   Limit Clauses Literals  Lit/Cl |          |
==============================================================================
|         0 |   13833    33469 |    4611       0        0     0.0 |  0.000 % |
==============================================================================
Totoal time used by londex constraint checking is [B0.000000][L0.000000],apply counts 6, apply_generated 0
restarts          :            1
conflicts         :            1           (      100 / sec      )
decisions         :            0           (        0 / sec      )
propagations      :           61           (     6100 / sec      )
inspects          :          183           (    18300 / sec      )
conflict literals :            0           (      nan % deleted  )
CPU time          :         0.01 sec
UNSATISFIABLE

******  Solve with 4 layers Start******

creating action-based encoding:
        building rplan graph layers, up to layer [4];
        goal constraints;
        building exclusion constraints --> up to layer 4...

DECISION LAYER 4, WRITING ACTION-BASED ENCODING WITH 1575 VARS, 22265 CLAUSES.
7 G clauses, 1986 A clauses, 20272 E clauses.c CNF file planning task -p , -o /home/matheus/repo/acervo-2010/planejadores_analise_resultados/comp/sattelite/domain.pddl, -f /home/matheus/repo/acervo-2010/planejadores_analise_resultados/comp/sattelite/P06_PFILE6.PDDL, bound 4, action based encoding
In building up solver: p cnf 1575 22265
==================================[ MINISAT ]===================================
| Conflicts |     ORIGINAL     |              LEARNT              | Progress |
|           | Clauses Literals |   Limit Clauses Literals  Lit/Cl |          |
==============================================================================
|         0 |   22265    56281 |    7421       0        0     0.0 |  0.000 % |
==============================================================================
Totoal time used by londex constraint checking is [B0.000000][L0.000000],apply counts 55, apply_generated 0
restarts          :            1
conflicts         :           18           (      inf / sec      )
decisions         :           24           (      inf / sec      )
propagations      :         3522           (      inf / sec      )
inspects          :         7144           (      inf / sec      )
conflict literals :           51           (     0.00 % deleted  )
CPU time          :         0.00 sec
UNSATISFIABLE

******  Solve with 5 layers Start******

creating action-based encoding:
        building rplan graph layers, up to layer [5];
        goal constraints;
        building exclusion constraints --> up to layer 5...

DECISION LAYER 5, WRITING ACTION-BASED ENCODING WITH 2153 VARS, 30235 CLAUSES.
7 G clauses, 2789 A clauses, 27439 E clauses.c CNF file planning task -p , -o /home/matheus/repo/acervo-2010/planejadores_analise_resultados/comp/sattelite/domain.pddl, -f /home/matheus/repo/acervo-2010/planejadores_analise_resultados/comp/sattelite/P06_PFILE6.PDDL, bound 5, action based encoding
In building up solver: p cnf 2153 30235
==================================[ MINISAT ]===================================
| Conflicts |     ORIGINAL     |              LEARNT              | Progress |
|           | Clauses Literals |   Limit Clauses Literals  Lit/Cl |          |
==============================================================================
|         0 |   30235    78208 |   10078       0        0     0.0 |  0.000 % |
|       100 |   30218    78162 |   11086      95     4511    47.5 |  0.279 % |
|       250 |   30218    78162 |   12194     234     9556    40.8 |  6.226 % |
==============================================================================
Totoal time used by londex constraint checking is [B0.000000][L0.000000],apply counts 1441, apply_generated 0
restarts          :            3
conflicts         :          390           (    19500 / sec      )
decisions         :          847           (    42350 / sec      )
propagations      :        70099           (  3504950 / sec      )
inspects          :       158015           (  7900750 / sec      )
conflict literals :        12987           (    15.35 % deleted  )
CPU time          :         0.02 sec
UNSATISFIABLE

******  Solve with 6 layers Start******

creating action-based encoding:
        building rplan graph layers, up to layer [6];
        goal constraints;
        building exclusion constraints --> up to layer 6...

DECISION LAYER 6, WRITING ACTION-BASED ENCODING WITH 2731 VARS, 38205 CLAUSES.
7 G clauses, 3592 A clauses, 34606 E clauses.c CNF file planning task -p , -o /home/matheus/repo/acervo-2010/planejadores_analise_resultados/comp/sattelite/domain.pddl, -f /home/matheus/repo/acervo-2010/planejadores_analise_resultados/comp/sattelite/P06_PFILE6.PDDL, bound 6, action based encoding
In building up solver: p cnf 2731 38205
==================================[ MINISAT ]===================================
| Conflicts |     ORIGINAL     |              LEARNT              | Progress |
|           | Clauses Literals |   Limit Clauses Literals  Lit/Cl |          |
==============================================================================
|         0 |   38205   100135 |   12735       0        0     0.0 |  0.000 % |
|       100 |   38188   100089 |   14009      99     1487    15.0 |  0.074 % |
|       250 |   38188   100089 |   15409     248     4804    19.4 |  0.147 % |
|       475 |   38188   100089 |   16950     472    13331    28.2 |  0.183 % |
|       812 |   38095    99880 |   18645     634    20190    31.8 |  0.294 % |
|      1318 |   38095    99880 |   20510    1134    42887    37.8 |  0.515 % |
|      2077 |   37667    98991 |   22561    1606    64313    40.0 |  1.039 % |
|      3216 |   37526    98675 |   24817    2683   136864    51.0 |  1.581 % |
|      4924 |   37526    98675 |   27299    4383   252397    57.6 |  2.249 % |
==============================================================================
Totoal time used by londex constraint checking is [B0.060000][L0.050000],apply counts 18921, apply_generated 0
restarts          :            9
conflicts         :         6249           (    17854 / sec      )
decisions         :         8021           (    22917 / sec      )
propagations      :      1091223           (  3117780 / sec      )
inspects          :      2988063           (  8537323 / sec      )
conflict literals :       356589           (    22.39 % deleted  )
CPU time          :         0.35 sec
UNSATISFIABLE

******  Solve with 7 layers Start******

creating action-based encoding:
        building rplan graph layers, up to layer [7];
        goal constraints;
        building exclusion constraints --> up to layer 7...

DECISION LAYER 7, WRITING ACTION-BASED ENCODING WITH 3309 VARS, 46175 CLAUSES.
7 G clauses, 4395 A clauses, 41773 E clauses.c CNF file planning task -p , -o /home/matheus/repo/acervo-2010/planejadores_analise_resultados/comp/sattelite/domain.pddl, -f /home/matheus/repo/acervo-2010/planejadores_analise_resultados/comp/sattelite/P06_PFILE6.PDDL, bound 7, action based encoding
In building up solver: p cnf 3309 46175
==================================[ MINISAT ]===================================
| Conflicts |     ORIGINAL     |              LEARNT              | Progress |
|           | Clauses Literals |   Limit Clauses Literals  Lit/Cl |          |
==============================================================================
|         0 |   46175   122062 |   15391       0        0     0.0 |  0.000 % |
|       100 |   46175   122062 |   16930     100     1638    16.4 |  0.003 % |
|       250 |   46159   122018 |   18623     249    13704    55.0 |  0.031 % |
|       475 |   46159   122018 |   20485     474    20664    43.6 |  0.031 % |
|       812 |   46127   121954 |   22534     808    51321    63.5 |  0.061 % |
|      1318 |   46127   121954 |   24787    1312    67408    51.4 |  0.152 % |
|      2077 |   46127   121954 |   27266    2069   101790    49.2 |  0.212 % |
|      3216 |   46023   121711 |   29993    3139   173363    55.2 |  0.273 % |
|      4924 |   46023   121711 |   32992    4846   320025    66.0 |  0.305 % |
|      7487 |   45952   121534 |   36291    7347   476892    64.9 |  0.484 % |
|     11331 |   45818   121207 |   39920   11061   746870    67.5 |  0.666 % |
|     17097 |   45706   120945 |   43912   16770  1167272    69.6 |  1.123 % |
==============================================================================
Totoal time used by londex constraint checking is [B0.100000][L0.110000],apply counts 52395, apply_generated 0
restarts          :           12
conflicts         :        19731           (    17308 / sec      )
decisions         :        24276           (    21295 / sec      )
propagations      :      3265064           (  2864091 / sec      )
inspects          :     11796790           ( 10348061 / sec      )
conflict literals :      1243952           (    30.10 % deleted  )
CPU time          :         1.14 sec
UNSATISFIABLE

******  Solve with 8 layers Start******

creating action-based encoding:
        building rplan graph layers, up to layer [8];
        goal constraints;
        building exclusion constraints --> up to layer 8...

DECISION LAYER 8, WRITING ACTION-BASED ENCODING WITH 3887 VARS, 54145 CLAUSES.
7 G clauses, 5198 A clauses, 48940 E clauses.c CNF file planning task -p , -o /home/matheus/repo/acervo-2010/planejadores_analise_resultados/comp/sattelite/domain.pddl, -f /home/matheus/repo/acervo-2010/planejadores_analise_resultados/comp/sattelite/P06_PFILE6.PDDL, bound 8, action based encoding
In building up solver: p cnf 3887 54145
==================================[ MINISAT ]===================================
| Conflicts |     ORIGINAL     |              LEARNT              | Progress |
|           | Clauses Literals |   Limit Clauses Literals  Lit/Cl |          |
==============================================================================
|         0 |   54145   143989 |   18048       0        0     0.0 |  0.000 % |
|       100 |   54128   143943 |   19853      99     4324    43.7 |  0.052 % |
|       250 |   54128   143943 |   21838     249    17373    69.8 |  0.053 % |
|       475 |   54128   143943 |   24022     471    37669    80.0 |  0.182 % |
|       812 |   54128   143943 |   26424     808    51922    64.3 |  0.180 % |
|      1318 |   54078   143807 |   29066    1313    96314    73.4 |  0.207 % |
|      2077 |   54078   143807 |   31973    2072   121813    58.8 |  0.206 % |
|      3216 |   54049   143738 |   35170    3169   185836    58.6 |  0.207 % |
|      4924 |   54017   143650 |   38687    4875   347786    71.3 |  0.258 % |
|      7486 |   54001   143606 |   42556    7436   442217    59.5 |  0.283 % |
|     11330 |   53953   143474 |   46812   11277   617279    54.7 |  0.386 % |
|     17096 |   53900   143345 |   51493   16944  1247625    73.6 |  0.463 % |
|     25745 |   53900   143345 |   56642   25589  1941761    75.9 |  0.592 % |
|     38719 |   53788   143036 |   62307   38506  2763898    71.8 |  0.644 % |
==============================================================================
Totoal time used by londex constraint checking is [B0.250000][L0.230000],apply counts 125351, apply_generated 0
restarts          :           14
conflicts         :        52422           (    17831 / sec      )
decisions         :        64194           (    21835 / sec      )
propagations      :      7920450           (  2694031 / sec      )
inspects          :     33814575           ( 11501556 / sec      )
conflict literals :      3701347           (    28.96 % deleted  )
CPU time          :         2.94 sec
SATISFIABLE

Info:      2.94 seconds total solving time
           0.00 MB memory used
        solution found at layer 8

__MEMKB 21136
