blackbox version 43
command line:  ./blackbox -o /home/matheus/repo/acervo-2010/planejadores_analise_resultados/comp/mystery/domain.pddl -f /home/matheus/repo/acervo-2010/planejadores_analise_resultados/comp/mystery/pfile18

Begin solver specification
    -maxint        0   -maxsec 10.000000  graphplan
    -maxint        0   -maxsec 0.000000  chaff
End solver specification
Loading domain file: /home/matheus/repo/acervo-2010/planejadores_analise_resultados/comp/mystery/domain.pddl
Loading fact file: /home/matheus/repo/acervo-2010/planejadores_analise_resultados/comp/mystery/pfile18
Problem name: strips-mysty-x-18
Facts loaded.
time: 1, 180 facts and 59 exclusive pairs.
time: 2, 206 facts and 275 exclusive pairs.
time: 3, 232 facts and 578 exclusive pairs.
time: 4, 257 facts and 899 exclusive pairs.
time: 5, 286 facts and 1262 exclusive pairs.
time: 6, 308 facts and 1460 exclusive pairs.
time: 7, 331 facts and 1916 exclusive pairs.
time: 8, 346 facts and 2116 exclusive pairs.
time: 9, 356 facts and 2294 exclusive pairs.
time: 10, 361 facts and 2343 exclusive pairs.
time: 11, 365 facts and 2381 exclusive pairs.
time: 12, 368 facts and 2450 exclusive pairs.
time: 13, 369 facts and 2461 exclusive pairs.
time: 14, 370 facts and 2496 exclusive pairs.
time: 15, 370 facts and 2489 exclusive pairs.
time: 16, 370 facts and 2482 exclusive pairs.
time: 17, 370 facts and 2481 exclusive pairs.
time: 18, 370 facts and 2481 exclusive pairs.
31857 nodes created.

----------------------------------------------------
NO SOLUTION
Problem not solvable: can't even reach non-mutex goals
    Search halted after 0 steps
    0 entries in hash table and 0 hits
    avg set size 0
----------------------------------------------------

####################################################
Total elapsed time:   0.63 seconds
Time in milliseconds: 631

####################################################
__MEMKB 343808
