blackbox version 43
command line:  ./blackbox -o /home/matheus/repo/acervo-2010/planejadores_analise_resultados/comp/mystery/domain.pddl -f /home/matheus/repo/acervo-2010/planejadores_analise_resultados/comp/mystery/pfile03

Begin solver specification
    -maxint        0   -maxsec 10.000000  graphplan
    -maxint        0   -maxsec 0.000000  chaff
End solver specification
Loading domain file: /home/matheus/repo/acervo-2010/planejadores_analise_resultados/comp/mystery/domain.pddl
Loading fact file: /home/matheus/repo/acervo-2010/planejadores_analise_resultados/comp/mystery/pfile03
Problem name: strips-mysty-x-3
Facts loaded.
time: 1, 112 facts and 70 exclusive pairs.
time: 2, 140 facts and 311 exclusive pairs.
time: 3, 175 facts and 803 exclusive pairs.
time: 4, 211 facts and 1258 exclusive pairs.
Goals first reachable in 4 steps.
2230 nodes created.

####################################################
goals at time 5:
  craves_hangover_ham 


----------------------------------------------------
Invoking solver graphplan
Result is Sat
Iteration was 36
Performing plan justification:
   0 actions were pruned in 0.00 seconds

----------------------------------------------------
Begin plan
1 (feast love orange chocolate guanabara bavaria)
2 (overcome hangover love chocolate venus neptune)
3 (feast love chocolate ham goias guanabara)
4 (succumb hangover love ham venus neptune)
End plan
----------------------------------------------------

4 total actions in plan
0 entries in hash table, 
3 total set-creation steps (entries + hits + plan length - 1)
4 actions tried

####################################################
Total elapsed time:   0.02 seconds
Time in milliseconds: 24

####################################################
__MEMKB 23936
