Parsing...
Instantiating...
Starting instantiation [45 rules]...
Finding invariants...
Instantiating groups...
Choosing groups...
30 uncovered facts
Building translation key...
Building STRIPS to SAS dictionary...
Translating task...
Processing axioms...
Detecting unreachable propositions...
Removed false proposition: <none of those>
Removed false proposition: <none of those>
Removed false proposition: <none of those>
Removed false proposition: <none of those>
Removed false proposition: <none of those>
Removed false proposition: <none of those>
Removed false proposition: <none of those>
Removed false proposition: <none of those>
Removed false proposition: <none of those>
Removed false proposition: <none of those>
Removed false proposition: <none of those>
Removed false proposition: <none of those>
Removed false proposition: <none of those>
Removed false proposition: <none of those>
Removed false proposition: <none of those>
Removed false proposition: <none of those>
Removed false proposition: <none of those>
Removed false proposition: <none of those>
Removed false proposition: <none of those>
Removed false proposition: <none of those>
Removed false proposition: <none of those>
Removed false proposition: <none of those>
Removed false proposition: <none of those>
Removed false proposition: <none of those>
Removed false proposition: <none of those>
Removed false proposition: <none of those>
Removed false proposition: <none of those>
Removed false proposition: <none of those>
Removed false proposition: <none of those>
Removed false proposition: <none of those>
Removed false proposition: <none of those>
Removed false proposition: <none of those>
Removed false proposition: <none of those>
Removed false proposition: <none of those>
Removed false proposition: <none of those>
Removed false proposition: <none of those>
Removed false proposition: <none of those>
Removed false proposition: <none of those>
Removed false proposition: <none of those>
Removed false proposition: <none of those>
Removed false proposition: <none of those>
Removed false proposition: <none of those>
Removed false proposition: <none of those>
Removed false proposition: <none of those>
Removed false proposition: <none of those>
Removed false proposition: <none of those>
Removed false proposition: <none of those>
Removed false proposition: <none of those>
Removed false proposition: <none of those>
Removed false proposition: <none of those>
Removed false proposition: <none of those>
Removed false proposition: <none of those>
Removed false proposition: <none of those>
Removed false proposition: <none of those>
Removed false proposition: <none of those>
Removed false proposition: <none of those>
Removed false proposition: <none of those>
Removed false proposition: <none of those>
Removed false proposition: <none of those>
Removed false proposition: <none of those>
Removed false proposition: <none of those>
Removed false proposition: <none of those>
Removed false proposition: <none of those>
Removed true proposition: Atom on-sale(goods7, market3, level0)
Removed false proposition: <none of those>
Removed true proposition: Atom on-sale(goods9, market1, level0)
Removed false proposition: <none of those>
Removed true proposition: Atom ready-to-load(goods2, market3, level0)
Removed false proposition: <none of those>
Removed true proposition: Atom on-sale(goods4, market3, level0)
Removed false proposition: <none of those>
Removed true proposition: Atom ready-to-load(goods1, market3, level0)
Removed false proposition: <none of those>
Removed true proposition: Atom on-sale(goods1, market3, level0)
Removed false proposition: <none of those>
Removed true proposition: Atom ready-to-load(goods4, market3, level0)
Removed false proposition: <none of those>
Removed true proposition: Atom on-sale(goods2, market3, level0)
Removed false proposition: <none of those>
Removed true proposition: Atom on-sale(goods6, market1, level0)
Removed false proposition: <none of those>
Removed true proposition: Atom on-sale(goods5, market3, level0)
Removed false proposition: <none of those>
Removed true proposition: Atom ready-to-load(goods2, market1, level0)
Removed false proposition: <none of those>
Removed true proposition: Atom on-sale(goods9, market3, level0)
Removed false proposition: <none of those>
Removed true proposition: Atom on-sale(goods6, market3, level0)
Removed false proposition: <none of those>
Removed true proposition: Atom ready-to-load(goods9, market1, level0)
Removed false proposition: <none of those>
Removed true proposition: Atom ready-to-load(goods7, market3, level0)
Removed false proposition: <none of those>
Removed true proposition: Atom ready-to-load(goods3, market3, level0)
Removed false proposition: <none of those>
Removed true proposition: Atom on-sale(goods8, market1, level0)
Removed false proposition: <none of those>
Removed true proposition: Atom on-sale(goods7, market2, level0)
Removed false proposition: <none of those>
Removed true proposition: Atom ready-to-load(goods8, market3, level0)
Removed false proposition: <none of those>
Removed true proposition: Atom on-sale(goods5, market2, level0)
Removed false proposition: <none of those>
Removed true proposition: Atom ready-to-load(goods5, market2, level0)
Removed false proposition: <none of those>
Removed true proposition: Atom on-sale(goods8, market3, level0)
Removed false proposition: <none of those>
Removed true proposition: Atom ready-to-load(goods8, market1, level0)
Removed false proposition: <none of those>
Removed true proposition: Atom ready-to-load(goods7, market2, level0)
Removed false proposition: <none of those>
Removed true proposition: Atom on-sale(goods3, market3, level0)
Removed false proposition: <none of those>
Removed true proposition: Atom ready-to-load(goods6, market3, level0)
Removed false proposition: <none of those>
Removed true proposition: Atom ready-to-load(goods9, market3, level0)
Removed false proposition: <none of those>
Removed true proposition: Atom on-sale(goods2, market1, level0)
Removed false proposition: <none of those>
Removed true proposition: Atom ready-to-load(goods5, market3, level0)
Removed false proposition: <none of those>
Removed true proposition: Atom ready-to-load(goods6, market1, level0)
Removed false proposition: <none of those>
123 propositions removed.
Writing output...
Done!
Building causal graph...
The causal graph is not acyclic.
63 variables of 63 necessary
366 of 366 operators necessary.
0 of 0 axiom rules necessary.
Building domain transition graphs...
solveable in poly time 0
Building successor generator...
Writing output...
done

Simplifying transitions... done! (reduced from 714 to 540)
Initializing heuristic cache... done!
Conducting best first search.
Initializing causal graph heuristic...
Initializing HSP/FF heuristic...
Simplifying 714 unary operators... done! [714 unary operators]
Best heuristic value: 36/44 [expanded 1 state(s)]
Best heuristic value: 36/42 [expanded 2 state(s)]
Best heuristic value: 36/41 [expanded 7 state(s)]
Best heuristic value: 35/40 [expanded 11 state(s)]
Best heuristic value: 34/40 [expanded 12 state(s)]
Best heuristic value: 33/40 [expanded 13 state(s)]
Best heuristic value: 33/39 [expanded 17 state(s)]
Best heuristic value: 33/38 [expanded 21 state(s)]
Best heuristic value: 32/37 [expanded 23 state(s)]
Best heuristic value: 31/37 [expanded 24 state(s)]
Best heuristic value: 31/35 [expanded 30 state(s)]
Best heuristic value: 31/34 [expanded 34 state(s)]
Best heuristic value: 29/34 [expanded 36 state(s)]
Best heuristic value: 29/33 [expanded 43 state(s)]
Best heuristic value: 29/31 [expanded 48 state(s)]
Best heuristic value: 27/31 [expanded 50 state(s)]
Best heuristic value: 27/28 [expanded 57 state(s)]
Best heuristic value: 27/27 [expanded 68 state(s)]
Best heuristic value: 27/26 [expanded 74 state(s)]
Best heuristic value: 27/25 [expanded 80 state(s)]
Best heuristic value: 27/24 [expanded 87 state(s)]
Best heuristic value: 27/23 [expanded 91 state(s)]
Best heuristic value: 24/22 [expanded 97 state(s)]
Best heuristic value: 19/22 [expanded 98 state(s)]
Best heuristic value: 18/21 [expanded 99 state(s)]
Best heuristic value: 18/19 [expanded 112 state(s)]
Best heuristic value: 17/18 [expanded 124 state(s)]
Best heuristic value: 16/18 [expanded 125 state(s)]
Best heuristic value: 15/17 [expanded 126 state(s)]
Best heuristic value: 15/16 [expanded 141 state(s)]
Best heuristic value: 15/15 [expanded 152 state(s)]
Best heuristic value: 14/14 [expanded 166 state(s)]
Best heuristic value: 13/14 [expanded 168 state(s)]
Best heuristic value: 12/13 [expanded 171 state(s)]
Best heuristic value: 12/12 [expanded 194 state(s)]
Best heuristic value: 11/11 [expanded 206 state(s)]
Best heuristic value: 10/10 [expanded 207 state(s)]
Best heuristic value: 9/9 [expanded 233 state(s)]
Best heuristic value: 8/8 [expanded 234 state(s)]
Best heuristic value: 7/7 [expanded 267 state(s)]
Best heuristic value: 6/6 [expanded 268 state(s)]
Best heuristic value: 5/5 [expanded 349 state(s)]
Best heuristic value: 4/4 [expanded 350 state(s)]
Best heuristic value: 3/3 [expanded 396 state(s)]
Best heuristic value: 2/2 [expanded 397 state(s)]
Best heuristic value: 1/1 [expanded 435 state(s)]
Solution found!
drive truck1 depot1 market2
buy truck1 goods6 market2 level0 level1 level0 level1
load goods6 truck1 market2 level0 level1 level0 level1
drive truck1 market2 depot1
unload goods6 truck1 depot1 level0 level1 level0 level1
drive truck1 depot1 market2
buy truck1 goods4 market2 level0 level1 level0 level1
load goods4 truck1 market2 level0 level1 level0 level1
buy truck1 goods2 market2 level1 level2 level0 level1
load goods2 truck1 market2 level0 level1 level0 level1
buy truck1 goods8 market2 level1 level2 level0 level1
load goods8 truck1 market2 level0 level1 level0 level1
drive truck1 market2 market3
drive truck1 market3 market1
buy truck1 goods7 market1 level1 level2 level0 level1
load goods7 truck1 market1 level0 level1 level0 level1
buy truck1 goods5 market1 level1 level2 level0 level1
load goods5 truck1 market1 level0 level1 level0 level1
drive truck1 market1 market3
drive truck1 market3 market2
drive truck1 market2 depot1
unload goods7 truck1 depot1 level0 level1 level0 level1
drive truck3 depot1 market2
buy truck3 goods1 market2 level0 level1 level0 level1
load goods1 truck3 market2 level0 level1 level0 level1
drive truck3 market2 depot1
unload goods1 truck3 depot1 level0 level1 level0 level1
drive truck2 depot1 market2
buy truck2 goods9 market2 level0 level1 level0 level1
drive truck3 depot1 market2
load goods9 truck3 market2 level0 level1 level0 level1
drive truck3 market2 depot1
unload goods9 truck3 depot1 level0 level1 level0 level1
drive truck3 depot1 market2
drive truck2 market2 depot1
buy truck3 goods3 market2 level0 level1 level0 level1
load goods3 truck3 market2 level0 level1 level0 level1
drive truck3 market2 depot1
unload goods8 truck1 depot1 level0 level1 level0 level1
drive truck1 depot1 market2
buy truck1 goods8 market2 level0 level1 level0 level1
load goods8 truck1 market2 level0 level1 level0 level1
drive truck1 market2 depot1
unload goods8 truck1 depot1 level0 level1 level1 level2
unload goods2 truck1 depot1 level0 level1 level0 level1
drive truck2 depot1 market2
buy truck2 goods2 market2 level0 level1 level0 level1
load goods2 truck2 market2 level0 level1 level0 level1
drive truck2 market2 depot1
unload goods2 truck2 depot1 level0 level1 level1 level2
unload goods3 truck3 depot1 level0 level1 level0 level1
drive truck3 depot1 market2
drive truck3 market2 market3
drive truck3 market3 market1
buy truck3 goods3 market1 level0 level1 level0 level1
load goods3 truck3 market1 level0 level1 level0 level1
drive truck3 market1 market3
drive truck3 market3 market2
drive truck3 market2 depot1
unload goods3 truck3 depot1 level0 level1 level1 level2
unload goods4 truck1 depot1 level0 level1 level0 level1
drive truck3 depot1 market2
drive truck3 market2 market3
drive truck3 market3 market1
buy truck3 goods4 market1 level0 level1 level0 level1
load goods4 truck3 market1 level0 level1 level0 level1
drive truck3 market1 market3
drive truck2 depot1 market2
drive truck3 market3 market2
drive truck3 market2 depot1
unload goods4 truck3 depot1 level0 level1 level1 level2
unload goods5 truck1 depot1 level0 level1 level0 level1
drive truck2 market2 market3
drive truck2 market3 market1
buy truck2 goods5 market1 level0 level1 level0 level1
load goods5 truck2 market1 level0 level1 level0 level1
drive truck2 market1 market3
drive truck2 market3 market2
drive truck2 market2 depot1
unload goods5 truck2 depot1 level0 level1 level1 level2
Plan length: 80 step(s).
Expanded 436 state(s).
Generated 3670 state(s).
Cache hits: 9347
Cache misses: 0
Search time: 0.01 seconds
Total time: 0.01 seconds
__MEMKB 17792
