Parsing...
Instantiating...
Starting instantiation [45 rules]...
Finding invariants...
Instantiating groups...
Choosing groups...
18 uncovered facts
Building translation key...
Building STRIPS to SAS dictionary...
Translating task...
Processing axioms...
Detecting unreachable propositions...
Removed false proposition: <none of those>
Removed false proposition: <none of those>
Removed false proposition: <none of those>
Removed false proposition: <none of those>
Removed false proposition: <none of those>
Removed false proposition: <none of those>
Removed false proposition: <none of those>
Removed false proposition: <none of those>
Removed false proposition: <none of those>
Removed false proposition: <none of those>
Removed false proposition: <none of those>
Removed false proposition: <none of those>
Removed false proposition: <none of those>
Removed false proposition: <none of those>
Removed false proposition: <none of those>
Removed false proposition: <none of those>
Removed false proposition: <none of those>
Removed false proposition: <none of those>
Removed false proposition: <none of those>
Removed false proposition: <none of those>
Removed false proposition: <none of those>
Removed false proposition: <none of those>
Removed false proposition: <none of those>
Removed false proposition: <none of those>
Removed false proposition: <none of those>
Removed false proposition: <none of those>
Removed false proposition: <none of those>
Removed false proposition: <none of those>
Removed false proposition: <none of those>
Removed false proposition: <none of those>
Removed false proposition: <none of those>
Removed false proposition: <none of those>
Removed false proposition: <none of those>
Removed false proposition: <none of those>
Removed false proposition: <none of those>
Removed false proposition: <none of those>
Removed false proposition: <none of those>
Removed false proposition: <none of those>
Removed false proposition: <none of those>
Removed false proposition: <none of those>
Removed false proposition: <none of those>
Removed false proposition: <none of those>
Removed false proposition: <none of those>
Removed false proposition: <none of those>
Removed false proposition: <none of those>
Removed true proposition: Atom on-sale(goods6, market3, level0)
Removed false proposition: <none of those>
Removed true proposition: Atom on-sale(goods1, market2, level0)
Removed false proposition: <none of those>
Removed true proposition: Atom ready-to-load(goods3, market3, level0)
Removed false proposition: <none of those>
Removed true proposition: Atom on-sale(goods3, market3, level0)
Removed false proposition: <none of those>
Removed true proposition: Atom on-sale(goods5, market2, level0)
Removed false proposition: <none of those>
Removed true proposition: Atom ready-to-load(goods5, market2, level0)
Removed false proposition: <none of those>
Removed true proposition: Atom ready-to-load(goods6, market3, level0)
Removed false proposition: <none of those>
Removed true proposition: Atom ready-to-load(goods5, market3, level0)
Removed false proposition: <none of those>
Removed true proposition: Atom ready-to-load(goods1, market2, level0)
Removed false proposition: <none of those>
Removed true proposition: Atom on-sale(goods4, market3, level0)
Removed false proposition: <none of those>
Removed true proposition: Atom ready-to-load(goods1, market3, level0)
Removed false proposition: <none of those>
Removed true proposition: Atom on-sale(goods6, market2, level0)
Removed false proposition: <none of those>
Removed true proposition: Atom ready-to-load(goods3, market2, level0)
Removed false proposition: <none of those>
Removed true proposition: Atom on-sale(goods3, market2, level0)
Removed false proposition: <none of those>
Removed true proposition: Atom on-sale(goods1, market3, level0)
Removed false proposition: <none of those>
Removed true proposition: Atom ready-to-load(goods4, market3, level0)
Removed false proposition: <none of those>
Removed true proposition: Atom ready-to-load(goods6, market2, level0)
Removed false proposition: <none of those>
Removed true proposition: Atom on-sale(goods5, market3, level0)
Removed false proposition: <none of those>
81 propositions removed.
Writing output...
Done!
Building causal graph...
The causal graph is not acyclic.
45 variables of 45 necessary
744 of 744 operators necessary.
0 of 0 axiom rules necessary.
Building domain transition graphs...
solveable in poly time 0
Building successor generator...
Writing output...
done

Simplifying transitions... done! (reduced from 1464 to 984)
Initializing heuristic cache... done!
Conducting best first search.
Initializing causal graph heuristic...
Initializing HSP/FF heuristic...
Simplifying 1464 unary operators... done! [1464 unary operators]
Best heuristic value: 39/42 [expanded 1 state(s)]
Best heuristic value: 37/42 [expanded 2 state(s)]
Best heuristic value: 36/42 [expanded 4 state(s)]
Best heuristic value: 36/40 [expanded 5 state(s)]
Best heuristic value: 35/39 [expanded 8 state(s)]
Best heuristic value: 35/38 [expanded 9 state(s)]
Best heuristic value: 34/38 [expanded 11 state(s)]
Best heuristic value: 33/37 [expanded 13 state(s)]
Best heuristic value: 33/33 [expanded 16 state(s)]
Best heuristic value: 32/32 [expanded 18 state(s)]
Best heuristic value: 31/32 [expanded 19 state(s)]
Best heuristic value: 31/31 [expanded 37 state(s)]
Best heuristic value: 31/30 [expanded 43 state(s)]
Best heuristic value: 31/29 [expanded 48 state(s)]
Best heuristic value: 31/27 [expanded 50 state(s)]
Best heuristic value: 29/27 [expanded 53 state(s)]
Best heuristic value: 29/26 [expanded 55 state(s)]
Best heuristic value: 26/26 [expanded 56 state(s)]
Best heuristic value: 23/26 [expanded 58 state(s)]
Best heuristic value: 23/22 [expanded 59 state(s)]
Best heuristic value: 22/22 [expanded 60 state(s)]
Best heuristic value: 22/21 [expanded 69 state(s)]
Best heuristic value: 22/20 [expanded 75 state(s)]
Best heuristic value: 22/19 [expanded 81 state(s)]
Best heuristic value: 22/18 [expanded 85 state(s)]
Best heuristic value: 20/17 [expanded 89 state(s)]
Best heuristic value: 15/15 [expanded 90 state(s)]
Best heuristic value: 14/14 [expanded 91 state(s)]
Best heuristic value: 13/13 [expanded 132 state(s)]
Best heuristic value: 12/12 [expanded 226 state(s)]
Best heuristic value: 11/11 [expanded 227 state(s)]
Best heuristic value: 10/10 [expanded 258 state(s)]
Best heuristic value: 9/9 [expanded 259 state(s)]
Best heuristic value: 8/8 [expanded 315 state(s)]
Best heuristic value: 7/7 [expanded 338 state(s)]
Best heuristic value: 6/6 [expanded 377 state(s)]
Best heuristic value: 5/5 [expanded 378 state(s)]
Best heuristic value: 4/4 [expanded 399 state(s)]
Best heuristic value: 3/3 [expanded 400 state(s)]
Best heuristic value: 2/2 [expanded 414 state(s)]
Best heuristic value: 1/1 [expanded 466 state(s)]
Solution found!
drive truck2 depot1 market2
buy truck2 goods4 market2 level0 level1 level0 level1
load goods4 truck2 market2 level0 level1 level0 level1
buy truck2 goods2 market2 level0 level1 level0 level1
drive truck2 market2 depot1
drive truck3 depot1 market2
load goods2 truck3 market2 level0 level1 level0 level1
drive truck3 market2 market3
drive truck3 market3 market1
buy truck3 goods6 market1 level2 level3 level0 level1
load goods6 truck3 market1 level0 level1 level0 level1
buy truck3 goods3 market1 level2 level3 level0 level1
load goods3 truck3 market1 level0 level1 level0 level1
buy truck3 goods1 market1 level2 level3 level0 level1
load goods1 truck3 market1 level0 level1 level0 level1
buy truck3 goods5 market1 level1 level2 level0 level1
load goods5 truck3 market1 level0 level1 level0 level1
unload goods4 truck2 depot1 level0 level1 level0 level1
buy truck3 goods4 market1 level1 level2 level0 level1
load goods4 truck3 market1 level0 level1 level0 level1
drive truck3 market1 market3
drive truck3 market3 market2
drive truck3 market2 depot2
unload goods6 truck3 depot2 level0 level1 level0 level1
unload goods5 truck3 depot2 level0 level1 level0 level1
drive truck2 depot1 market2
drive truck2 market2 market3
drive truck2 market3 market1
buy truck2 goods5 market1 level0 level1 level0 level1
load goods5 truck2 market1 level0 level1 level0 level1
unload goods4 truck3 depot2 level0 level1 level1 level2
buy truck2 goods4 market1 level0 level1 level0 level1
load goods4 truck2 market1 level0 level1 level0 level1
drive truck2 market1 market3
drive truck2 market3 market2
drive truck2 market2 depot1
unload goods4 truck2 depot1 level0 level1 level2 level3
unload goods5 truck2 depot1 level0 level1 level1 level2
unload goods3 truck3 depot2 level0 level1 level0 level1
drive truck1 depot2 market2
drive truck1 market2 market3
drive truck1 market3 market1
buy truck1 goods3 market1 level1 level2 level0 level1
load goods3 truck1 market1 level0 level1 level0 level1
unload goods1 truck3 depot2 level0 level1 level0 level1
buy truck1 goods1 market1 level1 level2 level0 level1
load goods1 truck1 market1 level0 level1 level0 level1
drive truck1 market1 market3
drive truck1 market3 market2
drive truck1 market2 depot1
unload goods3 truck1 depot1 level0 level1 level1 level2
drive truck1 depot1 market2
drive truck1 market2 market3
drive truck1 market3 market1
buy truck1 goods3 market1 level0 level1 level0 level1
load goods3 truck1 market1 level0 level1 level0 level1
drive truck1 market1 market3
drive truck1 market3 market2
drive truck1 market2 depot1
unload goods3 truck1 depot1 level0 level1 level2 level3
unload goods1 truck1 depot1 level0 level1 level1 level2
drive truck1 depot1 market2
drive truck1 market2 market3
drive truck1 market3 market1
buy truck1 goods1 market1 level0 level1 level0 level1
load goods1 truck1 market1 level0 level1 level0 level1
drive truck1 market1 market3
drive truck1 market3 market2
drive truck1 market2 depot1
unload goods1 truck1 depot1 level0 level1 level2 level3
unload goods2 truck3 depot2 level0 level1 level0 level1
drive truck1 depot1 market2
drive truck1 market2 market3
buy truck1 goods2 market3 level0 level1 level0 level1
drive truck3 depot2 market2
load goods2 truck1 market3 level0 level1 level0 level1
drive truck1 market3 market2
drive truck1 market2 depot1
unload goods2 truck1 depot1 level0 level1 level1 level2
drive truck3 market2 market3
drive truck3 market3 market1
buy truck3 goods2 market1 level0 level1 level0 level1
load goods2 truck3 market1 level0 level1 level0 level1
drive truck3 market1 market3
drive truck3 market3 market2
drive truck3 market2 depot2
unload goods2 truck3 depot2 level0 level1 level2 level3
Plan length: 87 step(s).
Expanded 467 state(s).
Generated 3079 state(s).
Cache hits: 148779
Cache misses: 1792
Search time: 0.01 seconds
Total time: 0.02 seconds
__MEMKB 36480
