Parsing...
Instantiating...
Starting instantiation [45 rules]...
Finding invariants...
Instantiating groups...
Choosing groups...
66 uncovered facts
Building translation key...
Building STRIPS to SAS dictionary...
Translating task...
Processing axioms...
Detecting unreachable propositions...
Removed false proposition: <none of those>
Removed false proposition: <none of those>
Removed false proposition: <none of those>
Removed false proposition: <none of those>
Removed false proposition: <none of those>
Removed false proposition: <none of those>
Removed false proposition: <none of those>
Removed false proposition: <none of those>
Removed false proposition: <none of those>
Removed false proposition: <none of those>
Removed false proposition: <none of those>
Removed false proposition: <none of those>
Removed false proposition: <none of those>
Removed false proposition: <none of those>
Removed false proposition: <none of those>
Removed false proposition: <none of those>
Removed false proposition: <none of those>
Removed false proposition: <none of those>
Removed false proposition: <none of those>
Removed false proposition: <none of those>
Removed false proposition: <none of those>
Removed false proposition: <none of those>
Removed false proposition: <none of those>
Removed false proposition: <none of those>
Removed false proposition: <none of those>
Removed false proposition: <none of those>
Removed false proposition: <none of those>
Removed false proposition: <none of those>
Removed false proposition: <none of those>
Removed false proposition: <none of those>
Removed false proposition: <none of those>
Removed false proposition: <none of those>
Removed false proposition: <none of those>
Removed false proposition: <none of those>
Removed false proposition: <none of those>
Removed false proposition: <none of those>
Removed false proposition: <none of those>
Removed false proposition: <none of those>
Removed false proposition: <none of those>
Removed false proposition: <none of those>
Removed false proposition: <none of those>
Removed false proposition: <none of those>
Removed false proposition: <none of those>
Removed false proposition: <none of those>
Removed false proposition: <none of those>
Removed false proposition: <none of those>
Removed false proposition: <none of those>
Removed false proposition: <none of those>
Removed false proposition: <none of those>
Removed false proposition: <none of those>
Removed false proposition: <none of those>
Removed false proposition: <none of those>
Removed false proposition: <none of those>
Removed false proposition: <none of those>
Removed false proposition: <none of those>
Removed false proposition: <none of those>
Removed false proposition: <none of those>
Removed false proposition: <none of those>
Removed false proposition: <none of those>
Removed false proposition: <none of those>
Removed false proposition: <none of those>
Removed false proposition: <none of those>
Removed false proposition: <none of those>
Removed false proposition: <none of those>
Removed false proposition: <none of those>
Removed false proposition: <none of those>
Removed false proposition: <none of those>
Removed false proposition: <none of those>
Removed false proposition: <none of those>
Removed false proposition: <none of those>
Removed false proposition: <none of those>
Removed false proposition: <none of those>
Removed false proposition: <none of those>
Removed false proposition: <none of those>
Removed false proposition: <none of those>
Removed false proposition: <none of those>
Removed false proposition: <none of those>
Removed false proposition: <none of those>
Removed false proposition: <none of those>
Removed false proposition: <none of those>
Removed false proposition: <none of those>
Removed false proposition: <none of those>
Removed false proposition: <none of those>
Removed false proposition: <none of those>
Removed false proposition: <none of those>
Removed false proposition: <none of those>
Removed false proposition: <none of those>
Removed false proposition: <none of those>
Removed false proposition: <none of those>
Removed false proposition: <none of those>
Removed false proposition: <none of those>
Removed false proposition: <none of those>
Removed false proposition: <none of those>
Removed false proposition: <none of those>
Removed false proposition: <none of those>
Removed false proposition: <none of those>
Removed false proposition: <none of those>
Removed false proposition: <none of those>
Removed false proposition: <none of those>
Removed false proposition: <none of those>
Removed false proposition: <none of those>
Removed false proposition: <none of those>
Removed false proposition: <none of those>
Removed false proposition: <none of those>
Removed false proposition: <none of those>
Removed false proposition: <none of those>
Removed false proposition: <none of those>
Removed false proposition: <none of those>
Removed false proposition: <none of those>
Removed false proposition: <none of those>
Removed false proposition: <none of those>
Removed false proposition: <none of those>
Removed false proposition: <none of those>
Removed false proposition: <none of those>
Removed false proposition: <none of those>
Removed false proposition: <none of those>
Removed false proposition: <none of those>
Removed false proposition: <none of those>
Removed false proposition: <none of those>
Removed false proposition: <none of those>
Removed false proposition: <none of those>
Removed false proposition: <none of those>
Removed false proposition: <none of those>
Removed false proposition: <none of those>
Removed false proposition: <none of those>
Removed false proposition: <none of those>
Removed false proposition: <none of those>
Removed false proposition: <none of those>
Removed false proposition: <none of those>
Removed false proposition: <none of those>
Removed false proposition: <none of those>
Removed false proposition: <none of those>
Removed false proposition: <none of those>
Removed false proposition: <none of those>
Removed false proposition: <none of those>
Removed false proposition: <none of those>
Removed false proposition: <none of those>
Removed false proposition: <none of those>
Removed false proposition: <none of those>
Removed false proposition: <none of those>
Removed false proposition: <none of those>
Removed false proposition: <none of those>
Removed false proposition: <none of those>
Removed false proposition: <none of those>
Removed false proposition: <none of those>
Removed false proposition: <none of those>
Removed false proposition: <none of those>
Removed true proposition: Atom ready-to-load(goods1, market3, level0)
Removed false proposition: <none of those>
Removed true proposition: Atom on-sale(goods5, market5, level0)
Removed false proposition: <none of those>
Removed true proposition: Atom ready-to-load(goods9, market2, level0)
Removed false proposition: <none of those>
Removed true proposition: Atom on-sale(goods12, market5, level0)
Removed false proposition: <none of those>
Removed true proposition: Atom ready-to-load(goods12, market5, level0)
Removed false proposition: <none of those>
Removed true proposition: Atom on-sale(goods1, market3, level0)
Removed false proposition: <none of those>
Removed true proposition: Atom on-sale(goods2, market3, level0)
Removed false proposition: <none of those>
Removed true proposition: Atom ready-to-load(goods3, market5, level0)
Removed false proposition: <none of those>
Removed true proposition: Atom ready-to-load(goods10, market5, level0)
Removed false proposition: <none of those>
Removed true proposition: Atom ready-to-load(goods13, market2, level0)
Removed false proposition: <none of those>
Removed true proposition: Atom on-sale(goods8, market1, level0)
Removed false proposition: <none of those>
Removed true proposition: Atom ready-to-load(goods1, market5, level0)
Removed false proposition: <none of those>
Removed true proposition: Atom ready-to-load(goods2, market5, level0)
Removed false proposition: <none of those>
Removed true proposition: Atom on-sale(goods3, market1, level0)
Removed false proposition: <none of those>
Removed true proposition: Atom on-sale(goods3, market3, level0)
Removed false proposition: <none of those>
Removed true proposition: Atom ready-to-load(goods11, market3, level0)
Removed false proposition: <none of those>
Removed true proposition: Atom on-sale(goods4, market2, level0)
Removed false proposition: <none of those>
Removed true proposition: Atom on-sale(goods2, market1, level0)
Removed false proposition: <none of those>
Removed true proposition: Atom ready-to-load(goods11, market2, level0)
Removed false proposition: <none of those>
Removed true proposition: Atom ready-to-load(goods6, market1, level0)
Removed false proposition: <none of those>
Removed true proposition: Atom on-sale(goods10, market4, level0)
Removed false proposition: <none of those>
Removed true proposition: Atom ready-to-load(goods6, market5, level0)
Removed false proposition: <none of those>
Removed true proposition: Atom ready-to-load(goods12, market3, level0)
Removed false proposition: <none of those>
Removed true proposition: Atom ready-to-load(goods4, market3, level0)
Removed false proposition: <none of those>
Removed true proposition: Atom on-sale(goods5, market3, level0)
Removed false proposition: <none of those>
Removed true proposition: Atom ready-to-load(goods10, market4, level0)
Removed false proposition: <none of those>
Removed true proposition: Atom ready-to-load(goods7, market5, level0)
Removed false proposition: <none of those>
Removed true proposition: Atom ready-to-load(goods4, market2, level0)
Removed false proposition: <none of those>
Removed true proposition: Atom on-sale(goods11, market3, level0)
Removed false proposition: <none of those>
Removed true proposition: Atom ready-to-load(goods3, market1, level0)
Removed false proposition: <none of those>
Removed true proposition: Atom ready-to-load(goods8, market3, level0)
Removed false proposition: <none of those>
Removed true proposition: Atom on-sale(goods1, market5, level0)
Removed false proposition: <none of those>
Removed true proposition: Atom on-sale(goods8, market3, level0)
Removed false proposition: <none of those>
Removed true proposition: Atom on-sale(goods6, market5, level0)
Removed false proposition: <none of those>
Removed true proposition: Atom ready-to-load(goods5, market3, level0)
Removed false proposition: <none of those>
Removed true proposition: Atom ready-to-load(goods5, market4, level0)
Removed false proposition: <none of those>
Removed true proposition: Atom ready-to-load(goods10, market2, level0)
Removed false proposition: <none of those>
Removed true proposition: Atom on-sale(goods3, market5, level0)
Removed false proposition: <none of those>
Removed true proposition: Atom on-sale(goods4, market3, level0)
Removed false proposition: <none of those>
Removed true proposition: Atom on-sale(goods12, market3, level0)
Removed false proposition: <none of those>
Removed true proposition: Atom on-sale(goods10, market2, level0)
Removed false proposition: <none of those>
Removed true proposition: Atom on-sale(goods5, market4, level0)
Removed false proposition: <none of those>
Removed true proposition: Atom ready-to-load(goods5, market5, level0)
Removed false proposition: <none of those>
Removed true proposition: Atom on-sale(goods7, market5, level0)
Removed false proposition: <none of those>
Removed true proposition: Atom ready-to-load(goods3, market3, level0)
Removed false proposition: <none of those>
Removed true proposition: Atom on-sale(goods2, market5, level0)
Removed false proposition: <none of those>
Removed true proposition: Atom on-sale(goods7, market2, level0)
Removed false proposition: <none of those>
Removed true proposition: Atom on-sale(goods10, market5, level0)
Removed false proposition: <none of those>
Removed true proposition: Atom on-sale(goods13, market2, level0)
Removed false proposition: <none of those>
Removed true proposition: Atom ready-to-load(goods2, market1, level0)
Removed false proposition: <none of those>
Removed true proposition: Atom ready-to-load(goods8, market5, level0)
Removed false proposition: <none of those>
Removed true proposition: Atom ready-to-load(goods2, market3, level0)
Removed false proposition: <none of those>
Removed true proposition: Atom on-sale(goods9, market2, level0)
Removed false proposition: <none of those>
Removed true proposition: Atom on-sale(goods11, market5, level0)
Removed false proposition: <none of those>
Removed true proposition: Atom on-sale(goods9, market5, level0)
Removed false proposition: <none of those>
Removed true proposition: Atom on-sale(goods6, market1, level0)
Removed false proposition: <none of those>
Removed true proposition: Atom on-sale(goods11, market2, level0)
Removed false proposition: <none of those>
Removed true proposition: Atom on-sale(goods8, market5, level0)
Removed false proposition: <none of those>
Removed true proposition: Atom on-sale(goods13, market5, level0)
Removed false proposition: <none of those>
Removed true proposition: Atom ready-to-load(goods4, market5, level0)
Removed false proposition: <none of those>
Removed true proposition: Atom on-sale(goods4, market5, level0)
Removed false proposition: <none of those>
Removed true proposition: Atom ready-to-load(goods8, market1, level0)
Removed false proposition: <none of those>
Removed true proposition: Atom ready-to-load(goods7, market2, level0)
Removed false proposition: <none of those>
Removed true proposition: Atom ready-to-load(goods13, market5, level0)
Removed false proposition: <none of those>
Removed true proposition: Atom ready-to-load(goods9, market5, level0)
Removed false proposition: <none of those>
Removed true proposition: Atom ready-to-load(goods11, market5, level0)
Removed false proposition: <none of those>
279 propositions removed.
Writing output...
Done!
Building causal graph...
The causal graph is not acyclic.
147 variables of 147 necessary
5710 of 5710 operators necessary.
0 of 0 axiom rules necessary.
Building domain transition graphs...
solveable in poly time 0
Building successor generator...
Writing output...
done

Simplifying transitions... done! (reduced from 11350 to 7120)
Initializing heuristic cache... done!
Conducting best first search.
Initializing causal graph heuristic...
Initializing HSP/FF heuristic...
Simplifying 11350 unary operators... done! [11350 unary operators]
Best heuristic value: 51/64 [expanded 1 state(s)]
Best heuristic value: 51/63 [expanded 4 state(s)]
Best heuristic value: 51/61 [expanded 11 state(s)]
Best heuristic value: 50/59 [expanded 18 state(s)]
Best heuristic value: 49/59 [expanded 19 state(s)]
Best heuristic value: 49/58 [expanded 28 state(s)]
Best heuristic value: 49/57 [expanded 35 state(s)]
Best heuristic value: 47/57 [expanded 36 state(s)]
Best heuristic value: 46/57 [expanded 37 state(s)]
Best heuristic value: 46/56 [expanded 39 state(s)]
Best heuristic value: 46/55 [expanded 49 state(s)]
Best heuristic value: 46/54 [expanded 56 state(s)]
Best heuristic value: 44/54 [expanded 58 state(s)]
Best heuristic value: 43/54 [expanded 59 state(s)]
Best heuristic value: 43/53 [expanded 61 state(s)]
Best heuristic value: 43/52 [expanded 71 state(s)]
Best heuristic value: 43/51 [expanded 78 state(s)]
Best heuristic value: 41/51 [expanded 80 state(s)]
Best heuristic value: 40/51 [expanded 81 state(s)]
Best heuristic value: 40/50 [expanded 85 state(s)]
Best heuristic value: 40/49 [expanded 97 state(s)]
Best heuristic value: 39/48 [expanded 102 state(s)]
Best heuristic value: 38/48 [expanded 104 state(s)]
Best heuristic value: 37/47 [expanded 108 state(s)]
Best heuristic value: 37/46 [expanded 113 state(s)]
Best heuristic value: 37/45 [expanded 127 state(s)]
Best heuristic value: 36/44 [expanded 143 state(s)]
Best heuristic value: 35/44 [expanded 146 state(s)]
Best heuristic value: 34/44 [expanded 151 state(s)]
Best heuristic value: 34/43 [expanded 159 state(s)]
Best heuristic value: 34/42 [expanded 180 state(s)]
Best heuristic value: 33/41 [expanded 200 state(s)]
Best heuristic value: 32/41 [expanded 204 state(s)]
Best heuristic value: 31/41 [expanded 210 state(s)]
Best heuristic value: 31/40 [expanded 219 state(s)]
Best heuristic value: 31/39 [expanded 251 state(s)]
Best heuristic value: 31/38 [expanded 265 state(s)]
Best heuristic value: 29/38 [expanded 266 state(s)]
Best heuristic value: 28/38 [expanded 271 state(s)]
Best heuristic value: 28/37 [expanded 278 state(s)]
Best heuristic value: 28/36 [expanded 314 state(s)]
Best heuristic value: 27/35 [expanded 323 state(s)]
Best heuristic value: 26/35 [expanded 325 state(s)]
Best heuristic value: 26/31 [expanded 342 state(s)]
Best heuristic value: 24/31 [expanded 344 state(s)]
Best heuristic value: 24/28 [expanded 365 state(s)]
Best heuristic value: 22/28 [expanded 367 state(s)]
Best heuristic value: 22/24 [expanded 381 state(s)]
Best heuristic value: 22/20 [expanded 383 state(s)]
Best heuristic value: 19/20 [expanded 391 state(s)]
Best heuristic value: 19/19 [expanded 407 state(s)]
Best heuristic value: 19/18 [expanded 415 state(s)]
Best heuristic value: 19/17 [expanded 425 state(s)]
Best heuristic value: 19/16 [expanded 429 state(s)]
Best heuristic value: 15/15 [expanded 431 state(s)]
Best heuristic value: 14/14 [expanded 432 state(s)]
Best heuristic value: 13/13 [expanded 481 state(s)]
Best heuristic value: 12/12 [expanded 482 state(s)]
Best heuristic value: 11/11 [expanded 539 state(s)]
Best heuristic value: 10/10 [expanded 540 state(s)]
Best heuristic value: 9/9 [expanded 589 state(s)]
Best heuristic value: 8/8 [expanded 651 state(s)]
Best heuristic value: 7/7 [expanded 652 state(s)]
Best heuristic value: 6/6 [expanded 704 state(s)]
Best heuristic value: 5/5 [expanded 747 state(s)]
Best heuristic value: 4/4 [expanded 748 state(s)]
Best heuristic value: 3/3 [expanded 846 state(s)]
Best heuristic value: 2/2 [expanded 866 state(s)]
Best heuristic value: 1/1 [expanded 890 state(s)]
Solution found!
drive truck5 depot1 market4
buy truck5 goods9 market4 level1 level2 level0 level1
load goods9 truck5 market4 level0 level1 level0 level1
buy truck5 goods4 market4 level0 level1 level0 level1
load goods4 truck5 market4 level0 level1 level0 level1
drive truck5 market4 depot2
unload goods4 truck5 depot2 level0 level1 level0 level1
drive truck5 depot2 market4
buy truck5 goods6 market4 level0 level1 level0 level1
load goods6 truck5 market4 level0 level1 level0 level1
drive truck5 market4 depot2
unload goods6 truck5 depot2 level0 level1 level0 level1
drive truck5 depot2 market4
buy truck5 goods2 market4 level1 level2 level0 level1
load goods2 truck5 market4 level0 level1 level0 level1
drive truck5 market4 depot2
unload goods2 truck5 depot2 level0 level1 level0 level1
drive truck1 depot1 market4
buy truck1 goods8 market4 level1 level2 level0 level1
load goods8 truck1 market4 level0 level1 level0 level1
drive truck1 market4 depot2
unload goods8 truck1 depot2 level0 level1 level0 level1
drive truck4 depot2 market4
buy truck4 goods7 market4 level0 level1 level0 level1
load goods7 truck4 market4 level0 level1 level0 level1
drive truck4 market4 depot1
unload goods7 truck4 depot1 level0 level1 level0 level1
drive truck4 depot1 market4
buy truck4 goods12 market4 level0 level1 level0 level1
load goods12 truck4 market4 level0 level1 level0 level1
drive truck4 market4 depot1
unload goods12 truck4 depot1 level0 level1 level0 level1
drive truck5 depot2 market4
buy truck5 goods1 market4 level0 level1 level0 level1
load goods1 truck5 market4 level0 level1 level0 level1
drive truck5 market4 depot2
unload goods1 truck5 depot2 level0 level1 level0 level1
drive truck1 depot2 market4
buy truck1 goods3 market4 level1 level2 level0 level1
load goods3 truck1 market4 level0 level1 level0 level1
buy truck1 goods13 market4 level0 level1 level0 level1
load goods13 truck1 market4 level0 level1 level0 level1
buy truck1 goods11 market4 level1 level2 level0 level1
load goods11 truck1 market4 level0 level1 level0 level1
drive truck1 market4 market3
buy truck1 goods10 market3 level1 level2 level0 level1
load goods10 truck1 market3 level0 level1 level0 level1
drive truck1 market3 market2
buy truck1 goods5 market2 level1 level2 level0 level1
load goods5 truck1 market2 level0 level1 level0 level1
drive truck1 market2 market3
drive truck1 market3 market4
drive truck1 market4 depot2
unload goods5 truck1 depot2 level0 level1 level0 level1
unload goods11 truck1 depot2 level0 level1 level0 level1
drive truck4 depot1 market4
buy truck4 goods11 market4 level0 level1 level0 level1
load goods11 truck4 market4 level0 level1 level0 level1
drive truck4 market4 depot1
unload goods11 truck4 depot1 level0 level1 level1 level2
unload goods3 truck1 depot2 level0 level1 level0 level1
drive truck2 depot1 market4
buy truck2 goods3 market4 level0 level1 level0 level1
load goods3 truck2 market4 level0 level1 level0 level1
drive truck2 market4 depot2
unload goods3 truck2 depot2 level0 level1 level1 level2
unload goods9 truck5 depot2 level0 level1 level0 level1
drive truck5 depot2 market4
buy truck5 goods9 market4 level0 level1 level0 level1
load goods9 truck5 market4 level0 level1 level0 level1
drive truck5 market4 depot2
unload goods9 truck5 depot2 level0 level1 level1 level2
drive truck1 depot2 market4
drive truck1 market4 market3
buy truck1 goods9 market3 level0 level1 level0 level1
load goods9 truck1 market3 level0 level1 level0 level1
drive truck1 market3 market4
drive truck1 market4 depot2
unload goods9 truck1 depot2 level0 level1 level2 level3
unload goods13 truck1 depot2 level0 level1 level0 level1
drive truck3 depot2 market4
drive truck3 market4 market3
buy truck3 goods13 market3 level1 level2 level0 level1
load goods13 truck3 market3 level0 level1 level0 level1
drive truck3 market3 market4
drive truck3 market4 depot2
unload goods13 truck3 depot2 level0 level1 level1 level2
drive truck2 depot2 market4
drive truck2 market4 market3
buy truck2 goods13 market3 level0 level1 level0 level1
load goods13 truck2 market3 level0 level1 level0 level1
drive truck2 market3 market4
drive truck2 market4 depot1
unload goods13 truck2 depot1 level0 level1 level2 level3
unload goods10 truck1 depot2 level0 level1 level0 level1
drive truck4 depot1 market4
drive truck4 market4 market3
buy truck4 goods10 market3 level0 level1 level0 level1
load goods10 truck4 market3 level0 level1 level0 level1
drive truck4 market3 market4
drive truck4 market4 depot1
unload goods10 truck4 depot1 level0 level1 level1 level2
drive truck4 depot1 market4
drive truck4 market4 market3
drive truck4 market3 market1
buy truck4 goods10 market1 level1 level2 level0 level1
load goods10 truck4 market1 level0 level1 level0 level1
drive truck4 market1 market3
drive truck4 market3 market4
drive truck4 market4 depot1
unload goods10 truck4 depot1 level0 level1 level2 level3
drive truck3 depot2 market4
drive truck3 market4 market3
drive truck3 market3 market1
buy truck3 goods10 market1 level0 level1 level0 level1
load goods10 truck3 market1 level0 level1 level0 level1
drive truck3 market1 market3
drive truck3 market3 market4
drive truck3 market4 depot2
unload goods10 truck3 depot2 level0 level1 level3 level4
Plan length: 120 step(s).
Expanded 891 state(s).
Generated 11737 state(s).
Cache hits: 1725924
Cache misses: 1067026
Search time: 0.21 seconds
Total time: 0.26 seconds
__MEMKB 46696
