Parsing...
Instantiating...
Starting instantiation [45 rules]...
Finding invariants...
Instantiating groups...
Choosing groups...
68 uncovered facts
Building translation key...
Building STRIPS to SAS dictionary...
Translating task...
Processing axioms...
Detecting unreachable propositions...
Removed false proposition: <none of those>
Removed false proposition: <none of those>
Removed false proposition: <none of those>
Removed false proposition: <none of those>
Removed false proposition: <none of those>
Removed false proposition: <none of those>
Removed false proposition: <none of those>
Removed false proposition: <none of those>
Removed false proposition: <none of those>
Removed false proposition: <none of those>
Removed false proposition: <none of those>
Removed false proposition: <none of those>
Removed false proposition: <none of those>
Removed false proposition: <none of those>
Removed false proposition: <none of those>
Removed false proposition: <none of those>
Removed false proposition: <none of those>
Removed false proposition: <none of those>
Removed false proposition: <none of those>
Removed false proposition: <none of those>
Removed false proposition: <none of those>
Removed false proposition: <none of those>
Removed false proposition: <none of those>
Removed false proposition: <none of those>
Removed false proposition: <none of those>
Removed false proposition: <none of those>
Removed false proposition: <none of those>
Removed false proposition: <none of those>
Removed false proposition: <none of those>
Removed false proposition: <none of those>
Removed false proposition: <none of those>
Removed false proposition: <none of those>
Removed false proposition: <none of those>
Removed false proposition: <none of those>
Removed false proposition: <none of those>
Removed false proposition: <none of those>
Removed false proposition: <none of those>
Removed false proposition: <none of those>
Removed false proposition: <none of those>
Removed false proposition: <none of those>
Removed false proposition: <none of those>
Removed false proposition: <none of those>
Removed false proposition: <none of those>
Removed false proposition: <none of those>
Removed false proposition: <none of those>
Removed false proposition: <none of those>
Removed false proposition: <none of those>
Removed false proposition: <none of those>
Removed false proposition: <none of those>
Removed false proposition: <none of those>
Removed false proposition: <none of those>
Removed false proposition: <none of those>
Removed false proposition: <none of those>
Removed false proposition: <none of those>
Removed false proposition: <none of those>
Removed false proposition: <none of those>
Removed false proposition: <none of those>
Removed false proposition: <none of those>
Removed false proposition: <none of those>
Removed false proposition: <none of those>
Removed false proposition: <none of those>
Removed false proposition: <none of those>
Removed false proposition: <none of those>
Removed false proposition: <none of those>
Removed false proposition: <none of those>
Removed false proposition: <none of those>
Removed false proposition: <none of those>
Removed false proposition: <none of those>
Removed false proposition: <none of those>
Removed false proposition: <none of those>
Removed false proposition: <none of those>
Removed false proposition: <none of those>
Removed false proposition: <none of those>
Removed false proposition: <none of those>
Removed false proposition: <none of those>
Removed false proposition: <none of those>
Removed false proposition: <none of those>
Removed false proposition: <none of those>
Removed false proposition: <none of those>
Removed false proposition: <none of those>
Removed false proposition: <none of those>
Removed false proposition: <none of those>
Removed false proposition: <none of those>
Removed false proposition: <none of those>
Removed false proposition: <none of those>
Removed false proposition: <none of those>
Removed false proposition: <none of those>
Removed false proposition: <none of those>
Removed false proposition: <none of those>
Removed false proposition: <none of those>
Removed false proposition: <none of those>
Removed false proposition: <none of those>
Removed false proposition: <none of those>
Removed false proposition: <none of those>
Removed false proposition: <none of those>
Removed false proposition: <none of those>
Removed false proposition: <none of those>
Removed false proposition: <none of those>
Removed false proposition: <none of those>
Removed false proposition: <none of those>
Removed false proposition: <none of those>
Removed false proposition: <none of those>
Removed false proposition: <none of those>
Removed false proposition: <none of those>
Removed false proposition: <none of those>
Removed false proposition: <none of those>
Removed false proposition: <none of those>
Removed false proposition: <none of those>
Removed false proposition: <none of those>
Removed false proposition: <none of those>
Removed false proposition: <none of those>
Removed false proposition: <none of those>
Removed false proposition: <none of those>
Removed false proposition: <none of those>
Removed false proposition: <none of those>
Removed false proposition: <none of those>
Removed false proposition: <none of those>
Removed false proposition: <none of those>
Removed false proposition: <none of those>
Removed false proposition: <none of those>
Removed false proposition: <none of those>
Removed false proposition: <none of those>
Removed false proposition: <none of those>
Removed false proposition: <none of those>
Removed false proposition: <none of those>
Removed false proposition: <none of those>
Removed false proposition: <none of those>
Removed false proposition: <none of those>
Removed false proposition: <none of those>
Removed false proposition: <none of those>
Removed false proposition: <none of those>
Removed false proposition: <none of those>
Removed false proposition: <none of those>
Removed false proposition: <none of those>
Removed false proposition: <none of those>
Removed false proposition: <none of those>
Removed false proposition: <none of those>
Removed false proposition: <none of those>
Removed false proposition: <none of those>
Removed false proposition: <none of those>
Removed false proposition: <none of those>
Removed false proposition: <none of those>
Removed false proposition: <none of those>
Removed false proposition: <none of those>
Removed false proposition: <none of those>
Removed false proposition: <none of those>
Removed false proposition: <none of those>
Removed false proposition: <none of those>
Removed false proposition: <none of those>
Removed false proposition: <none of those>
Removed false proposition: <none of those>
Removed false proposition: <none of those>
Removed false proposition: <none of those>
Removed false proposition: <none of those>
Removed false proposition: <none of those>
Removed false proposition: <none of those>
Removed false proposition: <none of those>
Removed false proposition: <none of those>
Removed false proposition: <none of those>
Removed false proposition: <none of those>
Removed false proposition: <none of those>
Removed true proposition: Atom ready-to-load(goods5, market4, level0)
Removed false proposition: <none of those>
Removed true proposition: Atom ready-to-load(goods10, market2, level0)
Removed false proposition: <none of those>
Removed true proposition: Atom on-sale(goods3, market5, level0)
Removed false proposition: <none of those>
Removed true proposition: Atom on-sale(goods4, market3, level0)
Removed false proposition: <none of those>
Removed true proposition: Atom on-sale(goods12, market3, level0)
Removed false proposition: <none of those>
Removed true proposition: Atom on-sale(goods10, market2, level0)
Removed false proposition: <none of those>
Removed true proposition: Atom on-sale(goods5, market4, level0)
Removed false proposition: <none of those>
Removed true proposition: Atom ready-to-load(goods5, market5, level0)
Removed false proposition: <none of those>
Removed true proposition: Atom on-sale(goods7, market5, level0)
Removed false proposition: <none of those>
Removed true proposition: Atom ready-to-load(goods3, market3, level0)
Removed false proposition: <none of those>
Removed true proposition: Atom on-sale(goods2, market5, level0)
Removed false proposition: <none of those>
Removed true proposition: Atom on-sale(goods7, market2, level0)
Removed false proposition: <none of those>
Removed true proposition: Atom on-sale(goods6, market1, level0)
Removed false proposition: <none of those>
Removed true proposition: Atom on-sale(goods10, market5, level0)
Removed false proposition: <none of those>
Removed true proposition: Atom on-sale(goods5, market3, level0)
Removed false proposition: <none of those>
Removed true proposition: Atom on-sale(goods13, market2, level0)
Removed false proposition: <none of those>
Removed true proposition: Atom ready-to-load(goods8, market5, level0)
Removed false proposition: <none of those>
Removed true proposition: Atom ready-to-load(goods2, market3, level0)
Removed false proposition: <none of those>
Removed true proposition: Atom on-sale(goods9, market2, level0)
Removed false proposition: <none of those>
Removed true proposition: Atom on-sale(goods11, market5, level0)
Removed false proposition: <none of those>
Removed true proposition: Atom on-sale(goods9, market5, level0)
Removed false proposition: <none of those>
Removed true proposition: Atom on-sale(goods11, market2, level0)
Removed false proposition: <none of those>
Removed true proposition: Atom on-sale(goods8, market5, level0)
Removed false proposition: <none of those>
Removed true proposition: Atom on-sale(goods13, market5, level0)
Removed false proposition: <none of those>
Removed true proposition: Atom ready-to-load(goods7, market5, level0)
Removed false proposition: <none of those>
Removed true proposition: Atom on-sale(goods4, market5, level0)
Removed false proposition: <none of those>
Removed true proposition: Atom ready-to-load(goods8, market1, level0)
Removed false proposition: <none of those>
Removed true proposition: Atom ready-to-load(goods7, market2, level0)
Removed false proposition: <none of those>
Removed true proposition: Atom ready-to-load(goods13, market5, level0)
Removed false proposition: <none of those>
Removed true proposition: Atom ready-to-load(goods4, market5, level0)
Removed false proposition: <none of those>
Removed true proposition: Atom ready-to-load(goods9, market5, level0)
Removed false proposition: <none of those>
Removed true proposition: Atom ready-to-load(goods11, market5, level0)
Removed false proposition: <none of those>
Removed true proposition: Atom ready-to-load(goods1, market3, level0)
Removed false proposition: <none of those>
Removed true proposition: Atom on-sale(goods5, market5, level0)
Removed false proposition: <none of those>
Removed true proposition: Atom ready-to-load(goods9, market2, level0)
Removed false proposition: <none of those>
Removed true proposition: Atom on-sale(goods12, market5, level0)
Removed false proposition: <none of those>
Removed true proposition: Atom ready-to-load(goods12, market5, level0)
Removed false proposition: <none of those>
Removed true proposition: Atom on-sale(goods1, market3, level0)
Removed false proposition: <none of those>
Removed true proposition: Atom on-sale(goods2, market3, level0)
Removed false proposition: <none of those>
Removed true proposition: Atom ready-to-load(goods3, market5, level0)
Removed false proposition: <none of those>
Removed true proposition: Atom ready-to-load(goods10, market5, level0)
Removed false proposition: <none of those>
Removed true proposition: Atom ready-to-load(goods13, market2, level0)
Removed false proposition: <none of those>
Removed true proposition: Atom on-sale(goods8, market1, level0)
Removed false proposition: <none of those>
Removed true proposition: Atom ready-to-load(goods1, market5, level0)
Removed false proposition: <none of those>
Removed true proposition: Atom ready-to-load(goods2, market5, level0)
Removed false proposition: <none of those>
Removed true proposition: Atom on-sale(goods3, market1, level0)
Removed false proposition: <none of those>
Removed true proposition: Atom on-sale(goods3, market3, level0)
Removed false proposition: <none of those>
Removed true proposition: Atom ready-to-load(goods11, market3, level0)
Removed false proposition: <none of those>
Removed true proposition: Atom on-sale(goods4, market2, level0)
Removed false proposition: <none of those>
Removed true proposition: Atom on-sale(goods2, market1, level0)
Removed false proposition: <none of those>
Removed true proposition: Atom ready-to-load(goods11, market2, level0)
Removed false proposition: <none of those>
Removed true proposition: Atom ready-to-load(goods6, market1, level0)
Removed false proposition: <none of those>
Removed true proposition: Atom ready-to-load(goods2, market1, level0)
Removed false proposition: <none of those>
Removed true proposition: Atom on-sale(goods10, market4, level0)
Removed false proposition: <none of those>
Removed true proposition: Atom ready-to-load(goods4, market3, level0)
Removed false proposition: <none of those>
Removed true proposition: Atom on-sale(goods14, market2, level0)
Removed false proposition: <none of those>
Removed true proposition: Atom ready-to-load(goods14, market2, level0)
Removed false proposition: <none of those>
Removed true proposition: Atom ready-to-load(goods10, market4, level0)
Removed false proposition: <none of those>
Removed true proposition: Atom ready-to-load(goods6, market5, level0)
Removed false proposition: <none of those>
Removed true proposition: Atom ready-to-load(goods12, market3, level0)
Removed false proposition: <none of those>
Removed true proposition: Atom ready-to-load(goods4, market2, level0)
Removed false proposition: <none of those>
Removed true proposition: Atom on-sale(goods11, market3, level0)
Removed false proposition: <none of those>
Removed true proposition: Atom ready-to-load(goods3, market1, level0)
Removed false proposition: <none of those>
Removed true proposition: Atom ready-to-load(goods8, market3, level0)
Removed false proposition: <none of those>
Removed true proposition: Atom on-sale(goods1, market5, level0)
Removed false proposition: <none of those>
Removed true proposition: Atom on-sale(goods8, market3, level0)
Removed false proposition: <none of those>
Removed true proposition: Atom on-sale(goods6, market5, level0)
Removed false proposition: <none of those>
Removed true proposition: Atom ready-to-load(goods5, market3, level0)
Removed false proposition: <none of those>
297 propositions removed.
Writing output...
Done!
Building causal graph...
The causal graph is not acyclic.
161 variables of 161 necessary
6270 of 6270 operators necessary.
0 of 0 axiom rules necessary.
Building domain transition graphs...
solveable in poly time 0
Building successor generator...
Writing output...
done

Simplifying transitions... done! (reduced from 12470 to 7820)
Initializing heuristic cache... done!
Conducting best first search.
Initializing causal graph heuristic...
Initializing HSP/FF heuristic...
Simplifying 12470 unary operators... done! [12470 unary operators]
Best heuristic value: 64/80 [expanded 1 state(s)]
Best heuristic value: 63/80 [expanded 2 state(s)]
Best heuristic value: 63/78 [expanded 3 state(s)]
Best heuristic value: 62/78 [expanded 4 state(s)]
Best heuristic value: 62/77 [expanded 6 state(s)]
Best heuristic value: 61/77 [expanded 7 state(s)]
Best heuristic value: 61/76 [expanded 8 state(s)]
Best heuristic value: 60/75 [expanded 9 state(s)]
Best heuristic value: 60/74 [expanded 10 state(s)]
Best heuristic value: 60/73 [expanded 19 state(s)]
Best heuristic value: 59/71 [expanded 25 state(s)]
Best heuristic value: 58/71 [expanded 26 state(s)]
Best heuristic value: 58/69 [expanded 39 state(s)]
Best heuristic value: 58/68 [expanded 48 state(s)]
Best heuristic value: 56/68 [expanded 50 state(s)]
Best heuristic value: 56/67 [expanded 64 state(s)]
Best heuristic value: 56/63 [expanded 74 state(s)]
Best heuristic value: 54/63 [expanded 76 state(s)]
Best heuristic value: 54/62 [expanded 90 state(s)]
Best heuristic value: 54/61 [expanded 100 state(s)]
Best heuristic value: 52/61 [expanded 102 state(s)]
Best heuristic value: 51/61 [expanded 103 state(s)]
Best heuristic value: 51/60 [expanded 107 state(s)]
Best heuristic value: 51/59 [expanded 121 state(s)]
Best heuristic value: 51/55 [expanded 133 state(s)]
Best heuristic value: 49/55 [expanded 135 state(s)]
Best heuristic value: 49/54 [expanded 149 state(s)]
Best heuristic value: 49/53 [expanded 161 state(s)]
Best heuristic value: 47/53 [expanded 163 state(s)]
Best heuristic value: 47/52 [expanded 178 state(s)]
Best heuristic value: 47/50 [expanded 191 state(s)]
Best heuristic value: 45/50 [expanded 193 state(s)]
Best heuristic value: 45/49 [expanded 206 state(s)]
Best heuristic value: 45/48 [expanded 217 state(s)]
Best heuristic value: 43/48 [expanded 219 state(s)]
Best heuristic value: 42/48 [expanded 220 state(s)]
Best heuristic value: 42/47 [expanded 234 state(s)]
Best heuristic value: 42/46 [expanded 238 state(s)]
Best heuristic value: 42/45 [expanded 257 state(s)]
Best heuristic value: 42/44 [expanded 261 state(s)]
Best heuristic value: 41/44 [expanded 263 state(s)]
Best heuristic value: 40/44 [expanded 264 state(s)]
Best heuristic value: 40/43 [expanded 281 state(s)]
Best heuristic value: 40/41 [expanded 300 state(s)]
Best heuristic value: 39/41 [expanded 302 state(s)]
Best heuristic value: 38/41 [expanded 303 state(s)]
Best heuristic value: 38/40 [expanded 320 state(s)]
Best heuristic value: 38/39 [expanded 346 state(s)]
Best heuristic value: 38/38 [expanded 363 state(s)]
Best heuristic value: 38/37 [expanded 382 state(s)]
Best heuristic value: 37/37 [expanded 398 state(s)]
Best heuristic value: 36/37 [expanded 399 state(s)]
Best heuristic value: 36/36 [expanded 402 state(s)]
Best heuristic value: 36/35 [expanded 423 state(s)]
Best heuristic value: 35/35 [expanded 440 state(s)]
Best heuristic value: 33/35 [expanded 441 state(s)]
Best heuristic value: 32/35 [expanded 443 state(s)]
Best heuristic value: 32/34 [expanded 462 state(s)]
Best heuristic value: 32/33 [expanded 560 state(s)]
Best heuristic value: 32/32 [expanded 580 state(s)]
Best heuristic value: 32/31 [expanded 597 state(s)]
Best heuristic value: 30/30 [expanded 606 state(s)]
Best heuristic value: 28/28 [expanded 607 state(s)]
Best heuristic value: 27/27 [expanded 608 state(s)]
Best heuristic value: 26/26 [expanded 766 state(s)]
Best heuristic value: 25/25 [expanded 767 state(s)]
Best heuristic value: 24/24 [expanded 1001 state(s)]
Best heuristic value: 23/23 [expanded 1002 state(s)]
Best heuristic value: 22/22 [expanded 1208 state(s)]
Best heuristic value: 21/21 [expanded 1441 state(s)]
Best heuristic value: 20/20 [expanded 1563 state(s)]
Best heuristic value: 19/19 [expanded 1795 state(s)]
Best heuristic value: 18/18 [expanded 1796 state(s)]
Best heuristic value: 17/17 [expanded 1986 state(s)]
Best heuristic value: 16/16 [expanded 2113 state(s)]
Best heuristic value: 15/15 [expanded 2667 state(s)]
Best heuristic value: 14/14 [expanded 2668 state(s)]
Best heuristic value: 13/13 [expanded 2939 state(s)]
Best heuristic value: 12/12 [expanded 2940 state(s)]
Best heuristic value: 11/11 [expanded 3082 state(s)]
Best heuristic value: 10/10 [expanded 3083 state(s)]
Best heuristic value: 9/9 [expanded 3225 state(s)]
Best heuristic value: 8/8 [expanded 3226 state(s)]
Best heuristic value: 7/7 [expanded 3319 state(s)]
Best heuristic value: 6/6 [expanded 3320 state(s)]
Best heuristic value: 5/5 [expanded 3390 state(s)]
Best heuristic value: 4/4 [expanded 3391 state(s)]
Best heuristic value: 3/3 [expanded 3463 state(s)]
Best heuristic value: 2/2 [expanded 3491 state(s)]
Best heuristic value: 1/1 [expanded 3529 state(s)]
Solution found!
drive truck2 depot1 market4
buy truck2 goods14 market4 level0 level1 level0 level1
load goods14 truck2 market4 level0 level1 level0 level1
drive truck2 market4 depot2
drive truck4 depot1 market4
buy truck4 goods9 market4 level1 level2 level0 level1
load goods9 truck4 market4 level0 level1 level0 level1
buy truck4 goods4 market4 level0 level1 level0 level1
load goods4 truck4 market4 level0 level1 level0 level1
buy truck4 goods6 market4 level0 level1 level0 level1
load goods6 truck4 market4 level0 level1 level0 level1
buy truck4 goods2 market4 level1 level2 level0 level1
load goods2 truck4 market4 level0 level1 level0 level1
drive truck4 market4 depot1
unload goods2 truck4 depot1 level0 level1 level0 level1
drive truck4 depot1 market4
buy truck4 goods13 market4 level0 level1 level0 level1
load goods13 truck4 market4 level0 level1 level0 level1
buy truck4 goods11 market4 level1 level2 level0 level1
load goods11 truck4 market4 level0 level1 level0 level1
buy truck4 goods8 market4 level1 level2 level0 level1
load goods8 truck4 market4 level0 level1 level0 level1
buy truck4 goods3 market4 level1 level2 level0 level1
load goods3 truck4 market4 level0 level1 level0 level1
buy truck4 goods1 market4 level0 level1 level0 level1
drive truck3 depot1 market4
load goods1 truck3 market4 level0 level1 level0 level1
drive truck3 market4 depot2
buy truck4 goods12 market4 level0 level1 level0 level1
load goods12 truck4 market4 level0 level1 level0 level1
drive truck4 market4 depot1
unload goods3 truck4 depot1 level0 level1 level0 level1
drive truck5 depot2 market4
drive truck5 market4 market3
buy truck5 goods7 market3 level1 level2 level0 level1
load goods7 truck5 market3 level0 level1 level0 level1
buy truck5 goods10 market3 level1 level2 level0 level1
load goods10 truck5 market3 level0 level1 level0 level1
drive truck5 market3 market4
drive truck5 market4 depot2
unload goods10 truck5 depot2 level0 level1 level0 level1
drive truck5 depot2 market4
drive truck5 market4 market3
drive truck5 market3 market2
buy truck5 goods5 market2 level1 level2 level0 level1
load goods5 truck5 market2 level0 level1 level0 level1
drive truck5 market2 market3
drive truck5 market3 market4
drive truck5 market4 depot2
unload goods5 truck5 depot2 level0 level1 level0 level1
unload goods7 truck5 depot2 level0 level1 level0 level1
drive truck5 depot2 market4
buy truck5 goods7 market4 level0 level1 level0 level1
load goods7 truck5 market4 level0 level1 level0 level1
drive truck5 market4 depot2
unload goods7 truck5 depot2 level0 level1 level1 level2
unload goods11 truck4 depot1 level0 level1 level0 level1
drive truck4 depot1 market4
drive truck4 market4 depot2
drive truck1 depot1 market4
buy truck1 goods11 market4 level0 level1 level0 level1
load goods11 truck1 market4 level0 level1 level0 level1
drive truck1 market4 depot2
unload goods11 truck1 depot2 level0 level1 level1 level2
unload goods8 truck4 depot2 level0 level1 level0 level1
drive truck4 depot2 market4
buy truck4 goods8 market4 level0 level1 level0 level1
load goods8 truck4 market4 level0 level1 level0 level1
drive truck4 market4 depot1
unload goods9 truck4 depot1 level0 level1 level0 level1
drive truck1 depot2 market4
buy truck1 goods9 market4 level0 level1 level0 level1
load goods9 truck1 market4 level0 level1 level0 level1
drive truck1 market4 depot2
unload goods9 truck1 depot2 level0 level1 level1 level2
drive truck3 depot2 market4
drive truck3 market4 market3
buy truck3 goods9 market3 level0 level1 level0 level1
load goods9 truck3 market3 level0 level1 level0 level1
unload goods14 truck2 depot2 level0 level1 level0 level1
buy truck3 goods14 market3 level0 level1 level0 level1
load goods14 truck3 market3 level0 level1 level0 level1
drive truck3 market3 market4
drive truck3 market4 depot2
unload goods14 truck3 depot2 level0 level1 level1 level2
unload goods6 truck4 depot1 level0 level1 level0 level1
drive truck2 depot2 market4
drive truck2 market4 market3
buy truck2 goods6 market3 level1 level2 level0 level1
load goods6 truck2 market3 level0 level1 level0 level1
drive truck2 market3 market4
drive truck2 market4 depot2
unload goods6 truck2 depot2 level0 level1 level1 level2
drive truck4 depot1 market4
drive truck4 market4 market3
buy truck4 goods6 market3 level0 level1 level0 level1
load goods6 truck4 market3 level0 level1 level0 level1
drive truck4 market3 market4
drive truck4 market4 depot1
unload goods9 truck3 depot2 level0 level1 level2 level3
drive truck1 depot2 market4
drive truck1 market4 market3
drive truck1 market3 market1
buy truck1 goods9 market1 level0 level1 level0 level1
load goods9 truck1 market1 level0 level1 level0 level1
drive truck1 market1 market3
drive truck1 market3 market4
drive truck1 market4 depot2
unload goods9 truck1 depot2 level0 level1 level3 level4
unload goods6 truck4 depot1 level0 level1 level2 level3
drive truck5 depot2 market4
drive truck5 market4 market3
drive truck5 market3 market2
buy truck5 goods6 market2 level0 level1 level0 level1
load goods6 truck5 market2 level0 level1 level0 level1
drive truck5 market2 market3
drive truck5 market3 market4
drive truck5 market4 depot2
unload goods6 truck5 depot2 level0 level1 level3 level4
unload goods8 truck4 depot1 level0 level1 level1 level2
drive truck3 depot2 market4
drive truck3 market4 market3
drive truck3 market3 market2
buy truck3 goods8 market2 level1 level2 level0 level1
load goods8 truck3 market2 level0 level1 level0 level1
drive truck3 market2 market3
drive truck3 market3 market4
drive truck3 market4 depot2
unload goods8 truck3 depot2 level0 level1 level2 level3
unload goods1 truck3 depot2 level0 level1 level0 level1
drive truck2 depot2 market4
drive truck2 market4 market3
drive truck2 market3 market1
buy truck2 goods1 market1 level0 level1 level0 level1
load goods1 truck2 market1 level0 level1 level0 level1
drive truck2 market1 market3
drive truck2 market3 market4
drive truck2 market4 depot2
unload goods1 truck2 depot2 level0 level1 level1 level2
unload goods4 truck4 depot1 level0 level1 level0 level1
drive truck3 depot2 market4
drive truck3 market4 market3
drive truck3 market3 market1
buy truck3 goods4 market1 level1 level2 level0 level1
load goods4 truck3 market1 level0 level1 level0 level1
unload goods12 truck4 depot1 level0 level1 level0 level1
buy truck3 goods12 market1 level1 level2 level0 level1
load goods12 truck3 market1 level0 level1 level0 level1
drive truck3 market1 market3
drive truck3 market3 market4
drive truck3 market4 depot2
unload goods4 truck3 depot2 level0 level1 level1 level2
unload goods12 truck3 depot2 level0 level1 level1 level2
unload goods13 truck4 depot1 level0 level1 level0 level1
drive truck4 depot1 market4
drive truck4 market4 market3
buy truck4 goods13 market3 level1 level2 level0 level1
load goods13 truck4 market3 level0 level1 level0 level1
drive truck4 market3 market4
drive truck4 market4 depot2
unload goods13 truck4 depot2 level0 level1 level1 level2
drive truck3 depot2 market4
drive truck3 market4 market3
buy truck3 goods13 market3 level0 level1 level0 level1
load goods13 truck3 market3 level0 level1 level0 level1
drive truck3 market3 market4
drive truck3 market4 depot2
unload goods13 truck3 depot2 level0 level1 level2 level3
drive truck2 depot2 market4
drive truck2 market4 market3
drive truck2 market3 market1
buy truck2 goods13 market1 level0 level1 level0 level1
load goods13 truck2 market1 level0 level1 level0 level1
drive truck2 market1 market3
drive truck2 market3 market4
drive truck2 market4 depot2
unload goods13 truck2 depot2 level0 level1 level3 level4
Plan length: 177 step(s).
Expanded 3530 state(s).
Generated 52011 state(s).
Cache hits: 10170222
Cache misses: 6389259
Search time: 0.92 seconds
Total time: 0.98 seconds
__MEMKB 50436
