Parsing...
Instantiating...
Starting instantiation [45 rules]...
Finding invariants...
Instantiating groups...
Choosing groups...
70 uncovered facts
Building translation key...
Building STRIPS to SAS dictionary...
Translating task...
Processing axioms...
Detecting unreachable propositions...
Removed false proposition: <none of those>
Removed false proposition: <none of those>
Removed false proposition: <none of those>
Removed false proposition: <none of those>
Removed false proposition: <none of those>
Removed false proposition: <none of those>
Removed false proposition: <none of those>
Removed false proposition: <none of those>
Removed false proposition: <none of those>
Removed false proposition: <none of those>
Removed false proposition: <none of those>
Removed false proposition: <none of those>
Removed false proposition: <none of those>
Removed false proposition: <none of those>
Removed false proposition: <none of those>
Removed false proposition: <none of those>
Removed false proposition: <none of those>
Removed false proposition: <none of those>
Removed false proposition: <none of those>
Removed false proposition: <none of those>
Removed false proposition: <none of those>
Removed false proposition: <none of those>
Removed false proposition: <none of those>
Removed false proposition: <none of those>
Removed false proposition: <none of those>
Removed false proposition: <none of those>
Removed false proposition: <none of those>
Removed false proposition: <none of those>
Removed false proposition: <none of those>
Removed false proposition: <none of those>
Removed false proposition: <none of those>
Removed false proposition: <none of those>
Removed false proposition: <none of those>
Removed false proposition: <none of those>
Removed false proposition: <none of those>
Removed false proposition: <none of those>
Removed false proposition: <none of those>
Removed false proposition: <none of those>
Removed false proposition: <none of those>
Removed false proposition: <none of those>
Removed false proposition: <none of those>
Removed false proposition: <none of those>
Removed false proposition: <none of those>
Removed false proposition: <none of those>
Removed false proposition: <none of those>
Removed false proposition: <none of those>
Removed false proposition: <none of those>
Removed false proposition: <none of those>
Removed false proposition: <none of those>
Removed false proposition: <none of those>
Removed false proposition: <none of those>
Removed false proposition: <none of those>
Removed false proposition: <none of those>
Removed false proposition: <none of those>
Removed false proposition: <none of those>
Removed false proposition: <none of those>
Removed false proposition: <none of those>
Removed false proposition: <none of those>
Removed false proposition: <none of those>
Removed false proposition: <none of those>
Removed false proposition: <none of those>
Removed false proposition: <none of those>
Removed false proposition: <none of those>
Removed false proposition: <none of those>
Removed false proposition: <none of those>
Removed false proposition: <none of those>
Removed false proposition: <none of those>
Removed false proposition: <none of those>
Removed false proposition: <none of those>
Removed false proposition: <none of those>
Removed false proposition: <none of those>
Removed false proposition: <none of those>
Removed false proposition: <none of those>
Removed false proposition: <none of those>
Removed false proposition: <none of those>
Removed false proposition: <none of those>
Removed false proposition: <none of those>
Removed false proposition: <none of those>
Removed false proposition: <none of those>
Removed false proposition: <none of those>
Removed false proposition: <none of those>
Removed false proposition: <none of those>
Removed false proposition: <none of those>
Removed false proposition: <none of those>
Removed false proposition: <none of those>
Removed false proposition: <none of those>
Removed false proposition: <none of those>
Removed false proposition: <none of those>
Removed false proposition: <none of those>
Removed false proposition: <none of those>
Removed false proposition: <none of those>
Removed false proposition: <none of those>
Removed false proposition: <none of those>
Removed false proposition: <none of those>
Removed false proposition: <none of those>
Removed false proposition: <none of those>
Removed false proposition: <none of those>
Removed false proposition: <none of those>
Removed false proposition: <none of those>
Removed false proposition: <none of those>
Removed false proposition: <none of those>
Removed false proposition: <none of those>
Removed false proposition: <none of those>
Removed false proposition: <none of those>
Removed false proposition: <none of those>
Removed false proposition: <none of those>
Removed false proposition: <none of those>
Removed false proposition: <none of those>
Removed false proposition: <none of those>
Removed false proposition: <none of those>
Removed false proposition: <none of those>
Removed false proposition: <none of those>
Removed false proposition: <none of those>
Removed false proposition: <none of those>
Removed false proposition: <none of those>
Removed false proposition: <none of those>
Removed false proposition: <none of those>
Removed false proposition: <none of those>
Removed false proposition: <none of those>
Removed false proposition: <none of those>
Removed false proposition: <none of those>
Removed false proposition: <none of those>
Removed false proposition: <none of those>
Removed false proposition: <none of those>
Removed false proposition: <none of those>
Removed false proposition: <none of those>
Removed false proposition: <none of those>
Removed false proposition: <none of those>
Removed false proposition: <none of those>
Removed false proposition: <none of those>
Removed false proposition: <none of those>
Removed false proposition: <none of those>
Removed false proposition: <none of those>
Removed false proposition: <none of those>
Removed false proposition: <none of those>
Removed false proposition: <none of those>
Removed false proposition: <none of those>
Removed false proposition: <none of those>
Removed false proposition: <none of those>
Removed false proposition: <none of those>
Removed false proposition: <none of those>
Removed false proposition: <none of those>
Removed false proposition: <none of those>
Removed false proposition: <none of those>
Removed false proposition: <none of those>
Removed true proposition: Atom ready-to-load(goods4, market6, level0)
Removed false proposition: <none of those>
Removed true proposition: Atom ready-to-load(goods5, market1, level0)
Removed false proposition: <none of those>
Removed true proposition: Atom ready-to-load(goods5, market4, level0)
Removed false proposition: <none of those>
Removed true proposition: Atom on-sale(goods6, market6, level0)
Removed false proposition: <none of those>
Removed true proposition: Atom on-sale(goods9, market6, level0)
Removed false proposition: <none of those>
Removed true proposition: Atom on-sale(goods10, market1, level0)
Removed false proposition: <none of those>
Removed true proposition: Atom on-sale(goods8, market6, level0)
Removed false proposition: <none of those>
Removed true proposition: Atom on-sale(goods5, market4, level0)
Removed false proposition: <none of those>
Removed true proposition: Atom ready-to-load(goods3, market6, level0)
Removed false proposition: <none of those>
Removed true proposition: Atom on-sale(goods4, market4, level0)
Removed false proposition: <none of those>
Removed true proposition: Atom on-sale(goods7, market5, level0)
Removed false proposition: <none of those>
Removed true proposition: Atom on-sale(goods6, market4, level0)
Removed false proposition: <none of those>
Removed true proposition: Atom on-sale(goods2, market5, level0)
Removed false proposition: <none of those>
Removed true proposition: Atom ready-to-load(goods7, market4, level0)
Removed false proposition: <none of those>
Removed true proposition: Atom on-sale(goods10, market5, level0)
Removed false proposition: <none of those>
Removed true proposition: Atom ready-to-load(goods9, market3, level0)
Removed false proposition: <none of those>
Removed true proposition: Atom ready-to-load(goods3, market4, level0)
Removed false proposition: <none of those>
Removed true proposition: Atom ready-to-load(goods8, market5, level0)
Removed false proposition: <none of those>
Removed true proposition: Atom ready-to-load(goods2, market3, level0)
Removed false proposition: <none of those>
Removed true proposition: Atom on-sale(goods2, market6, level0)
Removed false proposition: <none of those>
Removed true proposition: Atom ready-to-load(goods2, market6, level0)
Removed false proposition: <none of those>
Removed true proposition: Atom on-sale(goods11, market5, level0)
Removed false proposition: <none of those>
Removed true proposition: Atom on-sale(goods10, market6, level0)
Removed false proposition: <none of those>
Removed true proposition: Atom on-sale(goods9, market5, level0)
Removed false proposition: <none of those>
Removed true proposition: Atom ready-to-load(goods1, market6, level0)
Removed false proposition: <none of those>
Removed true proposition: Atom on-sale(goods6, market1, level0)
Removed false proposition: <none of those>
Removed true proposition: Atom on-sale(goods8, market5, level0)
Removed false proposition: <none of those>
Removed true proposition: Atom ready-to-load(goods5, market6, level0)
Removed false proposition: <none of those>
Removed true proposition: Atom ready-to-load(goods4, market5, level0)
Removed false proposition: <none of those>
Removed true proposition: Atom on-sale(goods4, market5, level0)
Removed false proposition: <none of those>
Removed true proposition: Atom on-sale(goods7, market4, level0)
Removed false proposition: <none of those>
Removed true proposition: Atom on-sale(goods5, market6, level0)
Removed false proposition: <none of those>
Removed true proposition: Atom on-sale(goods1, market6, level0)
Removed false proposition: <none of those>
Removed true proposition: Atom ready-to-load(goods9, market5, level0)
Removed false proposition: <none of those>
Removed true proposition: Atom ready-to-load(goods11, market5, level0)
Removed false proposition: <none of those>
Removed true proposition: Atom ready-to-load(goods10, market6, level0)
Removed false proposition: <none of those>
Removed true proposition: Atom ready-to-load(goods4, market4, level0)
Removed false proposition: <none of those>
Removed true proposition: Atom ready-to-load(goods1, market3, level0)
Removed false proposition: <none of those>
Removed true proposition: Atom on-sale(goods1, market3, level0)
Removed false proposition: <none of those>
Removed true proposition: Atom on-sale(goods2, market3, level0)
Removed false proposition: <none of those>
Removed true proposition: Atom on-sale(goods9, market3, level0)
Removed false proposition: <none of those>
Removed true proposition: Atom ready-to-load(goods10, market5, level0)
Removed false proposition: <none of those>
Removed true proposition: Atom ready-to-load(goods1, market5, level0)
Removed false proposition: <none of those>
Removed true proposition: Atom ready-to-load(goods2, market5, level0)
Removed false proposition: <none of those>
Removed true proposition: Atom on-sale(goods3, market1, level0)
Removed false proposition: <none of those>
Removed true proposition: Atom ready-to-load(goods11, market3, level0)
Removed false proposition: <none of those>
Removed true proposition: Atom ready-to-load(goods7, market5, level0)
Removed false proposition: <none of those>
Removed true proposition: Atom ready-to-load(goods6, market4, level0)
Removed false proposition: <none of those>
Removed true proposition: Atom ready-to-load(goods6, market1, level0)
Removed false proposition: <none of those>
Removed true proposition: Atom on-sale(goods3, market6, level0)
Removed false proposition: <none of those>
Removed true proposition: Atom on-sale(goods11, market1, level0)
Removed false proposition: <none of those>
Removed true proposition: Atom ready-to-load(goods8, market6, level0)
Removed false proposition: <none of those>
Removed true proposition: Atom ready-to-load(goods7, market6, level0)
Removed false proposition: <none of those>
Removed true proposition: Atom on-sale(goods2, market4, level0)
Removed false proposition: <none of those>
Removed true proposition: Atom ready-to-load(goods10, market1, level0)
Removed false proposition: <none of those>
Removed true proposition: Atom ready-to-load(goods11, market4, level0)
Removed false proposition: <none of those>
Removed true proposition: Atom on-sale(goods11, market4, level0)
Removed false proposition: <none of those>
Removed true proposition: Atom ready-to-load(goods2, market4, level0)
Removed false proposition: <none of those>
Removed true proposition: Atom on-sale(goods7, market6, level0)
Removed false proposition: <none of those>
Removed true proposition: Atom on-sale(goods3, market4, level0)
Removed false proposition: <none of those>
Removed true proposition: Atom ready-to-load(goods9, market6, level0)
Removed false proposition: <none of those>
Removed true proposition: Atom on-sale(goods5, market1, level0)
Removed false proposition: <none of those>
Removed true proposition: Atom ready-to-load(goods11, market1, level0)
Removed false proposition: <none of those>
Removed true proposition: Atom on-sale(goods4, market6, level0)
Removed false proposition: <none of those>
Removed true proposition: Atom on-sale(goods11, market3, level0)
Removed false proposition: <none of those>
Removed true proposition: Atom ready-to-load(goods3, market1, level0)
Removed false proposition: <none of those>
Removed true proposition: Atom ready-to-load(goods8, market3, level0)
Removed false proposition: <none of those>
Removed true proposition: Atom on-sale(goods1, market5, level0)
Removed false proposition: <none of those>
Removed true proposition: Atom on-sale(goods8, market3, level0)
Removed false proposition: <none of those>
Removed true proposition: Atom ready-to-load(goods6, market6, level0)
Removed false proposition: <none of those>
285 propositions removed.
Writing output...
Done!
Building causal graph...
The causal graph is not acyclic.
145 variables of 145 necessary
11202 of 11202 operators necessary.
0 of 0 axiom rules necessary.
Building domain transition graphs...
solveable in poly time 0
Building successor generator...
Writing output...
done

Simplifying transitions... done! (reduced from 22272 to 13416)
Initializing heuristic cache... done!
Conducting best first search.
Initializing causal graph heuristic...
Initializing HSP/FF heuristic...
Simplifying 22272 unary operators... done! [22272 unary operators]
Best heuristic value: 64/87 [expanded 1 state(s)]
Best heuristic value: 64/84 [expanded 2 state(s)]
Best heuristic value: 64/83 [expanded 3 state(s)]
Best heuristic value: 63/82 [expanded 8 state(s)]
Best heuristic value: 62/81 [expanded 10 state(s)]
Best heuristic value: 61/81 [expanded 11 state(s)]
Best heuristic value: 61/80 [expanded 15 state(s)]
Best heuristic value: 61/79 [expanded 21 state(s)]
Best heuristic value: 59/79 [expanded 23 state(s)]
Best heuristic value: 59/73 [expanded 27 state(s)]
Best heuristic value: 59/70 [expanded 29 state(s)]
Best heuristic value: 59/69 [expanded 32 state(s)]
Best heuristic value: 59/68 [expanded 37 state(s)]
Best heuristic value: 59/67 [expanded 41 state(s)]
Best heuristic value: 59/64 [expanded 51 state(s)]
Best heuristic value: 58/64 [expanded 54 state(s)]
Best heuristic value: 55/64 [expanded 55 state(s)]
Best heuristic value: 54/64 [expanded 56 state(s)]
Best heuristic value: 54/62 [expanded 59 state(s)]
Best heuristic value: 54/61 [expanded 76 state(s)]
Best heuristic value: 54/60 [expanded 96 state(s)]
Best heuristic value: 54/59 [expanded 114 state(s)]
Best heuristic value: 54/56 [expanded 132 state(s)]
Best heuristic value: 54/55 [expanded 148 state(s)]
Best heuristic value: 54/54 [expanded 164 state(s)]
Best heuristic value: 53/54 [expanded 168 state(s)]
Best heuristic value: 48/54 [expanded 169 state(s)]
Best heuristic value: 46/54 [expanded 170 state(s)]
Best heuristic value: 46/53 [expanded 182 state(s)]
Best heuristic value: 46/51 [expanded 198 state(s)]
Best heuristic value: 46/50 [expanded 211 state(s)]
Best heuristic value: 45/50 [expanded 215 state(s)]
Best heuristic value: 44/50 [expanded 219 state(s)]
Best heuristic value: 44/49 [expanded 224 state(s)]
Best heuristic value: 44/48 [expanded 253 state(s)]
Best heuristic value: 44/47 [expanded 260 state(s)]
Best heuristic value: 42/47 [expanded 262 state(s)]
Best heuristic value: 42/43 [expanded 283 state(s)]
Best heuristic value: 41/43 [expanded 358 state(s)]
Best heuristic value: 40/43 [expanded 370 state(s)]
Best heuristic value: 39/40 [expanded 371 state(s)]
Best heuristic value: 39/39 [expanded 404 state(s)]
Best heuristic value: 39/38 [expanded 416 state(s)]
Best heuristic value: 39/37 [expanded 418 state(s)]
Best heuristic value: 36/36 [expanded 420 state(s)]
Best heuristic value: 35/35 [expanded 493 state(s)]
Best heuristic value: 34/34 [expanded 494 state(s)]
Best heuristic value: 33/33 [expanded 565 state(s)]
Best heuristic value: 32/32 [expanded 647 state(s)]
Best heuristic value: 31/31 [expanded 721 state(s)]
Best heuristic value: 30/30 [expanded 835 state(s)]
Best heuristic value: 29/29 [expanded 973 state(s)]
Best heuristic value: 28/28 [expanded 974 state(s)]
Best heuristic value: 27/27 [expanded 1156 state(s)]
Best heuristic value: 26/26 [expanded 1157 state(s)]
Best heuristic value: 25/25 [expanded 1366 state(s)]
Best heuristic value: 24/24 [expanded 1454 state(s)]
Best heuristic value: 23/23 [expanded 1577 state(s)]
Best heuristic value: 22/22 [expanded 1578 state(s)]
Best heuristic value: 21/21 [expanded 1687 state(s)]
Best heuristic value: 20/20 [expanded 1688 state(s)]
Best heuristic value: 19/19 [expanded 1768 state(s)]
Best heuristic value: 18/18 [expanded 1816 state(s)]
Best heuristic value: 17/17 [expanded 1862 state(s)]
Best heuristic value: 16/16 [expanded 1904 state(s)]
Best heuristic value: 15/15 [expanded 1905 state(s)]
Best heuristic value: 14/14 [expanded 1941 state(s)]
Best heuristic value: 13/13 [expanded 1942 state(s)]
Best heuristic value: 12/12 [expanded 1969 state(s)]
Best heuristic value: 11/11 [expanded 1970 state(s)]
Best heuristic value: 10/10 [expanded 2011 state(s)]
Best heuristic value: 9/9 [expanded 2066 state(s)]
Best heuristic value: 8/8 [expanded 2067 state(s)]
Best heuristic value: 7/7 [expanded 2141 state(s)]
Best heuristic value: 6/6 [expanded 2168 state(s)]
Best heuristic value: 5/5 [expanded 2169 state(s)]
Best heuristic value: 4/4 [expanded 2204 state(s)]
Best heuristic value: 3/3 [expanded 2236 state(s)]
Best heuristic value: 2/2 [expanded 2248 state(s)]
Best heuristic value: 1/1 [expanded 2259 state(s)]
Solution found!
drive truck3 depot3 market3
buy truck3 goods4 market3 level0 level1 level0 level1
load goods4 truck3 market3 level0 level1 level0 level1
buy truck3 goods7 market3 level1 level2 level0 level1
load goods7 truck3 market3 level0 level1 level0 level1
drive truck3 market3 market1
drive truck5 depot1 market5
buy truck3 goods9 market1 level1 level2 level0 level1
load goods9 truck3 market1 level0 level1 level0 level1
buy truck5 goods5 market5 level0 level1 level0 level1
load goods5 truck5 market5 level0 level1 level0 level1
drive truck6 depot1 market5
buy truck3 goods8 market1 level1 level2 level0 level1
load goods8 truck3 market1 level0 level1 level0 level1
buy truck5 goods3 market5 level0 level1 level0 level1
load goods3 truck5 market5 level0 level1 level0 level1
buy truck3 goods1 market1 level0 level1 level0 level1
load goods1 truck3 market1 level0 level1 level0 level1
drive truck3 market1 market3
drive truck3 market3 depot3
drive truck5 market5 depot1
buy truck6 goods6 market5 level0 level1 level0 level1
load goods6 truck6 market5 level0 level1 level0 level1
drive truck6 market5 depot2
drive truck4 depot1 market5
drive truck3 depot3 market3
buy truck3 goods10 market3 level0 level1 level0 level1
load goods10 truck3 market3 level0 level1 level0 level1
drive truck3 market3 depot3
drive truck4 market5 market6
buy truck4 goods11 market6 level0 level1 level0 level1
load goods11 truck4 market6 level0 level1 level0 level1
drive truck4 market6 market5
drive truck4 market5 depot1
drive truck3 depot3 market3
drive truck3 market3 market1
buy truck3 goods2 market1 level0 level1 level0 level1
load goods2 truck3 market1 level0 level1 level0 level1
drive truck3 market1 market3
drive truck3 market3 depot3
unload goods7 truck3 depot3 level0 level1 level0 level1
drive truck3 depot3 market3
buy truck3 goods7 market3 level0 level1 level0 level1
load goods7 truck3 market3 level0 level1 level0 level1
drive truck3 market3 depot3
unload goods7 truck3 depot3 level0 level1 level1 level2
unload goods5 truck5 depot1 level0 level1 level0 level1
drive truck3 depot3 market3
buy truck3 goods5 market3 level1 level2 level0 level1
load goods5 truck3 market3 level0 level1 level0 level1
unload goods6 truck6 depot2 level0 level1 level0 level1
buy truck3 goods6 market3 level0 level1 level0 level1
load goods6 truck3 market3 level0 level1 level0 level1
unload goods3 truck5 depot1 level0 level1 level0 level1
buy truck3 goods3 market3 level1 level2 level0 level1
load goods3 truck3 market3 level0 level1 level0 level1
drive truck3 market3 depot3
unload goods5 truck3 depot3 level0 level1 level1 level2
drive truck3 depot3 market3
buy truck3 goods5 market3 level0 level1 level0 level1
load goods5 truck3 market3 level0 level1 level0 level1
drive truck3 market3 depot3
unload goods3 truck3 depot3 level0 level1 level1 level2
drive truck3 depot3 market3
buy truck3 goods3 market3 level0 level1 level0 level1
load goods3 truck3 market3 level0 level1 level0 level1
drive truck3 market3 depot3
unload goods3 truck3 depot3 level0 level1 level2 level3
unload goods10 truck3 depot3 level0 level1 level0 level1
drive truck2 depot1 market5
drive truck2 market5 market4
buy truck2 goods10 market4 level1 level2 level0 level1
load goods10 truck2 market4 level0 level1 level0 level1
drive truck2 market4 market5
drive truck2 market5 depot2
unload goods10 truck2 depot2 level0 level1 level1 level2
unload goods5 truck3 depot3 level0 level1 level2 level3
drive truck3 depot3 market3
drive truck3 market3 market2
buy truck3 goods5 market2 level1 level2 level0 level1
load goods5 truck3 market2 level0 level1 level0 level1
unload goods11 truck4 depot1 level0 level1 level0 level1
buy truck3 goods11 market2 level1 level2 level0 level1
load goods11 truck3 market2 level0 level1 level0 level1
drive truck3 market2 market3
drive truck3 market3 depot3
unload goods5 truck3 depot3 level0 level1 level3 level4
drive truck3 depot3 market3
drive truck3 market3 market2
buy truck3 goods5 market2 level0 level1 level0 level1
load goods5 truck3 market2 level0 level1 level0 level1
drive truck3 market2 market3
drive truck3 market3 depot3
unload goods5 truck3 depot3 level0 level1 level4 level5
unload goods6 truck3 depot3 level0 level1 level1 level2
drive truck3 depot3 market3
drive truck3 market3 market2
buy truck3 goods6 market2 level1 level2 level0 level1
load goods6 truck3 market2 level0 level1 level0 level1
drive truck3 market2 market3
drive truck3 market3 depot3
unload goods6 truck3 depot3 level0 level1 level2 level3
unload goods4 truck3 depot3 level0 level1 level0 level1
drive truck3 depot3 market3
drive truck3 market3 market1
buy truck3 goods4 market1 level1 level2 level0 level1
load goods4 truck3 market1 level0 level1 level0 level1
drive truck3 market1 market3
drive truck3 market3 depot3
unload goods4 truck3 depot3 level0 level1 level1 level2
drive truck3 depot3 market3
drive truck3 market3 market1
buy truck3 goods4 market1 level0 level1 level0 level1
load goods4 truck3 market1 level0 level1 level0 level1
drive truck3 market1 market3
drive truck3 market3 depot3
unload goods4 truck3 depot3 level0 level1 level2 level3
drive truck3 depot3 market3
drive truck3 market3 market2
buy truck3 goods4 market2 level1 level2 level0 level1
load goods4 truck3 market2 level0 level1 level0 level1
drive truck3 market2 market3
drive truck3 market3 depot3
unload goods4 truck3 depot3 level0 level1 level3 level4
drive truck3 depot3 market3
drive truck3 market3 market2
buy truck3 goods4 market2 level0 level1 level0 level1
load goods4 truck3 market2 level0 level1 level0 level1
drive truck3 market2 market3
drive truck3 market3 depot3
unload goods4 truck3 depot3 level0 level1 level4 level5
unload goods11 truck3 depot3 level0 level1 level1 level2
drive truck3 depot3 market3
drive truck3 market3 market2
buy truck3 goods11 market2 level0 level1 level0 level1
load goods11 truck3 market2 level0 level1 level0 level1
drive truck3 market2 market3
drive truck3 market3 depot3
unload goods11 truck3 depot3 level0 level1 level2 level3
unload goods2 truck3 depot3 level0 level1 level0 level1
drive truck3 depot3 market3
drive truck3 market3 market2
buy truck3 goods2 market2 level1 level2 level0 level1
load goods2 truck3 market2 level0 level1 level0 level1
drive truck3 market2 market3
drive truck3 market3 depot3
unload goods2 truck3 depot3 level0 level1 level1 level2
unload goods9 truck3 depot3 level0 level1 level0 level1
drive truck1 depot2 market5
drive truck1 market5 market4
buy truck1 goods9 market4 level1 level2 level0 level1
load goods9 truck1 market4 level0 level1 level0 level1
drive truck1 market4 market5
drive truck1 market5 depot2
unload goods9 truck1 depot2 level0 level1 level1 level2
drive truck4 depot1 market5
drive truck4 market5 market4
buy truck4 goods9 market4 level0 level1 level0 level1
load goods9 truck4 market4 level0 level1 level0 level1
drive truck4 market4 market3
drive truck4 market3 depot3
unload goods9 truck4 depot3 level0 level1 level2 level3
unload goods1 truck3 depot3 level0 level1 level0 level1
drive truck5 depot1 market5
drive truck5 market5 market4
buy truck5 goods1 market4 level0 level1 level0 level1
load goods1 truck5 market4 level0 level1 level0 level1
drive truck5 market4 market5
drive truck5 market5 depot1
unload goods1 truck5 depot1 level0 level1 level1 level2
drive truck3 depot3 market3
drive truck3 market3 market2
buy truck3 goods1 market2 level1 level2 level0 level1
load goods1 truck3 market2 level0 level1 level0 level1
drive truck3 market2 market3
drive truck3 market3 depot3
unload goods1 truck3 depot3 level0 level1 level2 level3
unload goods8 truck3 depot3 level0 level1 level0 level1
drive truck4 depot3 market3
drive truck4 market3 market1
buy truck4 goods8 market1 level0 level1 level0 level1
load goods8 truck4 market1 level0 level1 level0 level1
drive truck4 market1 market3
drive truck4 market3 depot3
unload goods8 truck4 depot3 level0 level1 level1 level2
drive truck4 depot3 market3
drive truck4 market3 market4
buy truck4 goods8 market4 level1 level2 level0 level1
load goods8 truck4 market4 level0 level1 level0 level1
drive truck4 market4 market3
drive truck4 market3 depot3
unload goods8 truck4 depot3 level0 level1 level2 level3
drive truck5 depot1 market5
drive truck5 market5 market4
buy truck5 goods8 market4 level0 level1 level0 level1
load goods8 truck5 market4 level0 level1 level0 level1
drive truck5 market4 market5
drive truck5 market5 depot1
unload goods8 truck5 depot1 level0 level1 level3 level4
drive truck4 depot3 market3
drive truck4 market3 market2
buy truck4 goods8 market2 level0 level1 level0 level1
load goods8 truck4 market2 level0 level1 level0 level1
drive truck4 market2 market3
drive truck4 market3 depot3
unload goods8 truck4 depot3 level0 level1 level4 level5
Plan length: 206 step(s).
Expanded 2260 state(s).
Generated 32544 state(s).
Cache hits: 14310475
Cache misses: 12524916
Search time: 1.16 seconds
Total time: 1.27 seconds
__MEMKB 79492
