Parsing...
Instantiating...
Starting instantiation [45 rules]...
Finding invariants...
Instantiating groups...
Choosing groups...
170 uncovered facts
Building translation key...
Building STRIPS to SAS dictionary...
Translating task...
Processing axioms...
Detecting unreachable propositions...
Removed false proposition: <none of those>
Removed false proposition: <none of those>
Removed false proposition: <none of those>
Removed false proposition: <none of those>
Removed false proposition: <none of those>
Removed false proposition: <none of those>
Removed false proposition: <none of those>
Removed false proposition: <none of those>
Removed false proposition: <none of those>
Removed false proposition: <none of those>
Removed false proposition: <none of those>
Removed false proposition: <none of those>
Removed false proposition: <none of those>
Removed false proposition: <none of those>
Removed false proposition: <none of those>
Removed false proposition: <none of those>
Removed false proposition: <none of those>
Removed false proposition: <none of those>
Removed false proposition: <none of those>
Removed false proposition: <none of those>
Removed false proposition: <none of those>
Removed false proposition: <none of those>
Removed false proposition: <none of those>
Removed false proposition: <none of those>
Removed false proposition: <none of those>
Removed false proposition: <none of those>
Removed false proposition: <none of those>
Removed false proposition: <none of those>
Removed false proposition: <none of those>
Removed false proposition: <none of those>
Removed false proposition: <none of those>
Removed false proposition: <none of those>
Removed false proposition: <none of those>
Removed false proposition: <none of those>
Removed false proposition: <none of those>
Removed false proposition: <none of those>
Removed false proposition: <none of those>
Removed false proposition: <none of those>
Removed false proposition: <none of those>
Removed false proposition: <none of those>
Removed false proposition: <none of those>
Removed false proposition: <none of those>
Removed false proposition: <none of those>
Removed false proposition: <none of those>
Removed false proposition: <none of those>
Removed false proposition: <none of those>
Removed false proposition: <none of those>
Removed false proposition: <none of those>
Removed false proposition: <none of those>
Removed false proposition: <none of those>
Removed false proposition: <none of those>
Removed false proposition: <none of those>
Removed false proposition: <none of those>
Removed false proposition: <none of those>
Removed false proposition: <none of those>
Removed false proposition: <none of those>
Removed false proposition: <none of those>
Removed false proposition: <none of those>
Removed false proposition: <none of those>
Removed false proposition: <none of those>
Removed false proposition: <none of those>
Removed false proposition: <none of those>
Removed false proposition: <none of those>
Removed false proposition: <none of those>
Removed false proposition: <none of those>
Removed false proposition: <none of those>
Removed false proposition: <none of those>
Removed false proposition: <none of those>
Removed false proposition: <none of those>
Removed false proposition: <none of those>
Removed false proposition: <none of those>
Removed false proposition: <none of those>
Removed false proposition: <none of those>
Removed false proposition: <none of those>
Removed false proposition: <none of those>
Removed false proposition: <none of those>
Removed false proposition: <none of those>
Removed false proposition: <none of those>
Removed false proposition: <none of those>
Removed false proposition: <none of those>
Removed false proposition: <none of those>
Removed false proposition: <none of those>
Removed false proposition: <none of those>
Removed false proposition: <none of those>
Removed false proposition: <none of those>
Removed false proposition: <none of those>
Removed false proposition: <none of those>
Removed false proposition: <none of those>
Removed false proposition: <none of those>
Removed false proposition: <none of those>
Removed false proposition: <none of those>
Removed false proposition: <none of those>
Removed false proposition: <none of those>
Removed false proposition: <none of those>
Removed false proposition: <none of those>
Removed false proposition: <none of those>
Removed false proposition: <none of those>
Removed false proposition: <none of those>
Removed false proposition: <none of those>
Removed false proposition: <none of those>
Removed false proposition: <none of those>
Removed false proposition: <none of those>
Removed false proposition: <none of those>
Removed false proposition: <none of those>
Removed false proposition: <none of those>
Removed false proposition: <none of those>
Removed false proposition: <none of those>
Removed false proposition: <none of those>
Removed false proposition: <none of those>
Removed false proposition: <none of those>
Removed false proposition: <none of those>
Removed false proposition: <none of those>
Removed false proposition: <none of those>
Removed false proposition: <none of those>
Removed false proposition: <none of those>
Removed false proposition: <none of those>
Removed false proposition: <none of those>
Removed false proposition: <none of those>
Removed false proposition: <none of those>
Removed false proposition: <none of those>
Removed false proposition: <none of those>
Removed false proposition: <none of those>
Removed false proposition: <none of those>
Removed false proposition: <none of those>
Removed false proposition: <none of those>
Removed false proposition: <none of those>
Removed false proposition: <none of those>
Removed false proposition: <none of those>
Removed false proposition: <none of those>
Removed false proposition: <none of those>
Removed false proposition: <none of those>
Removed false proposition: <none of those>
Removed false proposition: <none of those>
Removed false proposition: <none of those>
Removed false proposition: <none of those>
Removed false proposition: <none of those>
Removed false proposition: <none of those>
Removed false proposition: <none of those>
Removed false proposition: <none of those>
Removed false proposition: <none of those>
Removed false proposition: <none of those>
Removed false proposition: <none of those>
Removed false proposition: <none of those>
Removed false proposition: <none of those>
Removed false proposition: <none of those>
Removed false proposition: <none of those>
Removed false proposition: <none of those>
Removed false proposition: <none of those>
Removed false proposition: <none of those>
Removed false proposition: <none of those>
Removed false proposition: <none of those>
Removed false proposition: <none of those>
Removed false proposition: <none of those>
Removed false proposition: <none of those>
Removed false proposition: <none of those>
Removed false proposition: <none of those>
Removed false proposition: <none of those>
Removed false proposition: <none of those>
Removed false proposition: <none of those>
Removed false proposition: <none of those>
Removed false proposition: <none of those>
Removed false proposition: <none of those>
Removed false proposition: <none of those>
Removed false proposition: <none of those>
Removed false proposition: <none of those>
Removed false proposition: <none of those>
Removed false proposition: <none of those>
Removed false proposition: <none of those>
Removed false proposition: <none of those>
Removed false proposition: <none of those>
Removed false proposition: <none of those>
Removed false proposition: <none of those>
Removed false proposition: <none of those>
Removed false proposition: <none of those>
Removed false proposition: <none of those>
Removed false proposition: <none of those>
Removed false proposition: <none of those>
Removed false proposition: <none of those>
Removed false proposition: <none of those>
Removed false proposition: <none of those>
Removed false proposition: <none of those>
Removed false proposition: <none of those>
Removed false proposition: <none of those>
Removed false proposition: <none of those>
Removed false proposition: <none of those>
Removed false proposition: <none of those>
Removed false proposition: <none of those>
Removed false proposition: <none of those>
Removed false proposition: <none of those>
Removed false proposition: <none of those>
Removed false proposition: <none of those>
Removed false proposition: <none of those>
Removed false proposition: <none of those>
Removed false proposition: <none of those>
Removed false proposition: <none of those>
Removed false proposition: <none of those>
Removed false proposition: <none of those>
Removed false proposition: <none of those>
Removed false proposition: <none of those>
Removed false proposition: <none of those>
Removed false proposition: <none of those>
Removed false proposition: <none of those>
Removed false proposition: <none of those>
Removed false proposition: <none of those>
Removed false proposition: <none of those>
Removed false proposition: <none of those>
Removed false proposition: <none of those>
Removed false proposition: <none of those>
Removed false proposition: <none of those>
Removed false proposition: <none of those>
Removed false proposition: <none of those>
Removed false proposition: <none of those>
Removed false proposition: <none of those>
Removed false proposition: <none of those>
Removed false proposition: <none of those>
Removed false proposition: <none of those>
Removed false proposition: <none of those>
Removed false proposition: <none of those>
Removed false proposition: <none of those>
Removed false proposition: <none of those>
Removed false proposition: <none of those>
Removed false proposition: <none of those>
Removed false proposition: <none of those>
Removed false proposition: <none of those>
Removed false proposition: <none of those>
Removed false proposition: <none of those>
Removed false proposition: <none of those>
Removed false proposition: <none of those>
Removed false proposition: <none of those>
Removed false proposition: <none of those>
Removed false proposition: <none of those>
Removed false proposition: <none of those>
Removed false proposition: <none of those>
Removed false proposition: <none of those>
Removed false proposition: <none of those>
Removed false proposition: <none of those>
Removed false proposition: <none of those>
Removed false proposition: <none of those>
Removed false proposition: <none of those>
Removed false proposition: <none of those>
Removed false proposition: <none of those>
Removed false proposition: <none of those>
Removed false proposition: <none of those>
Removed false proposition: <none of those>
Removed false proposition: <none of those>
Removed false proposition: <none of those>
Removed false proposition: <none of those>
Removed false proposition: <none of those>
Removed false proposition: <none of those>
Removed false proposition: <none of those>
Removed false proposition: <none of those>
Removed false proposition: <none of those>
Removed false proposition: <none of those>
Removed false proposition: <none of those>
Removed false proposition: <none of those>
Removed false proposition: <none of those>
Removed false proposition: <none of those>
Removed false proposition: <none of those>
Removed false proposition: <none of those>
Removed false proposition: <none of those>
Removed false proposition: <none of those>
Removed false proposition: <none of those>
Removed false proposition: <none of those>
Removed false proposition: <none of those>
Removed false proposition: <none of those>
Removed false proposition: <none of those>
Removed false proposition: <none of those>
Removed false proposition: <none of those>
Removed false proposition: <none of those>
Removed false proposition: <none of those>
Removed false proposition: <none of those>
Removed false proposition: <none of those>
Removed false proposition: <none of those>
Removed false proposition: <none of those>
Removed false proposition: <none of those>
Removed false proposition: <none of those>
Removed false proposition: <none of those>
Removed false proposition: <none of those>
Removed false proposition: <none of those>
Removed false proposition: <none of those>
Removed false proposition: <none of those>
Removed false proposition: <none of those>
Removed false proposition: <none of those>
Removed false proposition: <none of those>
Removed false proposition: <none of those>
Removed false proposition: <none of those>
Removed false proposition: <none of those>
Removed false proposition: <none of those>
Removed false proposition: <none of those>
Removed false proposition: <none of those>
Removed false proposition: <none of those>
Removed false proposition: <none of those>
Removed false proposition: <none of those>
Removed false proposition: <none of those>
Removed false proposition: <none of those>
Removed false proposition: <none of those>
Removed false proposition: <none of those>
Removed false proposition: <none of those>
Removed false proposition: <none of those>
Removed false proposition: <none of those>
Removed false proposition: <none of those>
Removed false proposition: <none of those>
Removed false proposition: <none of those>
Removed false proposition: <none of those>
Removed false proposition: <none of those>
Removed false proposition: <none of those>
Removed false proposition: <none of those>
Removed false proposition: <none of those>
Removed false proposition: <none of those>
Removed false proposition: <none of those>
Removed false proposition: <none of those>
Removed false proposition: <none of those>
Removed false proposition: <none of those>
Removed true proposition: Atom ready-to-load(goods17, market7, level0)
Removed false proposition: <none of those>
Removed true proposition: Atom ready-to-load(goods9, market1, level0)
Removed false proposition: <none of those>
Removed true proposition: Atom ready-to-load(goods14, market8, level0)
Removed false proposition: <none of those>
Removed true proposition: Atom ready-to-load(goods15, market5, level0)
Removed false proposition: <none of those>
Removed true proposition: Atom on-sale(goods16, market5, level0)
Removed false proposition: <none of those>
Removed true proposition: Atom on-sale(goods18, market5, level0)
Removed false proposition: <none of those>
Removed true proposition: Atom ready-to-load(goods15, market3, level0)
Removed false proposition: <none of those>
Removed true proposition: Atom on-sale(goods4, market1, level0)
Removed false proposition: <none of those>
Removed true proposition: Atom on-sale(goods4, market7, level0)
Removed false proposition: <none of those>
Removed true proposition: Atom ready-to-load(goods4, market7, level0)
Removed false proposition: <none of those>
Removed true proposition: Atom ready-to-load(goods3, market1, level0)
Removed false proposition: <none of those>
Removed true proposition: Atom ready-to-load(goods8, market4, level0)
Removed false proposition: <none of those>
Removed true proposition: Atom ready-to-load(goods17, market3, level0)
Removed false proposition: <none of those>
Removed true proposition: Atom on-sale(goods17, market3, level0)
Removed false proposition: <none of those>
Removed true proposition: Atom on-sale(goods11, market6, level0)
Removed false proposition: <none of those>
Removed true proposition: Atom on-sale(goods3, market1, level0)
Removed false proposition: <none of those>
Removed true proposition: Atom ready-to-load(goods12, market7, level0)
Removed false proposition: <none of those>
Removed true proposition: Atom on-sale(goods14, market8, level0)
Removed false proposition: <none of those>
Removed true proposition: Atom on-sale(goods17, market7, level0)
Removed false proposition: <none of those>
Removed true proposition: Atom on-sale(goods7, market8, level0)
Removed false proposition: <none of those>
Removed true proposition: Atom ready-to-load(goods1, market8, level0)
Removed false proposition: <none of those>
Removed true proposition: Atom ready-to-load(goods5, market3, level0)
Removed false proposition: <none of those>
Removed true proposition: Atom ready-to-load(goods6, market8, level0)
Removed false proposition: <none of those>
Removed true proposition: Atom ready-to-load(goods16, market5, level0)
Removed false proposition: <none of those>
Removed true proposition: Atom ready-to-load(goods8, market8, level0)
Removed false proposition: <none of those>
Removed true proposition: Atom ready-to-load(goods19, market3, level0)
Removed false proposition: <none of those>
Removed true proposition: Atom on-sale(goods18, market3, level0)
Removed false proposition: <none of those>
Removed true proposition: Atom on-sale(goods8, market4, level0)
Removed false proposition: <none of those>
Removed true proposition: Atom on-sale(goods3, market6, level0)
Removed false proposition: <none of those>
Removed true proposition: Atom on-sale(goods4, market8, level0)
Removed false proposition: <none of those>
Removed true proposition: Atom on-sale(goods9, market6, level0)
Removed false proposition: <none of those>
Removed true proposition: Atom ready-to-load(goods12, market4, level0)
Removed false proposition: <none of those>
Removed true proposition: Atom ready-to-load(goods8, market2, level0)
Removed false proposition: <none of those>
Removed true proposition: Atom on-sale(goods12, market5, level0)
Removed false proposition: <none of those>
Removed true proposition: Atom on-sale(goods2, market6, level0)
Removed false proposition: <none of those>
Removed true proposition: Atom on-sale(goods15, market4, level0)
Removed false proposition: <none of those>
Removed true proposition: Atom on-sale(goods9, market4, level0)
Removed false proposition: <none of those>
Removed true proposition: Atom ready-to-load(goods18, market6, level0)
Removed false proposition: <none of those>
Removed true proposition: Atom ready-to-load(goods3, market8, level0)
Removed false proposition: <none of those>
Removed true proposition: Atom on-sale(goods11, market4, level0)
Removed false proposition: <none of those>
Removed true proposition: Atom on-sale(goods12, market8, level0)
Removed false proposition: <none of those>
Removed true proposition: Atom on-sale(goods3, market8, level0)
Removed false proposition: <none of those>
Removed true proposition: Atom ready-to-load(goods15, market8, level0)
Removed false proposition: <none of those>
Removed true proposition: Atom on-sale(goods14, market3, level0)
Removed false proposition: <none of those>
Removed true proposition: Atom on-sale(goods7, market1, level0)
Removed false proposition: <none of those>
Removed true proposition: Atom ready-to-load(goods6, market2, level0)
Removed false proposition: <none of those>
Removed true proposition: Atom ready-to-load(goods3, market6, level0)
Removed false proposition: <none of those>
Removed true proposition: Atom on-sale(goods12, market4, level0)
Removed false proposition: <none of those>
Removed true proposition: Atom on-sale(goods2, market7, level0)
Removed false proposition: <none of those>
Removed true proposition: Atom on-sale(goods6, market8, level0)
Removed false proposition: <none of those>
Removed true proposition: Atom on-sale(goods8, market5, level0)
Removed false proposition: <none of those>
Removed true proposition: Atom on-sale(goods16, market3, level0)
Removed false proposition: <none of those>
Removed true proposition: Atom ready-to-load(goods7, market8, level0)
Removed false proposition: <none of those>
Removed true proposition: Atom on-sale(goods18, market1, level0)
Removed false proposition: <none of those>
Removed true proposition: Atom ready-to-load(goods18, market3, level0)
Removed false proposition: <none of those>
Removed true proposition: Atom ready-to-load(goods1, market1, level0)
Removed false proposition: <none of those>
Removed true proposition: Atom ready-to-load(goods7, market3, level0)
Removed false proposition: <none of those>
Removed true proposition: Atom ready-to-load(goods3, market3, level0)
Removed false proposition: <none of those>
Removed true proposition: Atom on-sale(goods6, market4, level0)
Removed false proposition: <none of those>
Removed true proposition: Atom on-sale(goods13, market3, level0)
Removed false proposition: <none of those>
Removed true proposition: Atom ready-to-load(goods16, market8, level0)
Removed false proposition: <none of those>
Removed true proposition: Atom on-sale(goods19, market4, level0)
Removed false proposition: <none of those>
Removed true proposition: Atom ready-to-load(goods16, market1, level0)
Removed false proposition: <none of those>
Removed true proposition: Atom on-sale(goods11, market3, level0)
Removed false proposition: <none of those>
Removed true proposition: Atom ready-to-load(goods18, market2, level0)
Removed false proposition: <none of those>
Removed true proposition: Atom on-sale(goods19, market2, level0)
Removed false proposition: <none of those>
Removed true proposition: Atom ready-to-load(goods19, market2, level0)
Removed false proposition: <none of those>
Removed true proposition: Atom on-sale(goods1, market5, level0)
Removed false proposition: <none of those>
Removed true proposition: Atom on-sale(goods5, market2, level0)
Removed false proposition: <none of those>
Removed true proposition: Atom on-sale(goods5, market6, level0)
Removed false proposition: <none of those>
Removed true proposition: Atom ready-to-load(goods9, market3, level0)
Removed false proposition: <none of those>
Removed true proposition: Atom ready-to-load(goods18, market1, level0)
Removed false proposition: <none of those>
Removed true proposition: Atom on-sale(goods16, market8, level0)
Removed false proposition: <none of those>
Removed true proposition: Atom on-sale(goods13, market2, level0)
Removed false proposition: <none of those>
Removed true proposition: Atom ready-to-load(goods16, market3, level0)
Removed false proposition: <none of those>
Removed true proposition: Atom ready-to-load(goods17, market2, level0)
Removed false proposition: <none of those>
Removed true proposition: Atom ready-to-load(goods8, market5, level0)
Removed false proposition: <none of those>
Removed true proposition: Atom on-sale(goods9, market8, level0)
Removed false proposition: <none of those>
Removed true proposition: Atom ready-to-load(goods10, market6, level0)
Removed false proposition: <none of those>
Removed true proposition: Atom ready-to-load(goods2, market7, level0)
Removed false proposition: <none of those>
Removed true proposition: Atom ready-to-load(goods2, market3, level0)
Removed false proposition: <none of those>
Removed true proposition: Atom ready-to-load(goods2, market8, level0)
Removed false proposition: <none of those>
Removed true proposition: Atom ready-to-load(goods7, market1, level0)
Removed false proposition: <none of those>
Removed true proposition: Atom ready-to-load(goods12, market5, level0)
Removed false proposition: <none of those>
Removed true proposition: Atom ready-to-load(goods13, market8, level0)
Removed false proposition: <none of those>
Removed true proposition: Atom ready-to-load(goods14, market3, level0)
Removed false proposition: <none of those>
Removed true proposition: Atom on-sale(goods14, market5, level0)
Removed false proposition: <none of those>
Removed true proposition: Atom on-sale(goods18, market6, level0)
Removed false proposition: <none of those>
Removed true proposition: Atom ready-to-load(goods9, market8, level0)
Removed false proposition: <none of those>
Removed true proposition: Atom ready-to-load(goods7, market6, level0)
Removed false proposition: <none of those>
Removed true proposition: Atom ready-to-load(goods4, market8, level0)
Removed false proposition: <none of those>
Removed true proposition: Atom ready-to-load(goods15, market4, level0)
Removed false proposition: <none of those>
Removed true proposition: Atom ready-to-load(goods2, market6, level0)
Removed false proposition: <none of those>
Removed true proposition: Atom on-sale(goods2, market8, level0)
Removed false proposition: <none of those>
Removed true proposition: Atom on-sale(goods8, market2, level0)
Removed false proposition: <none of those>
Removed true proposition: Atom on-sale(goods10, market6, level0)
Removed false proposition: <none of those>
Removed true proposition: Atom on-sale(goods15, market7, level0)
Removed false proposition: <none of those>
Removed true proposition: Atom on-sale(goods9, market3, level0)
Removed false proposition: <none of those>
Removed true proposition: Atom ready-to-load(goods5, market6, level0)
Removed false proposition: <none of those>
Removed true proposition: Atom on-sale(goods4, market6, level0)
Removed false proposition: <none of those>
Removed true proposition: Atom ready-to-load(goods13, market2, level0)
Removed false proposition: <none of those>
Removed true proposition: Atom ready-to-load(goods13, market6, level0)
Removed false proposition: <none of those>
Removed true proposition: Atom on-sale(goods14, market7, level0)
Removed false proposition: <none of those>
Removed true proposition: Atom on-sale(goods12, market7, level0)
Removed false proposition: <none of those>
Removed true proposition: Atom on-sale(goods7, market2, level0)
Removed false proposition: <none of those>
Removed true proposition: Atom on-sale(goods16, market1, level0)
Removed false proposition: <none of those>
Removed true proposition: Atom ready-to-load(goods5, market2, level0)
Removed false proposition: <none of those>
Removed true proposition: Atom on-sale(goods15, market3, level0)
Removed false proposition: <none of those>
Removed true proposition: Atom on-sale(goods8, market3, level0)
Removed false proposition: <none of those>
Removed true proposition: Atom ready-to-load(goods13, market3, level0)
Removed false proposition: <none of those>
Removed true proposition: Atom ready-to-load(goods7, market2, level0)
Removed false proposition: <none of those>
Removed true proposition: Atom on-sale(goods3, market3, level0)
Removed false proposition: <none of those>
Removed true proposition: Atom ready-to-load(goods18, market5, level0)
Removed false proposition: <none of those>
Removed true proposition: Atom on-sale(goods10, market5, level0)
Removed false proposition: <none of those>
Removed true proposition: Atom ready-to-load(goods4, market1, level0)
Removed false proposition: <none of those>
Removed true proposition: Atom ready-to-load(goods14, market7, level0)
Removed false proposition: <none of those>
Removed true proposition: Atom ready-to-load(goods6, market4, level0)
Removed false proposition: <none of those>
Removed true proposition: Atom ready-to-load(goods11, market2, level0)
Removed false proposition: <none of those>
Removed true proposition: Atom ready-to-load(goods6, market1, level0)
Removed false proposition: <none of those>
Removed true proposition: Atom ready-to-load(goods9, market5, level0)
Removed false proposition: <none of those>
Removed true proposition: Atom ready-to-load(goods11, market5, level0)
Removed false proposition: <none of those>
Removed true proposition: Atom on-sale(goods9, market1, level0)
Removed false proposition: <none of those>
Removed true proposition: Atom ready-to-load(goods10, market7, level0)
Removed false proposition: <none of those>
Removed true proposition: Atom on-sale(goods10, market7, level0)
Removed false proposition: <none of those>
Removed true proposition: Atom on-sale(goods15, market8, level0)
Removed false proposition: <none of those>
Removed true proposition: Atom ready-to-load(goods14, market5, level0)
Removed false proposition: <none of those>
Removed true proposition: Atom on-sale(goods7, market6, level0)
Removed false proposition: <none of those>
Removed true proposition: Atom on-sale(goods11, market5, level0)
Removed false proposition: <none of those>
Removed true proposition: Atom ready-to-load(goods9, market6, level0)
Removed false proposition: <none of those>
Removed true proposition: Atom on-sale(goods9, market5, level0)
Removed false proposition: <none of those>
Removed true proposition: Atom on-sale(goods5, market3, level0)
Removed false proposition: <none of those>
Removed true proposition: Atom on-sale(goods17, market2, level0)
Removed false proposition: <none of those>
Removed true proposition: Atom ready-to-load(goods12, market6, level0)
Removed false proposition: <none of those>
Removed true proposition: Atom on-sale(goods1, market2, level0)
Removed false proposition: <none of those>
Removed true proposition: Atom on-sale(goods19, market3, level0)
Removed false proposition: <none of those>
Removed true proposition: Atom on-sale(goods8, market8, level0)
Removed false proposition: <none of those>
Removed true proposition: Atom ready-to-load(goods10, market5, level0)
Removed false proposition: <none of those>
Removed true proposition: Atom ready-to-load(goods11, market6, level0)
Removed false proposition: <none of those>
Removed true proposition: Atom on-sale(goods18, market2, level0)
Removed false proposition: <none of those>
Removed true proposition: Atom ready-to-load(goods8, market3, level0)
Removed false proposition: <none of those>
Removed true proposition: Atom ready-to-load(goods1, market5, level0)
Removed false proposition: <none of those>
Removed true proposition: Atom on-sale(goods13, market6, level0)
Removed false proposition: <none of those>
Removed true proposition: Atom ready-to-load(goods11, market3, level0)
Removed false proposition: <none of those>
Removed true proposition: Atom on-sale(goods15, market5, level0)
Removed false proposition: <none of those>
Removed true proposition: Atom on-sale(goods1, market1, level0)
Removed false proposition: <none of those>
Removed true proposition: Atom ready-to-load(goods19, market4, level0)
Removed false proposition: <none of those>
Removed true proposition: Atom on-sale(goods12, market6, level0)
Removed false proposition: <none of those>
Removed true proposition: Atom ready-to-load(goods15, market7, level0)
Removed false proposition: <none of those>
Removed true proposition: Atom ready-to-load(goods4, market6, level0)
Removed false proposition: <none of those>
Removed true proposition: Atom on-sale(goods7, market3, level0)
Removed false proposition: <none of those>
Removed true proposition: Atom on-sale(goods19, market8, level0)
Removed false proposition: <none of those>
Removed true proposition: Atom ready-to-load(goods1, market2, level0)
Removed false proposition: <none of those>
Removed true proposition: Atom ready-to-load(goods5, market1, level0)
Removed false proposition: <none of those>
Removed true proposition: Atom on-sale(goods6, market6, level0)
Removed false proposition: <none of those>
Removed true proposition: Atom on-sale(goods6, market2, level0)
Removed false proposition: <none of those>
Removed true proposition: Atom on-sale(goods13, market8, level0)
Removed false proposition: <none of those>
Removed true proposition: Atom on-sale(goods10, market8, level0)
Removed false proposition: <none of those>
Removed true proposition: Atom ready-to-load(goods17, market8, level0)
Removed false proposition: <none of those>
Removed true proposition: Atom ready-to-load(goods10, market8, level0)
Removed false proposition: <none of those>
Removed true proposition: Atom ready-to-load(goods11, market4, level0)
Removed false proposition: <none of those>
Removed true proposition: Atom on-sale(goods6, market1, level0)
Removed false proposition: <none of those>
Removed true proposition: Atom on-sale(goods2, market3, level0)
Removed false proposition: <none of those>
Removed true proposition: Atom ready-to-load(goods9, market4, level0)
Removed false proposition: <none of those>
Removed true proposition: Atom ready-to-load(goods6, market6, level0)
Removed false proposition: <none of those>
Removed true proposition: Atom on-sale(goods17, market8, level0)
Removed false proposition: <none of those>
Removed true proposition: Atom ready-to-load(goods12, market8, level0)
Removed false proposition: <none of those>
Removed true proposition: Atom ready-to-load(goods19, market8, level0)
Removed false proposition: <none of those>
Removed true proposition: Atom on-sale(goods11, market2, level0)
Removed false proposition: <none of those>
Removed true proposition: Atom on-sale(goods5, market1, level0)
Removed false proposition: <none of those>
Removed true proposition: Atom on-sale(goods1, market8, level0)
Removed false proposition: <none of those>
653 propositions removed.
Writing output...
Done!
Building causal graph...
The causal graph is not acyclic.
313 variables of 313 necessary
40848 of 40848 operators necessary.
0 of 0 axiom rules necessary.
Building domain transition graphs...
solveable in poly time 0
Building successor generator...
Writing output...
done

Simplifying transitions... done! (reduced from 81456 to 47616)
Initializing heuristic cache... done!
Conducting best first search.
Initializing causal graph heuristic...
Initializing HSP/FF heuristic...
Simplifying 81456 unary operators... done! [81456 unary operators]
Best heuristic value: 107/162 [expanded 1 state(s)]
Best heuristic value: 107/137 [expanded 2 state(s)]
Best heuristic value: 107/135 [expanded 3 state(s)]
Best heuristic value: 106/133 [expanded 8 state(s)]
Best heuristic value: 106/132 [expanded 14 state(s)]
Best heuristic value: 105/129 [expanded 26 state(s)]
Best heuristic value: 104/129 [expanded 27 state(s)]
Best heuristic value: 104/128 [expanded 39 state(s)]
Best heuristic value: 104/125 [expanded 50 state(s)]
Best heuristic value: 102/125 [expanded 51 state(s)]
Best heuristic value: 102/124 [expanded 66 state(s)]
Best heuristic value: 102/122 [expanded 80 state(s)]
Best heuristic value: 100/122 [expanded 82 state(s)]
Best heuristic value: 100/121 [expanded 97 state(s)]
Best heuristic value: 100/120 [expanded 111 state(s)]
Best heuristic value: 98/120 [expanded 112 state(s)]
Best heuristic value: 97/120 [expanded 113 state(s)]
Best heuristic value: 97/119 [expanded 126 state(s)]
Best heuristic value: 97/118 [expanded 129 state(s)]
Best heuristic value: 96/116 [expanded 132 state(s)]
Best heuristic value: 95/116 [expanded 133 state(s)]
Best heuristic value: 95/114 [expanded 152 state(s)]
Best heuristic value: 95/113 [expanded 156 state(s)]
Best heuristic value: 93/113 [expanded 158 state(s)]
Best heuristic value: 93/112 [expanded 177 state(s)]
Best heuristic value: 93/110 [expanded 181 state(s)]
Best heuristic value: 91/110 [expanded 183 state(s)]
Best heuristic value: 91/109 [expanded 204 state(s)]
Best heuristic value: 91/107 [expanded 227 state(s)]
Best heuristic value: 89/107 [expanded 229 state(s)]
Best heuristic value: 89/106 [expanded 252 state(s)]
Best heuristic value: 89/104 [expanded 277 state(s)]
Best heuristic value: 87/104 [expanded 279 state(s)]
Best heuristic value: 87/103 [expanded 302 state(s)]
Best heuristic value: 87/101 [expanded 306 state(s)]
Best heuristic value: 85/101 [expanded 308 state(s)]
Best heuristic value: 85/100 [expanded 350 state(s)]
Best heuristic value: 85/99 [expanded 373 state(s)]
Best heuristic value: 84/99 [expanded 375 state(s)]
Best heuristic value: 83/99 [expanded 376 state(s)]
Best heuristic value: 83/98 [expanded 377 state(s)]
Best heuristic value: 83/95 [expanded 445 state(s)]
Best heuristic value: 81/95 [expanded 447 state(s)]
Best heuristic value: 81/94 [expanded 579 state(s)]
Best heuristic value: 81/93 [expanded 590 state(s)]
Best heuristic value: 81/92 [expanded 649 state(s)]
Best heuristic value: 81/91 [expanded 661 state(s)]
Best heuristic value: 81/90 [expanded 663 state(s)]
Best heuristic value: 78/90 [expanded 665 state(s)]
Best heuristic value: 78/89 [expanded 666 state(s)]
Best heuristic value: 77/89 [expanded 752 state(s)]
Best heuristic value: 76/88 [expanded 754 state(s)]
Best heuristic value: 75/88 [expanded 755 state(s)]
Best heuristic value: 75/87 [expanded 799 state(s)]
Best heuristic value: 75/86 [expanded 879 state(s)]
Best heuristic value: 75/85 [expanded 887 state(s)]
Best heuristic value: 74/84 [expanded 895 state(s)]
Best heuristic value: 73/82 [expanded 899 state(s)]
Best heuristic value: 72/82 [expanded 900 state(s)]
Best heuristic value: 72/81 [expanded 909 state(s)]
Best heuristic value: 72/80 [expanded 924 state(s)]
Best heuristic value: 72/77 [expanded 943 state(s)]
Best heuristic value: 71/77 [expanded 945 state(s)]
Best heuristic value: 70/77 [expanded 956 state(s)]
Best heuristic value: 69/77 [expanded 958 state(s)]
Best heuristic value: 69/75 [expanded 968 state(s)]
Best heuristic value: 69/74 [expanded 977 state(s)]
Best heuristic value: 69/70 [expanded 985 state(s)]
Best heuristic value: 68/70 [expanded 993 state(s)]
Best heuristic value: 66/70 [expanded 994 state(s)]
Best heuristic value: 66/69 [expanded 1001 state(s)]
Best heuristic value: 66/68 [expanded 1029 state(s)]
Best heuristic value: 66/66 [expanded 1058 state(s)]
Best heuristic value: 63/64 [expanded 1095 state(s)]
Best heuristic value: 63/63 [expanded 1131 state(s)]
Best heuristic value: 62/62 [expanded 1149 state(s)]
Best heuristic value: 61/61 [expanded 1157 state(s)]
Best heuristic value: 60/60 [expanded 1158 state(s)]
Best heuristic value: 59/59 [expanded 1304 state(s)]
Best heuristic value: 58/58 [expanded 1305 state(s)]
Best heuristic value: 57/57 [expanded 1512 state(s)]
Best heuristic value: 56/56 [expanded 1513 state(s)]
Best heuristic value: 55/55 [expanded 1795 state(s)]
Best heuristic value: 54/54 [expanded 2229 state(s)]
Best heuristic value: 53/53 [expanded 2230 state(s)]
Best heuristic value: 52/52 [expanded 2618 state(s)]
Best heuristic value: 51/51 [expanded 2619 state(s)]
Best heuristic value: 50/50 [expanded 2836 state(s)]
Best heuristic value: 49/49 [expanded 2837 state(s)]
Best heuristic value: 48/48 [expanded 3193 state(s)]
Best heuristic value: 47/47 [expanded 3576 state(s)]
Best heuristic value: 46/46 [expanded 3805 state(s)]
Best heuristic value: 45/45 [expanded 4047 state(s)]
Best heuristic value: 44/44 [expanded 4048 state(s)]
Best heuristic value: 43/43 [expanded 4205 state(s)]
Best heuristic value: 42/42 [expanded 4427 state(s)]
Best heuristic value: 41/41 [expanded 4428 state(s)]
Best heuristic value: 40/40 [expanded 4626 state(s)]
Best heuristic value: 39/39 [expanded 4864 state(s)]
Best heuristic value: 38/38 [expanded 4865 state(s)]
Best heuristic value: 37/37 [expanded 5204 state(s)]
Best heuristic value: 36/36 [expanded 5367 state(s)]
Best heuristic value: 35/35 [expanded 5539 state(s)]
Best heuristic value: 34/34 [expanded 5540 state(s)]
Best heuristic value: 33/33 [expanded 5717 state(s)]
Best heuristic value: 32/32 [expanded 5807 state(s)]
Best heuristic value: 31/31 [expanded 5940 state(s)]
Best heuristic value: 30/30 [expanded 5941 state(s)]
Best heuristic value: 29/29 [expanded 6209 state(s)]
Best heuristic value: 28/28 [expanded 6383 state(s)]
Best heuristic value: 27/27 [expanded 6384 state(s)]
Best heuristic value: 26/26 [expanded 6531 state(s)]
Best heuristic value: 25/25 [expanded 6961 state(s)]
Best heuristic value: 24/24 [expanded 7222 state(s)]
Best heuristic value: 23/23 [expanded 7223 state(s)]
Best heuristic value: 22/22 [expanded 7542 state(s)]
Best heuristic value: 21/21 [expanded 7579 state(s)]
Best heuristic value: 20/20 [expanded 7649 state(s)]
Best heuristic value: 19/19 [expanded 7650 state(s)]
Best heuristic value: 18/18 [expanded 7698 state(s)]
Best heuristic value: 17/17 [expanded 7699 state(s)]
Best heuristic value: 16/16 [expanded 7842 state(s)]
Best heuristic value: 15/15 [expanded 7881 state(s)]
Best heuristic value: 14/14 [expanded 7919 state(s)]
Best heuristic value: 13/13 [expanded 7920 state(s)]
Best heuristic value: 12/12 [expanded 8120 state(s)]
Best heuristic value: 11/11 [expanded 8150 state(s)]
Best heuristic value: 10/10 [expanded 8187 state(s)]
Best heuristic value: 9/9 [expanded 8188 state(s)]
Best heuristic value: 8/8 [expanded 8267 state(s)]
Best heuristic value: 7/7 [expanded 8291 state(s)]
Best heuristic value: 6/6 [expanded 8361 state(s)]
Best heuristic value: 5/5 [expanded 8387 state(s)]
Best heuristic value: 4/4 [expanded 8388 state(s)]
Best heuristic value: 3/3 [expanded 8427 state(s)]
Best heuristic value: 2/2 [expanded 8439 state(s)]
Best heuristic value: 1/1 [expanded 8452 state(s)]
Solution found!
drive truck5 depot3 market7
buy truck5 goods13 market7 level0 level1 level0 level1
buy truck5 goods3 market7 level0 level1 level0 level1
load goods3 truck5 market7 level0 level1 level0 level1
buy truck5 goods8 market7 level0 level1 level0 level1
load goods8 truck5 market7 level0 level1 level0 level1
buy truck5 goods1 market7 level0 level1 level0 level1
load goods1 truck5 market7 level0 level1 level0 level1
buy truck5 goods9 market7 level1 level2 level0 level1
load goods9 truck5 market7 level0 level1 level0 level1
drive truck5 market7 depot2
unload goods9 truck5 depot2 level0 level1 level0 level1
drive truck4 depot3 market7
load goods13 truck4 market7 level0 level1 level0 level1
buy truck4 goods6 market7 level1 level2 level0 level1
load goods6 truck4 market7 level0 level1 level0 level1
buy truck4 goods19 market7 level0 level1 level0 level1
load goods19 truck4 market7 level0 level1 level0 level1
buy truck4 goods11 market7 level1 level2 level0 level1
load goods11 truck4 market7 level0 level1 level0 level1
buy truck4 goods18 market7 level0 level1 level0 level1
load goods18 truck4 market7 level0 level1 level0 level1
buy truck4 goods7 market7 level0 level1 level0 level1
load goods7 truck4 market7 level0 level1 level0 level1
drive truck6 depot3 market7
buy truck6 goods5 market7 level0 level1 level0 level1
load goods5 truck6 market7 level0 level1 level0 level1
drive truck6 market7 depot2
buy truck4 goods16 market7 level0 level1 level0 level1
load goods16 truck4 market7 level0 level1 level0 level1
drive truck6 depot2 market7
drive truck6 market7 market2
buy truck6 goods2 market2 level0 level1 level0 level1
buy truck6 goods15 market2 level1 level2 level0 level1
load goods15 truck6 market2 level0 level1 level0 level1
drive truck6 market2 market7
drive truck6 market7 depot3
drive truck4 market7 depot2
drive truck2 depot3 market7
drive truck2 market7 market2
load goods2 truck2 market2 level0 level1 level0 level1
drive truck2 market2 market7
drive truck2 market7 depot2
drive truck7 depot1 market8
drive truck3 depot1 market8
drive truck3 market8 market4
drive truck7 market8 market3
buy truck7 goods12 market3 level1 level2 level0 level1
load goods12 truck7 market3 level0 level1 level0 level1
drive truck7 market3 market8
buy truck3 goods10 market4 level0 level1 level0 level1
buy truck3 goods4 market4 level1 level2 level0 level1
load goods4 truck3 market4 level0 level1 level0 level1
drive truck7 market8 depot1
drive truck3 market4 market8
drive truck3 market8 depot1
drive truck7 depot1 market8
drive truck7 market8 market4
load goods10 truck7 market4 level0 level1 level0 level1
drive truck1 depot1 market8
buy truck7 goods14 market4 level1 level2 level0 level1
load goods14 truck7 market4 level0 level1 level0 level1
drive truck7 market4 market8
drive truck7 market8 depot1
drive truck1 market8 market4
buy truck1 goods17 market4 level1 level2 level0 level1
load goods17 truck1 market4 level0 level1 level0 level1
drive truck1 market4 market8
drive truck1 market8 depot1
unload goods6 truck4 depot2 level0 level1 level0 level1
drive truck5 depot2 market7
buy truck5 goods6 market7 level0 level1 level0 level1
load goods6 truck5 market7 level0 level1 level0 level1
drive truck5 market7 depot2
unload goods6 truck5 depot2 level0 level1 level1 level2
unload goods18 truck4 depot2 level0 level1 level0 level1
drive truck3 depot1 market8
buy truck3 goods18 market8 level0 level1 level0 level1
load goods18 truck3 market8 level0 level1 level0 level1
drive truck3 market8 depot1
unload goods18 truck3 depot1 level0 level1 level1 level2
unload goods11 truck4 depot2 level0 level1 level0 level1
drive truck4 depot2 market7
buy truck4 goods11 market7 level0 level1 level0 level1
load goods11 truck4 market7 level0 level1 level0 level1
drive truck4 market7 depot2
unload goods11 truck4 depot2 level0 level1 level1 level2
drive truck8 depot1 market8
buy truck8 goods11 market8 level0 level1 level0 level1
drive truck3 depot1 market8
load goods11 truck3 market8 level0 level1 level0 level1
drive truck3 market8 depot1
unload goods11 truck3 depot1 level0 level1 level2 level3
unload goods1 truck5 depot2 level0 level1 level0 level1
drive truck8 market8 market3
buy truck8 goods1 market3 level1 level2 level0 level1
load goods1 truck8 market3 level0 level1 level0 level1
drive truck8 market3 market8
unload goods7 truck4 depot2 level0 level1 level0 level1
drive truck8 market8 market4
buy truck8 goods7 market4 level0 level1 level0 level1
load goods7 truck8 market4 level0 level1 level0 level1
drive truck8 market4 market8
drive truck8 market8 depot1
unload goods1 truck8 depot1 level0 level1 level1 level2
unload goods7 truck8 depot1 level0 level1 level1 level2
unload goods5 truck6 depot3 level0 level1 level0 level1
drive truck8 depot1 market8
buy truck8 goods5 market8 level0 level1 level0 level1
drive truck5 depot2 market7
load goods5 truck8 market8 level0 level1 level0 level1
drive truck8 market8 depot1
unload goods13 truck4 depot2 level0 level1 level0 level1
drive truck5 market7 market5
buy truck5 goods13 market5 level1 level2 level0 level1
load goods13 truck5 market5 level0 level1 level0 level1
unload goods19 truck4 depot2 level0 level1 level0 level1
buy truck5 goods19 market5 level1 level2 level0 level1
load goods19 truck5 market5 level0 level1 level0 level1
drive truck4 depot2 market7
drive truck5 market5 market7
drive truck5 market7 depot2
unload goods13 truck5 depot2 level0 level1 level1 level2
drive truck4 market7 market5
buy truck4 goods13 market5 level0 level1 level0 level1
load goods13 truck4 market5 level0 level1 level0 level1
unload goods17 truck1 depot1 level0 level1 level0 level1
buy truck4 goods17 market5 level0 level1 level0 level1
load goods17 truck4 market5 level0 level1 level0 level1
drive truck4 market5 market7
drive truck4 market7 depot2
unload goods13 truck4 depot2 level0 level1 level2 level3
unload goods17 truck4 depot2 level0 level1 level1 level2
drive truck8 depot1 market8
drive truck8 market8 market4
buy truck8 goods17 market4 level0 level1 level0 level1
load goods17 truck8 market4 level0 level1 level0 level1
drive truck8 market4 market8
drive truck8 market8 depot1
unload goods17 truck8 depot1 level0 level1 level2 level3
unload goods19 truck5 depot2 level0 level1 level1 level2
drive truck1 depot1 market8
drive truck1 market8 market6
buy truck1 goods19 market6 level1 level2 level0 level1
load goods19 truck1 market6 level0 level1 level0 level1
drive truck1 market6 market8
drive truck1 market8 depot1
unload goods19 truck1 depot1 level0 level1 level2 level3
drive truck7 depot1 market8
drive truck7 market8 market6
buy truck7 goods19 market6 level0 level1 level0 level1
load goods19 truck7 market6 level0 level1 level0 level1
drive truck7 market6 market8
drive truck7 market8 depot1
unload goods19 truck7 depot1 level0 level1 level3 level4
unload goods5 truck8 depot1 level0 level1 level1 level2
drive truck8 depot1 market8
drive truck8 market8 market4
buy truck8 goods5 market4 level1 level2 level0 level1
load goods5 truck8 market4 level0 level1 level0 level1
drive truck8 market4 market8
drive truck8 market8 depot1
unload goods5 truck8 depot1 level0 level1 level2 level3
drive truck8 depot1 market8
drive truck8 market8 market4
buy truck8 goods5 market4 level0 level1 level0 level1
load goods5 truck8 market4 level0 level1 level0 level1
drive truck5 depot2 market7
drive truck8 market4 market8
drive truck8 market8 depot1
unload goods5 truck8 depot1 level0 level1 level3 level4
drive truck5 market7 market5
buy truck5 goods5 market5 level1 level2 level0 level1
load goods5 truck5 market5 level0 level1 level0 level1
drive truck5 market5 market7
drive truck5 market7 depot2
unload goods5 truck5 depot2 level0 level1 level4 level5
unload goods3 truck5 depot2 level0 level1 level0 level1
drive truck8 depot1 market8
drive truck8 market8 market4
buy truck8 goods3 market4 level1 level2 level0 level1
load goods3 truck8 market4 level0 level1 level0 level1
drive truck8 market4 market8
drive truck8 market8 depot1
unload goods3 truck8 depot1 level0 level1 level1 level2
drive truck8 depot1 market8
drive truck8 market8 market4
buy truck8 goods3 market4 level0 level1 level0 level1
load goods3 truck8 market4 level0 level1 level0 level1
drive truck8 market4 market8
drive truck8 market8 depot1
unload goods3 truck8 depot1 level0 level1 level2 level3
drive truck2 depot2 market7
drive truck2 market7 market2
buy truck2 goods3 market2 level1 level2 level0 level1
load goods3 truck2 market2 level0 level1 level0 level1
drive truck2 market2 market7
drive truck2 market7 depot2
unload goods3 truck2 depot2 level0 level1 level3 level4
unload goods16 truck4 depot2 level0 level1 level0 level1
drive truck8 depot1 market8
drive truck8 market8 market6
buy truck8 goods16 market6 level1 level2 level0 level1
load goods16 truck8 market6 level0 level1 level0 level1
drive truck8 market6 market8
drive truck8 market8 depot1
unload goods16 truck8 depot1 level0 level1 level1 level2
drive truck8 depot1 market8
drive truck8 market8 market4
buy truck8 goods16 market4 level0 level1 level0 level1
load goods16 truck8 market4 level0 level1 level0 level1
drive truck8 market4 market8
drive truck8 market8 depot1
unload goods16 truck8 depot1 level0 level1 level2 level3
unload goods8 truck5 depot2 level0 level1 level0 level1
drive truck8 depot1 market8
drive truck8 market8 market6
buy truck8 goods8 market6 level0 level1 level0 level1
load goods8 truck8 market6 level0 level1 level0 level1
drive truck8 market6 market8
drive truck8 market8 depot1
unload goods8 truck8 depot1 level0 level1 level1 level2
drive truck4 depot2 market7
drive truck4 market7 market5
drive truck4 market5 market1
buy truck4 goods8 market1 level1 level2 level0 level1
load goods8 truck4 market1 level0 level1 level0 level1
drive truck4 market1 market5
drive truck4 market5 market7
drive truck4 market7 depot2
unload goods8 truck4 depot2 level0 level1 level2 level3
drive truck4 depot2 market7
drive truck4 market7 market5
drive truck4 market5 market1
buy truck4 goods8 market1 level0 level1 level0 level1
load goods8 truck4 market1 level0 level1 level0 level1
drive truck4 market1 market3
drive truck4 market3 market8
drive truck4 market8 depot1
unload goods8 truck4 depot1 level0 level1 level3 level4
unload goods10 truck7 depot1 level0 level1 level0 level1
drive truck5 depot2 market7
drive truck5 market7 market2
buy truck5 goods10 market2 level1 level2 level0 level1
load goods10 truck5 market2 level0 level1 level0 level1
unload goods12 truck7 depot1 level0 level1 level0 level1
buy truck5 goods12 market2 level1 level2 level0 level1
load goods12 truck5 market2 level0 level1 level0 level1
drive truck5 market2 market7
drive truck5 market7 depot2
unload goods12 truck5 depot2 level0 level1 level1 level2
drive truck8 depot1 market8
drive truck8 market8 market3
buy truck8 goods12 market3 level0 level1 level0 level1
load goods12 truck8 market3 level0 level1 level0 level1
drive truck8 market3 market8
drive truck8 market8 depot1
unload goods12 truck8 depot1 level0 level1 level2 level3
unload goods10 truck5 depot2 level0 level1 level1 level2
drive truck8 depot1 market8
drive truck8 market8 market3
buy truck8 goods10 market3 level1 level2 level0 level1
load goods10 truck8 market3 level0 level1 level0 level1
drive truck8 market3 market8
drive truck8 market8 depot1
unload goods10 truck8 depot1 level0 level1 level2 level3
unload goods2 truck2 depot2 level0 level1 level0 level1
drive truck8 depot1 market8
drive truck8 market8 market4
buy truck8 goods2 market4 level1 level2 level0 level1
load goods2 truck8 market4 level0 level1 level0 level1
drive truck8 market4 market8
drive truck8 market8 depot1
unload goods2 truck8 depot1 level0 level1 level1 level2
drive truck8 depot1 market8
drive truck8 market8 market4
buy truck8 goods2 market4 level0 level1 level0 level1
load goods2 truck8 market4 level0 level1 level0 level1
drive truck8 market4 market8
drive truck8 market8 depot1
unload goods2 truck8 depot1 level0 level1 level2 level3
drive truck2 depot2 market7
drive truck2 market7 market5
buy truck2 goods2 market5 level0 level1 level0 level1
load goods2 truck2 market5 level0 level1 level0 level1
drive truck2 market5 market7
drive truck2 market7 depot2
unload goods2 truck2 depot2 level0 level1 level3 level4
unload goods15 truck6 depot3 level0 level1 level0 level1
drive truck8 depot1 market8
drive truck8 market8 market6
buy truck8 goods15 market6 level1 level2 level0 level1
load goods15 truck8 market6 level0 level1 level0 level1
drive truck8 market6 market8
drive truck8 market8 depot1
unload goods15 truck8 depot1 level0 level1 level1 level2
drive truck8 depot1 market8
drive truck8 market8 market6
buy truck8 goods15 market6 level0 level1 level0 level1
load goods15 truck8 market6 level0 level1 level0 level1
drive truck8 market6 market8
drive truck8 market8 depot1
unload goods15 truck8 depot1 level0 level1 level2 level3
drive truck2 depot2 market7
drive truck2 market7 market2
buy truck2 goods15 market2 level0 level1 level0 level1
load goods15 truck2 market2 level0 level1 level0 level1
drive truck2 market2 market7
drive truck2 market7 depot2
unload goods15 truck2 depot2 level0 level1 level3 level4
unload goods4 truck3 depot1 level0 level1 level0 level1
drive truck2 depot2 market7
drive truck2 market7 market2
buy truck2 goods4 market2 level1 level2 level0 level1
load goods4 truck2 market2 level0 level1 level0 level1
unload goods14 truck7 depot1 level0 level1 level0 level1
buy truck2 goods14 market2 level1 level2 level0 level1
load goods14 truck2 market2 level0 level1 level0 level1
drive truck2 market2 market7
drive truck2 market7 depot2
unload goods14 truck2 depot2 level0 level1 level1 level2
drive truck6 depot3 market7
drive truck6 market7 market2
buy truck6 goods14 market2 level0 level1 level0 level1
load goods14 truck6 market2 level0 level1 level0 level1
drive truck6 market2 market7
drive truck6 market7 depot3
unload goods14 truck6 depot3 level0 level1 level2 level3
drive truck3 depot1 market8
drive truck3 market8 market6
buy truck3 goods14 market6 level0 level1 level0 level1
load goods14 truck3 market6 level0 level1 level0 level1
drive truck3 market6 market8
drive truck3 market8 depot1
unload goods14 truck3 depot1 level0 level1 level3 level4
unload goods4 truck2 depot2 level0 level1 level1 level2
drive truck8 depot1 market8
drive truck8 market8 market3
buy truck8 goods4 market3 level0 level1 level0 level1
load goods4 truck8 market3 level0 level1 level0 level1
drive truck8 market3 market8
drive truck8 market8 depot1
unload goods4 truck8 depot1 level0 level1 level2 level3
drive truck8 depot1 market8
drive truck8 market8 market4
buy truck8 goods4 market4 level0 level1 level0 level1
load goods4 truck8 market4 level0 level1 level0 level1
drive truck8 market4 market8
drive truck8 market8 depot1
unload goods4 truck8 depot1 level0 level1 level3 level4
drive truck6 depot3 market7
drive truck6 market7 market2
buy truck6 goods4 market2 level0 level1 level0 level1
load goods4 truck6 market2 level0 level1 level0 level1
drive truck6 market2 market7
drive truck6 market7 depot3
unload goods4 truck6 depot3 level0 level1 level4 level5
Plan length: 357 step(s).
Expanded 8453 state(s).
Generated 179732 state(s).
Cache hits: 176955082
Cache misses: 134474618
Search time: 16.47 seconds
Total time: 16.85 seconds
__MEMKB 264652
