
ipp: parsing domain file
domain 'MYSTERY-STRIPS' defined
 ... done.
ipp: parsing problem file
problem 'STRIPS-MYSTY-X-2' defined
 ... done.


instantiated 3632 actions


time:   0,   295 facts and       0 exclusive pairs (   35,       0 positives)
             315 ops   and     122 exclusive pairs
time:   1,   345 facts and     326 exclusive pairs (   63,     119 positives)
             450 ops   and    3935 exclusive pairs
time:   2,   405 facts and     799 exclusive pairs (  110,     652 positives)
             746 ops   and   29733 exclusive pairs
time:   3,   477 facts and    2484 exclusive pairs (  182,    2342 positives)
            1300 ops   and  164513 exclusive pairs
time:   4,   551 facts and    2683 exclusive pairs (  256,    2604 positives)
            2567 ops   and  820586 exclusive pairs
time:   5,   585 facts and    1818 exclusive pairs (  290,    1784 positives)

goals first reachable in 5 time steps


found plan as follows:

time step    0: FEAST SATIETY ONION MUFFIN KENTUCKY BOSNIA
                OVERCOME GRIEF-7 ENTERTAINMENT HAM PLUTO JUPITER
time step    1: OVERCOME DEPRESSION-1 SATIETY MUFFIN MERCURY VULCAN
                FEAST ENTERTAINMENT HAM TUNA BOSNIA SURREY
time step    2: FEAST SATIETY MUFFIN TUNA ARIZONA KENTUCKY
                FEAST ENTERTAINMENT TUNA BEEF ARIZONA KENTUCKY
time step    3: SUCCUMB GRIEF-7 ENTERTAINMENT BEEF PLUTO JUPITER
                FEAST SATIETY TUNA BEEF ALSACE ARIZONA
time step    4: SUCCUMB DEPRESSION-1 SATIETY BEEF MERCURY VULCAN



number of actions tried:         19
number of noops tried  :         32

had       0 simple memoizing hits
had       0 partial memoizing hits
had       0 subset memoizing hits

time spent:    0.04 seconds instantiating 3632 operators
               0.02 seconds building graph
               0.17 seconds calculating exclusions
               0.00 seconds searching graph
               0.23 seconds total time

Memory used:   2.19 MBytes for domain representation
              10.20 MBytes for graph
               6.00 MBytes for exclusions
               0.20 MBytes for memoization
               0.00 MBytes for wave front



__MEMKB 22656
