
ipp: parsing domain file
domain 'MYSTERY-STRIPS' defined
 ... done.
ipp: parsing problem file
problem 'STRIPS-MYSTY-X-22' defined
 ... done.


AND has only one son (anymore)
instantiated 40576 actions


time:   0,  1172 facts and       0 exclusive pairs (   68,       0 positives)
            1231 ops   and     332 exclusive pairs
time:   1,  1312 facts and     717 exclusive pairs (  154,     327 positives)
            1655 ops   and   17082 exclusive pairs
time:   2,  1440 facts and    1907 exclusive pairs (  270,    1600 positives)
            2445 ops   and  130394 exclusive pairs
time:   3,  1572 facts and    4769 exclusive pairs (  402,    4392 positives)
            3605 ops   and  463683 exclusive pairs
time:   4,  1687 facts and    7831 exclusive pairs (  517,    7415 positives)
            5352 ops   and 1319651 exclusive pairs
time:   5,  1759 facts and    9711 exclusive pairs (  589,    9312 positives)
            7169 ops   and 2727047 exclusive pairs
time:   6,  1815 facts and   12827 exclusive pairs (  645,   12324 positives)
            7905 ops   and 3392631 exclusive pairs
time:   7,  1829 facts and   13073 exclusive pairs (  659,   12578 positives)
            8178 ops   and 3691208 exclusive pairs
time:   8,  1861 facts and   14187 exclusive pairs (  691,   13662 positives)
            8413 ops   and 3982954 exclusive pairs
time:   9,  1871 facts and   14348 exclusive pairs (  701,   13799 positives)
            8498 ops   and 4032414 exclusive pairs
time:  10,  1871 facts and   12025 exclusive pairs (  701,   11560 positives)
            8505 ops   and 3914121 exclusive pairs
time:  11,  1871 facts and   11409 exclusive pairs (  701,   10964 positives)
            8505 ops   and 3874003 exclusive pairs
time:  12,  1871 facts and   11316 exclusive pairs (  701,   10871 positives)
            8505 ops   and 3858371 exclusive pairs
time:  13,  1871 facts and   11296 exclusive pairs (  701,   10851 positives)

graph has leveled off at time step 14

            8505 ops   and 3854543 exclusive pairs
time:  14,  1871 facts and   11296 exclusive pairs (  701,   10851 positives)

problem unsolvable: can't reach non exclusive goals


time spent:    0.74 seconds instantiating 40576 operators
               0.11 seconds building graph
               5.97 seconds calculating exclusions

Memory used:  30.42 MBytes for domain representation
              49.54 MBytes for graph
              68.60 MBytes for exclusions
               2.27 MBytes for memoization
               0.00 MBytes for wave front



__MEMKB 273920
