
ipp: parsing domain file
domain 'MYSTERY-STRIPS' defined
 ... done.
ipp: parsing problem file
problem 'STRIPS-MYSTY-X-15' defined
 ... done.


AND has only one son (anymore)
instantiated 18788 actions


time:   0,   766 facts and       0 exclusive pairs (   52,       0 positives)
             799 ops   and     167 exclusive pairs
time:   1,   851 facts and     372 exclusive pairs (  102,     159 positives)
            1008 ops   and    4379 exclusive pairs
time:   2,   940 facts and     931 exclusive pairs (  174,     707 positives)
            1449 ops   and   37642 exclusive pairs
time:   3,  1030 facts and    2185 exclusive pairs (  264,    1998 positives)
            2215 ops   and  188171 exclusive pairs
time:   4,  1165 facts and    5741 exclusive pairs (  399,    5487 positives)
            3791 ops   and  835846 exclusive pairs
time:   5,  1279 facts and    7836 exclusive pairs (  513,    7615 positives)
            6139 ops   and 2512430 exclusive pairs
time:   6,  1351 facts and    8479 exclusive pairs (  585,    8279 positives)

goals first reachable in 6 time steps


found plan as follows:

time step    0: OVERCOME JEALOUSY SATISFACTION PISTACHIO NEPTUNE EARTH
                FEAST EMPATHY ONION HAROSET OREGON GOIAS
                FEAST SATIETY HAROSET LEMON SURREY MORAVIA
                FEAST EXPECTATION LAMB COD ALSACE ARIZONA
                FEAST UNDERSTANDING COD LEMON PENNSYLVANIA QUEBEC
                FEAST LEARNING BROCCOLI PISTACHIO SURREY MORAVIA
time step    1: FEAST SATISFACTION PISTACHIO BROCCOLI SURREY MORAVIA
                FEAST SATIETY LEMON COD BAVARIA ALSACE
                FEAST EXPECTATION COD LEMON BOSNIA PENNSYLVANIA
                FEAST EMPATHY HAROSET LEMON GOIAS SURREY
time step    2: FEAST EMPATHY LEMON COD MORAVIA BAVARIA
                FEAST SATIETY COD LEMON MANITOBA BOSNIA
                FEAST SATISFACTION BROCCOLI LEMON GOIAS SURREY
time step    3: FEAST SATISFACTION LEMON COD SURREY MORAVIA
                FEAST EMPATHY COD LEMON ARIZONA MANITOBA
time step    4: FEAST SATISFACTION COD CHICKEN ALSACE ARIZONA
time step    5: SUCCUMB JEALOUSY SATISFACTION CHICKEN NEPTUNE EARTH



number of actions tried:         17
number of noops tried  :         11

had       0 simple memoizing hits
had       0 partial memoizing hits
had       0 subset memoizing hits

time spent:    0.29 seconds instantiating 18788 operators
               0.03 seconds building graph
               1.96 seconds calculating exclusions
               0.00 seconds searching graph
               2.28 seconds total time

Memory used:  12.52 MBytes for domain representation
              25.34 MBytes for graph
              26.71 MBytes for exclusions
               1.05 MBytes for memoization
               0.00 MBytes for wave front



__MEMKB 86272
