
ipp: parsing domain file
domain 'MYSTERY-STRIPS' defined
 ... done.
ipp: parsing problem file
problem 'STRIPS-MYSTY-X-4' defined
 ... done.


AND has only one son (anymore)
instantiated 237 actions


time:   0,   130 facts and       0 exclusive pairs (   17,       0 positives)
             132 ops   and       9 exclusive pairs
time:   1,   135 facts and      13 exclusive pairs (   20,       7 positives)
             143 ops   and     118 exclusive pairs
time:   2,   142 facts and      61 exclusive pairs (   25,      34 positives)
             166 ops   and     705 exclusive pairs
time:   3,   160 facts and     361 exclusive pairs (   36,     164 positives)
             198 ops   and    2168 exclusive pairs
time:   4,   172 facts and     606 exclusive pairs (   43,     257 positives)
             236 ops   and    4813 exclusive pairs
time:   5,   188 facts and    1015 exclusive pairs (   58,     612 positives)
             285 ops   and   10047 exclusive pairs
time:   6,   205 facts and    1561 exclusive pairs (   75,    1169 positives)
             337 ops   and   17429 exclusive pairs
time:   7,   218 facts and    1884 exclusive pairs (   88,    1604 positives)
             375 ops   and   23510 exclusive pairs
time:   8,   228 facts and    2035 exclusive pairs (   98,    1845 positives)
             402 ops   and   27541 exclusive pairs
time:   9,   230 facts and    1549 exclusive pairs (  100,    1404 positives)
             404 ops   and   25691 exclusive pairs
time:  10,   230 facts and    1152 exclusive pairs (  100,    1030 positives)
             404 ops   and   24150 exclusive pairs
time:  11,   230 facts and     911 exclusive pairs (  100,     804 positives)
             404 ops   and   23426 exclusive pairs
time:  12,   230 facts and     853 exclusive pairs (  100,     753 positives)
             404 ops   and   23284 exclusive pairs
time:  13,   230 facts and     817 exclusive pairs (  100,     723 positives)

graph has leveled off at time step 14

             404 ops   and   23218 exclusive pairs
time:  14,   230 facts and     817 exclusive pairs (  100,     723 positives)

problem unsolvable: can't reach non exclusive goals


time spent:    0.00 seconds instantiating 237 operators
               0.01 seconds building graph
               0.00 seconds calculating exclusions

Memory used:   0.16 MBytes for domain representation
               4.09 MBytes for graph
               0.32 MBytes for exclusions
               0.01 MBytes for memoization
               0.00 MBytes for wave front



__MEMKB 7040
