
ipp: parsing domain file
domain 'MYSTERY-STRIPS' defined
 ... done.
ipp: parsing problem file
problem 'STRIPS-MYSTY-X-29' defined
 ... done.


instantiated 1312 actions


time:   0,   198 facts and       0 exclusive pairs (   22,       0 positives)
             207 ops   and      52 exclusive pairs
time:   1,   221 facts and     133 exclusive pairs (   35,      51 positives)
             260 ops   and    1280 exclusive pairs
time:   2,   246 facts and     404 exclusive pairs (   54,     256 positives)
             351 ops   and    6666 exclusive pairs
time:   3,   276 facts and     828 exclusive pairs (   81,     749 positives)
             523 ops   and   29572 exclusive pairs
time:   4,   302 facts and    1020 exclusive pairs (  106,     956 positives)

goals first reachable in 4 time steps


found plan as follows:

time step    0: OVERCOME JEALOUSY EXCITEMENT PORK NEPTUNE URANUS
time step    1: FEAST EXCITEMENT PORK BROCCOLI MANITOBA BAVARIA
time step    2: FEAST EXCITEMENT BROCCOLI SHRIMP PENNSYLVANIA ALSACE
time step    3: SUCCUMB JEALOUSY EXCITEMENT SHRIMP NEPTUNE URANUS



number of actions tried:          4
number of noops tried  :          9

had       0 simple memoizing hits
had       0 partial memoizing hits
had       0 subset memoizing hits

time spent:    0.01 seconds instantiating 1312 operators
               0.00 seconds building graph
               0.01 seconds calculating exclusions
               0.00 seconds searching graph
               0.02 seconds total time

Memory used:   0.78 MBytes for domain representation
               3.10 MBytes for graph
               0.30 MBytes for exclusions
               0.07 MBytes for memoization
               0.00 MBytes for wave front



__MEMKB 6144
