
Parsing domain..... grounded-pathways-propositional..... done.
Parsing problem..... grounded-pathways-02..... done.
Computing domains..... done.
Instantiating actions..... done.
Computing final representation..... done.

Parsing time : 0.00
Domains creation  time : 0.00
Instantiation time : 0.00 -> 80 candidates, 80 actions
Finalization time : 0.00 -> 70 fluents, 13 init

12 10 8 

0: (CHOOSE_E2F13P1-DP12_L1_L0) [1]
1: (INITIALIZE_E2F13P1-DP12) [1]
2: (CHOOSE_E2F4-DP12P1_L2_L1) [1]
3: (INITIALIZE_E2F4-DP12P1) [1]
4: (CHOOSE_GE2_L3_L2) [1]
5: (INITIALIZE_GE2) [1]
6: (ASSOCIATE_E2F13P1-DP12_GE2_E2F13P1-DP12-GE2) [1]
7: (SYNTHESIZE_E2F13P1-DP12-GE2_P107) [1]
8: (SYNTHESIZE_E2F13P1-DP12-GE2_CYCDP1) [1]
9: (ASSOCIATE_P107_E2F4-DP12P1_P107-E2F4-DP12P1) [1]
10: (DUMMY-ACTION-2-2) [1]
11: (DUMMY-ACTION-1-1) [1]

Valid plan : 12 actions.
Computed nodes : 12
Evaluated nodes : 4
Developed nodes : 0
Useful nodes : 0

Lookahead utility : 40.00 %
Preparation time : 0.00
Search time : 0.00
Total time : 0.00

__MEMKB 2560
