
Parsing domain..... grounded-pathways-propositional..... done.
Parsing problem..... grounded-pathways-03..... done.
Computing domains..... done.
Instantiating actions..... done.
Computing final representation..... done.

Parsing time : 0.00
Domains creation  time : 0.00
Instantiation time : 0.00 -> 118 candidates, 118 actions
Finalization time : 0.00 -> 99 fluents, 20 init

21 19 17 12 5 

0: (CHOOSE_CDK46P1_L1_L0) [1]
1: (INITIALIZE_CDK46P1) [1]
2: (CHOOSE_SP1_L2_L1) [1]
3: (CHOOSE_GP_L3_L2) [1]
4: (INITIALIZE_SP1) [1]
5: (INITIALIZE_GP) [1]
6: (ASSOCIATE_SP1_GP_SP1-GP) [1]
7: (SYNTHESIZE_SP1-GP_CYCD) [1]
8: (SYNTHESIZE_SP1-GP_P107) [1]
9: (SYNTHESIZE_SP1-GP_CYCA) [1]
10: (ASSOCIATE_CDK46P1_CYCD_CDK46P1-CYCD) [1]
11: (DUMMY-ACTION-2-2) [1]
12: (DUMMY-ACTION-3-2) [1]
13: (INITIALIZE_SP1) [1]
14: (INITIALIZE_GP) [1]
15: (ASSOCIATE_SP1_P107_SP1-P107) [1]
16: (ASSOCIATE_SP1-P107_GP_SP1-P107-GP) [1]
17: (DUMMY-ACTION-1-1) [1]

Valid plan : 18 actions.
Computed nodes : 102
Evaluated nodes : 46
Developed nodes : 3
Useful nodes : 2

Lookahead utility : 15.09 %
Preparation time : 0.00
Search time : 0.00
Total time : 0.00

__MEMKB 2688
