
Parsing domain..... grounded-pathways-propositional..... done.
Parsing problem..... grounded-pathways-04..... done.
Computing domains..... done.
Instantiating actions..... done.
Computing final representation..... done.

Parsing time : 0.00
Domains creation  time : 0.00
Instantiation time : 0.00 -> 153 candidates, 153 actions
Finalization time : 0.00 -> 119 fluents, 23 init

19 17 15 13 5 

0: (CHOOSE_CDK2_L1_L0) [1]
1: (INITIALIZE_CDK2) [1]
2: (CHOOSE_SP1_L2_L1) [1]
3: (CHOOSE_GP_L3_L2) [1]
4: (INITIALIZE_SP1) [1]
5: (INITIALIZE_GP) [1]
6: (ASSOCIATE_SP1_GP_SP1-GP) [1]
7: (SYNTHESIZE_SP1-GP_P107P1) [1]
8: (SYNTHESIZE_SP1-GP_CYCEP1) [1]
9: (SYNTHESIZE_SP1-GP_P107) [1]
10: (SYNTHESIZE_SP1-GP_POL) [1]
11: (DUMMY-ACTION-4-2) [1]
12: (DUMMY-ACTION-2-2) [1]
13: (DUMMY-ACTION-1-2) [1]
14: (INITIALIZE_SP1) [1]
15: (INITIALIZE_GP) [1]
16: (ASSOCIATE_SP1_P107P1_SP1-P107P1) [1]
17: (ASSOCIATE_SP1-P107P1_GP_SP1-P107P1-GP) [1]
18: (DUMMY-ACTION-3-2) [1]

Valid plan : 19 actions.
Computed nodes : 111
Evaluated nodes : 49
Developed nodes : 3
Useful nodes : 2

Lookahead utility : 15.60 %
Preparation time : 0.00
Search time : 0.00
Total time : 0.00

__MEMKB 2816
