
Parsing domain..... grounded-pathways-propositional..... done.
Parsing problem..... grounded-pathways-15..... done.
Computing domains..... done.
Instantiating actions..... done.
Computing final representation..... done.

Parsing time : 0.01
Domains creation  time : 0.00
Instantiation time : 0.00 -> 1174 candidates, 1174 actions
Finalization time : 0.00 -> 317 fluents, 46 init

93 91 89 87 85 83 81 79 70 55 48 45 44 37 24 14 3 

0: (CHOOSE_CDK2_L1_L0) [1]
1: (INITIALIZE_CDK2) [1]
2: (CHOOSE_CDK46P1_L2_L1) [1]
3: (INITIALIZE_CDK46P1) [1]
4: (CHOOSE_DMP1_L3_L2) [1]
5: (INITIALIZE_DMP1) [1]
6: (CHOOSE_E2F13_L4_L3) [1]
7: (INITIALIZE_E2F13) [1]
8: (CHOOSE_E2F13P1-DP12_L5_L4) [1]
9: (INITIALIZE_E2F13P1-DP12) [1]
10: (CHOOSE_E2F5-DP12P1_L6_L5) [1]
11: (INITIALIZE_E2F5-DP12P1) [1]
12: (CHOOSE_GCDC25A_L7_L6) [1]
13: (INITIALIZE_GCDC25A) [1]
14: (CHOOSE_GE2_L8_L7) [1]
15: (INITIALIZE_GE2) [1]
16: (ASSOCIATE_E2F13P1-DP12_GE2_E2F13P1-DP12-GE2) [1]
17: (SYNTHESIZE_E2F13P1-DP12-GE2_C-MYC) [1]
18: (SYNTHESIZE_E2F13P1-DP12-GE2_CYCA) [1]
19: (SYNTHESIZE_E2F13P1-DP12-GE2_CYCE) [1]
20: (SYNTHESIZE_E2F13P1-DP12-GE2_CYCEP1) [1]
21: (DUMMY-ACTION-8-2) [1]
22: (ASSOCIATE_CDK2_CYCA_CDK2-CYCA) [1]
23: (SYNTHESIZE_E2F13P1-DP12-GE2_CYCD) [1]
24: (SYNTHESIZE_E2F13P1-DP12-GE2_CYCDP1) [1]
25: (ASSOCIATE_CDK46P1_CYCD_CDK46P1-CYCD) [1]
26: (ASSOCIATE_DMP1_CYCDP1_DMP1-CYCDP1) [1]
27: (DUMMY-ACTION-13-2) [1]
28: (CHOOSE_MAX_L9_L8) [1]
29: (INITIALIZE_CDK2) [1]
30: (INITIALIZE_MAX) [1]
31: (INITIALIZE_GE2) [1]
32: (ASSOCIATE_CDK2_CYCEP1_CDK2-CYCEP1) [1]
33: (ASSOCIATE_C-MYC_MAX_C-MYC-MAX) [1]
34: (ASSOCIATE_C-MYC-MAX_GCDC25A_C-MYC-MAX-GCDC25A) [1]
35: (SYNTHESIZE_C-MYC-MAX-GCDC25A_CDC25A) [1]
36: (DUMMY-ACTION-9-2) [1]
37: (INITIALIZE_CDK46P1) [1]
38: (SYNTHESIZE_E2F13P1-DP12-GE2_CYCD) [1]
39: (SYNTHESIZE_E2F13P1-DP12-GE2_CYCDP1) [1]
40: (DUMMY-ACTION-15-2) [1]
41: (CHOOSE_P130_L10_L9) [1]
42: (INITIALIZE_CDK2) [1]
43: (INITIALIZE_P130) [1]
44: (ASSOCIATE_P130_E2F5-DP12P1_P130-E2F5-DP12P1) [1]
45: (ASSOCIATE_CDK2_CYCE_CDK2-CYCE) [1]
46: (ASSOCIATE_P130-E2F5-DP12P1_GE2_P130-E2F5-DP12P1-GE2) [1]
47: (DUMMY-ACTION-10-2) [1]
48: (CHOOSE_P130-E2F4P1-DP12_L11_L10) [1]
49: (INITIALIZE_P130-E2F4P1-DP12) [1]
50: (INITIALIZE_GE2) [1]
51: (CHOOSE_P53_L12_L11) [1]
52: (INITIALIZE_P53) [1]
53: (SYNTHESIZE_P53_P21) [1]
54: (ASSOCIATE_P21_CDK2-CYCA_P21-CDK2-CYCA) [1]
55: (DUMMY-ACTION-19-2) [1]
56: (CHOOSE_P57P1_L13_L12) [1]
57: (SYNTHESIZE_E2F13P1-DP12-GE2_CYCA) [1]
58: (INITIALIZE_CDK2) [1]
59: (SYNTHESIZE_P53_P21) [1]
60: (ASSOCIATE_CDK2_CYCA_CDK2-CYCA) [1]
61: (ASSOCIATE_P21_CDK2-CYCEP1_P21-CDK2-CYCEP1) [1]
62: (INITIALIZE_P57P1) [1]
63: (DUMMY-ACTION-16-1) [1]
64: (CHOOSE_PCNA_L14_L13) [1]
65: (SYNTHESIZE_P53_P21) [1]
66: (INITIALIZE_PCNA) [1]
67: (ASSOCIATE_PCNA_P21_PCNA-P21) [1]
68: (ASSOCIATE_PCNA-P21_CDK2-CYCE_PCNA-P21-CDK2-CYCE) [1]
69: (DUMMY-ACTION-1-2) [1]
70: (CHOOSE_RAF1_L15_L14) [1]
71: (SYNTHESIZE_P53_P21) [1]
72: (SYNTHESIZE_E2F13P1-DP12-GE2_CYCEP1) [1]
73: (INITIALIZE_CDK2) [1]
74: (INITIALIZE_PCNA) [1]
75: (INITIALIZE_RAF1) [1]
76: (ASSOCIATE_CDK2_CYCEP1_CDK2-CYCEP1) [1]
77: (ASSOCIATE-WITH-CATALYZE_CDC25A_RAF1_CDC25AP1) [1]
78: (ASSOCIATE_RAF1_P130-E2F4P1-DP12_RAF1-P130-E2F4P1-DP12) [1]
79: (DUMMY-ACTION-6-2) [1]
80: (ASSOCIATE-WITH-CATALYZE_CDK46P1_CDC25AP1_CDK46) [1]
81: (DUMMY-ACTION-3-2) [1]
82: (ASSOCIATE_RAF1-P130-E2F4P1-DP12_GE2_RAF1-P130-E2F4P1-DP12-GE2) [1]
83: (ASSOCIATE_PCNA_P21_PCNA-P21) [1]
84: (ASSOCIATE_CDK46_CYCDP1_CDK46-CYCDP1) [1]
85: (ASSOCIATE_P57P1_CDK46-CYCDP1_P57P1-CDK46-CYCDP1) [1]
86: (ASSOCIATE_PCNA-P21_CDK46P1-CYCD_PCNA-P21-CDK46P1-CYCD) [1]
87: (DUMMY-ACTION-2-2) [1]
88: (DUMMY-ACTION-5-2) [1]
89: (DUMMY-ACTION-17-2) [1]
90: (CHOOSE_SKP2_L16_L15) [1]
91: (SYNTHESIZE_P53_P21) [1]
92: (INITIALIZE_CDK46P1) [1]
93: (INITIALIZE_RAF1) [1]
94: (SYNTHESIZE_C-MYC-MAX-GCDC25A_CDC25A) [1]
95: (INITIALIZE_PCNA) [1]
96: (ASSOCIATE-WITH-CATALYZE_CDK46P1_CDC25AP1_CDK46) [1]
97: (INITIALIZE_SKP2) [1]
98: (ASSOCIATE_RAF1_CDC25A_RAF1-CDC25A) [1]
99: (ASSOCIATE_PCNA_P21_PCNA-P21) [1]
100: (ASSOCIATE_CDK46_CYCD_CDK46-CYCD) [1]
101: (ASSOCIATE_SKP2_CDK2-CYCA_SKP2-CDK2-CYCA) [1]
102: (ASSOCIATE_PCNA-P21_CDK2-CYCEP1_PCNA-P21-CDK2-CYCEP1) [1]
103: (DUMMY-ACTION-7-1) [1]
104: (DUMMY-ACTION-14-2) [1]
105: (DUMMY-ACTION-11-2) [1]
106: (CHOOSE_WEE1_L17_L16) [1]
107: (SYNTHESIZE_P53_P21) [1]
108: (SYNTHESIZE_E2F13P1-DP12-GE2_CYCA) [1]
109: (INITIALIZE_CDK2) [1]
110: (INITIALIZE_PCNA) [1]
111: (ASSOCIATE_CDK2_CYCA_CDK2-CYCA) [1]
112: (INITIALIZE_WEE1) [1]
113: (ASSOCIATE_P21_CDK46-CYCD_P21-CDK46-CYCD) [1]
114: (ASSOCIATE-WITH-CATALYZE_CDK2-CYCA_WEE1_CDK2P1-CYCA) [1]
115: (DUMMY-ACTION-18-2) [1]
116: (DUMMY-ACTION-4-1) [1]
117: (SYNTHESIZE_P53_P21) [1]
118: (ASSOCIATE_P21_CDK2P1-CYCA_P21-CDK2P1-CYCA) [1]
119: (DUMMY-ACTION-12-2) [1]

Valid plan : 120 actions.
Computed nodes : 120
Evaluated nodes : 19
Developed nodes : 0
Useful nodes : 0

Lookahead utility : 11.27 %
Preparation time : 0.01
Search time : 0.00
Total time : 0.01

__MEMKB 4480
