
Parsing domain..... grounded-pathways-propositional..... done.
Parsing problem..... grounded-pathways-23..... done.
Computing domains..... done.
Instantiating actions..... done.
Computing final representation..... done.

Parsing time : 0.01
Domains creation  time : 0.00
Instantiation time : 0.01 -> 2035 candidates, 2035 actions
Finalization time : 0.00 -> 451 fluents, 62 init

134 132 130 128 126 124 122 120 118 116 114 110 108 98 87 80 75 64 60 54 41 35 27 11 3 

0: (CHOOSE_CDC25C_L1_L0) [1]
1: (INITIALIZE_CDC25C) [1]
2: (CHOOSE_CDK1P1P2_L2_L1) [1]
3: (INITIALIZE_CDK1P1P2) [1]
4: (CHOOSE_CDK2_L3_L2) [1]
5: (INITIALIZE_CDK2) [1]
6: (CHOOSE_CDK2P1_L4_L3) [1]
7: (INITIALIZE_CDK2P1) [1]
8: (CHOOSE_CDK46P1_L5_L4) [1]
9: (INITIALIZE_CDK46P1) [1]
10: (CHOOSE_CDK46P3-CYCD_L6_L5) [1]
11: (INITIALIZE_CDK46P3-CYCD) [1]
12: (CHOOSE_CEBP_L7_L6) [1]
13: (INITIALIZE_CEBP) [1]
14: (CHOOSE_DMP1_L8_L7) [1]
15: (INITIALIZE_DMP1) [1]
16: (CHOOSE_DP12_L9_L8) [1]
17: (INITIALIZE_DP12) [1]
18: (CHOOSE_E2F13-DP12_L10_L9) [1]
19: (INITIALIZE_E2F13-DP12) [1]
20: (CHOOSE_E2F4_L11_L10) [1]
21: (INITIALIZE_E2F4) [1]
22: (ASSOCIATE_E2F4_DP12_E2F4-DP12) [1]
23: (CHOOSE_E2F5_L12_L11) [1]
24: (INITIALIZE_DP12) [1]
25: (INITIALIZE_E2F5) [1]
26: (ASSOCIATE_E2F5_DP12_E2F5-DP12) [1]
27: (CHOOSE_GE2_L13_L12) [1]
28: (INITIALIZE_GE2) [1]
29: (ASSOCIATE_E2F5-DP12_GE2_E2F5-DP12-GE2) [1]
30: (SYNTHESIZE_E2F5-DP12-GE2_CYCA) [1]
31: (SYNTHESIZE_E2F5-DP12-GE2_CYCD) [1]
32: (SYNTHESIZE_E2F5-DP12-GE2_CYCDP1) [1]
33: (SYNTHESIZE_E2F5-DP12-GE2_CYCE) [1]
34: (SYNTHESIZE_E2F5-DP12-GE2_CYCEP1) [1]
35: (SYNTHESIZE_E2F5-DP12-GE2_P107) [1]
36: (ASSOCIATE_CDK2_CYCA_CDK2-CYCA) [1]
37: (ASSOCIATE_CDK2P1_CYCE_CDK2P1-CYCE) [1]
38: (ASSOCIATE_CDK46P1_CYCDP1_CDK46P1-CYCDP1) [1]
39: (DUMMY-ACTION-17-2) [1]
40: (ASSOCIATE_DMP1_CYCD_DMP1-CYCD) [1]
41: (DUMMY-ACTION-10-2) [1]
42: (CHOOSE_E2F4-DP12P1_L14_L13) [1]
43: (SYNTHESIZE_E2F5-DP12-GE2_CYCA) [1]
44: (SYNTHESIZE_E2F5-DP12-GE2_CYCD) [1]
45: (SYNTHESIZE_E2F5-DP12-GE2_CYCE) [1]
46: (INITIALIZE_CDK2) [1]
47: (INITIALIZE_CDK2P1) [1]
48: (INITIALIZE_CDK46P1) [1]
49: (INITIALIZE_DP12) [1]
50: (INITIALIZE_E2F5) [1]
51: (ASSOCIATE_P107_E2F4-DP12_P107-E2F4-DP12) [1]
52: (ASSOCIATE_CDK2_CYCEP1_CDK2-CYCEP1) [1]
53: (ASSOCIATE_CDK46P1_CYCD_CDK46P1-CYCD) [1]
54: (ASSOCIATE_E2F5_DP12_E2F5-DP12) [1]
55: (INITIALIZE_E2F4-DP12P1) [1]
56: (ASSOCIATE_CDK2P1_CYCA_CDK2P1-CYCA) [1]
57: (INITIALIZE_GE2) [1]
58: (DUMMY-ACTION-5-1) [1]
59: (CHOOSE_GP_L15_L14) [1]
60: (SYNTHESIZE_E2F5-DP12-GE2_CYCEP1) [1]
61: (INITIALIZE_CDK2) [1]
62: (INITIALIZE_CDK2P1) [1]
63: (INITIALIZE_DP12) [1]
64: (INITIALIZE_E2F4) [1]
65: (SYNTHESIZE_E2F5-DP12-GE2_P107) [1]
66: (ASSOCIATE_P107_E2F4-DP12P1_P107-E2F4-DP12P1) [1]
67: (INITIALIZE_GP) [1]
68: (ASSOCIATE_CDK2_CYCE_CDK2-CYCE) [1]
69: (ASSOCIATE_E2F4_DP12_E2F4-DP12) [1]
70: (ASSOCIATE_P107-E2F4-DP12P1_GE2_P107-E2F4-DP12P1-GE2) [1]
71: (ASSOCIATE_CDK2P1_CYCEP1_CDK2P1-CYCEP1) [1]
72: (DUMMY-ACTION-22-2) [1]
73: (DUMMY-ACTION-2-2) [1]
74: (CHOOSE_HDAC1_L16_L15) [1]
75: (INITIALIZE_E2F4-DP12P1) [1]
76: (SYNTHESIZE_E2F5-DP12-GE2_P107) [1]
77: (ASSOCIATE_P107_E2F4-DP12P1_P107-E2F4-DP12P1) [1]
78: (INITIALIZE_HDAC1) [1]
79: (ASSOCIATE_HDAC1_P107-E2F4-DP12_HDAC1-P107-E2F4-DP12) [1]
80: (DUMMY-ACTION-9-2) [1]
81: (INITIALIZE_GE2) [1]
82: (ASSOCIATE_HDAC1-P107-E2F4-DP12_GE2_HDAC1-P107-E2F4-DP12-GE2) [1]
83: (DUMMY-ACTION-1-2) [1]
84: (CHOOSE_P130_L17_L16) [1]
85: (SYNTHESIZE_E2F5-DP12-GE2_P107) [1]
86: (INITIALIZE_P130) [1]
87: (INITIALIZE_HDAC1) [1]
88: (ASSOCIATE_P130_E2F4-DP12_P130-E2F4-DP12) [1]
89: (DUMMY-ACTION-6-1) [1]
90: (INITIALIZE_GE2) [1]
91: (ASSOCIATE_HDAC1_P107-E2F4-DP12P1_HDAC1-P107-E2F4-DP12P1) [1]
92: (ASSOCIATE_P130-E2F4-DP12_GE2_P130-E2F4-DP12-GE2) [1]
93: (DUMMY-ACTION-24-2) [1]
94: (DUMMY-ACTION-14-1) [1]
95: (CHOOSE_P27_L18_L17) [1]
96: (INITIALIZE_P130) [1]
97: (INITIALIZE_DP12) [1]
98: (INITIALIZE_E2F4) [1]
99: (INITIALIZE_HDAC1) [1]
100: (INITIALIZE_P27) [1]
101: (ASSOCIATE_P130_E2F5-DP12_P130-E2F5-DP12) [1]
102: (ASSOCIATE_E2F4_DP12_E2F4-DP12) [1]
103: (ASSOCIATE_HDAC1_P130-E2F5-DP12_HDAC1-P130-E2F5-DP12) [1]
104: (ASSOCIATE_P27_CDK46P1-CYCDP1_P27-CDK46P1-CYCDP1) [1]
105: (DUMMY-ACTION-16-2) [1]
106: (INITIALIZE_GE2) [1]
107: (DUMMY-ACTION-29-1) [1]
108: (ASSOCIATE_HDAC1-P130-E2F5-DP12_GE2_HDAC1-P130-E2F5-DP12-GE2) [1]
109: (DUMMY-ACTION-25-2) [1]
110: (CHOOSE_P53_L19_L18) [1]
111: (INITIALIZE_P27) [1]
112: (INITIALIZE_P130) [1]
113: (ASSOCIATE_P130_E2F4-DP12_P130-E2F4-DP12) [1]
114: (INITIALIZE_P53) [1]
115: (ASSOCIATE_P27_CDK2-CYCA_P27-CDK2-CYCA) [1]
116: (SYNTHESIZE_P53_P21) [1]
117: (ASSOCIATE_P21_CDK2-CYCE_P21-CDK2-CYCE) [1]
118: (INITIALIZE_GE2) [1]
119: (DUMMY-ACTION-28-2) [1]
120: (DUMMY-ACTION-3-1) [1]
121: (CHOOSE_P57_L20_L19) [1]
122: (SYNTHESIZE_E2F5-DP12-GE2_CYCA) [1]
123: (SYNTHESIZE_E2F5-DP12-GE2_CYCDP1) [1]
124: (SYNTHESIZE_E2F5-DP12-GE2_CYCE) [1]
125: (INITIALIZE_P27) [1]
126: (INITIALIZE_CDK2) [1]
127: (INITIALIZE_CDK46P1) [1]
128: (SYNTHESIZE_P53_P21) [1]
129: (ASSOCIATE_CDK2_CYCA_CDK2-CYCA) [1]
130: (INITIALIZE_P57) [1]
131: (ASSOCIATE_P27_CDK2-CYCEP1_P27-CDK2-CYCEP1) [1]
132: (ASSOCIATE_CDK46P1_CYCDP1_CDK46P1-CYCDP1) [1]
133: (ASSOCIATE_P21_CDK2-CYCA_P21-CDK2-CYCA) [1]
134: (ASSOCIATE_P57_CDK46P1-CYCD_P57-CDK46P1-CYCD) [1]
135: (DUMMY-ACTION-19-2) [1]
136: (DUMMY-ACTION-21-2) [1]
137: (DUMMY-ACTION-7-1) [1]
138: (CHOOSE_P57P1_L21_L20) [1]
139: (SYNTHESIZE_E2F5-DP12-GE2_CYCA) [1]
140: (SYNTHESIZE_E2F5-DP12-GE2_CYCD) [1]
141: (SYNTHESIZE_E2F5-DP12-GE2_CYCEP1) [1]
142: (INITIALIZE_P27) [1]
143: (INITIALIZE_CDK2) [1]
144: (INITIALIZE_CDK46P1) [1]
145: (SYNTHESIZE_P53_P21) [1]
146: (INITIALIZE_P57) [1]
147: (ASSOCIATE_CDK2_CYCA_CDK2-CYCA) [1]
148: (ASSOCIATE_CDK46P1_CYCD_CDK46P1-CYCD) [1]
149: (INITIALIZE_P57P1) [1]
150: (ASSOCIATE_P27_CDK2P1-CYCE_P27-CDK2P1-CYCE) [1]
151: (ASSOCIATE_P57P1_CDK46P1-CYCD_P57P1-CDK46P1-CYCD) [1]
152: (DUMMY-ACTION-8-1) [1]
153: (DUMMY-ACTION-26-1) [1]
154: (CHOOSE_PCNA_L22_L21) [1]
155: (INITIALIZE_CDK2) [1]
156: (INITIALIZE_CDK2P1) [1]
157: (ASSOCIATE_CDK2_CYCEP1_CDK2-CYCEP1) [1]
158: (ASSOCIATE_CDK2P1_CYCE_CDK2P1-CYCE) [1]
159: (INITIALIZE_PCNA) [1]
160: (ASSOCIATE_PCNA_P21_PCNA-P21) [1]
161: (ASSOCIATE_P57_CDK2-CYCEP1_P57-CDK2-CYCEP1) [1]
162: (ASSOCIATE_PCNA-P21_CDK46P1-CYCDP1_PCNA-P21-CDK46P1-CYCDP1) [1]
163: (DUMMY-ACTION-23-1) [1]
164: (DUMMY-ACTION-18-1) [1]
165: (CHOOSE_PRB_L23_L22) [1]
166: (SYNTHESIZE_E2F5-DP12-GE2_CYCE) [1]
167: (SYNTHESIZE_P53_GADD45) [1]
168: (SYNTHESIZE_P53_P21) [1]
169: (INITIALIZE_CDK2) [1]
170: (INITIALIZE_PCNA) [1]
171: (INITIALIZE_P57) [1]
172: (ASSOCIATE_CDK2_CYCE_CDK2-CYCE) [1]
173: (ASSOCIATE_PCNA_P21_PCNA-P21) [1]
174: (INITIALIZE_PRB) [1]
175: (ASSOCIATE_P57_CDK2P1-CYCE_P57-CDK2P1-CYCE) [1]
176: (ASSOCIATE-WITH-CATALYZE_PRB_CDK46P3-CYCD_PRBP1) [1]
177: (ASSOCIATE_PCNA-P21_CDK2P1-CYCEP1_PCNA-P21-CDK2P1-CYCEP1) [1]
178: (ASSOCIATE_PRBP1_E2F13-DP12_PRBP1-E2F13-DP12) [1]
179: (DUMMY-ACTION-4-1) [1]
180: (DUMMY-ACTION-11-2) [1]
181: (CHOOSE_RAF1_L24_L23) [1]
182: (INITIALIZE_P57) [1]
183: (INITIALIZE_E2F13-DP12) [1]
184: (INITIALIZE_PRB) [1]
185: (INITIALIZE_PCNA) [1]
186: (INITIALIZE_DP12) [1]
187: (INITIALIZE_E2F4) [1]
188: (ASSOCIATE-WITH-CATALYZE_PRB_CDK46P3-CYCD_PRBP1) [1]
189: (ASSOCIATE_E2F4_DP12_E2F4-DP12) [1]
190: (ASSOCIATE_P57_CDK2-CYCE_P57-CDK2-CYCE) [1]
191: (ASSOCIATE_PCNA_GADD45_PCNA-GADD45) [1]
192: (INITIALIZE_RAF1) [1]
193: (ASSOCIATE_RAF1_PRBP1-E2F13-DP12_RAF1-PRBP1-E2F13-DP12) [1]
194: (ASSOCIATE_PRBP1_E2F4-DP12_PRBP1-E2F4-DP12) [1]
195: (ASSOCIATE_RAF1-PRBP1-E2F13-DP12_GE2_RAF1-PRBP1-E2F13-DP12-GE2) [1]
196: (DUMMY-ACTION-30-2) [1]
197: (DUMMY-ACTION-13-2) [1]
198: (DUMMY-ACTION-15-1) [1]
199: (CHOOSE_SP1_L25_L24) [1]
200: (INITIALIZE_PRB) [1]
201: (INITIALIZE_RAF1) [1]
202: (ASSOCIATE_PRB_E2F13-DP12_PRB-E2F13-DP12) [1]
203: (INITIALIZE_SP1) [1]
204: (ASSOCIATE_RAF1_PRBP1-E2F4-DP12_RAF1-PRBP1-E2F4-DP12) [1]
205: (ASSOCIATE_SP1_P107_SP1-P107) [1]
206: (DUMMY-ACTION-20-1) [1]
207: (DUMMY-ACTION-12-2) [1]
208: (INITIALIZE_RAF1) [1]
209: (ASSOCIATE_RAF1_PRB-E2F13-DP12_RAF1-PRB-E2F13-DP12) [1]
210: (DUMMY-ACTION-27-2) [1]

Valid plan : 211 actions.
Computed nodes : 211
Evaluated nodes : 27
Developed nodes : 0
Useful nodes : 0

Lookahead utility : 9.08 %
Preparation time : 0.02
Search time : 0.01
Total time : 0.03

__MEMKB 6528
