
Parsing domain..... grounded-pathways-propositional..... done.
Parsing problem..... grounded-pathways-30..... done.
Computing domains..... done.
Instantiating actions..... done.
Computing final representation..... done.

Parsing time : 0.01
Domains creation  time : 0.01
Instantiation time : 0.00 -> 2284 candidates, 2284 actions
Finalization time : 0.00 -> 579 fluents, 59 init

194 192 190 188 186 184 181 176 174 172 170 168 166 163 160 148 140 130 123 111 108 101 97 94 88 87 83 71 57 49 42 33 28 20 9 7 

0: (CHOOSE_CDK2P1_L1_L0) [1]
1: (INITIALIZE_CDK2P1) [1]
2: (CHOOSE_CDK46P1_L2_L1) [1]
3: (INITIALIZE_CDK46P1) [1]
4: (CHOOSE_CDK46P3-CYCDP1_L3_L2) [1]
5: (INITIALIZE_CDK46P3-CYCDP1) [1]
6: (CHOOSE_CDK7_L4_L3) [1]
7: (INITIALIZE_CDK7) [1]
8: (CHOOSE_CEBP_L5_L4) [1]
9: (INITIALIZE_CEBP) [1]
10: (CHOOSE_CYCH_L6_L5) [1]
11: (INITIALIZE_CYCH) [1]
12: (ASSOCIATE_CDK7_CYCH_CDK7-CYCH) [1]
13: (ASSOCIATE-WITH-CATALYZE_CDK2P1_CDK7-CYCH_CDK2P1P2) [1]
14: (ASSOCIATE-WITH-CATALYZE_CDK46P1_CDK7-CYCH_CDK46P1P2) [1]
15: (CHOOSE_DMP1_L7_L6) [1]
16: (INITIALIZE_DMP1) [1]
17: (INITIALIZE_CDK2P1) [1]
18: (ASSOCIATE-WITH-CATALYZE_DMP1_CDK46P3-CYCDP1_DMP1P1) [1]
19: (INITIALIZE_CDK46P1) [1]
20: (CHOOSE_DP12_L8_L7) [1]
21: (INITIALIZE_DP12) [1]
22: (CHOOSE_E2F13_L9_L8) [1]
23: (INITIALIZE_E2F13) [1]
24: (CHOOSE_E2F13-DP12_L10_L9) [1]
25: (INITIALIZE_E2F13-DP12) [1]
26: (CHOOSE_E2F13-DP12P1_L11_L10) [1]
27: (INITIALIZE_E2F13-DP12P1) [1]
28: (CHOOSE_E2F4_L12_L11) [1]
29: (INITIALIZE_E2F4) [1]
30: (ASSOCIATE_E2F4_DP12_E2F4-DP12) [1]
31: (CHOOSE_E2F5_L13_L12) [1]
32: (INITIALIZE_E2F5) [1]
33: (INITIALIZE_DP12) [1]
34: (ASSOCIATE_E2F5_DP12_E2F5-DP12) [1]
35: (CHOOSE_GCDC25A_L14_L13) [1]
36: (INITIALIZE_GCDC25A) [1]
37: (INITIALIZE_DP12) [1]
38: (CHOOSE_GE2_L15_L14) [1]
39: (INITIALIZE_GE2) [1]
40: (ASSOCIATE_E2F5-DP12_GE2_E2F5-DP12-GE2) [1]
41: (SYNTHESIZE_E2F5-DP12-GE2_C-MYC) [1]
42: (SYNTHESIZE_E2F5-DP12-GE2_CYCA) [1]
43: (SYNTHESIZE_E2F5-DP12-GE2_CYCE) [1]
44: (SYNTHESIZE_E2F5-DP12-GE2_CYCEP1) [1]
45: (SYNTHESIZE_E2F5-DP12-GE2_P107) [1]
46: (ASSOCIATE_P107_E2F4-DP12_P107-E2F4-DP12) [1]
47: (ASSOCIATE_CDK2P1_CYCA_CDK2P1-CYCA) [1]
48: (ASSOCIATE_CDK2P1P2_CYCE_CDK2P1P2-CYCE) [1]
49: (SYNTHESIZE_E2F5-DP12-GE2_CYCD) [1]
50: (SYNTHESIZE_E2F5-DP12-GE2_CYCDP1) [1]
51: (ASSOCIATE_CDK46P1_CYCD_CDK46P1-CYCD) [1]
52: (CHOOSE_GP_L16_L15) [1]
53: (SYNTHESIZE_E2F5-DP12-GE2_CYCE) [1]
54: (INITIALIZE_CDK2P1) [1]
55: (INITIALIZE_E2F4) [1]
56: (INITIALIZE_E2F5) [1]
57: (ASSOCIATE_CDK2P1_CYCEP1_CDK2P1-CYCEP1) [1]
58: (ASSOCIATE_E2F5_DP12_E2F5-DP12) [1]
59: (INITIALIZE_GP) [1]
60: (INITIALIZE_GE2) [1]
61: (ASSOCIATE-WITH-CATALYZE_CDK2P1-CYCA_CDK7-CYCH_CDK2P1P2-CYCA) [1]
62: (INITIALIZE_CDK46P1) [1]
63: (SYNTHESIZE_E2F5-DP12-GE2_CYCD) [1]
64: (ASSOCIATE-WITH-CATALYZE_CDK2P1-CYCEP1_CDK7-CYCH_CDK2P1P2-CYCEP1) [1]
65: (ASSOCIATE_DMP1P1_CYCD_DMP1P1-CYCD) [1]
66: (DUMMY-ACTION-19-2) [1]
67: (CHOOSE_GP19ARF_L17_L16) [1]
68: (SYNTHESIZE_E2F5-DP12-GE2_CYCA) [1]
69: (INITIALIZE_CDK2P1) [1]
70: (INITIALIZE_DMP1) [1]
71: (ASSOCIATE-WITH-CATALYZE_DMP1_CDK46P3-CYCDP1_DMP1P1) [1]
72: (INITIALIZE_GP19ARF) [1]
73: (ASSOCIATE_DMP1P1_GP19ARF_DMP1P1-GP19ARF) [1]
74: (ASSOCIATE_CDK2P1_CYCA_CDK2P1-CYCA) [1]
75: (SYNTHESIZE_E2F5-DP12-GE2_CYCD) [1]
76: (INITIALIZE_DP12) [1]
77: (ASSOCIATE_E2F4_DP12_E2F4-DP12) [1]
78: (DUMMY-ACTION-15-2) [1]
79: (CHOOSE_HDAC1_L18_L17) [1]
80: (INITIALIZE_CDK2P1) [1]
81: (INITIALIZE_HDAC1) [1]
82: (ASSOCIATE_HDAC1_P107-E2F4-DP12_HDAC1-P107-E2F4-DP12) [1]
83: (ASSOCIATE_HDAC1-P107-E2F4-DP12_GE2_HDAC1-P107-E2F4-DP12-GE2) [1]
84: (INITIALIZE_DP12) [1]
85: (ASSOCIATE_CDK2P1_CYCE_CDK2P1-CYCE) [1]
86: (DUMMY-ACTION-17-2) [1]
87: (CHOOSE_MAX_L19_L18) [1]
88: (INITIALIZE_MAX) [1]
89: (ASSOCIATE_C-MYC_MAX_C-MYC-MAX) [1]
90: (ASSOCIATE_C-MYC-MAX_GCDC25A_C-MYC-MAX-GCDC25A) [1]
91: (INITIALIZE_GE2) [1]
92: (SYNTHESIZE_C-MYC-MAX-GCDC25A_CDC25A) [1]
93: (DUMMY-ACTION-24-2) [1]
94: (CHOOSE_P130_L20_L19) [1]
95: (INITIALIZE_P130) [1]
96: (ASSOCIATE_P130_E2F4-DP12_P130-E2F4-DP12) [1]
97: (ASSOCIATE_P130-E2F4-DP12_GE2_P130-E2F4-DP12-GE2) [1]
98: (DUMMY-ACTION-21-2) [1]
99: (CHOOSE_P27_L21_L20) [1]
100: (INITIALIZE_P130) [1]
101: (INITIALIZE_GE2) [1]
102: (ASSOCIATE_P130_E2F5-DP12_P130-E2F5-DP12) [1]
103: (ASSOCIATE_P130-E2F5-DP12_GE2_P130-E2F5-DP12-GE2) [1]
104: (INITIALIZE_P27) [1]
105: (DUMMY-ACTION-29-2) [1]
106: (CHOOSE_P53_L22_L21) [1]
107: (INITIALIZE_P53) [1]
108: (SYNTHESIZE_P53_P21) [1]
109: (ASSOCIATE_P21_CDK46P1-CYCD_P21-CDK46P1-CYCD) [1]
110: (DUMMY-ACTION-33-2) [1]
111: (CHOOSE_P53P1_L23_L22) [1]
112: (SYNTHESIZE_P53_P21) [1]
113: (INITIALIZE_P53P1) [1]
114: (CHOOSE_P57_L24_L23) [1]
115: (INITIALIZE_P57) [1]
116: (ASSOCIATE_P57_CDK2P1-CYCA_P57-CDK2P1-CYCA) [1]
117: (DUMMY-ACTION-31-2) [1]
118: (CHOOSE_P57P1_L25_L24) [1]
119: (SYNTHESIZE_E2F5-DP12-GE2_CYCA) [1]
120: (INITIALIZE_CDK2P1) [1]
121: (ASSOCIATE_CDK2P1_CYCA_CDK2P1-CYCA) [1]
122: (INITIALIZE_P57) [1]
123: (INITIALIZE_P57P1) [1]
124: (ASSOCIATE_P57_CDK2P1P2-CYCA_P57-CDK2P1P2-CYCA) [1]
125: (DUMMY-ACTION-1-2) [1]
126: (CHOOSE_RAF1_L26_L25) [1]
127: (CHOOSE_PCNA_L27_L26) [1]
128: (INITIALIZE_RAF1) [1]
129: (ASSOCIATE-WITH-CATALYZE_CDK2P1-CYCA_CDK7-CYCH_CDK2P1P2-CYCA) [1]
130: (ASSOCIATE-WITH-CATALYZE_CDC25A_RAF1_CDC25AP1) [1]
131: (INITIALIZE_PCNA) [1]
132: (DUMMY-ACTION-3-2) [1]
133: (ASSOCIATE-WITH-CATALYZE_CDK2P1-CYCE_CDC25AP1_CDK2-CYCE) [1]
134: (ASSOCIATE-WITH-CATALYZE_CDK2P1P2-CYCE_CDC25AP1_CDK2P2-CYCE) [1]
135: (ASSOCIATE_PCNA_P21_PCNA-P21) [1]
136: (ASSOCIATE-WITH-CATALYZE_CDK46P1_CDC25AP1_CDK46) [1]
137: (ASSOCIATE-WITH-CATALYZE_CDK46P1P2_CDC25AP1_CDK46P2) [1]
138: (DUMMY-ACTION-27-1) [1]
139: (INITIALIZE_P57) [1]
140: (ASSOCIATE-WITH-CATALYZE_CDK2P1P2-CYCA_CDC25AP1_CDK2P2-CYCA) [1]
141: (ASSOCIATE-WITH-CATALYZE_CDK2P1P2-CYCEP1_CDC25AP1_CDK2P2-CYCEP1) [1]
142: (ASSOCIATE-WITH-CATALYZE_E2F13_CDK2P2-CYCA_E2F13P1) [1]
143: (ASSOCIATE_CDK46_CYCDP1_CDK46-CYCDP1) [1]
144: (ASSOCIATE-WITH-CATALYZE_P27_CDK2P2-CYCE_P27P1) [1]
145: (ASSOCIATE-WITH-CATALYZE_DP12_CDK2P2-CYCA_DP12P1) [1]
146: (ASSOCIATE_CDK46P2_CYCD_CDK46P2-CYCD) [1]
147: (ASSOCIATE_PCNA-P21_CDK2-CYCE_PCNA-P21-CDK2-CYCE) [1]
148: (DUMMY-ACTION-9-1) [1]
149: (ASSOCIATE_P57_CDK2P2-CYCA_P57-CDK2P2-CYCA) [1]
150: (ASSOCIATE_P53P1_DP12P1_P53P1-DP12P1) [1]
151: (ASSOCIATE_P57P1_CDK46-CYCDP1_P57P1-CDK46-CYCDP1) [1]
152: (ASSOCIATE_P27P1_CDK2P2-CYCEP1_P27P1-CDK2P2-CYCEP1) [1]
153: (DUMMY-ACTION-30-2) [1]
154: (DUMMY-ACTION-26-2) [1]
155: (DUMMY-ACTION-5-2) [1]
156: (DUMMY-ACTION-23-2) [1]
157: (DUMMY-ACTION-7-2) [1]
158: (DUMMY-ACTION-6-1) [1]
159: (SYNTHESIZE_E2F5-DP12-GE2_CYCA) [1]
160: (SYNTHESIZE_E2F5-DP12-GE2_CYCE) [1]
161: (SYNTHESIZE_E2F5-DP12-GE2_CYCEP1) [1]
162: (INITIALIZE_CDK46P1) [1]
163: (SYNTHESIZE_C-MYC-MAX-GCDC25A_CDC25A) [1]
164: (INITIALIZE_CDK2P1) [1]
165: (INITIALIZE_PCNA) [1]
166: (SYNTHESIZE_E2F5-DP12-GE2_CYCD) [1]
167: (SYNTHESIZE_E2F5-DP12-GE2_CYCDP1) [1]
168: (ASSOCIATE_CDK2P1_CYCA_CDK2P1-CYCA) [1]
169: (ASSOCIATE_CDK46P1_CYCD_CDK46P1-CYCD) [1]
170: (ASSOCIATE_RAF1_CDC25A_RAF1-CDC25A) [1]
171: (SYNTHESIZE_P53_P21) [1]
172: (INITIALIZE_P57) [1]
173: (INITIALIZE_P57P1) [1]
174: (ASSOCIATE_PCNA_P21_PCNA-P21) [1]
175: (ASSOCIATE-WITH-CATALYZE_CDK2P1-CYCA_CDC25AP1_CDK2-CYCA) [1]
176: (DUMMY-ACTION-12-2) [1]
177: (INITIALIZE_P27) [1]
178: (ASSOCIATE_CDK2-CYCA_E2F13P1_CDK2-CYCA-E2F13P1) [1]
179: (ASSOCIATE_P27_CDK46P2-CYCD_P27-CDK46P2-CYCD) [1]
180: (DUMMY-ACTION-14-1) [1]
181: (DUMMY-ACTION-20-2) [1]
182: (DUMMY-ACTION-35-1) [1]
183: (SYNTHESIZE_E2F5-DP12-GE2_CYCA) [1]
184: (INITIALIZE_CDK46P1) [1]
185: (INITIALIZE_CDK2P1) [1]
186: (SYNTHESIZE_E2F5-DP12-GE2_CYCD) [1]
187: (ASSOCIATE_CDK2P1_CYCA_CDK2P1-CYCA) [1]
188: (ASSOCIATE-WITH-CATALYZE_CDK46P1_CDC25AP1_CDK46) [1]
189: (SYNTHESIZE_P53_P21) [1]
190: (ASSOCIATE-WITH-CATALYZE_CDK2P1-CYCA_CDC25AP1_CDK2-CYCA) [1]
191: (ASSOCIATE_CDK46_CYCDP1_CDK46-CYCDP1) [1]
192: (INITIALIZE_P27) [1]
193: (INITIALIZE_E2F13) [1]
194: (ASSOCIATE-WITH-CATALYZE_CDK2-CYCA_CDK7-CYCH_CDK2P2-CYCA) [1]
195: (ASSOCIATE-WITH-CATALYZE_CDK46-CYCDP1_CDK7-CYCH_CDK46P2-CYCDP1) [1]
196: (ASSOCIATE_CDK2P2-CYCA_E2F13_CDK2P2-CYCA-E2F13) [1]
197: (ASSOCIATE_P27_CDK46P2-CYCDP1_P27-CDK46P2-CYCDP1) [1]
198: (DUMMY-ACTION-11-2) [1]
199: (DUMMY-ACTION-8-1) [1]
200: (SYNTHESIZE_E2F5-DP12-GE2_CYCA) [1]
201: (INITIALIZE_CDK46P1) [1]
202: (INITIALIZE_CDK2P1) [1]
203: (SYNTHESIZE_E2F5-DP12-GE2_CYCDP1) [1]
204: (ASSOCIATE_CDK2P1_CYCA_CDK2P1-CYCA) [1]
205: (ASSOCIATE-WITH-CATALYZE_CDK46P1_CDC25AP1_CDK46) [1]
206: (INITIALIZE_P27) [1]
207: (ASSOCIATE-WITH-CATALYZE_P27_CDK2P2-CYCE_P27P1) [1]
208: (ASSOCIATE-WITH-CATALYZE_CDK2P1-CYCA_CDC25AP1_CDK2-CYCA) [1]
209: (ASSOCIATE_CDK46_CYCDP1_CDK46-CYCDP1) [1]
210: (ASSOCIATE_P27P1_CDK46P1-CYCD_P27P1-CDK46P1-CYCD) [1]
211: (ASSOCIATE_P57_CDK46-CYCDP1_P57-CDK46-CYCDP1) [1]
212: (ASSOCIATE_P21_CDK2-CYCA_P21-CDK2-CYCA) [1]
213: (DUMMY-ACTION-38-1) [1]
214: (DUMMY-ACTION-22-1) [1]
215: (DUMMY-ACTION-10-2) [1]
216: (SYNTHESIZE_E2F5-DP12-GE2_CYCA) [1]
217: (INITIALIZE_CDK46P1) [1]
218: (INITIALIZE_CDK2P1) [1]
219: (ASSOCIATE_CDK2P1_CYCA_CDK2P1-CYCA) [1]
220: (ASSOCIATE-WITH-CATALYZE_CDK46P1_CDC25AP1_CDK46) [1]
221: (SYNTHESIZE_P53_P21) [1]
222: (INITIALIZE_P27) [1]
223: (ASSOCIATE-WITH-CATALYZE_P27_CDK2P2-CYCE_P27P1) [1]
224: (ASSOCIATE-WITH-CATALYZE_CDK2P1-CYCA_CDC25AP1_CDK2-CYCA) [1]
225: (ASSOCIATE_CDK46_CYCD_CDK46-CYCD) [1]
226: (ASSOCIATE_P27P1_CDK2P2-CYCE_P27P1-CDK2P2-CYCE) [1]
227: (ASSOCIATE_PCNA-P21_CDK46-CYCD_PCNA-P21-CDK46-CYCD) [1]
228: (DUMMY-ACTION-34-1) [1]
229: (DUMMY-ACTION-39-2) [1]
230: (INITIALIZE_E2F13) [1]
231: (INITIALIZE_CDK46P1) [1]
232: (INITIALIZE_CDK2P1) [1]
233: (INITIALIZE_PCNA) [1]
234: (SYNTHESIZE_E2F5-DP12-GE2_CYCD) [1]
235: (SYNTHESIZE_E2F5-DP12-GE2_CYCDP1) [1]
236: (ASSOCIATE-WITH-CATALYZE_CDK2-CYCA_CDK7-CYCH_CDK2P2-CYCA) [1]
237: (ASSOCIATE-WITH-CATALYZE_E2F13_CDK2P2-CYCA_E2F13P1) [1]
238: (ASSOCIATE_CDK2P1_CYCEP1_CDK2P1-CYCEP1) [1]
239: (ASSOCIATE_PCNA_P21_PCNA-P21) [1]
240: (ASSOCIATE-WITH-CATALYZE_CDK46P1_CDC25AP1_CDK46) [1]
241: (ASSOCIATE_CDK46_CYCDP1_CDK46-CYCDP1) [1]
242: (ASSOCIATE-WITH-CATALYZE_CDK2P1-CYCEP1_CDC25AP1_CDK2-CYCEP1) [1]
243: (ASSOCIATE_PCNA-P21_CDK2P2-CYCA_PCNA-P21-CDK2P2-CYCA) [1]
244: (INITIALIZE_P27) [1]
245: (ASSOCIATE-WITH-CATALYZE_CDK46-CYCDP1_CDK7-CYCH_CDK46P2-CYCDP1) [1]
246: (ASSOCIATE-WITH-CATALYZE_CDK2-CYCEP1_CDK7-CYCH_CDK2P2-CYCEP1) [1]
247: (DUMMY-ACTION-25-2) [1]
248: (DUMMY-ACTION-13-2) [1]
249: (SYNTHESIZE_E2F5-DP12-GE2_CYCA) [1]
250: (ASSOCIATE-WITH-CATALYZE_CYCE_CDK2P2-CYCEP1_CYCEP1) [1]
251: (INITIALIZE_CDK46P1) [1]
252: (INITIALIZE_CDK2P1) [1]
253: (ASSOCIATE_CDK2P1_CYCA_CDK2P1-CYCA) [1]
254: (ASSOCIATE-WITH-CATALYZE_CDK46P1_CDC25AP1_CDK46) [1]
255: (SYNTHESIZE_P53_P21) [1]
256: (ASSOCIATE-WITH-CATALYZE_P27_CDK2P2-CYCEP1_P27P1) [1]
257: (ASSOCIATE-WITH-CATALYZE_CDK2P1-CYCA_CDC25AP1_CDK2-CYCA) [1]
258: (ASSOCIATE_CDK46_CYCD_CDK46-CYCD) [1]
259: (ASSOCIATE_P27P1_CDK46-CYCD_P27P1-CDK46-CYCD) [1]
260: (ASSOCIATE_P21_CDK46P2-CYCDP1_P21-CDK46P2-CYCDP1) [1]
261: (DUMMY-ACTION-40-2) [1]
262: (DUMMY-ACTION-28-2) [1]
263: (SYNTHESIZE_E2F5-DP12-GE2_CYCE) [1]
264: (INITIALIZE_CDK46P1) [1]
265: (INITIALIZE_CDK2P1) [1]
266: (SYNTHESIZE_E2F5-DP12-GE2_CYCD) [1]
267: (ASSOCIATE-WITH-CATALYZE_CDK2-CYCA_CDK7-CYCH_CDK2P2-CYCA) [1]
268: (ASSOCIATE_CDK2P1_CYCEP1_CDK2P1-CYCEP1) [1]
269: (ASSOCIATE-WITH-CATALYZE_CDK46P1_CDC25AP1_CDK46) [1]
270: (ASSOCIATE_CDK2P2-CYCA_E2F13P1_CDK2P2-CYCA-E2F13P1) [1]
271: (SYNTHESIZE_P53_P21) [1]
272: (INITIALIZE_P27) [1]
273: (ASSOCIATE-WITH-CATALYZE_P27_CDK2P2-CYCEP1_P27P1) [1]
274: (ASSOCIATE_CDK46_CYCD_CDK46-CYCD) [1]
275: (ASSOCIATE-WITH-CATALYZE_CDK2P1-CYCEP1_CDK7-CYCH_CDK2P1P2-CYCEP1) [1]
276: (ASSOCIATE_P27P1_CDK2P1P2-CYCEP1_P27P1-CDK2P1P2-CYCEP1) [1]
277: (ASSOCIATE_P21_CDK46-CYCD_P21-CDK46-CYCD) [1]
278: (DUMMY-ACTION-18-2) [1]
279: (DUMMY-ACTION-36-2) [1]
280: (DUMMY-ACTION-16-1) [1]
281: (SYNTHESIZE_E2F5-DP12-GE2_CYCA) [1]
282: (INITIALIZE_CDK46P1) [1]
283: (INITIALIZE_CDK2P1) [1]
284: (SYNTHESIZE_E2F5-DP12-GE2_CYCD) [1]
285: (ASSOCIATE_CDK2P1_CYCA_CDK2P1-CYCA) [1]
286: (ASSOCIATE-WITH-CATALYZE_CDK46P1_CDC25AP1_CDK46) [1]
287: (INITIALIZE_P27) [1]
288: (ASSOCIATE-WITH-CATALYZE_P27_CDK2P2-CYCEP1_P27P1) [1]
289: (ASSOCIATE-WITH-CATALYZE_CDK2P1-CYCA_CDC25AP1_CDK2-CYCA) [1]
290: (ASSOCIATE_CDK46_CYCD_CDK46-CYCD) [1]
291: (ASSOCIATE_P57P1_CDK46-CYCD_P57P1-CDK46-CYCD) [1]
292: (ASSOCIATE_P27P1_CDK2-CYCA_P27P1-CDK2-CYCA) [1]
293: (DUMMY-ACTION-37-1) [1]
294: (DUMMY-ACTION-2-2) [1]
295: (INITIALIZE_CDK2P1) [1]
296: (ASSOCIATE_CDK2P1_CYCE_CDK2P1-CYCE) [1]
297: (INITIALIZE_P27) [1]
298: (ASSOCIATE-WITH-CATALYZE_P27_CDK2P2-CYCEP1_P27P1) [1]
299: (ASSOCIATE-WITH-CATALYZE_CDK2P1-CYCE_CDC25AP1_CDK2-CYCE) [1]
300: (ASSOCIATE_P27P1_CDK2-CYCE_P27P1-CDK2-CYCE) [1]
301: (DUMMY-ACTION-32-1) [1]
302: (SYNTHESIZE_E2F5-DP12-GE2_CYCE) [1]
303: (INITIALIZE_CDK2P1) [1]
304: (ASSOCIATE_CDK2P1_CYCE_CDK2P1-CYCE) [1]
305: (INITIALIZE_P27) [1]
306: (ASSOCIATE-WITH-CATALYZE_CDK2P1-CYCE_CDC25AP1_CDK2-CYCE) [1]
307: (ASSOCIATE_P27_CDK2-CYCE_P27-CDK2-CYCE) [1]
308: (DUMMY-ACTION-4-2) [1]

Valid plan : 309 actions.
Computed nodes : 338
Evaluated nodes : 44
Developed nodes : 1
Useful nodes : 1

Lookahead utility : 7.28 %
Preparation time : 0.02
Search time : 0.01
Total time : 0.03

__MEMKB 8320
