---SatPlan Version: 1.1

bb: parsing domain file
domain 'TPP-PROPOSITIONAL' defined
 ... done.
bb: parsing problem file
problem 'TPP' defined
 ... done.


time:   0,     5 facts and       0 exclusive pairs
               6 ops   and       1 exclusive pairs
time:   1,     6 facts and       1 exclusive pairs

creating thin gp-based encoding...
plan graph layer 0...
plan graph layer 1...
goal constraints...

goal fact not coded - level too low??


bb: parsing domain file
domain 'TPP-PROPOSITIONAL' defined
 ... done.
bb: parsing problem file
problem 'TPP' defined
 ... done.


time:   0,     5 facts and       0 exclusive pairs
               6 ops   and       1 exclusive pairs
time:   1,     6 facts and       1 exclusive pairs
               9 ops   and      11 exclusive pairs
time:   2,     8 facts and       7 exclusive pairs

creating thin gp-based encoding...
plan graph layer 0...
plan graph layer 1...
plan graph layer 2...
goal constraints...

goal fact not coded - level too low??


bb: parsing domain file
domain 'TPP-PROPOSITIONAL' defined
 ... done.
bb: parsing problem file
problem 'TPP' defined
 ... done.


time:   0,     5 facts and       0 exclusive pairs
               6 ops   and       1 exclusive pairs
time:   1,     6 facts and       1 exclusive pairs
               9 ops   and      11 exclusive pairs
time:   2,     8 facts and       7 exclusive pairs
              12 ops   and      29 exclusive pairs
time:   3,     9 facts and       8 exclusive pairs

creating thin gp-based encoding...
plan graph layer 0...
plan graph layer 1...
plan graph layer 2...
plan graph layer 3...
goal constraints...

goal fact not coded - level too low??


bb: parsing domain file
domain 'TPP-PROPOSITIONAL' defined
 ... done.
bb: parsing problem file
problem 'TPP' defined
 ... done.


time:   0,     5 facts and       0 exclusive pairs
               6 ops   and       1 exclusive pairs
time:   1,     6 facts and       1 exclusive pairs
               9 ops   and      11 exclusive pairs
time:   2,     8 facts and       7 exclusive pairs
              12 ops   and      29 exclusive pairs
time:   3,     9 facts and       8 exclusive pairs
              13 ops   and      31 exclusive pairs
time:   4,     9 facts and       7 exclusive pairs

creating thin gp-based encoding...
plan graph layer 0...
plan graph layer 1...
plan graph layer 2...
plan graph layer 3...
plan graph layer 4...
goal constraints...

goal fact not coded - level too low??


bb: parsing domain file
domain 'TPP-PROPOSITIONAL' defined
 ... done.
bb: parsing problem file
problem 'TPP' defined
 ... done.


time:   0,     5 facts and       0 exclusive pairs
               6 ops   and       1 exclusive pairs
time:   1,     6 facts and       1 exclusive pairs
               9 ops   and      11 exclusive pairs
time:   2,     8 facts and       7 exclusive pairs
              12 ops   and      29 exclusive pairs
time:   3,     9 facts and       8 exclusive pairs
              13 ops   and      31 exclusive pairs
time:   4,     9 facts and       7 exclusive pairs
              14 ops   and      39 exclusive pairs
time:   5,    10 facts and      12 exclusive pairs

creating thin gp-based encoding...
plan graph layer 0...
plan graph layer 1...
plan graph layer 2...
plan graph layer 3...
plan graph layer 4...
plan graph layer 5...
goal constraints...
exclusion constraints layer 0...
exclusion constraints layer 1...
exclusion constraints layer 2...
exclusion constraints layer 3...
exclusion constraints layer 4...
exclusion constraints layer 5...

DECISION LAYER 5, WRITING THIN GP-BASED ENCODING WITH 101 VARS, 189 CLAUSES.

time spent:    0.00 seconds instantiating 5 action templates
               0.00 seconds reachability analysis, yielding 10 facts and 5 actions
               0.00 seconds collecting 10 relevant facts
               0.00 seconds building connectivity graph
               0.00 seconds building (std) graph
               0.00 seconds CNF output time
               0.00 seconds total planner time (solving not included)


***Solving***


[ filemap ]
[ extract ]

variables : 101
pure lits : 14

1-clauses : 1
2-clauses : 168
3-clauses : 20
n-clauses : 0
discarded : 0

[ solve ]


satisfiable                             

[ stats ]

decisions : 5
conflicts : 1
time : ~0.01


bb: parsing domain file
domain 'TPP-PROPOSITIONAL' defined
 ... done.
bb: parsing problem file
problem 'TPP' defined
 ... done.


time:   0,     5 facts and       0 exclusive pairs
               6 ops   and       1 exclusive pairs
time:   1,     6 facts and       1 exclusive pairs
               9 ops   and      11 exclusive pairs
time:   2,     8 facts and       7 exclusive pairs
              12 ops   and      29 exclusive pairs
time:   3,     9 facts and       8 exclusive pairs
              13 ops   and      31 exclusive pairs
time:   4,     9 facts and       7 exclusive pairs
              14 ops   and      39 exclusive pairs
time:   5,    10 facts and      12 exclusive pairs

creating thin gp-based encoding...
plan graph layer 0...
plan graph layer 1...
plan graph layer 2...
plan graph layer 3...
plan graph layer 4...
plan graph layer 5...
goal constraints...
exclusion constraints layer 0...
exclusion constraints layer 1...
exclusion constraints layer 2...
exclusion constraints layer 3...
exclusion constraints layer 4...
exclusion constraints layer 5...

DECISION LAYER 5, WRITING THIN GP-BASED ENCODING WITH 101 VARS, 189 CLAUSES.

time spent:    0.00 seconds instantiating 5 action templates
               0.00 seconds reachability analysis, yielding 10 facts and 5 actions
               0.00 seconds collecting 10 relevant facts
               0.00 seconds building connectivity graph
               0.00 seconds building (std) graph
               0.00 seconds CNF output time
               0.00 seconds total planner time (solving not included)

Pruned:  0: (UNLOAD GOODS1 TRUCK1 DEPOT1 LEVEL0 LEVEL1 LEVEL0 LEVEL1) [1]
Pruned:  0: (UNLOAD GOODS1 TRUCK1 DEPOT1 LEVEL0 LEVEL1 LEVEL0 LEVEL1) [1]
Pruned:  0: (UNLOAD GOODS1 TRUCK1 DEPOT1 LEVEL0 LEVEL1 LEVEL0 LEVEL1) [1]
Pruned:  0: (UNLOAD GOODS1 TRUCK1 DEPOT1 LEVEL0 LEVEL1 LEVEL0 LEVEL1) [1]
Pruned:  0: (UNLOAD GOODS1 TRUCK1 DEPOT1 LEVEL0 LEVEL1 LEVEL0 LEVEL1) [1]
Pruned:  0: (UNLOAD GOODS1 TRUCK1 DEPOT1 LEVEL0 LEVEL1 LEVEL0 LEVEL1) [1]
Pruned:  0: (UNLOAD GOODS1 TRUCK1 DEPOT1 LEVEL0 LEVEL1 LEVEL0 LEVEL1) [1]
Pruned:  0: (UNLOAD GOODS1 TRUCK1 DEPOT1 LEVEL0 LEVEL1 LEVEL0 LEVEL1) [1]
Pruned:  0: (UNLOAD GOODS1 TRUCK1 DEPOT1 LEVEL0 LEVEL1 LEVEL0 LEVEL1) [1]
Pruned:  0: (UNLOAD GOODS1 TRUCK1 DEPOT1 LEVEL0 LEVEL1 LEVEL0 LEVEL1) [1]
Pruned:  0: (UNLOAD GOODS1 TRUCK1 DEPOT1 LEVEL0 LEVEL1 LEVEL0 LEVEL1) [1]
Pruned:  0: (UNLOAD GOODS1 TRUCK1 DEPOT1 LEVEL0 LEVEL1 LEVEL0 LEVEL1) [1]
Pruned:  0: (UNLOAD GOODS1 TRUCK1 DEPOT1 LEVEL0 LEVEL1 LEVEL0 LEVEL1) [1]
Pruned:  0: (UNLOAD GOODS1 TRUCK1 DEPOT1 LEVEL0 LEVEL1 LEVEL0 LEVEL1) [1]
Pruned:  0: (UNLOAD GOODS1 TRUCK1 DEPOT1 LEVEL0 LEVEL1 LEVEL0 LEVEL1) [1]
Pruned:  0: (UNLOAD GOODS1 TRUCK1 DEPOT1 LEVEL0 LEVEL1 LEVEL0 LEVEL1) [1]
Pruned:  0: (UNLOAD GOODS1 TRUCK1 DEPOT1 LEVEL0 LEVEL1 LEVEL0 LEVEL1) [1]
Pruned:  0: (UNLOAD GOODS1 TRUCK1 DEPOT1 LEVEL0 LEVEL1 LEVEL0 LEVEL1) [1]
Pruned:  0: (UNLOAD GOODS1 TRUCK1 DEPOT1 LEVEL0 LEVEL1 LEVEL0 LEVEL1) [1]
Pruned:  0: (UNLOAD GOODS1 TRUCK1 DEPOT1 LEVEL0 LEVEL1 LEVEL0 LEVEL1) [1]
Pruned:  0: (UNLOAD GOODS1 TRUCK1 DEPOT1 LEVEL0 LEVEL1 LEVEL0 LEVEL1) [1]
Pruned:  0: (UNLOAD GOODS1 TRUCK1 DEPOT1 LEVEL0 LEVEL1 LEVEL0 LEVEL1) [1]
Pruned:  0: (UNLOAD GOODS1 TRUCK1 DEPOT1 LEVEL0 LEVEL1 LEVEL0 LEVEL1) [1]
---SatPlan Version: 1.1
***SAT!***

Solved in 5 layers

Real Time: = 0.02
User Time: = 0
Syst Time: = 0

__MEMKB 1920
