---SatPlan Version: 1.1

bb: parsing domain file
domain 'TPP-PROPOSITIONAL' defined
 ... done.
bb: parsing problem file
problem 'TPP' defined
 ... done.


time:   0,    27 facts and       0 exclusive pairs
              29 ops   and       2 exclusive pairs
time:   1,    29 facts and       2 exclusive pairs

creating thin gp-based encoding...
plan graph layer 0...
plan graph layer 1...
goal constraints...

goal fact not coded - level too low??


bb: parsing domain file
domain 'TPP-PROPOSITIONAL' defined
 ... done.
bb: parsing problem file
problem 'TPP' defined
 ... done.


time:   0,    27 facts and       0 exclusive pairs
              29 ops   and       2 exclusive pairs
time:   1,    29 facts and       2 exclusive pairs
              35 ops   and      20 exclusive pairs
time:   2,    31 facts and       6 exclusive pairs

creating thin gp-based encoding...
plan graph layer 0...
plan graph layer 1...
plan graph layer 2...
goal constraints...

goal fact not coded - level too low??


bb: parsing domain file
domain 'TPP-PROPOSITIONAL' defined
 ... done.
bb: parsing problem file
problem 'TPP' defined
 ... done.


time:   0,    27 facts and       0 exclusive pairs
              29 ops   and       2 exclusive pairs
time:   1,    29 facts and       2 exclusive pairs
              35 ops   and      20 exclusive pairs
time:   2,    31 facts and       6 exclusive pairs
              49 ops   and     127 exclusive pairs
time:   3,    41 facts and      26 exclusive pairs

creating thin gp-based encoding...
plan graph layer 0...
plan graph layer 1...
plan graph layer 2...
plan graph layer 3...
goal constraints...

goal fact not coded - level too low??


bb: parsing domain file
domain 'TPP-PROPOSITIONAL' defined
 ... done.
bb: parsing problem file
problem 'TPP' defined
 ... done.


time:   0,    27 facts and       0 exclusive pairs
              29 ops   and       2 exclusive pairs
time:   1,    29 facts and       2 exclusive pairs
              35 ops   and      20 exclusive pairs
time:   2,    31 facts and       6 exclusive pairs
              49 ops   and     127 exclusive pairs
time:   3,    41 facts and      26 exclusive pairs
              69 ops   and     292 exclusive pairs
time:   4,    51 facts and      76 exclusive pairs

creating thin gp-based encoding...
plan graph layer 0...
plan graph layer 1...
plan graph layer 2...
plan graph layer 3...
plan graph layer 4...
goal constraints...

goal fact not coded - level too low??


bb: parsing domain file
domain 'TPP-PROPOSITIONAL' defined
 ... done.
bb: parsing problem file
problem 'TPP' defined
 ... done.


time:   0,    27 facts and       0 exclusive pairs
              29 ops   and       2 exclusive pairs
time:   1,    29 facts and       2 exclusive pairs
              35 ops   and      20 exclusive pairs
time:   2,    31 facts and       6 exclusive pairs
              49 ops   and     127 exclusive pairs
time:   3,    41 facts and      26 exclusive pairs
              69 ops   and     292 exclusive pairs
time:   4,    51 facts and      76 exclusive pairs
              79 ops   and     412 exclusive pairs
time:   5,    51 facts and      66 exclusive pairs

creating thin gp-based encoding...
plan graph layer 0...
plan graph layer 1...
plan graph layer 2...
plan graph layer 3...
plan graph layer 4...
plan graph layer 5...
goal constraints...

goal fact not coded - level too low??


bb: parsing domain file
domain 'TPP-PROPOSITIONAL' defined
 ... done.
bb: parsing problem file
problem 'TPP' defined
 ... done.


time:   0,    27 facts and       0 exclusive pairs
              29 ops   and       2 exclusive pairs
time:   1,    29 facts and       2 exclusive pairs
              35 ops   and      20 exclusive pairs
time:   2,    31 facts and       6 exclusive pairs
              49 ops   and     127 exclusive pairs
time:   3,    41 facts and      26 exclusive pairs
              69 ops   and     292 exclusive pairs
time:   4,    51 facts and      76 exclusive pairs
              79 ops   and     412 exclusive pairs
time:   5,    51 facts and      66 exclusive pairs
              79 ops   and     382 exclusive pairs
time:   6,    51 facts and      56 exclusive pairs

creating thin gp-based encoding...
plan graph layer 0...
plan graph layer 1...
plan graph layer 2...
plan graph layer 3...
plan graph layer 4...
plan graph layer 5...
plan graph layer 6...
goal constraints...

goal fact not coded - level too low??


bb: parsing domain file
domain 'TPP-PROPOSITIONAL' defined
 ... done.
bb: parsing problem file
problem 'TPP' defined
 ... done.


time:   0,    27 facts and       0 exclusive pairs
              29 ops   and       2 exclusive pairs
time:   1,    29 facts and       2 exclusive pairs
              35 ops   and      20 exclusive pairs
time:   2,    31 facts and       6 exclusive pairs
              49 ops   and     127 exclusive pairs
time:   3,    41 facts and      26 exclusive pairs
              69 ops   and     292 exclusive pairs
time:   4,    51 facts and      76 exclusive pairs
              79 ops   and     412 exclusive pairs
time:   5,    51 facts and      66 exclusive pairs
              79 ops   and     382 exclusive pairs
time:   6,    51 facts and      56 exclusive pairs
              89 ops   and     607 exclusive pairs
time:   7,    56 facts and      81 exclusive pairs

creating thin gp-based encoding...
plan graph layer 0...
plan graph layer 1...
plan graph layer 2...
plan graph layer 3...
plan graph layer 4...
plan graph layer 5...
plan graph layer 6...
plan graph layer 7...
goal constraints...
exclusion constraints layer 0...
exclusion constraints layer 1...
exclusion constraints layer 2...
exclusion constraints layer 3...
exclusion constraints layer 4...
exclusion constraints layer 5...
exclusion constraints layer 6...
exclusion constraints layer 7...

DECISION LAYER 7, WRITING THIN GP-BASED ENCODING WITH 766 VARS, 1801 CLAUSES.

time spent:    0.00 seconds instantiating 58 action templates
               0.00 seconds reachability analysis, yielding 66 facts and 38 actions
               0.00 seconds collecting 56 relevant facts
               0.00 seconds building connectivity graph
               0.00 seconds building (std) graph
               0.00 seconds CNF output time
               0.00 seconds total planner time (solving not included)


***Solving***


[ filemap ]
[ extract ]

variables : 766
pure lits : 78

1-clauses : 5
2-clauses : 1647
3-clauses : 79
n-clauses : 70
discarded : 0

[ solve ]


satisfiable                             

[ stats ]

decisions : 428
conflicts : 37
time : ~0.01


bb: parsing domain file
domain 'TPP-PROPOSITIONAL' defined
 ... done.
bb: parsing problem file
problem 'TPP' defined
 ... done.


time:   0,    27 facts and       0 exclusive pairs
              29 ops   and       2 exclusive pairs
time:   1,    29 facts and       2 exclusive pairs
              35 ops   and      20 exclusive pairs
time:   2,    31 facts and       6 exclusive pairs
              49 ops   and     127 exclusive pairs
time:   3,    41 facts and      26 exclusive pairs
              69 ops   and     292 exclusive pairs
time:   4,    51 facts and      76 exclusive pairs
              79 ops   and     412 exclusive pairs
time:   5,    51 facts and      66 exclusive pairs
              79 ops   and     382 exclusive pairs
time:   6,    51 facts and      56 exclusive pairs
              89 ops   and     607 exclusive pairs
time:   7,    56 facts and      81 exclusive pairs

creating thin gp-based encoding...
plan graph layer 0...
plan graph layer 1...
plan graph layer 2...
plan graph layer 3...
plan graph layer 4...
plan graph layer 5...
plan graph layer 6...
plan graph layer 7...
goal constraints...
exclusion constraints layer 0...
exclusion constraints layer 1...
exclusion constraints layer 2...
exclusion constraints layer 3...
exclusion constraints layer 4...
exclusion constraints layer 5...
exclusion constraints layer 6...
exclusion constraints layer 7...

DECISION LAYER 7, WRITING THIN GP-BASED ENCODING WITH 766 VARS, 1801 CLAUSES.

time spent:    0.00 seconds instantiating 58 action templates
               0.00 seconds reachability analysis, yielding 66 facts and 38 actions
               0.00 seconds collecting 56 relevant facts
               0.00 seconds building connectivity graph
               0.00 seconds building (std) graph
               0.00 seconds CNF output time
               0.00 seconds total planner time (solving not included)

Pruned:  0: (UNLOAD GOODS1 TRUCK1 DEPOT1 LEVEL0 LEVEL1 LEVEL0 LEVEL1) [1]
Pruned:  0: (UNLOAD GOODS1 TRUCK1 DEPOT1 LEVEL0 LEVEL1 LEVEL0 LEVEL1) [1]
Pruned:  0: (UNLOAD GOODS1 TRUCK1 DEPOT1 LEVEL0 LEVEL1 LEVEL0 LEVEL1) [1]
Pruned:  0: (UNLOAD GOODS1 TRUCK1 DEPOT1 LEVEL0 LEVEL1 LEVEL0 LEVEL1) [1]
Pruned:  0: (UNLOAD GOODS1 TRUCK1 DEPOT1 LEVEL0 LEVEL1 LEVEL0 LEVEL1) [1]
Pruned:  0: (UNLOAD GOODS1 TRUCK1 DEPOT1 LEVEL0 LEVEL1 LEVEL0 LEVEL1) [1]
Pruned:  0: (UNLOAD GOODS1 TRUCK1 DEPOT1 LEVEL0 LEVEL1 LEVEL0 LEVEL1) [1]
Pruned:  0: (UNLOAD GOODS1 TRUCK1 DEPOT1 LEVEL0 LEVEL1 LEVEL0 LEVEL1) [1]
Pruned:  0: (UNLOAD GOODS1 TRUCK1 DEPOT1 LEVEL0 LEVEL1 LEVEL0 LEVEL1) [1]
Pruned:  0: (UNLOAD GOODS1 TRUCK1 DEPOT1 LEVEL0 LEVEL1 LEVEL0 LEVEL1) [1]
Pruned:  0: (UNLOAD GOODS1 TRUCK1 DEPOT1 LEVEL0 LEVEL1 LEVEL0 LEVEL1) [1]
Pruned:  0: (UNLOAD GOODS1 TRUCK1 DEPOT1 LEVEL0 LEVEL1 LEVEL0 LEVEL1) [1]
Pruned:  0: (UNLOAD GOODS1 TRUCK1 DEPOT1 LEVEL0 LEVEL1 LEVEL0 LEVEL1) [1]
Pruned:  0: (UNLOAD GOODS1 TRUCK1 DEPOT1 LEVEL0 LEVEL1 LEVEL0 LEVEL1) [1]
Pruned:  0: (UNLOAD GOODS1 TRUCK1 DEPOT1 LEVEL0 LEVEL1 LEVEL0 LEVEL1) [1]
Pruned:  0: (UNLOAD GOODS1 TRUCK1 DEPOT1 LEVEL0 LEVEL1 LEVEL0 LEVEL1) [1]
Pruned:  0: (UNLOAD GOODS1 TRUCK1 DEPOT1 LEVEL0 LEVEL1 LEVEL0 LEVEL1) [1]
Pruned:  0: (UNLOAD GOODS1 TRUCK1 DEPOT1 LEVEL0 LEVEL1 LEVEL0 LEVEL1) [1]
Pruned:  0: (UNLOAD GOODS1 TRUCK1 DEPOT1 LEVEL0 LEVEL1 LEVEL0 LEVEL1) [1]
Pruned:  0: (UNLOAD GOODS1 TRUCK1 DEPOT1 LEVEL0 LEVEL1 LEVEL0 LEVEL1) [1]
Pruned:  0: (UNLOAD GOODS1 TRUCK1 DEPOT1 LEVEL0 LEVEL1 LEVEL0 LEVEL1) [1]
Pruned:  0: (UNLOAD GOODS1 TRUCK1 DEPOT1 LEVEL0 LEVEL1 LEVEL0 LEVEL1) [1]
Pruned:  0: (UNLOAD GOODS1 TRUCK1 DEPOT1 LEVEL0 LEVEL1 LEVEL0 LEVEL1) [1]
Pruned:  0: (UNLOAD GOODS1 TRUCK1 DEPOT1 LEVEL0 LEVEL1 LEVEL0 LEVEL1) [1]
Pruned:  0: (UNLOAD GOODS1 TRUCK1 DEPOT1 LEVEL0 LEVEL1 LEVEL0 LEVEL1) [1]
Pruned:  0: (UNLOAD GOODS1 TRUCK1 DEPOT1 LEVEL0 LEVEL1 LEVEL0 LEVEL1) [1]
Pruned:  0: (UNLOAD GOODS1 TRUCK1 DEPOT1 LEVEL0 LEVEL1 LEVEL0 LEVEL1) [1]
Pruned:  0: (DRIVE TRUCK2 DEPOT1 MARKET2) [1]
Pruned:  0: (UNLOAD GOODS1 TRUCK1 DEPOT1 LEVEL0 LEVEL1 LEVEL0 LEVEL1) [1]
Pruned:  0: (UNLOAD GOODS1 TRUCK1 DEPOT1 LEVEL0 LEVEL1 LEVEL0 LEVEL1) [1]
Pruned:  0: (UNLOAD GOODS1 TRUCK1 DEPOT1 LEVEL0 LEVEL1 LEVEL0 LEVEL1) [1]
Pruned:  0: (UNLOAD GOODS1 TRUCK1 DEPOT1 LEVEL0 LEVEL1 LEVEL0 LEVEL1) [1]
Pruned:  0: (UNLOAD GOODS1 TRUCK1 DEPOT1 LEVEL0 LEVEL1 LEVEL0 LEVEL1) [1]
Pruned:  0: (UNLOAD GOODS1 TRUCK1 DEPOT1 LEVEL0 LEVEL1 LEVEL0 LEVEL1) [1]
Pruned:  0: (UNLOAD GOODS1 TRUCK1 DEPOT1 LEVEL0 LEVEL1 LEVEL0 LEVEL1) [1]
Pruned:  0: (UNLOAD GOODS1 TRUCK1 DEPOT1 LEVEL0 LEVEL1 LEVEL0 LEVEL1) [1]
Pruned:  0: (UNLOAD GOODS1 TRUCK1 DEPOT1 LEVEL0 LEVEL1 LEVEL0 LEVEL1) [1]
Pruned:  0: (UNLOAD GOODS1 TRUCK1 DEPOT1 LEVEL0 LEVEL1 LEVEL0 LEVEL1) [1]
Pruned:  0: (UNLOAD GOODS1 TRUCK1 DEPOT1 LEVEL0 LEVEL1 LEVEL0 LEVEL1) [1]
Pruned:  0: (UNLOAD GOODS1 TRUCK1 DEPOT1 LEVEL0 LEVEL1 LEVEL0 LEVEL1) [1]
Pruned:  0: (UNLOAD GOODS1 TRUCK1 DEPOT1 LEVEL0 LEVEL1 LEVEL0 LEVEL1) [1]
Pruned:  0: (UNLOAD GOODS1 TRUCK1 DEPOT1 LEVEL0 LEVEL1 LEVEL0 LEVEL1) [1]
Pruned:  0: (UNLOAD GOODS1 TRUCK1 DEPOT1 LEVEL0 LEVEL1 LEVEL0 LEVEL1) [1]
Pruned:  0: (UNLOAD GOODS1 TRUCK1 DEPOT1 LEVEL0 LEVEL1 LEVEL0 LEVEL1) [1]
Pruned:  0: (UNLOAD GOODS1 TRUCK1 DEPOT1 LEVEL0 LEVEL1 LEVEL0 LEVEL1) [1]
Pruned:  0: (UNLOAD GOODS1 TRUCK1 DEPOT1 LEVEL0 LEVEL1 LEVEL0 LEVEL1) [1]
Pruned:  0: (UNLOAD GOODS1 TRUCK1 DEPOT1 LEVEL0 LEVEL1 LEVEL0 LEVEL1) [1]
Pruned:  0: (UNLOAD GOODS1 TRUCK1 DEPOT1 LEVEL0 LEVEL1 LEVEL0 LEVEL1) [1]
Pruned:  0: (UNLOAD GOODS1 TRUCK1 DEPOT1 LEVEL0 LEVEL1 LEVEL0 LEVEL1) [1]
Pruned:  0: (UNLOAD GOODS1 TRUCK1 DEPOT1 LEVEL0 LEVEL1 LEVEL0 LEVEL1) [1]
Pruned:  0: (UNLOAD GOODS1 TRUCK1 DEPOT1 LEVEL0 LEVEL1 LEVEL0 LEVEL1) [1]
Pruned:  0: (UNLOAD GOODS1 TRUCK1 DEPOT1 LEVEL0 LEVEL1 LEVEL0 LEVEL1) [1]
Pruned:  0: (UNLOAD GOODS1 TRUCK1 DEPOT1 LEVEL0 LEVEL1 LEVEL0 LEVEL1) [1]
Pruned:  0: (UNLOAD GOODS1 TRUCK1 DEPOT1 LEVEL0 LEVEL1 LEVEL0 LEVEL1) [1]
Pruned:  0: (UNLOAD GOODS1 TRUCK1 DEPOT1 LEVEL0 LEVEL1 LEVEL0 LEVEL1) [1]
Pruned:  0: (UNLOAD GOODS1 TRUCK1 DEPOT1 LEVEL0 LEVEL1 LEVEL0 LEVEL1) [1]
Pruned:  0: (UNLOAD GOODS1 TRUCK1 DEPOT1 LEVEL0 LEVEL1 LEVEL0 LEVEL1) [1]
Pruned:  0: (UNLOAD GOODS1 TRUCK1 DEPOT1 LEVEL0 LEVEL1 LEVEL0 LEVEL1) [1]
Pruned:  0: (UNLOAD GOODS1 TRUCK1 DEPOT1 LEVEL0 LEVEL1 LEVEL0 LEVEL1) [1]
Pruned:  0: (UNLOAD GOODS1 TRUCK1 DEPOT1 LEVEL0 LEVEL1 LEVEL0 LEVEL1) [1]
Pruned:  0: (UNLOAD GOODS1 TRUCK1 DEPOT1 LEVEL0 LEVEL1 LEVEL0 LEVEL1) [1]
Pruned:  0: (UNLOAD GOODS1 TRUCK1 DEPOT1 LEVEL0 LEVEL1 LEVEL0 LEVEL1) [1]
Pruned:  0: (UNLOAD GOODS1 TRUCK1 DEPOT1 LEVEL0 LEVEL1 LEVEL0 LEVEL1) [1]
Pruned:  0: (UNLOAD GOODS1 TRUCK1 DEPOT1 LEVEL0 LEVEL1 LEVEL0 LEVEL1) [1]
Pruned:  0: (UNLOAD GOODS1 TRUCK1 DEPOT1 LEVEL0 LEVEL1 LEVEL0 LEVEL1) [1]
Pruned:  0: (UNLOAD GOODS1 TRUCK1 DEPOT1 LEVEL0 LEVEL1 LEVEL0 LEVEL1) [1]
Pruned:  0: (UNLOAD GOODS1 TRUCK1 DEPOT1 LEVEL0 LEVEL1 LEVEL0 LEVEL1) [1]
Pruned:  0: (UNLOAD GOODS1 TRUCK1 DEPOT1 LEVEL0 LEVEL1 LEVEL0 LEVEL1) [1]
Pruned:  0: (UNLOAD GOODS1 TRUCK1 DEPOT1 LEVEL0 LEVEL1 LEVEL0 LEVEL1) [1]
Pruned:  0: (UNLOAD GOODS1 TRUCK1 DEPOT1 LEVEL0 LEVEL1 LEVEL0 LEVEL1) [1]
Pruned:  0: (UNLOAD GOODS1 TRUCK1 DEPOT1 LEVEL0 LEVEL1 LEVEL0 LEVEL1) [1]
Pruned:  0: (UNLOAD GOODS1 TRUCK1 DEPOT1 LEVEL0 LEVEL1 LEVEL0 LEVEL1) [1]
Pruned:  0: (UNLOAD GOODS1 TRUCK1 DEPOT1 LEVEL0 LEVEL1 LEVEL0 LEVEL1) [1]
Pruned:  0: (UNLOAD GOODS1 TRUCK1 DEPOT1 LEVEL0 LEVEL1 LEVEL0 LEVEL1) [1]
Pruned:  0: (UNLOAD GOODS1 TRUCK1 DEPOT1 LEVEL0 LEVEL1 LEVEL0 LEVEL1) [1]
Pruned:  0: (UNLOAD GOODS1 TRUCK1 DEPOT1 LEVEL0 LEVEL1 LEVEL0 LEVEL1) [1]
Pruned:  0: (UNLOAD GOODS1 TRUCK1 DEPOT1 LEVEL0 LEVEL1 LEVEL0 LEVEL1) [1]
Pruned:  0: (UNLOAD GOODS1 TRUCK1 DEPOT1 LEVEL0 LEVEL1 LEVEL0 LEVEL1) [1]
Pruned:  0: (UNLOAD GOODS1 TRUCK1 DEPOT1 LEVEL0 LEVEL1 LEVEL0 LEVEL1) [1]
Pruned:  0: (UNLOAD GOODS1 TRUCK1 DEPOT1 LEVEL0 LEVEL1 LEVEL0 LEVEL1) [1]
Pruned:  0: (UNLOAD GOODS1 TRUCK1 DEPOT1 LEVEL0 LEVEL1 LEVEL0 LEVEL1) [1]
Pruned:  0: (UNLOAD GOODS1 TRUCK1 DEPOT1 LEVEL0 LEVEL1 LEVEL0 LEVEL1) [1]
Pruned:  0: (UNLOAD GOODS1 TRUCK1 DEPOT1 LEVEL0 LEVEL1 LEVEL0 LEVEL1) [1]
Pruned:  0: (UNLOAD GOODS1 TRUCK1 DEPOT1 LEVEL0 LEVEL1 LEVEL0 LEVEL1) [1]
Pruned:  0: (UNLOAD GOODS1 TRUCK1 DEPOT1 LEVEL0 LEVEL1 LEVEL0 LEVEL1) [1]
Pruned:  0: (UNLOAD GOODS1 TRUCK1 DEPOT1 LEVEL0 LEVEL1 LEVEL0 LEVEL1) [1]
Pruned:  0: (UNLOAD GOODS1 TRUCK1 DEPOT1 LEVEL0 LEVEL1 LEVEL0 LEVEL1) [1]
Pruned:  0: (UNLOAD GOODS1 TRUCK1 DEPOT1 LEVEL0 LEVEL1 LEVEL0 LEVEL1) [1]
Pruned:  0: (UNLOAD GOODS1 TRUCK1 DEPOT1 LEVEL0 LEVEL1 LEVEL0 LEVEL1) [1]
Pruned:  0: (UNLOAD GOODS1 TRUCK1 DEPOT1 LEVEL0 LEVEL1 LEVEL0 LEVEL1) [1]
Pruned:  0: (UNLOAD GOODS1 TRUCK1 DEPOT1 LEVEL0 LEVEL1 LEVEL0 LEVEL1) [1]
Pruned:  0: (UNLOAD GOODS1 TRUCK1 DEPOT1 LEVEL0 LEVEL1 LEVEL0 LEVEL1) [1]
Pruned:  0: (UNLOAD GOODS1 TRUCK1 DEPOT1 LEVEL0 LEVEL1 LEVEL0 LEVEL1) [1]
Pruned:  0: (UNLOAD GOODS1 TRUCK1 DEPOT1 LEVEL0 LEVEL1 LEVEL0 LEVEL1) [1]
Pruned:  0: (UNLOAD GOODS1 TRUCK1 DEPOT1 LEVEL0 LEVEL1 LEVEL0 LEVEL1) [1]
Pruned:  0: (UNLOAD GOODS1 TRUCK1 DEPOT1 LEVEL0 LEVEL1 LEVEL0 LEVEL1) [1]
Pruned:  0: (UNLOAD GOODS1 TRUCK1 DEPOT1 LEVEL0 LEVEL1 LEVEL0 LEVEL1) [1]
Pruned:  0: (UNLOAD GOODS1 TRUCK1 DEPOT1 LEVEL0 LEVEL1 LEVEL0 LEVEL1) [1]
Pruned:  0: (UNLOAD GOODS1 TRUCK1 DEPOT1 LEVEL0 LEVEL1 LEVEL0 LEVEL1) [1]
Pruned:  0: (UNLOAD GOODS1 TRUCK1 DEPOT1 LEVEL0 LEVEL1 LEVEL0 LEVEL1) [1]
Pruned:  0: (UNLOAD GOODS1 TRUCK1 DEPOT1 LEVEL0 LEVEL1 LEVEL0 LEVEL1) [1]
Pruned:  0: (UNLOAD GOODS1 TRUCK1 DEPOT1 LEVEL0 LEVEL1 LEVEL0 LEVEL1) [1]
Pruned:  0: (UNLOAD GOODS1 TRUCK1 DEPOT1 LEVEL0 LEVEL1 LEVEL0 LEVEL1) [1]
Pruned:  0: (UNLOAD GOODS1 TRUCK1 DEPOT1 LEVEL0 LEVEL1 LEVEL0 LEVEL1) [1]
Pruned:  0: (UNLOAD GOODS1 TRUCK1 DEPOT1 LEVEL0 LEVEL1 LEVEL0 LEVEL1) [1]
Pruned:  0: (UNLOAD GOODS1 TRUCK1 DEPOT1 LEVEL0 LEVEL1 LEVEL0 LEVEL1) [1]
Pruned:  0: (UNLOAD GOODS1 TRUCK1 DEPOT1 LEVEL0 LEVEL1 LEVEL0 LEVEL1) [1]
Pruned:  0: (UNLOAD GOODS1 TRUCK1 DEPOT1 LEVEL0 LEVEL1 LEVEL0 LEVEL1) [1]
Pruned:  0: (UNLOAD GOODS1 TRUCK1 DEPOT1 LEVEL0 LEVEL1 LEVEL0 LEVEL1) [1]
Pruned:  0: (UNLOAD GOODS1 TRUCK1 DEPOT1 LEVEL0 LEVEL1 LEVEL0 LEVEL1) [1]
Pruned:  0: (UNLOAD GOODS1 TRUCK1 DEPOT1 LEVEL0 LEVEL1 LEVEL0 LEVEL1) [1]
Pruned:  0: (UNLOAD GOODS1 TRUCK1 DEPOT1 LEVEL0 LEVEL1 LEVEL0 LEVEL1) [1]
Pruned:  0: (UNLOAD GOODS1 TRUCK1 DEPOT1 LEVEL0 LEVEL1 LEVEL0 LEVEL1) [1]
Pruned:  0: (UNLOAD GOODS1 TRUCK1 DEPOT1 LEVEL0 LEVEL1 LEVEL0 LEVEL1) [1]
Pruned:  0: (UNLOAD GOODS1 TRUCK1 DEPOT1 LEVEL0 LEVEL1 LEVEL0 LEVEL1) [1]
Pruned:  0: (UNLOAD GOODS1 TRUCK1 DEPOT1 LEVEL0 LEVEL1 LEVEL0 LEVEL1) [1]
Pruned:  0: (UNLOAD GOODS1 TRUCK1 DEPOT1 LEVEL0 LEVEL1 LEVEL0 LEVEL1) [1]
Pruned:  0: (UNLOAD GOODS1 TRUCK1 DEPOT1 LEVEL0 LEVEL1 LEVEL0 LEVEL1) [1]
Pruned:  0: (UNLOAD GOODS1 TRUCK1 DEPOT1 LEVEL0 LEVEL1 LEVEL0 LEVEL1) [1]
Pruned:  0: (UNLOAD GOODS1 TRUCK1 DEPOT1 LEVEL0 LEVEL1 LEVEL0 LEVEL1) [1]
Pruned:  0: (UNLOAD GOODS1 TRUCK1 DEPOT1 LEVEL0 LEVEL1 LEVEL0 LEVEL1) [1]
Pruned:  0: (UNLOAD GOODS1 TRUCK1 DEPOT1 LEVEL0 LEVEL1 LEVEL0 LEVEL1) [1]
Pruned:  0: (UNLOAD GOODS1 TRUCK1 DEPOT1 LEVEL0 LEVEL1 LEVEL0 LEVEL1) [1]
Pruned:  0: (UNLOAD GOODS1 TRUCK1 DEPOT1 LEVEL0 LEVEL1 LEVEL0 LEVEL1) [1]
Pruned:  0: (UNLOAD GOODS1 TRUCK1 DEPOT1 LEVEL0 LEVEL1 LEVEL0 LEVEL1) [1]
Pruned:  0: (UNLOAD GOODS1 TRUCK1 DEPOT1 LEVEL0 LEVEL1 LEVEL0 LEVEL1) [1]
Pruned:  0: (UNLOAD GOODS1 TRUCK1 DEPOT1 LEVEL0 LEVEL1 LEVEL0 LEVEL1) [1]
Pruned:  0: (UNLOAD GOODS1 TRUCK1 DEPOT1 LEVEL0 LEVEL1 LEVEL0 LEVEL1) [1]
Pruned:  0: (UNLOAD GOODS1 TRUCK1 DEPOT1 LEVEL0 LEVEL1 LEVEL0 LEVEL1) [1]
Pruned:  0: (UNLOAD GOODS1 TRUCK1 DEPOT1 LEVEL0 LEVEL1 LEVEL0 LEVEL1) [1]
Pruned:  0: (UNLOAD GOODS1 TRUCK1 DEPOT1 LEVEL0 LEVEL1 LEVEL0 LEVEL1) [1]
Pruned:  0: (UNLOAD GOODS1 TRUCK1 DEPOT1 LEVEL0 LEVEL1 LEVEL0 LEVEL1) [1]
Pruned:  0: (UNLOAD GOODS1 TRUCK1 DEPOT1 LEVEL0 LEVEL1 LEVEL0 LEVEL1) [1]
Pruned:  0: (UNLOAD GOODS1 TRUCK1 DEPOT1 LEVEL0 LEVEL1 LEVEL0 LEVEL1) [1]
Pruned:  0: (UNLOAD GOODS1 TRUCK1 DEPOT1 LEVEL0 LEVEL1 LEVEL0 LEVEL1) [1]
Pruned:  0: (UNLOAD GOODS1 TRUCK1 DEPOT1 LEVEL0 LEVEL1 LEVEL0 LEVEL1) [1]
Pruned:  0: (UNLOAD GOODS1 TRUCK1 DEPOT1 LEVEL0 LEVEL1 LEVEL0 LEVEL1) [1]
Pruned:  0: (UNLOAD GOODS1 TRUCK1 DEPOT1 LEVEL0 LEVEL1 LEVEL0 LEVEL1) [1]
Pruned:  0: (UNLOAD GOODS1 TRUCK1 DEPOT1 LEVEL0 LEVEL1 LEVEL0 LEVEL1) [1]
Pruned:  0: (UNLOAD GOODS1 TRUCK1 DEPOT1 LEVEL0 LEVEL1 LEVEL0 LEVEL1) [1]
Pruned:  0: (UNLOAD GOODS1 TRUCK1 DEPOT1 LEVEL0 LEVEL1 LEVEL0 LEVEL1) [1]
Pruned:  0: (UNLOAD GOODS1 TRUCK1 DEPOT1 LEVEL0 LEVEL1 LEVEL0 LEVEL1) [1]
Pruned:  0: (UNLOAD GOODS1 TRUCK1 DEPOT1 LEVEL0 LEVEL1 LEVEL0 LEVEL1) [1]
Pruned:  0: (UNLOAD GOODS1 TRUCK1 DEPOT1 LEVEL0 LEVEL1 LEVEL0 LEVEL1) [1]
Pruned:  0: (UNLOAD GOODS1 TRUCK1 DEPOT1 LEVEL0 LEVEL1 LEVEL0 LEVEL1) [1]
Pruned:  0: (UNLOAD GOODS1 TRUCK1 DEPOT1 LEVEL0 LEVEL1 LEVEL0 LEVEL1) [1]
Pruned:  0: (UNLOAD GOODS1 TRUCK1 DEPOT1 LEVEL0 LEVEL1 LEVEL0 LEVEL1) [1]
Pruned:  0: (UNLOAD GOODS1 TRUCK1 DEPOT1 LEVEL0 LEVEL1 LEVEL0 LEVEL1) [1]
Pruned:  0: (UNLOAD GOODS1 TRUCK1 DEPOT1 LEVEL0 LEVEL1 LEVEL0 LEVEL1) [1]
Pruned:  0: (UNLOAD GOODS1 TRUCK1 DEPOT1 LEVEL0 LEVEL1 LEVEL0 LEVEL1) [1]
Pruned:  0: (UNLOAD GOODS1 TRUCK1 DEPOT1 LEVEL0 LEVEL1 LEVEL0 LEVEL1) [1]
Pruned:  0: (UNLOAD GOODS1 TRUCK1 DEPOT1 LEVEL0 LEVEL1 LEVEL0 LEVEL1) [1]
Pruned:  0: (UNLOAD GOODS1 TRUCK1 DEPOT1 LEVEL0 LEVEL1 LEVEL0 LEVEL1) [1]
Pruned:  0: (UNLOAD GOODS1 TRUCK1 DEPOT1 LEVEL0 LEVEL1 LEVEL0 LEVEL1) [1]
Pruned:  0: (UNLOAD GOODS1 TRUCK1 DEPOT1 LEVEL0 LEVEL1 LEVEL0 LEVEL1) [1]
Pruned:  0: (UNLOAD GOODS1 TRUCK1 DEPOT1 LEVEL0 LEVEL1 LEVEL0 LEVEL1) [1]
Pruned:  0: (UNLOAD GOODS1 TRUCK1 DEPOT1 LEVEL0 LEVEL1 LEVEL0 LEVEL1) [1]
Pruned:  0: (UNLOAD GOODS1 TRUCK1 DEPOT1 LEVEL0 LEVEL1 LEVEL0 LEVEL1) [1]
Pruned:  0: (UNLOAD GOODS1 TRUCK1 DEPOT1 LEVEL0 LEVEL1 LEVEL0 LEVEL1) [1]
Pruned:  0: (UNLOAD GOODS1 TRUCK1 DEPOT1 LEVEL0 LEVEL1 LEVEL0 LEVEL1) [1]
Pruned:  0: (UNLOAD GOODS1 TRUCK1 DEPOT1 LEVEL0 LEVEL1 LEVEL0 LEVEL1) [1]
Pruned:  0: (UNLOAD GOODS1 TRUCK1 DEPOT1 LEVEL0 LEVEL1 LEVEL0 LEVEL1) [1]
Pruned:  0: (UNLOAD GOODS1 TRUCK1 DEPOT1 LEVEL0 LEVEL1 LEVEL0 LEVEL1) [1]
Pruned:  0: (UNLOAD GOODS1 TRUCK1 DEPOT1 LEVEL0 LEVEL1 LEVEL0 LEVEL1) [1]
Pruned:  0: (UNLOAD GOODS1 TRUCK1 DEPOT1 LEVEL0 LEVEL1 LEVEL0 LEVEL1) [1]
Pruned:  0: (UNLOAD GOODS1 TRUCK1 DEPOT1 LEVEL0 LEVEL1 LEVEL0 LEVEL1) [1]
Pruned:  0: (UNLOAD GOODS1 TRUCK1 DEPOT1 LEVEL0 LEVEL1 LEVEL0 LEVEL1) [1]
Pruned:  0: (UNLOAD GOODS1 TRUCK1 DEPOT1 LEVEL0 LEVEL1 LEVEL0 LEVEL1) [1]
Pruned:  0: (UNLOAD GOODS1 TRUCK1 DEPOT1 LEVEL0 LEVEL1 LEVEL0 LEVEL1) [1]
Pruned:  1: (DRIVE TRUCK2 MARKET2 DEPOT1) [1]
Pruned:  2: (DRIVE TRUCK2 DEPOT1 MARKET2) [1]
Pruned:  3: (DRIVE TRUCK2 MARKET2 MARKET1) [1]
---SatPlan Version: 1.1
***SAT!***

Solved in 7 layers

Real Time: = 0.03
User Time: = 0.01
Syst Time: = 0.01

__MEMKB 1920
