---SatPlan Version: 1.1

bb: parsing domain file
domain 'TPP-PROPOSITIONAL' defined
 ... done.
bb: parsing problem file
problem 'TPP' defined
 ... done.


time:   0,    53 facts and       0 exclusive pairs
              56 ops   and       3 exclusive pairs
time:   1,    56 facts and       3 exclusive pairs

creating thin gp-based encoding...
plan graph layer 0...
plan graph layer 1...
goal constraints...

goal fact not coded - level too low??


bb: parsing domain file
domain 'TPP-PROPOSITIONAL' defined
 ... done.
bb: parsing problem file
problem 'TPP' defined
 ... done.


time:   0,    53 facts and       0 exclusive pairs
              56 ops   and       3 exclusive pairs
time:   1,    56 facts and       3 exclusive pairs
              74 ops   and      93 exclusive pairs
time:   2,    66 facts and      26 exclusive pairs

creating thin gp-based encoding...
plan graph layer 0...
plan graph layer 1...
plan graph layer 2...
goal constraints...

goal fact not coded - level too low??


bb: parsing domain file
domain 'TPP-PROPOSITIONAL' defined
 ... done.
bb: parsing problem file
problem 'TPP' defined
 ... done.


time:   0,    53 facts and       0 exclusive pairs
              56 ops   and       3 exclusive pairs
time:   1,    56 facts and       3 exclusive pairs
              74 ops   and      93 exclusive pairs
time:   2,    66 facts and      26 exclusive pairs
             105 ops   and     473 exclusive pairs
time:   3,    79 facts and      92 exclusive pairs

creating thin gp-based encoding...
plan graph layer 0...
plan graph layer 1...
plan graph layer 2...
plan graph layer 3...
goal constraints...

goal fact not coded - level too low??


bb: parsing domain file
domain 'TPP-PROPOSITIONAL' defined
 ... done.
bb: parsing problem file
problem 'TPP' defined
 ... done.


time:   0,    53 facts and       0 exclusive pairs
              56 ops   and       3 exclusive pairs
time:   1,    56 facts and       3 exclusive pairs
              74 ops   and      93 exclusive pairs
time:   2,    66 facts and      26 exclusive pairs
             105 ops   and     473 exclusive pairs
time:   3,    79 facts and      92 exclusive pairs
             151 ops   and    1511 exclusive pairs
time:   4,    98 facts and     132 exclusive pairs

creating thin gp-based encoding...
plan graph layer 0...
plan graph layer 1...
plan graph layer 2...
plan graph layer 3...
plan graph layer 4...
goal constraints...

goal fact not coded - level too low??


bb: parsing domain file
domain 'TPP-PROPOSITIONAL' defined
 ... done.
bb: parsing problem file
problem 'TPP' defined
 ... done.


time:   0,    53 facts and       0 exclusive pairs
              56 ops   and       3 exclusive pairs
time:   1,    56 facts and       3 exclusive pairs
              74 ops   and      93 exclusive pairs
time:   2,    66 facts and      26 exclusive pairs
             105 ops   and     473 exclusive pairs
time:   3,    79 facts and      92 exclusive pairs
             151 ops   and    1511 exclusive pairs
time:   4,    98 facts and     132 exclusive pairs
             230 ops   and    4101 exclusive pairs
time:   5,   125 facts and     276 exclusive pairs

creating thin gp-based encoding...
plan graph layer 0...
plan graph layer 1...
plan graph layer 2...
plan graph layer 3...
plan graph layer 4...
plan graph layer 5...
goal constraints...

goal fact not coded - level too low??


bb: parsing domain file
domain 'TPP-PROPOSITIONAL' defined
 ... done.
bb: parsing problem file
problem 'TPP' defined
 ... done.


time:   0,    53 facts and       0 exclusive pairs
              56 ops   and       3 exclusive pairs
time:   1,    56 facts and       3 exclusive pairs
              74 ops   and      93 exclusive pairs
time:   2,    66 facts and      26 exclusive pairs
             105 ops   and     473 exclusive pairs
time:   3,    79 facts and      92 exclusive pairs
             151 ops   and    1511 exclusive pairs
time:   4,    98 facts and     132 exclusive pairs
             230 ops   and    4101 exclusive pairs
time:   5,   125 facts and     276 exclusive pairs
             335 ops   and    9396 exclusive pairs
time:   6,   142 facts and     325 exclusive pairs

creating thin gp-based encoding...
plan graph layer 0...
plan graph layer 1...
plan graph layer 2...
plan graph layer 3...
plan graph layer 4...
plan graph layer 5...
plan graph layer 6...
goal constraints...

goal fact not coded - level too low??


bb: parsing domain file
domain 'TPP-PROPOSITIONAL' defined
 ... done.
bb: parsing problem file
problem 'TPP' defined
 ... done.


time:   0,    53 facts and       0 exclusive pairs
              56 ops   and       3 exclusive pairs
time:   1,    56 facts and       3 exclusive pairs
              74 ops   and      93 exclusive pairs
time:   2,    66 facts and      26 exclusive pairs
             105 ops   and     473 exclusive pairs
time:   3,    79 facts and      92 exclusive pairs
             151 ops   and    1511 exclusive pairs
time:   4,    98 facts and     132 exclusive pairs
             230 ops   and    4101 exclusive pairs
time:   5,   125 facts and     276 exclusive pairs
             335 ops   and    9396 exclusive pairs
time:   6,   142 facts and     325 exclusive pairs
             439 ops   and   17578 exclusive pairs
time:   7,   163 facts and     444 exclusive pairs

creating thin gp-based encoding...
plan graph layer 0...
plan graph layer 1...
plan graph layer 2...
plan graph layer 3...
plan graph layer 4...
plan graph layer 5...
plan graph layer 6...
plan graph layer 7...
goal constraints...

goal fact not coded - level too low??


bb: parsing domain file
domain 'TPP-PROPOSITIONAL' defined
 ... done.
bb: parsing problem file
problem 'TPP' defined
 ... done.


time:   0,    53 facts and       0 exclusive pairs
              56 ops   and       3 exclusive pairs
time:   1,    56 facts and       3 exclusive pairs
              74 ops   and      93 exclusive pairs
time:   2,    66 facts and      26 exclusive pairs
             105 ops   and     473 exclusive pairs
time:   3,    79 facts and      92 exclusive pairs
             151 ops   and    1511 exclusive pairs
time:   4,    98 facts and     132 exclusive pairs
             230 ops   and    4101 exclusive pairs
time:   5,   125 facts and     276 exclusive pairs
             335 ops   and    9396 exclusive pairs
time:   6,   142 facts and     325 exclusive pairs
             439 ops   and   17578 exclusive pairs
time:   7,   163 facts and     444 exclusive pairs
             523 ops   and   26391 exclusive pairs
time:   8,   164 facts and     333 exclusive pairs

creating thin gp-based encoding...
plan graph layer 0...
plan graph layer 1...
plan graph layer 2...
plan graph layer 3...
plan graph layer 4...
plan graph layer 5...
plan graph layer 6...
plan graph layer 7...
plan graph layer 8...
goal constraints...

goal fact not coded - level too low??


bb: parsing domain file
domain 'TPP-PROPOSITIONAL' defined
 ... done.
bb: parsing problem file
problem 'TPP' defined
 ... done.


time:   0,    53 facts and       0 exclusive pairs
              56 ops   and       3 exclusive pairs
time:   1,    56 facts and       3 exclusive pairs
              74 ops   and      93 exclusive pairs
time:   2,    66 facts and      26 exclusive pairs
             105 ops   and     473 exclusive pairs
time:   3,    79 facts and      92 exclusive pairs
             151 ops   and    1511 exclusive pairs
time:   4,    98 facts and     132 exclusive pairs
             230 ops   and    4101 exclusive pairs
time:   5,   125 facts and     276 exclusive pairs
             335 ops   and    9396 exclusive pairs
time:   6,   142 facts and     325 exclusive pairs
             439 ops   and   17578 exclusive pairs
time:   7,   163 facts and     444 exclusive pairs
             523 ops   and   26391 exclusive pairs
time:   8,   164 facts and     333 exclusive pairs
             611 ops   and   37443 exclusive pairs
time:   9,   181 facts and     464 exclusive pairs

creating thin gp-based encoding...
plan graph layer 0...
plan graph layer 1...
plan graph layer 2...
plan graph layer 3...
plan graph layer 4...
plan graph layer 5...
plan graph layer 6...
plan graph layer 7...
plan graph layer 8...
plan graph layer 9...
goal constraints...

goal fact not coded - level too low??


bb: parsing domain file
domain 'TPP-PROPOSITIONAL' defined
 ... done.
bb: parsing problem file
problem 'TPP' defined
 ... done.


time:   0,    53 facts and       0 exclusive pairs
              56 ops   and       3 exclusive pairs
time:   1,    56 facts and       3 exclusive pairs
              74 ops   and      93 exclusive pairs
time:   2,    66 facts and      26 exclusive pairs
             105 ops   and     473 exclusive pairs
time:   3,    79 facts and      92 exclusive pairs
             151 ops   and    1511 exclusive pairs
time:   4,    98 facts and     132 exclusive pairs
             230 ops   and    4101 exclusive pairs
time:   5,   125 facts and     276 exclusive pairs
             335 ops   and    9396 exclusive pairs
time:   6,   142 facts and     325 exclusive pairs
             439 ops   and   17578 exclusive pairs
time:   7,   163 facts and     444 exclusive pairs
             523 ops   and   26391 exclusive pairs
time:   8,   164 facts and     333 exclusive pairs
             611 ops   and   37443 exclusive pairs
time:   9,   181 facts and     464 exclusive pairs
             682 ops   and   47336 exclusive pairs
time:  10,   185 facts and     395 exclusive pairs

creating thin gp-based encoding...
plan graph layer 0...
plan graph layer 1...
plan graph layer 2...
plan graph layer 3...
plan graph layer 4...
plan graph layer 5...
plan graph layer 6...
plan graph layer 7...
plan graph layer 8...
plan graph layer 9...
plan graph layer 10...
goal constraints...

goal fact not coded - level too low??


bb: parsing domain file
domain 'TPP-PROPOSITIONAL' defined
 ... done.
bb: parsing problem file
problem 'TPP' defined
 ... done.


time:   0,    53 facts and       0 exclusive pairs
              56 ops   and       3 exclusive pairs
time:   1,    56 facts and       3 exclusive pairs
              74 ops   and      93 exclusive pairs
time:   2,    66 facts and      26 exclusive pairs
             105 ops   and     473 exclusive pairs
time:   3,    79 facts and      92 exclusive pairs
             151 ops   and    1511 exclusive pairs
time:   4,    98 facts and     132 exclusive pairs
             230 ops   and    4101 exclusive pairs
time:   5,   125 facts and     276 exclusive pairs
             335 ops   and    9396 exclusive pairs
time:   6,   142 facts and     325 exclusive pairs
             439 ops   and   17578 exclusive pairs
time:   7,   163 facts and     444 exclusive pairs
             523 ops   and   26391 exclusive pairs
time:   8,   164 facts and     333 exclusive pairs
             611 ops   and   37443 exclusive pairs
time:   9,   181 facts and     464 exclusive pairs
             682 ops   and   47336 exclusive pairs
time:  10,   185 facts and     395 exclusive pairs
             791 ops   and   64823 exclusive pairs
time:  11,   189 facts and     375 exclusive pairs

creating thin gp-based encoding...
plan graph layer 0...
plan graph layer 1...
plan graph layer 2...
plan graph layer 3...
plan graph layer 4...
plan graph layer 5...
plan graph layer 6...
plan graph layer 7...
plan graph layer 8...
plan graph layer 9...
plan graph layer 10...
plan graph layer 11...
goal constraints...
exclusion constraints layer 0...
exclusion constraints layer 1...
exclusion constraints layer 2...
exclusion constraints layer 3...
exclusion constraints layer 4...
exclusion constraints layer 5...
exclusion constraints layer 6...
exclusion constraints layer 7...
exclusion constraints layer 8...
exclusion constraints layer 9...
exclusion constraints layer 10...
exclusion constraints layer 11...

DECISION LAYER 11, WRITING THIN GP-BASED ENCODING WITH 5498 VARS, 57316 CLAUSES.

time spent:    0.00 seconds instantiating 1536 action templates
               0.00 seconds reachability analysis, yielding 222 facts and 879 actions
               0.00 seconds collecting 202 relevant facts
               0.00 seconds building connectivity graph
               0.00 seconds building (std) graph
               0.03 seconds CNF output time
               0.03 seconds total planner time (solving not included)


***Solving***


[ filemap ]
[ extract ]

variables : 5498
pure lits : 235

1-clauses : 7
2-clauses : 56295
3-clauses : 96
n-clauses : 918
discarded : 0

[ solve ]


unsatisfiable                             

[ stats ]

decisions : 698
conflicts : 236
time : ~0.01

***UNSAT***


bb: parsing domain file
domain 'TPP-PROPOSITIONAL' defined
 ... done.
bb: parsing problem file
problem 'TPP' defined
 ... done.


time:   0,    53 facts and       0 exclusive pairs
              56 ops   and       3 exclusive pairs
time:   1,    56 facts and       3 exclusive pairs
              74 ops   and      93 exclusive pairs
time:   2,    66 facts and      26 exclusive pairs
             105 ops   and     473 exclusive pairs
time:   3,    79 facts and      92 exclusive pairs
             151 ops   and    1511 exclusive pairs
time:   4,    98 facts and     132 exclusive pairs
             230 ops   and    4101 exclusive pairs
time:   5,   125 facts and     276 exclusive pairs
             335 ops   and    9396 exclusive pairs
time:   6,   142 facts and     325 exclusive pairs
             439 ops   and   17578 exclusive pairs
time:   7,   163 facts and     444 exclusive pairs
             523 ops   and   26391 exclusive pairs
time:   8,   164 facts and     333 exclusive pairs
             611 ops   and   37443 exclusive pairs
time:   9,   181 facts and     464 exclusive pairs
             682 ops   and   47336 exclusive pairs
time:  10,   185 facts and     395 exclusive pairs
             791 ops   and   64823 exclusive pairs
time:  11,   189 facts and     375 exclusive pairs
             795 ops   and   64728 exclusive pairs
time:  12,   189 facts and     342 exclusive pairs

creating thin gp-based encoding...
plan graph layer 0...
plan graph layer 1...
plan graph layer 2...
plan graph layer 3...
plan graph layer 4...
plan graph layer 5...
plan graph layer 6...
plan graph layer 7...
plan graph layer 8...
plan graph layer 9...
plan graph layer 10...
plan graph layer 11...
plan graph layer 12...
goal constraints...
exclusion constraints layer 0...
exclusion constraints layer 1...
exclusion constraints layer 2...
exclusion constraints layer 3...
exclusion constraints layer 4...
exclusion constraints layer 5...
exclusion constraints layer 6...
exclusion constraints layer 7...
exclusion constraints layer 8...
exclusion constraints layer 9...
exclusion constraints layer 10...
exclusion constraints layer 11...
exclusion constraints layer 12...

DECISION LAYER 12, WRITING THIN GP-BASED ENCODING WITH 6482 VARS, 72424 CLAUSES.

time spent:    0.00 seconds instantiating 1536 action templates
               0.00 seconds reachability analysis, yielding 222 facts and 879 actions
               0.00 seconds collecting 202 relevant facts
               0.00 seconds building connectivity graph
               0.00 seconds building (std) graph
               0.04 seconds CNF output time
               0.04 seconds total planner time (solving not included)


***Solving***


[ filemap ]
[ extract ]

variables : 6482
pure lits : 235

1-clauses : 7
2-clauses : 71232
3-clauses : 105
n-clauses : 1080
discarded : 0

[ solve ]


unsatisfiable                             

[ stats ]

decisions : 4864
conflicts : 1218
time : ~0.026

***UNSAT***


bb: parsing domain file
domain 'TPP-PROPOSITIONAL' defined
 ... done.
bb: parsing problem file
problem 'TPP' defined
 ... done.


time:   0,    53 facts and       0 exclusive pairs
              56 ops   and       3 exclusive pairs
time:   1,    56 facts and       3 exclusive pairs
              74 ops   and      93 exclusive pairs
time:   2,    66 facts and      26 exclusive pairs
             105 ops   and     473 exclusive pairs
time:   3,    79 facts and      92 exclusive pairs
             151 ops   and    1511 exclusive pairs
time:   4,    98 facts and     132 exclusive pairs
             230 ops   and    4101 exclusive pairs
time:   5,   125 facts and     276 exclusive pairs
             335 ops   and    9396 exclusive pairs
time:   6,   142 facts and     325 exclusive pairs
             439 ops   and   17578 exclusive pairs
time:   7,   163 facts and     444 exclusive pairs
             523 ops   and   26391 exclusive pairs
time:   8,   164 facts and     333 exclusive pairs
             611 ops   and   37443 exclusive pairs
time:   9,   181 facts and     464 exclusive pairs
             682 ops   and   47336 exclusive pairs
time:  10,   185 facts and     395 exclusive pairs
             791 ops   and   64823 exclusive pairs
time:  11,   189 facts and     375 exclusive pairs
             795 ops   and   64728 exclusive pairs
time:  12,   189 facts and     342 exclusive pairs
graph has leveled off at time step 13


             867 ops   and   78585 exclusive pairs
time:  13,   189 facts and     342 exclusive pairs

creating thin gp-based encoding...
plan graph layer 0...
plan graph layer 1...
plan graph layer 2...
plan graph layer 3...
plan graph layer 4...
plan graph layer 5...
plan graph layer 6...
plan graph layer 7...
plan graph layer 8...
plan graph layer 9...
plan graph layer 10...
plan graph layer 11...
plan graph layer 12...
plan graph layer 13...
goal constraints...
exclusion constraints layer 0...
exclusion constraints layer 1...
exclusion constraints layer 2...
exclusion constraints layer 3...
exclusion constraints layer 4...
exclusion constraints layer 5...
exclusion constraints layer 6...
exclusion constraints layer 7...
exclusion constraints layer 8...
exclusion constraints layer 9...
exclusion constraints layer 10...
exclusion constraints layer 11...
exclusion constraints layer 12...
exclusion constraints layer 13...

DECISION LAYER 13, WRITING THIN GP-BASED ENCODING WITH 7538 VARS, 90790 CLAUSES.

time spent:    0.00 seconds instantiating 1536 action templates
               0.00 seconds reachability analysis, yielding 222 facts and 879 actions
               0.00 seconds collecting 202 relevant facts
               0.00 seconds building connectivity graph
               0.00 seconds building (std) graph
               0.05 seconds CNF output time
               0.05 seconds total planner time (solving not included)


***Solving***


[ filemap ]
[ extract ]

variables : 7538
pure lits : 235

1-clauses : 7
2-clauses : 89427
3-clauses : 114
n-clauses : 1242
discarded : 0

[ solve ]


satisfiable                             

[ stats ]

decisions : 7254
conflicts : 443
time : ~0.01


bb: parsing domain file
domain 'TPP-PROPOSITIONAL' defined
 ... done.
bb: parsing problem file
problem 'TPP' defined
 ... done.


time:   0,    53 facts and       0 exclusive pairs
              56 ops   and       3 exclusive pairs
time:   1,    56 facts and       3 exclusive pairs
              74 ops   and      93 exclusive pairs
time:   2,    66 facts and      26 exclusive pairs
             105 ops   and     473 exclusive pairs
time:   3,    79 facts and      92 exclusive pairs
             151 ops   and    1511 exclusive pairs
time:   4,    98 facts and     132 exclusive pairs
             230 ops   and    4101 exclusive pairs
time:   5,   125 facts and     276 exclusive pairs
             335 ops   and    9396 exclusive pairs
time:   6,   142 facts and     325 exclusive pairs
             439 ops   and   17578 exclusive pairs
time:   7,   163 facts and     444 exclusive pairs
             523 ops   and   26391 exclusive pairs
time:   8,   164 facts and     333 exclusive pairs
             611 ops   and   37443 exclusive pairs
time:   9,   181 facts and     464 exclusive pairs
             682 ops   and   47336 exclusive pairs
time:  10,   185 facts and     395 exclusive pairs
             791 ops   and   64823 exclusive pairs
time:  11,   189 facts and     375 exclusive pairs
             795 ops   and   64728 exclusive pairs
time:  12,   189 facts and     342 exclusive pairs
graph has leveled off at time step 13


             867 ops   and   78585 exclusive pairs
time:  13,   189 facts and     342 exclusive pairs

creating thin gp-based encoding...
plan graph layer 0...
plan graph layer 1...
plan graph layer 2...
plan graph layer 3...
plan graph layer 4...
plan graph layer 5...
plan graph layer 6...
plan graph layer 7...
plan graph layer 8...
plan graph layer 9...
plan graph layer 10...
plan graph layer 11...
plan graph layer 12...
plan graph layer 13...
goal constraints...
exclusion constraints layer 0...
exclusion constraints layer 1...
exclusion constraints layer 2...
exclusion constraints layer 3...
exclusion constraints layer 4...
exclusion constraints layer 5...
exclusion constraints layer 6...
exclusion constraints layer 7...
exclusion constraints layer 8...
exclusion constraints layer 9...
exclusion constraints layer 10...
exclusion constraints layer 11...
exclusion constraints layer 12...
exclusion constraints layer 13...

DECISION LAYER 13, WRITING THIN GP-BASED ENCODING WITH 7538 VARS, 90790 CLAUSES.

time spent:    0.00 seconds instantiating 1536 action templates
               0.00 seconds reachability analysis, yielding 222 facts and 879 actions
               0.00 seconds collecting 202 relevant facts
               0.00 seconds building connectivity graph
               0.00 seconds building (std) graph
               0.04 seconds CNF output time
               0.04 seconds total planner time (solving not included)

Pruned:  0: (LOAD GOODS2 TRUCK1 MARKET1 LEVEL2 LEVEL3 LEVEL0 LEVEL1) [1]
Pruned:  0: (LOAD GOODS2 TRUCK1 MARKET1 LEVEL2 LEVEL3 LEVEL0 LEVEL1) [1]
Pruned:  0: (LOAD GOODS2 TRUCK1 MARKET1 LEVEL2 LEVEL3 LEVEL0 LEVEL1) [1]
Pruned:  0: (LOAD GOODS2 TRUCK1 MARKET1 LEVEL2 LEVEL3 LEVEL0 LEVEL1) [1]
Pruned:  0: (LOAD GOODS2 TRUCK1 MARKET1 LEVEL2 LEVEL3 LEVEL0 LEVEL1) [1]
Pruned:  0: (LOAD GOODS2 TRUCK1 MARKET1 LEVEL2 LEVEL3 LEVEL0 LEVEL1) [1]
Pruned:  0: (LOAD GOODS2 TRUCK1 MARKET1 LEVEL2 LEVEL3 LEVEL0 LEVEL1) [1]
Pruned:  0: (LOAD GOODS2 TRUCK1 MARKET1 LEVEL2 LEVEL3 LEVEL0 LEVEL1) [1]
Pruned:  0: (LOAD GOODS2 TRUCK1 MARKET1 LEVEL2 LEVEL3 LEVEL0 LEVEL1) [1]
Pruned:  0: (LOAD GOODS2 TRUCK1 MARKET1 LEVEL2 LEVEL3 LEVEL0 LEVEL1) [1]
Pruned:  0: (LOAD GOODS2 TRUCK1 MARKET1 LEVEL2 LEVEL3 LEVEL0 LEVEL1) [1]
Pruned:  0: (LOAD GOODS2 TRUCK1 MARKET1 LEVEL2 LEVEL3 LEVEL0 LEVEL1) [1]
Pruned:  0: (LOAD GOODS2 TRUCK1 MARKET1 LEVEL2 LEVEL3 LEVEL0 LEVEL1) [1]
Pruned:  0: (LOAD GOODS2 TRUCK1 MARKET1 LEVEL2 LEVEL3 LEVEL0 LEVEL1) [1]
Pruned:  0: (LOAD GOODS2 TRUCK1 MARKET1 LEVEL2 LEVEL3 LEVEL0 LEVEL1) [1]
Pruned:  0: (LOAD GOODS2 TRUCK1 MARKET1 LEVEL2 LEVEL3 LEVEL0 LEVEL1) [1]
Pruned:  0: (LOAD GOODS2 TRUCK1 MARKET1 LEVEL2 LEVEL3 LEVEL0 LEVEL1) [1]
Pruned:  0: (LOAD GOODS2 TRUCK1 MARKET1 LEVEL2 LEVEL3 LEVEL0 LEVEL1) [1]
Pruned:  0: (LOAD GOODS2 TRUCK1 MARKET1 LEVEL2 LEVEL3 LEVEL0 LEVEL1) [1]
Pruned:  0: (LOAD GOODS2 TRUCK1 MARKET1 LEVEL2 LEVEL3 LEVEL0 LEVEL1) [1]
Pruned:  0: (LOAD GOODS2 TRUCK1 MARKET1 LEVEL2 LEVEL3 LEVEL0 LEVEL1) [1]
Pruned:  0: (LOAD GOODS2 TRUCK1 MARKET1 LEVEL2 LEVEL3 LEVEL0 LEVEL1) [1]
Pruned:  0: (LOAD GOODS2 TRUCK1 MARKET1 LEVEL2 LEVEL3 LEVEL0 LEVEL1) [1]
Pruned:  0: (LOAD GOODS2 TRUCK1 MARKET1 LEVEL2 LEVEL3 LEVEL0 LEVEL1) [1]
Pruned:  0: (LOAD GOODS2 TRUCK1 MARKET1 LEVEL2 LEVEL3 LEVEL0 LEVEL1) [1]
Pruned:  0: (LOAD GOODS2 TRUCK1 MARKET1 LEVEL2 LEVEL3 LEVEL0 LEVEL1) [1]
Pruned:  0: (LOAD GOODS2 TRUCK1 MARKET1 LEVEL2 LEVEL3 LEVEL0 LEVEL1) [1]
Pruned:  0: (LOAD GOODS2 TRUCK1 MARKET1 LEVEL2 LEVEL3 LEVEL0 LEVEL1) [1]
Pruned:  0: (LOAD GOODS2 TRUCK1 MARKET1 LEVEL2 LEVEL3 LEVEL0 LEVEL1) [1]
Pruned:  0: (LOAD GOODS2 TRUCK1 MARKET1 LEVEL2 LEVEL3 LEVEL0 LEVEL1) [1]
Pruned:  0: (LOAD GOODS2 TRUCK1 MARKET1 LEVEL2 LEVEL3 LEVEL0 LEVEL1) [1]
Pruned:  0: (LOAD GOODS2 TRUCK1 MARKET1 LEVEL2 LEVEL3 LEVEL0 LEVEL1) [1]
Pruned:  0: (LOAD GOODS2 TRUCK1 MARKET1 LEVEL2 LEVEL3 LEVEL0 LEVEL1) [1]
Pruned:  0: (LOAD GOODS2 TRUCK1 MARKET1 LEVEL2 LEVEL3 LEVEL0 LEVEL1) [1]
Pruned:  0: (LOAD GOODS2 TRUCK1 MARKET1 LEVEL2 LEVEL3 LEVEL0 LEVEL1) [1]
Pruned:  0: (LOAD GOODS2 TRUCK1 MARKET1 LEVEL2 LEVEL3 LEVEL0 LEVEL1) [1]
Pruned:  0: (LOAD GOODS2 TRUCK1 MARKET1 LEVEL2 LEVEL3 LEVEL0 LEVEL1) [1]
Pruned:  0: (LOAD GOODS2 TRUCK1 MARKET1 LEVEL2 LEVEL3 LEVEL0 LEVEL1) [1]
Pruned:  0: (LOAD GOODS2 TRUCK1 MARKET1 LEVEL2 LEVEL3 LEVEL0 LEVEL1) [1]
Pruned:  0: (LOAD GOODS2 TRUCK1 MARKET1 LEVEL2 LEVEL3 LEVEL0 LEVEL1) [1]
Pruned:  0: (LOAD GOODS2 TRUCK1 MARKET1 LEVEL2 LEVEL3 LEVEL0 LEVEL1) [1]
Pruned:  0: (LOAD GOODS2 TRUCK1 MARKET1 LEVEL2 LEVEL3 LEVEL0 LEVEL1) [1]
Pruned:  0: (LOAD GOODS2 TRUCK1 MARKET1 LEVEL2 LEVEL3 LEVEL0 LEVEL1) [1]
Pruned:  0: (LOAD GOODS2 TRUCK1 MARKET1 LEVEL2 LEVEL3 LEVEL0 LEVEL1) [1]
Pruned:  0: (LOAD GOODS2 TRUCK1 MARKET1 LEVEL2 LEVEL3 LEVEL0 LEVEL1) [1]
Pruned:  0: (LOAD GOODS2 TRUCK1 MARKET1 LEVEL2 LEVEL3 LEVEL0 LEVEL1) [1]
Pruned:  0: (LOAD GOODS2 TRUCK1 MARKET1 LEVEL2 LEVEL3 LEVEL0 LEVEL1) [1]
Pruned:  0: (LOAD GOODS2 TRUCK1 MARKET1 LEVEL2 LEVEL3 LEVEL0 LEVEL1) [1]
Pruned:  0: (LOAD GOODS2 TRUCK1 MARKET1 LEVEL2 LEVEL3 LEVEL0 LEVEL1) [1]
Pruned:  0: (LOAD GOODS2 TRUCK1 MARKET1 LEVEL2 LEVEL3 LEVEL0 LEVEL1) [1]
Pruned:  0: (LOAD GOODS2 TRUCK1 MARKET1 LEVEL2 LEVEL3 LEVEL0 LEVEL1) [1]
Pruned:  0: (LOAD GOODS2 TRUCK1 MARKET1 LEVEL2 LEVEL3 LEVEL0 LEVEL1) [1]
Pruned:  0: (LOAD GOODS2 TRUCK1 MARKET1 LEVEL2 LEVEL3 LEVEL0 LEVEL1) [1]
Pruned:  0: (LOAD GOODS2 TRUCK1 MARKET1 LEVEL2 LEVEL3 LEVEL0 LEVEL1) [1]
Pruned:  0: (LOAD GOODS2 TRUCK1 MARKET1 LEVEL2 LEVEL3 LEVEL0 LEVEL1) [1]
Pruned:  0: (LOAD GOODS2 TRUCK1 MARKET1 LEVEL2 LEVEL3 LEVEL0 LEVEL1) [1]
Pruned:  0: (LOAD GOODS2 TRUCK1 MARKET1 LEVEL2 LEVEL3 LEVEL0 LEVEL1) [1]
Pruned:  0: (LOAD GOODS2 TRUCK1 MARKET1 LEVEL2 LEVEL3 LEVEL0 LEVEL1) [1]
Pruned:  0: (LOAD GOODS2 TRUCK1 MARKET1 LEVEL2 LEVEL3 LEVEL0 LEVEL1) [1]
Pruned:  0: (LOAD GOODS2 TRUCK1 MARKET1 LEVEL2 LEVEL3 LEVEL0 LEVEL1) [1]
Pruned:  0: (LOAD GOODS2 TRUCK1 MARKET1 LEVEL2 LEVEL3 LEVEL0 LEVEL1) [1]
Pruned:  0: (LOAD GOODS2 TRUCK1 MARKET1 LEVEL2 LEVEL3 LEVEL0 LEVEL1) [1]
Pruned:  0: (LOAD GOODS2 TRUCK1 MARKET1 LEVEL2 LEVEL3 LEVEL0 LEVEL1) [1]
Pruned:  0: (LOAD GOODS2 TRUCK1 MARKET1 LEVEL2 LEVEL3 LEVEL0 LEVEL1) [1]
Pruned:  0: (LOAD GOODS2 TRUCK1 MARKET1 LEVEL2 LEVEL3 LEVEL0 LEVEL1) [1]
Pruned:  0: (LOAD GOODS2 TRUCK1 MARKET1 LEVEL2 LEVEL3 LEVEL0 LEVEL1) [1]
Pruned:  0: (LOAD GOODS2 TRUCK1 MARKET1 LEVEL2 LEVEL3 LEVEL0 LEVEL1) [1]
Pruned:  0: (LOAD GOODS2 TRUCK1 MARKET1 LEVEL2 LEVEL3 LEVEL0 LEVEL1) [1]
Pruned:  0: (LOAD GOODS2 TRUCK1 MARKET1 LEVEL2 LEVEL3 LEVEL0 LEVEL1) [1]
Pruned:  0: (LOAD GOODS2 TRUCK1 MARKET1 LEVEL2 LEVEL3 LEVEL0 LEVEL1) [1]
Pruned:  0: (LOAD GOODS2 TRUCK1 MARKET1 LEVEL2 LEVEL3 LEVEL0 LEVEL1) [1]
Pruned:  0: (LOAD GOODS2 TRUCK1 MARKET1 LEVEL2 LEVEL3 LEVEL0 LEVEL1) [1]
Pruned:  0: (LOAD GOODS2 TRUCK1 MARKET1 LEVEL2 LEVEL3 LEVEL0 LEVEL1) [1]
Pruned:  0: (LOAD GOODS2 TRUCK1 MARKET1 LEVEL2 LEVEL3 LEVEL0 LEVEL1) [1]
Pruned:  0: (LOAD GOODS2 TRUCK1 MARKET1 LEVEL2 LEVEL3 LEVEL0 LEVEL1) [1]
Pruned:  0: (LOAD GOODS2 TRUCK1 MARKET1 LEVEL2 LEVEL3 LEVEL0 LEVEL1) [1]
Pruned:  0: (LOAD GOODS2 TRUCK1 MARKET1 LEVEL2 LEVEL3 LEVEL0 LEVEL1) [1]
Pruned:  0: (LOAD GOODS2 TRUCK1 MARKET1 LEVEL2 LEVEL3 LEVEL0 LEVEL1) [1]
Pruned:  0: (LOAD GOODS2 TRUCK1 MARKET1 LEVEL2 LEVEL3 LEVEL0 LEVEL1) [1]
Pruned:  0: (LOAD GOODS2 TRUCK1 MARKET1 LEVEL2 LEVEL3 LEVEL0 LEVEL1) [1]
Pruned:  0: (LOAD GOODS2 TRUCK1 MARKET1 LEVEL2 LEVEL3 LEVEL0 LEVEL1) [1]
Pruned:  0: (LOAD GOODS2 TRUCK1 MARKET1 LEVEL2 LEVEL3 LEVEL0 LEVEL1) [1]
Pruned:  0: (LOAD GOODS2 TRUCK1 MARKET1 LEVEL2 LEVEL3 LEVEL0 LEVEL1) [1]
Pruned:  0: (LOAD GOODS2 TRUCK1 MARKET1 LEVEL2 LEVEL3 LEVEL0 LEVEL1) [1]
Pruned:  0: (LOAD GOODS2 TRUCK1 MARKET1 LEVEL2 LEVEL3 LEVEL0 LEVEL1) [1]
Pruned:  0: (LOAD GOODS2 TRUCK1 MARKET1 LEVEL2 LEVEL3 LEVEL0 LEVEL1) [1]
Pruned:  0: (LOAD GOODS2 TRUCK1 MARKET1 LEVEL2 LEVEL3 LEVEL0 LEVEL1) [1]
Pruned:  0: (LOAD GOODS2 TRUCK1 MARKET1 LEVEL2 LEVEL3 LEVEL0 LEVEL1) [1]
Pruned:  0: (LOAD GOODS2 TRUCK1 MARKET1 LEVEL2 LEVEL3 LEVEL0 LEVEL1) [1]
Pruned:  0: (LOAD GOODS2 TRUCK1 MARKET1 LEVEL2 LEVEL3 LEVEL0 LEVEL1) [1]
Pruned:  0: (LOAD GOODS2 TRUCK1 MARKET1 LEVEL2 LEVEL3 LEVEL0 LEVEL1) [1]
Pruned:  0: (LOAD GOODS2 TRUCK1 MARKET1 LEVEL2 LEVEL3 LEVEL0 LEVEL1) [1]
Pruned:  0: (LOAD GOODS2 TRUCK1 MARKET1 LEVEL2 LEVEL3 LEVEL0 LEVEL1) [1]
Pruned:  0: (LOAD GOODS2 TRUCK1 MARKET1 LEVEL2 LEVEL3 LEVEL0 LEVEL1) [1]
Pruned:  0: (LOAD GOODS2 TRUCK1 MARKET1 LEVEL2 LEVEL3 LEVEL0 LEVEL1) [1]
Pruned:  0: (LOAD GOODS2 TRUCK1 MARKET1 LEVEL2 LEVEL3 LEVEL0 LEVEL1) [1]
Pruned:  0: (LOAD GOODS2 TRUCK1 MARKET1 LEVEL2 LEVEL3 LEVEL0 LEVEL1) [1]
Pruned:  0: (LOAD GOODS2 TRUCK1 MARKET1 LEVEL2 LEVEL3 LEVEL0 LEVEL1) [1]
Pruned:  0: (LOAD GOODS2 TRUCK1 MARKET1 LEVEL2 LEVEL3 LEVEL0 LEVEL1) [1]
Pruned:  0: (LOAD GOODS2 TRUCK1 MARKET1 LEVEL2 LEVEL3 LEVEL0 LEVEL1) [1]
Pruned:  0: (LOAD GOODS2 TRUCK1 MARKET1 LEVEL2 LEVEL3 LEVEL0 LEVEL1) [1]
Pruned:  0: (LOAD GOODS2 TRUCK1 MARKET1 LEVEL2 LEVEL3 LEVEL0 LEVEL1) [1]
Pruned:  0: (LOAD GOODS2 TRUCK1 MARKET1 LEVEL2 LEVEL3 LEVEL0 LEVEL1) [1]
Pruned:  0: (LOAD GOODS2 TRUCK1 MARKET1 LEVEL2 LEVEL3 LEVEL0 LEVEL1) [1]
Pruned:  0: (LOAD GOODS2 TRUCK1 MARKET1 LEVEL2 LEVEL3 LEVEL0 LEVEL1) [1]
Pruned:  0: (LOAD GOODS2 TRUCK1 MARKET1 LEVEL2 LEVEL3 LEVEL0 LEVEL1) [1]
Pruned:  0: (LOAD GOODS2 TRUCK1 MARKET1 LEVEL2 LEVEL3 LEVEL0 LEVEL1) [1]
Pruned:  0: (LOAD GOODS2 TRUCK1 MARKET1 LEVEL2 LEVEL3 LEVEL0 LEVEL1) [1]
Pruned:  0: (LOAD GOODS2 TRUCK1 MARKET1 LEVEL2 LEVEL3 LEVEL0 LEVEL1) [1]
Pruned:  0: (LOAD GOODS2 TRUCK1 MARKET1 LEVEL2 LEVEL3 LEVEL0 LEVEL1) [1]
Pruned:  0: (LOAD GOODS2 TRUCK1 MARKET1 LEVEL2 LEVEL3 LEVEL0 LEVEL1) [1]
Pruned:  0: (LOAD GOODS2 TRUCK1 MARKET1 LEVEL2 LEVEL3 LEVEL0 LEVEL1) [1]
Pruned:  0: (LOAD GOODS2 TRUCK1 MARKET1 LEVEL2 LEVEL3 LEVEL0 LEVEL1) [1]
Pruned:  0: (LOAD GOODS2 TRUCK1 MARKET1 LEVEL2 LEVEL3 LEVEL0 LEVEL1) [1]
Pruned:  0: (LOAD GOODS2 TRUCK1 MARKET1 LEVEL2 LEVEL3 LEVEL0 LEVEL1) [1]
Pruned:  0: (LOAD GOODS2 TRUCK1 MARKET1 LEVEL2 LEVEL3 LEVEL0 LEVEL1) [1]
Pruned:  0: (LOAD GOODS2 TRUCK1 MARKET1 LEVEL2 LEVEL3 LEVEL0 LEVEL1) [1]
Pruned:  0: (LOAD GOODS2 TRUCK1 MARKET1 LEVEL2 LEVEL3 LEVEL0 LEVEL1) [1]
Pruned:  0: (LOAD GOODS2 TRUCK1 MARKET1 LEVEL2 LEVEL3 LEVEL0 LEVEL1) [1]
Pruned:  0: (LOAD GOODS2 TRUCK1 MARKET1 LEVEL2 LEVEL3 LEVEL0 LEVEL1) [1]
Pruned:  0: (LOAD GOODS2 TRUCK1 MARKET1 LEVEL2 LEVEL3 LEVEL0 LEVEL1) [1]
Pruned:  0: (LOAD GOODS2 TRUCK1 MARKET1 LEVEL2 LEVEL3 LEVEL0 LEVEL1) [1]
Pruned:  0: (LOAD GOODS2 TRUCK1 MARKET1 LEVEL2 LEVEL3 LEVEL0 LEVEL1) [1]
Pruned:  0: (LOAD GOODS2 TRUCK1 MARKET1 LEVEL2 LEVEL3 LEVEL0 LEVEL1) [1]
Pruned:  0: (LOAD GOODS2 TRUCK1 MARKET1 LEVEL2 LEVEL3 LEVEL0 LEVEL1) [1]
Pruned:  0: (LOAD GOODS2 TRUCK1 MARKET1 LEVEL2 LEVEL3 LEVEL0 LEVEL1) [1]
Pruned:  0: (LOAD GOODS2 TRUCK1 MARKET1 LEVEL2 LEVEL3 LEVEL0 LEVEL1) [1]
Pruned:  0: (LOAD GOODS2 TRUCK1 MARKET1 LEVEL2 LEVEL3 LEVEL0 LEVEL1) [1]
Pruned:  0: (LOAD GOODS2 TRUCK1 MARKET1 LEVEL2 LEVEL3 LEVEL0 LEVEL1) [1]
Pruned:  0: (LOAD GOODS2 TRUCK1 MARKET1 LEVEL2 LEVEL3 LEVEL0 LEVEL1) [1]
Pruned:  0: (LOAD GOODS2 TRUCK1 MARKET1 LEVEL2 LEVEL3 LEVEL0 LEVEL1) [1]
Pruned:  0: (LOAD GOODS2 TRUCK1 MARKET1 LEVEL2 LEVEL3 LEVEL0 LEVEL1) [1]
Pruned:  0: (LOAD GOODS2 TRUCK1 MARKET1 LEVEL2 LEVEL3 LEVEL0 LEVEL1) [1]
Pruned:  0: (LOAD GOODS2 TRUCK1 MARKET1 LEVEL2 LEVEL3 LEVEL0 LEVEL1) [1]
Pruned:  0: (LOAD GOODS2 TRUCK1 MARKET1 LEVEL2 LEVEL3 LEVEL0 LEVEL1) [1]
Pruned:  0: (LOAD GOODS2 TRUCK1 MARKET1 LEVEL2 LEVEL3 LEVEL0 LEVEL1) [1]
Pruned:  0: (LOAD GOODS2 TRUCK1 MARKET1 LEVEL2 LEVEL3 LEVEL0 LEVEL1) [1]
Pruned:  0: (LOAD GOODS2 TRUCK1 MARKET1 LEVEL2 LEVEL3 LEVEL0 LEVEL1) [1]
Pruned:  0: (LOAD GOODS2 TRUCK1 MARKET1 LEVEL2 LEVEL3 LEVEL0 LEVEL1) [1]
Pruned:  0: (LOAD GOODS2 TRUCK1 MARKET1 LEVEL2 LEVEL3 LEVEL0 LEVEL1) [1]
Pruned:  0: (LOAD GOODS2 TRUCK1 MARKET1 LEVEL2 LEVEL3 LEVEL0 LEVEL1) [1]
Pruned:  0: (LOAD GOODS2 TRUCK1 MARKET1 LEVEL2 LEVEL3 LEVEL0 LEVEL1) [1]
Pruned:  0: (LOAD GOODS2 TRUCK1 MARKET1 LEVEL2 LEVEL3 LEVEL0 LEVEL1) [1]
Pruned:  0: (LOAD GOODS2 TRUCK1 MARKET1 LEVEL2 LEVEL3 LEVEL0 LEVEL1) [1]
Pruned:  0: (LOAD GOODS2 TRUCK1 MARKET1 LEVEL2 LEVEL3 LEVEL0 LEVEL1) [1]
Pruned:  0: (LOAD GOODS2 TRUCK1 MARKET1 LEVEL2 LEVEL3 LEVEL0 LEVEL1) [1]
Pruned:  0: (LOAD GOODS2 TRUCK1 MARKET1 LEVEL2 LEVEL3 LEVEL0 LEVEL1) [1]
Pruned:  0: (LOAD GOODS2 TRUCK1 MARKET1 LEVEL2 LEVEL3 LEVEL0 LEVEL1) [1]
Pruned:  0: (LOAD GOODS2 TRUCK1 MARKET1 LEVEL2 LEVEL3 LEVEL0 LEVEL1) [1]
Pruned:  0: (LOAD GOODS2 TRUCK1 MARKET1 LEVEL2 LEVEL3 LEVEL0 LEVEL1) [1]
Pruned:  0: (LOAD GOODS2 TRUCK1 MARKET1 LEVEL2 LEVEL3 LEVEL0 LEVEL1) [1]
Pruned:  0: (LOAD GOODS2 TRUCK1 MARKET1 LEVEL2 LEVEL3 LEVEL0 LEVEL1) [1]
Pruned:  0: (LOAD GOODS2 TRUCK1 MARKET1 LEVEL2 LEVEL3 LEVEL0 LEVEL1) [1]
Pruned:  0: (LOAD GOODS2 TRUCK1 MARKET1 LEVEL2 LEVEL3 LEVEL0 LEVEL1) [1]
Pruned:  0: (LOAD GOODS2 TRUCK1 MARKET1 LEVEL2 LEVEL3 LEVEL0 LEVEL1) [1]
Pruned:  0: (LOAD GOODS2 TRUCK1 MARKET1 LEVEL2 LEVEL3 LEVEL0 LEVEL1) [1]
Pruned:  0: (LOAD GOODS2 TRUCK1 MARKET1 LEVEL2 LEVEL3 LEVEL0 LEVEL1) [1]
Pruned:  0: (LOAD GOODS2 TRUCK1 MARKET1 LEVEL2 LEVEL3 LEVEL0 LEVEL1) [1]
Pruned:  0: (LOAD GOODS2 TRUCK1 MARKET1 LEVEL2 LEVEL3 LEVEL0 LEVEL1) [1]
Pruned:  0: (LOAD GOODS2 TRUCK1 MARKET1 LEVEL2 LEVEL3 LEVEL0 LEVEL1) [1]
Pruned:  0: (LOAD GOODS2 TRUCK1 MARKET1 LEVEL2 LEVEL3 LEVEL0 LEVEL1) [1]
Pruned:  0: (LOAD GOODS2 TRUCK1 MARKET1 LEVEL2 LEVEL3 LEVEL0 LEVEL1) [1]
Pruned:  0: (LOAD GOODS2 TRUCK1 MARKET1 LEVEL2 LEVEL3 LEVEL0 LEVEL1) [1]
Pruned:  0: (LOAD GOODS2 TRUCK1 MARKET1 LEVEL2 LEVEL3 LEVEL0 LEVEL1) [1]
Pruned:  0: (LOAD GOODS2 TRUCK1 MARKET1 LEVEL2 LEVEL3 LEVEL0 LEVEL1) [1]
Pruned:  0: (LOAD GOODS2 TRUCK1 MARKET1 LEVEL2 LEVEL3 LEVEL0 LEVEL1) [1]
Pruned:  0: (LOAD GOODS2 TRUCK1 MARKET1 LEVEL2 LEVEL3 LEVEL0 LEVEL1) [1]
Pruned:  0: (LOAD GOODS2 TRUCK1 MARKET1 LEVEL2 LEVEL3 LEVEL0 LEVEL1) [1]
Pruned:  0: (LOAD GOODS2 TRUCK1 MARKET1 LEVEL2 LEVEL3 LEVEL0 LEVEL1) [1]
Pruned:  0: (LOAD GOODS2 TRUCK1 MARKET1 LEVEL2 LEVEL3 LEVEL0 LEVEL1) [1]
Pruned:  0: (LOAD GOODS2 TRUCK1 MARKET1 LEVEL2 LEVEL3 LEVEL0 LEVEL1) [1]
Pruned:  0: (LOAD GOODS2 TRUCK1 MARKET1 LEVEL2 LEVEL3 LEVEL0 LEVEL1) [1]
Pruned:  0: (LOAD GOODS2 TRUCK1 MARKET1 LEVEL2 LEVEL3 LEVEL0 LEVEL1) [1]
Pruned:  0: (LOAD GOODS2 TRUCK1 MARKET1 LEVEL2 LEVEL3 LEVEL0 LEVEL1) [1]
Pruned:  0: (LOAD GOODS2 TRUCK1 MARKET1 LEVEL2 LEVEL3 LEVEL0 LEVEL1) [1]
Pruned:  0: (LOAD GOODS2 TRUCK1 MARKET1 LEVEL2 LEVEL3 LEVEL0 LEVEL1) [1]
Pruned:  0: (LOAD GOODS2 TRUCK1 MARKET1 LEVEL2 LEVEL3 LEVEL0 LEVEL1) [1]
Pruned:  0: (LOAD GOODS2 TRUCK1 MARKET1 LEVEL2 LEVEL3 LEVEL0 LEVEL1) [1]
Pruned:  0: (LOAD GOODS2 TRUCK1 MARKET1 LEVEL2 LEVEL3 LEVEL0 LEVEL1) [1]
Pruned:  0: (LOAD GOODS2 TRUCK1 MARKET1 LEVEL2 LEVEL3 LEVEL0 LEVEL1) [1]
Pruned:  0: (LOAD GOODS2 TRUCK1 MARKET1 LEVEL2 LEVEL3 LEVEL0 LEVEL1) [1]
Pruned:  0: (LOAD GOODS2 TRUCK1 MARKET1 LEVEL2 LEVEL3 LEVEL0 LEVEL1) [1]
Pruned:  0: (LOAD GOODS2 TRUCK1 MARKET1 LEVEL2 LEVEL3 LEVEL0 LEVEL1) [1]
Pruned:  0: (LOAD GOODS2 TRUCK1 MARKET1 LEVEL2 LEVEL3 LEVEL0 LEVEL1) [1]
Pruned:  0: (LOAD GOODS2 TRUCK1 MARKET1 LEVEL2 LEVEL3 LEVEL0 LEVEL1) [1]
Pruned:  0: (LOAD GOODS2 TRUCK1 MARKET1 LEVEL2 LEVEL3 LEVEL0 LEVEL1) [1]
Pruned:  0: (LOAD GOODS2 TRUCK1 MARKET1 LEVEL2 LEVEL3 LEVEL0 LEVEL1) [1]
Pruned:  0: (LOAD GOODS2 TRUCK1 MARKET1 LEVEL2 LEVEL3 LEVEL0 LEVEL1) [1]
Pruned:  0: (LOAD GOODS2 TRUCK1 MARKET1 LEVEL2 LEVEL3 LEVEL0 LEVEL1) [1]
Pruned:  0: (LOAD GOODS2 TRUCK1 MARKET1 LEVEL2 LEVEL3 LEVEL0 LEVEL1) [1]
Pruned:  0: (LOAD GOODS2 TRUCK1 MARKET1 LEVEL2 LEVEL3 LEVEL0 LEVEL1) [1]
Pruned:  0: (LOAD GOODS2 TRUCK1 MARKET1 LEVEL2 LEVEL3 LEVEL0 LEVEL1) [1]
Pruned:  0: (LOAD GOODS2 TRUCK1 MARKET1 LEVEL2 LEVEL3 LEVEL0 LEVEL1) [1]
Pruned:  0: (LOAD GOODS2 TRUCK1 MARKET1 LEVEL2 LEVEL3 LEVEL0 LEVEL1) [1]
Pruned:  0: (LOAD GOODS2 TRUCK1 MARKET1 LEVEL2 LEVEL3 LEVEL0 LEVEL1) [1]
Pruned:  0: (LOAD GOODS2 TRUCK1 MARKET1 LEVEL2 LEVEL3 LEVEL0 LEVEL1) [1]
Pruned:  0: (LOAD GOODS2 TRUCK1 MARKET1 LEVEL2 LEVEL3 LEVEL0 LEVEL1) [1]
Pruned:  0: (LOAD GOODS2 TRUCK1 MARKET1 LEVEL2 LEVEL3 LEVEL0 LEVEL1) [1]
Pruned:  0: (LOAD GOODS2 TRUCK1 MARKET1 LEVEL2 LEVEL3 LEVEL0 LEVEL1) [1]
Pruned:  0: (LOAD GOODS2 TRUCK1 MARKET1 LEVEL2 LEVEL3 LEVEL0 LEVEL1) [1]
Pruned:  0: (LOAD GOODS2 TRUCK1 MARKET1 LEVEL2 LEVEL3 LEVEL0 LEVEL1) [1]
Pruned:  0: (LOAD GOODS2 TRUCK1 MARKET1 LEVEL2 LEVEL3 LEVEL0 LEVEL1) [1]
Pruned:  0: (LOAD GOODS2 TRUCK1 MARKET1 LEVEL2 LEVEL3 LEVEL0 LEVEL1) [1]
Pruned:  0: (LOAD GOODS2 TRUCK1 MARKET1 LEVEL2 LEVEL3 LEVEL0 LEVEL1) [1]
Pruned:  0: (LOAD GOODS2 TRUCK1 MARKET1 LEVEL2 LEVEL3 LEVEL0 LEVEL1) [1]
Pruned:  0: (LOAD GOODS2 TRUCK1 MARKET1 LEVEL2 LEVEL3 LEVEL0 LEVEL1) [1]
Pruned:  0: (LOAD GOODS2 TRUCK1 MARKET1 LEVEL2 LEVEL3 LEVEL0 LEVEL1) [1]
Pruned:  0: (LOAD GOODS2 TRUCK1 MARKET1 LEVEL2 LEVEL3 LEVEL0 LEVEL1) [1]
Pruned:  0: (LOAD GOODS2 TRUCK1 MARKET1 LEVEL2 LEVEL3 LEVEL0 LEVEL1) [1]
Pruned:  0: (LOAD GOODS2 TRUCK1 MARKET1 LEVEL2 LEVEL3 LEVEL0 LEVEL1) [1]
Pruned:  0: (LOAD GOODS2 TRUCK1 MARKET1 LEVEL2 LEVEL3 LEVEL0 LEVEL1) [1]
Pruned:  0: (LOAD GOODS2 TRUCK1 MARKET1 LEVEL2 LEVEL3 LEVEL0 LEVEL1) [1]
Pruned:  0: (LOAD GOODS2 TRUCK1 MARKET1 LEVEL2 LEVEL3 LEVEL0 LEVEL1) [1]
Pruned:  0: (LOAD GOODS2 TRUCK1 MARKET1 LEVEL2 LEVEL3 LEVEL0 LEVEL1) [1]
Pruned:  0: (LOAD GOODS2 TRUCK1 MARKET1 LEVEL2 LEVEL3 LEVEL0 LEVEL1) [1]
Pruned:  0: (LOAD GOODS2 TRUCK1 MARKET1 LEVEL2 LEVEL3 LEVEL0 LEVEL1) [1]
Pruned:  0: (LOAD GOODS2 TRUCK1 MARKET1 LEVEL2 LEVEL3 LEVEL0 LEVEL1) [1]
Pruned:  0: (LOAD GOODS2 TRUCK1 MARKET1 LEVEL2 LEVEL3 LEVEL0 LEVEL1) [1]
Pruned:  0: (LOAD GOODS2 TRUCK1 MARKET1 LEVEL2 LEVEL3 LEVEL0 LEVEL1) [1]
Pruned:  0: (LOAD GOODS2 TRUCK1 MARKET1 LEVEL2 LEVEL3 LEVEL0 LEVEL1) [1]
Pruned:  0: (LOAD GOODS2 TRUCK1 MARKET1 LEVEL2 LEVEL3 LEVEL0 LEVEL1) [1]
Pruned:  0: (LOAD GOODS2 TRUCK1 MARKET1 LEVEL2 LEVEL3 LEVEL0 LEVEL1) [1]
Pruned:  0: (LOAD GOODS2 TRUCK1 MARKET1 LEVEL2 LEVEL3 LEVEL0 LEVEL1) [1]
Pruned:  0: (LOAD GOODS2 TRUCK1 MARKET1 LEVEL2 LEVEL3 LEVEL0 LEVEL1) [1]
Pruned:  0: (LOAD GOODS2 TRUCK1 MARKET1 LEVEL2 LEVEL3 LEVEL0 LEVEL1) [1]
Pruned:  0: (LOAD GOODS2 TRUCK1 MARKET1 LEVEL2 LEVEL3 LEVEL0 LEVEL1) [1]
Pruned:  0: (LOAD GOODS2 TRUCK1 MARKET1 LEVEL2 LEVEL3 LEVEL0 LEVEL1) [1]
Pruned:  0: (LOAD GOODS2 TRUCK1 MARKET1 LEVEL2 LEVEL3 LEVEL0 LEVEL1) [1]
Pruned:  0: (LOAD GOODS2 TRUCK1 MARKET1 LEVEL2 LEVEL3 LEVEL0 LEVEL1) [1]
Pruned:  0: (LOAD GOODS2 TRUCK1 MARKET1 LEVEL2 LEVEL3 LEVEL0 LEVEL1) [1]
Pruned:  0: (LOAD GOODS2 TRUCK1 MARKET1 LEVEL2 LEVEL3 LEVEL0 LEVEL1) [1]
Pruned:  0: (LOAD GOODS2 TRUCK1 MARKET1 LEVEL2 LEVEL3 LEVEL0 LEVEL1) [1]
Pruned:  0: (LOAD GOODS2 TRUCK1 MARKET1 LEVEL2 LEVEL3 LEVEL0 LEVEL1) [1]
Pruned:  0: (LOAD GOODS2 TRUCK1 MARKET1 LEVEL2 LEVEL3 LEVEL0 LEVEL1) [1]
Pruned:  0: (LOAD GOODS2 TRUCK1 MARKET1 LEVEL2 LEVEL3 LEVEL0 LEVEL1) [1]
Pruned:  0: (LOAD GOODS2 TRUCK1 MARKET1 LEVEL2 LEVEL3 LEVEL0 LEVEL1) [1]
Pruned:  0: (LOAD GOODS2 TRUCK1 MARKET1 LEVEL2 LEVEL3 LEVEL0 LEVEL1) [1]
Pruned:  0: (LOAD GOODS2 TRUCK1 MARKET1 LEVEL2 LEVEL3 LEVEL0 LEVEL1) [1]
Pruned:  0: (LOAD GOODS2 TRUCK1 MARKET1 LEVEL2 LEVEL3 LEVEL0 LEVEL1) [1]
Pruned:  0: (LOAD GOODS2 TRUCK1 MARKET1 LEVEL2 LEVEL3 LEVEL0 LEVEL1) [1]
Pruned:  0: (LOAD GOODS2 TRUCK1 MARKET1 LEVEL2 LEVEL3 LEVEL0 LEVEL1) [1]
Pruned:  0: (LOAD GOODS2 TRUCK1 MARKET1 LEVEL2 LEVEL3 LEVEL0 LEVEL1) [1]
Pruned:  0: (LOAD GOODS2 TRUCK1 MARKET1 LEVEL2 LEVEL3 LEVEL0 LEVEL1) [1]
Pruned:  0: (LOAD GOODS2 TRUCK1 MARKET1 LEVEL2 LEVEL3 LEVEL0 LEVEL1) [1]
Pruned:  0: (LOAD GOODS2 TRUCK1 MARKET1 LEVEL2 LEVEL3 LEVEL0 LEVEL1) [1]
Pruned:  0: (LOAD GOODS2 TRUCK1 MARKET1 LEVEL2 LEVEL3 LEVEL0 LEVEL1) [1]
Pruned:  0: (LOAD GOODS2 TRUCK1 MARKET1 LEVEL2 LEVEL3 LEVEL0 LEVEL1) [1]
Pruned:  0: (LOAD GOODS2 TRUCK1 MARKET1 LEVEL2 LEVEL3 LEVEL0 LEVEL1) [1]
Pruned:  0: (LOAD GOODS2 TRUCK1 MARKET1 LEVEL2 LEVEL3 LEVEL0 LEVEL1) [1]
Pruned:  0: (LOAD GOODS2 TRUCK1 MARKET1 LEVEL2 LEVEL3 LEVEL0 LEVEL1) [1]
Pruned:  0: (LOAD GOODS2 TRUCK1 MARKET1 LEVEL2 LEVEL3 LEVEL0 LEVEL1) [1]
Pruned:  0: (LOAD GOODS2 TRUCK1 MARKET1 LEVEL2 LEVEL3 LEVEL0 LEVEL1) [1]
Pruned:  0: (LOAD GOODS2 TRUCK1 MARKET1 LEVEL2 LEVEL3 LEVEL0 LEVEL1) [1]
Pruned:  0: (LOAD GOODS2 TRUCK1 MARKET1 LEVEL2 LEVEL3 LEVEL0 LEVEL1) [1]
Pruned:  0: (LOAD GOODS2 TRUCK1 MARKET1 LEVEL2 LEVEL3 LEVEL0 LEVEL1) [1]
Pruned:  0: (LOAD GOODS2 TRUCK1 MARKET1 LEVEL2 LEVEL3 LEVEL0 LEVEL1) [1]
Pruned:  0: (LOAD GOODS2 TRUCK1 MARKET1 LEVEL2 LEVEL3 LEVEL0 LEVEL1) [1]
Pruned:  0: (LOAD GOODS2 TRUCK1 MARKET1 LEVEL2 LEVEL3 LEVEL0 LEVEL1) [1]
Pruned:  0: (LOAD GOODS2 TRUCK1 MARKET1 LEVEL2 LEVEL3 LEVEL0 LEVEL1) [1]
Pruned:  0: (LOAD GOODS2 TRUCK1 MARKET1 LEVEL2 LEVEL3 LEVEL0 LEVEL1) [1]
Pruned:  0: (LOAD GOODS2 TRUCK1 MARKET1 LEVEL2 LEVEL3 LEVEL0 LEVEL1) [1]
Pruned:  0: (LOAD GOODS2 TRUCK1 MARKET1 LEVEL2 LEVEL3 LEVEL0 LEVEL1) [1]
Pruned:  0: (LOAD GOODS2 TRUCK1 MARKET1 LEVEL2 LEVEL3 LEVEL0 LEVEL1) [1]
Pruned:  0: (LOAD GOODS2 TRUCK1 MARKET1 LEVEL2 LEVEL3 LEVEL0 LEVEL1) [1]
Pruned:  0: (LOAD GOODS2 TRUCK1 MARKET1 LEVEL2 LEVEL3 LEVEL0 LEVEL1) [1]
Pruned:  0: (LOAD GOODS2 TRUCK1 MARKET1 LEVEL2 LEVEL3 LEVEL0 LEVEL1) [1]
Pruned:  0: (LOAD GOODS2 TRUCK1 MARKET1 LEVEL2 LEVEL3 LEVEL0 LEVEL1) [1]
Pruned:  0: (LOAD GOODS2 TRUCK1 MARKET1 LEVEL2 LEVEL3 LEVEL0 LEVEL1) [1]
Pruned:  0: (LOAD GOODS2 TRUCK1 MARKET1 LEVEL2 LEVEL3 LEVEL0 LEVEL1) [1]
Pruned:  0: (LOAD GOODS2 TRUCK1 MARKET1 LEVEL2 LEVEL3 LEVEL0 LEVEL1) [1]
Pruned:  0: (LOAD GOODS2 TRUCK1 MARKET1 LEVEL2 LEVEL3 LEVEL0 LEVEL1) [1]
Pruned:  0: (LOAD GOODS2 TRUCK1 MARKET1 LEVEL2 LEVEL3 LEVEL0 LEVEL1) [1]
Pruned:  0: (LOAD GOODS2 TRUCK1 MARKET1 LEVEL2 LEVEL3 LEVEL0 LEVEL1) [1]
Pruned:  0: (LOAD GOODS2 TRUCK1 MARKET1 LEVEL2 LEVEL3 LEVEL0 LEVEL1) [1]
Pruned:  0: (LOAD GOODS2 TRUCK1 MARKET1 LEVEL2 LEVEL3 LEVEL0 LEVEL1) [1]
Pruned:  0: (LOAD GOODS2 TRUCK1 MARKET1 LEVEL2 LEVEL3 LEVEL0 LEVEL1) [1]
Pruned:  0: (LOAD GOODS2 TRUCK1 MARKET1 LEVEL2 LEVEL3 LEVEL0 LEVEL1) [1]
Pruned:  0: (LOAD GOODS2 TRUCK1 MARKET1 LEVEL2 LEVEL3 LEVEL0 LEVEL1) [1]
Pruned:  0: (LOAD GOODS2 TRUCK1 MARKET1 LEVEL2 LEVEL3 LEVEL0 LEVEL1) [1]
Pruned:  0: (LOAD GOODS2 TRUCK1 MARKET1 LEVEL2 LEVEL3 LEVEL0 LEVEL1) [1]
Pruned:  0: (LOAD GOODS2 TRUCK1 MARKET1 LEVEL2 LEVEL3 LEVEL0 LEVEL1) [1]
Pruned:  0: (LOAD GOODS2 TRUCK1 MARKET1 LEVEL2 LEVEL3 LEVEL0 LEVEL1) [1]
Pruned:  0: (LOAD GOODS2 TRUCK1 MARKET1 LEVEL2 LEVEL3 LEVEL0 LEVEL1) [1]
Pruned:  0: (LOAD GOODS2 TRUCK1 MARKET1 LEVEL2 LEVEL3 LEVEL0 LEVEL1) [1]
Pruned:  0: (LOAD GOODS2 TRUCK1 MARKET1 LEVEL2 LEVEL3 LEVEL0 LEVEL1) [1]
Pruned:  0: (LOAD GOODS2 TRUCK1 MARKET1 LEVEL2 LEVEL3 LEVEL0 LEVEL1) [1]
Pruned:  0: (LOAD GOODS2 TRUCK1 MARKET1 LEVEL2 LEVEL3 LEVEL0 LEVEL1) [1]
Pruned:  0: (LOAD GOODS2 TRUCK1 MARKET1 LEVEL2 LEVEL3 LEVEL0 LEVEL1) [1]
Pruned:  0: (LOAD GOODS2 TRUCK1 MARKET1 LEVEL2 LEVEL3 LEVEL0 LEVEL1) [1]
Pruned:  0: (LOAD GOODS2 TRUCK1 MARKET1 LEVEL2 LEVEL3 LEVEL0 LEVEL1) [1]
Pruned:  0: (LOAD GOODS2 TRUCK1 MARKET1 LEVEL2 LEVEL3 LEVEL0 LEVEL1) [1]
Pruned:  0: (LOAD GOODS2 TRUCK1 MARKET1 LEVEL2 LEVEL3 LEVEL0 LEVEL1) [1]
Pruned:  0: (LOAD GOODS2 TRUCK1 MARKET1 LEVEL2 LEVEL3 LEVEL0 LEVEL1) [1]
Pruned:  0: (LOAD GOODS2 TRUCK1 MARKET1 LEVEL2 LEVEL3 LEVEL0 LEVEL1) [1]
Pruned:  0: (LOAD GOODS2 TRUCK1 MARKET1 LEVEL2 LEVEL3 LEVEL0 LEVEL1) [1]
Pruned:  0: (LOAD GOODS2 TRUCK1 MARKET1 LEVEL2 LEVEL3 LEVEL0 LEVEL1) [1]
Pruned:  0: (LOAD GOODS2 TRUCK1 MARKET1 LEVEL2 LEVEL3 LEVEL0 LEVEL1) [1]
Pruned:  0: (LOAD GOODS2 TRUCK1 MARKET1 LEVEL2 LEVEL3 LEVEL0 LEVEL1) [1]
Pruned:  0: (LOAD GOODS2 TRUCK1 MARKET1 LEVEL2 LEVEL3 LEVEL0 LEVEL1) [1]
Pruned:  0: (LOAD GOODS2 TRUCK1 MARKET1 LEVEL2 LEVEL3 LEVEL0 LEVEL1) [1]
Pruned:  0: (LOAD GOODS2 TRUCK1 MARKET1 LEVEL2 LEVEL3 LEVEL0 LEVEL1) [1]
Pruned:  0: (LOAD GOODS2 TRUCK1 MARKET1 LEVEL2 LEVEL3 LEVEL0 LEVEL1) [1]
Pruned:  0: (LOAD GOODS2 TRUCK1 MARKET1 LEVEL2 LEVEL3 LEVEL0 LEVEL1) [1]
Pruned:  0: (LOAD GOODS2 TRUCK1 MARKET1 LEVEL2 LEVEL3 LEVEL0 LEVEL1) [1]
Pruned:  0: (LOAD GOODS2 TRUCK1 MARKET1 LEVEL2 LEVEL3 LEVEL0 LEVEL1) [1]
Pruned:  0: (LOAD GOODS2 TRUCK1 MARKET1 LEVEL2 LEVEL3 LEVEL0 LEVEL1) [1]
Pruned:  0: (LOAD GOODS2 TRUCK1 MARKET1 LEVEL2 LEVEL3 LEVEL0 LEVEL1) [1]
Pruned:  0: (LOAD GOODS2 TRUCK1 MARKET1 LEVEL2 LEVEL3 LEVEL0 LEVEL1) [1]
Pruned:  0: (LOAD GOODS2 TRUCK1 MARKET1 LEVEL2 LEVEL3 LEVEL0 LEVEL1) [1]
Pruned:  0: (LOAD GOODS2 TRUCK1 MARKET1 LEVEL2 LEVEL3 LEVEL0 LEVEL1) [1]
Pruned:  0: (LOAD GOODS2 TRUCK1 MARKET1 LEVEL2 LEVEL3 LEVEL0 LEVEL1) [1]
Pruned:  0: (LOAD GOODS2 TRUCK1 MARKET1 LEVEL2 LEVEL3 LEVEL0 LEVEL1) [1]
Pruned:  0: (LOAD GOODS2 TRUCK1 MARKET1 LEVEL2 LEVEL3 LEVEL0 LEVEL1) [1]
Pruned:  0: (LOAD GOODS2 TRUCK1 MARKET1 LEVEL2 LEVEL3 LEVEL0 LEVEL1) [1]
Pruned:  0: (LOAD GOODS2 TRUCK1 MARKET1 LEVEL2 LEVEL3 LEVEL0 LEVEL1) [1]
Pruned:  0: (LOAD GOODS2 TRUCK1 MARKET1 LEVEL2 LEVEL3 LEVEL0 LEVEL1) [1]
Pruned:  0: (LOAD GOODS2 TRUCK1 MARKET1 LEVEL2 LEVEL3 LEVEL0 LEVEL1) [1]
Pruned:  0: (LOAD GOODS2 TRUCK1 MARKET1 LEVEL2 LEVEL3 LEVEL0 LEVEL1) [1]
Pruned:  0: (LOAD GOODS2 TRUCK1 MARKET1 LEVEL2 LEVEL3 LEVEL0 LEVEL1) [1]
Pruned:  0: (LOAD GOODS2 TRUCK1 MARKET1 LEVEL2 LEVEL3 LEVEL0 LEVEL1) [1]
Pruned:  0: (LOAD GOODS2 TRUCK1 MARKET1 LEVEL2 LEVEL3 LEVEL0 LEVEL1) [1]
Pruned:  0: (LOAD GOODS2 TRUCK1 MARKET1 LEVEL2 LEVEL3 LEVEL0 LEVEL1) [1]
Pruned:  0: (LOAD GOODS2 TRUCK1 MARKET1 LEVEL2 LEVEL3 LEVEL0 LEVEL1) [1]
Pruned:  0: (LOAD GOODS2 TRUCK1 MARKET1 LEVEL2 LEVEL3 LEVEL0 LEVEL1) [1]
Pruned:  0: (LOAD GOODS2 TRUCK1 MARKET1 LEVEL2 LEVEL3 LEVEL0 LEVEL1) [1]
Pruned:  0: (LOAD GOODS2 TRUCK1 MARKET1 LEVEL2 LEVEL3 LEVEL0 LEVEL1) [1]
Pruned:  0: (LOAD GOODS2 TRUCK1 MARKET1 LEVEL2 LEVEL3 LEVEL0 LEVEL1) [1]
Pruned:  0: (LOAD GOODS2 TRUCK1 MARKET1 LEVEL2 LEVEL3 LEVEL0 LEVEL1) [1]
Pruned:  0: (LOAD GOODS2 TRUCK1 MARKET1 LEVEL2 LEVEL3 LEVEL0 LEVEL1) [1]
Pruned:  0: (LOAD GOODS2 TRUCK1 MARKET1 LEVEL2 LEVEL3 LEVEL0 LEVEL1) [1]
Pruned:  0: (LOAD GOODS2 TRUCK1 MARKET1 LEVEL2 LEVEL3 LEVEL0 LEVEL1) [1]
Pruned:  0: (LOAD GOODS2 TRUCK1 MARKET1 LEVEL2 LEVEL3 LEVEL0 LEVEL1) [1]
Pruned:  0: (LOAD GOODS2 TRUCK1 MARKET1 LEVEL2 LEVEL3 LEVEL0 LEVEL1) [1]
Pruned:  0: (LOAD GOODS2 TRUCK1 MARKET1 LEVEL2 LEVEL3 LEVEL0 LEVEL1) [1]
Pruned:  0: (LOAD GOODS2 TRUCK1 MARKET1 LEVEL2 LEVEL3 LEVEL0 LEVEL1) [1]
Pruned:  0: (LOAD GOODS2 TRUCK1 MARKET1 LEVEL2 LEVEL3 LEVEL0 LEVEL1) [1]
Pruned:  0: (LOAD GOODS2 TRUCK1 MARKET1 LEVEL2 LEVEL3 LEVEL0 LEVEL1) [1]
Pruned:  0: (LOAD GOODS2 TRUCK1 MARKET1 LEVEL2 LEVEL3 LEVEL0 LEVEL1) [1]
Pruned:  0: (LOAD GOODS2 TRUCK1 MARKET1 LEVEL2 LEVEL3 LEVEL0 LEVEL1) [1]
Pruned:  0: (LOAD GOODS2 TRUCK1 MARKET1 LEVEL2 LEVEL3 LEVEL0 LEVEL1) [1]
Pruned:  0: (LOAD GOODS2 TRUCK1 MARKET1 LEVEL2 LEVEL3 LEVEL0 LEVEL1) [1]
Pruned:  0: (LOAD GOODS2 TRUCK1 MARKET1 LEVEL2 LEVEL3 LEVEL0 LEVEL1) [1]
Pruned:  0: (LOAD GOODS2 TRUCK1 MARKET1 LEVEL2 LEVEL3 LEVEL0 LEVEL1) [1]
Pruned:  0: (LOAD GOODS2 TRUCK1 MARKET1 LEVEL2 LEVEL3 LEVEL0 LEVEL1) [1]
Pruned:  0: (LOAD GOODS2 TRUCK1 MARKET1 LEVEL2 LEVEL3 LEVEL0 LEVEL1) [1]
Pruned:  0: (LOAD GOODS2 TRUCK1 MARKET1 LEVEL2 LEVEL3 LEVEL0 LEVEL1) [1]
Pruned:  0: (LOAD GOODS2 TRUCK1 MARKET1 LEVEL2 LEVEL3 LEVEL0 LEVEL1) [1]
Pruned:  0: (LOAD GOODS2 TRUCK1 MARKET1 LEVEL2 LEVEL3 LEVEL0 LEVEL1) [1]
Pruned:  0: (LOAD GOODS2 TRUCK1 MARKET1 LEVEL2 LEVEL3 LEVEL0 LEVEL1) [1]
Pruned:  0: (LOAD GOODS2 TRUCK1 MARKET1 LEVEL2 LEVEL3 LEVEL0 LEVEL1) [1]
Pruned:  0: (LOAD GOODS2 TRUCK1 MARKET1 LEVEL2 LEVEL3 LEVEL0 LEVEL1) [1]
Pruned:  0: (LOAD GOODS2 TRUCK1 MARKET1 LEVEL2 LEVEL3 LEVEL0 LEVEL1) [1]
Pruned:  0: (LOAD GOODS2 TRUCK1 MARKET1 LEVEL2 LEVEL3 LEVEL0 LEVEL1) [1]
Pruned:  0: (LOAD GOODS2 TRUCK1 MARKET1 LEVEL2 LEVEL3 LEVEL0 LEVEL1) [1]
Pruned:  0: (LOAD GOODS2 TRUCK1 MARKET1 LEVEL2 LEVEL3 LEVEL0 LEVEL1) [1]
Pruned:  0: (LOAD GOODS2 TRUCK1 MARKET1 LEVEL2 LEVEL3 LEVEL0 LEVEL1) [1]
Pruned:  0: (LOAD GOODS2 TRUCK1 MARKET1 LEVEL2 LEVEL3 LEVEL0 LEVEL1) [1]
Pruned:  0: (LOAD GOODS2 TRUCK1 MARKET1 LEVEL2 LEVEL3 LEVEL0 LEVEL1) [1]
Pruned:  0: (LOAD GOODS2 TRUCK1 MARKET1 LEVEL2 LEVEL3 LEVEL0 LEVEL1) [1]
Pruned:  0: (LOAD GOODS2 TRUCK1 MARKET1 LEVEL2 LEVEL3 LEVEL0 LEVEL1) [1]
Pruned:  0: (LOAD GOODS2 TRUCK1 MARKET1 LEVEL2 LEVEL3 LEVEL0 LEVEL1) [1]
Pruned:  0: (LOAD GOODS2 TRUCK1 MARKET1 LEVEL2 LEVEL3 LEVEL0 LEVEL1) [1]
Pruned:  0: (LOAD GOODS2 TRUCK1 MARKET1 LEVEL2 LEVEL3 LEVEL0 LEVEL1) [1]
Pruned:  0: (LOAD GOODS2 TRUCK1 MARKET1 LEVEL2 LEVEL3 LEVEL0 LEVEL1) [1]
Pruned:  0: (LOAD GOODS2 TRUCK1 MARKET1 LEVEL2 LEVEL3 LEVEL0 LEVEL1) [1]
Pruned:  0: (LOAD GOODS2 TRUCK1 MARKET1 LEVEL2 LEVEL3 LEVEL0 LEVEL1) [1]
Pruned:  0: (LOAD GOODS2 TRUCK1 MARKET1 LEVEL2 LEVEL3 LEVEL0 LEVEL1) [1]
Pruned:  0: (LOAD GOODS2 TRUCK1 MARKET1 LEVEL2 LEVEL3 LEVEL0 LEVEL1) [1]
Pruned:  0: (LOAD GOODS2 TRUCK1 MARKET1 LEVEL2 LEVEL3 LEVEL0 LEVEL1) [1]
Pruned:  0: (LOAD GOODS2 TRUCK1 MARKET1 LEVEL2 LEVEL3 LEVEL0 LEVEL1) [1]
Pruned:  0: (LOAD GOODS2 TRUCK1 MARKET1 LEVEL2 LEVEL3 LEVEL0 LEVEL1) [1]
Pruned:  0: (LOAD GOODS2 TRUCK1 MARKET1 LEVEL2 LEVEL3 LEVEL0 LEVEL1) [1]
Pruned:  0: (LOAD GOODS2 TRUCK1 MARKET1 LEVEL2 LEVEL3 LEVEL0 LEVEL1) [1]
Pruned:  0: (LOAD GOODS2 TRUCK1 MARKET1 LEVEL2 LEVEL3 LEVEL0 LEVEL1) [1]
Pruned:  0: (LOAD GOODS2 TRUCK1 MARKET1 LEVEL2 LEVEL3 LEVEL0 LEVEL1) [1]
Pruned:  0: (LOAD GOODS2 TRUCK1 MARKET1 LEVEL2 LEVEL3 LEVEL0 LEVEL1) [1]
Pruned:  0: (LOAD GOODS2 TRUCK1 MARKET1 LEVEL2 LEVEL3 LEVEL0 LEVEL1) [1]
Pruned:  0: (LOAD GOODS2 TRUCK1 MARKET1 LEVEL2 LEVEL3 LEVEL0 LEVEL1) [1]
Pruned:  0: (LOAD GOODS2 TRUCK1 MARKET1 LEVEL2 LEVEL3 LEVEL0 LEVEL1) [1]
Pruned:  0: (LOAD GOODS2 TRUCK1 MARKET1 LEVEL2 LEVEL3 LEVEL0 LEVEL1) [1]
Pruned:  0: (LOAD GOODS2 TRUCK1 MARKET1 LEVEL2 LEVEL3 LEVEL0 LEVEL1) [1]
Pruned:  0: (LOAD GOODS2 TRUCK1 MARKET1 LEVEL2 LEVEL3 LEVEL0 LEVEL1) [1]
Pruned:  0: (LOAD GOODS2 TRUCK1 MARKET1 LEVEL2 LEVEL3 LEVEL0 LEVEL1) [1]
Pruned:  0: (LOAD GOODS2 TRUCK1 MARKET1 LEVEL2 LEVEL3 LEVEL0 LEVEL1) [1]
Pruned:  0: (LOAD GOODS2 TRUCK1 MARKET1 LEVEL2 LEVEL3 LEVEL0 LEVEL1) [1]
Pruned:  0: (LOAD GOODS2 TRUCK1 MARKET1 LEVEL2 LEVEL3 LEVEL0 LEVEL1) [1]
Pruned:  0: (LOAD GOODS2 TRUCK1 MARKET1 LEVEL2 LEVEL3 LEVEL0 LEVEL1) [1]
Pruned:  0: (LOAD GOODS2 TRUCK1 MARKET1 LEVEL2 LEVEL3 LEVEL0 LEVEL1) [1]
Pruned:  0: (LOAD GOODS2 TRUCK1 MARKET1 LEVEL2 LEVEL3 LEVEL0 LEVEL1) [1]
Pruned:  0: (LOAD GOODS2 TRUCK1 MARKET1 LEVEL2 LEVEL3 LEVEL0 LEVEL1) [1]
Pruned:  0: (LOAD GOODS2 TRUCK1 MARKET1 LEVEL2 LEVEL3 LEVEL0 LEVEL1) [1]
Pruned:  0: (LOAD GOODS2 TRUCK1 MARKET1 LEVEL2 LEVEL3 LEVEL0 LEVEL1) [1]
Pruned:  0: (LOAD GOODS2 TRUCK1 MARKET1 LEVEL2 LEVEL3 LEVEL0 LEVEL1) [1]
Pruned:  0: (LOAD GOODS2 TRUCK1 MARKET1 LEVEL2 LEVEL3 LEVEL0 LEVEL1) [1]
Pruned:  0: (LOAD GOODS2 TRUCK1 MARKET1 LEVEL2 LEVEL3 LEVEL0 LEVEL1) [1]
Pruned:  0: (LOAD GOODS2 TRUCK1 MARKET1 LEVEL2 LEVEL3 LEVEL0 LEVEL1) [1]
Pruned:  0: (LOAD GOODS2 TRUCK1 MARKET1 LEVEL2 LEVEL3 LEVEL0 LEVEL1) [1]
Pruned:  0: (LOAD GOODS2 TRUCK1 MARKET1 LEVEL2 LEVEL3 LEVEL0 LEVEL1) [1]
Pruned:  0: (LOAD GOODS2 TRUCK1 MARKET1 LEVEL2 LEVEL3 LEVEL0 LEVEL1) [1]
Pruned:  0: (LOAD GOODS2 TRUCK1 MARKET1 LEVEL2 LEVEL3 LEVEL0 LEVEL1) [1]
Pruned:  0: (LOAD GOODS2 TRUCK1 MARKET1 LEVEL2 LEVEL3 LEVEL0 LEVEL1) [1]
Pruned:  0: (LOAD GOODS2 TRUCK1 MARKET1 LEVEL2 LEVEL3 LEVEL0 LEVEL1) [1]
Pruned:  0: (LOAD GOODS2 TRUCK1 MARKET1 LEVEL2 LEVEL3 LEVEL0 LEVEL1) [1]
Pruned:  0: (LOAD GOODS2 TRUCK1 MARKET1 LEVEL2 LEVEL3 LEVEL0 LEVEL1) [1]
Pruned:  0: (LOAD GOODS2 TRUCK1 MARKET1 LEVEL2 LEVEL3 LEVEL0 LEVEL1) [1]
Pruned:  0: (LOAD GOODS2 TRUCK1 MARKET1 LEVEL2 LEVEL3 LEVEL0 LEVEL1) [1]
Pruned:  0: (LOAD GOODS2 TRUCK1 MARKET1 LEVEL2 LEVEL3 LEVEL0 LEVEL1) [1]
Pruned:  0: (LOAD GOODS2 TRUCK1 MARKET1 LEVEL2 LEVEL3 LEVEL0 LEVEL1) [1]
Pruned:  0: (LOAD GOODS2 TRUCK1 MARKET1 LEVEL2 LEVEL3 LEVEL0 LEVEL1) [1]
Pruned:  0: (LOAD GOODS2 TRUCK1 MARKET1 LEVEL2 LEVEL3 LEVEL0 LEVEL1) [1]
Pruned:  0: (LOAD GOODS2 TRUCK1 MARKET1 LEVEL2 LEVEL3 LEVEL0 LEVEL1) [1]
Pruned:  0: (LOAD GOODS2 TRUCK1 MARKET1 LEVEL2 LEVEL3 LEVEL0 LEVEL1) [1]
Pruned:  0: (LOAD GOODS2 TRUCK1 MARKET1 LEVEL2 LEVEL3 LEVEL0 LEVEL1) [1]
Pruned:  0: (LOAD GOODS2 TRUCK1 MARKET1 LEVEL2 LEVEL3 LEVEL0 LEVEL1) [1]
Pruned:  0: (LOAD GOODS2 TRUCK1 MARKET1 LEVEL2 LEVEL3 LEVEL0 LEVEL1) [1]
Pruned:  0: (LOAD GOODS2 TRUCK1 MARKET1 LEVEL2 LEVEL3 LEVEL0 LEVEL1) [1]
Pruned:  0: (LOAD GOODS2 TRUCK1 MARKET1 LEVEL2 LEVEL3 LEVEL0 LEVEL1) [1]
Pruned:  0: (LOAD GOODS2 TRUCK1 MARKET1 LEVEL2 LEVEL3 LEVEL0 LEVEL1) [1]
Pruned:  0: (LOAD GOODS2 TRUCK1 MARKET1 LEVEL2 LEVEL3 LEVEL0 LEVEL1) [1]
Pruned:  0: (LOAD GOODS2 TRUCK1 MARKET1 LEVEL2 LEVEL3 LEVEL0 LEVEL1) [1]
Pruned:  0: (LOAD GOODS2 TRUCK1 MARKET1 LEVEL2 LEVEL3 LEVEL0 LEVEL1) [1]
Pruned:  0: (LOAD GOODS2 TRUCK1 MARKET1 LEVEL2 LEVEL3 LEVEL0 LEVEL1) [1]
Pruned:  0: (LOAD GOODS2 TRUCK1 MARKET1 LEVEL2 LEVEL3 LEVEL0 LEVEL1) [1]
Pruned:  0: (LOAD GOODS2 TRUCK1 MARKET1 LEVEL2 LEVEL3 LEVEL0 LEVEL1) [1]
Pruned:  0: (LOAD GOODS2 TRUCK1 MARKET1 LEVEL2 LEVEL3 LEVEL0 LEVEL1) [1]
Pruned:  0: (LOAD GOODS2 TRUCK1 MARKET1 LEVEL2 LEVEL3 LEVEL0 LEVEL1) [1]
Pruned:  0: (LOAD GOODS2 TRUCK1 MARKET1 LEVEL2 LEVEL3 LEVEL0 LEVEL1) [1]
Pruned:  0: (LOAD GOODS2 TRUCK1 MARKET1 LEVEL2 LEVEL3 LEVEL0 LEVEL1) [1]
Pruned:  0: (LOAD GOODS2 TRUCK1 MARKET1 LEVEL2 LEVEL3 LEVEL0 LEVEL1) [1]
Pruned:  0: (LOAD GOODS2 TRUCK1 MARKET1 LEVEL2 LEVEL3 LEVEL0 LEVEL1) [1]
Pruned:  0: (LOAD GOODS2 TRUCK1 MARKET1 LEVEL2 LEVEL3 LEVEL0 LEVEL1) [1]
Pruned:  0: (LOAD GOODS2 TRUCK1 MARKET1 LEVEL2 LEVEL3 LEVEL0 LEVEL1) [1]
Pruned:  0: (LOAD GOODS2 TRUCK1 MARKET1 LEVEL2 LEVEL3 LEVEL0 LEVEL1) [1]
Pruned:  0: (LOAD GOODS2 TRUCK1 MARKET1 LEVEL2 LEVEL3 LEVEL0 LEVEL1) [1]
Pruned:  0: (LOAD GOODS2 TRUCK1 MARKET1 LEVEL2 LEVEL3 LEVEL0 LEVEL1) [1]
Pruned:  0: (LOAD GOODS2 TRUCK1 MARKET1 LEVEL2 LEVEL3 LEVEL0 LEVEL1) [1]
Pruned:  0: (LOAD GOODS2 TRUCK1 MARKET1 LEVEL2 LEVEL3 LEVEL0 LEVEL1) [1]
Pruned:  0: (LOAD GOODS2 TRUCK1 MARKET1 LEVEL2 LEVEL3 LEVEL0 LEVEL1) [1]
Pruned:  0: (LOAD GOODS2 TRUCK1 MARKET1 LEVEL2 LEVEL3 LEVEL0 LEVEL1) [1]
Pruned:  0: (LOAD GOODS2 TRUCK1 MARKET1 LEVEL2 LEVEL3 LEVEL0 LEVEL1) [1]
Pruned:  0: (LOAD GOODS2 TRUCK1 MARKET1 LEVEL2 LEVEL3 LEVEL0 LEVEL1) [1]
Pruned:  0: (LOAD GOODS2 TRUCK1 MARKET1 LEVEL2 LEVEL3 LEVEL0 LEVEL1) [1]
Pruned:  0: (LOAD GOODS2 TRUCK1 MARKET1 LEVEL2 LEVEL3 LEVEL0 LEVEL1) [1]
Pruned:  0: (LOAD GOODS2 TRUCK1 MARKET1 LEVEL2 LEVEL3 LEVEL0 LEVEL1) [1]
Pruned:  0: (LOAD GOODS2 TRUCK1 MARKET1 LEVEL2 LEVEL3 LEVEL0 LEVEL1) [1]
Pruned:  0: (LOAD GOODS2 TRUCK1 MARKET1 LEVEL2 LEVEL3 LEVEL0 LEVEL1) [1]
Pruned:  0: (LOAD GOODS2 TRUCK1 MARKET1 LEVEL2 LEVEL3 LEVEL0 LEVEL1) [1]
Pruned:  0: (LOAD GOODS2 TRUCK1 MARKET1 LEVEL2 LEVEL3 LEVEL0 LEVEL1) [1]
Pruned:  0: (LOAD GOODS2 TRUCK1 MARKET1 LEVEL2 LEVEL3 LEVEL0 LEVEL1) [1]
Pruned:  0: (LOAD GOODS2 TRUCK1 MARKET1 LEVEL2 LEVEL3 LEVEL0 LEVEL1) [1]
Pruned:  0: (LOAD GOODS2 TRUCK1 MARKET1 LEVEL2 LEVEL3 LEVEL0 LEVEL1) [1]
Pruned:  0: (LOAD GOODS2 TRUCK1 MARKET1 LEVEL2 LEVEL3 LEVEL0 LEVEL1) [1]
Pruned:  0: (LOAD GOODS2 TRUCK1 MARKET1 LEVEL2 LEVEL3 LEVEL0 LEVEL1) [1]
Pruned:  0: (LOAD GOODS2 TRUCK1 MARKET1 LEVEL2 LEVEL3 LEVEL0 LEVEL1) [1]
Pruned:  0: (LOAD GOODS2 TRUCK1 MARKET1 LEVEL2 LEVEL3 LEVEL0 LEVEL1) [1]
Pruned:  0: (LOAD GOODS2 TRUCK1 MARKET1 LEVEL2 LEVEL3 LEVEL0 LEVEL1) [1]
Pruned:  0: (LOAD GOODS2 TRUCK1 MARKET1 LEVEL2 LEVEL3 LEVEL0 LEVEL1) [1]
Pruned:  0: (LOAD GOODS2 TRUCK1 MARKET1 LEVEL2 LEVEL3 LEVEL0 LEVEL1) [1]
Pruned:  0: (LOAD GOODS2 TRUCK1 MARKET1 LEVEL2 LEVEL3 LEVEL0 LEVEL1) [1]
Pruned:  0: (LOAD GOODS2 TRUCK1 MARKET1 LEVEL2 LEVEL3 LEVEL0 LEVEL1) [1]
Pruned:  0: (LOAD GOODS2 TRUCK1 MARKET1 LEVEL2 LEVEL3 LEVEL0 LEVEL1) [1]
Pruned:  0: (LOAD GOODS2 TRUCK1 MARKET1 LEVEL2 LEVEL3 LEVEL0 LEVEL1) [1]
Pruned:  0: (LOAD GOODS2 TRUCK1 MARKET1 LEVEL2 LEVEL3 LEVEL0 LEVEL1) [1]
Pruned:  0: (LOAD GOODS2 TRUCK1 MARKET1 LEVEL2 LEVEL3 LEVEL0 LEVEL1) [1]
Pruned:  0: (LOAD GOODS2 TRUCK1 MARKET1 LEVEL2 LEVEL3 LEVEL0 LEVEL1) [1]
Pruned:  0: (LOAD GOODS2 TRUCK1 MARKET1 LEVEL2 LEVEL3 LEVEL0 LEVEL1) [1]
Pruned:  0: (LOAD GOODS2 TRUCK1 MARKET1 LEVEL2 LEVEL3 LEVEL0 LEVEL1) [1]
Pruned:  0: (LOAD GOODS2 TRUCK1 MARKET1 LEVEL2 LEVEL3 LEVEL0 LEVEL1) [1]
Pruned:  0: (LOAD GOODS2 TRUCK1 MARKET1 LEVEL2 LEVEL3 LEVEL0 LEVEL1) [1]
Pruned:  0: (LOAD GOODS2 TRUCK1 MARKET1 LEVEL2 LEVEL3 LEVEL0 LEVEL1) [1]
Pruned:  0: (LOAD GOODS2 TRUCK1 MARKET1 LEVEL2 LEVEL3 LEVEL0 LEVEL1) [1]
Pruned:  0: (LOAD GOODS2 TRUCK1 MARKET1 LEVEL2 LEVEL3 LEVEL0 LEVEL1) [1]
Pruned:  0: (LOAD GOODS2 TRUCK1 MARKET1 LEVEL2 LEVEL3 LEVEL0 LEVEL1) [1]
Pruned:  0: (LOAD GOODS2 TRUCK1 MARKET1 LEVEL2 LEVEL3 LEVEL0 LEVEL1) [1]
Pruned:  0: (LOAD GOODS2 TRUCK1 MARKET1 LEVEL2 LEVEL3 LEVEL0 LEVEL1) [1]
Pruned:  0: (LOAD GOODS2 TRUCK1 MARKET1 LEVEL2 LEVEL3 LEVEL0 LEVEL1) [1]
Pruned:  0: (LOAD GOODS2 TRUCK1 MARKET1 LEVEL2 LEVEL3 LEVEL0 LEVEL1) [1]
Pruned:  0: (LOAD GOODS2 TRUCK1 MARKET1 LEVEL2 LEVEL3 LEVEL0 LEVEL1) [1]
Pruned:  0: (LOAD GOODS2 TRUCK1 MARKET1 LEVEL2 LEVEL3 LEVEL0 LEVEL1) [1]
Pruned:  0: (LOAD GOODS2 TRUCK1 MARKET1 LEVEL2 LEVEL3 LEVEL0 LEVEL1) [1]
Pruned:  0: (LOAD GOODS2 TRUCK1 MARKET1 LEVEL2 LEVEL3 LEVEL0 LEVEL1) [1]
Pruned:  0: (LOAD GOODS2 TRUCK1 MARKET1 LEVEL2 LEVEL3 LEVEL0 LEVEL1) [1]
Pruned:  0: (LOAD GOODS2 TRUCK1 MARKET1 LEVEL2 LEVEL3 LEVEL0 LEVEL1) [1]
Pruned:  0: (LOAD GOODS2 TRUCK1 MARKET1 LEVEL2 LEVEL3 LEVEL0 LEVEL1) [1]
Pruned:  0: (LOAD GOODS2 TRUCK1 MARKET1 LEVEL2 LEVEL3 LEVEL0 LEVEL1) [1]
Pruned:  0: (LOAD GOODS2 TRUCK1 MARKET1 LEVEL2 LEVEL3 LEVEL0 LEVEL1) [1]
Pruned:  0: (LOAD GOODS2 TRUCK1 MARKET1 LEVEL2 LEVEL3 LEVEL0 LEVEL1) [1]
Pruned:  0: (LOAD GOODS2 TRUCK1 MARKET1 LEVEL2 LEVEL3 LEVEL0 LEVEL1) [1]
Pruned:  0: (LOAD GOODS2 TRUCK1 MARKET1 LEVEL2 LEVEL3 LEVEL0 LEVEL1) [1]
Pruned:  0: (LOAD GOODS2 TRUCK1 MARKET1 LEVEL2 LEVEL3 LEVEL0 LEVEL1) [1]
Pruned:  0: (LOAD GOODS2 TRUCK1 MARKET1 LEVEL2 LEVEL3 LEVEL0 LEVEL1) [1]
Pruned:  0: (LOAD GOODS2 TRUCK1 MARKET1 LEVEL2 LEVEL3 LEVEL0 LEVEL1) [1]
Pruned:  0: (LOAD GOODS2 TRUCK1 MARKET1 LEVEL2 LEVEL3 LEVEL0 LEVEL1) [1]
Pruned:  0: (LOAD GOODS2 TRUCK1 MARKET1 LEVEL2 LEVEL3 LEVEL0 LEVEL1) [1]
Pruned:  0: (LOAD GOODS2 TRUCK1 MARKET1 LEVEL2 LEVEL3 LEVEL0 LEVEL1) [1]
Pruned:  0: (LOAD GOODS2 TRUCK1 MARKET1 LEVEL2 LEVEL3 LEVEL0 LEVEL1) [1]
Pruned:  0: (LOAD GOODS2 TRUCK1 MARKET1 LEVEL2 LEVEL3 LEVEL0 LEVEL1) [1]
Pruned:  0: (LOAD GOODS2 TRUCK1 MARKET1 LEVEL2 LEVEL3 LEVEL0 LEVEL1) [1]
Pruned:  0: (LOAD GOODS2 TRUCK1 MARKET1 LEVEL2 LEVEL3 LEVEL0 LEVEL1) [1]
Pruned:  0: (LOAD GOODS2 TRUCK1 MARKET1 LEVEL2 LEVEL3 LEVEL0 LEVEL1) [1]
Pruned:  0: (LOAD GOODS2 TRUCK1 MARKET1 LEVEL2 LEVEL3 LEVEL0 LEVEL1) [1]
Pruned:  0: (LOAD GOODS2 TRUCK1 MARKET1 LEVEL2 LEVEL3 LEVEL0 LEVEL1) [1]
Pruned:  0: (LOAD GOODS2 TRUCK1 MARKET1 LEVEL2 LEVEL3 LEVEL0 LEVEL1) [1]
Pruned:  0: (LOAD GOODS2 TRUCK1 MARKET1 LEVEL2 LEVEL3 LEVEL0 LEVEL1) [1]
Pruned:  0: (LOAD GOODS2 TRUCK1 MARKET1 LEVEL2 LEVEL3 LEVEL0 LEVEL1) [1]
Pruned:  0: (LOAD GOODS2 TRUCK1 MARKET1 LEVEL2 LEVEL3 LEVEL0 LEVEL1) [1]
Pruned:  0: (LOAD GOODS2 TRUCK1 MARKET1 LEVEL2 LEVEL3 LEVEL0 LEVEL1) [1]
Pruned:  0: (LOAD GOODS2 TRUCK1 MARKET1 LEVEL2 LEVEL3 LEVEL0 LEVEL1) [1]
Pruned:  0: (LOAD GOODS2 TRUCK1 MARKET1 LEVEL2 LEVEL3 LEVEL0 LEVEL1) [1]
Pruned:  0: (LOAD GOODS2 TRUCK1 MARKET1 LEVEL2 LEVEL3 LEVEL0 LEVEL1) [1]
Pruned:  5: (BUY TRUCK2 GOODS6 MARKET1 LEVEL1 LEVEL2 LEVEL0 LEVEL1) [1]
---SatPlan Version: 1.1
***SAT!***

Solved in 13 layers

Real Time: = 0.42
User Time: = 0.29
Syst Time: = 0.11

__MEMKB 9088
