---SatPlan Version: 1.1

bb: parsing domain file
domain 'TPP-PROPOSITIONAL' defined
 ... done.
bb: parsing problem file
problem 'TPP' defined
 ... done.


time:   0,   161 facts and       0 exclusive pairs
             166 ops   and       5 exclusive pairs
time:   1,   166 facts and       5 exclusive pairs

creating thin gp-based encoding...
plan graph layer 0...
plan graph layer 1...
goal constraints...

goal fact not coded - level too low??


bb: parsing domain file
domain 'TPP-PROPOSITIONAL' defined
 ... done.
bb: parsing problem file
problem 'TPP' defined
 ... done.


time:   0,   161 facts and       0 exclusive pairs
             166 ops   and       5 exclusive pairs
time:   1,   166 facts and       5 exclusive pairs
             246 ops   and     615 exclusive pairs
time:   2,   200 facts and      78 exclusive pairs

creating thin gp-based encoding...
plan graph layer 0...
plan graph layer 1...
plan graph layer 2...
goal constraints...

goal fact not coded - level too low??


bb: parsing domain file
domain 'TPP-PROPOSITIONAL' defined
 ... done.
bb: parsing problem file
problem 'TPP' defined
 ... done.


time:   0,   161 facts and       0 exclusive pairs
             166 ops   and       5 exclusive pairs
time:   1,   166 facts and       5 exclusive pairs
             246 ops   and     615 exclusive pairs
time:   2,   200 facts and      78 exclusive pairs
             420 ops   and    4948 exclusive pairs
time:   3,   297 facts and     915 exclusive pairs

creating thin gp-based encoding...
plan graph layer 0...
plan graph layer 1...
plan graph layer 2...
plan graph layer 3...
goal constraints...

goal fact not coded - level too low??


bb: parsing domain file
domain 'TPP-PROPOSITIONAL' defined
 ... done.
bb: parsing problem file
problem 'TPP' defined
 ... done.


time:   0,   161 facts and       0 exclusive pairs
             166 ops   and       5 exclusive pairs
time:   1,   166 facts and       5 exclusive pairs
             246 ops   and     615 exclusive pairs
time:   2,   200 facts and      78 exclusive pairs
             420 ops   and    4948 exclusive pairs
time:   3,   297 facts and     915 exclusive pairs
             732 ops   and   25250 exclusive pairs
time:   4,   346 facts and     778 exclusive pairs

creating thin gp-based encoding...
plan graph layer 0...
plan graph layer 1...
plan graph layer 2...
plan graph layer 3...
plan graph layer 4...
goal constraints...

goal fact not coded - level too low??


bb: parsing domain file
domain 'TPP-PROPOSITIONAL' defined
 ... done.
bb: parsing problem file
problem 'TPP' defined
 ... done.


time:   0,   161 facts and       0 exclusive pairs
             166 ops   and       5 exclusive pairs
time:   1,   166 facts and       5 exclusive pairs
             246 ops   and     615 exclusive pairs
time:   2,   200 facts and      78 exclusive pairs
             420 ops   and    4948 exclusive pairs
time:   3,   297 facts and     915 exclusive pairs
             732 ops   and   25250 exclusive pairs
time:   4,   346 facts and     778 exclusive pairs
            1166 ops   and   77213 exclusive pairs
time:   5,   426 facts and     990 exclusive pairs

creating thin gp-based encoding...
plan graph layer 0...
plan graph layer 1...
plan graph layer 2...
plan graph layer 3...
plan graph layer 4...
plan graph layer 5...
goal constraints...

goal fact not coded - level too low??


bb: parsing domain file
domain 'TPP-PROPOSITIONAL' defined
 ... done.
bb: parsing problem file
problem 'TPP' defined
 ... done.


time:   0,   161 facts and       0 exclusive pairs
             166 ops   and       5 exclusive pairs
time:   1,   166 facts and       5 exclusive pairs
             246 ops   and     615 exclusive pairs
time:   2,   200 facts and      78 exclusive pairs
             420 ops   and    4948 exclusive pairs
time:   3,   297 facts and     915 exclusive pairs
             732 ops   and   25250 exclusive pairs
time:   4,   346 facts and     778 exclusive pairs
            1166 ops   and   77213 exclusive pairs
time:   5,   426 facts and     990 exclusive pairs
            1706 ops   and  179535 exclusive pairs
time:   6,   488 facts and    1026 exclusive pairs

creating thin gp-based encoding...
plan graph layer 0...
plan graph layer 1...
plan graph layer 2...
plan graph layer 3...
plan graph layer 4...
plan graph layer 5...
plan graph layer 6...
goal constraints...

goal fact not coded - level too low??


bb: parsing domain file
domain 'TPP-PROPOSITIONAL' defined
 ... done.
bb: parsing problem file
problem 'TPP' defined
 ... done.


time:   0,   161 facts and       0 exclusive pairs
             166 ops   and       5 exclusive pairs
time:   1,   166 facts and       5 exclusive pairs
             246 ops   and     615 exclusive pairs
time:   2,   200 facts and      78 exclusive pairs
             420 ops   and    4948 exclusive pairs
time:   3,   297 facts and     915 exclusive pairs
             732 ops   and   25250 exclusive pairs
time:   4,   346 facts and     778 exclusive pairs
            1166 ops   and   77213 exclusive pairs
time:   5,   426 facts and     990 exclusive pairs
            1706 ops   and  179535 exclusive pairs
time:   6,   488 facts and    1026 exclusive pairs
            2438 ops   and  400981 exclusive pairs
time:   7,   571 facts and    1439 exclusive pairs

creating thin gp-based encoding...
plan graph layer 0...
plan graph layer 1...
plan graph layer 2...
plan graph layer 3...
plan graph layer 4...
plan graph layer 5...
plan graph layer 6...
plan graph layer 7...
goal constraints...

goal fact not coded - level too low??


bb: parsing domain file
domain 'TPP-PROPOSITIONAL' defined
 ... done.
bb: parsing problem file
problem 'TPP' defined
 ... done.


time:   0,   161 facts and       0 exclusive pairs
             166 ops   and       5 exclusive pairs
time:   1,   166 facts and       5 exclusive pairs
             246 ops   and     615 exclusive pairs
time:   2,   200 facts and      78 exclusive pairs
             420 ops   and    4948 exclusive pairs
time:   3,   297 facts and     915 exclusive pairs
             732 ops   and   25250 exclusive pairs
time:   4,   346 facts and     778 exclusive pairs
            1166 ops   and   77213 exclusive pairs
time:   5,   426 facts and     990 exclusive pairs
            1706 ops   and  179535 exclusive pairs
time:   6,   488 facts and    1026 exclusive pairs
            2438 ops   and  400981 exclusive pairs
time:   7,   571 facts and    1439 exclusive pairs
            3261 ops   and  755414 exclusive pairs
time:   8,   629 facts and    1534 exclusive pairs

creating thin gp-based encoding...
plan graph layer 0...
plan graph layer 1...
plan graph layer 2...
plan graph layer 3...
plan graph layer 4...
plan graph layer 5...
plan graph layer 6...
plan graph layer 7...
plan graph layer 8...
goal constraints...

goal fact not coded - level too low??


bb: parsing domain file
domain 'TPP-PROPOSITIONAL' defined
 ... done.
bb: parsing problem file
problem 'TPP' defined
 ... done.


time:   0,   161 facts and       0 exclusive pairs
             166 ops   and       5 exclusive pairs
time:   1,   166 facts and       5 exclusive pairs
             246 ops   and     615 exclusive pairs
time:   2,   200 facts and      78 exclusive pairs
             420 ops   and    4948 exclusive pairs
time:   3,   297 facts and     915 exclusive pairs
             732 ops   and   25250 exclusive pairs
time:   4,   346 facts and     778 exclusive pairs
            1166 ops   and   77213 exclusive pairs
time:   5,   426 facts and     990 exclusive pairs
            1706 ops   and  179535 exclusive pairs
time:   6,   488 facts and    1026 exclusive pairs
            2438 ops   and  400981 exclusive pairs
time:   7,   571 facts and    1439 exclusive pairs
            3261 ops   and  755414 exclusive pairs
time:   8,   629 facts and    1534 exclusive pairs
            3849 ops   and 1049989 exclusive pairs
time:   9,   631 facts and    1268 exclusive pairs

creating thin gp-based encoding...
plan graph layer 0...
plan graph layer 1...
plan graph layer 2...
plan graph layer 3...
plan graph layer 4...
plan graph layer 5...
plan graph layer 6...
plan graph layer 7...
plan graph layer 8...
plan graph layer 9...
goal constraints...
exclusion constraints layer 0...
exclusion constraints layer 1...
exclusion constraints layer 2...
exclusion constraints layer 3...
exclusion constraints layer 4...
exclusion constraints layer 5...
exclusion constraints layer 6...
exclusion constraints layer 7...
exclusion constraints layer 8...
exclusion constraints layer 9...

DECISION LAYER 9, WRITING THIN GP-BASED ENCODING WITH 17899 VARS, 363660 CLAUSES.

time spent:    0.00 seconds instantiating 13510 action templates
               0.00 seconds reachability analysis, yielding 793 facts and 6270 actions
               0.00 seconds collecting 725 relevant facts
               0.00 seconds building connectivity graph
               0.00 seconds building (std) graph
               1.41 seconds CNF output time
               1.41 seconds total planner time (solving not included)


***Solving***


[ filemap ]
[ extract ]

variables : 17899
pure lits : 778

1-clauses : 14
2-clauses : 360886
3-clauses : 150
n-clauses : 2610
discarded : 0

[ solve ]


unsatisfiable                             

[ stats ]

decisions : 32011
conflicts : 4004
time : ~0.182

***UNSAT***


bb: parsing domain file
domain 'TPP-PROPOSITIONAL' defined
 ... done.
bb: parsing problem file
problem 'TPP' defined
 ... done.


time:   0,   161 facts and       0 exclusive pairs
             166 ops   and       5 exclusive pairs
time:   1,   166 facts and       5 exclusive pairs
             246 ops   and     615 exclusive pairs
time:   2,   200 facts and      78 exclusive pairs
             420 ops   and    4948 exclusive pairs
time:   3,   297 facts and     915 exclusive pairs
             732 ops   and   25250 exclusive pairs
time:   4,   346 facts and     778 exclusive pairs
            1166 ops   and   77213 exclusive pairs
time:   5,   426 facts and     990 exclusive pairs
            1706 ops   and  179535 exclusive pairs
time:   6,   488 facts and    1026 exclusive pairs
            2438 ops   and  400981 exclusive pairs
time:   7,   571 facts and    1439 exclusive pairs
            3261 ops   and  755414 exclusive pairs
time:   8,   629 facts and    1534 exclusive pairs
            3849 ops   and 1049989 exclusive pairs
time:   9,   631 facts and    1268 exclusive pairs
            4221 ops   and 1259428 exclusive pairs
time:  10,   633 facts and    1179 exclusive pairs

creating thin gp-based encoding...
plan graph layer 0...
plan graph layer 1...
plan graph layer 2...
plan graph layer 3...
plan graph layer 4...
plan graph layer 5...
plan graph layer 6...
plan graph layer 7...
plan graph layer 8...
plan graph layer 9...
plan graph layer 10...
goal constraints...
exclusion constraints layer 0...
exclusion constraints layer 1...
exclusion constraints layer 2...
exclusion constraints layer 3...
exclusion constraints layer 4...
exclusion constraints layer 5...
exclusion constraints layer 6...
exclusion constraints layer 7...
exclusion constraints layer 8...
exclusion constraints layer 9...
exclusion constraints layer 10...

DECISION LAYER 10, WRITING THIN GP-BASED ENCODING WITH 22753 VARS, 543538 CLAUSES.

time spent:    0.00 seconds instantiating 13510 action templates
               0.00 seconds reachability analysis, yielding 793 facts and 6270 actions
               0.00 seconds collecting 725 relevant facts
               0.00 seconds building connectivity graph
               0.00 seconds building (std) graph
               1.97 seconds CNF output time
               1.97 seconds total planner time (solving not included)


***Solving***


[ filemap ]
[ extract ]

variables : 22753
pure lits : 780

1-clauses : 14
2-clauses : 540181
3-clauses : 165
n-clauses : 3178
discarded : 0

[ solve ]


satisfiable                             

[ stats ]

decisions : 198310
conflicts : 39456
time : ~5.091


bb: parsing domain file
domain 'TPP-PROPOSITIONAL' defined
 ... done.
bb: parsing problem file
problem 'TPP' defined
 ... done.


time:   0,   161 facts and       0 exclusive pairs
             166 ops   and       5 exclusive pairs
time:   1,   166 facts and       5 exclusive pairs
             246 ops   and     615 exclusive pairs
time:   2,   200 facts and      78 exclusive pairs
             420 ops   and    4948 exclusive pairs
time:   3,   297 facts and     915 exclusive pairs
             732 ops   and   25250 exclusive pairs
time:   4,   346 facts and     778 exclusive pairs
            1166 ops   and   77213 exclusive pairs
time:   5,   426 facts and     990 exclusive pairs
            1706 ops   and  179535 exclusive pairs
time:   6,   488 facts and    1026 exclusive pairs
            2438 ops   and  400981 exclusive pairs
time:   7,   571 facts and    1439 exclusive pairs
            3261 ops   and  755414 exclusive pairs
time:   8,   629 facts and    1534 exclusive pairs
            3849 ops   and 1049989 exclusive pairs
time:   9,   631 facts and    1268 exclusive pairs
            4221 ops   and 1259428 exclusive pairs
time:  10,   633 facts and    1179 exclusive pairs

creating thin gp-based encoding...
plan graph layer 0...
plan graph layer 1...
plan graph layer 2...
plan graph layer 3...
plan graph layer 4...
plan graph layer 5...
plan graph layer 6...
plan graph layer 7...
plan graph layer 8...
plan graph layer 9...
plan graph layer 10...
goal constraints...
exclusion constraints layer 0...
exclusion constraints layer 1...
exclusion constraints layer 2...
exclusion constraints layer 3...
exclusion constraints layer 4...
exclusion constraints layer 5...
exclusion constraints layer 6...
exclusion constraints layer 7...
exclusion constraints layer 8...
exclusion constraints layer 9...
exclusion constraints layer 10...

DECISION LAYER 10, WRITING THIN GP-BASED ENCODING WITH 22753 VARS, 543538 CLAUSES.

time spent:    0.00 seconds instantiating 13510 action templates
               0.00 seconds reachability analysis, yielding 793 facts and 6270 actions
               0.00 seconds collecting 725 relevant facts
               0.00 seconds building connectivity graph
               0.00 seconds building (std) graph
               1.88 seconds CNF output time
               1.88 seconds total planner time (solving not included)

Pruned:  0: (LOAD GOODS1 TRUCK1 MARKET1 LEVEL3 LEVEL4 LEVEL0 LEVEL1) [1]
Pruned:  0: (LOAD GOODS1 TRUCK1 MARKET1 LEVEL3 LEVEL4 LEVEL0 LEVEL1) [1]
Pruned:  0: (LOAD GOODS1 TRUCK1 MARKET1 LEVEL3 LEVEL4 LEVEL0 LEVEL1) [1]
Pruned:  0: (LOAD GOODS1 TRUCK1 MARKET1 LEVEL3 LEVEL4 LEVEL0 LEVEL1) [1]
Pruned:  0: (LOAD GOODS1 TRUCK1 MARKET1 LEVEL3 LEVEL4 LEVEL0 LEVEL1) [1]
Pruned:  0: (LOAD GOODS1 TRUCK1 MARKET1 LEVEL3 LEVEL4 LEVEL0 LEVEL1) [1]
Pruned:  0: (LOAD GOODS1 TRUCK1 MARKET1 LEVEL3 LEVEL4 LEVEL0 LEVEL1) [1]
Pruned:  0: (LOAD GOODS1 TRUCK1 MARKET1 LEVEL3 LEVEL4 LEVEL0 LEVEL1) [1]
Pruned:  0: (LOAD GOODS1 TRUCK1 MARKET1 LEVEL3 LEVEL4 LEVEL0 LEVEL1) [1]
Pruned:  0: (LOAD GOODS1 TRUCK1 MARKET1 LEVEL3 LEVEL4 LEVEL0 LEVEL1) [1]
Pruned:  0: (LOAD GOODS1 TRUCK1 MARKET1 LEVEL3 LEVEL4 LEVEL0 LEVEL1) [1]
Pruned:  0: (LOAD GOODS1 TRUCK1 MARKET1 LEVEL3 LEVEL4 LEVEL0 LEVEL1) [1]
Pruned:  0: (LOAD GOODS1 TRUCK1 MARKET1 LEVEL3 LEVEL4 LEVEL0 LEVEL1) [1]
Pruned:  0: (LOAD GOODS1 TRUCK1 MARKET1 LEVEL3 LEVEL4 LEVEL0 LEVEL1) [1]
Pruned:  0: (LOAD GOODS1 TRUCK1 MARKET1 LEVEL3 LEVEL4 LEVEL0 LEVEL1) [1]
Pruned:  0: (LOAD GOODS1 TRUCK1 MARKET1 LEVEL3 LEVEL4 LEVEL0 LEVEL1) [1]
Pruned:  0: (LOAD GOODS1 TRUCK1 MARKET1 LEVEL3 LEVEL4 LEVEL0 LEVEL1) [1]
Pruned:  0: (LOAD GOODS1 TRUCK1 MARKET1 LEVEL3 LEVEL4 LEVEL0 LEVEL1) [1]
Pruned:  0: (LOAD GOODS1 TRUCK1 MARKET1 LEVEL3 LEVEL4 LEVEL0 LEVEL1) [1]
Pruned:  0: (LOAD GOODS1 TRUCK1 MARKET1 LEVEL3 LEVEL4 LEVEL0 LEVEL1) [1]
Pruned:  0: (LOAD GOODS1 TRUCK1 MARKET1 LEVEL3 LEVEL4 LEVEL0 LEVEL1) [1]
Pruned:  0: (LOAD GOODS1 TRUCK1 MARKET1 LEVEL3 LEVEL4 LEVEL0 LEVEL1) [1]
Pruned:  0: (LOAD GOODS1 TRUCK1 MARKET1 LEVEL3 LEVEL4 LEVEL0 LEVEL1) [1]
Pruned:  0: (LOAD GOODS1 TRUCK1 MARKET1 LEVEL3 LEVEL4 LEVEL0 LEVEL1) [1]
Pruned:  0: (LOAD GOODS1 TRUCK1 MARKET1 LEVEL3 LEVEL4 LEVEL0 LEVEL1) [1]
Pruned:  0: (LOAD GOODS1 TRUCK1 MARKET1 LEVEL3 LEVEL4 LEVEL0 LEVEL1) [1]
Pruned:  0: (LOAD GOODS1 TRUCK1 MARKET1 LEVEL3 LEVEL4 LEVEL0 LEVEL1) [1]
Pruned:  0: (LOAD GOODS1 TRUCK1 MARKET1 LEVEL3 LEVEL4 LEVEL0 LEVEL1) [1]
Pruned:  0: (LOAD GOODS1 TRUCK1 MARKET1 LEVEL3 LEVEL4 LEVEL0 LEVEL1) [1]
Pruned:  0: (LOAD GOODS1 TRUCK1 MARKET1 LEVEL3 LEVEL4 LEVEL0 LEVEL1) [1]
Pruned:  0: (LOAD GOODS1 TRUCK1 MARKET1 LEVEL3 LEVEL4 LEVEL0 LEVEL1) [1]
Pruned:  0: (LOAD GOODS1 TRUCK1 MARKET1 LEVEL3 LEVEL4 LEVEL0 LEVEL1) [1]
Pruned:  0: (LOAD GOODS1 TRUCK1 MARKET1 LEVEL3 LEVEL4 LEVEL0 LEVEL1) [1]
Pruned:  0: (LOAD GOODS1 TRUCK1 MARKET1 LEVEL3 LEVEL4 LEVEL0 LEVEL1) [1]
Pruned:  0: (LOAD GOODS1 TRUCK1 MARKET1 LEVEL3 LEVEL4 LEVEL0 LEVEL1) [1]
Pruned:  0: (LOAD GOODS1 TRUCK1 MARKET1 LEVEL3 LEVEL4 LEVEL0 LEVEL1) [1]
Pruned:  0: (LOAD GOODS1 TRUCK1 MARKET1 LEVEL3 LEVEL4 LEVEL0 LEVEL1) [1]
Pruned:  0: (LOAD GOODS1 TRUCK1 MARKET1 LEVEL3 LEVEL4 LEVEL0 LEVEL1) [1]
Pruned:  0: (LOAD GOODS1 TRUCK1 MARKET1 LEVEL3 LEVEL4 LEVEL0 LEVEL1) [1]
Pruned:  0: (LOAD GOODS1 TRUCK1 MARKET1 LEVEL3 LEVEL4 LEVEL0 LEVEL1) [1]
Pruned:  0: (LOAD GOODS1 TRUCK1 MARKET1 LEVEL3 LEVEL4 LEVEL0 LEVEL1) [1]
Pruned:  0: (LOAD GOODS1 TRUCK1 MARKET1 LEVEL3 LEVEL4 LEVEL0 LEVEL1) [1]
Pruned:  0: (LOAD GOODS1 TRUCK1 MARKET1 LEVEL3 LEVEL4 LEVEL0 LEVEL1) [1]
Pruned:  0: (LOAD GOODS1 TRUCK1 MARKET1 LEVEL3 LEVEL4 LEVEL0 LEVEL1) [1]
Pruned:  0: (LOAD GOODS1 TRUCK1 MARKET1 LEVEL3 LEVEL4 LEVEL0 LEVEL1) [1]
Pruned:  0: (LOAD GOODS1 TRUCK1 MARKET1 LEVEL3 LEVEL4 LEVEL0 LEVEL1) [1]
Pruned:  0: (LOAD GOODS1 TRUCK1 MARKET1 LEVEL3 LEVEL4 LEVEL0 LEVEL1) [1]
Pruned:  0: (LOAD GOODS1 TRUCK1 MARKET1 LEVEL3 LEVEL4 LEVEL0 LEVEL1) [1]
Pruned:  0: (LOAD GOODS1 TRUCK1 MARKET1 LEVEL3 LEVEL4 LEVEL0 LEVEL1) [1]
Pruned:  0: (LOAD GOODS1 TRUCK1 MARKET1 LEVEL3 LEVEL4 LEVEL0 LEVEL1) [1]
Pruned:  0: (LOAD GOODS1 TRUCK1 MARKET1 LEVEL3 LEVEL4 LEVEL0 LEVEL1) [1]
Pruned:  0: (LOAD GOODS1 TRUCK1 MARKET1 LEVEL3 LEVEL4 LEVEL0 LEVEL1) [1]
Pruned:  0: (LOAD GOODS1 TRUCK1 MARKET1 LEVEL3 LEVEL4 LEVEL0 LEVEL1) [1]
Pruned:  0: (LOAD GOODS1 TRUCK1 MARKET1 LEVEL3 LEVEL4 LEVEL0 LEVEL1) [1]
Pruned:  0: (LOAD GOODS1 TRUCK1 MARKET1 LEVEL3 LEVEL4 LEVEL0 LEVEL1) [1]
Pruned:  0: (LOAD GOODS1 TRUCK1 MARKET1 LEVEL3 LEVEL4 LEVEL0 LEVEL1) [1]
Pruned:  0: (LOAD GOODS1 TRUCK1 MARKET1 LEVEL3 LEVEL4 LEVEL0 LEVEL1) [1]
Pruned:  0: (LOAD GOODS1 TRUCK1 MARKET1 LEVEL3 LEVEL4 LEVEL0 LEVEL1) [1]
Pruned:  0: (LOAD GOODS1 TRUCK1 MARKET1 LEVEL3 LEVEL4 LEVEL0 LEVEL1) [1]
Pruned:  0: (LOAD GOODS1 TRUCK1 MARKET1 LEVEL3 LEVEL4 LEVEL0 LEVEL1) [1]
Pruned:  0: (LOAD GOODS1 TRUCK1 MARKET1 LEVEL3 LEVEL4 LEVEL0 LEVEL1) [1]
Pruned:  0: (LOAD GOODS1 TRUCK1 MARKET1 LEVEL3 LEVEL4 LEVEL0 LEVEL1) [1]
Pruned:  0: (LOAD GOODS1 TRUCK1 MARKET1 LEVEL3 LEVEL4 LEVEL0 LEVEL1) [1]
Pruned:  0: (LOAD GOODS1 TRUCK1 MARKET1 LEVEL3 LEVEL4 LEVEL0 LEVEL1) [1]
Pruned:  0: (LOAD GOODS1 TRUCK1 MARKET1 LEVEL3 LEVEL4 LEVEL0 LEVEL1) [1]
Pruned:  0: (LOAD GOODS1 TRUCK1 MARKET1 LEVEL3 LEVEL4 LEVEL0 LEVEL1) [1]
Pruned:  0: (LOAD GOODS1 TRUCK1 MARKET1 LEVEL3 LEVEL4 LEVEL0 LEVEL1) [1]
Pruned:  0: (LOAD GOODS1 TRUCK1 MARKET1 LEVEL3 LEVEL4 LEVEL0 LEVEL1) [1]
Pruned:  0: (LOAD GOODS1 TRUCK1 MARKET1 LEVEL3 LEVEL4 LEVEL0 LEVEL1) [1]
Pruned:  0: (LOAD GOODS1 TRUCK1 MARKET1 LEVEL3 LEVEL4 LEVEL0 LEVEL1) [1]
Pruned:  0: (LOAD GOODS1 TRUCK1 MARKET1 LEVEL3 LEVEL4 LEVEL0 LEVEL1) [1]
Pruned:  0: (LOAD GOODS1 TRUCK1 MARKET1 LEVEL3 LEVEL4 LEVEL0 LEVEL1) [1]
Pruned:  0: (LOAD GOODS1 TRUCK1 MARKET1 LEVEL3 LEVEL4 LEVEL0 LEVEL1) [1]
Pruned:  0: (LOAD GOODS1 TRUCK1 MARKET1 LEVEL3 LEVEL4 LEVEL0 LEVEL1) [1]
Pruned:  0: (LOAD GOODS1 TRUCK1 MARKET1 LEVEL3 LEVEL4 LEVEL0 LEVEL1) [1]
Pruned:  0: (LOAD GOODS1 TRUCK1 MARKET1 LEVEL3 LEVEL4 LEVEL0 LEVEL1) [1]
Pruned:  0: (LOAD GOODS1 TRUCK1 MARKET1 LEVEL3 LEVEL4 LEVEL0 LEVEL1) [1]
Pruned:  0: (LOAD GOODS1 TRUCK1 MARKET1 LEVEL3 LEVEL4 LEVEL0 LEVEL1) [1]
Pruned:  0: (LOAD GOODS1 TRUCK1 MARKET1 LEVEL3 LEVEL4 LEVEL0 LEVEL1) [1]
Pruned:  0: (LOAD GOODS1 TRUCK1 MARKET1 LEVEL3 LEVEL4 LEVEL0 LEVEL1) [1]
Pruned:  0: (LOAD GOODS1 TRUCK1 MARKET1 LEVEL3 LEVEL4 LEVEL0 LEVEL1) [1]
Pruned:  0: (LOAD GOODS1 TRUCK1 MARKET1 LEVEL3 LEVEL4 LEVEL0 LEVEL1) [1]
Pruned:  0: (LOAD GOODS1 TRUCK1 MARKET1 LEVEL3 LEVEL4 LEVEL0 LEVEL1) [1]
Pruned:  0: (LOAD GOODS1 TRUCK1 MARKET1 LEVEL3 LEVEL4 LEVEL0 LEVEL1) [1]
Pruned:  0: (LOAD GOODS1 TRUCK1 MARKET1 LEVEL3 LEVEL4 LEVEL0 LEVEL1) [1]
Pruned:  0: (LOAD GOODS1 TRUCK1 MARKET1 LEVEL3 LEVEL4 LEVEL0 LEVEL1) [1]
Pruned:  0: (LOAD GOODS1 TRUCK1 MARKET1 LEVEL3 LEVEL4 LEVEL0 LEVEL1) [1]
Pruned:  0: (LOAD GOODS1 TRUCK1 MARKET1 LEVEL3 LEVEL4 LEVEL0 LEVEL1) [1]
Pruned:  0: (LOAD GOODS1 TRUCK1 MARKET1 LEVEL3 LEVEL4 LEVEL0 LEVEL1) [1]
Pruned:  0: (LOAD GOODS1 TRUCK1 MARKET1 LEVEL3 LEVEL4 LEVEL0 LEVEL1) [1]
Pruned:  0: (LOAD GOODS1 TRUCK1 MARKET1 LEVEL3 LEVEL4 LEVEL0 LEVEL1) [1]
Pruned:  0: (LOAD GOODS1 TRUCK1 MARKET1 LEVEL3 LEVEL4 LEVEL0 LEVEL1) [1]
Pruned:  0: (LOAD GOODS1 TRUCK1 MARKET1 LEVEL3 LEVEL4 LEVEL0 LEVEL1) [1]
Pruned:  0: (LOAD GOODS1 TRUCK1 MARKET1 LEVEL3 LEVEL4 LEVEL0 LEVEL1) [1]
Pruned:  0: (LOAD GOODS1 TRUCK1 MARKET1 LEVEL3 LEVEL4 LEVEL0 LEVEL1) [1]
Pruned:  0: (LOAD GOODS1 TRUCK1 MARKET1 LEVEL3 LEVEL4 LEVEL0 LEVEL1) [1]
Pruned:  0: (LOAD GOODS1 TRUCK1 MARKET1 LEVEL3 LEVEL4 LEVEL0 LEVEL1) [1]
Pruned:  0: (LOAD GOODS1 TRUCK1 MARKET1 LEVEL3 LEVEL4 LEVEL0 LEVEL1) [1]
Pruned:  0: (LOAD GOODS1 TRUCK1 MARKET1 LEVEL3 LEVEL4 LEVEL0 LEVEL1) [1]
Pruned:  0: (LOAD GOODS1 TRUCK1 MARKET1 LEVEL3 LEVEL4 LEVEL0 LEVEL1) [1]
Pruned:  0: (LOAD GOODS1 TRUCK1 MARKET1 LEVEL3 LEVEL4 LEVEL0 LEVEL1) [1]
Pruned:  0: (LOAD GOODS1 TRUCK1 MARKET1 LEVEL3 LEVEL4 LEVEL0 LEVEL1) [1]
Pruned:  0: (LOAD GOODS1 TRUCK1 MARKET1 LEVEL3 LEVEL4 LEVEL0 LEVEL1) [1]
Pruned:  0: (LOAD GOODS1 TRUCK1 MARKET1 LEVEL3 LEVEL4 LEVEL0 LEVEL1) [1]
Pruned:  0: (LOAD GOODS1 TRUCK1 MARKET1 LEVEL3 LEVEL4 LEVEL0 LEVEL1) [1]
Pruned:  0: (LOAD GOODS1 TRUCK1 MARKET1 LEVEL3 LEVEL4 LEVEL0 LEVEL1) [1]
Pruned:  0: (LOAD GOODS1 TRUCK1 MARKET1 LEVEL3 LEVEL4 LEVEL0 LEVEL1) [1]
Pruned:  0: (LOAD GOODS1 TRUCK1 MARKET1 LEVEL3 LEVEL4 LEVEL0 LEVEL1) [1]
Pruned:  0: (LOAD GOODS1 TRUCK1 MARKET1 LEVEL3 LEVEL4 LEVEL0 LEVEL1) [1]
Pruned:  0: (LOAD GOODS1 TRUCK1 MARKET1 LEVEL3 LEVEL4 LEVEL0 LEVEL1) [1]
Pruned:  0: (LOAD GOODS1 TRUCK1 MARKET1 LEVEL3 LEVEL4 LEVEL0 LEVEL1) [1]
Pruned:  0: (LOAD GOODS1 TRUCK1 MARKET1 LEVEL3 LEVEL4 LEVEL0 LEVEL1) [1]
Pruned:  0: (LOAD GOODS1 TRUCK1 MARKET1 LEVEL3 LEVEL4 LEVEL0 LEVEL1) [1]
Pruned:  0: (LOAD GOODS1 TRUCK1 MARKET1 LEVEL3 LEVEL4 LEVEL0 LEVEL1) [1]
Pruned:  0: (LOAD GOODS1 TRUCK1 MARKET1 LEVEL3 LEVEL4 LEVEL0 LEVEL1) [1]
Pruned:  0: (LOAD GOODS1 TRUCK1 MARKET1 LEVEL3 LEVEL4 LEVEL0 LEVEL1) [1]
Pruned:  0: (LOAD GOODS1 TRUCK1 MARKET1 LEVEL3 LEVEL4 LEVEL0 LEVEL1) [1]
Pruned:  0: (LOAD GOODS1 TRUCK1 MARKET1 LEVEL3 LEVEL4 LEVEL0 LEVEL1) [1]
Pruned:  0: (LOAD GOODS1 TRUCK1 MARKET1 LEVEL3 LEVEL4 LEVEL0 LEVEL1) [1]
Pruned:  0: (LOAD GOODS1 TRUCK1 MARKET1 LEVEL3 LEVEL4 LEVEL0 LEVEL1) [1]
Pruned:  0: (LOAD GOODS1 TRUCK1 MARKET1 LEVEL3 LEVEL4 LEVEL0 LEVEL1) [1]
Pruned:  0: (LOAD GOODS1 TRUCK1 MARKET1 LEVEL3 LEVEL4 LEVEL0 LEVEL1) [1]
Pruned:  0: (LOAD GOODS1 TRUCK1 MARKET1 LEVEL3 LEVEL4 LEVEL0 LEVEL1) [1]
Pruned:  0: (LOAD GOODS1 TRUCK1 MARKET1 LEVEL3 LEVEL4 LEVEL0 LEVEL1) [1]
Pruned:  0: (LOAD GOODS1 TRUCK1 MARKET1 LEVEL3 LEVEL4 LEVEL0 LEVEL1) [1]
Pruned:  0: (LOAD GOODS1 TRUCK1 MARKET1 LEVEL3 LEVEL4 LEVEL0 LEVEL1) [1]
Pruned:  0: (LOAD GOODS1 TRUCK1 MARKET1 LEVEL3 LEVEL4 LEVEL0 LEVEL1) [1]
Pruned:  0: (LOAD GOODS1 TRUCK1 MARKET1 LEVEL3 LEVEL4 LEVEL0 LEVEL1) [1]
Pruned:  0: (LOAD GOODS1 TRUCK1 MARKET1 LEVEL3 LEVEL4 LEVEL0 LEVEL1) [1]
Pruned:  0: (LOAD GOODS1 TRUCK1 MARKET1 LEVEL3 LEVEL4 LEVEL0 LEVEL1) [1]
Pruned:  0: (LOAD GOODS1 TRUCK1 MARKET1 LEVEL3 LEVEL4 LEVEL0 LEVEL1) [1]
Pruned:  0: (LOAD GOODS1 TRUCK1 MARKET1 LEVEL3 LEVEL4 LEVEL0 LEVEL1) [1]
Pruned:  0: (LOAD GOODS1 TRUCK1 MARKET1 LEVEL3 LEVEL4 LEVEL0 LEVEL1) [1]
Pruned:  0: (LOAD GOODS1 TRUCK1 MARKET1 LEVEL3 LEVEL4 LEVEL0 LEVEL1) [1]
Pruned:  0: (LOAD GOODS1 TRUCK1 MARKET1 LEVEL3 LEVEL4 LEVEL0 LEVEL1) [1]
Pruned:  0: (LOAD GOODS1 TRUCK1 MARKET1 LEVEL3 LEVEL4 LEVEL0 LEVEL1) [1]
Pruned:  0: (LOAD GOODS1 TRUCK1 MARKET1 LEVEL3 LEVEL4 LEVEL0 LEVEL1) [1]
Pruned:  0: (LOAD GOODS1 TRUCK1 MARKET1 LEVEL3 LEVEL4 LEVEL0 LEVEL1) [1]
Pruned:  0: (LOAD GOODS1 TRUCK1 MARKET1 LEVEL3 LEVEL4 LEVEL0 LEVEL1) [1]
Pruned:  0: (LOAD GOODS1 TRUCK1 MARKET1 LEVEL3 LEVEL4 LEVEL0 LEVEL1) [1]
Pruned:  0: (LOAD GOODS1 TRUCK1 MARKET1 LEVEL3 LEVEL4 LEVEL0 LEVEL1) [1]
Pruned:  0: (LOAD GOODS1 TRUCK1 MARKET1 LEVEL3 LEVEL4 LEVEL0 LEVEL1) [1]
Pruned:  0: (LOAD GOODS1 TRUCK1 MARKET1 LEVEL3 LEVEL4 LEVEL0 LEVEL1) [1]
Pruned:  0: (LOAD GOODS1 TRUCK1 MARKET1 LEVEL3 LEVEL4 LEVEL0 LEVEL1) [1]
Pruned:  0: (LOAD GOODS1 TRUCK1 MARKET1 LEVEL3 LEVEL4 LEVEL0 LEVEL1) [1]
Pruned:  0: (LOAD GOODS1 TRUCK1 MARKET1 LEVEL3 LEVEL4 LEVEL0 LEVEL1) [1]
Pruned:  0: (LOAD GOODS1 TRUCK1 MARKET1 LEVEL3 LEVEL4 LEVEL0 LEVEL1) [1]
Pruned:  0: (LOAD GOODS1 TRUCK1 MARKET1 LEVEL3 LEVEL4 LEVEL0 LEVEL1) [1]
Pruned:  0: (LOAD GOODS1 TRUCK1 MARKET1 LEVEL3 LEVEL4 LEVEL0 LEVEL1) [1]
Pruned:  0: (LOAD GOODS1 TRUCK1 MARKET1 LEVEL3 LEVEL4 LEVEL0 LEVEL1) [1]
Pruned:  0: (LOAD GOODS1 TRUCK1 MARKET1 LEVEL3 LEVEL4 LEVEL0 LEVEL1) [1]
Pruned:  0: (LOAD GOODS1 TRUCK1 MARKET1 LEVEL3 LEVEL4 LEVEL0 LEVEL1) [1]
Pruned:  0: (LOAD GOODS1 TRUCK1 MARKET1 LEVEL3 LEVEL4 LEVEL0 LEVEL1) [1]
Pruned:  0: (LOAD GOODS1 TRUCK1 MARKET1 LEVEL3 LEVEL4 LEVEL0 LEVEL1) [1]
Pruned:  0: (LOAD GOODS1 TRUCK1 MARKET1 LEVEL3 LEVEL4 LEVEL0 LEVEL1) [1]
Pruned:  0: (LOAD GOODS1 TRUCK1 MARKET1 LEVEL3 LEVEL4 LEVEL0 LEVEL1) [1]
Pruned:  0: (LOAD GOODS1 TRUCK1 MARKET1 LEVEL3 LEVEL4 LEVEL0 LEVEL1) [1]
Pruned:  0: (LOAD GOODS1 TRUCK1 MARKET1 LEVEL3 LEVEL4 LEVEL0 LEVEL1) [1]
Pruned:  0: (LOAD GOODS1 TRUCK1 MARKET1 LEVEL3 LEVEL4 LEVEL0 LEVEL1) [1]
Pruned:  0: (LOAD GOODS1 TRUCK1 MARKET1 LEVEL3 LEVEL4 LEVEL0 LEVEL1) [1]
Pruned:  0: (LOAD GOODS1 TRUCK1 MARKET1 LEVEL3 LEVEL4 LEVEL0 LEVEL1) [1]
Pruned:  0: (LOAD GOODS1 TRUCK1 MARKET1 LEVEL3 LEVEL4 LEVEL0 LEVEL1) [1]
Pruned:  0: (LOAD GOODS1 TRUCK1 MARKET1 LEVEL3 LEVEL4 LEVEL0 LEVEL1) [1]
Pruned:  0: (LOAD GOODS1 TRUCK1 MARKET1 LEVEL3 LEVEL4 LEVEL0 LEVEL1) [1]
Pruned:  0: (LOAD GOODS1 TRUCK1 MARKET1 LEVEL3 LEVEL4 LEVEL0 LEVEL1) [1]
Pruned:  0: (LOAD GOODS1 TRUCK1 MARKET1 LEVEL3 LEVEL4 LEVEL0 LEVEL1) [1]
Pruned:  0: (LOAD GOODS1 TRUCK1 MARKET1 LEVEL3 LEVEL4 LEVEL0 LEVEL1) [1]
Pruned:  0: (LOAD GOODS1 TRUCK1 MARKET1 LEVEL3 LEVEL4 LEVEL0 LEVEL1) [1]
Pruned:  0: (LOAD GOODS1 TRUCK1 MARKET1 LEVEL3 LEVEL4 LEVEL0 LEVEL1) [1]
Pruned:  0: (LOAD GOODS1 TRUCK1 MARKET1 LEVEL3 LEVEL4 LEVEL0 LEVEL1) [1]
Pruned:  0: (LOAD GOODS1 TRUCK1 MARKET1 LEVEL3 LEVEL4 LEVEL0 LEVEL1) [1]
Pruned:  0: (LOAD GOODS1 TRUCK1 MARKET1 LEVEL3 LEVEL4 LEVEL0 LEVEL1) [1]
Pruned:  0: (LOAD GOODS1 TRUCK1 MARKET1 LEVEL3 LEVEL4 LEVEL0 LEVEL1) [1]
Pruned:  0: (LOAD GOODS1 TRUCK1 MARKET1 LEVEL3 LEVEL4 LEVEL0 LEVEL1) [1]
Pruned:  0: (LOAD GOODS1 TRUCK1 MARKET1 LEVEL3 LEVEL4 LEVEL0 LEVEL1) [1]
Pruned:  0: (LOAD GOODS1 TRUCK1 MARKET1 LEVEL3 LEVEL4 LEVEL0 LEVEL1) [1]
Pruned:  0: (LOAD GOODS1 TRUCK1 MARKET1 LEVEL3 LEVEL4 LEVEL0 LEVEL1) [1]
Pruned:  0: (LOAD GOODS1 TRUCK1 MARKET1 LEVEL3 LEVEL4 LEVEL0 LEVEL1) [1]
Pruned:  0: (LOAD GOODS1 TRUCK1 MARKET1 LEVEL3 LEVEL4 LEVEL0 LEVEL1) [1]
Pruned:  0: (LOAD GOODS1 TRUCK1 MARKET1 LEVEL3 LEVEL4 LEVEL0 LEVEL1) [1]
Pruned:  0: (LOAD GOODS1 TRUCK1 MARKET1 LEVEL3 LEVEL4 LEVEL0 LEVEL1) [1]
Pruned:  0: (LOAD GOODS1 TRUCK1 MARKET1 LEVEL3 LEVEL4 LEVEL0 LEVEL1) [1]
Pruned:  0: (LOAD GOODS1 TRUCK1 MARKET1 LEVEL3 LEVEL4 LEVEL0 LEVEL1) [1]
Pruned:  0: (LOAD GOODS1 TRUCK1 MARKET1 LEVEL3 LEVEL4 LEVEL0 LEVEL1) [1]
Pruned:  0: (LOAD GOODS1 TRUCK1 MARKET1 LEVEL3 LEVEL4 LEVEL0 LEVEL1) [1]
Pruned:  0: (LOAD GOODS1 TRUCK1 MARKET1 LEVEL3 LEVEL4 LEVEL0 LEVEL1) [1]
Pruned:  0: (LOAD GOODS1 TRUCK1 MARKET1 LEVEL3 LEVEL4 LEVEL0 LEVEL1) [1]
Pruned:  0: (LOAD GOODS1 TRUCK1 MARKET1 LEVEL3 LEVEL4 LEVEL0 LEVEL1) [1]
Pruned:  0: (LOAD GOODS1 TRUCK1 MARKET1 LEVEL3 LEVEL4 LEVEL0 LEVEL1) [1]
Pruned:  0: (LOAD GOODS1 TRUCK1 MARKET1 LEVEL3 LEVEL4 LEVEL0 LEVEL1) [1]
Pruned:  0: (LOAD GOODS1 TRUCK1 MARKET1 LEVEL3 LEVEL4 LEVEL0 LEVEL1) [1]
Pruned:  0: (LOAD GOODS1 TRUCK1 MARKET1 LEVEL3 LEVEL4 LEVEL0 LEVEL1) [1]
Pruned:  0: (LOAD GOODS1 TRUCK1 MARKET1 LEVEL3 LEVEL4 LEVEL0 LEVEL1) [1]
Pruned:  0: (LOAD GOODS1 TRUCK1 MARKET1 LEVEL3 LEVEL4 LEVEL0 LEVEL1) [1]
Pruned:  0: (LOAD GOODS1 TRUCK1 MARKET1 LEVEL3 LEVEL4 LEVEL0 LEVEL1) [1]
Pruned:  0: (LOAD GOODS1 TRUCK1 MARKET1 LEVEL3 LEVEL4 LEVEL0 LEVEL1) [1]
Pruned:  0: (LOAD GOODS1 TRUCK1 MARKET1 LEVEL3 LEVEL4 LEVEL0 LEVEL1) [1]
Pruned:  0: (LOAD GOODS1 TRUCK1 MARKET1 LEVEL3 LEVEL4 LEVEL0 LEVEL1) [1]
Pruned:  0: (LOAD GOODS1 TRUCK1 MARKET1 LEVEL3 LEVEL4 LEVEL0 LEVEL1) [1]
Pruned:  0: (LOAD GOODS1 TRUCK1 MARKET1 LEVEL3 LEVEL4 LEVEL0 LEVEL1) [1]
Pruned:  0: (LOAD GOODS1 TRUCK1 MARKET1 LEVEL3 LEVEL4 LEVEL0 LEVEL1) [1]
Pruned:  0: (LOAD GOODS1 TRUCK1 MARKET1 LEVEL3 LEVEL4 LEVEL0 LEVEL1) [1]
Pruned:  0: (LOAD GOODS1 TRUCK1 MARKET1 LEVEL3 LEVEL4 LEVEL0 LEVEL1) [1]
Pruned:  0: (LOAD GOODS1 TRUCK1 MARKET1 LEVEL3 LEVEL4 LEVEL0 LEVEL1) [1]
Pruned:  0: (LOAD GOODS1 TRUCK1 MARKET1 LEVEL3 LEVEL4 LEVEL0 LEVEL1) [1]
Pruned:  0: (LOAD GOODS1 TRUCK1 MARKET1 LEVEL3 LEVEL4 LEVEL0 LEVEL1) [1]
Pruned:  0: (LOAD GOODS1 TRUCK1 MARKET1 LEVEL3 LEVEL4 LEVEL0 LEVEL1) [1]
Pruned:  0: (LOAD GOODS1 TRUCK1 MARKET1 LEVEL3 LEVEL4 LEVEL0 LEVEL1) [1]
Pruned:  0: (LOAD GOODS1 TRUCK1 MARKET1 LEVEL3 LEVEL4 LEVEL0 LEVEL1) [1]
Pruned:  0: (LOAD GOODS1 TRUCK1 MARKET1 LEVEL3 LEVEL4 LEVEL0 LEVEL1) [1]
Pruned:  0: (LOAD GOODS1 TRUCK1 MARKET1 LEVEL3 LEVEL4 LEVEL0 LEVEL1) [1]
Pruned:  0: (LOAD GOODS1 TRUCK1 MARKET1 LEVEL3 LEVEL4 LEVEL0 LEVEL1) [1]
Pruned:  0: (LOAD GOODS1 TRUCK1 MARKET1 LEVEL3 LEVEL4 LEVEL0 LEVEL1) [1]
Pruned:  0: (LOAD GOODS1 TRUCK1 MARKET1 LEVEL3 LEVEL4 LEVEL0 LEVEL1) [1]
Pruned:  0: (LOAD GOODS1 TRUCK1 MARKET1 LEVEL3 LEVEL4 LEVEL0 LEVEL1) [1]
Pruned:  0: (LOAD GOODS1 TRUCK1 MARKET1 LEVEL3 LEVEL4 LEVEL0 LEVEL1) [1]
Pruned:  0: (LOAD GOODS1 TRUCK1 MARKET1 LEVEL3 LEVEL4 LEVEL0 LEVEL1) [1]
Pruned:  0: (LOAD GOODS1 TRUCK1 MARKET1 LEVEL3 LEVEL4 LEVEL0 LEVEL1) [1]
Pruned:  0: (LOAD GOODS1 TRUCK1 MARKET1 LEVEL3 LEVEL4 LEVEL0 LEVEL1) [1]
Pruned:  0: (LOAD GOODS1 TRUCK1 MARKET1 LEVEL3 LEVEL4 LEVEL0 LEVEL1) [1]
Pruned:  0: (LOAD GOODS1 TRUCK1 MARKET1 LEVEL3 LEVEL4 LEVEL0 LEVEL1) [1]
Pruned:  0: (LOAD GOODS1 TRUCK1 MARKET1 LEVEL3 LEVEL4 LEVEL0 LEVEL1) [1]
Pruned:  0: (LOAD GOODS1 TRUCK1 MARKET1 LEVEL3 LEVEL4 LEVEL0 LEVEL1) [1]
Pruned:  0: (LOAD GOODS1 TRUCK1 MARKET1 LEVEL3 LEVEL4 LEVEL0 LEVEL1) [1]
Pruned:  0: (LOAD GOODS1 TRUCK1 MARKET1 LEVEL3 LEVEL4 LEVEL0 LEVEL1) [1]
Pruned:  0: (LOAD GOODS1 TRUCK1 MARKET1 LEVEL3 LEVEL4 LEVEL0 LEVEL1) [1]
Pruned:  0: (LOAD GOODS1 TRUCK1 MARKET1 LEVEL3 LEVEL4 LEVEL0 LEVEL1) [1]
Pruned:  0: (LOAD GOODS1 TRUCK1 MARKET1 LEVEL3 LEVEL4 LEVEL0 LEVEL1) [1]
Pruned:  0: (LOAD GOODS1 TRUCK1 MARKET1 LEVEL3 LEVEL4 LEVEL0 LEVEL1) [1]
Pruned:  0: (LOAD GOODS1 TRUCK1 MARKET1 LEVEL3 LEVEL4 LEVEL0 LEVEL1) [1]
Pruned:  0: (LOAD GOODS1 TRUCK1 MARKET1 LEVEL3 LEVEL4 LEVEL0 LEVEL1) [1]
Pruned:  0: (LOAD GOODS1 TRUCK1 MARKET1 LEVEL3 LEVEL4 LEVEL0 LEVEL1) [1]
Pruned:  0: (LOAD GOODS1 TRUCK1 MARKET1 LEVEL3 LEVEL4 LEVEL0 LEVEL1) [1]
Pruned:  0: (LOAD GOODS1 TRUCK1 MARKET1 LEVEL3 LEVEL4 LEVEL0 LEVEL1) [1]
Pruned:  0: (LOAD GOODS1 TRUCK1 MARKET1 LEVEL3 LEVEL4 LEVEL0 LEVEL1) [1]
Pruned:  0: (LOAD GOODS1 TRUCK1 MARKET1 LEVEL3 LEVEL4 LEVEL0 LEVEL1) [1]
Pruned:  0: (LOAD GOODS1 TRUCK1 MARKET1 LEVEL3 LEVEL4 LEVEL0 LEVEL1) [1]
Pruned:  0: (LOAD GOODS1 TRUCK1 MARKET1 LEVEL3 LEVEL4 LEVEL0 LEVEL1) [1]
Pruned:  0: (LOAD GOODS1 TRUCK1 MARKET1 LEVEL3 LEVEL4 LEVEL0 LEVEL1) [1]
Pruned:  0: (LOAD GOODS1 TRUCK1 MARKET1 LEVEL3 LEVEL4 LEVEL0 LEVEL1) [1]
Pruned:  0: (LOAD GOODS1 TRUCK1 MARKET1 LEVEL3 LEVEL4 LEVEL0 LEVEL1) [1]
Pruned:  0: (LOAD GOODS1 TRUCK1 MARKET1 LEVEL3 LEVEL4 LEVEL0 LEVEL1) [1]
Pruned:  0: (LOAD GOODS1 TRUCK1 MARKET1 LEVEL3 LEVEL4 LEVEL0 LEVEL1) [1]
Pruned:  0: (LOAD GOODS1 TRUCK1 MARKET1 LEVEL3 LEVEL4 LEVEL0 LEVEL1) [1]
Pruned:  0: (LOAD GOODS1 TRUCK1 MARKET1 LEVEL3 LEVEL4 LEVEL0 LEVEL1) [1]
Pruned:  0: (LOAD GOODS1 TRUCK1 MARKET1 LEVEL3 LEVEL4 LEVEL0 LEVEL1) [1]
Pruned:  0: (LOAD GOODS1 TRUCK1 MARKET1 LEVEL3 LEVEL4 LEVEL0 LEVEL1) [1]
Pruned:  0: (LOAD GOODS1 TRUCK1 MARKET1 LEVEL3 LEVEL4 LEVEL0 LEVEL1) [1]
Pruned:  0: (LOAD GOODS1 TRUCK1 MARKET1 LEVEL3 LEVEL4 LEVEL0 LEVEL1) [1]
Pruned:  0: (LOAD GOODS1 TRUCK1 MARKET1 LEVEL3 LEVEL4 LEVEL0 LEVEL1) [1]
Pruned:  0: (LOAD GOODS1 TRUCK1 MARKET1 LEVEL3 LEVEL4 LEVEL0 LEVEL1) [1]
Pruned:  0: (LOAD GOODS1 TRUCK1 MARKET1 LEVEL3 LEVEL4 LEVEL0 LEVEL1) [1]
Pruned:  0: (LOAD GOODS1 TRUCK1 MARKET1 LEVEL3 LEVEL4 LEVEL0 LEVEL1) [1]
Pruned:  0: (LOAD GOODS1 TRUCK1 MARKET1 LEVEL3 LEVEL4 LEVEL0 LEVEL1) [1]
Pruned:  0: (LOAD GOODS1 TRUCK1 MARKET1 LEVEL3 LEVEL4 LEVEL0 LEVEL1) [1]
Pruned:  0: (LOAD GOODS1 TRUCK1 MARKET1 LEVEL3 LEVEL4 LEVEL0 LEVEL1) [1]
Pruned:  0: (LOAD GOODS1 TRUCK1 MARKET1 LEVEL3 LEVEL4 LEVEL0 LEVEL1) [1]
Pruned:  0: (LOAD GOODS1 TRUCK1 MARKET1 LEVEL3 LEVEL4 LEVEL0 LEVEL1) [1]
Pruned:  0: (LOAD GOODS1 TRUCK1 MARKET1 LEVEL3 LEVEL4 LEVEL0 LEVEL1) [1]
Pruned:  0: (LOAD GOODS1 TRUCK1 MARKET1 LEVEL3 LEVEL4 LEVEL0 LEVEL1) [1]
Pruned:  0: (LOAD GOODS1 TRUCK1 MARKET1 LEVEL3 LEVEL4 LEVEL0 LEVEL1) [1]
Pruned:  0: (LOAD GOODS1 TRUCK1 MARKET1 LEVEL3 LEVEL4 LEVEL0 LEVEL1) [1]
Pruned:  0: (LOAD GOODS1 TRUCK1 MARKET1 LEVEL3 LEVEL4 LEVEL0 LEVEL1) [1]
Pruned:  0: (LOAD GOODS1 TRUCK1 MARKET1 LEVEL3 LEVEL4 LEVEL0 LEVEL1) [1]
Pruned:  0: (LOAD GOODS1 TRUCK1 MARKET1 LEVEL3 LEVEL4 LEVEL0 LEVEL1) [1]
Pruned:  0: (LOAD GOODS1 TRUCK1 MARKET1 LEVEL3 LEVEL4 LEVEL0 LEVEL1) [1]
Pruned:  0: (LOAD GOODS1 TRUCK1 MARKET1 LEVEL3 LEVEL4 LEVEL0 LEVEL1) [1]
Pruned:  0: (LOAD GOODS1 TRUCK1 MARKET1 LEVEL3 LEVEL4 LEVEL0 LEVEL1) [1]
Pruned:  0: (LOAD GOODS1 TRUCK1 MARKET1 LEVEL3 LEVEL4 LEVEL0 LEVEL1) [1]
Pruned:  0: (LOAD GOODS1 TRUCK1 MARKET1 LEVEL3 LEVEL4 LEVEL0 LEVEL1) [1]
Pruned:  0: (LOAD GOODS1 TRUCK1 MARKET1 LEVEL3 LEVEL4 LEVEL0 LEVEL1) [1]
Pruned:  0: (LOAD GOODS1 TRUCK1 MARKET1 LEVEL3 LEVEL4 LEVEL0 LEVEL1) [1]
Pruned:  0: (LOAD GOODS1 TRUCK1 MARKET1 LEVEL3 LEVEL4 LEVEL0 LEVEL1) [1]
Pruned:  0: (LOAD GOODS1 TRUCK1 MARKET1 LEVEL3 LEVEL4 LEVEL0 LEVEL1) [1]
Pruned:  0: (LOAD GOODS1 TRUCK1 MARKET1 LEVEL3 LEVEL4 LEVEL0 LEVEL1) [1]
Pruned:  0: (LOAD GOODS1 TRUCK1 MARKET1 LEVEL3 LEVEL4 LEVEL0 LEVEL1) [1]
Pruned:  0: (LOAD GOODS1 TRUCK1 MARKET1 LEVEL3 LEVEL4 LEVEL0 LEVEL1) [1]
Pruned:  0: (LOAD GOODS1 TRUCK1 MARKET1 LEVEL3 LEVEL4 LEVEL0 LEVEL1) [1]
Pruned:  0: (LOAD GOODS1 TRUCK1 MARKET1 LEVEL3 LEVEL4 LEVEL0 LEVEL1) [1]
Pruned:  0: (LOAD GOODS1 TRUCK1 MARKET1 LEVEL3 LEVEL4 LEVEL0 LEVEL1) [1]
Pruned:  0: (LOAD GOODS1 TRUCK1 MARKET1 LEVEL3 LEVEL4 LEVEL0 LEVEL1) [1]
Pruned:  0: (LOAD GOODS1 TRUCK1 MARKET1 LEVEL3 LEVEL4 LEVEL0 LEVEL1) [1]
Pruned:  0: (LOAD GOODS1 TRUCK1 MARKET1 LEVEL3 LEVEL4 LEVEL0 LEVEL1) [1]
Pruned:  0: (LOAD GOODS1 TRUCK1 MARKET1 LEVEL3 LEVEL4 LEVEL0 LEVEL1) [1]
Pruned:  0: (LOAD GOODS1 TRUCK1 MARKET1 LEVEL3 LEVEL4 LEVEL0 LEVEL1) [1]
Pruned:  0: (LOAD GOODS1 TRUCK1 MARKET1 LEVEL3 LEVEL4 LEVEL0 LEVEL1) [1]
Pruned:  0: (LOAD GOODS1 TRUCK1 MARKET1 LEVEL3 LEVEL4 LEVEL0 LEVEL1) [1]
Pruned:  0: (LOAD GOODS1 TRUCK1 MARKET1 LEVEL3 LEVEL4 LEVEL0 LEVEL1) [1]
Pruned:  0: (LOAD GOODS1 TRUCK1 MARKET1 LEVEL3 LEVEL4 LEVEL0 LEVEL1) [1]
Pruned:  0: (LOAD GOODS1 TRUCK1 MARKET1 LEVEL3 LEVEL4 LEVEL0 LEVEL1) [1]
Pruned:  0: (LOAD GOODS1 TRUCK1 MARKET1 LEVEL3 LEVEL4 LEVEL0 LEVEL1) [1]
Pruned:  0: (LOAD GOODS1 TRUCK1 MARKET1 LEVEL3 LEVEL4 LEVEL0 LEVEL1) [1]
Pruned:  0: (LOAD GOODS1 TRUCK1 MARKET1 LEVEL3 LEVEL4 LEVEL0 LEVEL1) [1]
Pruned:  0: (LOAD GOODS1 TRUCK1 MARKET1 LEVEL3 LEVEL4 LEVEL0 LEVEL1) [1]
Pruned:  0: (LOAD GOODS1 TRUCK1 MARKET1 LEVEL3 LEVEL4 LEVEL0 LEVEL1) [1]
Pruned:  0: (LOAD GOODS1 TRUCK1 MARKET1 LEVEL3 LEVEL4 LEVEL0 LEVEL1) [1]
Pruned:  0: (LOAD GOODS1 TRUCK1 MARKET1 LEVEL3 LEVEL4 LEVEL0 LEVEL1) [1]
Pruned:  0: (LOAD GOODS1 TRUCK1 MARKET1 LEVEL3 LEVEL4 LEVEL0 LEVEL1) [1]
Pruned:  0: (LOAD GOODS1 TRUCK1 MARKET1 LEVEL3 LEVEL4 LEVEL0 LEVEL1) [1]
Pruned:  0: (LOAD GOODS1 TRUCK1 MARKET1 LEVEL3 LEVEL4 LEVEL0 LEVEL1) [1]
Pruned:  0: (LOAD GOODS1 TRUCK1 MARKET1 LEVEL3 LEVEL4 LEVEL0 LEVEL1) [1]
Pruned:  0: (LOAD GOODS1 TRUCK1 MARKET1 LEVEL3 LEVEL4 LEVEL0 LEVEL1) [1]
Pruned:  0: (LOAD GOODS1 TRUCK1 MARKET1 LEVEL3 LEVEL4 LEVEL0 LEVEL1) [1]
Pruned:  0: (LOAD GOODS1 TRUCK1 MARKET1 LEVEL3 LEVEL4 LEVEL0 LEVEL1) [1]
Pruned:  0: (LOAD GOODS1 TRUCK1 MARKET1 LEVEL3 LEVEL4 LEVEL0 LEVEL1) [1]
Pruned:  0: (LOAD GOODS1 TRUCK1 MARKET1 LEVEL3 LEVEL4 LEVEL0 LEVEL1) [1]
Pruned:  0: (LOAD GOODS1 TRUCK1 MARKET1 LEVEL3 LEVEL4 LEVEL0 LEVEL1) [1]
Pruned:  0: (LOAD GOODS1 TRUCK1 MARKET1 LEVEL3 LEVEL4 LEVEL0 LEVEL1) [1]
Pruned:  0: (LOAD GOODS1 TRUCK1 MARKET1 LEVEL3 LEVEL4 LEVEL0 LEVEL1) [1]
Pruned:  0: (LOAD GOODS1 TRUCK1 MARKET1 LEVEL3 LEVEL4 LEVEL0 LEVEL1) [1]
Pruned:  0: (LOAD GOODS1 TRUCK1 MARKET1 LEVEL3 LEVEL4 LEVEL0 LEVEL1) [1]
Pruned:  0: (LOAD GOODS1 TRUCK1 MARKET1 LEVEL3 LEVEL4 LEVEL0 LEVEL1) [1]
Pruned:  0: (LOAD GOODS1 TRUCK1 MARKET1 LEVEL3 LEVEL4 LEVEL0 LEVEL1) [1]
Pruned:  0: (LOAD GOODS1 TRUCK1 MARKET1 LEVEL3 LEVEL4 LEVEL0 LEVEL1) [1]
Pruned:  0: (LOAD GOODS1 TRUCK1 MARKET1 LEVEL3 LEVEL4 LEVEL0 LEVEL1) [1]
Pruned:  0: (LOAD GOODS1 TRUCK1 MARKET1 LEVEL3 LEVEL4 LEVEL0 LEVEL1) [1]
Pruned:  0: (LOAD GOODS1 TRUCK1 MARKET1 LEVEL3 LEVEL4 LEVEL0 LEVEL1) [1]
Pruned:  0: (LOAD GOODS1 TRUCK1 MARKET1 LEVEL3 LEVEL4 LEVEL0 LEVEL1) [1]
Pruned:  0: (LOAD GOODS1 TRUCK1 MARKET1 LEVEL3 LEVEL4 LEVEL0 LEVEL1) [1]
Pruned:  0: (LOAD GOODS1 TRUCK1 MARKET1 LEVEL3 LEVEL4 LEVEL0 LEVEL1) [1]
Pruned:  0: (LOAD GOODS1 TRUCK1 MARKET1 LEVEL3 LEVEL4 LEVEL0 LEVEL1) [1]
Pruned:  0: (LOAD GOODS1 TRUCK1 MARKET1 LEVEL3 LEVEL4 LEVEL0 LEVEL1) [1]
Pruned:  0: (LOAD GOODS1 TRUCK1 MARKET1 LEVEL3 LEVEL4 LEVEL0 LEVEL1) [1]
Pruned:  0: (LOAD GOODS1 TRUCK1 MARKET1 LEVEL3 LEVEL4 LEVEL0 LEVEL1) [1]
Pruned:  0: (LOAD GOODS1 TRUCK1 MARKET1 LEVEL3 LEVEL4 LEVEL0 LEVEL1) [1]
Pruned:  0: (LOAD GOODS1 TRUCK1 MARKET1 LEVEL3 LEVEL4 LEVEL0 LEVEL1) [1]
Pruned:  0: (LOAD GOODS1 TRUCK1 MARKET1 LEVEL3 LEVEL4 LEVEL0 LEVEL1) [1]
Pruned:  0: (LOAD GOODS1 TRUCK1 MARKET1 LEVEL3 LEVEL4 LEVEL0 LEVEL1) [1]
Pruned:  0: (LOAD GOODS1 TRUCK1 MARKET1 LEVEL3 LEVEL4 LEVEL0 LEVEL1) [1]
Pruned:  0: (LOAD GOODS1 TRUCK1 MARKET1 LEVEL3 LEVEL4 LEVEL0 LEVEL1) [1]
Pruned:  0: (LOAD GOODS1 TRUCK1 MARKET1 LEVEL3 LEVEL4 LEVEL0 LEVEL1) [1]
Pruned:  0: (LOAD GOODS1 TRUCK1 MARKET1 LEVEL3 LEVEL4 LEVEL0 LEVEL1) [1]
Pruned:  0: (LOAD GOODS1 TRUCK1 MARKET1 LEVEL3 LEVEL4 LEVEL0 LEVEL1) [1]
Pruned:  0: (LOAD GOODS1 TRUCK1 MARKET1 LEVEL3 LEVEL4 LEVEL0 LEVEL1) [1]
Pruned:  0: (LOAD GOODS1 TRUCK1 MARKET1 LEVEL3 LEVEL4 LEVEL0 LEVEL1) [1]
Pruned:  0: (LOAD GOODS1 TRUCK1 MARKET1 LEVEL3 LEVEL4 LEVEL0 LEVEL1) [1]
Pruned:  0: (LOAD GOODS1 TRUCK1 MARKET1 LEVEL3 LEVEL4 LEVEL0 LEVEL1) [1]
Pruned:  0: (LOAD GOODS1 TRUCK1 MARKET1 LEVEL3 LEVEL4 LEVEL0 LEVEL1) [1]
Pruned:  0: (LOAD GOODS1 TRUCK1 MARKET1 LEVEL3 LEVEL4 LEVEL0 LEVEL1) [1]
Pruned:  0: (LOAD GOODS1 TRUCK1 MARKET1 LEVEL3 LEVEL4 LEVEL0 LEVEL1) [1]
Pruned:  0: (LOAD GOODS1 TRUCK1 MARKET1 LEVEL3 LEVEL4 LEVEL0 LEVEL1) [1]
Pruned:  0: (LOAD GOODS1 TRUCK1 MARKET1 LEVEL3 LEVEL4 LEVEL0 LEVEL1) [1]
Pruned:  0: (LOAD GOODS1 TRUCK1 MARKET1 LEVEL3 LEVEL4 LEVEL0 LEVEL1) [1]
Pruned:  0: (LOAD GOODS1 TRUCK1 MARKET1 LEVEL3 LEVEL4 LEVEL0 LEVEL1) [1]
Pruned:  0: (LOAD GOODS1 TRUCK1 MARKET1 LEVEL3 LEVEL4 LEVEL0 LEVEL1) [1]
Pruned:  0: (LOAD GOODS1 TRUCK1 MARKET1 LEVEL3 LEVEL4 LEVEL0 LEVEL1) [1]
Pruned:  0: (LOAD GOODS1 TRUCK1 MARKET1 LEVEL3 LEVEL4 LEVEL0 LEVEL1) [1]
Pruned:  0: (LOAD GOODS1 TRUCK1 MARKET1 LEVEL3 LEVEL4 LEVEL0 LEVEL1) [1]
Pruned:  0: (LOAD GOODS1 TRUCK1 MARKET1 LEVEL3 LEVEL4 LEVEL0 LEVEL1) [1]
Pruned:  0: (LOAD GOODS1 TRUCK1 MARKET1 LEVEL3 LEVEL4 LEVEL0 LEVEL1) [1]
Pruned:  0: (LOAD GOODS1 TRUCK1 MARKET1 LEVEL3 LEVEL4 LEVEL0 LEVEL1) [1]
Pruned:  0: (LOAD GOODS1 TRUCK1 MARKET1 LEVEL3 LEVEL4 LEVEL0 LEVEL1) [1]
Pruned:  0: (LOAD GOODS1 TRUCK1 MARKET1 LEVEL3 LEVEL4 LEVEL0 LEVEL1) [1]
Pruned:  0: (LOAD GOODS1 TRUCK1 MARKET1 LEVEL3 LEVEL4 LEVEL0 LEVEL1) [1]
Pruned:  0: (LOAD GOODS1 TRUCK1 MARKET1 LEVEL3 LEVEL4 LEVEL0 LEVEL1) [1]
Pruned:  0: (LOAD GOODS1 TRUCK1 MARKET1 LEVEL3 LEVEL4 LEVEL0 LEVEL1) [1]
Pruned:  0: (LOAD GOODS1 TRUCK1 MARKET1 LEVEL3 LEVEL4 LEVEL0 LEVEL1) [1]
Pruned:  0: (LOAD GOODS1 TRUCK1 MARKET1 LEVEL3 LEVEL4 LEVEL0 LEVEL1) [1]
Pruned:  0: (LOAD GOODS1 TRUCK1 MARKET1 LEVEL3 LEVEL4 LEVEL0 LEVEL1) [1]
Pruned:  0: (LOAD GOODS1 TRUCK1 MARKET1 LEVEL3 LEVEL4 LEVEL0 LEVEL1) [1]
Pruned:  0: (LOAD GOODS1 TRUCK1 MARKET1 LEVEL3 LEVEL4 LEVEL0 LEVEL1) [1]
Pruned:  0: (LOAD GOODS1 TRUCK1 MARKET1 LEVEL3 LEVEL4 LEVEL0 LEVEL1) [1]
Pruned:  0: (LOAD GOODS1 TRUCK1 MARKET1 LEVEL3 LEVEL4 LEVEL0 LEVEL1) [1]
Pruned:  0: (LOAD GOODS1 TRUCK1 MARKET1 LEVEL3 LEVEL4 LEVEL0 LEVEL1) [1]
Pruned:  0: (LOAD GOODS1 TRUCK1 MARKET1 LEVEL3 LEVEL4 LEVEL0 LEVEL1) [1]
Pruned:  0: (LOAD GOODS1 TRUCK1 MARKET1 LEVEL3 LEVEL4 LEVEL0 LEVEL1) [1]
Pruned:  0: (LOAD GOODS1 TRUCK1 MARKET1 LEVEL3 LEVEL4 LEVEL0 LEVEL1) [1]
Pruned:  0: (LOAD GOODS1 TRUCK1 MARKET1 LEVEL3 LEVEL4 LEVEL0 LEVEL1) [1]
Pruned:  0: (LOAD GOODS1 TRUCK1 MARKET1 LEVEL3 LEVEL4 LEVEL0 LEVEL1) [1]
Pruned:  0: (LOAD GOODS1 TRUCK1 MARKET1 LEVEL3 LEVEL4 LEVEL0 LEVEL1) [1]
Pruned:  0: (LOAD GOODS1 TRUCK1 MARKET1 LEVEL3 LEVEL4 LEVEL0 LEVEL1) [1]
Pruned:  0: (LOAD GOODS1 TRUCK1 MARKET1 LEVEL3 LEVEL4 LEVEL0 LEVEL1) [1]
Pruned:  0: (LOAD GOODS1 TRUCK1 MARKET1 LEVEL3 LEVEL4 LEVEL0 LEVEL1) [1]
Pruned:  0: (LOAD GOODS1 TRUCK1 MARKET1 LEVEL3 LEVEL4 LEVEL0 LEVEL1) [1]
Pruned:  0: (LOAD GOODS1 TRUCK1 MARKET1 LEVEL3 LEVEL4 LEVEL0 LEVEL1) [1]
Pruned:  0: (LOAD GOODS1 TRUCK1 MARKET1 LEVEL3 LEVEL4 LEVEL0 LEVEL1) [1]
Pruned:  0: (LOAD GOODS1 TRUCK1 MARKET1 LEVEL3 LEVEL4 LEVEL0 LEVEL1) [1]
Pruned:  0: (LOAD GOODS1 TRUCK1 MARKET1 LEVEL3 LEVEL4 LEVEL0 LEVEL1) [1]
Pruned:  0: (LOAD GOODS1 TRUCK1 MARKET1 LEVEL3 LEVEL4 LEVEL0 LEVEL1) [1]
Pruned:  0: (LOAD GOODS1 TRUCK1 MARKET1 LEVEL3 LEVEL4 LEVEL0 LEVEL1) [1]
Pruned:  0: (LOAD GOODS1 TRUCK1 MARKET1 LEVEL3 LEVEL4 LEVEL0 LEVEL1) [1]
Pruned:  0: (LOAD GOODS1 TRUCK1 MARKET1 LEVEL3 LEVEL4 LEVEL0 LEVEL1) [1]
Pruned:  0: (LOAD GOODS1 TRUCK1 MARKET1 LEVEL3 LEVEL4 LEVEL0 LEVEL1) [1]
Pruned:  0: (LOAD GOODS1 TRUCK1 MARKET1 LEVEL3 LEVEL4 LEVEL0 LEVEL1) [1]
Pruned:  0: (LOAD GOODS1 TRUCK1 MARKET1 LEVEL3 LEVEL4 LEVEL0 LEVEL1) [1]
Pruned:  0: (LOAD GOODS1 TRUCK1 MARKET1 LEVEL3 LEVEL4 LEVEL0 LEVEL1) [1]
Pruned:  0: (LOAD GOODS1 TRUCK1 MARKET1 LEVEL3 LEVEL4 LEVEL0 LEVEL1) [1]
Pruned:  0: (LOAD GOODS1 TRUCK1 MARKET1 LEVEL3 LEVEL4 LEVEL0 LEVEL1) [1]
Pruned:  0: (LOAD GOODS1 TRUCK1 MARKET1 LEVEL3 LEVEL4 LEVEL0 LEVEL1) [1]
Pruned:  0: (LOAD GOODS1 TRUCK1 MARKET1 LEVEL3 LEVEL4 LEVEL0 LEVEL1) [1]
Pruned:  0: (LOAD GOODS1 TRUCK1 MARKET1 LEVEL3 LEVEL4 LEVEL0 LEVEL1) [1]
Pruned:  0: (LOAD GOODS1 TRUCK1 MARKET1 LEVEL3 LEVEL4 LEVEL0 LEVEL1) [1]
Pruned:  0: (LOAD GOODS1 TRUCK1 MARKET1 LEVEL3 LEVEL4 LEVEL0 LEVEL1) [1]
Pruned:  0: (LOAD GOODS1 TRUCK1 MARKET1 LEVEL3 LEVEL4 LEVEL0 LEVEL1) [1]
Pruned:  0: (LOAD GOODS1 TRUCK1 MARKET1 LEVEL3 LEVEL4 LEVEL0 LEVEL1) [1]
Pruned:  0: (LOAD GOODS1 TRUCK1 MARKET1 LEVEL3 LEVEL4 LEVEL0 LEVEL1) [1]
Pruned:  0: (LOAD GOODS1 TRUCK1 MARKET1 LEVEL3 LEVEL4 LEVEL0 LEVEL1) [1]
Pruned:  0: (LOAD GOODS1 TRUCK1 MARKET1 LEVEL3 LEVEL4 LEVEL0 LEVEL1) [1]
Pruned:  0: (LOAD GOODS1 TRUCK1 MARKET1 LEVEL3 LEVEL4 LEVEL0 LEVEL1) [1]
Pruned:  0: (LOAD GOODS1 TRUCK1 MARKET1 LEVEL3 LEVEL4 LEVEL0 LEVEL1) [1]
Pruned:  0: (LOAD GOODS1 TRUCK1 MARKET1 LEVEL3 LEVEL4 LEVEL0 LEVEL1) [1]
Pruned:  0: (LOAD GOODS1 TRUCK1 MARKET1 LEVEL3 LEVEL4 LEVEL0 LEVEL1) [1]
Pruned:  0: (LOAD GOODS1 TRUCK1 MARKET1 LEVEL3 LEVEL4 LEVEL0 LEVEL1) [1]
Pruned:  0: (LOAD GOODS1 TRUCK1 MARKET1 LEVEL3 LEVEL4 LEVEL0 LEVEL1) [1]
Pruned:  0: (LOAD GOODS1 TRUCK1 MARKET1 LEVEL3 LEVEL4 LEVEL0 LEVEL1) [1]
Pruned:  0: (LOAD GOODS1 TRUCK1 MARKET1 LEVEL3 LEVEL4 LEVEL0 LEVEL1) [1]
Pruned:  0: (LOAD GOODS1 TRUCK1 MARKET1 LEVEL3 LEVEL4 LEVEL0 LEVEL1) [1]
Pruned:  0: (LOAD GOODS1 TRUCK1 MARKET1 LEVEL3 LEVEL4 LEVEL0 LEVEL1) [1]
Pruned:  0: (LOAD GOODS1 TRUCK1 MARKET1 LEVEL3 LEVEL4 LEVEL0 LEVEL1) [1]
Pruned:  0: (LOAD GOODS1 TRUCK1 MARKET1 LEVEL3 LEVEL4 LEVEL0 LEVEL1) [1]
Pruned:  0: (LOAD GOODS1 TRUCK1 MARKET1 LEVEL3 LEVEL4 LEVEL0 LEVEL1) [1]
Pruned:  0: (LOAD GOODS1 TRUCK1 MARKET1 LEVEL3 LEVEL4 LEVEL0 LEVEL1) [1]
Pruned:  0: (LOAD GOODS1 TRUCK1 MARKET1 LEVEL3 LEVEL4 LEVEL0 LEVEL1) [1]
Pruned:  0: (LOAD GOODS1 TRUCK1 MARKET1 LEVEL3 LEVEL4 LEVEL0 LEVEL1) [1]
Pruned:  0: (LOAD GOODS1 TRUCK1 MARKET1 LEVEL3 LEVEL4 LEVEL0 LEVEL1) [1]
Pruned:  0: (LOAD GOODS1 TRUCK1 MARKET1 LEVEL3 LEVEL4 LEVEL0 LEVEL1) [1]
Pruned:  0: (LOAD GOODS1 TRUCK1 MARKET1 LEVEL3 LEVEL4 LEVEL0 LEVEL1) [1]
Pruned:  0: (LOAD GOODS1 TRUCK1 MARKET1 LEVEL3 LEVEL4 LEVEL0 LEVEL1) [1]
Pruned:  0: (LOAD GOODS1 TRUCK1 MARKET1 LEVEL3 LEVEL4 LEVEL0 LEVEL1) [1]
Pruned:  0: (LOAD GOODS1 TRUCK1 MARKET1 LEVEL3 LEVEL4 LEVEL0 LEVEL1) [1]
Pruned:  0: (LOAD GOODS1 TRUCK1 MARKET1 LEVEL3 LEVEL4 LEVEL0 LEVEL1) [1]
Pruned:  0: (LOAD GOODS1 TRUCK1 MARKET1 LEVEL3 LEVEL4 LEVEL0 LEVEL1) [1]
Pruned:  0: (LOAD GOODS1 TRUCK1 MARKET1 LEVEL3 LEVEL4 LEVEL0 LEVEL1) [1]
Pruned:  0: (LOAD GOODS1 TRUCK1 MARKET1 LEVEL3 LEVEL4 LEVEL0 LEVEL1) [1]
Pruned:  0: (LOAD GOODS1 TRUCK1 MARKET1 LEVEL3 LEVEL4 LEVEL0 LEVEL1) [1]
Pruned:  0: (LOAD GOODS1 TRUCK1 MARKET1 LEVEL3 LEVEL4 LEVEL0 LEVEL1) [1]
Pruned:  0: (LOAD GOODS1 TRUCK1 MARKET1 LEVEL3 LEVEL4 LEVEL0 LEVEL1) [1]
Pruned:  0: (LOAD GOODS1 TRUCK1 MARKET1 LEVEL3 LEVEL4 LEVEL0 LEVEL1) [1]
Pruned:  0: (LOAD GOODS1 TRUCK1 MARKET1 LEVEL3 LEVEL4 LEVEL0 LEVEL1) [1]
Pruned:  0: (LOAD GOODS1 TRUCK1 MARKET1 LEVEL3 LEVEL4 LEVEL0 LEVEL1) [1]
Pruned:  0: (LOAD GOODS1 TRUCK1 MARKET1 LEVEL3 LEVEL4 LEVEL0 LEVEL1) [1]
Pruned:  0: (LOAD GOODS1 TRUCK1 MARKET1 LEVEL3 LEVEL4 LEVEL0 LEVEL1) [1]
Pruned:  0: (LOAD GOODS1 TRUCK1 MARKET1 LEVEL3 LEVEL4 LEVEL0 LEVEL1) [1]
Pruned:  0: (LOAD GOODS1 TRUCK1 MARKET1 LEVEL3 LEVEL4 LEVEL0 LEVEL1) [1]
Pruned:  0: (LOAD GOODS1 TRUCK1 MARKET1 LEVEL3 LEVEL4 LEVEL0 LEVEL1) [1]
Pruned:  0: (LOAD GOODS1 TRUCK1 MARKET1 LEVEL3 LEVEL4 LEVEL0 LEVEL1) [1]
Pruned:  0: (LOAD GOODS1 TRUCK1 MARKET1 LEVEL3 LEVEL4 LEVEL0 LEVEL1) [1]
Pruned:  0: (LOAD GOODS1 TRUCK1 MARKET1 LEVEL3 LEVEL4 LEVEL0 LEVEL1) [1]
Pruned:  0: (LOAD GOODS1 TRUCK1 MARKET1 LEVEL3 LEVEL4 LEVEL0 LEVEL1) [1]
Pruned:  0: (LOAD GOODS1 TRUCK1 MARKET1 LEVEL3 LEVEL4 LEVEL0 LEVEL1) [1]
Pruned:  0: (LOAD GOODS1 TRUCK1 MARKET1 LEVEL3 LEVEL4 LEVEL0 LEVEL1) [1]
Pruned:  0: (LOAD GOODS1 TRUCK1 MARKET1 LEVEL3 LEVEL4 LEVEL0 LEVEL1) [1]
Pruned:  0: (LOAD GOODS1 TRUCK1 MARKET1 LEVEL3 LEVEL4 LEVEL0 LEVEL1) [1]
Pruned:  0: (LOAD GOODS1 TRUCK1 MARKET1 LEVEL3 LEVEL4 LEVEL0 LEVEL1) [1]
Pruned:  0: (LOAD GOODS1 TRUCK1 MARKET1 LEVEL3 LEVEL4 LEVEL0 LEVEL1) [1]
Pruned:  0: (LOAD GOODS1 TRUCK1 MARKET1 LEVEL3 LEVEL4 LEVEL0 LEVEL1) [1]
Pruned:  0: (LOAD GOODS1 TRUCK1 MARKET1 LEVEL3 LEVEL4 LEVEL0 LEVEL1) [1]
Pruned:  0: (LOAD GOODS1 TRUCK1 MARKET1 LEVEL3 LEVEL4 LEVEL0 LEVEL1) [1]
Pruned:  0: (LOAD GOODS1 TRUCK1 MARKET1 LEVEL3 LEVEL4 LEVEL0 LEVEL1) [1]
Pruned:  0: (LOAD GOODS1 TRUCK1 MARKET1 LEVEL3 LEVEL4 LEVEL0 LEVEL1) [1]
Pruned:  0: (LOAD GOODS1 TRUCK1 MARKET1 LEVEL3 LEVEL4 LEVEL0 LEVEL1) [1]
Pruned:  0: (LOAD GOODS1 TRUCK1 MARKET1 LEVEL3 LEVEL4 LEVEL0 LEVEL1) [1]
Pruned:  0: (LOAD GOODS1 TRUCK1 MARKET1 LEVEL3 LEVEL4 LEVEL0 LEVEL1) [1]
Pruned:  0: (LOAD GOODS1 TRUCK1 MARKET1 LEVEL3 LEVEL4 LEVEL0 LEVEL1) [1]
Pruned:  0: (LOAD GOODS1 TRUCK1 MARKET1 LEVEL3 LEVEL4 LEVEL0 LEVEL1) [1]
Pruned:  0: (LOAD GOODS1 TRUCK1 MARKET1 LEVEL3 LEVEL4 LEVEL0 LEVEL1) [1]
Pruned:  0: (LOAD GOODS1 TRUCK1 MARKET1 LEVEL3 LEVEL4 LEVEL0 LEVEL1) [1]
Pruned:  0: (LOAD GOODS1 TRUCK1 MARKET1 LEVEL3 LEVEL4 LEVEL0 LEVEL1) [1]
Pruned:  0: (LOAD GOODS1 TRUCK1 MARKET1 LEVEL3 LEVEL4 LEVEL0 LEVEL1) [1]
Pruned:  0: (LOAD GOODS1 TRUCK1 MARKET1 LEVEL3 LEVEL4 LEVEL0 LEVEL1) [1]
Pruned:  0: (LOAD GOODS1 TRUCK1 MARKET1 LEVEL3 LEVEL4 LEVEL0 LEVEL1) [1]
Pruned:  0: (LOAD GOODS1 TRUCK1 MARKET1 LEVEL3 LEVEL4 LEVEL0 LEVEL1) [1]
Pruned:  0: (LOAD GOODS1 TRUCK1 MARKET1 LEVEL3 LEVEL4 LEVEL0 LEVEL1) [1]
Pruned:  0: (LOAD GOODS1 TRUCK1 MARKET1 LEVEL3 LEVEL4 LEVEL0 LEVEL1) [1]
Pruned:  0: (LOAD GOODS1 TRUCK1 MARKET1 LEVEL3 LEVEL4 LEVEL0 LEVEL1) [1]
Pruned:  0: (LOAD GOODS1 TRUCK1 MARKET1 LEVEL3 LEVEL4 LEVEL0 LEVEL1) [1]
Pruned:  0: (LOAD GOODS1 TRUCK1 MARKET1 LEVEL3 LEVEL4 LEVEL0 LEVEL1) [1]
Pruned:  0: (LOAD GOODS1 TRUCK1 MARKET1 LEVEL3 LEVEL4 LEVEL0 LEVEL1) [1]
Pruned:  0: (LOAD GOODS1 TRUCK1 MARKET1 LEVEL3 LEVEL4 LEVEL0 LEVEL1) [1]
Pruned:  0: (LOAD GOODS1 TRUCK1 MARKET1 LEVEL3 LEVEL4 LEVEL0 LEVEL1) [1]
Pruned:  0: (LOAD GOODS1 TRUCK1 MARKET1 LEVEL3 LEVEL4 LEVEL0 LEVEL1) [1]
Pruned:  0: (LOAD GOODS1 TRUCK1 MARKET1 LEVEL3 LEVEL4 LEVEL0 LEVEL1) [1]
Pruned:  0: (LOAD GOODS1 TRUCK1 MARKET1 LEVEL3 LEVEL4 LEVEL0 LEVEL1) [1]
Pruned:  0: (LOAD GOODS1 TRUCK1 MARKET1 LEVEL3 LEVEL4 LEVEL0 LEVEL1) [1]
Pruned:  0: (LOAD GOODS1 TRUCK1 MARKET1 LEVEL3 LEVEL4 LEVEL0 LEVEL1) [1]
Pruned:  0: (LOAD GOODS1 TRUCK1 MARKET1 LEVEL3 LEVEL4 LEVEL0 LEVEL1) [1]
Pruned:  0: (LOAD GOODS1 TRUCK1 MARKET1 LEVEL3 LEVEL4 LEVEL0 LEVEL1) [1]
Pruned:  0: (LOAD GOODS1 TRUCK1 MARKET1 LEVEL3 LEVEL4 LEVEL0 LEVEL1) [1]
Pruned:  0: (LOAD GOODS1 TRUCK1 MARKET1 LEVEL3 LEVEL4 LEVEL0 LEVEL1) [1]
Pruned:  0: (LOAD GOODS1 TRUCK1 MARKET1 LEVEL3 LEVEL4 LEVEL0 LEVEL1) [1]
Pruned:  0: (LOAD GOODS1 TRUCK1 MARKET1 LEVEL3 LEVEL4 LEVEL0 LEVEL1) [1]
Pruned:  0: (LOAD GOODS1 TRUCK1 MARKET1 LEVEL3 LEVEL4 LEVEL0 LEVEL1) [1]
Pruned:  0: (LOAD GOODS1 TRUCK1 MARKET1 LEVEL3 LEVEL4 LEVEL0 LEVEL1) [1]
Pruned:  0: (LOAD GOODS1 TRUCK1 MARKET1 LEVEL3 LEVEL4 LEVEL0 LEVEL1) [1]
Pruned:  0: (LOAD GOODS1 TRUCK1 MARKET1 LEVEL3 LEVEL4 LEVEL0 LEVEL1) [1]
Pruned:  0: (LOAD GOODS1 TRUCK1 MARKET1 LEVEL3 LEVEL4 LEVEL0 LEVEL1) [1]
Pruned:  0: (LOAD GOODS1 TRUCK1 MARKET1 LEVEL3 LEVEL4 LEVEL0 LEVEL1) [1]
Pruned:  0: (LOAD GOODS1 TRUCK1 MARKET1 LEVEL3 LEVEL4 LEVEL0 LEVEL1) [1]
Pruned:  0: (LOAD GOODS1 TRUCK1 MARKET1 LEVEL3 LEVEL4 LEVEL0 LEVEL1) [1]
Pruned:  0: (LOAD GOODS1 TRUCK1 MARKET1 LEVEL3 LEVEL4 LEVEL0 LEVEL1) [1]
Pruned:  0: (LOAD GOODS1 TRUCK1 MARKET1 LEVEL3 LEVEL4 LEVEL0 LEVEL1) [1]
Pruned:  0: (LOAD GOODS1 TRUCK1 MARKET1 LEVEL3 LEVEL4 LEVEL0 LEVEL1) [1]
Pruned:  0: (LOAD GOODS1 TRUCK1 MARKET1 LEVEL3 LEVEL4 LEVEL0 LEVEL1) [1]
Pruned:  0: (LOAD GOODS1 TRUCK1 MARKET1 LEVEL3 LEVEL4 LEVEL0 LEVEL1) [1]
Pruned:  0: (LOAD GOODS1 TRUCK1 MARKET1 LEVEL3 LEVEL4 LEVEL0 LEVEL1) [1]
Pruned:  0: (LOAD GOODS1 TRUCK1 MARKET1 LEVEL3 LEVEL4 LEVEL0 LEVEL1) [1]
Pruned:  0: (LOAD GOODS1 TRUCK1 MARKET1 LEVEL3 LEVEL4 LEVEL0 LEVEL1) [1]
Pruned:  0: (LOAD GOODS1 TRUCK1 MARKET1 LEVEL3 LEVEL4 LEVEL0 LEVEL1) [1]
Pruned:  0: (LOAD GOODS1 TRUCK1 MARKET1 LEVEL3 LEVEL4 LEVEL0 LEVEL1) [1]
Pruned:  0: (LOAD GOODS1 TRUCK1 MARKET1 LEVEL3 LEVEL4 LEVEL0 LEVEL1) [1]
Pruned:  0: (LOAD GOODS1 TRUCK1 MARKET1 LEVEL3 LEVEL4 LEVEL0 LEVEL1) [1]
Pruned:  0: (LOAD GOODS1 TRUCK1 MARKET1 LEVEL3 LEVEL4 LEVEL0 LEVEL1) [1]
Pruned:  0: (LOAD GOODS1 TRUCK1 MARKET1 LEVEL3 LEVEL4 LEVEL0 LEVEL1) [1]
Pruned:  0: (LOAD GOODS1 TRUCK1 MARKET1 LEVEL3 LEVEL4 LEVEL0 LEVEL1) [1]
Pruned:  0: (LOAD GOODS1 TRUCK1 MARKET1 LEVEL3 LEVEL4 LEVEL0 LEVEL1) [1]
Pruned:  0: (LOAD GOODS1 TRUCK1 MARKET1 LEVEL3 LEVEL4 LEVEL0 LEVEL1) [1]
Pruned:  0: (LOAD GOODS1 TRUCK1 MARKET1 LEVEL3 LEVEL4 LEVEL0 LEVEL1) [1]
Pruned:  0: (LOAD GOODS1 TRUCK1 MARKET1 LEVEL3 LEVEL4 LEVEL0 LEVEL1) [1]
Pruned:  0: (LOAD GOODS1 TRUCK1 MARKET1 LEVEL3 LEVEL4 LEVEL0 LEVEL1) [1]
Pruned:  0: (LOAD GOODS1 TRUCK1 MARKET1 LEVEL3 LEVEL4 LEVEL0 LEVEL1) [1]
Pruned:  0: (LOAD GOODS1 TRUCK1 MARKET1 LEVEL3 LEVEL4 LEVEL0 LEVEL1) [1]
Pruned:  0: (LOAD GOODS1 TRUCK1 MARKET1 LEVEL3 LEVEL4 LEVEL0 LEVEL1) [1]
Pruned:  0: (LOAD GOODS1 TRUCK1 MARKET1 LEVEL3 LEVEL4 LEVEL0 LEVEL1) [1]
Pruned:  0: (LOAD GOODS1 TRUCK1 MARKET1 LEVEL3 LEVEL4 LEVEL0 LEVEL1) [1]
Pruned:  0: (LOAD GOODS1 TRUCK1 MARKET1 LEVEL3 LEVEL4 LEVEL0 LEVEL1) [1]
Pruned:  0: (LOAD GOODS1 TRUCK1 MARKET1 LEVEL3 LEVEL4 LEVEL0 LEVEL1) [1]
Pruned:  0: (LOAD GOODS1 TRUCK1 MARKET1 LEVEL3 LEVEL4 LEVEL0 LEVEL1) [1]
Pruned:  0: (LOAD GOODS1 TRUCK1 MARKET1 LEVEL3 LEVEL4 LEVEL0 LEVEL1) [1]
Pruned:  0: (LOAD GOODS1 TRUCK1 MARKET1 LEVEL3 LEVEL4 LEVEL0 LEVEL1) [1]
Pruned:  0: (LOAD GOODS1 TRUCK1 MARKET1 LEVEL3 LEVEL4 LEVEL0 LEVEL1) [1]
Pruned:  0: (LOAD GOODS1 TRUCK1 MARKET1 LEVEL3 LEVEL4 LEVEL0 LEVEL1) [1]
Pruned:  0: (LOAD GOODS1 TRUCK1 MARKET1 LEVEL3 LEVEL4 LEVEL0 LEVEL1) [1]
Pruned:  0: (LOAD GOODS1 TRUCK1 MARKET1 LEVEL3 LEVEL4 LEVEL0 LEVEL1) [1]
Pruned:  0: (LOAD GOODS1 TRUCK1 MARKET1 LEVEL3 LEVEL4 LEVEL0 LEVEL1) [1]
Pruned:  0: (LOAD GOODS1 TRUCK1 MARKET1 LEVEL3 LEVEL4 LEVEL0 LEVEL1) [1]
Pruned:  0: (LOAD GOODS1 TRUCK1 MARKET1 LEVEL3 LEVEL4 LEVEL0 LEVEL1) [1]
Pruned:  0: (LOAD GOODS1 TRUCK1 MARKET1 LEVEL3 LEVEL4 LEVEL0 LEVEL1) [1]
Pruned:  0: (LOAD GOODS1 TRUCK1 MARKET1 LEVEL3 LEVEL4 LEVEL0 LEVEL1) [1]
Pruned:  0: (LOAD GOODS1 TRUCK1 MARKET1 LEVEL3 LEVEL4 LEVEL0 LEVEL1) [1]
Pruned:  0: (LOAD GOODS1 TRUCK1 MARKET1 LEVEL3 LEVEL4 LEVEL0 LEVEL1) [1]
Pruned:  0: (LOAD GOODS1 TRUCK1 MARKET1 LEVEL3 LEVEL4 LEVEL0 LEVEL1) [1]
Pruned:  0: (LOAD GOODS1 TRUCK1 MARKET1 LEVEL3 LEVEL4 LEVEL0 LEVEL1) [1]
Pruned:  0: (LOAD GOODS1 TRUCK1 MARKET1 LEVEL3 LEVEL4 LEVEL0 LEVEL1) [1]
Pruned:  0: (LOAD GOODS1 TRUCK1 MARKET1 LEVEL3 LEVEL4 LEVEL0 LEVEL1) [1]
Pruned:  0: (LOAD GOODS1 TRUCK1 MARKET1 LEVEL3 LEVEL4 LEVEL0 LEVEL1) [1]
Pruned:  0: (LOAD GOODS1 TRUCK1 MARKET1 LEVEL3 LEVEL4 LEVEL0 LEVEL1) [1]
Pruned:  0: (LOAD GOODS1 TRUCK1 MARKET1 LEVEL3 LEVEL4 LEVEL0 LEVEL1) [1]
Pruned:  0: (LOAD GOODS1 TRUCK1 MARKET1 LEVEL3 LEVEL4 LEVEL0 LEVEL1) [1]
Pruned:  0: (LOAD GOODS1 TRUCK1 MARKET1 LEVEL3 LEVEL4 LEVEL0 LEVEL1) [1]
Pruned:  0: (LOAD GOODS1 TRUCK1 MARKET1 LEVEL3 LEVEL4 LEVEL0 LEVEL1) [1]
Pruned:  0: (LOAD GOODS1 TRUCK1 MARKET1 LEVEL3 LEVEL4 LEVEL0 LEVEL1) [1]
Pruned:  0: (LOAD GOODS1 TRUCK1 MARKET1 LEVEL3 LEVEL4 LEVEL0 LEVEL1) [1]
Pruned:  0: (LOAD GOODS1 TRUCK1 MARKET1 LEVEL3 LEVEL4 LEVEL0 LEVEL1) [1]
Pruned:  0: (LOAD GOODS1 TRUCK1 MARKET1 LEVEL3 LEVEL4 LEVEL0 LEVEL1) [1]
Pruned:  0: (LOAD GOODS1 TRUCK1 MARKET1 LEVEL3 LEVEL4 LEVEL0 LEVEL1) [1]
Pruned:  0: (LOAD GOODS1 TRUCK1 MARKET1 LEVEL3 LEVEL4 LEVEL0 LEVEL1) [1]
Pruned:  0: (LOAD GOODS1 TRUCK1 MARKET1 LEVEL3 LEVEL4 LEVEL0 LEVEL1) [1]
Pruned:  0: (LOAD GOODS1 TRUCK1 MARKET1 LEVEL3 LEVEL4 LEVEL0 LEVEL1) [1]
Pruned:  0: (LOAD GOODS1 TRUCK1 MARKET1 LEVEL3 LEVEL4 LEVEL0 LEVEL1) [1]
Pruned:  0: (LOAD GOODS1 TRUCK1 MARKET1 LEVEL3 LEVEL4 LEVEL0 LEVEL1) [1]
Pruned:  0: (LOAD GOODS1 TRUCK1 MARKET1 LEVEL3 LEVEL4 LEVEL0 LEVEL1) [1]
Pruned:  0: (LOAD GOODS1 TRUCK1 MARKET1 LEVEL3 LEVEL4 LEVEL0 LEVEL1) [1]
Pruned:  0: (LOAD GOODS1 TRUCK1 MARKET1 LEVEL3 LEVEL4 LEVEL0 LEVEL1) [1]
Pruned:  0: (LOAD GOODS1 TRUCK1 MARKET1 LEVEL3 LEVEL4 LEVEL0 LEVEL1) [1]
Pruned:  0: (LOAD GOODS1 TRUCK1 MARKET1 LEVEL3 LEVEL4 LEVEL0 LEVEL1) [1]
Pruned:  0: (LOAD GOODS1 TRUCK1 MARKET1 LEVEL3 LEVEL4 LEVEL0 LEVEL1) [1]
Pruned:  0: (LOAD GOODS1 TRUCK1 MARKET1 LEVEL3 LEVEL4 LEVEL0 LEVEL1) [1]
Pruned:  0: (LOAD GOODS1 TRUCK1 MARKET1 LEVEL3 LEVEL4 LEVEL0 LEVEL1) [1]
Pruned:  0: (LOAD GOODS1 TRUCK1 MARKET1 LEVEL3 LEVEL4 LEVEL0 LEVEL1) [1]
Pruned:  0: (LOAD GOODS1 TRUCK1 MARKET1 LEVEL3 LEVEL4 LEVEL0 LEVEL1) [1]
Pruned:  0: (LOAD GOODS1 TRUCK1 MARKET1 LEVEL3 LEVEL4 LEVEL0 LEVEL1) [1]
Pruned:  0: (LOAD GOODS1 TRUCK1 MARKET1 LEVEL3 LEVEL4 LEVEL0 LEVEL1) [1]
Pruned:  0: (LOAD GOODS1 TRUCK1 MARKET1 LEVEL3 LEVEL4 LEVEL0 LEVEL1) [1]
Pruned:  0: (LOAD GOODS1 TRUCK1 MARKET1 LEVEL3 LEVEL4 LEVEL0 LEVEL1) [1]
Pruned:  0: (LOAD GOODS1 TRUCK1 MARKET1 LEVEL3 LEVEL4 LEVEL0 LEVEL1) [1]
Pruned:  0: (LOAD GOODS1 TRUCK1 MARKET1 LEVEL3 LEVEL4 LEVEL0 LEVEL1) [1]
Pruned:  0: (LOAD GOODS1 TRUCK1 MARKET1 LEVEL3 LEVEL4 LEVEL0 LEVEL1) [1]
Pruned:  0: (LOAD GOODS1 TRUCK1 MARKET1 LEVEL3 LEVEL4 LEVEL0 LEVEL1) [1]
Pruned:  0: (LOAD GOODS1 TRUCK1 MARKET1 LEVEL3 LEVEL4 LEVEL0 LEVEL1) [1]
Pruned:  0: (LOAD GOODS1 TRUCK1 MARKET1 LEVEL3 LEVEL4 LEVEL0 LEVEL1) [1]
Pruned:  0: (LOAD GOODS1 TRUCK1 MARKET1 LEVEL3 LEVEL4 LEVEL0 LEVEL1) [1]
Pruned:  0: (LOAD GOODS1 TRUCK1 MARKET1 LEVEL3 LEVEL4 LEVEL0 LEVEL1) [1]
Pruned:  0: (LOAD GOODS1 TRUCK1 MARKET1 LEVEL3 LEVEL4 LEVEL0 LEVEL1) [1]
Pruned:  0: (LOAD GOODS1 TRUCK1 MARKET1 LEVEL3 LEVEL4 LEVEL0 LEVEL1) [1]
Pruned:  0: (LOAD GOODS1 TRUCK1 MARKET1 LEVEL3 LEVEL4 LEVEL0 LEVEL1) [1]
Pruned:  0: (LOAD GOODS1 TRUCK1 MARKET1 LEVEL3 LEVEL4 LEVEL0 LEVEL1) [1]
Pruned:  0: (LOAD GOODS1 TRUCK1 MARKET1 LEVEL3 LEVEL4 LEVEL0 LEVEL1) [1]
Pruned:  0: (LOAD GOODS1 TRUCK1 MARKET1 LEVEL3 LEVEL4 LEVEL0 LEVEL1) [1]
Pruned:  0: (LOAD GOODS1 TRUCK1 MARKET1 LEVEL3 LEVEL4 LEVEL0 LEVEL1) [1]
Pruned:  0: (LOAD GOODS1 TRUCK1 MARKET1 LEVEL3 LEVEL4 LEVEL0 LEVEL1) [1]
Pruned:  0: (LOAD GOODS1 TRUCK1 MARKET1 LEVEL3 LEVEL4 LEVEL0 LEVEL1) [1]
Pruned:  0: (LOAD GOODS1 TRUCK1 MARKET1 LEVEL3 LEVEL4 LEVEL0 LEVEL1) [1]
Pruned:  0: (LOAD GOODS1 TRUCK1 MARKET1 LEVEL3 LEVEL4 LEVEL0 LEVEL1) [1]
Pruned:  0: (LOAD GOODS1 TRUCK1 MARKET1 LEVEL3 LEVEL4 LEVEL0 LEVEL1) [1]
Pruned:  0: (LOAD GOODS1 TRUCK1 MARKET1 LEVEL3 LEVEL4 LEVEL0 LEVEL1) [1]
Pruned:  0: (LOAD GOODS1 TRUCK1 MARKET1 LEVEL3 LEVEL4 LEVEL0 LEVEL1) [1]
Pruned:  0: (LOAD GOODS1 TRUCK1 MARKET1 LEVEL3 LEVEL4 LEVEL0 LEVEL1) [1]
Pruned:  0: (LOAD GOODS1 TRUCK1 MARKET1 LEVEL3 LEVEL4 LEVEL0 LEVEL1) [1]
Pruned:  0: (LOAD GOODS1 TRUCK1 MARKET1 LEVEL3 LEVEL4 LEVEL0 LEVEL1) [1]
Pruned:  0: (LOAD GOODS1 TRUCK1 MARKET1 LEVEL3 LEVEL4 LEVEL0 LEVEL1) [1]
Pruned:  0: (LOAD GOODS1 TRUCK1 MARKET1 LEVEL3 LEVEL4 LEVEL0 LEVEL1) [1]
Pruned:  0: (LOAD GOODS1 TRUCK1 MARKET1 LEVEL3 LEVEL4 LEVEL0 LEVEL1) [1]
Pruned:  0: (LOAD GOODS1 TRUCK1 MARKET1 LEVEL3 LEVEL4 LEVEL0 LEVEL1) [1]
Pruned:  0: (LOAD GOODS1 TRUCK1 MARKET1 LEVEL3 LEVEL4 LEVEL0 LEVEL1) [1]
Pruned:  0: (LOAD GOODS1 TRUCK1 MARKET1 LEVEL3 LEVEL4 LEVEL0 LEVEL1) [1]
Pruned:  0: (LOAD GOODS1 TRUCK1 MARKET1 LEVEL3 LEVEL4 LEVEL0 LEVEL1) [1]
Pruned:  0: (LOAD GOODS1 TRUCK1 MARKET1 LEVEL3 LEVEL4 LEVEL0 LEVEL1) [1]
Pruned:  0: (LOAD GOODS1 TRUCK1 MARKET1 LEVEL3 LEVEL4 LEVEL0 LEVEL1) [1]
Pruned:  0: (LOAD GOODS1 TRUCK1 MARKET1 LEVEL3 LEVEL4 LEVEL0 LEVEL1) [1]
Pruned:  0: (LOAD GOODS1 TRUCK1 MARKET1 LEVEL3 LEVEL4 LEVEL0 LEVEL1) [1]
Pruned:  0: (LOAD GOODS1 TRUCK1 MARKET1 LEVEL3 LEVEL4 LEVEL0 LEVEL1) [1]
Pruned:  0: (LOAD GOODS1 TRUCK1 MARKET1 LEVEL3 LEVEL4 LEVEL0 LEVEL1) [1]
Pruned:  0: (LOAD GOODS1 TRUCK1 MARKET1 LEVEL3 LEVEL4 LEVEL0 LEVEL1) [1]
Pruned:  0: (LOAD GOODS1 TRUCK1 MARKET1 LEVEL3 LEVEL4 LEVEL0 LEVEL1) [1]
Pruned:  0: (LOAD GOODS1 TRUCK1 MARKET1 LEVEL3 LEVEL4 LEVEL0 LEVEL1) [1]
Pruned:  0: (LOAD GOODS1 TRUCK1 MARKET1 LEVEL3 LEVEL4 LEVEL0 LEVEL1) [1]
Pruned:  0: (LOAD GOODS1 TRUCK1 MARKET1 LEVEL3 LEVEL4 LEVEL0 LEVEL1) [1]
Pruned:  0: (LOAD GOODS1 TRUCK1 MARKET1 LEVEL3 LEVEL4 LEVEL0 LEVEL1) [1]
Pruned:  0: (LOAD GOODS1 TRUCK1 MARKET1 LEVEL3 LEVEL4 LEVEL0 LEVEL1) [1]
Pruned:  0: (LOAD GOODS1 TRUCK1 MARKET1 LEVEL3 LEVEL4 LEVEL0 LEVEL1) [1]
Pruned:  0: (LOAD GOODS1 TRUCK1 MARKET1 LEVEL3 LEVEL4 LEVEL0 LEVEL1) [1]
Pruned:  0: (LOAD GOODS1 TRUCK1 MARKET1 LEVEL3 LEVEL4 LEVEL0 LEVEL1) [1]
Pruned:  0: (LOAD GOODS1 TRUCK1 MARKET1 LEVEL3 LEVEL4 LEVEL0 LEVEL1) [1]
Pruned:  0: (LOAD GOODS1 TRUCK1 MARKET1 LEVEL3 LEVEL4 LEVEL0 LEVEL1) [1]
Pruned:  0: (LOAD GOODS1 TRUCK1 MARKET1 LEVEL3 LEVEL4 LEVEL0 LEVEL1) [1]
Pruned:  0: (LOAD GOODS1 TRUCK1 MARKET1 LEVEL3 LEVEL4 LEVEL0 LEVEL1) [1]
Pruned:  0: (LOAD GOODS1 TRUCK1 MARKET1 LEVEL3 LEVEL4 LEVEL0 LEVEL1) [1]
Pruned:  0: (LOAD GOODS1 TRUCK1 MARKET1 LEVEL3 LEVEL4 LEVEL0 LEVEL1) [1]
Pruned:  0: (LOAD GOODS1 TRUCK1 MARKET1 LEVEL3 LEVEL4 LEVEL0 LEVEL1) [1]
Pruned:  0: (LOAD GOODS1 TRUCK1 MARKET1 LEVEL3 LEVEL4 LEVEL0 LEVEL1) [1]
Pruned:  0: (LOAD GOODS1 TRUCK1 MARKET1 LEVEL3 LEVEL4 LEVEL0 LEVEL1) [1]
Pruned:  0: (LOAD GOODS1 TRUCK1 MARKET1 LEVEL3 LEVEL4 LEVEL0 LEVEL1) [1]
Pruned:  0: (LOAD GOODS1 TRUCK1 MARKET1 LEVEL3 LEVEL4 LEVEL0 LEVEL1) [1]
Pruned:  0: (LOAD GOODS1 TRUCK1 MARKET1 LEVEL3 LEVEL4 LEVEL0 LEVEL1) [1]
Pruned:  0: (LOAD GOODS1 TRUCK1 MARKET1 LEVEL3 LEVEL4 LEVEL0 LEVEL1) [1]
Pruned:  0: (LOAD GOODS1 TRUCK1 MARKET1 LEVEL3 LEVEL4 LEVEL0 LEVEL1) [1]
Pruned:  0: (LOAD GOODS1 TRUCK1 MARKET1 LEVEL3 LEVEL4 LEVEL0 LEVEL1) [1]
Pruned:  0: (LOAD GOODS1 TRUCK1 MARKET1 LEVEL3 LEVEL4 LEVEL0 LEVEL1) [1]
Pruned:  0: (LOAD GOODS1 TRUCK1 MARKET1 LEVEL3 LEVEL4 LEVEL0 LEVEL1) [1]
Pruned:  0: (LOAD GOODS1 TRUCK1 MARKET1 LEVEL3 LEVEL4 LEVEL0 LEVEL1) [1]
Pruned:  0: (LOAD GOODS1 TRUCK1 MARKET1 LEVEL3 LEVEL4 LEVEL0 LEVEL1) [1]
Pruned:  0: (LOAD GOODS1 TRUCK1 MARKET1 LEVEL3 LEVEL4 LEVEL0 LEVEL1) [1]
Pruned:  0: (LOAD GOODS1 TRUCK1 MARKET1 LEVEL3 LEVEL4 LEVEL0 LEVEL1) [1]
Pruned:  0: (LOAD GOODS1 TRUCK1 MARKET1 LEVEL3 LEVEL4 LEVEL0 LEVEL1) [1]
Pruned:  0: (LOAD GOODS1 TRUCK1 MARKET1 LEVEL3 LEVEL4 LEVEL0 LEVEL1) [1]
Pruned:  0: (LOAD GOODS1 TRUCK1 MARKET1 LEVEL3 LEVEL4 LEVEL0 LEVEL1) [1]
Pruned:  0: (LOAD GOODS1 TRUCK1 MARKET1 LEVEL3 LEVEL4 LEVEL0 LEVEL1) [1]
Pruned:  0: (LOAD GOODS1 TRUCK1 MARKET1 LEVEL3 LEVEL4 LEVEL0 LEVEL1) [1]
Pruned:  0: (LOAD GOODS1 TRUCK1 MARKET1 LEVEL3 LEVEL4 LEVEL0 LEVEL1) [1]
Pruned:  0: (LOAD GOODS1 TRUCK1 MARKET1 LEVEL3 LEVEL4 LEVEL0 LEVEL1) [1]
Pruned:  0: (LOAD GOODS1 TRUCK1 MARKET1 LEVEL3 LEVEL4 LEVEL0 LEVEL1) [1]
Pruned:  0: (LOAD GOODS1 TRUCK1 MARKET1 LEVEL3 LEVEL4 LEVEL0 LEVEL1) [1]
Pruned:  0: (LOAD GOODS1 TRUCK1 MARKET1 LEVEL3 LEVEL4 LEVEL0 LEVEL1) [1]
Pruned:  0: (LOAD GOODS1 TRUCK1 MARKET1 LEVEL3 LEVEL4 LEVEL0 LEVEL1) [1]
Pruned:  0: (LOAD GOODS1 TRUCK1 MARKET1 LEVEL3 LEVEL4 LEVEL0 LEVEL1) [1]
Pruned:  0: (LOAD GOODS1 TRUCK1 MARKET1 LEVEL3 LEVEL4 LEVEL0 LEVEL1) [1]
Pruned:  0: (LOAD GOODS1 TRUCK1 MARKET1 LEVEL3 LEVEL4 LEVEL0 LEVEL1) [1]
Pruned:  0: (LOAD GOODS1 TRUCK1 MARKET1 LEVEL3 LEVEL4 LEVEL0 LEVEL1) [1]
Pruned:  0: (LOAD GOODS1 TRUCK1 MARKET1 LEVEL3 LEVEL4 LEVEL0 LEVEL1) [1]
Pruned:  0: (LOAD GOODS1 TRUCK1 MARKET1 LEVEL3 LEVEL4 LEVEL0 LEVEL1) [1]
Pruned:  0: (LOAD GOODS1 TRUCK1 MARKET1 LEVEL3 LEVEL4 LEVEL0 LEVEL1) [1]
Pruned:  0: (LOAD GOODS1 TRUCK1 MARKET1 LEVEL3 LEVEL4 LEVEL0 LEVEL1) [1]
Pruned:  0: (LOAD GOODS1 TRUCK1 MARKET1 LEVEL3 LEVEL4 LEVEL0 LEVEL1) [1]
Pruned:  0: (LOAD GOODS1 TRUCK1 MARKET1 LEVEL3 LEVEL4 LEVEL0 LEVEL1) [1]
Pruned:  0: (LOAD GOODS1 TRUCK1 MARKET1 LEVEL3 LEVEL4 LEVEL0 LEVEL1) [1]
Pruned:  0: (LOAD GOODS1 TRUCK1 MARKET1 LEVEL3 LEVEL4 LEVEL0 LEVEL1) [1]
Pruned:  0: (LOAD GOODS1 TRUCK1 MARKET1 LEVEL3 LEVEL4 LEVEL0 LEVEL1) [1]
Pruned:  0: (LOAD GOODS1 TRUCK1 MARKET1 LEVEL3 LEVEL4 LEVEL0 LEVEL1) [1]
Pruned:  0: (LOAD GOODS1 TRUCK1 MARKET1 LEVEL3 LEVEL4 LEVEL0 LEVEL1) [1]
Pruned:  0: (LOAD GOODS1 TRUCK1 MARKET1 LEVEL3 LEVEL4 LEVEL0 LEVEL1) [1]
Pruned:  0: (LOAD GOODS1 TRUCK1 MARKET1 LEVEL3 LEVEL4 LEVEL0 LEVEL1) [1]
Pruned:  0: (LOAD GOODS1 TRUCK1 MARKET1 LEVEL3 LEVEL4 LEVEL0 LEVEL1) [1]
Pruned:  0: (LOAD GOODS1 TRUCK1 MARKET1 LEVEL3 LEVEL4 LEVEL0 LEVEL1) [1]
Pruned:  0: (LOAD GOODS1 TRUCK1 MARKET1 LEVEL3 LEVEL4 LEVEL0 LEVEL1) [1]
Pruned:  0: (LOAD GOODS1 TRUCK1 MARKET1 LEVEL3 LEVEL4 LEVEL0 LEVEL1) [1]
Pruned:  0: (LOAD GOODS1 TRUCK1 MARKET1 LEVEL3 LEVEL4 LEVEL0 LEVEL1) [1]
Pruned:  0: (LOAD GOODS1 TRUCK1 MARKET1 LEVEL3 LEVEL4 LEVEL0 LEVEL1) [1]
Pruned:  0: (LOAD GOODS1 TRUCK1 MARKET1 LEVEL3 LEVEL4 LEVEL0 LEVEL1) [1]
Pruned:  0: (LOAD GOODS1 TRUCK1 MARKET1 LEVEL3 LEVEL4 LEVEL0 LEVEL1) [1]
Pruned:  0: (LOAD GOODS1 TRUCK1 MARKET1 LEVEL3 LEVEL4 LEVEL0 LEVEL1) [1]
Pruned:  0: (LOAD GOODS1 TRUCK1 MARKET1 LEVEL3 LEVEL4 LEVEL0 LEVEL1) [1]
Pruned:  0: (LOAD GOODS1 TRUCK1 MARKET1 LEVEL3 LEVEL4 LEVEL0 LEVEL1) [1]
Pruned:  0: (LOAD GOODS1 TRUCK1 MARKET1 LEVEL3 LEVEL4 LEVEL0 LEVEL1) [1]
Pruned:  0: (LOAD GOODS1 TRUCK1 MARKET1 LEVEL3 LEVEL4 LEVEL0 LEVEL1) [1]
Pruned:  0: (LOAD GOODS1 TRUCK1 MARKET1 LEVEL3 LEVEL4 LEVEL0 LEVEL1) [1]
Pruned:  0: (LOAD GOODS1 TRUCK1 MARKET1 LEVEL3 LEVEL4 LEVEL0 LEVEL1) [1]
Pruned:  0: (LOAD GOODS1 TRUCK1 MARKET1 LEVEL3 LEVEL4 LEVEL0 LEVEL1) [1]
Pruned:  0: (LOAD GOODS1 TRUCK1 MARKET1 LEVEL3 LEVEL4 LEVEL0 LEVEL1) [1]
Pruned:  0: (LOAD GOODS1 TRUCK1 MARKET1 LEVEL3 LEVEL4 LEVEL0 LEVEL1) [1]
Pruned:  0: (LOAD GOODS1 TRUCK1 MARKET1 LEVEL3 LEVEL4 LEVEL0 LEVEL1) [1]
Pruned:  0: (LOAD GOODS1 TRUCK1 MARKET1 LEVEL3 LEVEL4 LEVEL0 LEVEL1) [1]
Pruned:  0: (LOAD GOODS1 TRUCK1 MARKET1 LEVEL3 LEVEL4 LEVEL0 LEVEL1) [1]
Pruned:  0: (LOAD GOODS1 TRUCK1 MARKET1 LEVEL3 LEVEL4 LEVEL0 LEVEL1) [1]
Pruned:  0: (LOAD GOODS1 TRUCK1 MARKET1 LEVEL3 LEVEL4 LEVEL0 LEVEL1) [1]
Pruned:  0: (LOAD GOODS1 TRUCK1 MARKET1 LEVEL3 LEVEL4 LEVEL0 LEVEL1) [1]
Pruned:  0: (LOAD GOODS1 TRUCK1 MARKET1 LEVEL3 LEVEL4 LEVEL0 LEVEL1) [1]
Pruned:  0: (LOAD GOODS1 TRUCK1 MARKET1 LEVEL3 LEVEL4 LEVEL0 LEVEL1) [1]
Pruned:  0: (LOAD GOODS1 TRUCK1 MARKET1 LEVEL3 LEVEL4 LEVEL0 LEVEL1) [1]
Pruned:  0: (LOAD GOODS1 TRUCK1 MARKET1 LEVEL3 LEVEL4 LEVEL0 LEVEL1) [1]
Pruned:  0: (LOAD GOODS1 TRUCK1 MARKET1 LEVEL3 LEVEL4 LEVEL0 LEVEL1) [1]
Pruned:  0: (LOAD GOODS1 TRUCK1 MARKET1 LEVEL3 LEVEL4 LEVEL0 LEVEL1) [1]
Pruned:  0: (LOAD GOODS1 TRUCK1 MARKET1 LEVEL3 LEVEL4 LEVEL0 LEVEL1) [1]
Pruned:  0: (LOAD GOODS1 TRUCK1 MARKET1 LEVEL3 LEVEL4 LEVEL0 LEVEL1) [1]
Pruned:  0: (LOAD GOODS1 TRUCK1 MARKET1 LEVEL3 LEVEL4 LEVEL0 LEVEL1) [1]
Pruned:  0: (LOAD GOODS1 TRUCK1 MARKET1 LEVEL3 LEVEL4 LEVEL0 LEVEL1) [1]
Pruned:  0: (LOAD GOODS1 TRUCK1 MARKET1 LEVEL3 LEVEL4 LEVEL0 LEVEL1) [1]
Pruned:  0: (LOAD GOODS1 TRUCK1 MARKET1 LEVEL3 LEVEL4 LEVEL0 LEVEL1) [1]
Pruned:  0: (LOAD GOODS1 TRUCK1 MARKET1 LEVEL3 LEVEL4 LEVEL0 LEVEL1) [1]
Pruned:  0: (LOAD GOODS1 TRUCK1 MARKET1 LEVEL3 LEVEL4 LEVEL0 LEVEL1) [1]
Pruned:  0: (LOAD GOODS1 TRUCK1 MARKET1 LEVEL3 LEVEL4 LEVEL0 LEVEL1) [1]
Pruned:  0: (LOAD GOODS1 TRUCK1 MARKET1 LEVEL3 LEVEL4 LEVEL0 LEVEL1) [1]
Pruned:  0: (LOAD GOODS1 TRUCK1 MARKET1 LEVEL3 LEVEL4 LEVEL0 LEVEL1) [1]
Pruned:  0: (LOAD GOODS1 TRUCK1 MARKET1 LEVEL3 LEVEL4 LEVEL0 LEVEL1) [1]
Pruned:  0: (LOAD GOODS1 TRUCK1 MARKET1 LEVEL3 LEVEL4 LEVEL0 LEVEL1) [1]
Pruned:  0: (LOAD GOODS1 TRUCK1 MARKET1 LEVEL3 LEVEL4 LEVEL0 LEVEL1) [1]
Pruned:  0: (LOAD GOODS1 TRUCK1 MARKET1 LEVEL3 LEVEL4 LEVEL0 LEVEL1) [1]
Pruned:  0: (LOAD GOODS1 TRUCK1 MARKET1 LEVEL3 LEVEL4 LEVEL0 LEVEL1) [1]
Pruned:  0: (LOAD GOODS1 TRUCK1 MARKET1 LEVEL3 LEVEL4 LEVEL0 LEVEL1) [1]
Pruned:  0: (LOAD GOODS1 TRUCK1 MARKET1 LEVEL3 LEVEL4 LEVEL0 LEVEL1) [1]
Pruned:  0: (LOAD GOODS1 TRUCK1 MARKET1 LEVEL3 LEVEL4 LEVEL0 LEVEL1) [1]
Pruned:  0: (LOAD GOODS1 TRUCK1 MARKET1 LEVEL3 LEVEL4 LEVEL0 LEVEL1) [1]
Pruned:  0: (LOAD GOODS1 TRUCK1 MARKET1 LEVEL3 LEVEL4 LEVEL0 LEVEL1) [1]
Pruned:  0: (LOAD GOODS1 TRUCK1 MARKET1 LEVEL3 LEVEL4 LEVEL0 LEVEL1) [1]
Pruned:  0: (LOAD GOODS1 TRUCK1 MARKET1 LEVEL3 LEVEL4 LEVEL0 LEVEL1) [1]
Pruned:  0: (LOAD GOODS1 TRUCK1 MARKET1 LEVEL3 LEVEL4 LEVEL0 LEVEL1) [1]
Pruned:  0: (LOAD GOODS1 TRUCK1 MARKET1 LEVEL3 LEVEL4 LEVEL0 LEVEL1) [1]
Pruned:  0: (LOAD GOODS1 TRUCK1 MARKET1 LEVEL3 LEVEL4 LEVEL0 LEVEL1) [1]
Pruned:  0: (LOAD GOODS1 TRUCK1 MARKET1 LEVEL3 LEVEL4 LEVEL0 LEVEL1) [1]
Pruned:  0: (LOAD GOODS1 TRUCK1 MARKET1 LEVEL3 LEVEL4 LEVEL0 LEVEL1) [1]
Pruned:  0: (LOAD GOODS1 TRUCK1 MARKET1 LEVEL3 LEVEL4 LEVEL0 LEVEL1) [1]
Pruned:  0: (LOAD GOODS1 TRUCK1 MARKET1 LEVEL3 LEVEL4 LEVEL0 LEVEL1) [1]
Pruned:  0: (LOAD GOODS1 TRUCK1 MARKET1 LEVEL3 LEVEL4 LEVEL0 LEVEL1) [1]
Pruned:  0: (LOAD GOODS1 TRUCK1 MARKET1 LEVEL3 LEVEL4 LEVEL0 LEVEL1) [1]
Pruned:  0: (LOAD GOODS1 TRUCK1 MARKET1 LEVEL3 LEVEL4 LEVEL0 LEVEL1) [1]
Pruned:  0: (LOAD GOODS1 TRUCK1 MARKET1 LEVEL3 LEVEL4 LEVEL0 LEVEL1) [1]
Pruned:  0: (LOAD GOODS1 TRUCK1 MARKET1 LEVEL3 LEVEL4 LEVEL0 LEVEL1) [1]
Pruned:  0: (LOAD GOODS1 TRUCK1 MARKET1 LEVEL3 LEVEL4 LEVEL0 LEVEL1) [1]
Pruned:  0: (LOAD GOODS1 TRUCK1 MARKET1 LEVEL3 LEVEL4 LEVEL0 LEVEL1) [1]
Pruned:  0: (LOAD GOODS1 TRUCK1 MARKET1 LEVEL3 LEVEL4 LEVEL0 LEVEL1) [1]
Pruned:  0: (LOAD GOODS1 TRUCK1 MARKET1 LEVEL3 LEVEL4 LEVEL0 LEVEL1) [1]
Pruned:  0: (LOAD GOODS1 TRUCK1 MARKET1 LEVEL3 LEVEL4 LEVEL0 LEVEL1) [1]
Pruned:  0: (LOAD GOODS1 TRUCK1 MARKET1 LEVEL3 LEVEL4 LEVEL0 LEVEL1) [1]
Pruned:  0: (LOAD GOODS1 TRUCK1 MARKET1 LEVEL3 LEVEL4 LEVEL0 LEVEL1) [1]
Pruned:  0: (LOAD GOODS1 TRUCK1 MARKET1 LEVEL3 LEVEL4 LEVEL0 LEVEL1) [1]
Pruned:  0: (LOAD GOODS1 TRUCK1 MARKET1 LEVEL3 LEVEL4 LEVEL0 LEVEL1) [1]
Pruned:  0: (LOAD GOODS1 TRUCK1 MARKET1 LEVEL3 LEVEL4 LEVEL0 LEVEL1) [1]
Pruned:  0: (LOAD GOODS1 TRUCK1 MARKET1 LEVEL3 LEVEL4 LEVEL0 LEVEL1) [1]
Pruned:  0: (LOAD GOODS1 TRUCK1 MARKET1 LEVEL3 LEVEL4 LEVEL0 LEVEL1) [1]
Pruned:  0: (LOAD GOODS1 TRUCK1 MARKET1 LEVEL3 LEVEL4 LEVEL0 LEVEL1) [1]
Pruned:  0: (LOAD GOODS1 TRUCK1 MARKET1 LEVEL3 LEVEL4 LEVEL0 LEVEL1) [1]
Pruned:  0: (LOAD GOODS1 TRUCK1 MARKET1 LEVEL3 LEVEL4 LEVEL0 LEVEL1) [1]
Pruned:  0: (LOAD GOODS1 TRUCK1 MARKET1 LEVEL3 LEVEL4 LEVEL0 LEVEL1) [1]
Pruned:  0: (LOAD GOODS1 TRUCK1 MARKET1 LEVEL3 LEVEL4 LEVEL0 LEVEL1) [1]
Pruned:  0: (LOAD GOODS1 TRUCK1 MARKET1 LEVEL3 LEVEL4 LEVEL0 LEVEL1) [1]
Pruned:  0: (LOAD GOODS1 TRUCK1 MARKET1 LEVEL3 LEVEL4 LEVEL0 LEVEL1) [1]
Pruned:  0: (LOAD GOODS1 TRUCK1 MARKET1 LEVEL3 LEVEL4 LEVEL0 LEVEL1) [1]
Pruned:  0: (LOAD GOODS1 TRUCK1 MARKET1 LEVEL3 LEVEL4 LEVEL0 LEVEL1) [1]
Pruned:  0: (LOAD GOODS1 TRUCK1 MARKET1 LEVEL3 LEVEL4 LEVEL0 LEVEL1) [1]
Pruned:  0: (LOAD GOODS1 TRUCK1 MARKET1 LEVEL3 LEVEL4 LEVEL0 LEVEL1) [1]
Pruned:  0: (LOAD GOODS1 TRUCK1 MARKET1 LEVEL3 LEVEL4 LEVEL0 LEVEL1) [1]
Pruned:  0: (LOAD GOODS1 TRUCK1 MARKET1 LEVEL3 LEVEL4 LEVEL0 LEVEL1) [1]
Pruned:  0: (LOAD GOODS1 TRUCK1 MARKET1 LEVEL3 LEVEL4 LEVEL0 LEVEL1) [1]
Pruned:  0: (LOAD GOODS1 TRUCK1 MARKET1 LEVEL3 LEVEL4 LEVEL0 LEVEL1) [1]
Pruned:  0: (LOAD GOODS1 TRUCK1 MARKET1 LEVEL3 LEVEL4 LEVEL0 LEVEL1) [1]
Pruned:  0: (LOAD GOODS1 TRUCK1 MARKET1 LEVEL3 LEVEL4 LEVEL0 LEVEL1) [1]
Pruned:  0: (LOAD GOODS1 TRUCK1 MARKET1 LEVEL3 LEVEL4 LEVEL0 LEVEL1) [1]
Pruned:  0: (LOAD GOODS1 TRUCK1 MARKET1 LEVEL3 LEVEL4 LEVEL0 LEVEL1) [1]
Pruned:  0: (LOAD GOODS1 TRUCK1 MARKET1 LEVEL3 LEVEL4 LEVEL0 LEVEL1) [1]
Pruned:  0: (LOAD GOODS1 TRUCK1 MARKET1 LEVEL3 LEVEL4 LEVEL0 LEVEL1) [1]
Pruned:  0: (LOAD GOODS1 TRUCK1 MARKET1 LEVEL3 LEVEL4 LEVEL0 LEVEL1) [1]
Pruned:  0: (LOAD GOODS1 TRUCK1 MARKET1 LEVEL3 LEVEL4 LEVEL0 LEVEL1) [1]
Pruned:  0: (LOAD GOODS1 TRUCK1 MARKET1 LEVEL3 LEVEL4 LEVEL0 LEVEL1) [1]
Pruned:  0: (LOAD GOODS1 TRUCK1 MARKET1 LEVEL3 LEVEL4 LEVEL0 LEVEL1) [1]
Pruned:  0: (LOAD GOODS1 TRUCK1 MARKET1 LEVEL3 LEVEL4 LEVEL0 LEVEL1) [1]
Pruned:  0: (LOAD GOODS1 TRUCK1 MARKET1 LEVEL3 LEVEL4 LEVEL0 LEVEL1) [1]
Pruned:  0: (LOAD GOODS1 TRUCK1 MARKET1 LEVEL3 LEVEL4 LEVEL0 LEVEL1) [1]
Pruned:  0: (LOAD GOODS1 TRUCK1 MARKET1 LEVEL3 LEVEL4 LEVEL0 LEVEL1) [1]
Pruned:  0: (LOAD GOODS1 TRUCK1 MARKET1 LEVEL3 LEVEL4 LEVEL0 LEVEL1) [1]
Pruned:  0: (LOAD GOODS1 TRUCK1 MARKET1 LEVEL3 LEVEL4 LEVEL0 LEVEL1) [1]
Pruned:  0: (LOAD GOODS1 TRUCK1 MARKET1 LEVEL3 LEVEL4 LEVEL0 LEVEL1) [1]
Pruned:  0: (LOAD GOODS1 TRUCK1 MARKET1 LEVEL3 LEVEL4 LEVEL0 LEVEL1) [1]
Pruned:  0: (LOAD GOODS1 TRUCK1 MARKET1 LEVEL3 LEVEL4 LEVEL0 LEVEL1) [1]
Pruned:  0: (LOAD GOODS1 TRUCK1 MARKET1 LEVEL3 LEVEL4 LEVEL0 LEVEL1) [1]
Pruned:  0: (LOAD GOODS1 TRUCK1 MARKET1 LEVEL3 LEVEL4 LEVEL0 LEVEL1) [1]
Pruned:  0: (LOAD GOODS1 TRUCK1 MARKET1 LEVEL3 LEVEL4 LEVEL0 LEVEL1) [1]
Pruned:  0: (LOAD GOODS1 TRUCK1 MARKET1 LEVEL3 LEVEL4 LEVEL0 LEVEL1) [1]
Pruned:  0: (LOAD GOODS1 TRUCK1 MARKET1 LEVEL3 LEVEL4 LEVEL0 LEVEL1) [1]
Pruned:  0: (LOAD GOODS1 TRUCK1 MARKET1 LEVEL3 LEVEL4 LEVEL0 LEVEL1) [1]
Pruned:  0: (LOAD GOODS1 TRUCK1 MARKET1 LEVEL3 LEVEL4 LEVEL0 LEVEL1) [1]
Pruned:  0: (LOAD GOODS1 TRUCK1 MARKET1 LEVEL3 LEVEL4 LEVEL0 LEVEL1) [1]
Pruned:  0: (LOAD GOODS1 TRUCK1 MARKET1 LEVEL3 LEVEL4 LEVEL0 LEVEL1) [1]
Pruned:  0: (LOAD GOODS1 TRUCK1 MARKET1 LEVEL3 LEVEL4 LEVEL0 LEVEL1) [1]
Pruned:  0: (LOAD GOODS1 TRUCK1 MARKET1 LEVEL3 LEVEL4 LEVEL0 LEVEL1) [1]
Pruned:  0: (LOAD GOODS1 TRUCK1 MARKET1 LEVEL3 LEVEL4 LEVEL0 LEVEL1) [1]
Pruned:  0: (LOAD GOODS1 TRUCK1 MARKET1 LEVEL3 LEVEL4 LEVEL0 LEVEL1) [1]
Pruned:  0: (LOAD GOODS1 TRUCK1 MARKET1 LEVEL3 LEVEL4 LEVEL0 LEVEL1) [1]
Pruned:  0: (LOAD GOODS1 TRUCK1 MARKET1 LEVEL3 LEVEL4 LEVEL0 LEVEL1) [1]
Pruned:  0: (LOAD GOODS1 TRUCK1 MARKET1 LEVEL3 LEVEL4 LEVEL0 LEVEL1) [1]
Pruned:  0: (LOAD GOODS1 TRUCK1 MARKET1 LEVEL3 LEVEL4 LEVEL0 LEVEL1) [1]
Pruned:  0: (LOAD GOODS1 TRUCK1 MARKET1 LEVEL3 LEVEL4 LEVEL0 LEVEL1) [1]
Pruned:  0: (LOAD GOODS1 TRUCK1 MARKET1 LEVEL3 LEVEL4 LEVEL0 LEVEL1) [1]
Pruned:  0: (LOAD GOODS1 TRUCK1 MARKET1 LEVEL3 LEVEL4 LEVEL0 LEVEL1) [1]
Pruned:  0: (LOAD GOODS1 TRUCK1 MARKET1 LEVEL3 LEVEL4 LEVEL0 LEVEL1) [1]
Pruned:  0: (LOAD GOODS1 TRUCK1 MARKET1 LEVEL3 LEVEL4 LEVEL0 LEVEL1) [1]
Pruned:  0: (LOAD GOODS1 TRUCK1 MARKET1 LEVEL3 LEVEL4 LEVEL0 LEVEL1) [1]
Pruned:  0: (LOAD GOODS1 TRUCK1 MARKET1 LEVEL3 LEVEL4 LEVEL0 LEVEL1) [1]
Pruned:  0: (LOAD GOODS1 TRUCK1 MARKET1 LEVEL3 LEVEL4 LEVEL0 LEVEL1) [1]
Pruned:  0: (LOAD GOODS1 TRUCK1 MARKET1 LEVEL3 LEVEL4 LEVEL0 LEVEL1) [1]
Pruned:  0: (LOAD GOODS1 TRUCK1 MARKET1 LEVEL3 LEVEL4 LEVEL0 LEVEL1) [1]
Pruned:  0: (LOAD GOODS1 TRUCK1 MARKET1 LEVEL3 LEVEL4 LEVEL0 LEVEL1) [1]
Pruned:  0: (LOAD GOODS1 TRUCK1 MARKET1 LEVEL3 LEVEL4 LEVEL0 LEVEL1) [1]
Pruned:  0: (LOAD GOODS1 TRUCK1 MARKET1 LEVEL3 LEVEL4 LEVEL0 LEVEL1) [1]
Pruned:  0: (LOAD GOODS1 TRUCK1 MARKET1 LEVEL3 LEVEL4 LEVEL0 LEVEL1) [1]
Pruned:  0: (LOAD GOODS1 TRUCK1 MARKET1 LEVEL3 LEVEL4 LEVEL0 LEVEL1) [1]
Pruned:  0: (LOAD GOODS1 TRUCK1 MARKET1 LEVEL3 LEVEL4 LEVEL0 LEVEL1) [1]
Pruned:  0: (LOAD GOODS1 TRUCK1 MARKET1 LEVEL3 LEVEL4 LEVEL0 LEVEL1) [1]
Pruned:  0: (LOAD GOODS1 TRUCK1 MARKET1 LEVEL3 LEVEL4 LEVEL0 LEVEL1) [1]
Pruned:  0: (LOAD GOODS1 TRUCK1 MARKET1 LEVEL3 LEVEL4 LEVEL0 LEVEL1) [1]
Pruned:  0: (LOAD GOODS1 TRUCK1 MARKET1 LEVEL3 LEVEL4 LEVEL0 LEVEL1) [1]
Pruned:  0: (LOAD GOODS1 TRUCK1 MARKET1 LEVEL3 LEVEL4 LEVEL0 LEVEL1) [1]
Pruned:  0: (LOAD GOODS1 TRUCK1 MARKET1 LEVEL3 LEVEL4 LEVEL0 LEVEL1) [1]
Pruned:  0: (LOAD GOODS1 TRUCK1 MARKET1 LEVEL3 LEVEL4 LEVEL0 LEVEL1) [1]
Pruned:  0: (LOAD GOODS1 TRUCK1 MARKET1 LEVEL3 LEVEL4 LEVEL0 LEVEL1) [1]
Pruned:  0: (LOAD GOODS1 TRUCK1 MARKET1 LEVEL3 LEVEL4 LEVEL0 LEVEL1) [1]
Pruned:  0: (LOAD GOODS1 TRUCK1 MARKET1 LEVEL3 LEVEL4 LEVEL0 LEVEL1) [1]
Pruned:  0: (LOAD GOODS1 TRUCK1 MARKET1 LEVEL3 LEVEL4 LEVEL0 LEVEL1) [1]
Pruned:  0: (LOAD GOODS1 TRUCK1 MARKET1 LEVEL3 LEVEL4 LEVEL0 LEVEL1) [1]
Pruned:  0: (LOAD GOODS1 TRUCK1 MARKET1 LEVEL3 LEVEL4 LEVEL0 LEVEL1) [1]
Pruned:  0: (LOAD GOODS1 TRUCK1 MARKET1 LEVEL3 LEVEL4 LEVEL0 LEVEL1) [1]
Pruned:  0: (LOAD GOODS1 TRUCK1 MARKET1 LEVEL3 LEVEL4 LEVEL0 LEVEL1) [1]
Pruned:  0: (LOAD GOODS1 TRUCK1 MARKET1 LEVEL3 LEVEL4 LEVEL0 LEVEL1) [1]
Pruned:  0: (LOAD GOODS1 TRUCK1 MARKET1 LEVEL3 LEVEL4 LEVEL0 LEVEL1) [1]
Pruned:  0: (LOAD GOODS1 TRUCK1 MARKET1 LEVEL3 LEVEL4 LEVEL0 LEVEL1) [1]
Pruned:  0: (LOAD GOODS1 TRUCK1 MARKET1 LEVEL3 LEVEL4 LEVEL0 LEVEL1) [1]
Pruned:  0: (LOAD GOODS1 TRUCK1 MARKET1 LEVEL3 LEVEL4 LEVEL0 LEVEL1) [1]
Pruned:  0: (LOAD GOODS1 TRUCK1 MARKET1 LEVEL3 LEVEL4 LEVEL0 LEVEL1) [1]
Pruned:  0: (LOAD GOODS1 TRUCK1 MARKET1 LEVEL3 LEVEL4 LEVEL0 LEVEL1) [1]
Pruned:  0: (LOAD GOODS1 TRUCK1 MARKET1 LEVEL3 LEVEL4 LEVEL0 LEVEL1) [1]
Pruned:  0: (LOAD GOODS1 TRUCK1 MARKET1 LEVEL3 LEVEL4 LEVEL0 LEVEL1) [1]
Pruned:  0: (LOAD GOODS1 TRUCK1 MARKET1 LEVEL3 LEVEL4 LEVEL0 LEVEL1) [1]
Pruned:  0: (LOAD GOODS1 TRUCK1 MARKET1 LEVEL3 LEVEL4 LEVEL0 LEVEL1) [1]
Pruned:  0: (LOAD GOODS1 TRUCK1 MARKET1 LEVEL3 LEVEL4 LEVEL0 LEVEL1) [1]
Pruned:  0: (LOAD GOODS1 TRUCK1 MARKET1 LEVEL3 LEVEL4 LEVEL0 LEVEL1) [1]
Pruned:  0: (LOAD GOODS1 TRUCK1 MARKET1 LEVEL3 LEVEL4 LEVEL0 LEVEL1) [1]
Pruned:  0: (LOAD GOODS1 TRUCK1 MARKET1 LEVEL3 LEVEL4 LEVEL0 LEVEL1) [1]
Pruned:  0: (LOAD GOODS1 TRUCK1 MARKET1 LEVEL3 LEVEL4 LEVEL0 LEVEL1) [1]
Pruned:  0: (LOAD GOODS1 TRUCK1 MARKET1 LEVEL3 LEVEL4 LEVEL0 LEVEL1) [1]
Pruned:  0: (LOAD GOODS1 TRUCK1 MARKET1 LEVEL3 LEVEL4 LEVEL0 LEVEL1) [1]
Pruned:  0: (LOAD GOODS1 TRUCK1 MARKET1 LEVEL3 LEVEL4 LEVEL0 LEVEL1) [1]
Pruned:  0: (LOAD GOODS1 TRUCK1 MARKET1 LEVEL3 LEVEL4 LEVEL0 LEVEL1) [1]
Pruned:  0: (LOAD GOODS1 TRUCK1 MARKET1 LEVEL3 LEVEL4 LEVEL0 LEVEL1) [1]
Pruned:  0: (LOAD GOODS1 TRUCK1 MARKET1 LEVEL3 LEVEL4 LEVEL0 LEVEL1) [1]
Pruned:  0: (LOAD GOODS1 TRUCK1 MARKET1 LEVEL3 LEVEL4 LEVEL0 LEVEL1) [1]
Pruned:  0: (LOAD GOODS1 TRUCK1 MARKET1 LEVEL3 LEVEL4 LEVEL0 LEVEL1) [1]
Pruned:  0: (LOAD GOODS1 TRUCK1 MARKET1 LEVEL3 LEVEL4 LEVEL0 LEVEL1) [1]
Pruned:  0: (LOAD GOODS1 TRUCK1 MARKET1 LEVEL3 LEVEL4 LEVEL0 LEVEL1) [1]
Pruned:  0: (LOAD GOODS1 TRUCK1 MARKET1 LEVEL3 LEVEL4 LEVEL0 LEVEL1) [1]
Pruned:  0: (LOAD GOODS1 TRUCK1 MARKET1 LEVEL3 LEVEL4 LEVEL0 LEVEL1) [1]
Pruned:  0: (LOAD GOODS1 TRUCK1 MARKET1 LEVEL3 LEVEL4 LEVEL0 LEVEL1) [1]
Pruned:  0: (LOAD GOODS1 TRUCK1 MARKET1 LEVEL3 LEVEL4 LEVEL0 LEVEL1) [1]
Pruned:  0: (LOAD GOODS1 TRUCK1 MARKET1 LEVEL3 LEVEL4 LEVEL0 LEVEL1) [1]
Pruned:  0: (LOAD GOODS1 TRUCK1 MARKET1 LEVEL3 LEVEL4 LEVEL0 LEVEL1) [1]
Pruned:  0: (LOAD GOODS1 TRUCK1 MARKET1 LEVEL3 LEVEL4 LEVEL0 LEVEL1) [1]
Pruned:  0: (LOAD GOODS1 TRUCK1 MARKET1 LEVEL3 LEVEL4 LEVEL0 LEVEL1) [1]
Pruned:  0: (LOAD GOODS1 TRUCK1 MARKET1 LEVEL3 LEVEL4 LEVEL0 LEVEL1) [1]
Pruned:  0: (LOAD GOODS1 TRUCK1 MARKET1 LEVEL3 LEVEL4 LEVEL0 LEVEL1) [1]
Pruned:  0: (LOAD GOODS1 TRUCK1 MARKET1 LEVEL3 LEVEL4 LEVEL0 LEVEL1) [1]
Pruned:  0: (LOAD GOODS1 TRUCK1 MARKET1 LEVEL3 LEVEL4 LEVEL0 LEVEL1) [1]
Pruned:  0: (LOAD GOODS1 TRUCK1 MARKET1 LEVEL3 LEVEL4 LEVEL0 LEVEL1) [1]
Pruned:  0: (LOAD GOODS1 TRUCK1 MARKET1 LEVEL3 LEVEL4 LEVEL0 LEVEL1) [1]
Pruned:  0: (LOAD GOODS1 TRUCK1 MARKET1 LEVEL3 LEVEL4 LEVEL0 LEVEL1) [1]
Pruned:  0: (LOAD GOODS1 TRUCK1 MARKET1 LEVEL3 LEVEL4 LEVEL0 LEVEL1) [1]
Pruned:  0: (LOAD GOODS1 TRUCK1 MARKET1 LEVEL3 LEVEL4 LEVEL0 LEVEL1) [1]
Pruned:  0: (LOAD GOODS1 TRUCK1 MARKET1 LEVEL3 LEVEL4 LEVEL0 LEVEL1) [1]
Pruned:  0: (LOAD GOODS1 TRUCK1 MARKET1 LEVEL3 LEVEL4 LEVEL0 LEVEL1) [1]
Pruned:  0: (LOAD GOODS1 TRUCK1 MARKET1 LEVEL3 LEVEL4 LEVEL0 LEVEL1) [1]
Pruned:  0: (LOAD GOODS1 TRUCK1 MARKET1 LEVEL3 LEVEL4 LEVEL0 LEVEL1) [1]
Pruned:  0: (LOAD GOODS1 TRUCK1 MARKET1 LEVEL3 LEVEL4 LEVEL0 LEVEL1) [1]
Pruned:  0: (LOAD GOODS1 TRUCK1 MARKET1 LEVEL3 LEVEL4 LEVEL0 LEVEL1) [1]
Pruned:  0: (LOAD GOODS1 TRUCK1 MARKET1 LEVEL3 LEVEL4 LEVEL0 LEVEL1) [1]
Pruned:  0: (LOAD GOODS1 TRUCK1 MARKET1 LEVEL3 LEVEL4 LEVEL0 LEVEL1) [1]
Pruned:  0: (LOAD GOODS1 TRUCK1 MARKET1 LEVEL3 LEVEL4 LEVEL0 LEVEL1) [1]
Pruned:  0: (LOAD GOODS1 TRUCK1 MARKET1 LEVEL3 LEVEL4 LEVEL0 LEVEL1) [1]
Pruned:  0: (LOAD GOODS1 TRUCK1 MARKET1 LEVEL3 LEVEL4 LEVEL0 LEVEL1) [1]
Pruned:  0: (LOAD GOODS1 TRUCK1 MARKET1 LEVEL3 LEVEL4 LEVEL0 LEVEL1) [1]
Pruned:  0: (LOAD GOODS1 TRUCK1 MARKET1 LEVEL3 LEVEL4 LEVEL0 LEVEL1) [1]
Pruned:  0: (LOAD GOODS1 TRUCK1 MARKET1 LEVEL3 LEVEL4 LEVEL0 LEVEL1) [1]
Pruned:  0: (LOAD GOODS1 TRUCK1 MARKET1 LEVEL3 LEVEL4 LEVEL0 LEVEL1) [1]
Pruned:  0: (LOAD GOODS1 TRUCK1 MARKET1 LEVEL3 LEVEL4 LEVEL0 LEVEL1) [1]
Pruned:  0: (LOAD GOODS1 TRUCK1 MARKET1 LEVEL3 LEVEL4 LEVEL0 LEVEL1) [1]
Pruned:  0: (LOAD GOODS1 TRUCK1 MARKET1 LEVEL3 LEVEL4 LEVEL0 LEVEL1) [1]
Pruned:  0: (LOAD GOODS1 TRUCK1 MARKET1 LEVEL3 LEVEL4 LEVEL0 LEVEL1) [1]
Pruned:  0: (LOAD GOODS1 TRUCK1 MARKET1 LEVEL3 LEVEL4 LEVEL0 LEVEL1) [1]
Pruned:  0: (LOAD GOODS1 TRUCK1 MARKET1 LEVEL3 LEVEL4 LEVEL0 LEVEL1) [1]
Pruned:  0: (LOAD GOODS1 TRUCK1 MARKET1 LEVEL3 LEVEL4 LEVEL0 LEVEL1) [1]
Pruned:  0: (LOAD GOODS1 TRUCK1 MARKET1 LEVEL3 LEVEL4 LEVEL0 LEVEL1) [1]
Pruned:  0: (LOAD GOODS1 TRUCK1 MARKET1 LEVEL3 LEVEL4 LEVEL0 LEVEL1) [1]
Pruned:  0: (LOAD GOODS1 TRUCK1 MARKET1 LEVEL3 LEVEL4 LEVEL0 LEVEL1) [1]
Pruned:  0: (LOAD GOODS1 TRUCK1 MARKET1 LEVEL3 LEVEL4 LEVEL0 LEVEL1) [1]
Pruned:  0: (LOAD GOODS1 TRUCK1 MARKET1 LEVEL3 LEVEL4 LEVEL0 LEVEL1) [1]
Pruned:  0: (LOAD GOODS1 TRUCK1 MARKET1 LEVEL3 LEVEL4 LEVEL0 LEVEL1) [1]
Pruned:  0: (LOAD GOODS1 TRUCK1 MARKET1 LEVEL3 LEVEL4 LEVEL0 LEVEL1) [1]
Pruned:  0: (LOAD GOODS1 TRUCK1 MARKET1 LEVEL3 LEVEL4 LEVEL0 LEVEL1) [1]
Pruned:  0: (LOAD GOODS1 TRUCK1 MARKET1 LEVEL3 LEVEL4 LEVEL0 LEVEL1) [1]
Pruned:  0: (LOAD GOODS1 TRUCK1 MARKET1 LEVEL3 LEVEL4 LEVEL0 LEVEL1) [1]
Pruned:  0: (LOAD GOODS1 TRUCK1 MARKET1 LEVEL3 LEVEL4 LEVEL0 LEVEL1) [1]
Pruned:  0: (LOAD GOODS1 TRUCK1 MARKET1 LEVEL3 LEVEL4 LEVEL0 LEVEL1) [1]
Pruned:  0: (LOAD GOODS1 TRUCK1 MARKET1 LEVEL3 LEVEL4 LEVEL0 LEVEL1) [1]
Pruned:  0: (LOAD GOODS1 TRUCK1 MARKET1 LEVEL3 LEVEL4 LEVEL0 LEVEL1) [1]
Pruned:  0: (LOAD GOODS1 TRUCK1 MARKET1 LEVEL3 LEVEL4 LEVEL0 LEVEL1) [1]
Pruned:  0: (LOAD GOODS1 TRUCK1 MARKET1 LEVEL3 LEVEL4 LEVEL0 LEVEL1) [1]
Pruned:  0: (LOAD GOODS1 TRUCK1 MARKET1 LEVEL3 LEVEL4 LEVEL0 LEVEL1) [1]
Pruned:  0: (LOAD GOODS1 TRUCK1 MARKET1 LEVEL3 LEVEL4 LEVEL0 LEVEL1) [1]
Pruned:  0: (LOAD GOODS1 TRUCK1 MARKET1 LEVEL3 LEVEL4 LEVEL0 LEVEL1) [1]
Pruned:  0: (LOAD GOODS1 TRUCK1 MARKET1 LEVEL3 LEVEL4 LEVEL0 LEVEL1) [1]
Pruned:  0: (LOAD GOODS1 TRUCK1 MARKET1 LEVEL3 LEVEL4 LEVEL0 LEVEL1) [1]
Pruned:  0: (LOAD GOODS1 TRUCK1 MARKET1 LEVEL3 LEVEL4 LEVEL0 LEVEL1) [1]
Pruned:  0: (LOAD GOODS1 TRUCK1 MARKET1 LEVEL3 LEVEL4 LEVEL0 LEVEL1) [1]
Pruned:  0: (LOAD GOODS1 TRUCK1 MARKET1 LEVEL3 LEVEL4 LEVEL0 LEVEL1) [1]
Pruned:  0: (LOAD GOODS1 TRUCK1 MARKET1 LEVEL3 LEVEL4 LEVEL0 LEVEL1) [1]
Pruned:  0: (LOAD GOODS1 TRUCK1 MARKET1 LEVEL3 LEVEL4 LEVEL0 LEVEL1) [1]
Pruned:  0: (LOAD GOODS1 TRUCK1 MARKET1 LEVEL3 LEVEL4 LEVEL0 LEVEL1) [1]
Pruned:  0: (LOAD GOODS1 TRUCK1 MARKET1 LEVEL3 LEVEL4 LEVEL0 LEVEL1) [1]
Pruned:  0: (LOAD GOODS1 TRUCK1 MARKET1 LEVEL3 LEVEL4 LEVEL0 LEVEL1) [1]
Pruned:  0: (LOAD GOODS1 TRUCK1 MARKET1 LEVEL3 LEVEL4 LEVEL0 LEVEL1) [1]
Pruned:  0: (LOAD GOODS1 TRUCK1 MARKET1 LEVEL3 LEVEL4 LEVEL0 LEVEL1) [1]
Pruned:  0: (LOAD GOODS1 TRUCK1 MARKET1 LEVEL3 LEVEL4 LEVEL0 LEVEL1) [1]
Pruned:  0: (LOAD GOODS1 TRUCK1 MARKET1 LEVEL3 LEVEL4 LEVEL0 LEVEL1) [1]
Pruned:  0: (LOAD GOODS1 TRUCK1 MARKET1 LEVEL3 LEVEL4 LEVEL0 LEVEL1) [1]
Pruned:  0: (LOAD GOODS1 TRUCK1 MARKET1 LEVEL3 LEVEL4 LEVEL0 LEVEL1) [1]
Pruned:  0: (LOAD GOODS1 TRUCK1 MARKET1 LEVEL3 LEVEL4 LEVEL0 LEVEL1) [1]
Pruned:  0: (LOAD GOODS1 TRUCK1 MARKET1 LEVEL3 LEVEL4 LEVEL0 LEVEL1) [1]
Pruned:  0: (LOAD GOODS1 TRUCK1 MARKET1 LEVEL3 LEVEL4 LEVEL0 LEVEL1) [1]
Pruned:  0: (LOAD GOODS1 TRUCK1 MARKET1 LEVEL3 LEVEL4 LEVEL0 LEVEL1) [1]
Pruned:  0: (LOAD GOODS1 TRUCK1 MARKET1 LEVEL3 LEVEL4 LEVEL0 LEVEL1) [1]
Pruned:  0: (LOAD GOODS1 TRUCK1 MARKET1 LEVEL3 LEVEL4 LEVEL0 LEVEL1) [1]
Pruned:  0: (LOAD GOODS1 TRUCK1 MARKET1 LEVEL3 LEVEL4 LEVEL0 LEVEL1) [1]
Pruned:  0: (LOAD GOODS1 TRUCK1 MARKET1 LEVEL3 LEVEL4 LEVEL0 LEVEL1) [1]
Pruned:  0: (LOAD GOODS1 TRUCK1 MARKET1 LEVEL3 LEVEL4 LEVEL0 LEVEL1) [1]
Pruned:  0: (LOAD GOODS1 TRUCK1 MARKET1 LEVEL3 LEVEL4 LEVEL0 LEVEL1) [1]
Pruned:  0: (LOAD GOODS1 TRUCK1 MARKET1 LEVEL3 LEVEL4 LEVEL0 LEVEL1) [1]
Pruned:  0: (LOAD GOODS1 TRUCK1 MARKET1 LEVEL3 LEVEL4 LEVEL0 LEVEL1) [1]
Pruned:  0: (LOAD GOODS1 TRUCK1 MARKET1 LEVEL3 LEVEL4 LEVEL0 LEVEL1) [1]
Pruned:  0: (LOAD GOODS1 TRUCK1 MARKET1 LEVEL3 LEVEL4 LEVEL0 LEVEL1) [1]
Pruned:  0: (LOAD GOODS1 TRUCK1 MARKET1 LEVEL3 LEVEL4 LEVEL0 LEVEL1) [1]
Pruned:  0: (LOAD GOODS1 TRUCK1 MARKET1 LEVEL3 LEVEL4 LEVEL0 LEVEL1) [1]
Pruned:  0: (LOAD GOODS1 TRUCK1 MARKET1 LEVEL3 LEVEL4 LEVEL0 LEVEL1) [1]
Pruned:  0: (LOAD GOODS1 TRUCK1 MARKET1 LEVEL3 LEVEL4 LEVEL0 LEVEL1) [1]
Pruned:  0: (LOAD GOODS1 TRUCK1 MARKET1 LEVEL3 LEVEL4 LEVEL0 LEVEL1) [1]
Pruned:  0: (LOAD GOODS1 TRUCK1 MARKET1 LEVEL3 LEVEL4 LEVEL0 LEVEL1) [1]
Pruned:  0: (LOAD GOODS1 TRUCK1 MARKET1 LEVEL3 LEVEL4 LEVEL0 LEVEL1) [1]
Pruned:  0: (LOAD GOODS1 TRUCK1 MARKET1 LEVEL3 LEVEL4 LEVEL0 LEVEL1) [1]
Pruned:  0: (LOAD GOODS1 TRUCK1 MARKET1 LEVEL3 LEVEL4 LEVEL0 LEVEL1) [1]
Pruned:  0: (LOAD GOODS1 TRUCK1 MARKET1 LEVEL3 LEVEL4 LEVEL0 LEVEL1) [1]
Pruned:  0: (LOAD GOODS1 TRUCK1 MARKET1 LEVEL3 LEVEL4 LEVEL0 LEVEL1) [1]
Pruned:  0: (LOAD GOODS1 TRUCK1 MARKET1 LEVEL3 LEVEL4 LEVEL0 LEVEL1) [1]
Pruned:  0: (LOAD GOODS1 TRUCK1 MARKET1 LEVEL3 LEVEL4 LEVEL0 LEVEL1) [1]
Pruned:  0: (LOAD GOODS1 TRUCK1 MARKET1 LEVEL3 LEVEL4 LEVEL0 LEVEL1) [1]
Pruned:  0: (LOAD GOODS1 TRUCK1 MARKET1 LEVEL3 LEVEL4 LEVEL0 LEVEL1) [1]
Pruned:  0: (LOAD GOODS1 TRUCK1 MARKET1 LEVEL3 LEVEL4 LEVEL0 LEVEL1) [1]
Pruned:  0: (LOAD GOODS1 TRUCK1 MARKET1 LEVEL3 LEVEL4 LEVEL0 LEVEL1) [1]
Pruned:  0: (LOAD GOODS1 TRUCK1 MARKET1 LEVEL3 LEVEL4 LEVEL0 LEVEL1) [1]
Pruned:  0: (LOAD GOODS1 TRUCK1 MARKET1 LEVEL3 LEVEL4 LEVEL0 LEVEL1) [1]
Pruned:  0: (LOAD GOODS1 TRUCK1 MARKET1 LEVEL3 LEVEL4 LEVEL0 LEVEL1) [1]
Pruned:  0: (LOAD GOODS1 TRUCK1 MARKET1 LEVEL3 LEVEL4 LEVEL0 LEVEL1) [1]
Pruned:  0: (LOAD GOODS1 TRUCK1 MARKET1 LEVEL3 LEVEL4 LEVEL0 LEVEL1) [1]
Pruned:  0: (LOAD GOODS1 TRUCK1 MARKET1 LEVEL3 LEVEL4 LEVEL0 LEVEL1) [1]
Pruned:  0: (LOAD GOODS1 TRUCK1 MARKET1 LEVEL3 LEVEL4 LEVEL0 LEVEL1) [1]
Pruned:  0: (LOAD GOODS1 TRUCK1 MARKET1 LEVEL3 LEVEL4 LEVEL0 LEVEL1) [1]
Pruned:  0: (LOAD GOODS1 TRUCK1 MARKET1 LEVEL3 LEVEL4 LEVEL0 LEVEL1) [1]
Pruned:  0: (LOAD GOODS1 TRUCK1 MARKET1 LEVEL3 LEVEL4 LEVEL0 LEVEL1) [1]
Pruned:  0: (LOAD GOODS1 TRUCK1 MARKET1 LEVEL3 LEVEL4 LEVEL0 LEVEL1) [1]
Pruned:  0: (LOAD GOODS1 TRUCK1 MARKET1 LEVEL3 LEVEL4 LEVEL0 LEVEL1) [1]
Pruned:  0: (LOAD GOODS1 TRUCK1 MARKET1 LEVEL3 LEVEL4 LEVEL0 LEVEL1) [1]
Pruned:  0: (LOAD GOODS1 TRUCK1 MARKET1 LEVEL3 LEVEL4 LEVEL0 LEVEL1) [1]
Pruned:  0: (LOAD GOODS1 TRUCK1 MARKET1 LEVEL3 LEVEL4 LEVEL0 LEVEL1) [1]
Pruned:  0: (LOAD GOODS1 TRUCK1 MARKET1 LEVEL3 LEVEL4 LEVEL0 LEVEL1) [1]
Pruned:  0: (LOAD GOODS1 TRUCK1 MARKET1 LEVEL3 LEVEL4 LEVEL0 LEVEL1) [1]
Pruned:  0: (LOAD GOODS1 TRUCK1 MARKET1 LEVEL3 LEVEL4 LEVEL0 LEVEL1) [1]
Pruned:  0: (LOAD GOODS1 TRUCK1 MARKET1 LEVEL3 LEVEL4 LEVEL0 LEVEL1) [1]
Pruned:  0: (LOAD GOODS1 TRUCK1 MARKET1 LEVEL3 LEVEL4 LEVEL0 LEVEL1) [1]
Pruned:  0: (LOAD GOODS1 TRUCK1 MARKET1 LEVEL3 LEVEL4 LEVEL0 LEVEL1) [1]
Pruned:  0: (LOAD GOODS1 TRUCK1 MARKET1 LEVEL3 LEVEL4 LEVEL0 LEVEL1) [1]
Pruned:  0: (LOAD GOODS1 TRUCK1 MARKET1 LEVEL3 LEVEL4 LEVEL0 LEVEL1) [1]
Pruned:  0: (LOAD GOODS1 TRUCK1 MARKET1 LEVEL3 LEVEL4 LEVEL0 LEVEL1) [1]
Pruned:  0: (LOAD GOODS1 TRUCK1 MARKET1 LEVEL3 LEVEL4 LEVEL0 LEVEL1) [1]
Pruned:  0: (LOAD GOODS1 TRUCK1 MARKET1 LEVEL3 LEVEL4 LEVEL0 LEVEL1) [1]
Pruned:  0: (LOAD GOODS1 TRUCK1 MARKET1 LEVEL3 LEVEL4 LEVEL0 LEVEL1) [1]
Pruned:  0: (LOAD GOODS1 TRUCK1 MARKET1 LEVEL3 LEVEL4 LEVEL0 LEVEL1) [1]
Pruned:  0: (LOAD GOODS1 TRUCK1 MARKET1 LEVEL3 LEVEL4 LEVEL0 LEVEL1) [1]
Pruned:  0: (LOAD GOODS1 TRUCK1 MARKET1 LEVEL3 LEVEL4 LEVEL0 LEVEL1) [1]
Pruned:  0: (LOAD GOODS1 TRUCK1 MARKET1 LEVEL3 LEVEL4 LEVEL0 LEVEL1) [1]
Pruned:  0: (LOAD GOODS1 TRUCK1 MARKET1 LEVEL3 LEVEL4 LEVEL0 LEVEL1) [1]
Pruned:  0: (LOAD GOODS1 TRUCK1 MARKET1 LEVEL3 LEVEL4 LEVEL0 LEVEL1) [1]
Pruned:  0: (LOAD GOODS1 TRUCK1 MARKET1 LEVEL3 LEVEL4 LEVEL0 LEVEL1) [1]
Pruned:  0: (LOAD GOODS1 TRUCK1 MARKET1 LEVEL3 LEVEL4 LEVEL0 LEVEL1) [1]
Pruned:  0: (LOAD GOODS1 TRUCK1 MARKET1 LEVEL3 LEVEL4 LEVEL0 LEVEL1) [1]
Pruned:  0: (LOAD GOODS1 TRUCK1 MARKET1 LEVEL3 LEVEL4 LEVEL0 LEVEL1) [1]
Pruned:  0: (LOAD GOODS1 TRUCK1 MARKET1 LEVEL3 LEVEL4 LEVEL0 LEVEL1) [1]
Pruned:  0: (LOAD GOODS1 TRUCK1 MARKET1 LEVEL3 LEVEL4 LEVEL0 LEVEL1) [1]
Pruned:  0: (LOAD GOODS1 TRUCK1 MARKET1 LEVEL3 LEVEL4 LEVEL0 LEVEL1) [1]
Pruned:  0: (LOAD GOODS1 TRUCK1 MARKET1 LEVEL3 LEVEL4 LEVEL0 LEVEL1) [1]
Pruned:  0: (LOAD GOODS1 TRUCK1 MARKET1 LEVEL3 LEVEL4 LEVEL0 LEVEL1) [1]
Pruned:  0: (LOAD GOODS1 TRUCK1 MARKET1 LEVEL3 LEVEL4 LEVEL0 LEVEL1) [1]
Pruned:  0: (LOAD GOODS1 TRUCK1 MARKET1 LEVEL3 LEVEL4 LEVEL0 LEVEL1) [1]
Pruned:  0: (LOAD GOODS1 TRUCK1 MARKET1 LEVEL3 LEVEL4 LEVEL0 LEVEL1) [1]
Pruned:  0: (LOAD GOODS1 TRUCK1 MARKET1 LEVEL3 LEVEL4 LEVEL0 LEVEL1) [1]
Pruned:  0: (LOAD GOODS1 TRUCK1 MARKET1 LEVEL3 LEVEL4 LEVEL0 LEVEL1) [1]
Pruned:  0: (LOAD GOODS1 TRUCK1 MARKET1 LEVEL3 LEVEL4 LEVEL0 LEVEL1) [1]
Pruned:  0: (LOAD GOODS1 TRUCK1 MARKET1 LEVEL3 LEVEL4 LEVEL0 LEVEL1) [1]
Pruned:  0: (LOAD GOODS1 TRUCK1 MARKET1 LEVEL3 LEVEL4 LEVEL0 LEVEL1) [1]
Pruned:  0: (LOAD GOODS1 TRUCK1 MARKET1 LEVEL3 LEVEL4 LEVEL0 LEVEL1) [1]
Pruned:  0: (LOAD GOODS1 TRUCK1 MARKET1 LEVEL3 LEVEL4 LEVEL0 LEVEL1) [1]
Pruned:  0: (LOAD GOODS1 TRUCK1 MARKET1 LEVEL3 LEVEL4 LEVEL0 LEVEL1) [1]
Pruned:  0: (LOAD GOODS1 TRUCK1 MARKET1 LEVEL3 LEVEL4 LEVEL0 LEVEL1) [1]
Pruned:  0: (LOAD GOODS1 TRUCK1 MARKET1 LEVEL3 LEVEL4 LEVEL0 LEVEL1) [1]
Pruned:  0: (LOAD GOODS1 TRUCK1 MARKET1 LEVEL3 LEVEL4 LEVEL0 LEVEL1) [1]
Pruned:  0: (LOAD GOODS1 TRUCK1 MARKET1 LEVEL3 LEVEL4 LEVEL0 LEVEL1) [1]
Pruned:  0: (LOAD GOODS1 TRUCK1 MARKET1 LEVEL3 LEVEL4 LEVEL0 LEVEL1) [1]
Pruned:  0: (LOAD GOODS1 TRUCK1 MARKET1 LEVEL3 LEVEL4 LEVEL0 LEVEL1) [1]
Pruned:  0: (LOAD GOODS1 TRUCK1 MARKET1 LEVEL3 LEVEL4 LEVEL0 LEVEL1) [1]
Pruned:  0: (LOAD GOODS1 TRUCK1 MARKET1 LEVEL3 LEVEL4 LEVEL0 LEVEL1) [1]
Pruned:  0: (LOAD GOODS1 TRUCK1 MARKET1 LEVEL3 LEVEL4 LEVEL0 LEVEL1) [1]
Pruned:  0: (LOAD GOODS1 TRUCK1 MARKET1 LEVEL3 LEVEL4 LEVEL0 LEVEL1) [1]
Pruned:  0: (LOAD GOODS1 TRUCK1 MARKET1 LEVEL3 LEVEL4 LEVEL0 LEVEL1) [1]
Pruned:  0: (LOAD GOODS1 TRUCK1 MARKET1 LEVEL3 LEVEL4 LEVEL0 LEVEL1) [1]
Pruned:  0: (LOAD GOODS1 TRUCK1 MARKET1 LEVEL3 LEVEL4 LEVEL0 LEVEL1) [1]
Pruned:  0: (LOAD GOODS1 TRUCK1 MARKET1 LEVEL3 LEVEL4 LEVEL0 LEVEL1) [1]
Pruned:  0: (LOAD GOODS1 TRUCK1 MARKET1 LEVEL3 LEVEL4 LEVEL0 LEVEL1) [1]
Pruned:  0: (LOAD GOODS1 TRUCK1 MARKET1 LEVEL3 LEVEL4 LEVEL0 LEVEL1) [1]
Pruned:  0: (LOAD GOODS1 TRUCK1 MARKET1 LEVEL3 LEVEL4 LEVEL0 LEVEL1) [1]
Pruned:  0: (LOAD GOODS1 TRUCK1 MARKET1 LEVEL3 LEVEL4 LEVEL0 LEVEL1) [1]
Pruned:  0: (LOAD GOODS1 TRUCK1 MARKET1 LEVEL3 LEVEL4 LEVEL0 LEVEL1) [1]
Pruned:  0: (LOAD GOODS1 TRUCK1 MARKET1 LEVEL3 LEVEL4 LEVEL0 LEVEL1) [1]
Pruned:  0: (LOAD GOODS1 TRUCK1 MARKET1 LEVEL3 LEVEL4 LEVEL0 LEVEL1) [1]
Pruned:  0: (LOAD GOODS1 TRUCK1 MARKET1 LEVEL3 LEVEL4 LEVEL0 LEVEL1) [1]
Pruned:  0: (LOAD GOODS1 TRUCK1 MARKET1 LEVEL3 LEVEL4 LEVEL0 LEVEL1) [1]
Pruned:  0: (LOAD GOODS1 TRUCK1 MARKET1 LEVEL3 LEVEL4 LEVEL0 LEVEL1) [1]
Pruned:  0: (LOAD GOODS1 TRUCK1 MARKET1 LEVEL3 LEVEL4 LEVEL0 LEVEL1) [1]
Pruned:  0: (LOAD GOODS1 TRUCK1 MARKET1 LEVEL3 LEVEL4 LEVEL0 LEVEL1) [1]
Pruned:  0: (LOAD GOODS1 TRUCK1 MARKET1 LEVEL3 LEVEL4 LEVEL0 LEVEL1) [1]
Pruned:  0: (LOAD GOODS1 TRUCK1 MARKET1 LEVEL3 LEVEL4 LEVEL0 LEVEL1) [1]
Pruned:  0: (LOAD GOODS1 TRUCK1 MARKET1 LEVEL3 LEVEL4 LEVEL0 LEVEL1) [1]
Pruned:  0: (LOAD GOODS1 TRUCK1 MARKET1 LEVEL3 LEVEL4 LEVEL0 LEVEL1) [1]
Pruned:  0: (LOAD GOODS1 TRUCK1 MARKET1 LEVEL3 LEVEL4 LEVEL0 LEVEL1) [1]
Pruned:  0: (LOAD GOODS1 TRUCK1 MARKET1 LEVEL3 LEVEL4 LEVEL0 LEVEL1) [1]
Pruned:  0: (LOAD GOODS1 TRUCK1 MARKET1 LEVEL3 LEVEL4 LEVEL0 LEVEL1) [1]
Pruned:  0: (LOAD GOODS1 TRUCK1 MARKET1 LEVEL3 LEVEL4 LEVEL0 LEVEL1) [1]
Pruned:  0: (LOAD GOODS1 TRUCK1 MARKET1 LEVEL3 LEVEL4 LEVEL0 LEVEL1) [1]
Pruned:  0: (LOAD GOODS1 TRUCK1 MARKET1 LEVEL3 LEVEL4 LEVEL0 LEVEL1) [1]
Pruned:  0: (LOAD GOODS1 TRUCK1 MARKET1 LEVEL3 LEVEL4 LEVEL0 LEVEL1) [1]
Pruned:  0: (LOAD GOODS1 TRUCK1 MARKET1 LEVEL3 LEVEL4 LEVEL0 LEVEL1) [1]
Pruned:  0: (LOAD GOODS1 TRUCK1 MARKET1 LEVEL3 LEVEL4 LEVEL0 LEVEL1) [1]
Pruned:  0: (LOAD GOODS1 TRUCK1 MARKET1 LEVEL3 LEVEL4 LEVEL0 LEVEL1) [1]
Pruned:  0: (LOAD GOODS1 TRUCK1 MARKET1 LEVEL3 LEVEL4 LEVEL0 LEVEL1) [1]
Pruned:  0: (LOAD GOODS1 TRUCK1 MARKET1 LEVEL3 LEVEL4 LEVEL0 LEVEL1) [1]
Pruned:  0: (LOAD GOODS1 TRUCK1 MARKET1 LEVEL3 LEVEL4 LEVEL0 LEVEL1) [1]
Pruned:  0: (LOAD GOODS1 TRUCK1 MARKET1 LEVEL3 LEVEL4 LEVEL0 LEVEL1) [1]
Pruned:  0: (LOAD GOODS1 TRUCK1 MARKET1 LEVEL3 LEVEL4 LEVEL0 LEVEL1) [1]
Pruned:  0: (LOAD GOODS1 TRUCK1 MARKET1 LEVEL3 LEVEL4 LEVEL0 LEVEL1) [1]
Pruned:  0: (LOAD GOODS1 TRUCK1 MARKET1 LEVEL3 LEVEL4 LEVEL0 LEVEL1) [1]
Pruned:  0: (LOAD GOODS1 TRUCK1 MARKET1 LEVEL3 LEVEL4 LEVEL0 LEVEL1) [1]
Pruned:  0: (LOAD GOODS1 TRUCK1 MARKET1 LEVEL3 LEVEL4 LEVEL0 LEVEL1) [1]
Pruned:  0: (LOAD GOODS1 TRUCK1 MARKET1 LEVEL3 LEVEL4 LEVEL0 LEVEL1) [1]
Pruned:  0: (LOAD GOODS1 TRUCK1 MARKET1 LEVEL3 LEVEL4 LEVEL0 LEVEL1) [1]
Pruned:  0: (LOAD GOODS1 TRUCK1 MARKET1 LEVEL3 LEVEL4 LEVEL0 LEVEL1) [1]
Pruned:  0: (LOAD GOODS1 TRUCK1 MARKET1 LEVEL3 LEVEL4 LEVEL0 LEVEL1) [1]
Pruned:  0: (LOAD GOODS1 TRUCK1 MARKET1 LEVEL3 LEVEL4 LEVEL0 LEVEL1) [1]
Pruned:  0: (LOAD GOODS1 TRUCK1 MARKET1 LEVEL3 LEVEL4 LEVEL0 LEVEL1) [1]
Pruned:  0: (LOAD GOODS1 TRUCK1 MARKET1 LEVEL3 LEVEL4 LEVEL0 LEVEL1) [1]
Pruned:  0: (LOAD GOODS1 TRUCK1 MARKET1 LEVEL3 LEVEL4 LEVEL0 LEVEL1) [1]
Pruned:  0: (LOAD GOODS1 TRUCK1 MARKET1 LEVEL3 LEVEL4 LEVEL0 LEVEL1) [1]
Pruned:  0: (LOAD GOODS1 TRUCK1 MARKET1 LEVEL3 LEVEL4 LEVEL0 LEVEL1) [1]
Pruned:  0: (LOAD GOODS1 TRUCK1 MARKET1 LEVEL3 LEVEL4 LEVEL0 LEVEL1) [1]
Pruned:  0: (LOAD GOODS1 TRUCK1 MARKET1 LEVEL3 LEVEL4 LEVEL0 LEVEL1) [1]
Pruned:  0: (LOAD GOODS1 TRUCK1 MARKET1 LEVEL3 LEVEL4 LEVEL0 LEVEL1) [1]
Pruned:  0: (LOAD GOODS1 TRUCK1 MARKET1 LEVEL3 LEVEL4 LEVEL0 LEVEL1) [1]
Pruned:  0: (LOAD GOODS1 TRUCK1 MARKET1 LEVEL3 LEVEL4 LEVEL0 LEVEL1) [1]
Pruned:  0: (LOAD GOODS1 TRUCK1 MARKET1 LEVEL3 LEVEL4 LEVEL0 LEVEL1) [1]
Pruned:  0: (LOAD GOODS1 TRUCK1 MARKET1 LEVEL3 LEVEL4 LEVEL0 LEVEL1) [1]
Pruned:  0: (LOAD GOODS1 TRUCK1 MARKET1 LEVEL3 LEVEL4 LEVEL0 LEVEL1) [1]
Pruned:  0: (LOAD GOODS1 TRUCK1 MARKET1 LEVEL3 LEVEL4 LEVEL0 LEVEL1) [1]
Pruned:  2: (BUY TRUCK4 GOODS2 MARKET4 LEVEL1 LEVEL2 LEVEL0 LEVEL1) [1]
Pruned:  3: (BUY TRUCK2 GOODS1 MARKET1 LEVEL0 LEVEL1 LEVEL0 LEVEL1) [1]
Pruned:  3: (BUY TRUCK4 GOODS2 MARKET4 LEVEL0 LEVEL1 LEVEL1 LEVEL2) [1]
Pruned:  3: (BUY TRUCK2 GOODS5 MARKET1 LEVEL1 LEVEL2 LEVEL0 LEVEL1) [1]
Pruned:  3: (BUY TRUCK2 GOODS12 MARKET1 LEVEL1 LEVEL2 LEVEL0 LEVEL1) [1]
Pruned:  4: (LOAD GOODS1 TRUCK2 MARKET1 LEVEL0 LEVEL1 LEVEL0 LEVEL1) [1]
Pruned:  4: (LOAD GOODS5 TRUCK2 MARKET1 LEVEL0 LEVEL1 LEVEL0 LEVEL1) [1]
Pruned:  4: (BUY TRUCK1 GOODS10 MARKET3 LEVEL0 LEVEL1 LEVEL0 LEVEL1) [1]
Pruned:  4: (BUY TRUCK2 GOODS12 MARKET1 LEVEL0 LEVEL1 LEVEL1 LEVEL2) [1]
---SatPlan Version: 1.1
***SAT!***

Solved in 10 layers

Real Time: = 11.78
User Time: = 11.3
Syst Time: = 0.44

__MEMKB 73600
