---SatPlan Version: 1.1

bb: parsing domain file
domain 'TPP-PROPOSITIONAL' defined
 ... done.
bb: parsing problem file
problem 'TPP' defined
 ... done.


time:   0,   145 facts and       0 exclusive pairs
             151 ops   and       6 exclusive pairs
time:   1,   151 facts and       6 exclusive pairs

creating thin gp-based encoding...
plan graph layer 0...
plan graph layer 1...
goal constraints...

goal fact not coded - level too low??


bb: parsing domain file
domain 'TPP-PROPOSITIONAL' defined
 ... done.
bb: parsing problem file
problem 'TPP' defined
 ... done.


time:   0,   145 facts and       0 exclusive pairs
             151 ops   and       6 exclusive pairs
time:   1,   151 facts and       6 exclusive pairs
             203 ops   and     337 exclusive pairs
time:   2,   188 facts and     161 exclusive pairs

creating thin gp-based encoding...
plan graph layer 0...
plan graph layer 1...
plan graph layer 2...
goal constraints...

goal fact not coded - level too low??


bb: parsing domain file
domain 'TPP-PROPOSITIONAL' defined
 ... done.
bb: parsing problem file
problem 'TPP' defined
 ... done.


time:   0,   145 facts and       0 exclusive pairs
             151 ops   and       6 exclusive pairs
time:   1,   151 facts and       6 exclusive pairs
             203 ops   and     337 exclusive pairs
time:   2,   188 facts and     161 exclusive pairs
             351 ops   and    4076 exclusive pairs
time:   3,   270 facts and    1822 exclusive pairs

creating thin gp-based encoding...
plan graph layer 0...
plan graph layer 1...
plan graph layer 2...
plan graph layer 3...
goal constraints...

goal fact not coded - level too low??


bb: parsing domain file
domain 'TPP-PROPOSITIONAL' defined
 ... done.
bb: parsing problem file
problem 'TPP' defined
 ... done.


time:   0,   145 facts and       0 exclusive pairs
             151 ops   and       6 exclusive pairs
time:   1,   151 facts and       6 exclusive pairs
             203 ops   and     337 exclusive pairs
time:   2,   188 facts and     161 exclusive pairs
             351 ops   and    4076 exclusive pairs
time:   3,   270 facts and    1822 exclusive pairs
             821 ops   and   60052 exclusive pairs
time:   4,   357 facts and    2039 exclusive pairs

creating thin gp-based encoding...
plan graph layer 0...
plan graph layer 1...
plan graph layer 2...
plan graph layer 3...
plan graph layer 4...
goal constraints...

goal fact not coded - level too low??


bb: parsing domain file
domain 'TPP-PROPOSITIONAL' defined
 ... done.
bb: parsing problem file
problem 'TPP' defined
 ... done.


time:   0,   145 facts and       0 exclusive pairs
             151 ops   and       6 exclusive pairs
time:   1,   151 facts and       6 exclusive pairs
             203 ops   and     337 exclusive pairs
time:   2,   188 facts and     161 exclusive pairs
             351 ops   and    4076 exclusive pairs
time:   3,   270 facts and    1822 exclusive pairs
             821 ops   and   60052 exclusive pairs
time:   4,   357 facts and    2039 exclusive pairs
            1424 ops   and  141664 exclusive pairs
time:   5,   424 facts and    1412 exclusive pairs

creating thin gp-based encoding...
plan graph layer 0...
plan graph layer 1...
plan graph layer 2...
plan graph layer 3...
plan graph layer 4...
plan graph layer 5...
goal constraints...

goal fact not coded - level too low??


bb: parsing domain file
domain 'TPP-PROPOSITIONAL' defined
 ... done.
bb: parsing problem file
problem 'TPP' defined
 ... done.


time:   0,   145 facts and       0 exclusive pairs
             151 ops   and       6 exclusive pairs
time:   1,   151 facts and       6 exclusive pairs
             203 ops   and     337 exclusive pairs
time:   2,   188 facts and     161 exclusive pairs
             351 ops   and    4076 exclusive pairs
time:   3,   270 facts and    1822 exclusive pairs
             821 ops   and   60052 exclusive pairs
time:   4,   357 facts and    2039 exclusive pairs
            1424 ops   and  141664 exclusive pairs
time:   5,   424 facts and    1412 exclusive pairs
            1909 ops   and  218788 exclusive pairs
time:   6,   495 facts and    1561 exclusive pairs

creating thin gp-based encoding...
plan graph layer 0...
plan graph layer 1...
plan graph layer 2...
plan graph layer 3...
plan graph layer 4...
plan graph layer 5...
plan graph layer 6...
goal constraints...

goal fact not coded - level too low??


bb: parsing domain file
domain 'TPP-PROPOSITIONAL' defined
 ... done.
bb: parsing problem file
problem 'TPP' defined
 ... done.


time:   0,   145 facts and       0 exclusive pairs
             151 ops   and       6 exclusive pairs
time:   1,   151 facts and       6 exclusive pairs
             203 ops   and     337 exclusive pairs
time:   2,   188 facts and     161 exclusive pairs
             351 ops   and    4076 exclusive pairs
time:   3,   270 facts and    1822 exclusive pairs
             821 ops   and   60052 exclusive pairs
time:   4,   357 facts and    2039 exclusive pairs
            1424 ops   and  141664 exclusive pairs
time:   5,   424 facts and    1412 exclusive pairs
            1909 ops   and  218788 exclusive pairs
time:   6,   495 facts and    1561 exclusive pairs
            2679 ops   and  466334 exclusive pairs
time:   7,   572 facts and    1866 exclusive pairs

creating thin gp-based encoding...
plan graph layer 0...
plan graph layer 1...
plan graph layer 2...
plan graph layer 3...
plan graph layer 4...
plan graph layer 5...
plan graph layer 6...
plan graph layer 7...
goal constraints...

goal fact not coded - level too low??


bb: parsing domain file
domain 'TPP-PROPOSITIONAL' defined
 ... done.
bb: parsing problem file
problem 'TPP' defined
 ... done.


time:   0,   145 facts and       0 exclusive pairs
             151 ops   and       6 exclusive pairs
time:   1,   151 facts and       6 exclusive pairs
             203 ops   and     337 exclusive pairs
time:   2,   188 facts and     161 exclusive pairs
             351 ops   and    4076 exclusive pairs
time:   3,   270 facts and    1822 exclusive pairs
             821 ops   and   60052 exclusive pairs
time:   4,   357 facts and    2039 exclusive pairs
            1424 ops   and  141664 exclusive pairs
time:   5,   424 facts and    1412 exclusive pairs
            1909 ops   and  218788 exclusive pairs
time:   6,   495 facts and    1561 exclusive pairs
            2679 ops   and  466334 exclusive pairs
time:   7,   572 facts and    1866 exclusive pairs
            3872 ops   and 1058677 exclusive pairs
time:   8,   649 facts and    2234 exclusive pairs

creating thin gp-based encoding...
plan graph layer 0...
plan graph layer 1...
plan graph layer 2...
plan graph layer 3...
plan graph layer 4...
plan graph layer 5...
plan graph layer 6...
plan graph layer 7...
plan graph layer 8...
goal constraints...

goal fact not coded - level too low??


bb: parsing domain file
domain 'TPP-PROPOSITIONAL' defined
 ... done.
bb: parsing problem file
problem 'TPP' defined
 ... done.


time:   0,   145 facts and       0 exclusive pairs
             151 ops   and       6 exclusive pairs
time:   1,   151 facts and       6 exclusive pairs
             203 ops   and     337 exclusive pairs
time:   2,   188 facts and     161 exclusive pairs
             351 ops   and    4076 exclusive pairs
time:   3,   270 facts and    1822 exclusive pairs
             821 ops   and   60052 exclusive pairs
time:   4,   357 facts and    2039 exclusive pairs
            1424 ops   and  141664 exclusive pairs
time:   5,   424 facts and    1412 exclusive pairs
            1909 ops   and  218788 exclusive pairs
time:   6,   495 facts and    1561 exclusive pairs
            2679 ops   and  466334 exclusive pairs
time:   7,   572 facts and    1866 exclusive pairs
            3872 ops   and 1058677 exclusive pairs
time:   8,   649 facts and    2234 exclusive pairs
            5219 ops   and 2047961 exclusive pairs
time:   9,   666 facts and    1839 exclusive pairs

creating thin gp-based encoding...
plan graph layer 0...
plan graph layer 1...
plan graph layer 2...
plan graph layer 3...
plan graph layer 4...
plan graph layer 5...
plan graph layer 6...
plan graph layer 7...
plan graph layer 8...
plan graph layer 9...
goal constraints...

goal fact not coded - level too low??


bb: parsing domain file
domain 'TPP-PROPOSITIONAL' defined
 ... done.
bb: parsing problem file
problem 'TPP' defined
 ... done.


time:   0,   145 facts and       0 exclusive pairs
             151 ops   and       6 exclusive pairs
time:   1,   151 facts and       6 exclusive pairs
             203 ops   and     337 exclusive pairs
time:   2,   188 facts and     161 exclusive pairs
             351 ops   and    4076 exclusive pairs
time:   3,   270 facts and    1822 exclusive pairs
             821 ops   and   60052 exclusive pairs
time:   4,   357 facts and    2039 exclusive pairs
            1424 ops   and  141664 exclusive pairs
time:   5,   424 facts and    1412 exclusive pairs
            1909 ops   and  218788 exclusive pairs
time:   6,   495 facts and    1561 exclusive pairs
            2679 ops   and  466334 exclusive pairs
time:   7,   572 facts and    1866 exclusive pairs
            3872 ops   and 1058677 exclusive pairs
time:   8,   649 facts and    2234 exclusive pairs
            5219 ops   and 2047961 exclusive pairs
time:   9,   666 facts and    1839 exclusive pairs
            6390 ops   and 3068661 exclusive pairs
time:  10,   671 facts and    1613 exclusive pairs

creating thin gp-based encoding...
plan graph layer 0...
plan graph layer 1...
plan graph layer 2...
plan graph layer 3...
plan graph layer 4...
plan graph layer 5...
plan graph layer 6...
plan graph layer 7...
plan graph layer 8...
plan graph layer 9...
plan graph layer 10...
goal constraints...

goal fact not coded - level too low??


bb: parsing domain file
domain 'TPP-PROPOSITIONAL' defined
 ... done.
bb: parsing problem file
problem 'TPP' defined
 ... done.


time:   0,   145 facts and       0 exclusive pairs
             151 ops   and       6 exclusive pairs
time:   1,   151 facts and       6 exclusive pairs
             203 ops   and     337 exclusive pairs
time:   2,   188 facts and     161 exclusive pairs
             351 ops   and    4076 exclusive pairs
time:   3,   270 facts and    1822 exclusive pairs
             821 ops   and   60052 exclusive pairs
time:   4,   357 facts and    2039 exclusive pairs
            1424 ops   and  141664 exclusive pairs
time:   5,   424 facts and    1412 exclusive pairs
            1909 ops   and  218788 exclusive pairs
time:   6,   495 facts and    1561 exclusive pairs
            2679 ops   and  466334 exclusive pairs
time:   7,   572 facts and    1866 exclusive pairs
            3872 ops   and 1058677 exclusive pairs
time:   8,   649 facts and    2234 exclusive pairs
            5219 ops   and 2047961 exclusive pairs
time:   9,   666 facts and    1839 exclusive pairs
            6390 ops   and 3068661 exclusive pairs
time:  10,   671 facts and    1613 exclusive pairs
            7355 ops   and 4135001 exclusive pairs
time:  11,   676 facts and    1584 exclusive pairs

creating thin gp-based encoding...
plan graph layer 0...
plan graph layer 1...
plan graph layer 2...
plan graph layer 3...
plan graph layer 4...
plan graph layer 5...
plan graph layer 6...
plan graph layer 7...
plan graph layer 8...
plan graph layer 9...
plan graph layer 10...
plan graph layer 11...
goal constraints...
exclusion constraints layer 0...
exclusion constraints layer 1...
exclusion constraints layer 2...
exclusion constraints layer 3...
exclusion constraints layer 4...
exclusion constraints layer 5...
exclusion constraints layer 6...
exclusion constraints layer 7...
exclusion constraints layer 8...
exclusion constraints layer 9...
exclusion constraints layer 10...
exclusion constraints layer 11...

DECISION LAYER 11, WRITING THIN GP-BASED ENCODING WITH 35638 VARS, 1907153 CLAUSES.

time spent:    0.00 seconds instantiating 24882 action templates
               0.01 seconds reachability analysis, yielding 852 facts and 11202 actions
               0.00 seconds collecting 782 relevant facts
               0.01 seconds building connectivity graph
               0.00 seconds building (std) graph
               5.91 seconds CNF output time
               5.93 seconds total planner time (solving not included)


***Solving***


[ filemap ]
[ extract ]

variables : 35638
pure lits : 810

1-clauses : 11
2-clauses : 1903041
3-clauses : 274
n-clauses : 3827
discarded : 0

[ solve ]

