---SatPlan Version: 1.1

bb: parsing domain file
domain 'TPP-PROPOSITIONAL' defined
 ... done.
bb: parsing problem file
problem 'TPP' defined
 ... done.


time:   0,   158 facts and       0 exclusive pairs
             164 ops   and       6 exclusive pairs
time:   1,   164 facts and       6 exclusive pairs

creating thin gp-based encoding...
plan graph layer 0...
plan graph layer 1...
goal constraints...

goal fact not coded - level too low??


bb: parsing domain file
domain 'TPP-PROPOSITIONAL' defined
 ... done.
bb: parsing problem file
problem 'TPP' defined
 ... done.


time:   0,   158 facts and       0 exclusive pairs
             164 ops   and       6 exclusive pairs
time:   1,   164 facts and       6 exclusive pairs
             218 ops   and     378 exclusive pairs
time:   2,   190 facts and      76 exclusive pairs

creating thin gp-based encoding...
plan graph layer 0...
plan graph layer 1...
plan graph layer 2...
goal constraints...

goal fact not coded - level too low??


bb: parsing domain file
domain 'TPP-PROPOSITIONAL' defined
 ... done.
bb: parsing problem file
problem 'TPP' defined
 ... done.


time:   0,   158 facts and       0 exclusive pairs
             164 ops   and       6 exclusive pairs
time:   1,   164 facts and       6 exclusive pairs
             218 ops   and     378 exclusive pairs
time:   2,   190 facts and      76 exclusive pairs
             340 ops   and    2992 exclusive pairs
time:   3,   238 facts and     454 exclusive pairs

creating thin gp-based encoding...
plan graph layer 0...
plan graph layer 1...
plan graph layer 2...
plan graph layer 3...
goal constraints...

goal fact not coded - level too low??


bb: parsing domain file
domain 'TPP-PROPOSITIONAL' defined
 ... done.
bb: parsing problem file
problem 'TPP' defined
 ... done.


time:   0,   158 facts and       0 exclusive pairs
             164 ops   and       6 exclusive pairs
time:   1,   164 facts and       6 exclusive pairs
             218 ops   and     378 exclusive pairs
time:   2,   190 facts and      76 exclusive pairs
             340 ops   and    2992 exclusive pairs
time:   3,   238 facts and     454 exclusive pairs
             604 ops   and   16402 exclusive pairs
time:   4,   322 facts and    1159 exclusive pairs

creating thin gp-based encoding...
plan graph layer 0...
plan graph layer 1...
plan graph layer 2...
plan graph layer 3...
plan graph layer 4...
goal constraints...

goal fact not coded - level too low??


bb: parsing domain file
domain 'TPP-PROPOSITIONAL' defined
 ... done.
bb: parsing problem file
problem 'TPP' defined
 ... done.


time:   0,   158 facts and       0 exclusive pairs
             164 ops   and       6 exclusive pairs
time:   1,   164 facts and       6 exclusive pairs
             218 ops   and     378 exclusive pairs
time:   2,   190 facts and      76 exclusive pairs
             340 ops   and    2992 exclusive pairs
time:   3,   238 facts and     454 exclusive pairs
             604 ops   and   16402 exclusive pairs
time:   4,   322 facts and    1159 exclusive pairs
            1018 ops   and   55213 exclusive pairs
time:   5,   388 facts and    1047 exclusive pairs

creating thin gp-based encoding...
plan graph layer 0...
plan graph layer 1...
plan graph layer 2...
plan graph layer 3...
plan graph layer 4...
plan graph layer 5...
goal constraints...

goal fact not coded - level too low??


bb: parsing domain file
domain 'TPP-PROPOSITIONAL' defined
 ... done.
bb: parsing problem file
problem 'TPP' defined
 ... done.


time:   0,   158 facts and       0 exclusive pairs
             164 ops   and       6 exclusive pairs
time:   1,   164 facts and       6 exclusive pairs
             218 ops   and     378 exclusive pairs
time:   2,   190 facts and      76 exclusive pairs
             340 ops   and    2992 exclusive pairs
time:   3,   238 facts and     454 exclusive pairs
             604 ops   and   16402 exclusive pairs
time:   4,   322 facts and    1159 exclusive pairs
            1018 ops   and   55213 exclusive pairs
time:   5,   388 facts and    1047 exclusive pairs
            1582 ops   and  137094 exclusive pairs
time:   6,   460 facts and    1161 exclusive pairs

creating thin gp-based encoding...
plan graph layer 0...
plan graph layer 1...
plan graph layer 2...
plan graph layer 3...
plan graph layer 4...
plan graph layer 5...
plan graph layer 6...
goal constraints...

goal fact not coded - level too low??


bb: parsing domain file
domain 'TPP-PROPOSITIONAL' defined
 ... done.
bb: parsing problem file
problem 'TPP' defined
 ... done.


time:   0,   158 facts and       0 exclusive pairs
             164 ops   and       6 exclusive pairs
time:   1,   164 facts and       6 exclusive pairs
             218 ops   and     378 exclusive pairs
time:   2,   190 facts and      76 exclusive pairs
             340 ops   and    2992 exclusive pairs
time:   3,   238 facts and     454 exclusive pairs
             604 ops   and   16402 exclusive pairs
time:   4,   322 facts and    1159 exclusive pairs
            1018 ops   and   55213 exclusive pairs
time:   5,   388 facts and    1047 exclusive pairs
            1582 ops   and  137094 exclusive pairs
time:   6,   460 facts and    1161 exclusive pairs
            2284 ops   and  312687 exclusive pairs
time:   7,   543 facts and    1554 exclusive pairs

creating thin gp-based encoding...
plan graph layer 0...
plan graph layer 1...
plan graph layer 2...
plan graph layer 3...
plan graph layer 4...
plan graph layer 5...
plan graph layer 6...
plan graph layer 7...
goal constraints...

goal fact not coded - level too low??


bb: parsing domain file
domain 'TPP-PROPOSITIONAL' defined
 ... done.
bb: parsing problem file
problem 'TPP' defined
 ... done.


time:   0,   158 facts and       0 exclusive pairs
             164 ops   and       6 exclusive pairs
time:   1,   164 facts and       6 exclusive pairs
             218 ops   and     378 exclusive pairs
time:   2,   190 facts and      76 exclusive pairs
             340 ops   and    2992 exclusive pairs
time:   3,   238 facts and     454 exclusive pairs
             604 ops   and   16402 exclusive pairs
time:   4,   322 facts and    1159 exclusive pairs
            1018 ops   and   55213 exclusive pairs
time:   5,   388 facts and    1047 exclusive pairs
            1582 ops   and  137094 exclusive pairs
time:   6,   460 facts and    1161 exclusive pairs
            2284 ops   and  312687 exclusive pairs
time:   7,   543 facts and    1554 exclusive pairs
            3135 ops   and  635340 exclusive pairs
time:   8,   627 facts and    1881 exclusive pairs

creating thin gp-based encoding...
plan graph layer 0...
plan graph layer 1...
plan graph layer 2...
plan graph layer 3...
plan graph layer 4...
plan graph layer 5...
plan graph layer 6...
plan graph layer 7...
plan graph layer 8...
goal constraints...

goal fact not coded - level too low??


bb: parsing domain file
domain 'TPP-PROPOSITIONAL' defined
 ... done.
bb: parsing problem file
problem 'TPP' defined
 ... done.


time:   0,   158 facts and       0 exclusive pairs
             164 ops   and       6 exclusive pairs
time:   1,   164 facts and       6 exclusive pairs
             218 ops   and     378 exclusive pairs
time:   2,   190 facts and      76 exclusive pairs
             340 ops   and    2992 exclusive pairs
time:   3,   238 facts and     454 exclusive pairs
             604 ops   and   16402 exclusive pairs
time:   4,   322 facts and    1159 exclusive pairs
            1018 ops   and   55213 exclusive pairs
time:   5,   388 facts and    1047 exclusive pairs
            1582 ops   and  137094 exclusive pairs
time:   6,   460 facts and    1161 exclusive pairs
            2284 ops   and  312687 exclusive pairs
time:   7,   543 facts and    1554 exclusive pairs
            3135 ops   and  635340 exclusive pairs
time:   8,   627 facts and    1881 exclusive pairs
            4569 ops   and 1460532 exclusive pairs
time:   9,   711 facts and    2290 exclusive pairs

creating thin gp-based encoding...
plan graph layer 0...
plan graph layer 1...
plan graph layer 2...
plan graph layer 3...
plan graph layer 4...
plan graph layer 5...
plan graph layer 6...
plan graph layer 7...
plan graph layer 8...
plan graph layer 9...
goal constraints...

goal fact not coded - level too low??


bb: parsing domain file
domain 'TPP-PROPOSITIONAL' defined
 ... done.
bb: parsing problem file
problem 'TPP' defined
 ... done.


time:   0,   158 facts and       0 exclusive pairs
             164 ops   and       6 exclusive pairs
time:   1,   164 facts and       6 exclusive pairs
             218 ops   and     378 exclusive pairs
time:   2,   190 facts and      76 exclusive pairs
             340 ops   and    2992 exclusive pairs
time:   3,   238 facts and     454 exclusive pairs
             604 ops   and   16402 exclusive pairs
time:   4,   322 facts and    1159 exclusive pairs
            1018 ops   and   55213 exclusive pairs
time:   5,   388 facts and    1047 exclusive pairs
            1582 ops   and  137094 exclusive pairs
time:   6,   460 facts and    1161 exclusive pairs
            2284 ops   and  312687 exclusive pairs
time:   7,   543 facts and    1554 exclusive pairs
            3135 ops   and  635340 exclusive pairs
time:   8,   627 facts and    1881 exclusive pairs
            4569 ops   and 1460532 exclusive pairs
time:   9,   711 facts and    2290 exclusive pairs
            5877 ops   and 2488471 exclusive pairs
time:  10,   725 facts and    1906 exclusive pairs

creating thin gp-based encoding...
plan graph layer 0...
plan graph layer 1...
plan graph layer 2...
plan graph layer 3...
plan graph layer 4...
plan graph layer 5...
plan graph layer 6...
plan graph layer 7...
plan graph layer 8...
plan graph layer 9...
plan graph layer 10...
goal constraints...
exclusion constraints layer 0...
exclusion constraints layer 1...
exclusion constraints layer 2...
exclusion constraints layer 3...
exclusion constraints layer 4...
exclusion constraints layer 5...
exclusion constraints layer 6...
exclusion constraints layer 7...
exclusion constraints layer 8...
exclusion constraints layer 9...
exclusion constraints layer 10...

DECISION LAYER 10, WRITING THIN GP-BASED ENCODING WITH 24317 VARS, 816194 CLAUSES.

time spent:    0.00 seconds instantiating 27132 action templates
               0.01 seconds reachability analysis, yielding 926 facts and 12252 actions
               0.00 seconds collecting 850 relevant facts
               0.01 seconds building connectivity graph
               0.00 seconds building (std) graph
               3.43 seconds CNF output time
               3.45 seconds total planner time (solving not included)


***Solving***


[ filemap ]
[ extract ]

variables : 24317
pure lits : 871

1-clauses : 12
2-clauses : 812902
3-clauses : 216
n-clauses : 3064
discarded : 0

[ solve ]


satisfiable                             

[ stats ]

decisions : 35263
conflicts : 2247
time : ~0.12


bb: parsing domain file
domain 'TPP-PROPOSITIONAL' defined
 ... done.
bb: parsing problem file
problem 'TPP' defined
 ... done.


time:   0,   158 facts and       0 exclusive pairs
             164 ops   and       6 exclusive pairs
time:   1,   164 facts and       6 exclusive pairs
             218 ops   and     378 exclusive pairs
time:   2,   190 facts and      76 exclusive pairs
             340 ops   and    2992 exclusive pairs
time:   3,   238 facts and     454 exclusive pairs
             604 ops   and   16402 exclusive pairs
time:   4,   322 facts and    1159 exclusive pairs
            1018 ops   and   55213 exclusive pairs
time:   5,   388 facts and    1047 exclusive pairs
            1582 ops   and  137094 exclusive pairs
time:   6,   460 facts and    1161 exclusive pairs
            2284 ops   and  312687 exclusive pairs
time:   7,   543 facts and    1554 exclusive pairs
            3135 ops   and  635340 exclusive pairs
time:   8,   627 facts and    1881 exclusive pairs
            4569 ops   and 1460532 exclusive pairs
time:   9,   711 facts and    2290 exclusive pairs
            5877 ops   and 2488471 exclusive pairs
time:  10,   725 facts and    1906 exclusive pairs

creating thin gp-based encoding...
plan graph layer 0...
plan graph layer 1...
plan graph layer 2...
plan graph layer 3...
plan graph layer 4...
plan graph layer 5...
plan graph layer 6...
plan graph layer 7...
plan graph layer 8...
plan graph layer 9...
plan graph layer 10...
goal constraints...
exclusion constraints layer 0...
exclusion constraints layer 1...
exclusion constraints layer 2...
exclusion constraints layer 3...
exclusion constraints layer 4...
exclusion constraints layer 5...
exclusion constraints layer 6...
exclusion constraints layer 7...
exclusion constraints layer 8...
exclusion constraints layer 9...
exclusion constraints layer 10...

DECISION LAYER 10, WRITING THIN GP-BASED ENCODING WITH 24317 VARS, 816194 CLAUSES.

time spent:    0.00 seconds instantiating 27132 action templates
               0.00 seconds reachability analysis, yielding 926 facts and 12252 actions
               0.01 seconds collecting 850 relevant facts
               0.01 seconds building connectivity graph
               0.00 seconds building (std) graph
               3.32 seconds CNF output time
               3.34 seconds total planner time (solving not included)

Pruned:  0: (LOAD GOODS1 TRUCK1 MARKET1 LEVEL4 LEVEL5 LEVEL0 LEVEL1) [1]
Pruned:  0: (LOAD GOODS1 TRUCK1 MARKET1 LEVEL4 LEVEL5 LEVEL0 LEVEL1) [1]
Pruned:  0: (LOAD GOODS1 TRUCK1 MARKET1 LEVEL4 LEVEL5 LEVEL0 LEVEL1) [1]
Pruned:  0: (LOAD GOODS1 TRUCK1 MARKET1 LEVEL4 LEVEL5 LEVEL0 LEVEL1) [1]
Pruned:  0: (LOAD GOODS1 TRUCK1 MARKET1 LEVEL4 LEVEL5 LEVEL0 LEVEL1) [1]
Pruned:  0: (LOAD GOODS1 TRUCK1 MARKET1 LEVEL4 LEVEL5 LEVEL0 LEVEL1) [1]
Pruned:  0: (LOAD GOODS1 TRUCK1 MARKET1 LEVEL4 LEVEL5 LEVEL0 LEVEL1) [1]
Pruned:  0: (LOAD GOODS1 TRUCK1 MARKET1 LEVEL4 LEVEL5 LEVEL0 LEVEL1) [1]
Pruned:  0: (LOAD GOODS1 TRUCK1 MARKET1 LEVEL4 LEVEL5 LEVEL0 LEVEL1) [1]
Pruned:  0: (LOAD GOODS1 TRUCK1 MARKET1 LEVEL4 LEVEL5 LEVEL0 LEVEL1) [1]
Pruned:  0: (LOAD GOODS1 TRUCK1 MARKET1 LEVEL4 LEVEL5 LEVEL0 LEVEL1) [1]
Pruned:  0: (LOAD GOODS1 TRUCK1 MARKET1 LEVEL4 LEVEL5 LEVEL0 LEVEL1) [1]
Pruned:  0: (LOAD GOODS1 TRUCK1 MARKET1 LEVEL4 LEVEL5 LEVEL0 LEVEL1) [1]
Pruned:  0: (LOAD GOODS1 TRUCK1 MARKET1 LEVEL4 LEVEL5 LEVEL0 LEVEL1) [1]
Pruned:  0: (LOAD GOODS1 TRUCK1 MARKET1 LEVEL4 LEVEL5 LEVEL0 LEVEL1) [1]
Pruned:  0: (LOAD GOODS1 TRUCK1 MARKET1 LEVEL4 LEVEL5 LEVEL0 LEVEL1) [1]
Pruned:  0: (LOAD GOODS1 TRUCK1 MARKET1 LEVEL4 LEVEL5 LEVEL0 LEVEL1) [1]
Pruned:  0: (LOAD GOODS1 TRUCK1 MARKET1 LEVEL4 LEVEL5 LEVEL0 LEVEL1) [1]
Pruned:  0: (LOAD GOODS1 TRUCK1 MARKET1 LEVEL4 LEVEL5 LEVEL0 LEVEL1) [1]
Pruned:  0: (LOAD GOODS1 TRUCK1 MARKET1 LEVEL4 LEVEL5 LEVEL0 LEVEL1) [1]
Pruned:  0: (LOAD GOODS1 TRUCK1 MARKET1 LEVEL4 LEVEL5 LEVEL0 LEVEL1) [1]
Pruned:  0: (LOAD GOODS1 TRUCK1 MARKET1 LEVEL4 LEVEL5 LEVEL0 LEVEL1) [1]
Pruned:  0: (LOAD GOODS1 TRUCK1 MARKET1 LEVEL4 LEVEL5 LEVEL0 LEVEL1) [1]
Pruned:  0: (LOAD GOODS1 TRUCK1 MARKET1 LEVEL4 LEVEL5 LEVEL0 LEVEL1) [1]
Pruned:  0: (LOAD GOODS1 TRUCK1 MARKET1 LEVEL4 LEVEL5 LEVEL0 LEVEL1) [1]
Pruned:  0: (LOAD GOODS1 TRUCK1 MARKET1 LEVEL4 LEVEL5 LEVEL0 LEVEL1) [1]
Pruned:  0: (LOAD GOODS1 TRUCK1 MARKET1 LEVEL4 LEVEL5 LEVEL0 LEVEL1) [1]
Pruned:  0: (LOAD GOODS1 TRUCK1 MARKET1 LEVEL4 LEVEL5 LEVEL0 LEVEL1) [1]
Pruned:  0: (LOAD GOODS1 TRUCK1 MARKET1 LEVEL4 LEVEL5 LEVEL0 LEVEL1) [1]
Pruned:  0: (LOAD GOODS1 TRUCK1 MARKET1 LEVEL4 LEVEL5 LEVEL0 LEVEL1) [1]
Pruned:  0: (LOAD GOODS1 TRUCK1 MARKET1 LEVEL4 LEVEL5 LEVEL0 LEVEL1) [1]
Pruned:  0: (LOAD GOODS1 TRUCK1 MARKET1 LEVEL4 LEVEL5 LEVEL0 LEVEL1) [1]
Pruned:  0: (LOAD GOODS1 TRUCK1 MARKET1 LEVEL4 LEVEL5 LEVEL0 LEVEL1) [1]
Pruned:  0: (LOAD GOODS1 TRUCK1 MARKET1 LEVEL4 LEVEL5 LEVEL0 LEVEL1) [1]
Pruned:  0: (LOAD GOODS1 TRUCK1 MARKET1 LEVEL4 LEVEL5 LEVEL0 LEVEL1) [1]
Pruned:  0: (LOAD GOODS1 TRUCK1 MARKET1 LEVEL4 LEVEL5 LEVEL0 LEVEL1) [1]
Pruned:  0: (LOAD GOODS1 TRUCK1 MARKET1 LEVEL4 LEVEL5 LEVEL0 LEVEL1) [1]
Pruned:  0: (LOAD GOODS1 TRUCK1 MARKET1 LEVEL4 LEVEL5 LEVEL0 LEVEL1) [1]
Pruned:  0: (LOAD GOODS1 TRUCK1 MARKET1 LEVEL4 LEVEL5 LEVEL0 LEVEL1) [1]
Pruned:  0: (LOAD GOODS1 TRUCK1 MARKET1 LEVEL4 LEVEL5 LEVEL0 LEVEL1) [1]
Pruned:  0: (LOAD GOODS1 TRUCK1 MARKET1 LEVEL4 LEVEL5 LEVEL0 LEVEL1) [1]
Pruned:  0: (LOAD GOODS1 TRUCK1 MARKET1 LEVEL4 LEVEL5 LEVEL0 LEVEL1) [1]
Pruned:  0: (LOAD GOODS1 TRUCK1 MARKET1 LEVEL4 LEVEL5 LEVEL0 LEVEL1) [1]
Pruned:  0: (LOAD GOODS1 TRUCK1 MARKET1 LEVEL4 LEVEL5 LEVEL0 LEVEL1) [1]
Pruned:  0: (LOAD GOODS1 TRUCK1 MARKET1 LEVEL4 LEVEL5 LEVEL0 LEVEL1) [1]
Pruned:  0: (LOAD GOODS1 TRUCK1 MARKET1 LEVEL4 LEVEL5 LEVEL0 LEVEL1) [1]
Pruned:  0: (LOAD GOODS1 TRUCK1 MARKET1 LEVEL4 LEVEL5 LEVEL0 LEVEL1) [1]
Pruned:  0: (LOAD GOODS1 TRUCK1 MARKET1 LEVEL4 LEVEL5 LEVEL0 LEVEL1) [1]
Pruned:  0: (LOAD GOODS1 TRUCK1 MARKET1 LEVEL4 LEVEL5 LEVEL0 LEVEL1) [1]
Pruned:  0: (LOAD GOODS1 TRUCK1 MARKET1 LEVEL4 LEVEL5 LEVEL0 LEVEL1) [1]
Pruned:  0: (LOAD GOODS1 TRUCK1 MARKET1 LEVEL4 LEVEL5 LEVEL0 LEVEL1) [1]
Pruned:  0: (LOAD GOODS1 TRUCK1 MARKET1 LEVEL4 LEVEL5 LEVEL0 LEVEL1) [1]
Pruned:  0: (LOAD GOODS1 TRUCK1 MARKET1 LEVEL4 LEVEL5 LEVEL0 LEVEL1) [1]
Pruned:  0: (LOAD GOODS1 TRUCK1 MARKET1 LEVEL4 LEVEL5 LEVEL0 LEVEL1) [1]
Pruned:  0: (LOAD GOODS1 TRUCK1 MARKET1 LEVEL4 LEVEL5 LEVEL0 LEVEL1) [1]
Pruned:  0: (LOAD GOODS1 TRUCK1 MARKET1 LEVEL4 LEVEL5 LEVEL0 LEVEL1) [1]
Pruned:  0: (LOAD GOODS1 TRUCK1 MARKET1 LEVEL4 LEVEL5 LEVEL0 LEVEL1) [1]
Pruned:  0: (LOAD GOODS1 TRUCK1 MARKET1 LEVEL4 LEVEL5 LEVEL0 LEVEL1) [1]
Pruned:  0: (LOAD GOODS1 TRUCK1 MARKET1 LEVEL4 LEVEL5 LEVEL0 LEVEL1) [1]
Pruned:  0: (LOAD GOODS1 TRUCK1 MARKET1 LEVEL4 LEVEL5 LEVEL0 LEVEL1) [1]
Pruned:  0: (LOAD GOODS1 TRUCK1 MARKET1 LEVEL4 LEVEL5 LEVEL0 LEVEL1) [1]
Pruned:  0: (LOAD GOODS1 TRUCK1 MARKET1 LEVEL4 LEVEL5 LEVEL0 LEVEL1) [1]
Pruned:  0: (LOAD GOODS1 TRUCK1 MARKET1 LEVEL4 LEVEL5 LEVEL0 LEVEL1) [1]
Pruned:  0: (LOAD GOODS1 TRUCK1 MARKET1 LEVEL4 LEVEL5 LEVEL0 LEVEL1) [1]
Pruned:  0: (LOAD GOODS1 TRUCK1 MARKET1 LEVEL4 LEVEL5 LEVEL0 LEVEL1) [1]
Pruned:  0: (LOAD GOODS1 TRUCK1 MARKET1 LEVEL4 LEVEL5 LEVEL0 LEVEL1) [1]
Pruned:  0: (LOAD GOODS1 TRUCK1 MARKET1 LEVEL4 LEVEL5 LEVEL0 LEVEL1) [1]
Pruned:  0: (LOAD GOODS1 TRUCK1 MARKET1 LEVEL4 LEVEL5 LEVEL0 LEVEL1) [1]
Pruned:  0: (LOAD GOODS1 TRUCK1 MARKET1 LEVEL4 LEVEL5 LEVEL0 LEVEL1) [1]
Pruned:  0: (LOAD GOODS1 TRUCK1 MARKET1 LEVEL4 LEVEL5 LEVEL0 LEVEL1) [1]
Pruned:  0: (LOAD GOODS1 TRUCK1 MARKET1 LEVEL4 LEVEL5 LEVEL0 LEVEL1) [1]
Pruned:  0: (LOAD GOODS1 TRUCK1 MARKET1 LEVEL4 LEVEL5 LEVEL0 LEVEL1) [1]
Pruned:  0: (LOAD GOODS1 TRUCK1 MARKET1 LEVEL4 LEVEL5 LEVEL0 LEVEL1) [1]
Pruned:  0: (LOAD GOODS1 TRUCK1 MARKET1 LEVEL4 LEVEL5 LEVEL0 LEVEL1) [1]
Pruned:  0: (LOAD GOODS1 TRUCK1 MARKET1 LEVEL4 LEVEL5 LEVEL0 LEVEL1) [1]
Pruned:  0: (LOAD GOODS1 TRUCK1 MARKET1 LEVEL4 LEVEL5 LEVEL0 LEVEL1) [1]
Pruned:  0: (LOAD GOODS1 TRUCK1 MARKET1 LEVEL4 LEVEL5 LEVEL0 LEVEL1) [1]
Pruned:  0: (LOAD GOODS1 TRUCK1 MARKET1 LEVEL4 LEVEL5 LEVEL0 LEVEL1) [1]
Pruned:  0: (LOAD GOODS1 TRUCK1 MARKET1 LEVEL4 LEVEL5 LEVEL0 LEVEL1) [1]
Pruned:  0: (LOAD GOODS1 TRUCK1 MARKET1 LEVEL4 LEVEL5 LEVEL0 LEVEL1) [1]
Pruned:  0: (LOAD GOODS1 TRUCK1 MARKET1 LEVEL4 LEVEL5 LEVEL0 LEVEL1) [1]
Pruned:  0: (LOAD GOODS1 TRUCK1 MARKET1 LEVEL4 LEVEL5 LEVEL0 LEVEL1) [1]
Pruned:  0: (LOAD GOODS1 TRUCK1 MARKET1 LEVEL4 LEVEL5 LEVEL0 LEVEL1) [1]
Pruned:  0: (LOAD GOODS1 TRUCK1 MARKET1 LEVEL4 LEVEL5 LEVEL0 LEVEL1) [1]
Pruned:  0: (LOAD GOODS1 TRUCK1 MARKET1 LEVEL4 LEVEL5 LEVEL0 LEVEL1) [1]
Pruned:  0: (LOAD GOODS1 TRUCK1 MARKET1 LEVEL4 LEVEL5 LEVEL0 LEVEL1) [1]
Pruned:  0: (LOAD GOODS1 TRUCK1 MARKET1 LEVEL4 LEVEL5 LEVEL0 LEVEL1) [1]
Pruned:  0: (LOAD GOODS1 TRUCK1 MARKET1 LEVEL4 LEVEL5 LEVEL0 LEVEL1) [1]
Pruned:  0: (LOAD GOODS1 TRUCK1 MARKET1 LEVEL4 LEVEL5 LEVEL0 LEVEL1) [1]
Pruned:  0: (LOAD GOODS1 TRUCK1 MARKET1 LEVEL4 LEVEL5 LEVEL0 LEVEL1) [1]
Pruned:  0: (LOAD GOODS1 TRUCK1 MARKET1 LEVEL4 LEVEL5 LEVEL0 LEVEL1) [1]
Pruned:  0: (LOAD GOODS1 TRUCK1 MARKET1 LEVEL4 LEVEL5 LEVEL0 LEVEL1) [1]
Pruned:  0: (LOAD GOODS1 TRUCK1 MARKET1 LEVEL4 LEVEL5 LEVEL0 LEVEL1) [1]
Pruned:  0: (LOAD GOODS1 TRUCK1 MARKET1 LEVEL4 LEVEL5 LEVEL0 LEVEL1) [1]
Pruned:  0: (LOAD GOODS1 TRUCK1 MARKET1 LEVEL4 LEVEL5 LEVEL0 LEVEL1) [1]
Pruned:  0: (LOAD GOODS1 TRUCK1 MARKET1 LEVEL4 LEVEL5 LEVEL0 LEVEL1) [1]
Pruned:  0: (LOAD GOODS1 TRUCK1 MARKET1 LEVEL4 LEVEL5 LEVEL0 LEVEL1) [1]
Pruned:  0: (LOAD GOODS1 TRUCK1 MARKET1 LEVEL4 LEVEL5 LEVEL0 LEVEL1) [1]
Pruned:  0: (LOAD GOODS1 TRUCK1 MARKET1 LEVEL4 LEVEL5 LEVEL0 LEVEL1) [1]
Pruned:  0: (LOAD GOODS1 TRUCK1 MARKET1 LEVEL4 LEVEL5 LEVEL0 LEVEL1) [1]
Pruned:  0: (LOAD GOODS1 TRUCK1 MARKET1 LEVEL4 LEVEL5 LEVEL0 LEVEL1) [1]
Pruned:  0: (LOAD GOODS1 TRUCK1 MARKET1 LEVEL4 LEVEL5 LEVEL0 LEVEL1) [1]
Pruned:  0: (LOAD GOODS1 TRUCK1 MARKET1 LEVEL4 LEVEL5 LEVEL0 LEVEL1) [1]
Pruned:  0: (LOAD GOODS1 TRUCK1 MARKET1 LEVEL4 LEVEL5 LEVEL0 LEVEL1) [1]
Pruned:  0: (LOAD GOODS1 TRUCK1 MARKET1 LEVEL4 LEVEL5 LEVEL0 LEVEL1) [1]
Pruned:  0: (LOAD GOODS1 TRUCK1 MARKET1 LEVEL4 LEVEL5 LEVEL0 LEVEL1) [1]
Pruned:  0: (LOAD GOODS1 TRUCK1 MARKET1 LEVEL4 LEVEL5 LEVEL0 LEVEL1) [1]
Pruned:  0: (LOAD GOODS1 TRUCK1 MARKET1 LEVEL4 LEVEL5 LEVEL0 LEVEL1) [1]
Pruned:  0: (LOAD GOODS1 TRUCK1 MARKET1 LEVEL4 LEVEL5 LEVEL0 LEVEL1) [1]
Pruned:  0: (LOAD GOODS1 TRUCK1 MARKET1 LEVEL4 LEVEL5 LEVEL0 LEVEL1) [1]
Pruned:  0: (LOAD GOODS1 TRUCK1 MARKET1 LEVEL4 LEVEL5 LEVEL0 LEVEL1) [1]
Pruned:  0: (LOAD GOODS1 TRUCK1 MARKET1 LEVEL4 LEVEL5 LEVEL0 LEVEL1) [1]
Pruned:  0: (LOAD GOODS1 TRUCK1 MARKET1 LEVEL4 LEVEL5 LEVEL0 LEVEL1) [1]
Pruned:  0: (LOAD GOODS1 TRUCK1 MARKET1 LEVEL4 LEVEL5 LEVEL0 LEVEL1) [1]
Pruned:  0: (LOAD GOODS1 TRUCK1 MARKET1 LEVEL4 LEVEL5 LEVEL0 LEVEL1) [1]
Pruned:  0: (LOAD GOODS1 TRUCK1 MARKET1 LEVEL4 LEVEL5 LEVEL0 LEVEL1) [1]
Pruned:  0: (LOAD GOODS1 TRUCK1 MARKET1 LEVEL4 LEVEL5 LEVEL0 LEVEL1) [1]
Pruned:  0: (LOAD GOODS1 TRUCK1 MARKET1 LEVEL4 LEVEL5 LEVEL0 LEVEL1) [1]
Pruned:  0: (LOAD GOODS1 TRUCK1 MARKET1 LEVEL4 LEVEL5 LEVEL0 LEVEL1) [1]
Pruned:  0: (LOAD GOODS1 TRUCK1 MARKET1 LEVEL4 LEVEL5 LEVEL0 LEVEL1) [1]
Pruned:  0: (LOAD GOODS1 TRUCK1 MARKET1 LEVEL4 LEVEL5 LEVEL0 LEVEL1) [1]
Pruned:  0: (LOAD GOODS1 TRUCK1 MARKET1 LEVEL4 LEVEL5 LEVEL0 LEVEL1) [1]
Pruned:  0: (LOAD GOODS1 TRUCK1 MARKET1 LEVEL4 LEVEL5 LEVEL0 LEVEL1) [1]
Pruned:  0: (LOAD GOODS1 TRUCK1 MARKET1 LEVEL4 LEVEL5 LEVEL0 LEVEL1) [1]
Pruned:  0: (LOAD GOODS1 TRUCK1 MARKET1 LEVEL4 LEVEL5 LEVEL0 LEVEL1) [1]
Pruned:  0: (LOAD GOODS1 TRUCK1 MARKET1 LEVEL4 LEVEL5 LEVEL0 LEVEL1) [1]
Pruned:  0: (LOAD GOODS1 TRUCK1 MARKET1 LEVEL4 LEVEL5 LEVEL0 LEVEL1) [1]
Pruned:  0: (LOAD GOODS1 TRUCK1 MARKET1 LEVEL4 LEVEL5 LEVEL0 LEVEL1) [1]
Pruned:  0: (LOAD GOODS1 TRUCK1 MARKET1 LEVEL4 LEVEL5 LEVEL0 LEVEL1) [1]
Pruned:  0: (LOAD GOODS1 TRUCK1 MARKET1 LEVEL4 LEVEL5 LEVEL0 LEVEL1) [1]
Pruned:  0: (LOAD GOODS1 TRUCK1 MARKET1 LEVEL4 LEVEL5 LEVEL0 LEVEL1) [1]
Pruned:  0: (LOAD GOODS1 TRUCK1 MARKET1 LEVEL4 LEVEL5 LEVEL0 LEVEL1) [1]
Pruned:  0: (LOAD GOODS1 TRUCK1 MARKET1 LEVEL4 LEVEL5 LEVEL0 LEVEL1) [1]
Pruned:  0: (LOAD GOODS1 TRUCK1 MARKET1 LEVEL4 LEVEL5 LEVEL0 LEVEL1) [1]
Pruned:  0: (LOAD GOODS1 TRUCK1 MARKET1 LEVEL4 LEVEL5 LEVEL0 LEVEL1) [1]
Pruned:  0: (LOAD GOODS1 TRUCK1 MARKET1 LEVEL4 LEVEL5 LEVEL0 LEVEL1) [1]
Pruned:  0: (LOAD GOODS1 TRUCK1 MARKET1 LEVEL4 LEVEL5 LEVEL0 LEVEL1) [1]
Pruned:  0: (LOAD GOODS1 TRUCK1 MARKET1 LEVEL4 LEVEL5 LEVEL0 LEVEL1) [1]
Pruned:  0: (LOAD GOODS1 TRUCK1 MARKET1 LEVEL4 LEVEL5 LEVEL0 LEVEL1) [1]
Pruned:  0: (LOAD GOODS1 TRUCK1 MARKET1 LEVEL4 LEVEL5 LEVEL0 LEVEL1) [1]
Pruned:  0: (LOAD GOODS1 TRUCK1 MARKET1 LEVEL4 LEVEL5 LEVEL0 LEVEL1) [1]
Pruned:  0: (LOAD GOODS1 TRUCK1 MARKET1 LEVEL4 LEVEL5 LEVEL0 LEVEL1) [1]
Pruned:  0: (LOAD GOODS1 TRUCK1 MARKET1 LEVEL4 LEVEL5 LEVEL0 LEVEL1) [1]
Pruned:  0: (LOAD GOODS1 TRUCK1 MARKET1 LEVEL4 LEVEL5 LEVEL0 LEVEL1) [1]
Pruned:  0: (LOAD GOODS1 TRUCK1 MARKET1 LEVEL4 LEVEL5 LEVEL0 LEVEL1) [1]
Pruned:  0: (LOAD GOODS1 TRUCK1 MARKET1 LEVEL4 LEVEL5 LEVEL0 LEVEL1) [1]
Pruned:  0: (LOAD GOODS1 TRUCK1 MARKET1 LEVEL4 LEVEL5 LEVEL0 LEVEL1) [1]
Pruned:  0: (LOAD GOODS1 TRUCK1 MARKET1 LEVEL4 LEVEL5 LEVEL0 LEVEL1) [1]
Pruned:  0: (LOAD GOODS1 TRUCK1 MARKET1 LEVEL4 LEVEL5 LEVEL0 LEVEL1) [1]
Pruned:  0: (LOAD GOODS1 TRUCK1 MARKET1 LEVEL4 LEVEL5 LEVEL0 LEVEL1) [1]
Pruned:  0: (LOAD GOODS1 TRUCK1 MARKET1 LEVEL4 LEVEL5 LEVEL0 LEVEL1) [1]
Pruned:  0: (LOAD GOODS1 TRUCK1 MARKET1 LEVEL4 LEVEL5 LEVEL0 LEVEL1) [1]
Pruned:  0: (LOAD GOODS1 TRUCK1 MARKET1 LEVEL4 LEVEL5 LEVEL0 LEVEL1) [1]
Pruned:  0: (LOAD GOODS1 TRUCK1 MARKET1 LEVEL4 LEVEL5 LEVEL0 LEVEL1) [1]
Pruned:  0: (LOAD GOODS1 TRUCK1 MARKET1 LEVEL4 LEVEL5 LEVEL0 LEVEL1) [1]
Pruned:  0: (LOAD GOODS1 TRUCK1 MARKET1 LEVEL4 LEVEL5 LEVEL0 LEVEL1) [1]
Pruned:  0: (LOAD GOODS1 TRUCK1 MARKET1 LEVEL4 LEVEL5 LEVEL0 LEVEL1) [1]
Pruned:  0: (LOAD GOODS1 TRUCK1 MARKET1 LEVEL4 LEVEL5 LEVEL0 LEVEL1) [1]
Pruned:  0: (LOAD GOODS1 TRUCK1 MARKET1 LEVEL4 LEVEL5 LEVEL0 LEVEL1) [1]
Pruned:  0: (LOAD GOODS1 TRUCK1 MARKET1 LEVEL4 LEVEL5 LEVEL0 LEVEL1) [1]
Pruned:  0: (LOAD GOODS1 TRUCK1 MARKET1 LEVEL4 LEVEL5 LEVEL0 LEVEL1) [1]
Pruned:  0: (LOAD GOODS1 TRUCK1 MARKET1 LEVEL4 LEVEL5 LEVEL0 LEVEL1) [1]
Pruned:  0: (LOAD GOODS1 TRUCK1 MARKET1 LEVEL4 LEVEL5 LEVEL0 LEVEL1) [1]
Pruned:  0: (LOAD GOODS1 TRUCK1 MARKET1 LEVEL4 LEVEL5 LEVEL0 LEVEL1) [1]
Pruned:  0: (LOAD GOODS1 TRUCK1 MARKET1 LEVEL4 LEVEL5 LEVEL0 LEVEL1) [1]
Pruned:  0: (LOAD GOODS1 TRUCK1 MARKET1 LEVEL4 LEVEL5 LEVEL0 LEVEL1) [1]
Pruned:  0: (LOAD GOODS1 TRUCK1 MARKET1 LEVEL4 LEVEL5 LEVEL0 LEVEL1) [1]
Pruned:  0: (LOAD GOODS1 TRUCK1 MARKET1 LEVEL4 LEVEL5 LEVEL0 LEVEL1) [1]
Pruned:  0: (LOAD GOODS1 TRUCK1 MARKET1 LEVEL4 LEVEL5 LEVEL0 LEVEL1) [1]
Pruned:  0: (LOAD GOODS1 TRUCK1 MARKET1 LEVEL4 LEVEL5 LEVEL0 LEVEL1) [1]
Pruned:  0: (LOAD GOODS1 TRUCK1 MARKET1 LEVEL4 LEVEL5 LEVEL0 LEVEL1) [1]
Pruned:  0: (LOAD GOODS1 TRUCK1 MARKET1 LEVEL4 LEVEL5 LEVEL0 LEVEL1) [1]
Pruned:  0: (LOAD GOODS1 TRUCK1 MARKET1 LEVEL4 LEVEL5 LEVEL0 LEVEL1) [1]
Pruned:  0: (LOAD GOODS1 TRUCK1 MARKET1 LEVEL4 LEVEL5 LEVEL0 LEVEL1) [1]
Pruned:  0: (LOAD GOODS1 TRUCK1 MARKET1 LEVEL4 LEVEL5 LEVEL0 LEVEL1) [1]
Pruned:  0: (LOAD GOODS1 TRUCK1 MARKET1 LEVEL4 LEVEL5 LEVEL0 LEVEL1) [1]
Pruned:  0: (LOAD GOODS1 TRUCK1 MARKET1 LEVEL4 LEVEL5 LEVEL0 LEVEL1) [1]
Pruned:  0: (LOAD GOODS1 TRUCK1 MARKET1 LEVEL4 LEVEL5 LEVEL0 LEVEL1) [1]
Pruned:  0: (LOAD GOODS1 TRUCK1 MARKET1 LEVEL4 LEVEL5 LEVEL0 LEVEL1) [1]
Pruned:  0: (LOAD GOODS1 TRUCK1 MARKET1 LEVEL4 LEVEL5 LEVEL0 LEVEL1) [1]
Pruned:  0: (LOAD GOODS1 TRUCK1 MARKET1 LEVEL4 LEVEL5 LEVEL0 LEVEL1) [1]
Pruned:  0: (LOAD GOODS1 TRUCK1 MARKET1 LEVEL4 LEVEL5 LEVEL0 LEVEL1) [1]
Pruned:  0: (LOAD GOODS1 TRUCK1 MARKET1 LEVEL4 LEVEL5 LEVEL0 LEVEL1) [1]
Pruned:  0: (LOAD GOODS1 TRUCK1 MARKET1 LEVEL4 LEVEL5 LEVEL0 LEVEL1) [1]
Pruned:  0: (LOAD GOODS1 TRUCK1 MARKET1 LEVEL4 LEVEL5 LEVEL0 LEVEL1) [1]
Pruned:  0: (LOAD GOODS1 TRUCK1 MARKET1 LEVEL4 LEVEL5 LEVEL0 LEVEL1) [1]
Pruned:  0: (LOAD GOODS1 TRUCK1 MARKET1 LEVEL4 LEVEL5 LEVEL0 LEVEL1) [1]
Pruned:  0: (LOAD GOODS1 TRUCK1 MARKET1 LEVEL4 LEVEL5 LEVEL0 LEVEL1) [1]
Pruned:  0: (LOAD GOODS1 TRUCK1 MARKET1 LEVEL4 LEVEL5 LEVEL0 LEVEL1) [1]
Pruned:  0: (LOAD GOODS1 TRUCK1 MARKET1 LEVEL4 LEVEL5 LEVEL0 LEVEL1) [1]
Pruned:  0: (LOAD GOODS1 TRUCK1 MARKET1 LEVEL4 LEVEL5 LEVEL0 LEVEL1) [1]
Pruned:  0: (LOAD GOODS1 TRUCK1 MARKET1 LEVEL4 LEVEL5 LEVEL0 LEVEL1) [1]
Pruned:  0: (LOAD GOODS1 TRUCK1 MARKET1 LEVEL4 LEVEL5 LEVEL0 LEVEL1) [1]
Pruned:  0: (LOAD GOODS1 TRUCK1 MARKET1 LEVEL4 LEVEL5 LEVEL0 LEVEL1) [1]
Pruned:  0: (LOAD GOODS1 TRUCK1 MARKET1 LEVEL4 LEVEL5 LEVEL0 LEVEL1) [1]
Pruned:  0: (LOAD GOODS1 TRUCK1 MARKET1 LEVEL4 LEVEL5 LEVEL0 LEVEL1) [1]
Pruned:  0: (LOAD GOODS1 TRUCK1 MARKET1 LEVEL4 LEVEL5 LEVEL0 LEVEL1) [1]
Pruned:  0: (LOAD GOODS1 TRUCK1 MARKET1 LEVEL4 LEVEL5 LEVEL0 LEVEL1) [1]
Pruned:  0: (LOAD GOODS1 TRUCK1 MARKET1 LEVEL4 LEVEL5 LEVEL0 LEVEL1) [1]
Pruned:  0: (LOAD GOODS1 TRUCK1 MARKET1 LEVEL4 LEVEL5 LEVEL0 LEVEL1) [1]
Pruned:  0: (LOAD GOODS1 TRUCK1 MARKET1 LEVEL4 LEVEL5 LEVEL0 LEVEL1) [1]
Pruned:  0: (LOAD GOODS1 TRUCK1 MARKET1 LEVEL4 LEVEL5 LEVEL0 LEVEL1) [1]
Pruned:  0: (LOAD GOODS1 TRUCK1 MARKET1 LEVEL4 LEVEL5 LEVEL0 LEVEL1) [1]
Pruned:  0: (LOAD GOODS1 TRUCK1 MARKET1 LEVEL4 LEVEL5 LEVEL0 LEVEL1) [1]
Pruned:  0: (LOAD GOODS1 TRUCK1 MARKET1 LEVEL4 LEVEL5 LEVEL0 LEVEL1) [1]
Pruned:  0: (LOAD GOODS1 TRUCK1 MARKET1 LEVEL4 LEVEL5 LEVEL0 LEVEL1) [1]
Pruned:  0: (LOAD GOODS1 TRUCK1 MARKET1 LEVEL4 LEVEL5 LEVEL0 LEVEL1) [1]
Pruned:  0: (LOAD GOODS1 TRUCK1 MARKET1 LEVEL4 LEVEL5 LEVEL0 LEVEL1) [1]
Pruned:  0: (LOAD GOODS1 TRUCK1 MARKET1 LEVEL4 LEVEL5 LEVEL0 LEVEL1) [1]
Pruned:  0: (LOAD GOODS1 TRUCK1 MARKET1 LEVEL4 LEVEL5 LEVEL0 LEVEL1) [1]
Pruned:  0: (LOAD GOODS1 TRUCK1 MARKET1 LEVEL4 LEVEL5 LEVEL0 LEVEL1) [1]
Pruned:  0: (LOAD GOODS1 TRUCK1 MARKET1 LEVEL4 LEVEL5 LEVEL0 LEVEL1) [1]
Pruned:  0: (LOAD GOODS1 TRUCK1 MARKET1 LEVEL4 LEVEL5 LEVEL0 LEVEL1) [1]
Pruned:  0: (LOAD GOODS1 TRUCK1 MARKET1 LEVEL4 LEVEL5 LEVEL0 LEVEL1) [1]
Pruned:  0: (LOAD GOODS1 TRUCK1 MARKET1 LEVEL4 LEVEL5 LEVEL0 LEVEL1) [1]
Pruned:  0: (LOAD GOODS1 TRUCK1 MARKET1 LEVEL4 LEVEL5 LEVEL0 LEVEL1) [1]
Pruned:  0: (LOAD GOODS1 TRUCK1 MARKET1 LEVEL4 LEVEL5 LEVEL0 LEVEL1) [1]
Pruned:  0: (LOAD GOODS1 TRUCK1 MARKET1 LEVEL4 LEVEL5 LEVEL0 LEVEL1) [1]
Pruned:  0: (LOAD GOODS1 TRUCK1 MARKET1 LEVEL4 LEVEL5 LEVEL0 LEVEL1) [1]
Pruned:  0: (LOAD GOODS1 TRUCK1 MARKET1 LEVEL4 LEVEL5 LEVEL0 LEVEL1) [1]
Pruned:  0: (LOAD GOODS1 TRUCK1 MARKET1 LEVEL4 LEVEL5 LEVEL0 LEVEL1) [1]
Pruned:  0: (LOAD GOODS1 TRUCK1 MARKET1 LEVEL4 LEVEL5 LEVEL0 LEVEL1) [1]
Pruned:  0: (LOAD GOODS1 TRUCK1 MARKET1 LEVEL4 LEVEL5 LEVEL0 LEVEL1) [1]
Pruned:  0: (LOAD GOODS1 TRUCK1 MARKET1 LEVEL4 LEVEL5 LEVEL0 LEVEL1) [1]
Pruned:  0: (LOAD GOODS1 TRUCK1 MARKET1 LEVEL4 LEVEL5 LEVEL0 LEVEL1) [1]
Pruned:  0: (LOAD GOODS1 TRUCK1 MARKET1 LEVEL4 LEVEL5 LEVEL0 LEVEL1) [1]
Pruned:  0: (LOAD GOODS1 TRUCK1 MARKET1 LEVEL4 LEVEL5 LEVEL0 LEVEL1) [1]
Pruned:  0: (LOAD GOODS1 TRUCK1 MARKET1 LEVEL4 LEVEL5 LEVEL0 LEVEL1) [1]
Pruned:  0: (LOAD GOODS1 TRUCK1 MARKET1 LEVEL4 LEVEL5 LEVEL0 LEVEL1) [1]
Pruned:  0: (LOAD GOODS1 TRUCK1 MARKET1 LEVEL4 LEVEL5 LEVEL0 LEVEL1) [1]
Pruned:  0: (LOAD GOODS1 TRUCK1 MARKET1 LEVEL4 LEVEL5 LEVEL0 LEVEL1) [1]
Pruned:  0: (LOAD GOODS1 TRUCK1 MARKET1 LEVEL4 LEVEL5 LEVEL0 LEVEL1) [1]
Pruned:  0: (LOAD GOODS1 TRUCK1 MARKET1 LEVEL4 LEVEL5 LEVEL0 LEVEL1) [1]
Pruned:  0: (LOAD GOODS1 TRUCK1 MARKET1 LEVEL4 LEVEL5 LEVEL0 LEVEL1) [1]
Pruned:  0: (LOAD GOODS1 TRUCK1 MARKET1 LEVEL4 LEVEL5 LEVEL0 LEVEL1) [1]
Pruned:  0: (LOAD GOODS1 TRUCK1 MARKET1 LEVEL4 LEVEL5 LEVEL0 LEVEL1) [1]
Pruned:  0: (LOAD GOODS1 TRUCK1 MARKET1 LEVEL4 LEVEL5 LEVEL0 LEVEL1) [1]
Pruned:  0: (LOAD GOODS1 TRUCK1 MARKET1 LEVEL4 LEVEL5 LEVEL0 LEVEL1) [1]
Pruned:  0: (LOAD GOODS1 TRUCK1 MARKET1 LEVEL4 LEVEL5 LEVEL0 LEVEL1) [1]
Pruned:  0: (LOAD GOODS1 TRUCK1 MARKET1 LEVEL4 LEVEL5 LEVEL0 LEVEL1) [1]
Pruned:  0: (LOAD GOODS1 TRUCK1 MARKET1 LEVEL4 LEVEL5 LEVEL0 LEVEL1) [1]
Pruned:  0: (LOAD GOODS1 TRUCK1 MARKET1 LEVEL4 LEVEL5 LEVEL0 LEVEL1) [1]
Pruned:  0: (LOAD GOODS1 TRUCK1 MARKET1 LEVEL4 LEVEL5 LEVEL0 LEVEL1) [1]
Pruned:  0: (LOAD GOODS1 TRUCK1 MARKET1 LEVEL4 LEVEL5 LEVEL0 LEVEL1) [1]
Pruned:  0: (LOAD GOODS1 TRUCK1 MARKET1 LEVEL4 LEVEL5 LEVEL0 LEVEL1) [1]
Pruned:  0: (LOAD GOODS1 TRUCK1 MARKET1 LEVEL4 LEVEL5 LEVEL0 LEVEL1) [1]
Pruned:  0: (LOAD GOODS1 TRUCK1 MARKET1 LEVEL4 LEVEL5 LEVEL0 LEVEL1) [1]
Pruned:  0: (LOAD GOODS1 TRUCK1 MARKET1 LEVEL4 LEVEL5 LEVEL0 LEVEL1) [1]
Pruned:  0: (LOAD GOODS1 TRUCK1 MARKET1 LEVEL4 LEVEL5 LEVEL0 LEVEL1) [1]
Pruned:  0: (LOAD GOODS1 TRUCK1 MARKET1 LEVEL4 LEVEL5 LEVEL0 LEVEL1) [1]
Pruned:  0: (LOAD GOODS1 TRUCK1 MARKET1 LEVEL4 LEVEL5 LEVEL0 LEVEL1) [1]
Pruned:  0: (LOAD GOODS1 TRUCK1 MARKET1 LEVEL4 LEVEL5 LEVEL0 LEVEL1) [1]
Pruned:  0: (LOAD GOODS1 TRUCK1 MARKET1 LEVEL4 LEVEL5 LEVEL0 LEVEL1) [1]
Pruned:  0: (LOAD GOODS1 TRUCK1 MARKET1 LEVEL4 LEVEL5 LEVEL0 LEVEL1) [1]
Pruned:  0: (LOAD GOODS1 TRUCK1 MARKET1 LEVEL4 LEVEL5 LEVEL0 LEVEL1) [1]
Pruned:  0: (LOAD GOODS1 TRUCK1 MARKET1 LEVEL4 LEVEL5 LEVEL0 LEVEL1) [1]
Pruned:  0: (LOAD GOODS1 TRUCK1 MARKET1 LEVEL4 LEVEL5 LEVEL0 LEVEL1) [1]
Pruned:  0: (LOAD GOODS1 TRUCK1 MARKET1 LEVEL4 LEVEL5 LEVEL0 LEVEL1) [1]
Pruned:  0: (LOAD GOODS1 TRUCK1 MARKET1 LEVEL4 LEVEL5 LEVEL0 LEVEL1) [1]
Pruned:  0: (LOAD GOODS1 TRUCK1 MARKET1 LEVEL4 LEVEL5 LEVEL0 LEVEL1) [1]
Pruned:  0: (LOAD GOODS1 TRUCK1 MARKET1 LEVEL4 LEVEL5 LEVEL0 LEVEL1) [1]
Pruned:  0: (LOAD GOODS1 TRUCK1 MARKET1 LEVEL4 LEVEL5 LEVEL0 LEVEL1) [1]
Pruned:  0: (LOAD GOODS1 TRUCK1 MARKET1 LEVEL4 LEVEL5 LEVEL0 LEVEL1) [1]
Pruned:  0: (LOAD GOODS1 TRUCK1 MARKET1 LEVEL4 LEVEL5 LEVEL0 LEVEL1) [1]
Pruned:  0: (LOAD GOODS1 TRUCK1 MARKET1 LEVEL4 LEVEL5 LEVEL0 LEVEL1) [1]
Pruned:  0: (LOAD GOODS1 TRUCK1 MARKET1 LEVEL4 LEVEL5 LEVEL0 LEVEL1) [1]
Pruned:  0: (LOAD GOODS1 TRUCK1 MARKET1 LEVEL4 LEVEL5 LEVEL0 LEVEL1) [1]
Pruned:  0: (LOAD GOODS1 TRUCK1 MARKET1 LEVEL4 LEVEL5 LEVEL0 LEVEL1) [1]
Pruned:  0: (LOAD GOODS1 TRUCK1 MARKET1 LEVEL4 LEVEL5 LEVEL0 LEVEL1) [1]
Pruned:  0: (LOAD GOODS1 TRUCK1 MARKET1 LEVEL4 LEVEL5 LEVEL0 LEVEL1) [1]
Pruned:  0: (LOAD GOODS1 TRUCK1 MARKET1 LEVEL4 LEVEL5 LEVEL0 LEVEL1) [1]
Pruned:  0: (LOAD GOODS1 TRUCK1 MARKET1 LEVEL4 LEVEL5 LEVEL0 LEVEL1) [1]
Pruned:  0: (LOAD GOODS1 TRUCK1 MARKET1 LEVEL4 LEVEL5 LEVEL0 LEVEL1) [1]
Pruned:  0: (LOAD GOODS1 TRUCK1 MARKET1 LEVEL4 LEVEL5 LEVEL0 LEVEL1) [1]
Pruned:  0: (LOAD GOODS1 TRUCK1 MARKET1 LEVEL4 LEVEL5 LEVEL0 LEVEL1) [1]
Pruned:  0: (LOAD GOODS1 TRUCK1 MARKET1 LEVEL4 LEVEL5 LEVEL0 LEVEL1) [1]
Pruned:  0: (LOAD GOODS1 TRUCK1 MARKET1 LEVEL4 LEVEL5 LEVEL0 LEVEL1) [1]
Pruned:  0: (LOAD GOODS1 TRUCK1 MARKET1 LEVEL4 LEVEL5 LEVEL0 LEVEL1) [1]
Pruned:  0: (LOAD GOODS1 TRUCK1 MARKET1 LEVEL4 LEVEL5 LEVEL0 LEVEL1) [1]
Pruned:  0: (LOAD GOODS1 TRUCK1 MARKET1 LEVEL4 LEVEL5 LEVEL0 LEVEL1) [1]
Pruned:  0: (LOAD GOODS1 TRUCK1 MARKET1 LEVEL4 LEVEL5 LEVEL0 LEVEL1) [1]
Pruned:  0: (LOAD GOODS1 TRUCK1 MARKET1 LEVEL4 LEVEL5 LEVEL0 LEVEL1) [1]
Pruned:  0: (LOAD GOODS1 TRUCK1 MARKET1 LEVEL4 LEVEL5 LEVEL0 LEVEL1) [1]
Pruned:  0: (LOAD GOODS1 TRUCK1 MARKET1 LEVEL4 LEVEL5 LEVEL0 LEVEL1) [1]
Pruned:  0: (LOAD GOODS1 TRUCK1 MARKET1 LEVEL4 LEVEL5 LEVEL0 LEVEL1) [1]
Pruned:  0: (LOAD GOODS1 TRUCK1 MARKET1 LEVEL4 LEVEL5 LEVEL0 LEVEL1) [1]
Pruned:  0: (LOAD GOODS1 TRUCK1 MARKET1 LEVEL4 LEVEL5 LEVEL0 LEVEL1) [1]
Pruned:  0: (LOAD GOODS1 TRUCK1 MARKET1 LEVEL4 LEVEL5 LEVEL0 LEVEL1) [1]
Pruned:  0: (LOAD GOODS1 TRUCK1 MARKET1 LEVEL4 LEVEL5 LEVEL0 LEVEL1) [1]
Pruned:  0: (LOAD GOODS1 TRUCK1 MARKET1 LEVEL4 LEVEL5 LEVEL0 LEVEL1) [1]
Pruned:  0: (LOAD GOODS1 TRUCK1 MARKET1 LEVEL4 LEVEL5 LEVEL0 LEVEL1) [1]
Pruned:  0: (LOAD GOODS1 TRUCK1 MARKET1 LEVEL4 LEVEL5 LEVEL0 LEVEL1) [1]
Pruned:  0: (LOAD GOODS1 TRUCK1 MARKET1 LEVEL4 LEVEL5 LEVEL0 LEVEL1) [1]
Pruned:  0: (LOAD GOODS1 TRUCK1 MARKET1 LEVEL4 LEVEL5 LEVEL0 LEVEL1) [1]
Pruned:  0: (LOAD GOODS1 TRUCK1 MARKET1 LEVEL4 LEVEL5 LEVEL0 LEVEL1) [1]
Pruned:  0: (LOAD GOODS1 TRUCK1 MARKET1 LEVEL4 LEVEL5 LEVEL0 LEVEL1) [1]
Pruned:  0: (LOAD GOODS1 TRUCK1 MARKET1 LEVEL4 LEVEL5 LEVEL0 LEVEL1) [1]
Pruned:  0: (LOAD GOODS1 TRUCK1 MARKET1 LEVEL4 LEVEL5 LEVEL0 LEVEL1) [1]
Pruned:  0: (LOAD GOODS1 TRUCK1 MARKET1 LEVEL4 LEVEL5 LEVEL0 LEVEL1) [1]
Pruned:  0: (LOAD GOODS1 TRUCK1 MARKET1 LEVEL4 LEVEL5 LEVEL0 LEVEL1) [1]
Pruned:  0: (LOAD GOODS1 TRUCK1 MARKET1 LEVEL4 LEVEL5 LEVEL0 LEVEL1) [1]
Pruned:  0: (LOAD GOODS1 TRUCK1 MARKET1 LEVEL4 LEVEL5 LEVEL0 LEVEL1) [1]
Pruned:  0: (LOAD GOODS1 TRUCK1 MARKET1 LEVEL4 LEVEL5 LEVEL0 LEVEL1) [1]
Pruned:  0: (LOAD GOODS1 TRUCK1 MARKET1 LEVEL4 LEVEL5 LEVEL0 LEVEL1) [1]
Pruned:  0: (LOAD GOODS1 TRUCK1 MARKET1 LEVEL4 LEVEL5 LEVEL0 LEVEL1) [1]
Pruned:  0: (LOAD GOODS1 TRUCK1 MARKET1 LEVEL4 LEVEL5 LEVEL0 LEVEL1) [1]
Pruned:  0: (LOAD GOODS1 TRUCK1 MARKET1 LEVEL4 LEVEL5 LEVEL0 LEVEL1) [1]
Pruned:  0: (LOAD GOODS1 TRUCK1 MARKET1 LEVEL4 LEVEL5 LEVEL0 LEVEL1) [1]
Pruned:  0: (LOAD GOODS1 TRUCK1 MARKET1 LEVEL4 LEVEL5 LEVEL0 LEVEL1) [1]
Pruned:  0: (LOAD GOODS1 TRUCK1 MARKET1 LEVEL4 LEVEL5 LEVEL0 LEVEL1) [1]
Pruned:  0: (LOAD GOODS1 TRUCK1 MARKET1 LEVEL4 LEVEL5 LEVEL0 LEVEL1) [1]
Pruned:  0: (LOAD GOODS1 TRUCK1 MARKET1 LEVEL4 LEVEL5 LEVEL0 LEVEL1) [1]
Pruned:  0: (LOAD GOODS1 TRUCK1 MARKET1 LEVEL4 LEVEL5 LEVEL0 LEVEL1) [1]
Pruned:  0: (LOAD GOODS1 TRUCK1 MARKET1 LEVEL4 LEVEL5 LEVEL0 LEVEL1) [1]
Pruned:  0: (LOAD GOODS1 TRUCK1 MARKET1 LEVEL4 LEVEL5 LEVEL0 LEVEL1) [1]
Pruned:  0: (LOAD GOODS1 TRUCK1 MARKET1 LEVEL4 LEVEL5 LEVEL0 LEVEL1) [1]
Pruned:  0: (LOAD GOODS1 TRUCK1 MARKET1 LEVEL4 LEVEL5 LEVEL0 LEVEL1) [1]
Pruned:  0: (LOAD GOODS1 TRUCK1 MARKET1 LEVEL4 LEVEL5 LEVEL0 LEVEL1) [1]
Pruned:  0: (LOAD GOODS1 TRUCK1 MARKET1 LEVEL4 LEVEL5 LEVEL0 LEVEL1) [1]
Pruned:  0: (LOAD GOODS1 TRUCK1 MARKET1 LEVEL4 LEVEL5 LEVEL0 LEVEL1) [1]
Pruned:  0: (LOAD GOODS1 TRUCK1 MARKET1 LEVEL4 LEVEL5 LEVEL0 LEVEL1) [1]
Pruned:  0: (LOAD GOODS1 TRUCK1 MARKET1 LEVEL4 LEVEL5 LEVEL0 LEVEL1) [1]
Pruned:  0: (LOAD GOODS1 TRUCK1 MARKET1 LEVEL4 LEVEL5 LEVEL0 LEVEL1) [1]
Pruned:  0: (LOAD GOODS1 TRUCK1 MARKET1 LEVEL4 LEVEL5 LEVEL0 LEVEL1) [1]
Pruned:  0: (LOAD GOODS1 TRUCK1 MARKET1 LEVEL4 LEVEL5 LEVEL0 LEVEL1) [1]
Pruned:  0: (LOAD GOODS1 TRUCK1 MARKET1 LEVEL4 LEVEL5 LEVEL0 LEVEL1) [1]
Pruned:  0: (LOAD GOODS1 TRUCK1 MARKET1 LEVEL4 LEVEL5 LEVEL0 LEVEL1) [1]
Pruned:  0: (LOAD GOODS1 TRUCK1 MARKET1 LEVEL4 LEVEL5 LEVEL0 LEVEL1) [1]
Pruned:  0: (LOAD GOODS1 TRUCK1 MARKET1 LEVEL4 LEVEL5 LEVEL0 LEVEL1) [1]
Pruned:  0: (LOAD GOODS1 TRUCK1 MARKET1 LEVEL4 LEVEL5 LEVEL0 LEVEL1) [1]
Pruned:  0: (LOAD GOODS1 TRUCK1 MARKET1 LEVEL4 LEVEL5 LEVEL0 LEVEL1) [1]
Pruned:  0: (LOAD GOODS1 TRUCK1 MARKET1 LEVEL4 LEVEL5 LEVEL0 LEVEL1) [1]
Pruned:  0: (LOAD GOODS1 TRUCK1 MARKET1 LEVEL4 LEVEL5 LEVEL0 LEVEL1) [1]
Pruned:  0: (LOAD GOODS1 TRUCK1 MARKET1 LEVEL4 LEVEL5 LEVEL0 LEVEL1) [1]
Pruned:  0: (LOAD GOODS1 TRUCK1 MARKET1 LEVEL4 LEVEL5 LEVEL0 LEVEL1) [1]
Pruned:  0: (LOAD GOODS1 TRUCK1 MARKET1 LEVEL4 LEVEL5 LEVEL0 LEVEL1) [1]
Pruned:  0: (LOAD GOODS1 TRUCK1 MARKET1 LEVEL4 LEVEL5 LEVEL0 LEVEL1) [1]
Pruned:  0: (LOAD GOODS1 TRUCK1 MARKET1 LEVEL4 LEVEL5 LEVEL0 LEVEL1) [1]
Pruned:  0: (LOAD GOODS1 TRUCK1 MARKET1 LEVEL4 LEVEL5 LEVEL0 LEVEL1) [1]
Pruned:  0: (LOAD GOODS1 TRUCK1 MARKET1 LEVEL4 LEVEL5 LEVEL0 LEVEL1) [1]
Pruned:  0: (LOAD GOODS1 TRUCK1 MARKET1 LEVEL4 LEVEL5 LEVEL0 LEVEL1) [1]
Pruned:  0: (LOAD GOODS1 TRUCK1 MARKET1 LEVEL4 LEVEL5 LEVEL0 LEVEL1) [1]
Pruned:  0: (LOAD GOODS1 TRUCK1 MARKET1 LEVEL4 LEVEL5 LEVEL0 LEVEL1) [1]
Pruned:  0: (LOAD GOODS1 TRUCK1 MARKET1 LEVEL4 LEVEL5 LEVEL0 LEVEL1) [1]
Pruned:  0: (LOAD GOODS1 TRUCK1 MARKET1 LEVEL4 LEVEL5 LEVEL0 LEVEL1) [1]
Pruned:  0: (LOAD GOODS1 TRUCK1 MARKET1 LEVEL4 LEVEL5 LEVEL0 LEVEL1) [1]
Pruned:  0: (LOAD GOODS1 TRUCK1 MARKET1 LEVEL4 LEVEL5 LEVEL0 LEVEL1) [1]
Pruned:  0: (LOAD GOODS1 TRUCK1 MARKET1 LEVEL4 LEVEL5 LEVEL0 LEVEL1) [1]
Pruned:  0: (LOAD GOODS1 TRUCK1 MARKET1 LEVEL4 LEVEL5 LEVEL0 LEVEL1) [1]
Pruned:  0: (LOAD GOODS1 TRUCK1 MARKET1 LEVEL4 LEVEL5 LEVEL0 LEVEL1) [1]
Pruned:  0: (LOAD GOODS1 TRUCK1 MARKET1 LEVEL4 LEVEL5 LEVEL0 LEVEL1) [1]
Pruned:  0: (LOAD GOODS1 TRUCK1 MARKET1 LEVEL4 LEVEL5 LEVEL0 LEVEL1) [1]
Pruned:  0: (LOAD GOODS1 TRUCK1 MARKET1 LEVEL4 LEVEL5 LEVEL0 LEVEL1) [1]
Pruned:  0: (LOAD GOODS1 TRUCK1 MARKET1 LEVEL4 LEVEL5 LEVEL0 LEVEL1) [1]
Pruned:  0: (LOAD GOODS1 TRUCK1 MARKET1 LEVEL4 LEVEL5 LEVEL0 LEVEL1) [1]
Pruned:  0: (LOAD GOODS1 TRUCK1 MARKET1 LEVEL4 LEVEL5 LEVEL0 LEVEL1) [1]
Pruned:  0: (LOAD GOODS1 TRUCK1 MARKET1 LEVEL4 LEVEL5 LEVEL0 LEVEL1) [1]
Pruned:  0: (LOAD GOODS1 TRUCK1 MARKET1 LEVEL4 LEVEL5 LEVEL0 LEVEL1) [1]
Pruned:  0: (LOAD GOODS1 TRUCK1 MARKET1 LEVEL4 LEVEL5 LEVEL0 LEVEL1) [1]
Pruned:  0: (LOAD GOODS1 TRUCK1 MARKET1 LEVEL4 LEVEL5 LEVEL0 LEVEL1) [1]
Pruned:  0: (LOAD GOODS1 TRUCK1 MARKET1 LEVEL4 LEVEL5 LEVEL0 LEVEL1) [1]
Pruned:  0: (LOAD GOODS1 TRUCK1 MARKET1 LEVEL4 LEVEL5 LEVEL0 LEVEL1) [1]
Pruned:  0: (LOAD GOODS1 TRUCK1 MARKET1 LEVEL4 LEVEL5 LEVEL0 LEVEL1) [1]
Pruned:  0: (LOAD GOODS1 TRUCK1 MARKET1 LEVEL4 LEVEL5 LEVEL0 LEVEL1) [1]
Pruned:  0: (LOAD GOODS1 TRUCK1 MARKET1 LEVEL4 LEVEL5 LEVEL0 LEVEL1) [1]
Pruned:  0: (LOAD GOODS1 TRUCK1 MARKET1 LEVEL4 LEVEL5 LEVEL0 LEVEL1) [1]
Pruned:  0: (LOAD GOODS1 TRUCK1 MARKET1 LEVEL4 LEVEL5 LEVEL0 LEVEL1) [1]
Pruned:  0: (LOAD GOODS1 TRUCK1 MARKET1 LEVEL4 LEVEL5 LEVEL0 LEVEL1) [1]
Pruned:  0: (LOAD GOODS1 TRUCK1 MARKET1 LEVEL4 LEVEL5 LEVEL0 LEVEL1) [1]
Pruned:  0: (LOAD GOODS1 TRUCK1 MARKET1 LEVEL4 LEVEL5 LEVEL0 LEVEL1) [1]
Pruned:  0: (LOAD GOODS1 TRUCK1 MARKET1 LEVEL4 LEVEL5 LEVEL0 LEVEL1) [1]
Pruned:  0: (LOAD GOODS1 TRUCK1 MARKET1 LEVEL4 LEVEL5 LEVEL0 LEVEL1) [1]
Pruned:  0: (LOAD GOODS1 TRUCK1 MARKET1 LEVEL4 LEVEL5 LEVEL0 LEVEL1) [1]
Pruned:  0: (LOAD GOODS1 TRUCK1 MARKET1 LEVEL4 LEVEL5 LEVEL0 LEVEL1) [1]
Pruned:  0: (LOAD GOODS1 TRUCK1 MARKET1 LEVEL4 LEVEL5 LEVEL0 LEVEL1) [1]
Pruned:  0: (LOAD GOODS1 TRUCK1 MARKET1 LEVEL4 LEVEL5 LEVEL0 LEVEL1) [1]
Pruned:  0: (LOAD GOODS1 TRUCK1 MARKET1 LEVEL4 LEVEL5 LEVEL0 LEVEL1) [1]
Pruned:  0: (LOAD GOODS1 TRUCK1 MARKET1 LEVEL4 LEVEL5 LEVEL0 LEVEL1) [1]
Pruned:  0: (LOAD GOODS1 TRUCK1 MARKET1 LEVEL4 LEVEL5 LEVEL0 LEVEL1) [1]
Pruned:  0: (LOAD GOODS1 TRUCK1 MARKET1 LEVEL4 LEVEL5 LEVEL0 LEVEL1) [1]
Pruned:  0: (LOAD GOODS1 TRUCK1 MARKET1 LEVEL4 LEVEL5 LEVEL0 LEVEL1) [1]
Pruned:  0: (LOAD GOODS1 TRUCK1 MARKET1 LEVEL4 LEVEL5 LEVEL0 LEVEL1) [1]
Pruned:  0: (LOAD GOODS1 TRUCK1 MARKET1 LEVEL4 LEVEL5 LEVEL0 LEVEL1) [1]
Pruned:  0: (LOAD GOODS1 TRUCK1 MARKET1 LEVEL4 LEVEL5 LEVEL0 LEVEL1) [1]
Pruned:  0: (LOAD GOODS1 TRUCK1 MARKET1 LEVEL4 LEVEL5 LEVEL0 LEVEL1) [1]
Pruned:  0: (LOAD GOODS1 TRUCK1 MARKET1 LEVEL4 LEVEL5 LEVEL0 LEVEL1) [1]
Pruned:  0: (LOAD GOODS1 TRUCK1 MARKET1 LEVEL4 LEVEL5 LEVEL0 LEVEL1) [1]
Pruned:  0: (LOAD GOODS1 TRUCK1 MARKET1 LEVEL4 LEVEL5 LEVEL0 LEVEL1) [1]
Pruned:  0: (LOAD GOODS1 TRUCK1 MARKET1 LEVEL4 LEVEL5 LEVEL0 LEVEL1) [1]
Pruned:  0: (LOAD GOODS1 TRUCK1 MARKET1 LEVEL4 LEVEL5 LEVEL0 LEVEL1) [1]
Pruned:  0: (LOAD GOODS1 TRUCK1 MARKET1 LEVEL4 LEVEL5 LEVEL0 LEVEL1) [1]
Pruned:  0: (LOAD GOODS1 TRUCK1 MARKET1 LEVEL4 LEVEL5 LEVEL0 LEVEL1) [1]
Pruned:  0: (LOAD GOODS1 TRUCK1 MARKET1 LEVEL4 LEVEL5 LEVEL0 LEVEL1) [1]
Pruned:  0: (LOAD GOODS1 TRUCK1 MARKET1 LEVEL4 LEVEL5 LEVEL0 LEVEL1) [1]
Pruned:  0: (LOAD GOODS1 TRUCK1 MARKET1 LEVEL4 LEVEL5 LEVEL0 LEVEL1) [1]
Pruned:  0: (LOAD GOODS1 TRUCK1 MARKET1 LEVEL4 LEVEL5 LEVEL0 LEVEL1) [1]
Pruned:  0: (LOAD GOODS1 TRUCK1 MARKET1 LEVEL4 LEVEL5 LEVEL0 LEVEL1) [1]
Pruned:  0: (LOAD GOODS1 TRUCK1 MARKET1 LEVEL4 LEVEL5 LEVEL0 LEVEL1) [1]
Pruned:  0: (LOAD GOODS1 TRUCK1 MARKET1 LEVEL4 LEVEL5 LEVEL0 LEVEL1) [1]
Pruned:  0: (LOAD GOODS1 TRUCK1 MARKET1 LEVEL4 LEVEL5 LEVEL0 LEVEL1) [1]
Pruned:  0: (LOAD GOODS1 TRUCK1 MARKET1 LEVEL4 LEVEL5 LEVEL0 LEVEL1) [1]
Pruned:  0: (LOAD GOODS1 TRUCK1 MARKET1 LEVEL4 LEVEL5 LEVEL0 LEVEL1) [1]
Pruned:  0: (LOAD GOODS1 TRUCK1 MARKET1 LEVEL4 LEVEL5 LEVEL0 LEVEL1) [1]
Pruned:  0: (LOAD GOODS1 TRUCK1 MARKET1 LEVEL4 LEVEL5 LEVEL0 LEVEL1) [1]
Pruned:  0: (LOAD GOODS1 TRUCK1 MARKET1 LEVEL4 LEVEL5 LEVEL0 LEVEL1) [1]
Pruned:  0: (LOAD GOODS1 TRUCK1 MARKET1 LEVEL4 LEVEL5 LEVEL0 LEVEL1) [1]
Pruned:  0: (LOAD GOODS1 TRUCK1 MARKET1 LEVEL4 LEVEL5 LEVEL0 LEVEL1) [1]
Pruned:  0: (LOAD GOODS1 TRUCK1 MARKET1 LEVEL4 LEVEL5 LEVEL0 LEVEL1) [1]
Pruned:  0: (LOAD GOODS1 TRUCK1 MARKET1 LEVEL4 LEVEL5 LEVEL0 LEVEL1) [1]
Pruned:  0: (LOAD GOODS1 TRUCK1 MARKET1 LEVEL4 LEVEL5 LEVEL0 LEVEL1) [1]
Pruned:  0: (LOAD GOODS1 TRUCK1 MARKET1 LEVEL4 LEVEL5 LEVEL0 LEVEL1) [1]
Pruned:  0: (LOAD GOODS1 TRUCK1 MARKET1 LEVEL4 LEVEL5 LEVEL0 LEVEL1) [1]
Pruned:  0: (LOAD GOODS1 TRUCK1 MARKET1 LEVEL4 LEVEL5 LEVEL0 LEVEL1) [1]
Pruned:  0: (LOAD GOODS1 TRUCK1 MARKET1 LEVEL4 LEVEL5 LEVEL0 LEVEL1) [1]
Pruned:  0: (LOAD GOODS1 TRUCK1 MARKET1 LEVEL4 LEVEL5 LEVEL0 LEVEL1) [1]
Pruned:  0: (LOAD GOODS1 TRUCK1 MARKET1 LEVEL4 LEVEL5 LEVEL0 LEVEL1) [1]
Pruned:  0: (LOAD GOODS1 TRUCK1 MARKET1 LEVEL4 LEVEL5 LEVEL0 LEVEL1) [1]
Pruned:  0: (LOAD GOODS1 TRUCK1 MARKET1 LEVEL4 LEVEL5 LEVEL0 LEVEL1) [1]
Pruned:  0: (LOAD GOODS1 TRUCK1 MARKET1 LEVEL4 LEVEL5 LEVEL0 LEVEL1) [1]
Pruned:  0: (LOAD GOODS1 TRUCK1 MARKET1 LEVEL4 LEVEL5 LEVEL0 LEVEL1) [1]
Pruned:  0: (LOAD GOODS1 TRUCK1 MARKET1 LEVEL4 LEVEL5 LEVEL0 LEVEL1) [1]
Pruned:  0: (LOAD GOODS1 TRUCK1 MARKET1 LEVEL4 LEVEL5 LEVEL0 LEVEL1) [1]
Pruned:  0: (LOAD GOODS1 TRUCK1 MARKET1 LEVEL4 LEVEL5 LEVEL0 LEVEL1) [1]
Pruned:  0: (LOAD GOODS1 TRUCK1 MARKET1 LEVEL4 LEVEL5 LEVEL0 LEVEL1) [1]
Pruned:  0: (LOAD GOODS1 TRUCK1 MARKET1 LEVEL4 LEVEL5 LEVEL0 LEVEL1) [1]
Pruned:  0: (LOAD GOODS1 TRUCK1 MARKET1 LEVEL4 LEVEL5 LEVEL0 LEVEL1) [1]
Pruned:  0: (LOAD GOODS1 TRUCK1 MARKET1 LEVEL4 LEVEL5 LEVEL0 LEVEL1) [1]
Pruned:  0: (LOAD GOODS1 TRUCK1 MARKET1 LEVEL4 LEVEL5 LEVEL0 LEVEL1) [1]
Pruned:  0: (LOAD GOODS1 TRUCK1 MARKET1 LEVEL4 LEVEL5 LEVEL0 LEVEL1) [1]
Pruned:  0: (LOAD GOODS1 TRUCK1 MARKET1 LEVEL4 LEVEL5 LEVEL0 LEVEL1) [1]
Pruned:  0: (LOAD GOODS1 TRUCK1 MARKET1 LEVEL4 LEVEL5 LEVEL0 LEVEL1) [1]
Pruned:  0: (LOAD GOODS1 TRUCK1 MARKET1 LEVEL4 LEVEL5 LEVEL0 LEVEL1) [1]
Pruned:  0: (LOAD GOODS1 TRUCK1 MARKET1 LEVEL4 LEVEL5 LEVEL0 LEVEL1) [1]
Pruned:  0: (LOAD GOODS1 TRUCK1 MARKET1 LEVEL4 LEVEL5 LEVEL0 LEVEL1) [1]
Pruned:  0: (LOAD GOODS1 TRUCK1 MARKET1 LEVEL4 LEVEL5 LEVEL0 LEVEL1) [1]
Pruned:  0: (LOAD GOODS1 TRUCK1 MARKET1 LEVEL4 LEVEL5 LEVEL0 LEVEL1) [1]
Pruned:  0: (LOAD GOODS1 TRUCK1 MARKET1 LEVEL4 LEVEL5 LEVEL0 LEVEL1) [1]
Pruned:  0: (LOAD GOODS1 TRUCK1 MARKET1 LEVEL4 LEVEL5 LEVEL0 LEVEL1) [1]
Pruned:  0: (LOAD GOODS1 TRUCK1 MARKET1 LEVEL4 LEVEL5 LEVEL0 LEVEL1) [1]
Pruned:  0: (LOAD GOODS1 TRUCK1 MARKET1 LEVEL4 LEVEL5 LEVEL0 LEVEL1) [1]
Pruned:  0: (LOAD GOODS1 TRUCK1 MARKET1 LEVEL4 LEVEL5 LEVEL0 LEVEL1) [1]
Pruned:  0: (LOAD GOODS1 TRUCK1 MARKET1 LEVEL4 LEVEL5 LEVEL0 LEVEL1) [1]
Pruned:  0: (LOAD GOODS1 TRUCK1 MARKET1 LEVEL4 LEVEL5 LEVEL0 LEVEL1) [1]
Pruned:  0: (LOAD GOODS1 TRUCK1 MARKET1 LEVEL4 LEVEL5 LEVEL0 LEVEL1) [1]
Pruned:  0: (LOAD GOODS1 TRUCK1 MARKET1 LEVEL4 LEVEL5 LEVEL0 LEVEL1) [1]
Pruned:  0: (LOAD GOODS1 TRUCK1 MARKET1 LEVEL4 LEVEL5 LEVEL0 LEVEL1) [1]
Pruned:  0: (LOAD GOODS1 TRUCK1 MARKET1 LEVEL4 LEVEL5 LEVEL0 LEVEL1) [1]
Pruned:  0: (LOAD GOODS1 TRUCK1 MARKET1 LEVEL4 LEVEL5 LEVEL0 LEVEL1) [1]
Pruned:  0: (LOAD GOODS1 TRUCK1 MARKET1 LEVEL4 LEVEL5 LEVEL0 LEVEL1) [1]
Pruned:  0: (LOAD GOODS1 TRUCK1 MARKET1 LEVEL4 LEVEL5 LEVEL0 LEVEL1) [1]
Pruned:  0: (LOAD GOODS1 TRUCK1 MARKET1 LEVEL4 LEVEL5 LEVEL0 LEVEL1) [1]
Pruned:  0: (LOAD GOODS1 TRUCK1 MARKET1 LEVEL4 LEVEL5 LEVEL0 LEVEL1) [1]
Pruned:  0: (LOAD GOODS1 TRUCK1 MARKET1 LEVEL4 LEVEL5 LEVEL0 LEVEL1) [1]
Pruned:  0: (LOAD GOODS1 TRUCK1 MARKET1 LEVEL4 LEVEL5 LEVEL0 LEVEL1) [1]
Pruned:  0: (LOAD GOODS1 TRUCK1 MARKET1 LEVEL4 LEVEL5 LEVEL0 LEVEL1) [1]
Pruned:  0: (LOAD GOODS1 TRUCK1 MARKET1 LEVEL4 LEVEL5 LEVEL0 LEVEL1) [1]
Pruned:  0: (LOAD GOODS1 TRUCK1 MARKET1 LEVEL4 LEVEL5 LEVEL0 LEVEL1) [1]
Pruned:  0: (LOAD GOODS1 TRUCK1 MARKET1 LEVEL4 LEVEL5 LEVEL0 LEVEL1) [1]
Pruned:  0: (LOAD GOODS1 TRUCK1 MARKET1 LEVEL4 LEVEL5 LEVEL0 LEVEL1) [1]
Pruned:  0: (LOAD GOODS1 TRUCK1 MARKET1 LEVEL4 LEVEL5 LEVEL0 LEVEL1) [1]
Pruned:  0: (LOAD GOODS1 TRUCK1 MARKET1 LEVEL4 LEVEL5 LEVEL0 LEVEL1) [1]
Pruned:  0: (LOAD GOODS1 TRUCK1 MARKET1 LEVEL4 LEVEL5 LEVEL0 LEVEL1) [1]
Pruned:  0: (LOAD GOODS1 TRUCK1 MARKET1 LEVEL4 LEVEL5 LEVEL0 LEVEL1) [1]
Pruned:  0: (LOAD GOODS1 TRUCK1 MARKET1 LEVEL4 LEVEL5 LEVEL0 LEVEL1) [1]
Pruned:  0: (LOAD GOODS1 TRUCK1 MARKET1 LEVEL4 LEVEL5 LEVEL0 LEVEL1) [1]
Pruned:  0: (LOAD GOODS1 TRUCK1 MARKET1 LEVEL4 LEVEL5 LEVEL0 LEVEL1) [1]
Pruned:  0: (LOAD GOODS1 TRUCK1 MARKET1 LEVEL4 LEVEL5 LEVEL0 LEVEL1) [1]
Pruned:  0: (LOAD GOODS1 TRUCK1 MARKET1 LEVEL4 LEVEL5 LEVEL0 LEVEL1) [1]
Pruned:  0: (LOAD GOODS1 TRUCK1 MARKET1 LEVEL4 LEVEL5 LEVEL0 LEVEL1) [1]
Pruned:  0: (LOAD GOODS1 TRUCK1 MARKET1 LEVEL4 LEVEL5 LEVEL0 LEVEL1) [1]
Pruned:  0: (LOAD GOODS1 TRUCK1 MARKET1 LEVEL4 LEVEL5 LEVEL0 LEVEL1) [1]
Pruned:  0: (LOAD GOODS1 TRUCK1 MARKET1 LEVEL4 LEVEL5 LEVEL0 LEVEL1) [1]
Pruned:  0: (LOAD GOODS1 TRUCK1 MARKET1 LEVEL4 LEVEL5 LEVEL0 LEVEL1) [1]
Pruned:  0: (LOAD GOODS1 TRUCK1 MARKET1 LEVEL4 LEVEL5 LEVEL0 LEVEL1) [1]
Pruned:  0: (LOAD GOODS1 TRUCK1 MARKET1 LEVEL4 LEVEL5 LEVEL0 LEVEL1) [1]
Pruned:  0: (LOAD GOODS1 TRUCK1 MARKET1 LEVEL4 LEVEL5 LEVEL0 LEVEL1) [1]
Pruned:  0: (LOAD GOODS1 TRUCK1 MARKET1 LEVEL4 LEVEL5 LEVEL0 LEVEL1) [1]
Pruned:  0: (LOAD GOODS1 TRUCK1 MARKET1 LEVEL4 LEVEL5 LEVEL0 LEVEL1) [1]
Pruned:  0: (LOAD GOODS1 TRUCK1 MARKET1 LEVEL4 LEVEL5 LEVEL0 LEVEL1) [1]
Pruned:  0: (LOAD GOODS1 TRUCK1 MARKET1 LEVEL4 LEVEL5 LEVEL0 LEVEL1) [1]
Pruned:  0: (LOAD GOODS1 TRUCK1 MARKET1 LEVEL4 LEVEL5 LEVEL0 LEVEL1) [1]
Pruned:  0: (LOAD GOODS1 TRUCK1 MARKET1 LEVEL4 LEVEL5 LEVEL0 LEVEL1) [1]
Pruned:  0: (LOAD GOODS1 TRUCK1 MARKET1 LEVEL4 LEVEL5 LEVEL0 LEVEL1) [1]
Pruned:  0: (LOAD GOODS1 TRUCK1 MARKET1 LEVEL4 LEVEL5 LEVEL0 LEVEL1) [1]
Pruned:  0: (LOAD GOODS1 TRUCK1 MARKET1 LEVEL4 LEVEL5 LEVEL0 LEVEL1) [1]
Pruned:  0: (LOAD GOODS1 TRUCK1 MARKET1 LEVEL4 LEVEL5 LEVEL0 LEVEL1) [1]
Pruned:  0: (LOAD GOODS1 TRUCK1 MARKET1 LEVEL4 LEVEL5 LEVEL0 LEVEL1) [1]
Pruned:  0: (LOAD GOODS1 TRUCK1 MARKET1 LEVEL4 LEVEL5 LEVEL0 LEVEL1) [1]
Pruned:  0: (LOAD GOODS1 TRUCK1 MARKET1 LEVEL4 LEVEL5 LEVEL0 LEVEL1) [1]
Pruned:  0: (LOAD GOODS1 TRUCK1 MARKET1 LEVEL4 LEVEL5 LEVEL0 LEVEL1) [1]
Pruned:  0: (LOAD GOODS1 TRUCK1 MARKET1 LEVEL4 LEVEL5 LEVEL0 LEVEL1) [1]
Pruned:  0: (LOAD GOODS1 TRUCK1 MARKET1 LEVEL4 LEVEL5 LEVEL0 LEVEL1) [1]
Pruned:  0: (LOAD GOODS1 TRUCK1 MARKET1 LEVEL4 LEVEL5 LEVEL0 LEVEL1) [1]
Pruned:  0: (LOAD GOODS1 TRUCK1 MARKET1 LEVEL4 LEVEL5 LEVEL0 LEVEL1) [1]
Pruned:  0: (LOAD GOODS1 TRUCK1 MARKET1 LEVEL4 LEVEL5 LEVEL0 LEVEL1) [1]
Pruned:  0: (LOAD GOODS1 TRUCK1 MARKET1 LEVEL4 LEVEL5 LEVEL0 LEVEL1) [1]
Pruned:  0: (LOAD GOODS1 TRUCK1 MARKET1 LEVEL4 LEVEL5 LEVEL0 LEVEL1) [1]
Pruned:  0: (LOAD GOODS1 TRUCK1 MARKET1 LEVEL4 LEVEL5 LEVEL0 LEVEL1) [1]
Pruned:  0: (LOAD GOODS1 TRUCK1 MARKET1 LEVEL4 LEVEL5 LEVEL0 LEVEL1) [1]
Pruned:  0: (LOAD GOODS1 TRUCK1 MARKET1 LEVEL4 LEVEL5 LEVEL0 LEVEL1) [1]
Pruned:  0: (LOAD GOODS1 TRUCK1 MARKET1 LEVEL4 LEVEL5 LEVEL0 LEVEL1) [1]
Pruned:  0: (LOAD GOODS1 TRUCK1 MARKET1 LEVEL4 LEVEL5 LEVEL0 LEVEL1) [1]
Pruned:  0: (LOAD GOODS1 TRUCK1 MARKET1 LEVEL4 LEVEL5 LEVEL0 LEVEL1) [1]
Pruned:  0: (LOAD GOODS1 TRUCK1 MARKET1 LEVEL4 LEVEL5 LEVEL0 LEVEL1) [1]
Pruned:  0: (LOAD GOODS1 TRUCK1 MARKET1 LEVEL4 LEVEL5 LEVEL0 LEVEL1) [1]
Pruned:  0: (LOAD GOODS1 TRUCK1 MARKET1 LEVEL4 LEVEL5 LEVEL0 LEVEL1) [1]
Pruned:  0: (LOAD GOODS1 TRUCK1 MARKET1 LEVEL4 LEVEL5 LEVEL0 LEVEL1) [1]
Pruned:  0: (LOAD GOODS1 TRUCK1 MARKET1 LEVEL4 LEVEL5 LEVEL0 LEVEL1) [1]
Pruned:  0: (LOAD GOODS1 TRUCK1 MARKET1 LEVEL4 LEVEL5 LEVEL0 LEVEL1) [1]
Pruned:  0: (LOAD GOODS1 TRUCK1 MARKET1 LEVEL4 LEVEL5 LEVEL0 LEVEL1) [1]
Pruned:  0: (LOAD GOODS1 TRUCK1 MARKET1 LEVEL4 LEVEL5 LEVEL0 LEVEL1) [1]
Pruned:  0: (LOAD GOODS1 TRUCK1 MARKET1 LEVEL4 LEVEL5 LEVEL0 LEVEL1) [1]
Pruned:  0: (LOAD GOODS1 TRUCK1 MARKET1 LEVEL4 LEVEL5 LEVEL0 LEVEL1) [1]
Pruned:  0: (LOAD GOODS1 TRUCK1 MARKET1 LEVEL4 LEVEL5 LEVEL0 LEVEL1) [1]
Pruned:  0: (LOAD GOODS1 TRUCK1 MARKET1 LEVEL4 LEVEL5 LEVEL0 LEVEL1) [1]
Pruned:  0: (LOAD GOODS1 TRUCK1 MARKET1 LEVEL4 LEVEL5 LEVEL0 LEVEL1) [1]
Pruned:  0: (LOAD GOODS1 TRUCK1 MARKET1 LEVEL4 LEVEL5 LEVEL0 LEVEL1) [1]
Pruned:  0: (LOAD GOODS1 TRUCK1 MARKET1 LEVEL4 LEVEL5 LEVEL0 LEVEL1) [1]
Pruned:  0: (LOAD GOODS1 TRUCK1 MARKET1 LEVEL4 LEVEL5 LEVEL0 LEVEL1) [1]
Pruned:  0: (LOAD GOODS1 TRUCK1 MARKET1 LEVEL4 LEVEL5 LEVEL0 LEVEL1) [1]
Pruned:  0: (LOAD GOODS1 TRUCK1 MARKET1 LEVEL4 LEVEL5 LEVEL0 LEVEL1) [1]
Pruned:  0: (LOAD GOODS1 TRUCK1 MARKET1 LEVEL4 LEVEL5 LEVEL0 LEVEL1) [1]
Pruned:  0: (LOAD GOODS1 TRUCK1 MARKET1 LEVEL4 LEVEL5 LEVEL0 LEVEL1) [1]
Pruned:  0: (LOAD GOODS1 TRUCK1 MARKET1 LEVEL4 LEVEL5 LEVEL0 LEVEL1) [1]
Pruned:  0: (LOAD GOODS1 TRUCK1 MARKET1 LEVEL4 LEVEL5 LEVEL0 LEVEL1) [1]
Pruned:  0: (LOAD GOODS1 TRUCK1 MARKET1 LEVEL4 LEVEL5 LEVEL0 LEVEL1) [1]
Pruned:  0: (LOAD GOODS1 TRUCK1 MARKET1 LEVEL4 LEVEL5 LEVEL0 LEVEL1) [1]
Pruned:  0: (LOAD GOODS1 TRUCK1 MARKET1 LEVEL4 LEVEL5 LEVEL0 LEVEL1) [1]
Pruned:  0: (LOAD GOODS1 TRUCK1 MARKET1 LEVEL4 LEVEL5 LEVEL0 LEVEL1) [1]
Pruned:  0: (LOAD GOODS1 TRUCK1 MARKET1 LEVEL4 LEVEL5 LEVEL0 LEVEL1) [1]
Pruned:  0: (LOAD GOODS1 TRUCK1 MARKET1 LEVEL4 LEVEL5 LEVEL0 LEVEL1) [1]
Pruned:  0: (LOAD GOODS1 TRUCK1 MARKET1 LEVEL4 LEVEL5 LEVEL0 LEVEL1) [1]
Pruned:  0: (LOAD GOODS1 TRUCK1 MARKET1 LEVEL4 LEVEL5 LEVEL0 LEVEL1) [1]
Pruned:  0: (LOAD GOODS1 TRUCK1 MARKET1 LEVEL4 LEVEL5 LEVEL0 LEVEL1) [1]
Pruned:  0: (LOAD GOODS1 TRUCK1 MARKET1 LEVEL4 LEVEL5 LEVEL0 LEVEL1) [1]
Pruned:  0: (LOAD GOODS1 TRUCK1 MARKET1 LEVEL4 LEVEL5 LEVEL0 LEVEL1) [1]
Pruned:  0: (LOAD GOODS1 TRUCK1 MARKET1 LEVEL4 LEVEL5 LEVEL0 LEVEL1) [1]
Pruned:  0: (LOAD GOODS1 TRUCK1 MARKET1 LEVEL4 LEVEL5 LEVEL0 LEVEL1) [1]
Pruned:  0: (LOAD GOODS1 TRUCK1 MARKET1 LEVEL4 LEVEL5 LEVEL0 LEVEL1) [1]
Pruned:  0: (LOAD GOODS1 TRUCK1 MARKET1 LEVEL4 LEVEL5 LEVEL0 LEVEL1) [1]
Pruned:  0: (LOAD GOODS1 TRUCK1 MARKET1 LEVEL4 LEVEL5 LEVEL0 LEVEL1) [1]
Pruned:  0: (LOAD GOODS1 TRUCK1 MARKET1 LEVEL4 LEVEL5 LEVEL0 LEVEL1) [1]
Pruned:  0: (LOAD GOODS1 TRUCK1 MARKET1 LEVEL4 LEVEL5 LEVEL0 LEVEL1) [1]
Pruned:  0: (LOAD GOODS1 TRUCK1 MARKET1 LEVEL4 LEVEL5 LEVEL0 LEVEL1) [1]
Pruned:  0: (LOAD GOODS1 TRUCK1 MARKET1 LEVEL4 LEVEL5 LEVEL0 LEVEL1) [1]
Pruned:  0: (LOAD GOODS1 TRUCK1 MARKET1 LEVEL4 LEVEL5 LEVEL0 LEVEL1) [1]
Pruned:  0: (LOAD GOODS1 TRUCK1 MARKET1 LEVEL4 LEVEL5 LEVEL0 LEVEL1) [1]
Pruned:  0: (LOAD GOODS1 TRUCK1 MARKET1 LEVEL4 LEVEL5 LEVEL0 LEVEL1) [1]
Pruned:  0: (LOAD GOODS1 TRUCK1 MARKET1 LEVEL4 LEVEL5 LEVEL0 LEVEL1) [1]
Pruned:  0: (LOAD GOODS1 TRUCK1 MARKET1 LEVEL4 LEVEL5 LEVEL0 LEVEL1) [1]
Pruned:  0: (LOAD GOODS1 TRUCK1 MARKET1 LEVEL4 LEVEL5 LEVEL0 LEVEL1) [1]
Pruned:  0: (LOAD GOODS1 TRUCK1 MARKET1 LEVEL4 LEVEL5 LEVEL0 LEVEL1) [1]
Pruned:  0: (LOAD GOODS1 TRUCK1 MARKET1 LEVEL4 LEVEL5 LEVEL0 LEVEL1) [1]
Pruned:  0: (LOAD GOODS1 TRUCK1 MARKET1 LEVEL4 LEVEL5 LEVEL0 LEVEL1) [1]
Pruned:  0: (LOAD GOODS1 TRUCK1 MARKET1 LEVEL4 LEVEL5 LEVEL0 LEVEL1) [1]
Pruned:  0: (LOAD GOODS1 TRUCK1 MARKET1 LEVEL4 LEVEL5 LEVEL0 LEVEL1) [1]
Pruned:  0: (LOAD GOODS1 TRUCK1 MARKET1 LEVEL4 LEVEL5 LEVEL0 LEVEL1) [1]
Pruned:  0: (LOAD GOODS1 TRUCK1 MARKET1 LEVEL4 LEVEL5 LEVEL0 LEVEL1) [1]
Pruned:  0: (LOAD GOODS1 TRUCK1 MARKET1 LEVEL4 LEVEL5 LEVEL0 LEVEL1) [1]
Pruned:  0: (LOAD GOODS1 TRUCK1 MARKET1 LEVEL4 LEVEL5 LEVEL0 LEVEL1) [1]
Pruned:  0: (LOAD GOODS1 TRUCK1 MARKET1 LEVEL4 LEVEL5 LEVEL0 LEVEL1) [1]
Pruned:  0: (LOAD GOODS1 TRUCK1 MARKET1 LEVEL4 LEVEL5 LEVEL0 LEVEL1) [1]
Pruned:  0: (LOAD GOODS1 TRUCK1 MARKET1 LEVEL4 LEVEL5 LEVEL0 LEVEL1) [1]
Pruned:  0: (LOAD GOODS1 TRUCK1 MARKET1 LEVEL4 LEVEL5 LEVEL0 LEVEL1) [1]
Pruned:  0: (LOAD GOODS1 TRUCK1 MARKET1 LEVEL4 LEVEL5 LEVEL0 LEVEL1) [1]
Pruned:  0: (LOAD GOODS1 TRUCK1 MARKET1 LEVEL4 LEVEL5 LEVEL0 LEVEL1) [1]
Pruned:  0: (LOAD GOODS1 TRUCK1 MARKET1 LEVEL4 LEVEL5 LEVEL0 LEVEL1) [1]
Pruned:  0: (LOAD GOODS1 TRUCK1 MARKET1 LEVEL4 LEVEL5 LEVEL0 LEVEL1) [1]
Pruned:  0: (LOAD GOODS1 TRUCK1 MARKET1 LEVEL4 LEVEL5 LEVEL0 LEVEL1) [1]
Pruned:  0: (LOAD GOODS1 TRUCK1 MARKET1 LEVEL4 LEVEL5 LEVEL0 LEVEL1) [1]
Pruned:  0: (LOAD GOODS1 TRUCK1 MARKET1 LEVEL4 LEVEL5 LEVEL0 LEVEL1) [1]
Pruned:  0: (LOAD GOODS1 TRUCK1 MARKET1 LEVEL4 LEVEL5 LEVEL0 LEVEL1) [1]
Pruned:  0: (LOAD GOODS1 TRUCK1 MARKET1 LEVEL4 LEVEL5 LEVEL0 LEVEL1) [1]
Pruned:  0: (LOAD GOODS1 TRUCK1 MARKET1 LEVEL4 LEVEL5 LEVEL0 LEVEL1) [1]
Pruned:  0: (LOAD GOODS1 TRUCK1 MARKET1 LEVEL4 LEVEL5 LEVEL0 LEVEL1) [1]
Pruned:  0: (LOAD GOODS1 TRUCK1 MARKET1 LEVEL4 LEVEL5 LEVEL0 LEVEL1) [1]
Pruned:  0: (LOAD GOODS1 TRUCK1 MARKET1 LEVEL4 LEVEL5 LEVEL0 LEVEL1) [1]
Pruned:  0: (LOAD GOODS1 TRUCK1 MARKET1 LEVEL4 LEVEL5 LEVEL0 LEVEL1) [1]
Pruned:  0: (LOAD GOODS1 TRUCK1 MARKET1 LEVEL4 LEVEL5 LEVEL0 LEVEL1) [1]
Pruned:  0: (LOAD GOODS1 TRUCK1 MARKET1 LEVEL4 LEVEL5 LEVEL0 LEVEL1) [1]
Pruned:  0: (LOAD GOODS1 TRUCK1 MARKET1 LEVEL4 LEVEL5 LEVEL0 LEVEL1) [1]
Pruned:  0: (LOAD GOODS1 TRUCK1 MARKET1 LEVEL4 LEVEL5 LEVEL0 LEVEL1) [1]
Pruned:  0: (LOAD GOODS1 TRUCK1 MARKET1 LEVEL4 LEVEL5 LEVEL0 LEVEL1) [1]
Pruned:  0: (LOAD GOODS1 TRUCK1 MARKET1 LEVEL4 LEVEL5 LEVEL0 LEVEL1) [1]
Pruned:  0: (LOAD GOODS1 TRUCK1 MARKET1 LEVEL4 LEVEL5 LEVEL0 LEVEL1) [1]
Pruned:  0: (LOAD GOODS1 TRUCK1 MARKET1 LEVEL4 LEVEL5 LEVEL0 LEVEL1) [1]
Pruned:  0: (LOAD GOODS1 TRUCK1 MARKET1 LEVEL4 LEVEL5 LEVEL0 LEVEL1) [1]
Pruned:  0: (LOAD GOODS1 TRUCK1 MARKET1 LEVEL4 LEVEL5 LEVEL0 LEVEL1) [1]
Pruned:  0: (LOAD GOODS1 TRUCK1 MARKET1 LEVEL4 LEVEL5 LEVEL0 LEVEL1) [1]
Pruned:  0: (LOAD GOODS1 TRUCK1 MARKET1 LEVEL4 LEVEL5 LEVEL0 LEVEL1) [1]
Pruned:  0: (LOAD GOODS1 TRUCK1 MARKET1 LEVEL4 LEVEL5 LEVEL0 LEVEL1) [1]
Pruned:  0: (LOAD GOODS1 TRUCK1 MARKET1 LEVEL4 LEVEL5 LEVEL0 LEVEL1) [1]
Pruned:  0: (LOAD GOODS1 TRUCK1 MARKET1 LEVEL4 LEVEL5 LEVEL0 LEVEL1) [1]
Pruned:  0: (LOAD GOODS1 TRUCK1 MARKET1 LEVEL4 LEVEL5 LEVEL0 LEVEL1) [1]
Pruned:  0: (LOAD GOODS1 TRUCK1 MARKET1 LEVEL4 LEVEL5 LEVEL0 LEVEL1) [1]
Pruned:  0: (LOAD GOODS1 TRUCK1 MARKET1 LEVEL4 LEVEL5 LEVEL0 LEVEL1) [1]
Pruned:  0: (LOAD GOODS1 TRUCK1 MARKET1 LEVEL4 LEVEL5 LEVEL0 LEVEL1) [1]
Pruned:  0: (LOAD GOODS1 TRUCK1 MARKET1 LEVEL4 LEVEL5 LEVEL0 LEVEL1) [1]
Pruned:  0: (LOAD GOODS1 TRUCK1 MARKET1 LEVEL4 LEVEL5 LEVEL0 LEVEL1) [1]
Pruned:  0: (LOAD GOODS1 TRUCK1 MARKET1 LEVEL4 LEVEL5 LEVEL0 LEVEL1) [1]
Pruned:  0: (LOAD GOODS1 TRUCK1 MARKET1 LEVEL4 LEVEL5 LEVEL0 LEVEL1) [1]
Pruned:  0: (LOAD GOODS1 TRUCK1 MARKET1 LEVEL4 LEVEL5 LEVEL0 LEVEL1) [1]
Pruned:  0: (LOAD GOODS1 TRUCK1 MARKET1 LEVEL4 LEVEL5 LEVEL0 LEVEL1) [1]
Pruned:  0: (LOAD GOODS1 TRUCK1 MARKET1 LEVEL4 LEVEL5 LEVEL0 LEVEL1) [1]
Pruned:  0: (LOAD GOODS1 TRUCK1 MARKET1 LEVEL4 LEVEL5 LEVEL0 LEVEL1) [1]
Pruned:  0: (LOAD GOODS1 TRUCK1 MARKET1 LEVEL4 LEVEL5 LEVEL0 LEVEL1) [1]
Pruned:  0: (LOAD GOODS1 TRUCK1 MARKET1 LEVEL4 LEVEL5 LEVEL0 LEVEL1) [1]
Pruned:  0: (LOAD GOODS1 TRUCK1 MARKET1 LEVEL4 LEVEL5 LEVEL0 LEVEL1) [1]
Pruned:  0: (LOAD GOODS1 TRUCK1 MARKET1 LEVEL4 LEVEL5 LEVEL0 LEVEL1) [1]
Pruned:  0: (LOAD GOODS1 TRUCK1 MARKET1 LEVEL4 LEVEL5 LEVEL0 LEVEL1) [1]
Pruned:  0: (LOAD GOODS1 TRUCK1 MARKET1 LEVEL4 LEVEL5 LEVEL0 LEVEL1) [1]
Pruned:  0: (LOAD GOODS1 TRUCK1 MARKET1 LEVEL4 LEVEL5 LEVEL0 LEVEL1) [1]
Pruned:  0: (LOAD GOODS1 TRUCK1 MARKET1 LEVEL4 LEVEL5 LEVEL0 LEVEL1) [1]
Pruned:  0: (LOAD GOODS1 TRUCK1 MARKET1 LEVEL4 LEVEL5 LEVEL0 LEVEL1) [1]
Pruned:  0: (LOAD GOODS1 TRUCK1 MARKET1 LEVEL4 LEVEL5 LEVEL0 LEVEL1) [1]
Pruned:  0: (LOAD GOODS1 TRUCK1 MARKET1 LEVEL4 LEVEL5 LEVEL0 LEVEL1) [1]
Pruned:  0: (LOAD GOODS1 TRUCK1 MARKET1 LEVEL4 LEVEL5 LEVEL0 LEVEL1) [1]
Pruned:  0: (LOAD GOODS1 TRUCK1 MARKET1 LEVEL4 LEVEL5 LEVEL0 LEVEL1) [1]
Pruned:  0: (LOAD GOODS1 TRUCK1 MARKET1 LEVEL4 LEVEL5 LEVEL0 LEVEL1) [1]
Pruned:  0: (LOAD GOODS1 TRUCK1 MARKET1 LEVEL4 LEVEL5 LEVEL0 LEVEL1) [1]
Pruned:  0: (LOAD GOODS1 TRUCK1 MARKET1 LEVEL4 LEVEL5 LEVEL0 LEVEL1) [1]
Pruned:  0: (LOAD GOODS1 TRUCK1 MARKET1 LEVEL4 LEVEL5 LEVEL0 LEVEL1) [1]
Pruned:  0: (LOAD GOODS1 TRUCK1 MARKET1 LEVEL4 LEVEL5 LEVEL0 LEVEL1) [1]
Pruned:  0: (LOAD GOODS1 TRUCK1 MARKET1 LEVEL4 LEVEL5 LEVEL0 LEVEL1) [1]
Pruned:  0: (LOAD GOODS1 TRUCK1 MARKET1 LEVEL4 LEVEL5 LEVEL0 LEVEL1) [1]
Pruned:  0: (LOAD GOODS1 TRUCK1 MARKET1 LEVEL4 LEVEL5 LEVEL0 LEVEL1) [1]
Pruned:  0: (LOAD GOODS1 TRUCK1 MARKET1 LEVEL4 LEVEL5 LEVEL0 LEVEL1) [1]
Pruned:  0: (LOAD GOODS1 TRUCK1 MARKET1 LEVEL4 LEVEL5 LEVEL0 LEVEL1) [1]
Pruned:  0: (LOAD GOODS1 TRUCK1 MARKET1 LEVEL4 LEVEL5 LEVEL0 LEVEL1) [1]
Pruned:  0: (LOAD GOODS1 TRUCK1 MARKET1 LEVEL4 LEVEL5 LEVEL0 LEVEL1) [1]
Pruned:  0: (LOAD GOODS1 TRUCK1 MARKET1 LEVEL4 LEVEL5 LEVEL0 LEVEL1) [1]
Pruned:  0: (LOAD GOODS1 TRUCK1 MARKET1 LEVEL4 LEVEL5 LEVEL0 LEVEL1) [1]
Pruned:  0: (LOAD GOODS1 TRUCK1 MARKET1 LEVEL4 LEVEL5 LEVEL0 LEVEL1) [1]
Pruned:  0: (LOAD GOODS1 TRUCK1 MARKET1 LEVEL4 LEVEL5 LEVEL0 LEVEL1) [1]
Pruned:  0: (LOAD GOODS1 TRUCK1 MARKET1 LEVEL4 LEVEL5 LEVEL0 LEVEL1) [1]
Pruned:  0: (LOAD GOODS1 TRUCK1 MARKET1 LEVEL4 LEVEL5 LEVEL0 LEVEL1) [1]
Pruned:  0: (LOAD GOODS1 TRUCK1 MARKET1 LEVEL4 LEVEL5 LEVEL0 LEVEL1) [1]
Pruned:  0: (LOAD GOODS1 TRUCK1 MARKET1 LEVEL4 LEVEL5 LEVEL0 LEVEL1) [1]
Pruned:  0: (LOAD GOODS1 TRUCK1 MARKET1 LEVEL4 LEVEL5 LEVEL0 LEVEL1) [1]
Pruned:  0: (LOAD GOODS1 TRUCK1 MARKET1 LEVEL4 LEVEL5 LEVEL0 LEVEL1) [1]
Pruned:  0: (LOAD GOODS1 TRUCK1 MARKET1 LEVEL4 LEVEL5 LEVEL0 LEVEL1) [1]
Pruned:  0: (LOAD GOODS1 TRUCK1 MARKET1 LEVEL4 LEVEL5 LEVEL0 LEVEL1) [1]
Pruned:  0: (LOAD GOODS1 TRUCK1 MARKET1 LEVEL4 LEVEL5 LEVEL0 LEVEL1) [1]
Pruned:  0: (LOAD GOODS1 TRUCK1 MARKET1 LEVEL4 LEVEL5 LEVEL0 LEVEL1) [1]
Pruned:  0: (LOAD GOODS1 TRUCK1 MARKET1 LEVEL4 LEVEL5 LEVEL0 LEVEL1) [1]
Pruned:  0: (LOAD GOODS1 TRUCK1 MARKET1 LEVEL4 LEVEL5 LEVEL0 LEVEL1) [1]
Pruned:  0: (LOAD GOODS1 TRUCK1 MARKET1 LEVEL4 LEVEL5 LEVEL0 LEVEL1) [1]
Pruned:  0: (LOAD GOODS1 TRUCK1 MARKET1 LEVEL4 LEVEL5 LEVEL0 LEVEL1) [1]
Pruned:  0: (LOAD GOODS1 TRUCK1 MARKET1 LEVEL4 LEVEL5 LEVEL0 LEVEL1) [1]
Pruned:  0: (LOAD GOODS1 TRUCK1 MARKET1 LEVEL4 LEVEL5 LEVEL0 LEVEL1) [1]
Pruned:  0: (LOAD GOODS1 TRUCK1 MARKET1 LEVEL4 LEVEL5 LEVEL0 LEVEL1) [1]
Pruned:  0: (LOAD GOODS1 TRUCK1 MARKET1 LEVEL4 LEVEL5 LEVEL0 LEVEL1) [1]
Pruned:  0: (LOAD GOODS1 TRUCK1 MARKET1 LEVEL4 LEVEL5 LEVEL0 LEVEL1) [1]
Pruned:  0: (LOAD GOODS1 TRUCK1 MARKET1 LEVEL4 LEVEL5 LEVEL0 LEVEL1) [1]
Pruned:  0: (LOAD GOODS1 TRUCK1 MARKET1 LEVEL4 LEVEL5 LEVEL0 LEVEL1) [1]
Pruned:  0: (LOAD GOODS1 TRUCK1 MARKET1 LEVEL4 LEVEL5 LEVEL0 LEVEL1) [1]
Pruned:  0: (LOAD GOODS1 TRUCK1 MARKET1 LEVEL4 LEVEL5 LEVEL0 LEVEL1) [1]
Pruned:  0: (LOAD GOODS1 TRUCK1 MARKET1 LEVEL4 LEVEL5 LEVEL0 LEVEL1) [1]
Pruned:  0: (LOAD GOODS1 TRUCK1 MARKET1 LEVEL4 LEVEL5 LEVEL0 LEVEL1) [1]
Pruned:  0: (LOAD GOODS1 TRUCK1 MARKET1 LEVEL4 LEVEL5 LEVEL0 LEVEL1) [1]
Pruned:  0: (LOAD GOODS1 TRUCK1 MARKET1 LEVEL4 LEVEL5 LEVEL0 LEVEL1) [1]
Pruned:  0: (LOAD GOODS1 TRUCK1 MARKET1 LEVEL4 LEVEL5 LEVEL0 LEVEL1) [1]
Pruned:  0: (LOAD GOODS1 TRUCK1 MARKET1 LEVEL4 LEVEL5 LEVEL0 LEVEL1) [1]
Pruned:  0: (LOAD GOODS1 TRUCK1 MARKET1 LEVEL4 LEVEL5 LEVEL0 LEVEL1) [1]
Pruned:  0: (LOAD GOODS1 TRUCK1 MARKET1 LEVEL4 LEVEL5 LEVEL0 LEVEL1) [1]
Pruned:  0: (LOAD GOODS1 TRUCK1 MARKET1 LEVEL4 LEVEL5 LEVEL0 LEVEL1) [1]
Pruned:  0: (LOAD GOODS1 TRUCK1 MARKET1 LEVEL4 LEVEL5 LEVEL0 LEVEL1) [1]
Pruned:  0: (LOAD GOODS1 TRUCK1 MARKET1 LEVEL4 LEVEL5 LEVEL0 LEVEL1) [1]
Pruned:  0: (LOAD GOODS1 TRUCK1 MARKET1 LEVEL4 LEVEL5 LEVEL0 LEVEL1) [1]
Pruned:  0: (LOAD GOODS1 TRUCK1 MARKET1 LEVEL4 LEVEL5 LEVEL0 LEVEL1) [1]
Pruned:  0: (LOAD GOODS1 TRUCK1 MARKET1 LEVEL4 LEVEL5 LEVEL0 LEVEL1) [1]
Pruned:  0: (LOAD GOODS1 TRUCK1 MARKET1 LEVEL4 LEVEL5 LEVEL0 LEVEL1) [1]
Pruned:  0: (LOAD GOODS1 TRUCK1 MARKET1 LEVEL4 LEVEL5 LEVEL0 LEVEL1) [1]
Pruned:  0: (LOAD GOODS1 TRUCK1 MARKET1 LEVEL4 LEVEL5 LEVEL0 LEVEL1) [1]
Pruned:  0: (LOAD GOODS1 TRUCK1 MARKET1 LEVEL4 LEVEL5 LEVEL0 LEVEL1) [1]
Pruned:  0: (LOAD GOODS1 TRUCK1 MARKET1 LEVEL4 LEVEL5 LEVEL0 LEVEL1) [1]
Pruned:  0: (LOAD GOODS1 TRUCK1 MARKET1 LEVEL4 LEVEL5 LEVEL0 LEVEL1) [1]
Pruned:  0: (LOAD GOODS1 TRUCK1 MARKET1 LEVEL4 LEVEL5 LEVEL0 LEVEL1) [1]
Pruned:  0: (LOAD GOODS1 TRUCK1 MARKET1 LEVEL4 LEVEL5 LEVEL0 LEVEL1) [1]
Pruned:  0: (LOAD GOODS1 TRUCK1 MARKET1 LEVEL4 LEVEL5 LEVEL0 LEVEL1) [1]
Pruned:  0: (LOAD GOODS1 TRUCK1 MARKET1 LEVEL4 LEVEL5 LEVEL0 LEVEL1) [1]
Pruned:  0: (LOAD GOODS1 TRUCK1 MARKET1 LEVEL4 LEVEL5 LEVEL0 LEVEL1) [1]
Pruned:  0: (LOAD GOODS1 TRUCK1 MARKET1 LEVEL4 LEVEL5 LEVEL0 LEVEL1) [1]
Pruned:  0: (LOAD GOODS1 TRUCK1 MARKET1 LEVEL4 LEVEL5 LEVEL0 LEVEL1) [1]
Pruned:  0: (LOAD GOODS1 TRUCK1 MARKET1 LEVEL4 LEVEL5 LEVEL0 LEVEL1) [1]
Pruned:  0: (LOAD GOODS1 TRUCK1 MARKET1 LEVEL4 LEVEL5 LEVEL0 LEVEL1) [1]
Pruned:  0: (LOAD GOODS1 TRUCK1 MARKET1 LEVEL4 LEVEL5 LEVEL0 LEVEL1) [1]
Pruned:  0: (LOAD GOODS1 TRUCK1 MARKET1 LEVEL4 LEVEL5 LEVEL0 LEVEL1) [1]
Pruned:  0: (LOAD GOODS1 TRUCK1 MARKET1 LEVEL4 LEVEL5 LEVEL0 LEVEL1) [1]
Pruned:  0: (LOAD GOODS1 TRUCK1 MARKET1 LEVEL4 LEVEL5 LEVEL0 LEVEL1) [1]
Pruned:  0: (LOAD GOODS1 TRUCK1 MARKET1 LEVEL4 LEVEL5 LEVEL0 LEVEL1) [1]
Pruned:  0: (LOAD GOODS1 TRUCK1 MARKET1 LEVEL4 LEVEL5 LEVEL0 LEVEL1) [1]
Pruned:  0: (LOAD GOODS1 TRUCK1 MARKET1 LEVEL4 LEVEL5 LEVEL0 LEVEL1) [1]
Pruned:  0: (LOAD GOODS1 TRUCK1 MARKET1 LEVEL4 LEVEL5 LEVEL0 LEVEL1) [1]
Pruned:  0: (LOAD GOODS1 TRUCK1 MARKET1 LEVEL4 LEVEL5 LEVEL0 LEVEL1) [1]
Pruned:  0: (LOAD GOODS1 TRUCK1 MARKET1 LEVEL4 LEVEL5 LEVEL0 LEVEL1) [1]
Pruned:  0: (LOAD GOODS1 TRUCK1 MARKET1 LEVEL4 LEVEL5 LEVEL0 LEVEL1) [1]
Pruned:  0: (LOAD GOODS1 TRUCK1 MARKET1 LEVEL4 LEVEL5 LEVEL0 LEVEL1) [1]
Pruned:  0: (LOAD GOODS1 TRUCK1 MARKET1 LEVEL4 LEVEL5 LEVEL0 LEVEL1) [1]
Pruned:  0: (LOAD GOODS1 TRUCK1 MARKET1 LEVEL4 LEVEL5 LEVEL0 LEVEL1) [1]
Pruned:  0: (LOAD GOODS1 TRUCK1 MARKET1 LEVEL4 LEVEL5 LEVEL0 LEVEL1) [1]
Pruned:  0: (LOAD GOODS1 TRUCK1 MARKET1 LEVEL4 LEVEL5 LEVEL0 LEVEL1) [1]
Pruned:  0: (LOAD GOODS1 TRUCK1 MARKET1 LEVEL4 LEVEL5 LEVEL0 LEVEL1) [1]
Pruned:  0: (LOAD GOODS1 TRUCK1 MARKET1 LEVEL4 LEVEL5 LEVEL0 LEVEL1) [1]
Pruned:  0: (LOAD GOODS1 TRUCK1 MARKET1 LEVEL4 LEVEL5 LEVEL0 LEVEL1) [1]
Pruned:  0: (LOAD GOODS1 TRUCK1 MARKET1 LEVEL4 LEVEL5 LEVEL0 LEVEL1) [1]
Pruned:  0: (LOAD GOODS1 TRUCK1 MARKET1 LEVEL4 LEVEL5 LEVEL0 LEVEL1) [1]
Pruned:  0: (LOAD GOODS1 TRUCK1 MARKET1 LEVEL4 LEVEL5 LEVEL0 LEVEL1) [1]
Pruned:  0: (LOAD GOODS1 TRUCK1 MARKET1 LEVEL4 LEVEL5 LEVEL0 LEVEL1) [1]
Pruned:  0: (LOAD GOODS1 TRUCK1 MARKET1 LEVEL4 LEVEL5 LEVEL0 LEVEL1) [1]
Pruned:  0: (LOAD GOODS1 TRUCK1 MARKET1 LEVEL4 LEVEL5 LEVEL0 LEVEL1) [1]
Pruned:  0: (LOAD GOODS1 TRUCK1 MARKET1 LEVEL4 LEVEL5 LEVEL0 LEVEL1) [1]
Pruned:  0: (LOAD GOODS1 TRUCK1 MARKET1 LEVEL4 LEVEL5 LEVEL0 LEVEL1) [1]
Pruned:  0: (LOAD GOODS1 TRUCK1 MARKET1 LEVEL4 LEVEL5 LEVEL0 LEVEL1) [1]
Pruned:  0: (LOAD GOODS1 TRUCK1 MARKET1 LEVEL4 LEVEL5 LEVEL0 LEVEL1) [1]
Pruned:  0: (LOAD GOODS1 TRUCK1 MARKET1 LEVEL4 LEVEL5 LEVEL0 LEVEL1) [1]
Pruned:  0: (LOAD GOODS1 TRUCK1 MARKET1 LEVEL4 LEVEL5 LEVEL0 LEVEL1) [1]
Pruned:  0: (LOAD GOODS1 TRUCK1 MARKET1 LEVEL4 LEVEL5 LEVEL0 LEVEL1) [1]
Pruned:  0: (LOAD GOODS1 TRUCK1 MARKET1 LEVEL4 LEVEL5 LEVEL0 LEVEL1) [1]
Pruned:  0: (LOAD GOODS1 TRUCK1 MARKET1 LEVEL4 LEVEL5 LEVEL0 LEVEL1) [1]
Pruned:  0: (LOAD GOODS1 TRUCK1 MARKET1 LEVEL4 LEVEL5 LEVEL0 LEVEL1) [1]
Pruned:  0: (LOAD GOODS1 TRUCK1 MARKET1 LEVEL4 LEVEL5 LEVEL0 LEVEL1) [1]
Pruned:  0: (LOAD GOODS1 TRUCK1 MARKET1 LEVEL4 LEVEL5 LEVEL0 LEVEL1) [1]
Pruned:  0: (LOAD GOODS1 TRUCK1 MARKET1 LEVEL4 LEVEL5 LEVEL0 LEVEL1) [1]
Pruned:  0: (LOAD GOODS1 TRUCK1 MARKET1 LEVEL4 LEVEL5 LEVEL0 LEVEL1) [1]
Pruned:  0: (LOAD GOODS1 TRUCK1 MARKET1 LEVEL4 LEVEL5 LEVEL0 LEVEL1) [1]
Pruned:  0: (LOAD GOODS1 TRUCK1 MARKET1 LEVEL4 LEVEL5 LEVEL0 LEVEL1) [1]
Pruned:  0: (LOAD GOODS1 TRUCK1 MARKET1 LEVEL4 LEVEL5 LEVEL0 LEVEL1) [1]
Pruned:  0: (LOAD GOODS1 TRUCK1 MARKET1 LEVEL4 LEVEL5 LEVEL0 LEVEL1) [1]
Pruned:  0: (LOAD GOODS1 TRUCK1 MARKET1 LEVEL4 LEVEL5 LEVEL0 LEVEL1) [1]
Pruned:  0: (LOAD GOODS1 TRUCK1 MARKET1 LEVEL4 LEVEL5 LEVEL0 LEVEL1) [1]
Pruned:  0: (LOAD GOODS1 TRUCK1 MARKET1 LEVEL4 LEVEL5 LEVEL0 LEVEL1) [1]
Pruned:  0: (LOAD GOODS1 TRUCK1 MARKET1 LEVEL4 LEVEL5 LEVEL0 LEVEL1) [1]
Pruned:  0: (LOAD GOODS1 TRUCK1 MARKET1 LEVEL4 LEVEL5 LEVEL0 LEVEL1) [1]
Pruned:  0: (LOAD GOODS1 TRUCK1 MARKET1 LEVEL4 LEVEL5 LEVEL0 LEVEL1) [1]
Pruned:  0: (LOAD GOODS1 TRUCK1 MARKET1 LEVEL4 LEVEL5 LEVEL0 LEVEL1) [1]
Pruned:  0: (LOAD GOODS1 TRUCK1 MARKET1 LEVEL4 LEVEL5 LEVEL0 LEVEL1) [1]
Pruned:  0: (LOAD GOODS1 TRUCK1 MARKET1 LEVEL4 LEVEL5 LEVEL0 LEVEL1) [1]
Pruned:  0: (LOAD GOODS1 TRUCK1 MARKET1 LEVEL4 LEVEL5 LEVEL0 LEVEL1) [1]
Pruned:  0: (LOAD GOODS1 TRUCK1 MARKET1 LEVEL4 LEVEL5 LEVEL0 LEVEL1) [1]
Pruned:  0: (LOAD GOODS1 TRUCK1 MARKET1 LEVEL4 LEVEL5 LEVEL0 LEVEL1) [1]
Pruned:  0: (LOAD GOODS1 TRUCK1 MARKET1 LEVEL4 LEVEL5 LEVEL0 LEVEL1) [1]
Pruned:  0: (LOAD GOODS1 TRUCK1 MARKET1 LEVEL4 LEVEL5 LEVEL0 LEVEL1) [1]
Pruned:  0: (LOAD GOODS1 TRUCK1 MARKET1 LEVEL4 LEVEL5 LEVEL0 LEVEL1) [1]
Pruned:  0: (LOAD GOODS1 TRUCK1 MARKET1 LEVEL4 LEVEL5 LEVEL0 LEVEL1) [1]
Pruned:  0: (LOAD GOODS1 TRUCK1 MARKET1 LEVEL4 LEVEL5 LEVEL0 LEVEL1) [1]
Pruned:  0: (LOAD GOODS1 TRUCK1 MARKET1 LEVEL4 LEVEL5 LEVEL0 LEVEL1) [1]
Pruned:  0: (LOAD GOODS1 TRUCK1 MARKET1 LEVEL4 LEVEL5 LEVEL0 LEVEL1) [1]
Pruned:  0: (LOAD GOODS1 TRUCK1 MARKET1 LEVEL4 LEVEL5 LEVEL0 LEVEL1) [1]
Pruned:  0: (LOAD GOODS1 TRUCK1 MARKET1 LEVEL4 LEVEL5 LEVEL0 LEVEL1) [1]
Pruned:  0: (LOAD GOODS1 TRUCK1 MARKET1 LEVEL4 LEVEL5 LEVEL0 LEVEL1) [1]
Pruned:  0: (LOAD GOODS1 TRUCK1 MARKET1 LEVEL4 LEVEL5 LEVEL0 LEVEL1) [1]
Pruned:  0: (LOAD GOODS1 TRUCK1 MARKET1 LEVEL4 LEVEL5 LEVEL0 LEVEL1) [1]
Pruned:  0: (LOAD GOODS1 TRUCK1 MARKET1 LEVEL4 LEVEL5 LEVEL0 LEVEL1) [1]
Pruned:  0: (LOAD GOODS1 TRUCK1 MARKET1 LEVEL4 LEVEL5 LEVEL0 LEVEL1) [1]
Pruned:  0: (LOAD GOODS1 TRUCK1 MARKET1 LEVEL4 LEVEL5 LEVEL0 LEVEL1) [1]
Pruned:  0: (LOAD GOODS1 TRUCK1 MARKET1 LEVEL4 LEVEL5 LEVEL0 LEVEL1) [1]
Pruned:  0: (LOAD GOODS1 TRUCK1 MARKET1 LEVEL4 LEVEL5 LEVEL0 LEVEL1) [1]
Pruned:  0: (LOAD GOODS1 TRUCK1 MARKET1 LEVEL4 LEVEL5 LEVEL0 LEVEL1) [1]
Pruned:  0: (LOAD GOODS1 TRUCK1 MARKET1 LEVEL4 LEVEL5 LEVEL0 LEVEL1) [1]
Pruned:  0: (LOAD GOODS1 TRUCK1 MARKET1 LEVEL4 LEVEL5 LEVEL0 LEVEL1) [1]
Pruned:  0: (LOAD GOODS1 TRUCK1 MARKET1 LEVEL4 LEVEL5 LEVEL0 LEVEL1) [1]
Pruned:  0: (LOAD GOODS1 TRUCK1 MARKET1 LEVEL4 LEVEL5 LEVEL0 LEVEL1) [1]
Pruned:  0: (LOAD GOODS1 TRUCK1 MARKET1 LEVEL4 LEVEL5 LEVEL0 LEVEL1) [1]
Pruned:  0: (LOAD GOODS1 TRUCK1 MARKET1 LEVEL4 LEVEL5 LEVEL0 LEVEL1) [1]
Pruned:  0: (LOAD GOODS1 TRUCK1 MARKET1 LEVEL4 LEVEL5 LEVEL0 LEVEL1) [1]
Pruned:  0: (LOAD GOODS1 TRUCK1 MARKET1 LEVEL4 LEVEL5 LEVEL0 LEVEL1) [1]
Pruned:  0: (LOAD GOODS1 TRUCK1 MARKET1 LEVEL4 LEVEL5 LEVEL0 LEVEL1) [1]
Pruned:  0: (LOAD GOODS1 TRUCK1 MARKET1 LEVEL4 LEVEL5 LEVEL0 LEVEL1) [1]
Pruned:  0: (LOAD GOODS1 TRUCK1 MARKET1 LEVEL4 LEVEL5 LEVEL0 LEVEL1) [1]
Pruned:  0: (LOAD GOODS1 TRUCK1 MARKET1 LEVEL4 LEVEL5 LEVEL0 LEVEL1) [1]
Pruned:  0: (LOAD GOODS1 TRUCK1 MARKET1 LEVEL4 LEVEL5 LEVEL0 LEVEL1) [1]
Pruned:  0: (LOAD GOODS1 TRUCK1 MARKET1 LEVEL4 LEVEL5 LEVEL0 LEVEL1) [1]
Pruned:  0: (LOAD GOODS1 TRUCK1 MARKET1 LEVEL4 LEVEL5 LEVEL0 LEVEL1) [1]
Pruned:  0: (LOAD GOODS1 TRUCK1 MARKET1 LEVEL4 LEVEL5 LEVEL0 LEVEL1) [1]
Pruned:  0: (LOAD GOODS1 TRUCK1 MARKET1 LEVEL4 LEVEL5 LEVEL0 LEVEL1) [1]
Pruned:  0: (LOAD GOODS1 TRUCK1 MARKET1 LEVEL4 LEVEL5 LEVEL0 LEVEL1) [1]
Pruned:  0: (LOAD GOODS1 TRUCK1 MARKET1 LEVEL4 LEVEL5 LEVEL0 LEVEL1) [1]
Pruned:  0: (LOAD GOODS1 TRUCK1 MARKET1 LEVEL4 LEVEL5 LEVEL0 LEVEL1) [1]
Pruned:  0: (LOAD GOODS1 TRUCK1 MARKET1 LEVEL4 LEVEL5 LEVEL0 LEVEL1) [1]
Pruned:  0: (LOAD GOODS1 TRUCK1 MARKET1 LEVEL4 LEVEL5 LEVEL0 LEVEL1) [1]
Pruned:  0: (LOAD GOODS1 TRUCK1 MARKET1 LEVEL4 LEVEL5 LEVEL0 LEVEL1) [1]
Pruned:  0: (LOAD GOODS1 TRUCK1 MARKET1 LEVEL4 LEVEL5 LEVEL0 LEVEL1) [1]
Pruned:  0: (LOAD GOODS1 TRUCK1 MARKET1 LEVEL4 LEVEL5 LEVEL0 LEVEL1) [1]
Pruned:  0: (LOAD GOODS1 TRUCK1 MARKET1 LEVEL4 LEVEL5 LEVEL0 LEVEL1) [1]
Pruned:  0: (LOAD GOODS1 TRUCK1 MARKET1 LEVEL4 LEVEL5 LEVEL0 LEVEL1) [1]
Pruned:  0: (LOAD GOODS1 TRUCK1 MARKET1 LEVEL4 LEVEL5 LEVEL0 LEVEL1) [1]
Pruned:  0: (LOAD GOODS1 TRUCK1 MARKET1 LEVEL4 LEVEL5 LEVEL0 LEVEL1) [1]
Pruned:  0: (LOAD GOODS1 TRUCK1 MARKET1 LEVEL4 LEVEL5 LEVEL0 LEVEL1) [1]
Pruned:  0: (LOAD GOODS1 TRUCK1 MARKET1 LEVEL4 LEVEL5 LEVEL0 LEVEL1) [1]
Pruned:  0: (LOAD GOODS1 TRUCK1 MARKET1 LEVEL4 LEVEL5 LEVEL0 LEVEL1) [1]
Pruned:  0: (LOAD GOODS1 TRUCK1 MARKET1 LEVEL4 LEVEL5 LEVEL0 LEVEL1) [1]
Pruned:  0: (LOAD GOODS1 TRUCK1 MARKET1 LEVEL4 LEVEL5 LEVEL0 LEVEL1) [1]
Pruned:  0: (LOAD GOODS1 TRUCK1 MARKET1 LEVEL4 LEVEL5 LEVEL0 LEVEL1) [1]
Pruned:  0: (LOAD GOODS1 TRUCK1 MARKET1 LEVEL4 LEVEL5 LEVEL0 LEVEL1) [1]
Pruned:  0: (LOAD GOODS1 TRUCK1 MARKET1 LEVEL4 LEVEL5 LEVEL0 LEVEL1) [1]
Pruned:  0: (LOAD GOODS1 TRUCK1 MARKET1 LEVEL4 LEVEL5 LEVEL0 LEVEL1) [1]
Pruned:  0: (LOAD GOODS1 TRUCK1 MARKET1 LEVEL4 LEVEL5 LEVEL0 LEVEL1) [1]
Pruned:  0: (LOAD GOODS1 TRUCK1 MARKET1 LEVEL4 LEVEL5 LEVEL0 LEVEL1) [1]
Pruned:  0: (LOAD GOODS1 TRUCK1 MARKET1 LEVEL4 LEVEL5 LEVEL0 LEVEL1) [1]
Pruned:  0: (LOAD GOODS1 TRUCK1 MARKET1 LEVEL4 LEVEL5 LEVEL0 LEVEL1) [1]
Pruned:  0: (LOAD GOODS1 TRUCK1 MARKET1 LEVEL4 LEVEL5 LEVEL0 LEVEL1) [1]
Pruned:  0: (LOAD GOODS1 TRUCK1 MARKET1 LEVEL4 LEVEL5 LEVEL0 LEVEL1) [1]
Pruned:  0: (LOAD GOODS1 TRUCK1 MARKET1 LEVEL4 LEVEL5 LEVEL0 LEVEL1) [1]
Pruned:  0: (LOAD GOODS1 TRUCK1 MARKET1 LEVEL4 LEVEL5 LEVEL0 LEVEL1) [1]
Pruned:  0: (LOAD GOODS1 TRUCK1 MARKET1 LEVEL4 LEVEL5 LEVEL0 LEVEL1) [1]
Pruned:  0: (LOAD GOODS1 TRUCK1 MARKET1 LEVEL4 LEVEL5 LEVEL0 LEVEL1) [1]
Pruned:  0: (LOAD GOODS1 TRUCK1 MARKET1 LEVEL4 LEVEL5 LEVEL0 LEVEL1) [1]
Pruned:  0: (LOAD GOODS1 TRUCK1 MARKET1 LEVEL4 LEVEL5 LEVEL0 LEVEL1) [1]
Pruned:  0: (LOAD GOODS1 TRUCK1 MARKET1 LEVEL4 LEVEL5 LEVEL0 LEVEL1) [1]
Pruned:  0: (LOAD GOODS1 TRUCK1 MARKET1 LEVEL4 LEVEL5 LEVEL0 LEVEL1) [1]
Pruned:  0: (LOAD GOODS1 TRUCK1 MARKET1 LEVEL4 LEVEL5 LEVEL0 LEVEL1) [1]
Pruned:  0: (LOAD GOODS1 TRUCK1 MARKET1 LEVEL4 LEVEL5 LEVEL0 LEVEL1) [1]
Pruned:  0: (LOAD GOODS1 TRUCK1 MARKET1 LEVEL4 LEVEL5 LEVEL0 LEVEL1) [1]
Pruned:  0: (LOAD GOODS1 TRUCK1 MARKET1 LEVEL4 LEVEL5 LEVEL0 LEVEL1) [1]
Pruned:  0: (LOAD GOODS1 TRUCK1 MARKET1 LEVEL4 LEVEL5 LEVEL0 LEVEL1) [1]
Pruned:  0: (LOAD GOODS1 TRUCK1 MARKET1 LEVEL4 LEVEL5 LEVEL0 LEVEL1) [1]
Pruned:  0: (LOAD GOODS1 TRUCK1 MARKET1 LEVEL4 LEVEL5 LEVEL0 LEVEL1) [1]
Pruned:  0: (LOAD GOODS1 TRUCK1 MARKET1 LEVEL4 LEVEL5 LEVEL0 LEVEL1) [1]
Pruned:  0: (LOAD GOODS1 TRUCK1 MARKET1 LEVEL4 LEVEL5 LEVEL0 LEVEL1) [1]
Pruned:  0: (LOAD GOODS1 TRUCK1 MARKET1 LEVEL4 LEVEL5 LEVEL0 LEVEL1) [1]
Pruned:  0: (LOAD GOODS1 TRUCK1 MARKET1 LEVEL4 LEVEL5 LEVEL0 LEVEL1) [1]
Pruned:  0: (LOAD GOODS1 TRUCK1 MARKET1 LEVEL4 LEVEL5 LEVEL0 LEVEL1) [1]
Pruned:  0: (LOAD GOODS1 TRUCK1 MARKET1 LEVEL4 LEVEL5 LEVEL0 LEVEL1) [1]
Pruned:  0: (LOAD GOODS1 TRUCK1 MARKET1 LEVEL4 LEVEL5 LEVEL0 LEVEL1) [1]
Pruned:  0: (LOAD GOODS1 TRUCK1 MARKET1 LEVEL4 LEVEL5 LEVEL0 LEVEL1) [1]
Pruned:  0: (LOAD GOODS1 TRUCK1 MARKET1 LEVEL4 LEVEL5 LEVEL0 LEVEL1) [1]
Pruned:  0: (LOAD GOODS1 TRUCK1 MARKET1 LEVEL4 LEVEL5 LEVEL0 LEVEL1) [1]
Pruned:  0: (LOAD GOODS1 TRUCK1 MARKET1 LEVEL4 LEVEL5 LEVEL0 LEVEL1) [1]
Pruned:  0: (LOAD GOODS1 TRUCK1 MARKET1 LEVEL4 LEVEL5 LEVEL0 LEVEL1) [1]
Pruned:  0: (LOAD GOODS1 TRUCK1 MARKET1 LEVEL4 LEVEL5 LEVEL0 LEVEL1) [1]
Pruned:  0: (LOAD GOODS1 TRUCK1 MARKET1 LEVEL4 LEVEL5 LEVEL0 LEVEL1) [1]
Pruned:  0: (LOAD GOODS1 TRUCK1 MARKET1 LEVEL4 LEVEL5 LEVEL0 LEVEL1) [1]
Pruned:  0: (LOAD GOODS1 TRUCK1 MARKET1 LEVEL4 LEVEL5 LEVEL0 LEVEL1) [1]
Pruned:  0: (LOAD GOODS1 TRUCK1 MARKET1 LEVEL4 LEVEL5 LEVEL0 LEVEL1) [1]
Pruned:  0: (LOAD GOODS1 TRUCK1 MARKET1 LEVEL4 LEVEL5 LEVEL0 LEVEL1) [1]
Pruned:  0: (LOAD GOODS1 TRUCK1 MARKET1 LEVEL4 LEVEL5 LEVEL0 LEVEL1) [1]
Pruned:  0: (LOAD GOODS1 TRUCK1 MARKET1 LEVEL4 LEVEL5 LEVEL0 LEVEL1) [1]
Pruned:  0: (LOAD GOODS1 TRUCK1 MARKET1 LEVEL4 LEVEL5 LEVEL0 LEVEL1) [1]
Pruned:  0: (LOAD GOODS1 TRUCK1 MARKET1 LEVEL4 LEVEL5 LEVEL0 LEVEL1) [1]
Pruned:  0: (LOAD GOODS1 TRUCK1 MARKET1 LEVEL4 LEVEL5 LEVEL0 LEVEL1) [1]
Pruned:  0: (LOAD GOODS1 TRUCK1 MARKET1 LEVEL4 LEVEL5 LEVEL0 LEVEL1) [1]
Pruned:  0: (LOAD GOODS1 TRUCK1 MARKET1 LEVEL4 LEVEL5 LEVEL0 LEVEL1) [1]
Pruned:  0: (LOAD GOODS1 TRUCK1 MARKET1 LEVEL4 LEVEL5 LEVEL0 LEVEL1) [1]
Pruned:  0: (LOAD GOODS1 TRUCK1 MARKET1 LEVEL4 LEVEL5 LEVEL0 LEVEL1) [1]
Pruned:  0: (LOAD GOODS1 TRUCK1 MARKET1 LEVEL4 LEVEL5 LEVEL0 LEVEL1) [1]
Pruned:  0: (LOAD GOODS1 TRUCK1 MARKET1 LEVEL4 LEVEL5 LEVEL0 LEVEL1) [1]
Pruned:  0: (LOAD GOODS1 TRUCK1 MARKET1 LEVEL4 LEVEL5 LEVEL0 LEVEL1) [1]
Pruned:  0: (LOAD GOODS1 TRUCK1 MARKET1 LEVEL4 LEVEL5 LEVEL0 LEVEL1) [1]
Pruned:  0: (LOAD GOODS1 TRUCK1 MARKET1 LEVEL4 LEVEL5 LEVEL0 LEVEL1) [1]
Pruned:  0: (LOAD GOODS1 TRUCK1 MARKET1 LEVEL4 LEVEL5 LEVEL0 LEVEL1) [1]
Pruned:  0: (LOAD GOODS1 TRUCK1 MARKET1 LEVEL4 LEVEL5 LEVEL0 LEVEL1) [1]
Pruned:  0: (LOAD GOODS1 TRUCK1 MARKET1 LEVEL4 LEVEL5 LEVEL0 LEVEL1) [1]
Pruned:  0: (LOAD GOODS1 TRUCK1 MARKET1 LEVEL4 LEVEL5 LEVEL0 LEVEL1) [1]
Pruned:  0: (LOAD GOODS1 TRUCK1 MARKET1 LEVEL4 LEVEL5 LEVEL0 LEVEL1) [1]
Pruned:  0: (LOAD GOODS1 TRUCK1 MARKET1 LEVEL4 LEVEL5 LEVEL0 LEVEL1) [1]
Pruned:  0: (LOAD GOODS1 TRUCK1 MARKET1 LEVEL4 LEVEL5 LEVEL0 LEVEL1) [1]
Pruned:  0: (LOAD GOODS1 TRUCK1 MARKET1 LEVEL4 LEVEL5 LEVEL0 LEVEL1) [1]
Pruned:  0: (LOAD GOODS1 TRUCK1 MARKET1 LEVEL4 LEVEL5 LEVEL0 LEVEL1) [1]
Pruned:  0: (LOAD GOODS1 TRUCK1 MARKET1 LEVEL4 LEVEL5 LEVEL0 LEVEL1) [1]
Pruned:  0: (LOAD GOODS1 TRUCK1 MARKET1 LEVEL4 LEVEL5 LEVEL0 LEVEL1) [1]
Pruned:  0: (LOAD GOODS1 TRUCK1 MARKET1 LEVEL4 LEVEL5 LEVEL0 LEVEL1) [1]
Pruned:  0: (LOAD GOODS1 TRUCK1 MARKET1 LEVEL4 LEVEL5 LEVEL0 LEVEL1) [1]
Pruned:  0: (LOAD GOODS1 TRUCK1 MARKET1 LEVEL4 LEVEL5 LEVEL0 LEVEL1) [1]
Pruned:  0: (LOAD GOODS1 TRUCK1 MARKET1 LEVEL4 LEVEL5 LEVEL0 LEVEL1) [1]
Pruned:  0: (LOAD GOODS1 TRUCK1 MARKET1 LEVEL4 LEVEL5 LEVEL0 LEVEL1) [1]
Pruned:  0: (LOAD GOODS1 TRUCK1 MARKET1 LEVEL4 LEVEL5 LEVEL0 LEVEL1) [1]
Pruned:  0: (LOAD GOODS1 TRUCK1 MARKET1 LEVEL4 LEVEL5 LEVEL0 LEVEL1) [1]
Pruned:  0: (LOAD GOODS1 TRUCK1 MARKET1 LEVEL4 LEVEL5 LEVEL0 LEVEL1) [1]
Pruned:  0: (LOAD GOODS1 TRUCK1 MARKET1 LEVEL4 LEVEL5 LEVEL0 LEVEL1) [1]
Pruned:  0: (LOAD GOODS1 TRUCK1 MARKET1 LEVEL4 LEVEL5 LEVEL0 LEVEL1) [1]
Pruned:  0: (LOAD GOODS1 TRUCK1 MARKET1 LEVEL4 LEVEL5 LEVEL0 LEVEL1) [1]
Pruned:  0: (LOAD GOODS1 TRUCK1 MARKET1 LEVEL4 LEVEL5 LEVEL0 LEVEL1) [1]
Pruned:  0: (LOAD GOODS1 TRUCK1 MARKET1 LEVEL4 LEVEL5 LEVEL0 LEVEL1) [1]
Pruned:  0: (LOAD GOODS1 TRUCK1 MARKET1 LEVEL4 LEVEL5 LEVEL0 LEVEL1) [1]
Pruned:  0: (LOAD GOODS1 TRUCK1 MARKET1 LEVEL4 LEVEL5 LEVEL0 LEVEL1) [1]
Pruned:  0: (LOAD GOODS1 TRUCK1 MARKET1 LEVEL4 LEVEL5 LEVEL0 LEVEL1) [1]
Pruned:  0: (LOAD GOODS1 TRUCK1 MARKET1 LEVEL4 LEVEL5 LEVEL0 LEVEL1) [1]
Pruned:  0: (LOAD GOODS1 TRUCK1 MARKET1 LEVEL4 LEVEL5 LEVEL0 LEVEL1) [1]
Pruned:  0: (LOAD GOODS1 TRUCK1 MARKET1 LEVEL4 LEVEL5 LEVEL0 LEVEL1) [1]
Pruned:  0: (LOAD GOODS1 TRUCK1 MARKET1 LEVEL4 LEVEL5 LEVEL0 LEVEL1) [1]
Pruned:  0: (LOAD GOODS1 TRUCK1 MARKET1 LEVEL4 LEVEL5 LEVEL0 LEVEL1) [1]
Pruned:  0: (LOAD GOODS1 TRUCK1 MARKET1 LEVEL4 LEVEL5 LEVEL0 LEVEL1) [1]
Pruned:  0: (LOAD GOODS1 TRUCK1 MARKET1 LEVEL4 LEVEL5 LEVEL0 LEVEL1) [1]
Pruned:  0: (LOAD GOODS1 TRUCK1 MARKET1 LEVEL4 LEVEL5 LEVEL0 LEVEL1) [1]
Pruned:  0: (LOAD GOODS1 TRUCK1 MARKET1 LEVEL4 LEVEL5 LEVEL0 LEVEL1) [1]
Pruned:  0: (LOAD GOODS1 TRUCK1 MARKET1 LEVEL4 LEVEL5 LEVEL0 LEVEL1) [1]
Pruned:  0: (LOAD GOODS1 TRUCK1 MARKET1 LEVEL4 LEVEL5 LEVEL0 LEVEL1) [1]
Pruned:  0: (LOAD GOODS1 TRUCK1 MARKET1 LEVEL4 LEVEL5 LEVEL0 LEVEL1) [1]
Pruned:  0: (LOAD GOODS1 TRUCK1 MARKET1 LEVEL4 LEVEL5 LEVEL0 LEVEL1) [1]
Pruned:  0: (LOAD GOODS1 TRUCK1 MARKET1 LEVEL4 LEVEL5 LEVEL0 LEVEL1) [1]
Pruned:  0: (LOAD GOODS1 TRUCK1 MARKET1 LEVEL4 LEVEL5 LEVEL0 LEVEL1) [1]
Pruned:  0: (LOAD GOODS1 TRUCK1 MARKET1 LEVEL4 LEVEL5 LEVEL0 LEVEL1) [1]
Pruned:  0: (LOAD GOODS1 TRUCK1 MARKET1 LEVEL4 LEVEL5 LEVEL0 LEVEL1) [1]
Pruned:  0: (LOAD GOODS1 TRUCK1 MARKET1 LEVEL4 LEVEL5 LEVEL0 LEVEL1) [1]
Pruned:  0: (LOAD GOODS1 TRUCK1 MARKET1 LEVEL4 LEVEL5 LEVEL0 LEVEL1) [1]
Pruned:  0: (LOAD GOODS1 TRUCK1 MARKET1 LEVEL4 LEVEL5 LEVEL0 LEVEL1) [1]
Pruned:  0: (LOAD GOODS1 TRUCK1 MARKET1 LEVEL4 LEVEL5 LEVEL0 LEVEL1) [1]
Pruned:  0: (LOAD GOODS1 TRUCK1 MARKET1 LEVEL4 LEVEL5 LEVEL0 LEVEL1) [1]
Pruned:  0: (LOAD GOODS1 TRUCK1 MARKET1 LEVEL4 LEVEL5 LEVEL0 LEVEL1) [1]
Pruned:  0: (LOAD GOODS1 TRUCK1 MARKET1 LEVEL4 LEVEL5 LEVEL0 LEVEL1) [1]
Pruned:  0: (LOAD GOODS1 TRUCK1 MARKET1 LEVEL4 LEVEL5 LEVEL0 LEVEL1) [1]
Pruned:  0: (LOAD GOODS1 TRUCK1 MARKET1 LEVEL4 LEVEL5 LEVEL0 LEVEL1) [1]
Pruned:  0: (LOAD GOODS1 TRUCK1 MARKET1 LEVEL4 LEVEL5 LEVEL0 LEVEL1) [1]
Pruned:  0: (LOAD GOODS1 TRUCK1 MARKET1 LEVEL4 LEVEL5 LEVEL0 LEVEL1) [1]
Pruned:  0: (LOAD GOODS1 TRUCK1 MARKET1 LEVEL4 LEVEL5 LEVEL0 LEVEL1) [1]
Pruned:  0: (LOAD GOODS1 TRUCK1 MARKET1 LEVEL4 LEVEL5 LEVEL0 LEVEL1) [1]
Pruned:  0: (LOAD GOODS1 TRUCK1 MARKET1 LEVEL4 LEVEL5 LEVEL0 LEVEL1) [1]
Pruned:  0: (LOAD GOODS1 TRUCK1 MARKET1 LEVEL4 LEVEL5 LEVEL0 LEVEL1) [1]
Pruned:  0: (LOAD GOODS1 TRUCK1 MARKET1 LEVEL4 LEVEL5 LEVEL0 LEVEL1) [1]
Pruned:  0: (LOAD GOODS1 TRUCK1 MARKET1 LEVEL4 LEVEL5 LEVEL0 LEVEL1) [1]
Pruned:  0: (LOAD GOODS1 TRUCK1 MARKET1 LEVEL4 LEVEL5 LEVEL0 LEVEL1) [1]
Pruned:  0: (LOAD GOODS1 TRUCK1 MARKET1 LEVEL4 LEVEL5 LEVEL0 LEVEL1) [1]
Pruned:  0: (LOAD GOODS1 TRUCK1 MARKET1 LEVEL4 LEVEL5 LEVEL0 LEVEL1) [1]
Pruned:  0: (LOAD GOODS1 TRUCK1 MARKET1 LEVEL4 LEVEL5 LEVEL0 LEVEL1) [1]
Pruned:  0: (LOAD GOODS1 TRUCK1 MARKET1 LEVEL4 LEVEL5 LEVEL0 LEVEL1) [1]
Pruned:  0: (LOAD GOODS1 TRUCK1 MARKET1 LEVEL4 LEVEL5 LEVEL0 LEVEL1) [1]
Pruned:  0: (LOAD GOODS1 TRUCK1 MARKET1 LEVEL4 LEVEL5 LEVEL0 LEVEL1) [1]
Pruned:  0: (LOAD GOODS1 TRUCK1 MARKET1 LEVEL4 LEVEL5 LEVEL0 LEVEL1) [1]
Pruned:  0: (LOAD GOODS1 TRUCK1 MARKET1 LEVEL4 LEVEL5 LEVEL0 LEVEL1) [1]
Pruned:  0: (LOAD GOODS1 TRUCK1 MARKET1 LEVEL4 LEVEL5 LEVEL0 LEVEL1) [1]
Pruned:  0: (LOAD GOODS1 TRUCK1 MARKET1 LEVEL4 LEVEL5 LEVEL0 LEVEL1) [1]
Pruned:  0: (LOAD GOODS1 TRUCK1 MARKET1 LEVEL4 LEVEL5 LEVEL0 LEVEL1) [1]
Pruned:  0: (LOAD GOODS1 TRUCK1 MARKET1 LEVEL4 LEVEL5 LEVEL0 LEVEL1) [1]
Pruned:  0: (LOAD GOODS1 TRUCK1 MARKET1 LEVEL4 LEVEL5 LEVEL0 LEVEL1) [1]
Pruned:  0: (LOAD GOODS1 TRUCK1 MARKET1 LEVEL4 LEVEL5 LEVEL0 LEVEL1) [1]
Pruned:  0: (LOAD GOODS1 TRUCK1 MARKET1 LEVEL4 LEVEL5 LEVEL0 LEVEL1) [1]
Pruned:  0: (LOAD GOODS1 TRUCK1 MARKET1 LEVEL4 LEVEL5 LEVEL0 LEVEL1) [1]
Pruned:  0: (LOAD GOODS1 TRUCK1 MARKET1 LEVEL4 LEVEL5 LEVEL0 LEVEL1) [1]
Pruned:  0: (LOAD GOODS1 TRUCK1 MARKET1 LEVEL4 LEVEL5 LEVEL0 LEVEL1) [1]
Pruned:  0: (LOAD GOODS1 TRUCK1 MARKET1 LEVEL4 LEVEL5 LEVEL0 LEVEL1) [1]
Pruned:  0: (LOAD GOODS1 TRUCK1 MARKET1 LEVEL4 LEVEL5 LEVEL0 LEVEL1) [1]
Pruned:  0: (LOAD GOODS1 TRUCK1 MARKET1 LEVEL4 LEVEL5 LEVEL0 LEVEL1) [1]
Pruned:  0: (LOAD GOODS1 TRUCK1 MARKET1 LEVEL4 LEVEL5 LEVEL0 LEVEL1) [1]
Pruned:  0: (LOAD GOODS1 TRUCK1 MARKET1 LEVEL4 LEVEL5 LEVEL0 LEVEL1) [1]
Pruned:  0: (LOAD GOODS1 TRUCK1 MARKET1 LEVEL4 LEVEL5 LEVEL0 LEVEL1) [1]
Pruned:  0: (LOAD GOODS1 TRUCK1 MARKET1 LEVEL4 LEVEL5 LEVEL0 LEVEL1) [1]
Pruned:  0: (LOAD GOODS1 TRUCK1 MARKET1 LEVEL4 LEVEL5 LEVEL0 LEVEL1) [1]
Pruned:  0: (LOAD GOODS1 TRUCK1 MARKET1 LEVEL4 LEVEL5 LEVEL0 LEVEL1) [1]
Pruned:  0: (LOAD GOODS1 TRUCK1 MARKET1 LEVEL4 LEVEL5 LEVEL0 LEVEL1) [1]
Pruned:  0: (LOAD GOODS1 TRUCK1 MARKET1 LEVEL4 LEVEL5 LEVEL0 LEVEL1) [1]
Pruned:  0: (LOAD GOODS1 TRUCK1 MARKET1 LEVEL4 LEVEL5 LEVEL0 LEVEL1) [1]
Pruned:  0: (LOAD GOODS1 TRUCK1 MARKET1 LEVEL4 LEVEL5 LEVEL0 LEVEL1) [1]
Pruned:  0: (LOAD GOODS1 TRUCK1 MARKET1 LEVEL4 LEVEL5 LEVEL0 LEVEL1) [1]
Pruned:  0: (LOAD GOODS1 TRUCK1 MARKET1 LEVEL4 LEVEL5 LEVEL0 LEVEL1) [1]
Pruned:  0: (LOAD GOODS1 TRUCK1 MARKET1 LEVEL4 LEVEL5 LEVEL0 LEVEL1) [1]
Pruned:  0: (LOAD GOODS1 TRUCK1 MARKET1 LEVEL4 LEVEL5 LEVEL0 LEVEL1) [1]
Pruned:  0: (LOAD GOODS1 TRUCK1 MARKET1 LEVEL4 LEVEL5 LEVEL0 LEVEL1) [1]
Pruned:  0: (LOAD GOODS1 TRUCK1 MARKET1 LEVEL4 LEVEL5 LEVEL0 LEVEL1) [1]
Pruned:  0: (LOAD GOODS1 TRUCK1 MARKET1 LEVEL4 LEVEL5 LEVEL0 LEVEL1) [1]
Pruned:  0: (LOAD GOODS1 TRUCK1 MARKET1 LEVEL4 LEVEL5 LEVEL0 LEVEL1) [1]
Pruned:  0: (LOAD GOODS1 TRUCK1 MARKET1 LEVEL4 LEVEL5 LEVEL0 LEVEL1) [1]
Pruned:  0: (LOAD GOODS1 TRUCK1 MARKET1 LEVEL4 LEVEL5 LEVEL0 LEVEL1) [1]
Pruned:  0: (LOAD GOODS1 TRUCK1 MARKET1 LEVEL4 LEVEL5 LEVEL0 LEVEL1) [1]
Pruned:  0: (LOAD GOODS1 TRUCK1 MARKET1 LEVEL4 LEVEL5 LEVEL0 LEVEL1) [1]
Pruned:  0: (LOAD GOODS1 TRUCK1 MARKET1 LEVEL4 LEVEL5 LEVEL0 LEVEL1) [1]
Pruned:  0: (LOAD GOODS1 TRUCK1 MARKET1 LEVEL4 LEVEL5 LEVEL0 LEVEL1) [1]
Pruned:  0: (LOAD GOODS1 TRUCK1 MARKET1 LEVEL4 LEVEL5 LEVEL0 LEVEL1) [1]
Pruned:  0: (LOAD GOODS1 TRUCK1 MARKET1 LEVEL4 LEVEL5 LEVEL0 LEVEL1) [1]
Pruned:  0: (LOAD GOODS1 TRUCK1 MARKET1 LEVEL4 LEVEL5 LEVEL0 LEVEL1) [1]
Pruned:  0: (LOAD GOODS1 TRUCK1 MARKET1 LEVEL4 LEVEL5 LEVEL0 LEVEL1) [1]
Pruned:  0: (LOAD GOODS1 TRUCK1 MARKET1 LEVEL4 LEVEL5 LEVEL0 LEVEL1) [1]
Pruned:  0: (LOAD GOODS1 TRUCK1 MARKET1 LEVEL4 LEVEL5 LEVEL0 LEVEL1) [1]
Pruned:  0: (LOAD GOODS1 TRUCK1 MARKET1 LEVEL4 LEVEL5 LEVEL0 LEVEL1) [1]
Pruned:  0: (LOAD GOODS1 TRUCK1 MARKET1 LEVEL4 LEVEL5 LEVEL0 LEVEL1) [1]
Pruned:  0: (LOAD GOODS1 TRUCK1 MARKET1 LEVEL4 LEVEL5 LEVEL0 LEVEL1) [1]
Pruned:  0: (LOAD GOODS1 TRUCK1 MARKET1 LEVEL4 LEVEL5 LEVEL0 LEVEL1) [1]
Pruned:  0: (LOAD GOODS1 TRUCK1 MARKET1 LEVEL4 LEVEL5 LEVEL0 LEVEL1) [1]
Pruned:  0: (LOAD GOODS1 TRUCK1 MARKET1 LEVEL4 LEVEL5 LEVEL0 LEVEL1) [1]
Pruned:  0: (LOAD GOODS1 TRUCK1 MARKET1 LEVEL4 LEVEL5 LEVEL0 LEVEL1) [1]
Pruned:  0: (LOAD GOODS1 TRUCK1 MARKET1 LEVEL4 LEVEL5 LEVEL0 LEVEL1) [1]
Pruned:  0: (LOAD GOODS1 TRUCK1 MARKET1 LEVEL4 LEVEL5 LEVEL0 LEVEL1) [1]
Pruned:  0: (LOAD GOODS1 TRUCK1 MARKET1 LEVEL4 LEVEL5 LEVEL0 LEVEL1) [1]
Pruned:  0: (LOAD GOODS1 TRUCK1 MARKET1 LEVEL4 LEVEL5 LEVEL0 LEVEL1) [1]
Pruned:  0: (LOAD GOODS1 TRUCK1 MARKET1 LEVEL4 LEVEL5 LEVEL0 LEVEL1) [1]
Pruned:  0: (LOAD GOODS1 TRUCK1 MARKET1 LEVEL4 LEVEL5 LEVEL0 LEVEL1) [1]
Pruned:  0: (LOAD GOODS1 TRUCK1 MARKET1 LEVEL4 LEVEL5 LEVEL0 LEVEL1) [1]
Pruned:  0: (LOAD GOODS1 TRUCK1 MARKET1 LEVEL4 LEVEL5 LEVEL0 LEVEL1) [1]
Pruned:  0: (LOAD GOODS1 TRUCK1 MARKET1 LEVEL4 LEVEL5 LEVEL0 LEVEL1) [1]
Pruned:  0: (LOAD GOODS1 TRUCK1 MARKET1 LEVEL4 LEVEL5 LEVEL0 LEVEL1) [1]
Pruned:  0: (LOAD GOODS1 TRUCK1 MARKET1 LEVEL4 LEVEL5 LEVEL0 LEVEL1) [1]
Pruned:  0: (LOAD GOODS1 TRUCK1 MARKET1 LEVEL4 LEVEL5 LEVEL0 LEVEL1) [1]
Pruned:  0: (LOAD GOODS1 TRUCK1 MARKET1 LEVEL4 LEVEL5 LEVEL0 LEVEL1) [1]
Pruned:  0: (LOAD GOODS1 TRUCK1 MARKET1 LEVEL4 LEVEL5 LEVEL0 LEVEL1) [1]
Pruned:  0: (LOAD GOODS1 TRUCK1 MARKET1 LEVEL4 LEVEL5 LEVEL0 LEVEL1) [1]
Pruned:  0: (LOAD GOODS1 TRUCK1 MARKET1 LEVEL4 LEVEL5 LEVEL0 LEVEL1) [1]
Pruned:  0: (LOAD GOODS1 TRUCK1 MARKET1 LEVEL4 LEVEL5 LEVEL0 LEVEL1) [1]
Pruned:  0: (LOAD GOODS1 TRUCK1 MARKET1 LEVEL4 LEVEL5 LEVEL0 LEVEL1) [1]
Pruned:  0: (LOAD GOODS1 TRUCK1 MARKET1 LEVEL4 LEVEL5 LEVEL0 LEVEL1) [1]
Pruned:  0: (LOAD GOODS1 TRUCK1 MARKET1 LEVEL4 LEVEL5 LEVEL0 LEVEL1) [1]
Pruned:  0: (LOAD GOODS1 TRUCK1 MARKET1 LEVEL4 LEVEL5 LEVEL0 LEVEL1) [1]
Pruned:  0: (LOAD GOODS1 TRUCK1 MARKET1 LEVEL4 LEVEL5 LEVEL0 LEVEL1) [1]
Pruned:  0: (LOAD GOODS1 TRUCK1 MARKET1 LEVEL4 LEVEL5 LEVEL0 LEVEL1) [1]
Pruned:  0: (LOAD GOODS1 TRUCK1 MARKET1 LEVEL4 LEVEL5 LEVEL0 LEVEL1) [1]
Pruned:  0: (LOAD GOODS1 TRUCK1 MARKET1 LEVEL4 LEVEL5 LEVEL0 LEVEL1) [1]
Pruned:  0: (LOAD GOODS1 TRUCK1 MARKET1 LEVEL4 LEVEL5 LEVEL0 LEVEL1) [1]
Pruned:  0: (LOAD GOODS1 TRUCK1 MARKET1 LEVEL4 LEVEL5 LEVEL0 LEVEL1) [1]
Pruned:  0: (LOAD GOODS1 TRUCK1 MARKET1 LEVEL4 LEVEL5 LEVEL0 LEVEL1) [1]
Pruned:  0: (LOAD GOODS1 TRUCK1 MARKET1 LEVEL4 LEVEL5 LEVEL0 LEVEL1) [1]
Pruned:  0: (LOAD GOODS1 TRUCK1 MARKET1 LEVEL4 LEVEL5 LEVEL0 LEVEL1) [1]
Pruned:  0: (LOAD GOODS1 TRUCK1 MARKET1 LEVEL4 LEVEL5 LEVEL0 LEVEL1) [1]
Pruned:  0: (LOAD GOODS1 TRUCK1 MARKET1 LEVEL4 LEVEL5 LEVEL0 LEVEL1) [1]
Pruned:  0: (LOAD GOODS1 TRUCK1 MARKET1 LEVEL4 LEVEL5 LEVEL0 LEVEL1) [1]
Pruned:  0: (LOAD GOODS1 TRUCK1 MARKET1 LEVEL4 LEVEL5 LEVEL0 LEVEL1) [1]
Pruned:  0: (LOAD GOODS1 TRUCK1 MARKET1 LEVEL4 LEVEL5 LEVEL0 LEVEL1) [1]
Pruned:  0: (LOAD GOODS1 TRUCK1 MARKET1 LEVEL4 LEVEL5 LEVEL0 LEVEL1) [1]
Pruned:  0: (LOAD GOODS1 TRUCK1 MARKET1 LEVEL4 LEVEL5 LEVEL0 LEVEL1) [1]
Pruned:  0: (LOAD GOODS1 TRUCK1 MARKET1 LEVEL4 LEVEL5 LEVEL0 LEVEL1) [1]
Pruned:  0: (LOAD GOODS1 TRUCK1 MARKET1 LEVEL4 LEVEL5 LEVEL0 LEVEL1) [1]
Pruned:  0: (LOAD GOODS1 TRUCK1 MARKET1 LEVEL4 LEVEL5 LEVEL0 LEVEL1) [1]
Pruned:  0: (LOAD GOODS1 TRUCK1 MARKET1 LEVEL4 LEVEL5 LEVEL0 LEVEL1) [1]
Pruned:  0: (LOAD GOODS1 TRUCK1 MARKET1 LEVEL4 LEVEL5 LEVEL0 LEVEL1) [1]
Pruned:  0: (LOAD GOODS1 TRUCK1 MARKET1 LEVEL4 LEVEL5 LEVEL0 LEVEL1) [1]
Pruned:  0: (LOAD GOODS1 TRUCK1 MARKET1 LEVEL4 LEVEL5 LEVEL0 LEVEL1) [1]
Pruned:  0: (LOAD GOODS1 TRUCK1 MARKET1 LEVEL4 LEVEL5 LEVEL0 LEVEL1) [1]
Pruned:  0: (LOAD GOODS1 TRUCK1 MARKET1 LEVEL4 LEVEL5 LEVEL0 LEVEL1) [1]
Pruned:  0: (LOAD GOODS1 TRUCK1 MARKET1 LEVEL4 LEVEL5 LEVEL0 LEVEL1) [1]
Pruned:  0: (LOAD GOODS1 TRUCK1 MARKET1 LEVEL4 LEVEL5 LEVEL0 LEVEL1) [1]
Pruned:  0: (LOAD GOODS1 TRUCK1 MARKET1 LEVEL4 LEVEL5 LEVEL0 LEVEL1) [1]
Pruned:  0: (LOAD GOODS1 TRUCK1 MARKET1 LEVEL4 LEVEL5 LEVEL0 LEVEL1) [1]
Pruned:  0: (LOAD GOODS1 TRUCK1 MARKET1 LEVEL4 LEVEL5 LEVEL0 LEVEL1) [1]
Pruned:  0: (LOAD GOODS1 TRUCK1 MARKET1 LEVEL4 LEVEL5 LEVEL0 LEVEL1) [1]
Pruned:  0: (LOAD GOODS1 TRUCK1 MARKET1 LEVEL4 LEVEL5 LEVEL0 LEVEL1) [1]
Pruned:  0: (LOAD GOODS1 TRUCK1 MARKET1 LEVEL4 LEVEL5 LEVEL0 LEVEL1) [1]
Pruned:  0: (LOAD GOODS1 TRUCK1 MARKET1 LEVEL4 LEVEL5 LEVEL0 LEVEL1) [1]
Pruned:  0: (LOAD GOODS1 TRUCK1 MARKET1 LEVEL4 LEVEL5 LEVEL0 LEVEL1) [1]
Pruned:  0: (LOAD GOODS1 TRUCK1 MARKET1 LEVEL4 LEVEL5 LEVEL0 LEVEL1) [1]
Pruned:  0: (LOAD GOODS1 TRUCK1 MARKET1 LEVEL4 LEVEL5 LEVEL0 LEVEL1) [1]
Pruned:  0: (LOAD GOODS1 TRUCK1 MARKET1 LEVEL4 LEVEL5 LEVEL0 LEVEL1) [1]
Pruned:  0: (LOAD GOODS1 TRUCK1 MARKET1 LEVEL4 LEVEL5 LEVEL0 LEVEL1) [1]
Pruned:  0: (LOAD GOODS1 TRUCK1 MARKET1 LEVEL4 LEVEL5 LEVEL0 LEVEL1) [1]
Pruned:  0: (LOAD GOODS1 TRUCK1 MARKET1 LEVEL4 LEVEL5 LEVEL0 LEVEL1) [1]
Pruned:  0: (LOAD GOODS1 TRUCK1 MARKET1 LEVEL4 LEVEL5 LEVEL0 LEVEL1) [1]
Pruned:  0: (LOAD GOODS1 TRUCK1 MARKET1 LEVEL4 LEVEL5 LEVEL0 LEVEL1) [1]
Pruned:  0: (LOAD GOODS1 TRUCK1 MARKET1 LEVEL4 LEVEL5 LEVEL0 LEVEL1) [1]
Pruned:  0: (LOAD GOODS1 TRUCK1 MARKET1 LEVEL4 LEVEL5 LEVEL0 LEVEL1) [1]
Pruned:  0: (LOAD GOODS1 TRUCK1 MARKET1 LEVEL4 LEVEL5 LEVEL0 LEVEL1) [1]
Pruned:  0: (LOAD GOODS1 TRUCK1 MARKET1 LEVEL4 LEVEL5 LEVEL0 LEVEL1) [1]
Pruned:  0: (LOAD GOODS1 TRUCK1 MARKET1 LEVEL4 LEVEL5 LEVEL0 LEVEL1) [1]
Pruned:  0: (LOAD GOODS1 TRUCK1 MARKET1 LEVEL4 LEVEL5 LEVEL0 LEVEL1) [1]
Pruned:  0: (LOAD GOODS1 TRUCK1 MARKET1 LEVEL4 LEVEL5 LEVEL0 LEVEL1) [1]
Pruned:  0: (LOAD GOODS1 TRUCK1 MARKET1 LEVEL4 LEVEL5 LEVEL0 LEVEL1) [1]
Pruned:  0: (LOAD GOODS1 TRUCK1 MARKET1 LEVEL4 LEVEL5 LEVEL0 LEVEL1) [1]
Pruned:  0: (LOAD GOODS1 TRUCK1 MARKET1 LEVEL4 LEVEL5 LEVEL0 LEVEL1) [1]
Pruned:  0: (LOAD GOODS1 TRUCK1 MARKET1 LEVEL4 LEVEL5 LEVEL0 LEVEL1) [1]
Pruned:  0: (LOAD GOODS1 TRUCK1 MARKET1 LEVEL4 LEVEL5 LEVEL0 LEVEL1) [1]
Pruned:  0: (LOAD GOODS1 TRUCK1 MARKET1 LEVEL4 LEVEL5 LEVEL0 LEVEL1) [1]
Pruned:  0: (LOAD GOODS1 TRUCK1 MARKET1 LEVEL4 LEVEL5 LEVEL0 LEVEL1) [1]
Pruned:  0: (LOAD GOODS1 TRUCK1 MARKET1 LEVEL4 LEVEL5 LEVEL0 LEVEL1) [1]
Pruned:  0: (LOAD GOODS1 TRUCK1 MARKET1 LEVEL4 LEVEL5 LEVEL0 LEVEL1) [1]
Pruned:  0: (LOAD GOODS1 TRUCK1 MARKET1 LEVEL4 LEVEL5 LEVEL0 LEVEL1) [1]
Pruned:  0: (LOAD GOODS1 TRUCK1 MARKET1 LEVEL4 LEVEL5 LEVEL0 LEVEL1) [1]
Pruned:  0: (LOAD GOODS1 TRUCK1 MARKET1 LEVEL4 LEVEL5 LEVEL0 LEVEL1) [1]
Pruned:  0: (LOAD GOODS1 TRUCK1 MARKET1 LEVEL4 LEVEL5 LEVEL0 LEVEL1) [1]
Pruned:  0: (LOAD GOODS1 TRUCK1 MARKET1 LEVEL4 LEVEL5 LEVEL0 LEVEL1) [1]
Pruned:  0: (LOAD GOODS1 TRUCK1 MARKET1 LEVEL4 LEVEL5 LEVEL0 LEVEL1) [1]
Pruned:  0: (LOAD GOODS1 TRUCK1 MARKET1 LEVEL4 LEVEL5 LEVEL0 LEVEL1) [1]
Pruned:  0: (LOAD GOODS1 TRUCK1 MARKET1 LEVEL4 LEVEL5 LEVEL0 LEVEL1) [1]
Pruned:  0: (LOAD GOODS1 TRUCK1 MARKET1 LEVEL4 LEVEL5 LEVEL0 LEVEL1) [1]
Pruned:  0: (LOAD GOODS1 TRUCK1 MARKET1 LEVEL4 LEVEL5 LEVEL0 LEVEL1) [1]
Pruned:  0: (LOAD GOODS1 TRUCK1 MARKET1 LEVEL4 LEVEL5 LEVEL0 LEVEL1) [1]
Pruned:  0: (LOAD GOODS1 TRUCK1 MARKET1 LEVEL4 LEVEL5 LEVEL0 LEVEL1) [1]
Pruned:  0: (LOAD GOODS1 TRUCK1 MARKET1 LEVEL4 LEVEL5 LEVEL0 LEVEL1) [1]
Pruned:  0: (LOAD GOODS1 TRUCK1 MARKET1 LEVEL4 LEVEL5 LEVEL0 LEVEL1) [1]
Pruned:  0: (LOAD GOODS1 TRUCK1 MARKET1 LEVEL4 LEVEL5 LEVEL0 LEVEL1) [1]
Pruned:  0: (LOAD GOODS1 TRUCK1 MARKET1 LEVEL4 LEVEL5 LEVEL0 LEVEL1) [1]
Pruned:  0: (LOAD GOODS1 TRUCK1 MARKET1 LEVEL4 LEVEL5 LEVEL0 LEVEL1) [1]
Pruned:  0: (LOAD GOODS1 TRUCK1 MARKET1 LEVEL4 LEVEL5 LEVEL0 LEVEL1) [1]
Pruned:  0: (LOAD GOODS1 TRUCK1 MARKET1 LEVEL4 LEVEL5 LEVEL0 LEVEL1) [1]
Pruned:  0: (LOAD GOODS1 TRUCK1 MARKET1 LEVEL4 LEVEL5 LEVEL0 LEVEL1) [1]
Pruned:  0: (LOAD GOODS1 TRUCK1 MARKET1 LEVEL4 LEVEL5 LEVEL0 LEVEL1) [1]
Pruned:  0: (LOAD GOODS1 TRUCK1 MARKET1 LEVEL4 LEVEL5 LEVEL0 LEVEL1) [1]
Pruned:  0: (LOAD GOODS1 TRUCK1 MARKET1 LEVEL4 LEVEL5 LEVEL0 LEVEL1) [1]
Pruned:  0: (LOAD GOODS1 TRUCK1 MARKET1 LEVEL4 LEVEL5 LEVEL0 LEVEL1) [1]
Pruned:  0: (LOAD GOODS1 TRUCK1 MARKET1 LEVEL4 LEVEL5 LEVEL0 LEVEL1) [1]
Pruned:  0: (LOAD GOODS1 TRUCK1 MARKET1 LEVEL4 LEVEL5 LEVEL0 LEVEL1) [1]
Pruned:  0: (LOAD GOODS1 TRUCK1 MARKET1 LEVEL4 LEVEL5 LEVEL0 LEVEL1) [1]
Pruned:  0: (LOAD GOODS1 TRUCK1 MARKET1 LEVEL4 LEVEL5 LEVEL0 LEVEL1) [1]
Pruned:  0: (LOAD GOODS1 TRUCK1 MARKET1 LEVEL4 LEVEL5 LEVEL0 LEVEL1) [1]
Pruned:  0: (LOAD GOODS1 TRUCK1 MARKET1 LEVEL4 LEVEL5 LEVEL0 LEVEL1) [1]
Pruned:  0: (LOAD GOODS1 TRUCK1 MARKET1 LEVEL4 LEVEL5 LEVEL0 LEVEL1) [1]
Pruned:  0: (LOAD GOODS1 TRUCK1 MARKET1 LEVEL4 LEVEL5 LEVEL0 LEVEL1) [1]
Pruned:  0: (LOAD GOODS1 TRUCK1 MARKET1 LEVEL4 LEVEL5 LEVEL0 LEVEL1) [1]
Pruned:  0: (LOAD GOODS1 TRUCK1 MARKET1 LEVEL4 LEVEL5 LEVEL0 LEVEL1) [1]
Pruned:  0: (LOAD GOODS1 TRUCK1 MARKET1 LEVEL4 LEVEL5 LEVEL0 LEVEL1) [1]
Pruned:  0: (LOAD GOODS1 TRUCK1 MARKET1 LEVEL4 LEVEL5 LEVEL0 LEVEL1) [1]
Pruned:  0: (LOAD GOODS1 TRUCK1 MARKET1 LEVEL4 LEVEL5 LEVEL0 LEVEL1) [1]
Pruned:  0: (LOAD GOODS1 TRUCK1 MARKET1 LEVEL4 LEVEL5 LEVEL0 LEVEL1) [1]
Pruned:  0: (LOAD GOODS1 TRUCK1 MARKET1 LEVEL4 LEVEL5 LEVEL0 LEVEL1) [1]
Pruned:  0: (LOAD GOODS1 TRUCK1 MARKET1 LEVEL4 LEVEL5 LEVEL0 LEVEL1) [1]
Pruned:  0: (LOAD GOODS1 TRUCK1 MARKET1 LEVEL4 LEVEL5 LEVEL0 LEVEL1) [1]
Pruned:  0: (LOAD GOODS1 TRUCK1 MARKET1 LEVEL4 LEVEL5 LEVEL0 LEVEL1) [1]
Pruned:  0: (LOAD GOODS1 TRUCK1 MARKET1 LEVEL4 LEVEL5 LEVEL0 LEVEL1) [1]
Pruned:  0: (LOAD GOODS1 TRUCK1 MARKET1 LEVEL4 LEVEL5 LEVEL0 LEVEL1) [1]
Pruned:  3: (BUY TRUCK6 GOODS1 MARKET4 LEVEL0 LEVEL1 LEVEL0 LEVEL1) [1]
Pruned:  3: (BUY TRUCK3 GOODS12 MARKET2 LEVEL1 LEVEL2 LEVEL0 LEVEL1) [1]
Pruned:  3: (BUY TRUCK6 GOODS8 MARKET4 LEVEL1 LEVEL2 LEVEL0 LEVEL1) [1]
Pruned:  3: (BUY TRUCK6 GOODS9 MARKET4 LEVEL1 LEVEL2 LEVEL0 LEVEL1) [1]
Pruned:  3: (BUY TRUCK6 GOODS10 MARKET4 LEVEL1 LEVEL2 LEVEL0 LEVEL1) [1]
Pruned:  4: (BUY TRUCK3 GOODS7 MARKET2 LEVEL0 LEVEL1 LEVEL0 LEVEL1) [1]
Pruned:  4: (BUY TRUCK3 GOODS12 MARKET2 LEVEL0 LEVEL1 LEVEL1 LEVEL2) [1]
Pruned:  4: (BUY TRUCK1 GOODS4 MARKET1 LEVEL1 LEVEL2 LEVEL0 LEVEL1) [1]
Pruned:  5: (LOAD GOODS7 TRUCK6 MARKET2 LEVEL0 LEVEL1 LEVEL0 LEVEL1) [1]
Pruned:  5: (BUY TRUCK1 GOODS12 MARKET1 LEVEL0 LEVEL1 LEVEL0 LEVEL1) [1]
Pruned:  6: (BUY TRUCK6 GOODS8 MARKET2 LEVEL0 LEVEL1 LEVEL0 LEVEL1) [1]
Pruned:  6: (BUY TRUCK6 GOODS9 MARKET2 LEVEL0 LEVEL1 LEVEL0 LEVEL1) [1]
Pruned:  6: (BUY TRUCK2 GOODS7 MARKET3 LEVEL1 LEVEL2 LEVEL0 LEVEL1) [1]
Pruned:  6: (BUY TRUCK6 GOODS4 MARKET2 LEVEL1 LEVEL2 LEVEL0 LEVEL1) [1]
Pruned:  6: (BUY TRUCK6 GOODS10 MARKET2 LEVEL1 LEVEL2 LEVEL0 LEVEL1) [1]
Pruned:  7: (BUY TRUCK4 GOODS12 MARKET5 LEVEL0 LEVEL1 LEVEL0 LEVEL1) [1]
---SatPlan Version: 1.1
***SAT!***

Solved in 10 layers

Real Time: = 9.09
User Time: = 8.49
Syst Time: = 0.57

__MEMKB 125824
