
Parsing domain..... depot..... done.
Parsing problem..... depotprob7654..... done.
Computing domains..... done.
Instantiating actions..... done.
Computing final representation..... done.

Parsing time : 0.00
Domains creation  time : 0.00
Instantiation time : 0.01 -> 15180 candidates, 2080 actions
Finalization time : 0.00 -> 368 fluents, 38 init

23 21 19 17 13 12 8 7 5 3 

0: (LIFT hoist4 crate7 crate6 distributor1) [1]
1: (LIFT hoist0 crate5 crate1 depot0) [1]
2: (DRIVE truck0 depot1 distributor0) [1]
3: (LIFT hoist3 crate9 crate2 distributor0) [1]
4: (LOAD hoist3 crate9 truck0 distributor0) [1]
5: (LIFT hoist1 crate8 pallet1 depot1) [1]
6: (DROP hoist4 crate7 crate6 distributor1) [1]
7: (DRIVE truck0 distributor0 distributor2) [1]
8: (DROP hoist1 crate8 pallet1 depot1) [1]
9: (LIFT hoist4 crate0 pallet8 distributor1) [1]
10: (DRIVE truck0 distributor2 depot0) [1]
11: (DROP hoist4 crate0 pallet8 distributor1) [1]
12: (LIFT hoist4 crate7 crate6 distributor1) [1]
13: (LOAD hoist0 crate5 truck0 depot0) [1]
14: (LIFT hoist1 crate8 pallet1 depot1) [1]
15: (LIFT hoist0 crate1 pallet9 depot0) [1]
16: (LOAD hoist0 crate1 truck0 depot0) [1]
17: (DROP hoist4 crate7 crate6 distributor1) [1]
18: (DRIVE truck0 depot0 distributor2) [1]
19: (UNLOAD hoist5 crate5 truck0 distributor2) [1]
20: (LIFT hoist4 crate0 pallet8 distributor1) [1]
21: (DROP hoist1 crate8 pallet1 depot1) [1]
22: (DROP hoist5 crate5 pallet5 distributor2) [1]
23: (DRIVE truck0 distributor2 distributor1) [1]
24: (LOAD hoist4 crate0 truck0 distributor1) [1]
25: (UNLOAD hoist4 crate1 truck0 distributor1) [1]
26: (DROP hoist4 crate1 pallet8 distributor1) [1]
27: (LIFT hoist5 crate3 pallet6 distributor2) [1]
28: (LIFT hoist4 crate7 crate6 distributor1) [1]
29: (DROP hoist4 crate7 crate1 distributor1) [1]
30: (LIFT hoist4 crate6 pallet4 distributor1) [1]
31: (LOAD hoist4 crate6 truck0 distributor1) [1]
32: (DRIVE truck0 distributor1 depot1) [1]
33: (LIFT hoist1 crate8 pallet1 depot1) [1]
34: (LIFT hoist4 crate7 crate1 distributor1) [1]
35: (LOAD hoist1 crate8 truck0 depot1) [1]
36: (DRIVE truck0 depot1 depot0) [1]
37: (UNLOAD hoist0 crate6 truck0 depot0) [1]
38: (DROP hoist4 crate7 crate1 distributor1) [1]
39: (DROP hoist0 crate6 crate4 depot0) [1]
40: (DRIVE truck0 depot0 distributor1) [1]
41: (LIFT hoist4 crate7 crate1 distributor1) [1]
42: (LIFT hoist0 crate6 crate4 depot0) [1]
43: (LOAD hoist4 crate7 truck0 distributor1) [1]
44: (UNLOAD hoist4 crate9 truck0 distributor1) [1]
45: (DRIVE truck0 distributor1 depot0) [1]
46: (DROP hoist4 crate9 crate1 distributor1) [1]
47: (LOAD hoist0 crate6 truck0 depot0) [1]
48: (UNLOAD hoist0 crate7 truck0 depot0) [1]
49: (DRIVE truck0 depot0 depot1) [1]
50: (DROP hoist0 crate7 crate4 depot0) [1]
51: (LIFT hoist4 crate9 crate1 distributor1) [1]
52: (UNLOAD hoist1 crate6 truck0 depot1) [1]
53: (DROP hoist1 crate6 pallet1 depot1) [1]
54: (LIFT hoist0 crate7 crate4 depot0) [1]
55: (DRIVE truck0 depot1 distributor1) [1]
56: (LOAD hoist4 crate9 truck0 distributor1) [1]
57: (DRIVE truck0 distributor1 depot0) [1]
58: (LOAD hoist0 crate7 truck0 depot0) [1]
59: (UNLOAD hoist0 crate9 truck0 depot0) [1]
60: (DRIVE truck0 depot0 depot1) [1]
61: (DROP hoist0 crate9 crate4 depot0) [1]
62: (UNLOAD hoist1 crate7 truck0 depot1) [1]
63: (DROP hoist1 crate7 crate6 depot1) [1]
64: (LIFT hoist0 crate9 crate4 depot0) [1]
65: (DRIVE truck0 depot1 depot0) [1]
66: (LOAD hoist0 crate9 truck0 depot0) [1]
67: (DRIVE truck0 depot0 depot1) [1]
68: (UNLOAD hoist1 crate9 truck0 depot1) [1]
69: (DROP hoist1 crate9 crate7 depot1) [1]

Valid plan : 70 actions.
Computed nodes : 73360
Evaluated nodes : 17324
Developed nodes : 1383
Useful nodes : 7

Lookahead utility : 32.61 %
Preparation time : 0.01
Search time : 5.31
Total time : 5.32

__MEMKB 20408
