Parsing...
Instantiating...
Starting instantiation [21 rules]...
Finding invariants...
Instantiating groups...
Choosing groups...
11 uncovered facts
Building translation key...
Building STRIPS to SAS dictionary...
Translating task...
Processing axioms...
Detecting unreachable propositions...
Removed false proposition: Atom on(c, c)
Removed false proposition: <none of those>
Removed false proposition: Atom on(i, i)
Removed false proposition: <none of those>
Removed false proposition: Atom on(g, g)
Removed false proposition: <none of those>
Removed false proposition: Atom on(d, d)
Removed false proposition: <none of those>
Removed false proposition: Atom on(f, f)
Removed false proposition: <none of those>
Removed false proposition: Atom on(b, b)
Removed false proposition: <none of those>
Removed false proposition: Atom on(e, e)
Removed false proposition: <none of those>
Removed false proposition: Atom on(h, h)
Removed false proposition: <none of those>
Removed false proposition: Atom on(a, a)
Removed false proposition: <none of those>
Removed false proposition: Atom on(j, j)
Removed false proposition: <none of those>
20 propositions removed.
Writing output...
Done!
Building causal graph...
The causal graph is not acyclic.
21 variables of 21 necessary
200 of 200 operators necessary.
0 of 0 axiom rules necessary.
Building domain transition graphs...
solveable in poly time 0
Building successor generator...
Writing output...
done

Simplifying transitions... done! (reduced from 600 to 240)
Initializing heuristic cache... done!
Conducting best first search.
Initializing causal graph heuristic...
Initializing HSP/FF heuristic...
Simplifying 780 unary operators... done! [600 unary operators]
Best heuristic value: 32/19 [expanded 1 state(s)]
Best heuristic value: 30/19 [expanded 4 state(s)]
Best heuristic value: 28/19 [expanded 7 state(s)]
Best heuristic value: 25/18 [expanded 11 state(s)]
Best heuristic value: 23/17 [expanded 15 state(s)]
Best heuristic value: 21/16 [expanded 19 state(s)]
Best heuristic value: 18/15 [expanded 24 state(s)]
Best heuristic value: 15/14 [expanded 28 state(s)]
Best heuristic value: 11/13 [expanded 32 state(s)]
Best heuristic value: 9/12 [expanded 36 state(s)]
Best heuristic value: 8/12 [expanded 88 state(s)]
Best heuristic value: 6/11 [expanded 91 state(s)]
Best heuristic value: 6/10 [expanded 106 state(s)]
Best heuristic value: 5/9 [expanded 115 state(s)]
Best heuristic value: 3/7 [expanded 118 state(s)]
Best heuristic value: 3/6 [expanded 176 state(s)]
Best heuristic value: 3/4 [expanded 179 state(s)]
Best heuristic value: 3/3 [expanded 188 state(s)]
Best heuristic value: 2/2 [expanded 192 state(s)]
Best heuristic value: 1/1 [expanded 193 state(s)]
Solution found!
unstack j i
put-down j
unstack i h
put-down i
unstack h f
stack h c
unstack f d
stack f j
unstack d e
put-down d
unstack e g
stack e i
unstack g b
stack g h
unstack b a
stack b e
pick-up a
stack a f
unstack b e
put-down b
unstack e i
put-down e
pick-up b
stack b e
pick-up i
stack i g
unstack b e
put-down b
pick-up e
stack e i
pick-up b
stack b e
unstack a f
put-down a
unstack f j
put-down f
pick-up a
stack a f
pick-up j
stack j d
unstack a f
put-down a
pick-up f
stack f j
pick-up a
stack a f
unstack b e
put-down b
unstack e i
put-down e
unstack i g
put-down i
pick-up e
stack e i
pick-up b
stack b e
unstack g h
put-down g
unstack h c
put-down h
pick-up c
stack c a
pick-up h
stack h c
pick-up g
stack g h
unstack b e
put-down b
unstack e i
put-down e
pick-up b
stack b e
pick-up i
stack i g
unstack b e
put-down b
pick-up e
stack e i
pick-up b
stack b e
Plan length: 80 step(s).
Expanded 194 state(s).
Generated 937 state(s).
Cache hits: 4746
Cache misses: 868
Search time: 0 seconds
Total time: 0 seconds
__MEMKB 9884
