Parsing...
Instantiating...
Starting instantiation [21 rules]...
Finding invariants...
Instantiating groups...
Choosing groups...
17 uncovered facts
Building translation key...
Building STRIPS to SAS dictionary...
Translating task...
Processing axioms...
Detecting unreachable propositions...
Removed false proposition: Atom on(c, c)
Removed false proposition: <none of those>
Removed false proposition: Atom on(j, j)
Removed false proposition: <none of those>
Removed false proposition: Atom on(h, h)
Removed false proposition: <none of those>
Removed false proposition: Atom on(k, k)
Removed false proposition: <none of those>
Removed false proposition: Atom on(i, i)
Removed false proposition: <none of those>
Removed false proposition: Atom on(p, p)
Removed false proposition: <none of those>
Removed false proposition: Atom on(f, f)
Removed false proposition: <none of those>
Removed false proposition: Atom on(a, a)
Removed false proposition: <none of those>
Removed false proposition: Atom on(o, o)
Removed false proposition: <none of those>
Removed false proposition: Atom on(g, g)
Removed false proposition: <none of those>
Removed false proposition: Atom on(n, n)
Removed false proposition: <none of those>
Removed false proposition: Atom on(e, e)
Removed false proposition: <none of those>
Removed false proposition: Atom on(l, l)
Removed false proposition: <none of those>
Removed false proposition: Atom on(d, d)
Removed false proposition: <none of those>
Removed false proposition: Atom on(b, b)
Removed false proposition: <none of those>
Removed false proposition: Atom on(m, m)
Removed false proposition: <none of those>
32 propositions removed.
Writing output...
Done!
Building causal graph...
The causal graph is not acyclic.
33 variables of 33 necessary
512 of 512 operators necessary.
0 of 0 axiom rules necessary.
Building domain transition graphs...
solveable in poly time 0
Building successor generator...
Writing output...
done

Simplifying transitions... done! (reduced from 1056 to 561)
Initializing heuristic cache... done!
Conducting best first search.
Initializing causal graph heuristic...
Initializing HSP/FF heuristic...
Simplifying 1536 unary operators... done! [1056 unary operators]
Best heuristic value: 67/31 [expanded 1 state(s)]
Best heuristic value: 65/31 [expanded 5 state(s)]
Best heuristic value: 65/30 [expanded 8 state(s)]
Best heuristic value: 64/30 [expanded 13 state(s)]
Best heuristic value: 62/29 [expanded 15 state(s)]
Best heuristic value: 61/29 [expanded 19 state(s)]
Best heuristic value: 60/29 [expanded 21 state(s)]
Best heuristic value: 55/29 [expanded 27 state(s)]
Best heuristic value: 52/28 [expanded 37 state(s)]
Best heuristic value: 48/27 [expanded 42 state(s)]
Best heuristic value: 45/27 [expanded 47 state(s)]
Best heuristic value: 45/26 [expanded 50 state(s)]
Best heuristic value: 44/25 [expanded 61 state(s)]
Best heuristic value: 36/24 [expanded 66 state(s)]
Best heuristic value: 28/23 [expanded 71 state(s)]
Best heuristic value: 28/22 [expanded 76 state(s)]
Best heuristic value: 22/21 [expanded 80 state(s)]
Best heuristic value: 21/19 [expanded 86 state(s)]
Best heuristic value: 17/18 [expanded 91 state(s)]
Best heuristic value: 16/17 [expanded 95 state(s)]
Best heuristic value: 14/17 [expanded 145 state(s)]
Best heuristic value: 13/17 [expanded 154 state(s)]
Best heuristic value: 12/17 [expanded 163 state(s)]
Best heuristic value: 10/16 [expanded 172 state(s)]
Best heuristic value: 10/15 [expanded 177 state(s)]
Best heuristic value: 9/15 [expanded 193 state(s)]
Best heuristic value: 7/14 [expanded 196 state(s)]
Best heuristic value: 5/13 [expanded 281 state(s)]
Best heuristic value: 4/12 [expanded 297 state(s)]
Best heuristic value: 2/10 [expanded 301 state(s)]
Best heuristic value: 2/9 [expanded 340 state(s)]
Best heuristic value: 2/8 [expanded 342 state(s)]
Best heuristic value: 1/6 [expanded 345 state(s)]
Best heuristic value: 1/4 [expanded 381 state(s)]
Best heuristic value: 1/3 [expanded 391 state(s)]
Best heuristic value: 1/2 [expanded 392 state(s)]
Best heuristic value: 1/1 [expanded 393 state(s)]
Solution found!
unstack o g
put-down o
unstack f l
stack f g
unstack l m
put-down l
unstack m j
put-down m
unstack j p
stack j h
unstack p n
stack p f
pick-up l
stack l j
unstack n i
put-down n
unstack i b
stack i l
unstack b d
stack b p
unstack d c
stack d b
unstack c k
stack c o
pick-up m
stack m c
unstack k a
stack k i
pick-up a
stack a n
unstack k i
put-down k
unstack i l
put-down i
unstack l j
put-down l
unstack j h
put-down j
unstack h e
stack h a
pick-up j
stack j h
pick-up k
stack k i
pick-up e
stack e m
unstack k i
put-down k
pick-up i
stack i l
pick-up k
stack k i
unstack j h
put-down j
unstack h a
put-down h
pick-up j
stack j h
unstack a n
put-down a
pick-up n
stack n e
pick-up a
stack a n
unstack j h
put-down j
pick-up h
stack h a
pick-up j
stack j h
unstack k i
put-down k
unstack i l
put-down i
pick-up l
stack l j
pick-up i
stack i l
pick-up k
stack k i
unstack d b
put-down d
unstack b p
put-down b
unstack p f
put-down p
pick-up b
stack b p
pick-up d
stack d b
unstack f g
put-down f
pick-up g
stack g k
pick-up f
stack f g
unstack d b
put-down d
unstack b p
put-down b
pick-up p
stack p f
pick-up b
stack b p
pick-up d
stack d b
Plan length: 106 step(s).
Expanded 394 state(s).
Generated 2219 state(s).
Cache hits: 4640
Cache misses: 42141
Search time: 0.02 seconds
Total time: 0.02 seconds
__MEMKB 12188
