Parsing...
Instantiating...
Starting instantiation [21 rules]...
Finding invariants...
Instantiating groups...
Choosing groups...
7 uncovered facts
Building translation key...
Building STRIPS to SAS dictionary...
Translating task...
Processing axioms...
Detecting unreachable propositions...
Removed false proposition: Atom on(c, c)
Removed false proposition: <none of those>
Removed false proposition: Atom on(d, d)
Removed false proposition: <none of those>
Removed false proposition: Atom on(f, f)
Removed false proposition: <none of those>
Removed false proposition: Atom on(b, b)
Removed false proposition: <none of those>
Removed false proposition: Atom on(e, e)
Removed false proposition: <none of those>
Removed false proposition: Atom on(a, a)
Removed false proposition: <none of those>
12 propositions removed.
Writing output...
Done!
Building causal graph...
The causal graph is not acyclic.
13 variables of 13 necessary
72 of 72 operators necessary.
0 of 0 axiom rules necessary.
Building domain transition graphs...
solveable in poly time 0
Building successor generator...
Writing output...
done

Simplifying transitions... done! (reduced from 216 to 96)
Initializing heuristic cache... done!
Conducting best first search.
Initializing causal graph heuristic...
Initializing HSP/FF heuristic...
Simplifying 276 unary operators... done! [216 unary operators]
Best heuristic value: 17/11 [expanded 1 state(s)]
Best heuristic value: 13/10 [expanded 4 state(s)]
Best heuristic value: 11/10 [expanded 6 state(s)]
Best heuristic value: 9/9 [expanded 8 state(s)]
Best heuristic value: 9/8 [expanded 16 state(s)]
Best heuristic value: 9/7 [expanded 20 state(s)]
Best heuristic value: 7/6 [expanded 26 state(s)]
Best heuristic value: 4/4 [expanded 29 state(s)]
Best heuristic value: 3/3 [expanded 32 state(s)]
Best heuristic value: 2/2 [expanded 33 state(s)]
Best heuristic value: 1/1 [expanded 34 state(s)]
Solution found!
unstack d a
put-down d
unstack f e
stack f d
unstack e b
stack e f
unstack a c
stack a e
pick-up b
stack b a
pick-up c
stack c b
Plan length: 12 step(s).
Expanded 35 state(s).
Generated 109 state(s).
Cache hits: 331
Cache misses: 0
Search time: 0 seconds
Total time: 0 seconds
__MEMKB 8728
