Parsing...
Instantiating...
Starting instantiation [21 rules]...
Finding invariants...
Instantiating groups...
Choosing groups...
9 uncovered facts
Building translation key...
Building STRIPS to SAS dictionary...
Translating task...
Processing axioms...
Detecting unreachable propositions...
Removed false proposition: Atom on(c, c)
Removed false proposition: <none of those>
Removed false proposition: Atom on(d, d)
Removed false proposition: <none of those>
Removed false proposition: Atom on(h, h)
Removed false proposition: <none of those>
Removed false proposition: Atom on(f, f)
Removed false proposition: <none of those>
Removed false proposition: Atom on(b, b)
Removed false proposition: <none of those>
Removed false proposition: Atom on(e, e)
Removed false proposition: <none of those>
Removed false proposition: Atom on(g, g)
Removed false proposition: <none of those>
Removed false proposition: Atom on(a, a)
Removed false proposition: <none of those>
16 propositions removed.
Writing output...
Done!
Building causal graph...
The causal graph is not acyclic.
17 variables of 17 necessary
128 of 128 operators necessary.
0 of 0 axiom rules necessary.
Building domain transition graphs...
solveable in poly time 0
Building successor generator...
Writing output...
done

Simplifying transitions... done! (reduced from 384 to 160)
Initializing heuristic cache... done!
Conducting best first search.
Initializing causal graph heuristic...
Initializing HSP/FF heuristic...
Simplifying 496 unary operators... done! [384 unary operators]
Best heuristic value: 19/13 [expanded 1 state(s)]
Best heuristic value: 17/13 [expanded 5 state(s)]
Best heuristic value: 17/12 [expanded 6 state(s)]
Best heuristic value: 15/12 [expanded 10 state(s)]
Best heuristic value: 11/11 [expanded 12 state(s)]
Best heuristic value: 10/10 [expanded 15 state(s)]
Best heuristic value: 8/9 [expanded 43 state(s)]
Best heuristic value: 6/7 [expanded 46 state(s)]
Best heuristic value: 5/7 [expanded 55 state(s)]
Best heuristic value: 3/6 [expanded 57 state(s)]
Best heuristic value: 3/4 [expanded 80 state(s)]
Best heuristic value: 3/3 [expanded 89 state(s)]
Best heuristic value: 2/2 [expanded 93 state(s)]
Best heuristic value: 1/1 [expanded 94 state(s)]
Solution found!
pick-up c
stack c a
unstack d h
put-down d
unstack h f
stack h c
pick-up d
stack d f
unstack h c
put-down h
unstack c a
put-down c
pick-up h
stack h c
unstack a g
put-down a
unstack g e
stack g b
pick-up e
stack e h
pick-up a
stack a g
unstack d f
put-down d
unstack e h
put-down e
pick-up f
stack f e
pick-up d
stack d f
unstack h c
put-down h
pick-up c
stack c a
pick-up h
stack h c
unstack d f
put-down d
unstack f e
put-down f
pick-up d
stack d f
pick-up e
stack e h
unstack d f
put-down d
pick-up f
stack f e
pick-up d
stack d f
Plan length: 50 step(s).
Expanded 95 state(s).
Generated 412 state(s).
Cache hits: 1351
Cache misses: 0
Search time: 0 seconds
Total time: 0 seconds
__MEMKB 22272
