#
# (C) Copyright 2008, University of Illinois, Urbana-Champaign
#
# All rights reserved. Use of this software is permitted ONLY for
# non-commercial research purposes, and it may be copied only
# for that use only. All copies must include this copyright message.
# This software is made available AS IS, and neither the authors
# nor the University of Illinois, make any warranty about the
# software or its performance.
#

Parsing domain file
 domain 'DEPOT' defined
Parsing problem file
 problem 'DEPOTPROB1234' defined



checking for cyclic := effects --- OK.

Starting SGPlan search ...



Solution found.



; Time 0.00
; ParsingTime 0.00
; NrActions 27
; MakeSpan
; MetricValue
; PlanningTechnique Modified-FF(enforced hill-climbing search) as the subplanner

0.001: (DRIVE TRUCK1 DEPOT0 DISTRIBUTOR1) [1]
1.002: (LIFT HOIST2 CRATE3 CRATE2 DISTRIBUTOR1) [1]
2.003: (LIFT HOIST0 CRATE5 PALLET0 DEPOT0) [1]
3.004: (LOAD HOIST2 CRATE3 TRUCK1 DISTRIBUTOR1) [1]
4.005: (LIFT HOIST1 CRATE4 CRATE0 DISTRIBUTOR0) [1]
5.006: (DRIVE TRUCK1 DISTRIBUTOR1 DISTRIBUTOR0) [1]
6.007: (DRIVE TRUCK0 DISTRIBUTOR1 DEPOT0) [1]
7.008: (LOAD HOIST0 CRATE5 TRUCK0 DEPOT0) [1]
8.009: (DRIVE TRUCK0 DEPOT0 DISTRIBUTOR1) [1]
9.010: (UNLOAD HOIST2 CRATE5 TRUCK0 DISTRIBUTOR1) [1]
10.011: (LOAD HOIST1 CRATE4 TRUCK1 DISTRIBUTOR0) [1]
11.012: (DRIVE TRUCK1 DISTRIBUTOR0 DISTRIBUTOR1) [1]
12.013: (LIFT HOIST1 CRATE0 PALLET4 DISTRIBUTOR0) [1]
13.014: (DROP HOIST1 CRATE0 PALLET3 DISTRIBUTOR0) [1]
14.015: (DRIVE TRUCK1 DISTRIBUTOR1 DISTRIBUTOR0) [1]
15.016: (UNLOAD HOIST1 CRATE3 TRUCK1 DISTRIBUTOR0) [1]
16.017: (DRIVE TRUCK1 DISTRIBUTOR0 DISTRIBUTOR1) [1]
17.018: (DROP HOIST1 CRATE3 PALLET1 DISTRIBUTOR0) [1]
18.019: (LOAD HOIST2 CRATE5 TRUCK1 DISTRIBUTOR1) [1]
19.020: (LIFT HOIST2 CRATE1 PALLET5 DISTRIBUTOR1) [1]
20.021: (LOAD HOIST2 CRATE1 TRUCK1 DISTRIBUTOR1) [1]
21.022: (UNLOAD HOIST2 CRATE4 TRUCK1 DISTRIBUTOR1) [1]
22.023: (DROP HOIST2 CRATE4 PALLET5 DISTRIBUTOR1) [1]
23.024: (UNLOAD HOIST2 CRATE1 TRUCK1 DISTRIBUTOR1) [1]
24.025: (DROP HOIST2 CRATE1 CRATE4 DISTRIBUTOR1) [1]
25.026: (UNLOAD HOIST2 CRATE5 TRUCK1 DISTRIBUTOR1) [1]
26.027: (DROP HOIST2 CRATE5 CRATE1 DISTRIBUTOR1) [1]
__MEMKB 21404
