#
# (C) Copyright 2008, University of Illinois, Urbana-Champaign
#
# All rights reserved. Use of this software is permitted ONLY for
# non-commercial research purposes, and it may be copied only
# for that use only. All copies must include this copyright message.
# This software is made available AS IS, and neither the authors
# nor the University of Illinois, make any warranty about the
# software or its performance.
#

Parsing domain file
 domain 'DEPOT' defined
Parsing problem file
 problem 'DEPOTPROB8715' defined



checking for cyclic := effects --- OK.

Starting SGPlan search ...





Solution found.



; Time 0.10
; ParsingTime 0.08
; NrActions 34
; MakeSpan
; MetricValue
; PlanningTechnique Modified-FF(enforced hill-climbing search) as the subplanner

0.001: (LIFT HOIST14 CRATE6 PALLET4 DEPOT4) [1]
1.002: (LOAD HOIST14 CRATE6 TRUCK5 DEPOT4) [1]
2.003: (DRIVE TRUCK5 DEPOT4 DISTRIBUTOR1) [1]
3.004: (LIFT HOIST7 CRATE8 PALLET7 DISTRIBUTOR1) [1]
4.005: (LOAD HOIST7 CRATE8 TRUCK5 DISTRIBUTOR1) [1]
5.006: (UNLOAD HOIST7 CRATE6 TRUCK5 DISTRIBUTOR1) [1]
6.007: (DRIVE TRUCK5 DISTRIBUTOR1 DEPOT1) [1]
7.008: (LIFT HOIST13 CRATE5 PALLET1 DEPOT1) [1]
8.009: (LOAD HOIST13 CRATE5 TRUCK5 DEPOT1) [1]
9.010: (LIFT HOIST13 CRATE3 PALLET15 DEPOT1) [1]
10.011: (UNLOAD HOIST1 CRATE8 TRUCK5 DEPOT1) [1]
11.012: (DRIVE TRUCK5 DEPOT1 DEPOT5) [1]
12.013: (UNLOAD HOIST12 CRATE5 TRUCK5 DEPOT5) [1]
13.014: (DROP HOIST12 CRATE5 PALLET5 DEPOT5) [1]
14.015: (DROP HOIST7 CRATE6 PALLET12 DISTRIBUTOR1) [1]
15.016: (DROP HOIST1 CRATE8 PALLET15 DEPOT1) [1]
16.017: (LIFT HOIST1 CRATE0 PALLET16 DEPOT1) [1]
17.018: (DRIVE TRUCK5 DEPOT5 DEPOT0) [1]
18.019: (LIFT HOIST0 CRATE1 PALLET0 DEPOT0) [1]
19.020: (DRIVE TRUCK5 DEPOT0 DEPOT1) [1]
20.021: (LOAD HOIST1 CRATE0 TRUCK5 DEPOT1) [1]
21.022: (LOAD HOIST0 CRATE1 TRUCK4 DEPOT0) [1]
22.023: (DRIVE TRUCK4 DEPOT0 DISTRIBUTOR1) [1]
23.024: (LOAD HOIST13 CRATE3 TRUCK5 DEPOT1) [1]
24.025: (DRIVE TRUCK5 DEPOT1 DEPOT2) [1]
25.026: (UNLOAD HOIST2 CRATE0 TRUCK5 DEPOT2) [1]
26.027: (DRIVE TRUCK5 DEPOT2 DEPOT3) [1]
27.028: (UNLOAD HOIST7 CRATE1 TRUCK4 DISTRIBUTOR1) [1]
28.029: (LIFT HOIST11 CRATE2 PALLET13 DISTRIBUTOR5) [1]
29.030: (UNLOAD HOIST3 CRATE3 TRUCK5 DEPOT3) [1]
30.031: (DROP HOIST2 CRATE0 PALLET2 DEPOT2) [1]
31.032: (DROP HOIST7 CRATE1 PALLET7 DISTRIBUTOR1) [1]
32.033: (DROP HOIST11 CRATE2 PALLET11 DISTRIBUTOR5) [1]
33.034: (DROP HOIST3 CRATE3 PALLET3 DEPOT3) [1]
__MEMKB 61196
