#
# (C) Copyright 2008, University of Illinois, Urbana-Champaign
#
# All rights reserved. Use of this software is permitted ONLY for
# non-commercial research purposes, and it may be copied only
# for that use only. All copies must include this copyright message.
# This software is made available AS IS, and neither the authors
# nor the University of Illinois, make any warranty about the
# software or its performance.
#

Parsing domain file
 domain 'DEPOT' defined
Parsing problem file
 problem 'DEPOTPROB6178' defined



checking for cyclic := effects --- OK.

Starting SGPlan search ...





Solution found.



; Time 0.05
; ParsingTime 0.02
; NrActions 48
; MakeSpan
; MetricValue
; PlanningTechnique Modified-FF(enforced hill-climbing search) as the subplanner

0.001: (LIFT HOIST0 CRATE6 PALLET0 DEPOT0) [1]
1.002: (LOAD HOIST0 CRATE6 TRUCK0 DEPOT0) [1]
2.003: (DRIVE TRUCK0 DEPOT0 DISTRIBUTOR0) [1]
3.004: (DRIVE TRUCK3 DISTRIBUTOR3 DISTRIBUTOR1) [1]
4.005: (LIFT HOIST5 CRATE5 CRATE3 DISTRIBUTOR1) [1]
5.006: (LOAD HOIST5 CRATE5 TRUCK3 DISTRIBUTOR1) [1]
6.007: (DRIVE TRUCK3 DISTRIBUTOR1 DEPOT3) [1]
7.008: (UNLOAD HOIST3 CRATE5 TRUCK3 DEPOT3) [1]
8.009: (LIFT HOIST4 CRATE2 PALLET4 DISTRIBUTOR0) [1]
9.010: (LOAD HOIST4 CRATE2 TRUCK1 DISTRIBUTOR0) [1]
10.011: (UNLOAD HOIST4 CRATE6 TRUCK0 DISTRIBUTOR0) [1]
11.012: (DROP HOIST4 CRATE6 PALLET4 DISTRIBUTOR0) [1]
12.013: (DRIVE TRUCK3 DEPOT3 DISTRIBUTOR1) [1]
13.014: (LIFT HOIST5 CRATE3 PALLET5 DISTRIBUTOR1) [1]
14.015: (LOAD HOIST5 CRATE3 TRUCK3 DISTRIBUTOR1) [1]
15.016: (LIFT HOIST6 CRATE4 PALLET8 DISTRIBUTOR2) [1]
16.017: (DRIVE TRUCK3 DISTRIBUTOR1 DISTRIBUTOR2) [1]
17.018: (LOAD HOIST6 CRATE4 TRUCK3 DISTRIBUTOR2) [1]
18.019: (DRIVE TRUCK3 DISTRIBUTOR2 DEPOT3) [1]
19.020: (DRIVE TRUCK3 DEPOT3 DISTRIBUTOR1) [1]
20.021: (UNLOAD HOIST5 CRATE4 TRUCK3 DISTRIBUTOR1) [1]
21.022: (DRIVE TRUCK3 DISTRIBUTOR1 DEPOT3) [1]
22.023: (DROP HOIST5 CRATE4 PALLET5 DISTRIBUTOR1) [1]
23.024: (LOAD HOIST3 CRATE5 TRUCK3 DEPOT3) [1]
24.025: (LIFT HOIST3 CRATE7 PALLET3 DEPOT3) [1]
25.026: (LOAD HOIST3 CRATE7 TRUCK3 DEPOT3) [1]
26.027: (DRIVE TRUCK3 DEPOT3 DISTRIBUTOR1) [1]
27.028: (UNLOAD HOIST5 CRATE7 TRUCK3 DISTRIBUTOR1) [1]
28.029: (DROP HOIST5 CRATE7 CRATE4 DISTRIBUTOR1) [1]
29.030: (UNLOAD HOIST5 CRATE5 TRUCK3 DISTRIBUTOR1) [1]
30.031: (DROP HOIST5 CRATE5 CRATE7 DISTRIBUTOR1) [1]
31.032: (DRIVE TRUCK3 DISTRIBUTOR1 DEPOT3) [1]
32.033: (LIFT HOIST3 CRATE0 PALLET9 DEPOT3) [1]
33.034: (LOAD HOIST3 CRATE0 TRUCK3 DEPOT3) [1]
34.035: (DRIVE TRUCK3 DEPOT3 DEPOT1) [1]
35.036: (UNLOAD HOIST1 CRATE3 TRUCK3 DEPOT1) [1]
36.037: (DRIVE TRUCK3 DEPOT1 DISTRIBUTOR2) [1]
37.038: (UNLOAD HOIST6 CRATE0 TRUCK3 DISTRIBUTOR2) [1]
38.039: (DROP HOIST6 CRATE0 PALLET6 DISTRIBUTOR2) [1]
39.040: (DRIVE TRUCK3 DISTRIBUTOR2 DEPOT1) [1]
40.041: (LOAD HOIST1 CRATE3 TRUCK3 DEPOT1) [1]
41.042: (LIFT HOIST1 CRATE1 PALLET1 DEPOT1) [1]
42.043: (LOAD HOIST1 CRATE1 TRUCK3 DEPOT1) [1]
43.044: (DRIVE TRUCK3 DEPOT1 DISTRIBUTOR2) [1]
44.045: (UNLOAD HOIST6 CRATE1 TRUCK3 DISTRIBUTOR2) [1]
45.046: (DROP HOIST6 CRATE1 PALLET8 DISTRIBUTOR2) [1]
46.047: (UNLOAD HOIST6 CRATE3 TRUCK3 DISTRIBUTOR2) [1]
47.048: (DROP HOIST6 CRATE3 CRATE1 DISTRIBUTOR2) [1]
__MEMKB 30572
