#
# (C) Copyright 2008, University of Illinois, Urbana-Champaign
#
# All rights reserved. Use of this software is permitted ONLY for
# non-commercial research purposes, and it may be copied only
# for that use only. All copies must include this copyright message.
# This software is made available AS IS, and neither the authors
# nor the University of Illinois, make any warranty about the
# software or its performance.
#

Parsing domain file
 domain 'DEPOT' defined
Parsing problem file
 problem 'DEPOTPROB1935' defined



checking for cyclic := effects --- OK.

Starting SGPlan search ...





Solution found.



; Time 0.04
; ParsingTime 0.00
; NrActions 48
; MakeSpan
; MetricValue
; PlanningTechnique Modified-FF(enforced hill-climbing search) as the subplanner

0.001: (LIFT HOIST2 CRATE5 CRATE2 DISTRIBUTOR1) [1]
1.002: (DRIVE TRUCK1 DISTRIBUTOR0 DISTRIBUTOR1) [1]
2.003: (LOAD HOIST2 CRATE5 TRUCK1 DISTRIBUTOR1) [1]
3.004: (LIFT HOIST1 CRATE4 CRATE3 DISTRIBUTOR0) [1]
4.005: (DRIVE TRUCK1 DISTRIBUTOR1 DISTRIBUTOR0) [1]
5.006: (LOAD HOIST1 CRATE4 TRUCK1 DISTRIBUTOR0) [1]
6.007: (LIFT HOIST1 CRATE3 CRATE0 DISTRIBUTOR0) [1]
7.008: (LOAD HOIST1 CRATE3 TRUCK1 DISTRIBUTOR0) [1]
8.009: (UNLOAD HOIST1 CRATE5 TRUCK1 DISTRIBUTOR0) [1]
9.010: (DRIVE TRUCK1 DISTRIBUTOR0 DISTRIBUTOR1) [1]
10.011: (UNLOAD HOIST2 CRATE3 TRUCK1 DISTRIBUTOR1) [1]
11.012: (DRIVE TRUCK1 DISTRIBUTOR1 DISTRIBUTOR0) [1]
12.013: (DROP HOIST2 CRATE3 CRATE2 DISTRIBUTOR1) [1]
13.014: (LOAD HOIST1 CRATE5 TRUCK1 DISTRIBUTOR0) [1]
14.015: (LIFT HOIST1 CRATE0 PALLET1 DISTRIBUTOR0) [1]
15.016: (LOAD HOIST1 CRATE0 TRUCK1 DISTRIBUTOR0) [1]
16.017: (UNLOAD HOIST1 CRATE4 TRUCK1 DISTRIBUTOR0) [1]
17.018: (DROP HOIST1 CRATE4 PALLET1 DISTRIBUTOR0) [1]
18.019: (UNLOAD HOIST1 CRATE0 TRUCK1 DISTRIBUTOR0) [1]
19.020: (DROP HOIST1 CRATE0 CRATE4 DISTRIBUTOR0) [1]
20.021: (UNLOAD HOIST1 CRATE5 TRUCK1 DISTRIBUTOR0) [1]
21.022: (DROP HOIST1 CRATE5 CRATE0 DISTRIBUTOR0) [1]
22.023: (DRIVE TRUCK1 DISTRIBUTOR0 DEPOT0) [1]
23.024: (LIFT HOIST0 CRATE1 PALLET0 DEPOT0) [1]
24.025: (LOAD HOIST0 CRATE1 TRUCK1 DEPOT0) [1]
25.026: (DRIVE TRUCK1 DEPOT0 DISTRIBUTOR0) [1]
26.027: (LIFT HOIST1 CRATE5 CRATE0 DISTRIBUTOR0) [1]
27.028: (LIFT HOIST2 CRATE3 CRATE2 DISTRIBUTOR1) [1]
28.029: (LOAD HOIST1 CRATE5 TRUCK1 DISTRIBUTOR0) [1]
29.030: (LIFT HOIST1 CRATE0 CRATE4 DISTRIBUTOR0) [1]
30.031: (LOAD HOIST1 CRATE0 TRUCK1 DISTRIBUTOR0) [1]
31.032: (DRIVE TRUCK1 DISTRIBUTOR0 DISTRIBUTOR1) [1]
32.033: (LOAD HOIST2 CRATE3 TRUCK1 DISTRIBUTOR1) [1]
33.034: (LIFT HOIST2 CRATE2 PALLET2 DISTRIBUTOR1) [1]
34.035: (LOAD HOIST2 CRATE2 TRUCK1 DISTRIBUTOR1) [1]
35.036: (UNLOAD HOIST2 CRATE1 TRUCK1 DISTRIBUTOR1) [1]
36.037: (DRIVE TRUCK1 DISTRIBUTOR1 DEPOT0) [1]
37.038: (UNLOAD HOIST0 CRATE2 TRUCK1 DEPOT0) [1]
38.039: (DROP HOIST2 CRATE1 PALLET2 DISTRIBUTOR1) [1]
39.040: (DROP HOIST0 CRATE2 PALLET0 DEPOT0) [1]
40.041: (DRIVE TRUCK1 DEPOT0 DISTRIBUTOR1) [1]
41.042: (UNLOAD HOIST2 CRATE0 TRUCK1 DISTRIBUTOR1) [1]
42.043: (DROP HOIST2 CRATE0 CRATE1 DISTRIBUTOR1) [1]
43.044: (UNLOAD HOIST2 CRATE5 TRUCK1 DISTRIBUTOR1) [1]
44.045: (DRIVE TRUCK1 DISTRIBUTOR1 DEPOT0) [1]
45.046: (UNLOAD HOIST0 CRATE3 TRUCK1 DEPOT0) [1]
46.047: (DROP HOIST0 CRATE3 CRATE2 DEPOT0) [1]
47.048: (DROP HOIST2 CRATE5 CRATE0 DISTRIBUTOR1) [1]
__MEMKB 22016
