#
# (C) Copyright 2008, University of Illinois, Urbana-Champaign
#
# All rights reserved. Use of this software is permitted ONLY for
# non-commercial research purposes, and it may be copied only
# for that use only. All copies must include this copyright message.
# This software is made available AS IS, and neither the authors
# nor the University of Illinois, make any warranty about the
# software or its performance.
#

Parsing domain file
 domain 'DEPOT' defined
Parsing problem file
 problem 'DEPOTPROB1817' defined



checking for cyclic := effects --- OK.

Starting SGPlan search ...









Solution found.



; Time 5.87
; ParsingTime 0.25
; NrActions 100
; MakeSpan
; MetricValue
; PlanningTechnique Modified-FF(enforced hill-climbing search) as the subplanner

0.001: (DRIVE TRUCK5 DISTRIBUTOR0 DISTRIBUTOR2) [1]
1.002: (LIFT HOIST9 CRATE16 CRATE11 DISTRIBUTOR3) [1]
2.003: (LIFT HOIST1 CRATE17 CRATE12 DEPOT1) [1]
3.004: (LIFT HOIST10 CRATE18 PALLET12 DISTRIBUTOR4) [1]
4.005: (LOAD HOIST9 CRATE16 TRUCK4 DISTRIBUTOR3) [1]
5.006: (DRIVE TRUCK4 DISTRIBUTOR3 DISTRIBUTOR2) [1]
6.007: (LOAD HOIST10 CRATE18 TRUCK1 DISTRIBUTOR4) [1]
7.008: (DRIVE TRUCK1 DISTRIBUTOR4 DEPOT4) [1]
8.009: (UNLOAD HOIST8 CRATE16 TRUCK4 DISTRIBUTOR2) [1]
9.010: (UNLOAD HOIST4 CRATE18 TRUCK1 DEPOT4) [1]
10.011: (DROP HOIST4 CRATE18 PALLET4 DEPOT4) [1]
11.012: (DRIVE TRUCK0 DEPOT2 DEPOT1) [1]
12.013: (LOAD HOIST1 CRATE17 TRUCK0 DEPOT1) [1]
13.014: (DRIVE TRUCK0 DEPOT1 DEPOT2) [1]
14.015: (UNLOAD HOIST2 CRATE17 TRUCK0 DEPOT2) [1]
15.016: (DROP HOIST2 CRATE17 PALLET2 DEPOT2) [1]
16.017: (LIFT HOIST7 CRATE19 CRATE4 DISTRIBUTOR1) [1]
17.018: (DRIVE TRUCK5 DISTRIBUTOR2 DISTRIBUTOR1) [1]
18.019: (LOAD HOIST7 CRATE19 TRUCK5 DISTRIBUTOR1) [1]
19.020: (LIFT HOIST9 CRATE11 PALLET9 DISTRIBUTOR3) [1]
20.021: (DROP HOIST9 CRATE11 PALLET18 DISTRIBUTOR3) [1]
21.022: (DRIVE TRUCK5 DISTRIBUTOR1 DISTRIBUTOR3) [1]
22.023: (UNLOAD HOIST9 CRATE19 TRUCK5 DISTRIBUTOR3) [1]
23.024: (DRIVE TRUCK5 DISTRIBUTOR3 DISTRIBUTOR2) [1]
24.025: (DROP HOIST9 CRATE19 PALLET9 DISTRIBUTOR3) [1]
25.026: (LIFT HOIST7 CRATE4 PALLET7 DISTRIBUTOR1) [1]
26.027: (DROP HOIST7 CRATE4 PALLET19 DISTRIBUTOR1) [1]
27.028: (LOAD HOIST8 CRATE16 TRUCK5 DISTRIBUTOR2) [1]
28.029: (LIFT HOIST8 CRATE15 PALLET13 DISTRIBUTOR2) [1]
29.030: (LOAD HOIST8 CRATE15 TRUCK5 DISTRIBUTOR2) [1]
30.031: (DRIVE TRUCK5 DISTRIBUTOR2 DISTRIBUTOR1) [1]
31.032: (UNLOAD HOIST7 CRATE15 TRUCK5 DISTRIBUTOR1) [1]
32.033: (DROP HOIST7 CRATE15 PALLET7 DISTRIBUTOR1) [1]
33.034: (UNLOAD HOIST7 CRATE16 TRUCK5 DISTRIBUTOR1) [1]
34.035: (DROP HOIST7 CRATE16 CRATE15 DISTRIBUTOR1) [1]
35.036: (LIFT HOIST12 CRATE10 CRATE9 DEPOT0) [1]
36.037: (LIFT HOIST0 CRATE9 CRATE1 DEPOT0) [1]
37.038: (LIFT HOIST9 CRATE11 PALLET18 DISTRIBUTOR3) [1]
38.039: (LIFT HOIST8 CRATE13 CRATE3 DISTRIBUTOR2) [1]
39.040: (LOAD HOIST8 CRATE13 TRUCK4 DISTRIBUTOR2) [1]
40.041: (LOAD HOIST0 CRATE9 TRUCK3 DEPOT0) [1]
41.042: (DRIVE TRUCK3 DEPOT0 DISTRIBUTOR2) [1]
42.043: (DRIVE TRUCK4 DISTRIBUTOR2 DISTRIBUTOR1) [1]
43.044: (UNLOAD HOIST7 CRATE13 TRUCK4 DISTRIBUTOR1) [1]
44.045: (DROP HOIST7 CRATE13 CRATE16 DISTRIBUTOR1) [1]
45.046: (DRIVE TRUCK0 DEPOT2 DEPOT0) [1]
46.047: (LOAD HOIST12 CRATE10 TRUCK0 DEPOT0) [1]
47.048: (DRIVE TRUCK0 DEPOT0 DEPOT2) [1]
48.049: (UNLOAD HOIST2 CRATE10 TRUCK0 DEPOT2) [1]
49.050: (DROP HOIST2 CRATE10 CRATE17 DEPOT2) [1]
50.051: (DRIVE TRUCK5 DISTRIBUTOR1 DISTRIBUTOR3) [1]
51.052: (LOAD HOIST9 CRATE11 TRUCK5 DISTRIBUTOR3) [1]
52.053: (DRIVE TRUCK5 DISTRIBUTOR3 DEPOT1) [1]
53.054: (LIFT HOIST1 CRATE12 PALLET1 DEPOT1) [1]
54.055: (LOAD HOIST1 CRATE12 TRUCK5 DEPOT1) [1]
55.056: (UNLOAD HOIST1 CRATE11 TRUCK5 DEPOT1) [1]
56.057: (DRIVE TRUCK5 DEPOT1 DISTRIBUTOR1) [1]
57.058: (UNLOAD HOIST7 CRATE12 TRUCK5 DISTRIBUTOR1) [1]
58.059: (DROP HOIST1 CRATE11 PALLET1 DEPOT1) [1]
59.060: (DROP HOIST7 CRATE12 PALLET16 DISTRIBUTOR1) [1]
60.061: (LIFT HOIST8 CRATE6 PALLET17 DISTRIBUTOR2) [1]
61.062: (LOAD HOIST8 CRATE6 TRUCK3 DISTRIBUTOR2) [1]
62.063: (UNLOAD HOIST8 CRATE9 TRUCK3 DISTRIBUTOR2) [1]
63.064: (DROP HOIST8 CRATE9 PALLET17 DISTRIBUTOR2) [1]
64.065: (DRIVE TRUCK5 DISTRIBUTOR1 DISTRIBUTOR2) [1]
65.066: (LIFT HOIST8 CRATE3 PALLET8 DISTRIBUTOR2) [1]
66.067: (LIFT HOIST14 CRATE8 CRATE7 DEPOT5) [1]
67.068: (LOAD HOIST8 CRATE3 TRUCK5 DISTRIBUTOR2) [1]
68.069: (DRIVE TRUCK5 DISTRIBUTOR2 DISTRIBUTOR3) [1]
69.070: (DRIVE TRUCK3 DISTRIBUTOR2 DISTRIBUTOR0) [1]
70.071: (UNLOAD HOIST9 CRATE3 TRUCK5 DISTRIBUTOR3) [1]
71.072: (UNLOAD HOIST6 CRATE6 TRUCK3 DISTRIBUTOR0) [1]
72.073: (DROP HOIST9 CRATE3 PALLET18 DISTRIBUTOR3) [1]
73.074: (DROP HOIST6 CRATE6 PALLET6 DISTRIBUTOR0) [1]
74.075: (DRIVE TRUCK0 DEPOT2 DEPOT5) [1]
75.076: (LOAD HOIST14 CRATE8 TRUCK0 DEPOT5) [1]
76.077: (DRIVE TRUCK0 DEPOT5 DEPOT2) [1]
77.078: (UNLOAD HOIST2 CRATE8 TRUCK0 DEPOT2) [1]
78.079: (DROP HOIST2 CRATE8 CRATE10 DEPOT2) [1]
79.080: (DRIVE TRUCK2 DISTRIBUTOR2 DISTRIBUTOR4) [1]
80.081: (LIFT HOIST10 CRATE14 CRATE5 DISTRIBUTOR4) [1]
81.082: (LOAD HOIST10 CRATE14 TRUCK2 DISTRIBUTOR4) [1]
82.083: (LIFT HOIST10 CRATE5 CRATE2 DISTRIBUTOR4) [1]
83.084: (DROP HOIST10 CRATE5 PALLET12 DISTRIBUTOR4) [1]
84.085: (DRIVE TRUCK5 DISTRIBUTOR3 DISTRIBUTOR5) [1]
85.086: (LIFT HOIST11 CRATE0 PALLET11 DISTRIBUTOR5) [1]
86.087: (LIFT HOIST12 CRATE1 PALLET0 DEPOT0) [1]
87.088: (LIFT HOIST10 CRATE2 PALLET10 DISTRIBUTOR4) [1]
88.089: (LOAD HOIST11 CRATE0 TRUCK5 DISTRIBUTOR5) [1]
89.090: (DRIVE TRUCK5 DISTRIBUTOR5 DEPOT0) [1]
90.091: (LOAD HOIST12 CRATE1 TRUCK5 DEPOT0) [1]
91.092: (DRIVE TRUCK5 DEPOT0 DEPOT3) [1]
92.093: (LOAD HOIST10 CRATE2 TRUCK2 DISTRIBUTOR4) [1]
93.094: (DRIVE TRUCK2 DISTRIBUTOR4 DISTRIBUTOR2) [1]
94.095: (UNLOAD HOIST3 CRATE0 TRUCK5 DEPOT3) [1]
95.096: (DROP HOIST3 CRATE0 PALLET14 DEPOT3) [1]
96.097: (UNLOAD HOIST3 CRATE1 TRUCK5 DEPOT3) [1]
97.098: (UNLOAD HOIST8 CRATE2 TRUCK2 DISTRIBUTOR2) [1]
98.099: (DROP HOIST3 CRATE1 PALLET15 DEPOT3) [1]
99.100: (DROP HOIST8 CRATE2 PALLET13 DISTRIBUTOR2) [1]
__MEMKB 873832
