#
# (C) Copyright 2008, University of Illinois, Urbana-Champaign
#
# All rights reserved. Use of this software is permitted ONLY for
# non-commercial research purposes, and it may be copied only
# for that use only. All copies must include this copyright message.
# This software is made available AS IS, and neither the authors
# nor the University of Illinois, make any warranty about the
# software or its performance.
#

Parsing domain file
 domain 'DEPOT' defined
Parsing problem file
 problem 'DEPOTPROB7615' defined



checking for cyclic := effects --- OK.

Starting SGPlan search ...



















Solution found.



; Time 5.17
; ParsingTime 0.04
; NrActions 98
; MakeSpan
; MetricValue
; PlanningTechnique Modified-FF(best-first search) as the subplanner

0.001: (LIFT HOIST1 CRATE14 CRATE12 DEPOT1) [1]
1.002: (LOAD HOIST1 CRATE14 TRUCK2 DEPOT1) [1]
2.003: (LIFT HOIST1 CRATE12 CRATE6 DEPOT1) [1]
3.004: (LOAD HOIST1 CRATE12 TRUCK2 DEPOT1) [1]
4.005: (LIFT HOIST1 CRATE6 PALLET1 DEPOT1) [1]
5.006: (LOAD HOIST1 CRATE6 TRUCK2 DEPOT1) [1]
6.007: (UNLOAD HOIST1 CRATE14 TRUCK2 DEPOT1) [1]
7.008: (DROP HOIST1 CRATE14 PALLET1 DEPOT1) [1]
8.009: (DRIVE TRUCK3 DISTRIBUTOR1 DEPOT0) [1]
9.010: (LIFT HOIST0 CRATE13 CRATE4 DEPOT0) [1]
10.011: (LOAD HOIST0 CRATE13 TRUCK3 DEPOT0) [1]
11.012: (DRIVE TRUCK3 DEPOT0 DEPOT3) [1]
12.013: (LIFT HOIST3 CRATE5 CRATE2 DEPOT3) [1]
13.014: (LOAD HOIST3 CRATE5 TRUCK3 DEPOT3) [1]
14.015: (UNLOAD HOIST3 CRATE13 TRUCK3 DEPOT3) [1]
15.016: (DROP HOIST3 CRATE13 CRATE2 DEPOT3) [1]
16.017: (UNLOAD HOIST1 CRATE6 TRUCK2 DEPOT1) [1]
17.018: (DROP HOIST1 CRATE6 CRATE14 DEPOT1) [1]
18.019: (UNLOAD HOIST1 CRATE12 TRUCK2 DEPOT1) [1]
19.020: (DROP HOIST1 CRATE12 CRATE6 DEPOT1) [1]
20.021: (DRIVE TRUCK3 DEPOT3 DEPOT1) [1]
21.022: (LIFT HOIST1 CRATE11 PALLET8 DEPOT1) [1]
22.023: (LOAD HOIST1 CRATE11 TRUCK3 DEPOT1) [1]
23.024: (DRIVE TRUCK3 DEPOT1 DISTRIBUTOR1) [1]
24.025: (LIFT HOIST5 CRATE9 CRATE1 DISTRIBUTOR1) [1]
25.026: (LOAD HOIST5 CRATE9 TRUCK3 DISTRIBUTOR1) [1]
26.027: (LIFT HOIST5 CRATE1 PALLET5 DISTRIBUTOR1) [1]
27.028: (LOAD HOIST5 CRATE1 TRUCK3 DISTRIBUTOR1) [1]
28.029: (UNLOAD HOIST5 CRATE11 TRUCK3 DISTRIBUTOR1) [1]
29.030: (DROP HOIST5 CRATE11 PALLET5 DISTRIBUTOR1) [1]
30.031: (DRIVE TRUCK3 DISTRIBUTOR1 DISTRIBUTOR2) [1]
31.032: (UNLOAD HOIST6 CRATE9 TRUCK3 DISTRIBUTOR2) [1]
32.033: (DROP HOIST6 CRATE9 CRATE8 DISTRIBUTOR2) [1]
33.034: (LIFT HOIST6 CRATE9 CRATE8 DISTRIBUTOR2) [1]
34.035: (DRIVE TRUCK3 DISTRIBUTOR2 DEPOT1) [1]
35.036: (UNLOAD HOIST1 CRATE5 TRUCK3 DEPOT1) [1]
36.037: (LIFT HOIST0 CRATE4 CRATE3 DEPOT0) [1]
37.038: (LOAD HOIST0 CRATE4 TRUCK1 DEPOT0) [1]
38.039: (DRIVE TRUCK1 DEPOT0 DEPOT1) [1]
39.040: (DROP HOIST1 CRATE5 CRATE12 DEPOT1) [1]
40.041: (UNLOAD HOIST1 CRATE4 TRUCK1 DEPOT1) [1]
41.042: (LIFT HOIST7 CRATE10 CRATE0 DISTRIBUTOR3) [1]
42.043: (DRIVE TRUCK3 DEPOT1 DISTRIBUTOR3) [1]
43.044: (LOAD HOIST7 CRATE10 TRUCK3 DISTRIBUTOR3) [1]
44.045: (LIFT HOIST7 CRATE0 PALLET7 DISTRIBUTOR3) [1]
45.046: (LOAD HOIST7 CRATE0 TRUCK3 DISTRIBUTOR3) [1]
46.047: (LOAD HOIST6 CRATE9 TRUCK0 DISTRIBUTOR2) [1]
47.048: (LIFT HOIST6 CRATE8 CRATE7 DISTRIBUTOR2) [1]
48.049: (LOAD HOIST6 CRATE8 TRUCK0 DISTRIBUTOR2) [1]
49.050: (LIFT HOIST6 CRATE7 PALLET6 DISTRIBUTOR2) [1]
50.051: (DRIVE TRUCK3 DISTRIBUTOR3 DEPOT1) [1]
51.052: (LOAD HOIST6 CRATE7 TRUCK0 DISTRIBUTOR2) [1]
52.053: (DRIVE TRUCK0 DISTRIBUTOR2 DISTRIBUTOR3) [1]
53.054: (UNLOAD HOIST7 CRATE8 TRUCK0 DISTRIBUTOR3) [1]
54.055: (DROP HOIST7 CRATE8 PALLET7 DISTRIBUTOR3) [1]
55.056: (UNLOAD HOIST7 CRATE9 TRUCK0 DISTRIBUTOR3) [1]
56.057: (DRIVE TRUCK0 DISTRIBUTOR3 DEPOT2) [1]
57.058: (UNLOAD HOIST2 CRATE7 TRUCK0 DEPOT2) [1]
58.059: (DROP HOIST2 CRATE7 PALLET2 DEPOT2) [1]
59.060: (DROP HOIST7 CRATE9 CRATE8 DISTRIBUTOR3) [1]
60.061: (LOAD HOIST1 CRATE4 TRUCK3 DEPOT1) [1]
61.062: (LIFT HOIST1 CRATE5 CRATE12 DEPOT1) [1]
62.063: (LOAD HOIST1 CRATE5 TRUCK3 DEPOT1) [1]
63.064: (LIFT HOIST1 CRATE12 CRATE6 DEPOT1) [1]
64.065: (LOAD HOIST1 CRATE12 TRUCK2 DEPOT1) [1]
65.066: (LIFT HOIST1 CRATE6 CRATE14 DEPOT1) [1]
66.067: (LOAD HOIST1 CRATE6 TRUCK2 DEPOT1) [1]
67.068: (DRIVE TRUCK2 DEPOT1 DISTRIBUTOR0) [1]
68.069: (UNLOAD HOIST1 CRATE5 TRUCK3 DEPOT1) [1]
69.070: (DROP HOIST1 CRATE5 CRATE14 DEPOT1) [1]
70.071: (UNLOAD HOIST1 CRATE4 TRUCK3 DEPOT1) [1]
71.072: (UNLOAD HOIST4 CRATE6 TRUCK2 DISTRIBUTOR0) [1]
72.073: (DROP HOIST4 CRATE6 PALLET4 DISTRIBUTOR0) [1]
73.074: (UNLOAD HOIST4 CRATE12 TRUCK2 DISTRIBUTOR0) [1]
74.075: (DROP HOIST1 CRATE4 CRATE5 DEPOT1) [1]
75.076: (DROP HOIST4 CRATE12 CRATE6 DISTRIBUTOR0) [1]
76.077: (DRIVE TRUCK3 DEPOT1 DEPOT0) [1]
77.078: (DRIVE TRUCK3 DEPOT0 DISTRIBUTOR1) [1]
78.079: (UNLOAD HOIST5 CRATE1 TRUCK3 DISTRIBUTOR1) [1]
79.080: (DRIVE TRUCK3 DISTRIBUTOR1 DEPOT0) [1]
80.081: (DROP HOIST5 CRATE1 CRATE11 DISTRIBUTOR1) [1]
81.082: (LIFT HOIST0 CRATE3 PALLET0 DEPOT0) [1]
82.083: (LOAD HOIST0 CRATE3 TRUCK3 DEPOT0) [1]
83.084: (DRIVE TRUCK3 DEPOT0 DEPOT3) [1]
84.085: (LIFT HOIST3 CRATE13 CRATE2 DEPOT3) [1]
85.086: (LOAD HOIST3 CRATE13 TRUCK3 DEPOT3) [1]
86.087: (LIFT HOIST3 CRATE2 PALLET3 DEPOT3) [1]
87.088: (LOAD HOIST3 CRATE2 TRUCK3 DEPOT3) [1]
88.089: (UNLOAD HOIST3 CRATE0 TRUCK3 DEPOT3) [1]
89.090: (DRIVE TRUCK3 DEPOT3 DISTRIBUTOR2) [1]
90.091: (DROP HOIST3 CRATE0 PALLET3 DEPOT3) [1]
91.092: (UNLOAD HOIST6 CRATE2 TRUCK3 DISTRIBUTOR2) [1]
92.093: (DROP HOIST6 CRATE2 PALLET6 DISTRIBUTOR2) [1]
93.094: (UNLOAD HOIST6 CRATE13 TRUCK3 DISTRIBUTOR2) [1]
94.095: (DRIVE TRUCK3 DISTRIBUTOR2 DEPOT3) [1]
95.096: (UNLOAD HOIST3 CRATE3 TRUCK3 DEPOT3) [1]
96.097: (DROP HOIST3 CRATE3 CRATE0 DEPOT3) [1]
97.098: (DROP HOIST6 CRATE13 CRATE2 DISTRIBUTOR2) [1]
__MEMKB 239888
