Parsing...
Instantiating...
Starting instantiation [43 rules]...
Finding invariants...
Instantiating groups...
Choosing groups...
44 uncovered facts
Building translation key...
Building STRIPS to SAS dictionary...
Translating task...
Processing axioms...
Detecting unreachable propositions...
Removed false proposition: Atom on(crate7, crate7)
Removed false proposition: <none of those>
Removed false proposition: Atom on(crate5, crate5)
Removed false proposition: <none of those>
Removed false proposition: Atom on(crate3, crate3)
Removed false proposition: <none of those>
Removed false proposition: Atom on(crate6, crate6)
Removed false proposition: <none of those>
Removed false proposition: Atom on(crate4, crate4)
Removed false proposition: <none of those>
Removed false proposition: Atom on(crate1, crate1)
Removed false proposition: <none of those>
Removed false proposition: Atom on(crate2, crate2)
Removed false proposition: <none of those>
Removed false proposition: Atom on(crate0, crate0)
Removed false proposition: <none of those>
Removed false proposition: <none of those>
Removed false proposition: <none of those>
Removed false proposition: <none of those>
Removed false proposition: <none of those>
Removed true proposition: Atom at(pallet5, distributor1)
Removed false proposition: <none of those>
Removed true proposition: Atom at(pallet9, depot3)
Removed false proposition: <none of those>
Removed true proposition: Atom at(hoist0, depot0)
Removed false proposition: <none of those>
Removed true proposition: Atom at(pallet7, distributor3)
Removed false proposition: <none of those>
Removed true proposition: Atom at(pallet8, distributor2)
Removed false proposition: <none of those>
Removed true proposition: Atom at(pallet0, depot0)
Removed false proposition: <none of those>
Removed true proposition: Atom at(hoist1, depot1)
Removed false proposition: <none of those>
Removed true proposition: Atom at(hoist7, distributor3)
Removed false proposition: <none of those>
Removed true proposition: Atom at(pallet6, distributor2)
Removed false proposition: <none of those>
Removed true proposition: Atom at(pallet2, depot2)
Removed false proposition: <none of those>
Removed true proposition: Atom at(hoist6, distributor2)
Removed false proposition: <none of those>
Removed true proposition: Atom at(pallet3, depot3)
Removed false proposition: <none of those>
Removed true proposition: Atom at(pallet4, distributor0)
Removed false proposition: <none of those>
Removed true proposition: Atom at(hoist4, distributor0)
Removed false proposition: <none of those>
Removed true proposition: Atom at(hoist2, depot2)
Removed false proposition: <none of those>
Removed true proposition: Atom at(hoist5, distributor1)
Removed false proposition: <none of those>
Removed true proposition: Atom at(pallet1, depot1)
Removed false proposition: <none of those>
Removed true proposition: Atom at(hoist3, depot3)
Removed false proposition: <none of those>
56 propositions removed.
Writing output...
Done!
Building causal graph...
The causal graph is not acyclic.
46 variables of 46 necessary
2352 of 2352 operators necessary.
0 of 0 axiom rules necessary.
Building domain transition graphs...
solveable in poly time 0
Building successor generator...
Writing output...
done

Simplifying transitions... done! (reduced from 13024 to 4163)
Initializing heuristic cache... done!
Conducting best first search.
Initializing causal graph heuristic...
Initializing HSP/FF heuristic...
Simplifying 9328 unary operators... done! [9328 unary operators]
Best heuristic value: 25/41 [expanded 1 state(s)]
Best heuristic value: 25/38 [expanded 2 state(s)]
Best heuristic value: 25/37 [expanded 3 state(s)]
Best heuristic value: 25/35 [expanded 7 state(s)]
Best heuristic value: 24/35 [expanded 8 state(s)]
Best heuristic value: 24/34 [expanded 18 state(s)]
Best heuristic value: 24/33 [expanded 30 state(s)]
Best heuristic value: 24/32 [expanded 44 state(s)]
Best heuristic value: 24/31 [expanded 45 state(s)]
Best heuristic value: 23/31 [expanded 48 state(s)]
Best heuristic value: 23/30 [expanded 51 state(s)]
Best heuristic value: 23/29 [expanded 53 state(s)]
Best heuristic value: 23/28 [expanded 55 state(s)]
Best heuristic value: 22/28 [expanded 58 state(s)]
Best heuristic value: 21/28 [expanded 97 state(s)]
Best heuristic value: 21/27 [expanded 98 state(s)]
Best heuristic value: 20/27 [expanded 102 state(s)]
Best heuristic value: 19/27 [expanded 111 state(s)]
Best heuristic value: 19/26 [expanded 134 state(s)]
Best heuristic value: 19/25 [expanded 142 state(s)]
Best heuristic value: 18/24 [expanded 143 state(s)]
Best heuristic value: 17/24 [expanded 146 state(s)]
Best heuristic value: 17/23 [expanded 185 state(s)]
Best heuristic value: 17/21 [expanded 193 state(s)]
Best heuristic value: 16/21 [expanded 290 state(s)]
Best heuristic value: 15/21 [expanded 294 state(s)]
Best heuristic value: 15/19 [expanded 370 state(s)]
Best heuristic value: 14/19 [expanded 389 state(s)]
Best heuristic value: 14/17 [expanded 423 state(s)]
Best heuristic value: 13/17 [expanded 428 state(s)]
Best heuristic value: 11/15 [expanded 430 state(s)]
Best heuristic value: 10/15 [expanded 432 state(s)]
Best heuristic value: 10/14 [expanded 437 state(s)]
Best heuristic value: 10/13 [expanded 445 state(s)]
Best heuristic value: 8/12 [expanded 448 state(s)]
Best heuristic value: 8/10 [expanded 1552 state(s)]
Best heuristic value: 6/8 [expanded 1558 state(s)]
Best heuristic value: 5/7 [expanded 1559 state(s)]
Best heuristic value: 4/6 [expanded 1560 state(s)]
Best heuristic value: 4/5 [expanded 17137 state(s)]
Best heuristic value: 4/4 [expanded 17139 state(s)]
Best heuristic value: 2/2 [expanded 17141 state(s)]
Best heuristic value: 1/1 [expanded 17142 state(s)]
Solution found!
lift hoist3 crate7 pallet3 depot3
drive truck2 depot2 depot3
drive truck2 depot3 distributor2
drive truck1 distributor0 depot1
lift hoist0 crate6 pallet0 depot0
load hoist0 crate6 truck0 depot0
drive truck0 depot0 distributor0
lift hoist5 crate5 crate3 distributor1
drive truck2 distributor2 distributor1
load hoist5 crate5 truck2 distributor1
drive truck2 distributor1 depot3
drop hoist3 crate7 pallet3 depot3
unload hoist3 crate5 truck2 depot3
drop hoist3 crate5 crate7 depot3
lift hoist4 crate2 pallet4 distributor0
load hoist4 crate2 truck0 distributor0
unload hoist4 crate6 truck0 distributor0
drop hoist4 crate6 pallet4 distributor0
lift hoist5 crate3 pallet5 distributor1
drive truck1 depot1 distributor1
load hoist5 crate3 truck1 distributor1
drive truck1 distributor1 depot1
unload hoist1 crate3 truck1 depot1
lift hoist6 crate4 pallet8 distributor2
lift hoist3 crate0 pallet9 depot3
load hoist3 crate0 truck2 depot3
drive truck2 depot3 distributor2
load hoist6 crate4 truck2 distributor2
drive truck2 distributor2 distributor1
unload hoist5 crate4 truck2 distributor1
drive truck2 distributor1 distributor2
unload hoist6 crate0 truck2 distributor2
drop hoist6 crate0 pallet6 distributor2
drop hoist1 crate3 crate1 depot1
drive truck2 distributor2 distributor1
drive truck1 depot1 distributor2
lift hoist3 crate5 crate7 depot3
load hoist5 crate4 truck2 distributor1
drive truck2 distributor1 depot3
drive truck2 depot3 depot1
drop hoist3 crate5 crate7 depot3
drive truck2 depot1 distributor2
unload hoist6 crate4 truck2 distributor2
load hoist6 crate4 truck1 distributor2
drive truck1 distributor2 distributor1
unload hoist5 crate4 truck1 distributor1
drop hoist5 crate4 pallet5 distributor1
lift hoist3 crate5 crate7 depot3
drive truck1 distributor1 depot3
load hoist3 crate5 truck1 depot3
lift hoist3 crate7 pallet3 depot3
load hoist3 crate7 truck1 depot3
drive truck1 depot3 distributor1
unload hoist5 crate7 truck1 distributor1
drop hoist5 crate7 crate4 distributor1
unload hoist5 crate5 truck1 distributor1
drop hoist5 crate5 crate7 distributor1
lift hoist1 crate3 crate1 depot1
drive truck2 distributor2 depot1
load hoist1 crate3 truck2 depot1
lift hoist1 crate1 pallet1 depot1
load hoist1 crate1 truck2 depot1
drive truck2 depot1 distributor2
unload hoist6 crate1 truck2 distributor2
drop hoist6 crate1 pallet8 distributor2
unload hoist6 crate3 truck2 distributor2
drop hoist6 crate3 crate1 distributor2
Plan length: 67 step(s).
Expanded 17143 state(s).
Generated 594254 state(s).
Cache hits: 1368555
Cache misses: 7668721
Search time: 2.66 seconds
Total time: 2.7 seconds
