
Parsing domain file:  domain 'MYSTERY-STRIPS' defined ... done.
Parsing problem file:  problem 'STRIPS-MYSTY-X-10' defined ... done.



Modality: Fast Planner

Number of actions             :   36738
Number of conditional actions :       0
Number of facts               :    1346


Analyzing Planning Problem:
	Temporal Planning Problem: NO
	Numeric Planning Problem: NO
	Problem with Timed Initial Litearals: NO
	Problem with Derived Predicates: NO

Evaluation function weights:
     Action duration 0.00; Action cost 1.00


Computing mutex... done

Preprocessing total time: 5.34 seconds

Searching ('.' = every 50 search steps):
........... search limit exceeded. Restart.
............. search limit exceeded. Restart.
............... search limit exceeded. Restart.
 solution found: 

Plan computed:
   Time: (ACTION) [action Duration; action Cost]
 0.0000: (FEAST AESTHETICS FLOUNDER KALE SURREY MORAVIA) [D:1.0000; C:1.0000]
 1.0000: (OVERCOME JEALOUSY-16 AESTHETICS KALE MARS NEPTUNE) [D:1.0000; C:1.0000]
 2.0000: (FEAST AESTHETICS KALE ARUGULA MORAVIA QUEBEC) [D:1.0000; C:1.0000]
 3.0000: (OVERCOME ANXIETY-25 AESTHETICS ARUGULA MERCURY MARS) [D:1.0000; C:1.0000]
 4.0000: (SUCCUMB ANXIETY-25 AESTHETICS ARUGULA MERCURY MARS) [D:1.0000; C:1.0000]
 5.0000: (OVERCOME ANXIETY-25 AESTHETICS ARUGULA MERCURY MARS) [D:1.0000; C:1.0000]
 6.0000: (SUCCUMB JEALOUSY-16 AESTHETICS ARUGULA MERCURY MARS) [D:1.0000; C:1.0000]
 7.0000: (SUCCUMB ANXIETY-25 AESTHETICS ARUGULA MARS NEPTUNE) [D:1.0000; C:1.0000]
 8.0000: (OVERCOME JEALOUSY-16 AESTHETICS ARUGULA MARS NEPTUNE) [D:1.0000; C:1.0000]
 9.0000: (OVERCOME ANXIETY-25 AESTHETICS ARUGULA MERCURY MARS) [D:1.0000; C:1.0000]
 10.0000: (SUCCUMB JEALOUSY-16 AESTHETICS ARUGULA MERCURY MARS) [D:1.0000; C:1.0000]
 11.0000: (SUCCUMB ANXIETY-25 AESTHETICS ARUGULA MARS NEPTUNE) [D:1.0000; C:1.0000]
 12.0000: (OVERCOME JEALOUSY-16 AESTHETICS ARUGULA MARS NEPTUNE) [D:1.0000; C:1.0000]
 13.0000: (FEAST AESTHETICS ARUGULA BEEF SURREY MORAVIA) [D:1.0000; C:1.0000]
 14.0000: (OVERCOME DREAD AESTHETICS BEEF MERCURY MARS) [D:1.0000; C:1.0000]
 15.0000: (SUCCUMB DREAD AESTHETICS BEEF MERCURY MARS) [D:1.0000; C:1.0000]
 16.0000: (OVERCOME DREAD AESTHETICS BEEF MERCURY MARS) [D:1.0000; C:1.0000]
 17.0000: (SUCCUMB JEALOUSY-16 AESTHETICS BEEF MERCURY MARS) [D:1.0000; C:1.0000]
 18.0000: (OVERCOME JEALOUSY-16 EXPECTATION BEEF NEPTUNE PLUTO) [D:1.0000; C:1.0000]
 19.0000: (FEAST EXPECTATION BEEF SNICKERS SURREY MORAVIA) [D:1.0000; C:1.0000]
 20.0000: (FEAST EXPECTATION SNICKERS LAMB OREGON ALSACE) [D:1.0000; C:1.0000]
 21.0000: (FEAST EXPECTATION LAMB TOFU SURREY MORAVIA) [D:1.0000; C:1.0000]
 22.0000: (SUCCUMB JEALOUSY-16 EXPECTATION TOFU NEPTUNE PLUTO) [D:1.0000; C:1.0000]


Solution found:
Total time:      7.41
Search time:     2.07
Actions:         23
Execution cost:  23.00
Duration:        23.000
Plan quality:    23.000

