
Parsing domain file:  domain 'MYSTERY-STRIPS' defined ... done.
Parsing problem file:  problem 'STRIPS-MYSTY-X-13' defined ... done.



Modality: Fast Planner

Number of actions             :   17845
Number of conditional actions :       0
Number of facts               :    1427


Analyzing Planning Problem:
	Temporal Planning Problem: NO
	Numeric Planning Problem: NO
	Problem with Timed Initial Litearals: NO
	Problem with Derived Predicates: NO

Evaluation function weights:
     Action duration 0.00; Action cost 1.00


Computing mutex... done

Preprocessing total time: 1.22 seconds

Searching ('.' = every 50 search steps):
........... search limit exceeded. Restart.
............. search limit exceeded. Restart.
............... search limit exceeded. Restart.
. solution found: 

Plan computed:
   Time: (ACTION) [action Duration; action Cost]
 0.0000: (FEAST AESTHETICS HAMBURGER SCALLION ALSACE BAVARIA) [D:1.0000; C:1.0000]
 0.0000: (FEAST LOVE BAGUETTE LEMON ALSACE BAVARIA) [D:1.0000; C:1.0000]
 0.0000: (FEAST ACHIEVEMENT TURKEY SCALLOP ALSACE BAVARIA) [D:1.0000; C:1.0000]
 1.0000: (FEAST AESTHETICS SCALLION FLOUNDER OREGON ALSACE) [D:1.0000; C:1.0000]
 1.0000: (OVERCOME LACERATION-20 LOVE LEMON VULCAN VENUS) [D:1.0000; C:1.0000]
 2.0000: (FEAST AESTHETICS FLOUNDER LEMON BAVARIA QUEBEC) [D:1.0000; C:1.0000]
 2.0000: (OVERCOME PROSTATITIS-18 LOVE LEMON NEPTUNE VULCAN) [D:1.0000; C:1.0000]
 3.0000: (SUCCUMB LACERATION-20 LOVE LEMON NEPTUNE VULCAN) [D:1.0000; C:1.0000]
 4.0000: (FEAST LOVE LEMON BAGUETTE BAVARIA QUEBEC) [D:1.0000; C:1.0000]
 4.0000: (OVERCOME LACERATION-20 AESTHETICS LEMON MARS NEPTUNE) [D:1.0000; C:1.0000]
 5.0000: (FEAST LOVE BAGUETTE LOBSTER OREGON ALSACE) [D:1.0000; C:1.0000]
 5.0000: (FEAST AESTHETICS LEMON ONION ALSACE BAVARIA) [D:1.0000; C:1.0000]
 6.0000: (SUCCUMB PROSTATITIS-18 LOVE LOBSTER VULCAN VENUS) [D:1.0000; C:1.0000]
 6.0000: (FEAST AESTHETICS ONION TURKEY OREGON ALSACE) [D:1.0000; C:1.0000]
 7.0000: (FEAST AESTHETICS TURKEY POTATO OREGON ALSACE) [D:1.0000; C:1.0000]
 8.0000: (FEAST AESTHETICS POTATO MUFFIN OREGON ALSACE) [D:1.0000; C:1.0000]
 9.0000: (FEAST AESTHETICS MUFFIN HAM ALSACE BAVARIA) [D:1.0000; C:1.0000]
 10.0000: (SUCCUMB LACERATION-20 AESTHETICS HAM MARS NEPTUNE) [D:1.0000; C:1.0000]


Solution found:
Total time:      2.29
Search time:     1.07
Actions:         18
Execution cost:  18.00
Duration:        11.000
Plan quality:    18.000

