
ff: parsing domain file
domain 'TPP-PROPOSITIONAL' defined
 ... done.
ff: parsing problem file
problem 'TPP' defined
 ... done.


got 202 facts

Cueing down from goal distance:    6 into depth [1][2][3][4]
                                   5            [1]
                                   4            [1]
                                   3            [1]
                                   2            [1]
                                   1            [1]
                                   0            

Cueing down from goal distance:   29 into depth [1][2][3]
                                  28            [1][2][3]
                                  27            [1][2][3]
                                  26            [1][2][3]
                                  25            [1][2][3][4][5]
                                  24            [1][2][3][4][5]
                                  23            [1][2][3][4][5][6]
                                  20            [1]
                                  19            [1]
                                  18            [1]
                                  17            [1]
                                  16            [1]
                                  15            [1]
                                  14            [1][2][3][4][5][6][7]
                                  13            [1]
                                  12            [1][2][3][4][5][6][7]
                                  11            [1]
                                  10            [1][2][3][4][5][6][7][8][9]
                                   9            [1][2][3][4][5][6][7][8][9]
                                   8            [1][2][3][4][5][6][7][8][9]
                                   7            [1]
                                   6            [1][2][3][4][5][6][7][8][9]
                                   5            [1]
                                   4            [1][2][3][4][5][6][7][8][9]
                                   3            [1]
                                   2            [1][2][3][4][5][6][7][8][9]
                                   1            [1]
                                   0            

ff: found legal plan as follows

step    0: DRIVE TRUCK3 DEPOT1 MARKET2
        1: DRIVE TRUCK3 MARKET2 MARKET3
        2: DRIVE TRUCK3 MARKET3 MARKET1
        3: BUY TRUCK3 GOODS6 MARKET1 LEVEL2 LEVEL3 LEVEL0 LEVEL1
        4: LOAD GOODS6 TRUCK3 MARKET1 LEVEL0 LEVEL1 LEVEL0 LEVEL1
        5: DRIVE TRUCK3 MARKET1 MARKET3
        6: DRIVE TRUCK3 MARKET3 MARKET2
        7: DRIVE TRUCK3 MARKET2 DEPOT2
        8: UNLOAD GOODS6 TRUCK3 DEPOT2 LEVEL0 LEVEL1 LEVEL0 LEVEL1
        9: DRIVE TRUCK3 DEPOT2 MARKET2
       10: BUY TRUCK3 GOODS2 MARKET2 LEVEL0 LEVEL1 LEVEL0 LEVEL1
       11: BUY TRUCK3 GOODS4 MARKET2 LEVEL0 LEVEL1 LEVEL0 LEVEL1
       12: LOAD GOODS2 TRUCK3 MARKET2 LEVEL0 LEVEL1 LEVEL0 LEVEL1
       13: LOAD GOODS4 TRUCK3 MARKET2 LEVEL0 LEVEL1 LEVEL0 LEVEL1
       14: DRIVE TRUCK3 MARKET2 MARKET3
       15: BUY TRUCK3 GOODS7 MARKET3 LEVEL1 LEVEL2 LEVEL0 LEVEL1
       16: LOAD GOODS7 TRUCK3 MARKET3 LEVEL0 LEVEL1 LEVEL0 LEVEL1
       17: DRIVE TRUCK3 MARKET3 MARKET1
       18: BUY TRUCK3 GOODS3 MARKET1 LEVEL2 LEVEL3 LEVEL0 LEVEL1
       19: BUY TRUCK3 GOODS5 MARKET1 LEVEL1 LEVEL2 LEVEL0 LEVEL1
       20: BUY TRUCK3 GOODS1 MARKET1 LEVEL2 LEVEL3 LEVEL0 LEVEL1
       21: LOAD GOODS3 TRUCK3 MARKET1 LEVEL0 LEVEL1 LEVEL0 LEVEL1
       22: LOAD GOODS5 TRUCK3 MARKET1 LEVEL0 LEVEL1 LEVEL0 LEVEL1
       23: LOAD GOODS1 TRUCK3 MARKET1 LEVEL0 LEVEL1 LEVEL0 LEVEL1
       24: DRIVE TRUCK3 MARKET1 MARKET3
       25: DRIVE TRUCK3 MARKET3 MARKET2
       26: DRIVE TRUCK3 MARKET2 DEPOT2
       27: UNLOAD GOODS2 TRUCK3 DEPOT2 LEVEL0 LEVEL1 LEVEL0 LEVEL1
       28: DRIVE TRUCK3 DEPOT2 MARKET2
       29: DRIVE TRUCK3 MARKET2 MARKET3
       30: BUY TRUCK3 GOODS2 MARKET3 LEVEL0 LEVEL1 LEVEL0 LEVEL1
       31: LOAD GOODS2 TRUCK3 MARKET3 LEVEL0 LEVEL1 LEVEL0 LEVEL1
       32: DRIVE TRUCK3 MARKET3 MARKET2
       33: DRIVE TRUCK3 MARKET2 DEPOT2
       34: UNLOAD GOODS2 TRUCK3 DEPOT2 LEVEL0 LEVEL1 LEVEL1 LEVEL2
       35: UNLOAD GOODS7 TRUCK3 DEPOT2 LEVEL0 LEVEL1 LEVEL0 LEVEL1
       36: DRIVE TRUCK3 DEPOT2 MARKET2
       37: DRIVE TRUCK3 MARKET2 MARKET3
       38: BUY TRUCK3 GOODS7 MARKET3 LEVEL0 LEVEL1 LEVEL0 LEVEL1
       39: LOAD GOODS7 TRUCK3 MARKET3 LEVEL0 LEVEL1 LEVEL0 LEVEL1
       40: DRIVE TRUCK3 MARKET3 MARKET2
       41: DRIVE TRUCK3 MARKET2 DEPOT2
       42: UNLOAD GOODS7 TRUCK3 DEPOT2 LEVEL0 LEVEL1 LEVEL1 LEVEL2
       43: UNLOAD GOODS1 TRUCK3 DEPOT2 LEVEL0 LEVEL1 LEVEL0 LEVEL1
       44: DRIVE TRUCK3 DEPOT2 MARKET2
       45: DRIVE TRUCK3 MARKET2 MARKET3
       46: DRIVE TRUCK3 MARKET3 MARKET1
       47: BUY TRUCK3 GOODS1 MARKET1 LEVEL1 LEVEL2 LEVEL0 LEVEL1
       48: LOAD GOODS1 TRUCK3 MARKET1 LEVEL0 LEVEL1 LEVEL0 LEVEL1
       49: DRIVE TRUCK3 MARKET1 MARKET3
       50: DRIVE TRUCK3 MARKET3 MARKET2
       51: DRIVE TRUCK3 MARKET2 DEPOT2
       52: UNLOAD GOODS4 TRUCK3 DEPOT2 LEVEL0 LEVEL1 LEVEL0 LEVEL1
       53: DRIVE TRUCK3 DEPOT2 MARKET2
       54: DRIVE TRUCK3 MARKET2 MARKET3
       55: DRIVE TRUCK3 MARKET3 MARKET1
       56: BUY TRUCK3 GOODS4 MARKET1 LEVEL1 LEVEL2 LEVEL0 LEVEL1
       57: LOAD GOODS4 TRUCK3 MARKET1 LEVEL0 LEVEL1 LEVEL0 LEVEL1
       58: DRIVE TRUCK3 MARKET1 MARKET3
       59: DRIVE TRUCK3 MARKET3 MARKET2
       60: DRIVE TRUCK3 MARKET2 DEPOT2
       61: UNLOAD GOODS1 TRUCK3 DEPOT2 LEVEL0 LEVEL1 LEVEL1 LEVEL2
       62: DRIVE TRUCK3 DEPOT2 MARKET2
       63: DRIVE TRUCK3 MARKET2 MARKET3
       64: DRIVE TRUCK3 MARKET3 MARKET1
       65: BUY TRUCK3 GOODS1 MARKET1 LEVEL0 LEVEL1 LEVEL0 LEVEL1
       66: LOAD GOODS1 TRUCK3 MARKET1 LEVEL0 LEVEL1 LEVEL0 LEVEL1
       67: DRIVE TRUCK3 MARKET1 MARKET3
       68: DRIVE TRUCK3 MARKET3 MARKET2
       69: DRIVE TRUCK3 MARKET2 DEPOT2
       70: UNLOAD GOODS1 TRUCK3 DEPOT2 LEVEL0 LEVEL1 LEVEL2 LEVEL3
       71: UNLOAD GOODS3 TRUCK3 DEPOT2 LEVEL0 LEVEL1 LEVEL0 LEVEL1
       72: DRIVE TRUCK3 DEPOT2 MARKET2
       73: DRIVE TRUCK3 MARKET2 MARKET3
       74: DRIVE TRUCK3 MARKET3 MARKET1
       75: BUY TRUCK3 GOODS3 MARKET1 LEVEL1 LEVEL2 LEVEL0 LEVEL1
       76: LOAD GOODS3 TRUCK3 MARKET1 LEVEL0 LEVEL1 LEVEL0 LEVEL1
       77: DRIVE TRUCK3 MARKET1 MARKET3
       78: DRIVE TRUCK3 MARKET3 MARKET2
       79: DRIVE TRUCK3 MARKET2 DEPOT2
       80: UNLOAD GOODS3 TRUCK3 DEPOT2 LEVEL0 LEVEL1 LEVEL1 LEVEL2
       81: UNLOAD GOODS4 TRUCK3 DEPOT2 LEVEL0 LEVEL1 LEVEL1 LEVEL2
       82: DRIVE TRUCK3 DEPOT2 MARKET2
       83: DRIVE TRUCK3 MARKET2 MARKET3
       84: DRIVE TRUCK3 MARKET3 MARKET1
       85: BUY TRUCK3 GOODS4 MARKET1 LEVEL0 LEVEL1 LEVEL0 LEVEL1
       86: LOAD GOODS4 TRUCK3 MARKET1 LEVEL0 LEVEL1 LEVEL0 LEVEL1
       87: DRIVE TRUCK3 MARKET1 MARKET3
       88: DRIVE TRUCK3 MARKET3 MARKET2
       89: DRIVE TRUCK3 MARKET2 DEPOT2
       90: UNLOAD GOODS4 TRUCK3 DEPOT2 LEVEL0 LEVEL1 LEVEL2 LEVEL3
       91: UNLOAD GOODS5 TRUCK3 DEPOT2 LEVEL0 LEVEL1 LEVEL0 LEVEL1
       92: DRIVE TRUCK3 DEPOT2 MARKET2
       93: DRIVE TRUCK3 MARKET2 MARKET3
       94: DRIVE TRUCK3 MARKET3 MARKET1
       95: BUY TRUCK3 GOODS5 MARKET1 LEVEL0 LEVEL1 LEVEL0 LEVEL1
       96: LOAD GOODS5 TRUCK3 MARKET1 LEVEL0 LEVEL1 LEVEL0 LEVEL1
       97: DRIVE TRUCK3 MARKET1 MARKET3
       98: DRIVE TRUCK3 MARKET3 MARKET2
       99: DRIVE TRUCK3 MARKET2 DEPOT2
      100: UNLOAD GOODS5 TRUCK3 DEPOT2 LEVEL0 LEVEL1 LEVEL1 LEVEL2
     

time spent:    0.00 seconds instantiating 1536 easy, 0 hard action templates
               0.00 seconds reachability analysis, yielding 222 facts and 879 actions
               0.00 seconds creating final representation with 202 relevant facts
               0.00 seconds building connectivity graph
               0.16 seconds searching, evaluating 6251 states, to a max depth of 9
               0.16 seconds total time

__MEMKB 6144
