
ff: parsing domain file
domain 'TPP-PROPOSITIONAL' defined
 ... done.
ff: parsing problem file
problem 'TPP' defined
 ... done.


got 908 facts

Cueing down from goal distance:   12 into depth [1][2][3]
                                  11            [1][2][3]
                                  10            [1]
                                   9            [1]
                                   8            [1]
                                   7            [1]
                                   6            [1]
                                   5            [1]
                                   4            [1][2]
                                   3            [1]
                                   2            [1]
                                   1            [1]
                                   0            

Cueing down from goal distance:   56 into depth [1][2][3]
                                  55            [1][2][3]
                                  54            [1][2][3]
                                  53            [1][2][3]
                                  52            [1][2][3]
                                  51            [1][2][3]
                                  49            [1][2][3]
                                  48            [1][2][3]
                                  47            [1][2][3]
                                  46            [1][2][3]
                                  45            [1][2][3][4][5]
                                  44            [1]
                                  43            [1]
                                  42            [1]
                                  41            [1]
                                  40            [1]
                                  39            [1][2]
                                  38            [1]
                                  37            [1]
                                  36            [1]
                                  35            [1]
                                  34            [1]
                                  33            [1]
                                  32            [1][2][3][4][5]
                                  31            [1][2][3][4][5]
                                  30            [1][2][3][4][5]
                                  29            [1][2][3][4][5]
                                  28            [1]
                                  27            [1][2][3][4][5]
                                  26            [1]
                                  25            [1][2][3][4][5][6][7]
                                  24            [1][2][3][4][5][6][7]
                                  23            [1][2][3][4][5][6][7]
                                  22            [1][2][3][4][5][6][7]
                                  21            [1][2][3][4][5][6][7]
                                  20            [1][2][3][4][5][6][7]
                                  19            [1][2][3][4][5][6][7]
                                  18            [1][2][3][4][5][6][7]
                                  17            [1][2][3][4][5][6][7]
                                  16            [1][2][3][4][5][6][7]
                                  15            [1]
                                  14            [1][2][3][4][5][6][7]
                                  13            [1]
                                  12            [1][2][3][4][5][6][7]
                                  11            [1]
                                  10            [1][2][3][4][5][6][7]
                                   9            [1]
                                   8            [1][2][3][4][5][6][7]
                                   7            [1]
                                   6            [1][2][3][4][5][6][7]
                                   5            [1]
                                   4            [1][2][3][4][5][6][7]
                                   3            [1]
                                   2            [1][2][3][4][5][6][7]
                                   1            [1]
                                   0            

ff: found legal plan as follows

step    0: DRIVE TRUCK6 DEPOT1 MARKET5
        1: BUY TRUCK6 GOODS3 MARKET5 LEVEL0 LEVEL1 LEVEL0 LEVEL1
        2: LOAD GOODS3 TRUCK6 MARKET5 LEVEL0 LEVEL1 LEVEL0 LEVEL1
        3: DRIVE TRUCK6 MARKET5 MARKET6
        4: BUY TRUCK6 GOODS11 MARKET6 LEVEL0 LEVEL1 LEVEL0 LEVEL1
        5: LOAD GOODS11 TRUCK6 MARKET6 LEVEL0 LEVEL1 LEVEL0 LEVEL1
        6: DRIVE TRUCK6 MARKET6 MARKET3
        7: DRIVE TRUCK6 MARKET3 DEPOT3
        8: UNLOAD GOODS3 TRUCK6 DEPOT3 LEVEL0 LEVEL1 LEVEL0 LEVEL1
        9: UNLOAD GOODS11 TRUCK6 DEPOT3 LEVEL0 LEVEL1 LEVEL0 LEVEL1
       10: DRIVE TRUCK6 DEPOT3 MARKET3
       11: BUY TRUCK6 GOODS7 MARKET3 LEVEL1 LEVEL2 LEVEL0 LEVEL1
       12: LOAD GOODS7 TRUCK6 MARKET3 LEVEL0 LEVEL1 LEVEL0 LEVEL1
       13: DRIVE TRUCK6 MARKET3 DEPOT3
       14: UNLOAD GOODS7 TRUCK6 DEPOT3 LEVEL0 LEVEL1 LEVEL0 LEVEL1
       15: DRIVE TRUCK5 DEPOT2 MARKET5
       16: BUY TRUCK5 GOODS12 MARKET5 LEVEL1 LEVEL2 LEVEL0 LEVEL1
       17: BUY TRUCK5 GOODS5 MARKET5 LEVEL0 LEVEL1 LEVEL0 LEVEL1
       18: BUY TRUCK5 GOODS6 MARKET5 LEVEL0 LEVEL1 LEVEL0 LEVEL1
       19: LOAD GOODS12 TRUCK5 MARKET5 LEVEL0 LEVEL1 LEVEL0 LEVEL1
       20: LOAD GOODS5 TRUCK5 MARKET5 LEVEL0 LEVEL1 LEVEL0 LEVEL1
       21: LOAD GOODS6 TRUCK5 MARKET5 LEVEL0 LEVEL1 LEVEL0 LEVEL1
       22: DRIVE TRUCK5 MARKET5 DEPOT2
       23: DRIVE TRUCK6 DEPOT3 MARKET3
       24: BUY TRUCK6 GOODS4 MARKET3 LEVEL0 LEVEL1 LEVEL0 LEVEL1
       25: BUY TRUCK6 GOODS10 MARKET3 LEVEL0 LEVEL1 LEVEL0 LEVEL1
       26: LOAD GOODS4 TRUCK6 MARKET3 LEVEL0 LEVEL1 LEVEL0 LEVEL1
       27: LOAD GOODS10 TRUCK6 MARKET3 LEVEL0 LEVEL1 LEVEL0 LEVEL1
       28: DRIVE TRUCK4 DEPOT3 MARKET3
       29: DRIVE TRUCK6 MARKET3 MARKET2
       30: DRIVE TRUCK4 MARKET3 MARKET2
       31: DRIVE TRUCK6 MARKET2 MARKET3
       32: BUY TRUCK4 GOODS2 MARKET2 LEVEL1 LEVEL2 LEVEL0 LEVEL1
       33: BUY TRUCK4 GOODS8 MARKET2 LEVEL0 LEVEL1 LEVEL0 LEVEL1
       34: BUY TRUCK4 GOODS13 MARKET2 LEVEL0 LEVEL1 LEVEL0 LEVEL1
       35: BUY TRUCK4 GOODS1 MARKET2 LEVEL1 LEVEL2 LEVEL0 LEVEL1
       36: BUY TRUCK4 GOODS9 MARKET2 LEVEL0 LEVEL1 LEVEL0 LEVEL1
       37: DRIVE TRUCK6 MARKET3 MARKET2
       38: LOAD GOODS2 TRUCK6 MARKET2 LEVEL0 LEVEL1 LEVEL0 LEVEL1
       39: LOAD GOODS8 TRUCK6 MARKET2 LEVEL0 LEVEL1 LEVEL0 LEVEL1
       40: LOAD GOODS13 TRUCK6 MARKET2 LEVEL0 LEVEL1 LEVEL0 LEVEL1
       41: LOAD GOODS1 TRUCK6 MARKET2 LEVEL0 LEVEL1 LEVEL0 LEVEL1
       42: LOAD GOODS9 TRUCK6 MARKET2 LEVEL0 LEVEL1 LEVEL0 LEVEL1
       43: DRIVE TRUCK6 MARKET2 MARKET3
       44: DRIVE TRUCK6 MARKET3 DEPOT3
       45: UNLOAD GOODS10 TRUCK6 DEPOT3 LEVEL0 LEVEL1 LEVEL0 LEVEL1
       46: BUY TRUCK4 GOODS10 MARKET2 LEVEL1 LEVEL2 LEVEL0 LEVEL1
       47: LOAD GOODS10 TRUCK4 MARKET2 LEVEL0 LEVEL1 LEVEL0 LEVEL1
       48: DRIVE TRUCK4 MARKET2 MARKET3
       49: DRIVE TRUCK4 MARKET3 DEPOT3
       50: UNLOAD GOODS5 TRUCK5 DEPOT2 LEVEL0 LEVEL1 LEVEL0 LEVEL1
       51: DRIVE TRUCK6 DEPOT3 MARKET3
       52: BUY TRUCK6 GOODS5 MARKET3 LEVEL1 LEVEL2 LEVEL0 LEVEL1
       53: LOAD GOODS5 TRUCK6 MARKET3 LEVEL0 LEVEL1 LEVEL0 LEVEL1
       54: DRIVE TRUCK6 MARKET3 DEPOT3
       55: UNLOAD GOODS6 TRUCK5 DEPOT2 LEVEL0 LEVEL1 LEVEL0 LEVEL1
       56: DRIVE TRUCK6 DEPOT3 MARKET3
       57: BUY TRUCK6 GOODS6 MARKET3 LEVEL0 LEVEL1 LEVEL0 LEVEL1
       58: LOAD GOODS6 TRUCK6 MARKET3 LEVEL0 LEVEL1 LEVEL0 LEVEL1
       59: DRIVE TRUCK6 MARKET3 DEPOT3
       60: UNLOAD GOODS5 TRUCK6 DEPOT3 LEVEL0 LEVEL1 LEVEL1 LEVEL2
       61: DRIVE TRUCK6 DEPOT3 MARKET3
       62: BUY TRUCK6 GOODS5 MARKET3 LEVEL0 LEVEL1 LEVEL0 LEVEL1
       63: LOAD GOODS5 TRUCK6 MARKET3 LEVEL0 LEVEL1 LEVEL0 LEVEL1
       64: DRIVE TRUCK6 MARKET3 DEPOT3
       65: UNLOAD GOODS5 TRUCK6 DEPOT3 LEVEL0 LEVEL1 LEVEL2 LEVEL3
       66: UNLOAD GOODS12 TRUCK5 DEPOT2 LEVEL0 LEVEL1 LEVEL0 LEVEL1
       67: DRIVE TRUCK5 DEPOT2 MARKET5
       68: BUY TRUCK5 GOODS12 MARKET5 LEVEL0 LEVEL1 LEVEL0 LEVEL1
       69: LOAD GOODS12 TRUCK5 MARKET5 LEVEL0 LEVEL1 LEVEL0 LEVEL1
       70: DRIVE TRUCK5 MARKET5 DEPOT2
       71: UNLOAD GOODS12 TRUCK5 DEPOT2 LEVEL0 LEVEL1 LEVEL1 LEVEL2
       72: UNLOAD GOODS9 TRUCK6 DEPOT3 LEVEL0 LEVEL1 LEVEL0 LEVEL1
       73: DRIVE TRUCK6 DEPOT3 MARKET3
       74: DRIVE TRUCK6 MARKET3 MARKET4
       75: BUY TRUCK6 GOODS9 MARKET4 LEVEL1 LEVEL2 LEVEL0 LEVEL1
       76: LOAD GOODS9 TRUCK6 MARKET4 LEVEL0 LEVEL1 LEVEL0 LEVEL1
       77: DRIVE TRUCK6 MARKET4 MARKET3
       78: DRIVE TRUCK6 MARKET3 DEPOT3
       79: UNLOAD GOODS1 TRUCK6 DEPOT3 LEVEL0 LEVEL1 LEVEL0 LEVEL1
       80: DRIVE TRUCK6 DEPOT3 MARKET3
       81: DRIVE TRUCK6 MARKET3 MARKET4
       82: BUY TRUCK6 GOODS1 MARKET4 LEVEL0 LEVEL1 LEVEL0 LEVEL1
       83: LOAD GOODS1 TRUCK6 MARKET4 LEVEL0 LEVEL1 LEVEL0 LEVEL1
       84: DRIVE TRUCK6 MARKET4 MARKET3
       85: DRIVE TRUCK6 MARKET3 DEPOT3
       86: UNLOAD GOODS4 TRUCK6 DEPOT3 LEVEL0 LEVEL1 LEVEL0 LEVEL1
       87: DRIVE TRUCK6 DEPOT3 MARKET3
       88: DRIVE TRUCK6 MARKET3 MARKET2
       89: BUY TRUCK6 GOODS4 MARKET2 LEVEL1 LEVEL2 LEVEL0 LEVEL1
       90: LOAD GOODS4 TRUCK6 MARKET2 LEVEL0 LEVEL1 LEVEL0 LEVEL1
       91: DRIVE TRUCK6 MARKET2 MARKET3
       92: DRIVE TRUCK6 MARKET3 DEPOT3
       93: UNLOAD GOODS9 TRUCK6 DEPOT3 LEVEL0 LEVEL1 LEVEL1 LEVEL2
       94: DRIVE TRUCK6 DEPOT3 MARKET3
       95: DRIVE TRUCK6 MARKET3 MARKET4
       96: BUY TRUCK6 GOODS9 MARKET4 LEVEL0 LEVEL1 LEVEL0 LEVEL1
       97: LOAD GOODS9 TRUCK6 MARKET4 LEVEL0 LEVEL1 LEVEL0 LEVEL1
       98: DRIVE TRUCK6 MARKET4 MARKET3
       99: DRIVE TRUCK6 MARKET3 DEPOT3
      100: UNLOAD GOODS10 TRUCK4 DEPOT3 LEVEL0 LEVEL1 LEVEL1 LEVEL2
      101: DRIVE TRUCK6 DEPOT3 MARKET3
      102: DRIVE TRUCK6 MARKET3 MARKET4
      103: BUY TRUCK6 GOODS10 MARKET4 LEVEL1 LEVEL2 LEVEL0 LEVEL1
      104: LOAD GOODS10 TRUCK6 MARKET4 LEVEL0 LEVEL1 LEVEL0 LEVEL1
      105: DRIVE TRUCK6 MARKET4 MARKET3
      106: DRIVE TRUCK6 MARKET3 DEPOT3
      107: UNLOAD GOODS1 TRUCK6 DEPOT3 LEVEL0 LEVEL1 LEVEL1 LEVEL2
      108: DRIVE TRUCK6 DEPOT3 MARKET3
      109: DRIVE TRUCK6 MARKET3 MARKET2
      110: BUY TRUCK6 GOODS1 MARKET2 LEVEL0 LEVEL1 LEVEL0 LEVEL1
      111: LOAD GOODS1 TRUCK6 MARKET2 LEVEL0 LEVEL1 LEVEL0 LEVEL1
      112: DRIVE TRUCK6 MARKET2 MARKET3
      113: DRIVE TRUCK6 MARKET3 DEPOT3
      114: UNLOAD GOODS4 TRUCK6 DEPOT3 LEVEL0 LEVEL1 LEVEL1 LEVEL2
      115: DRIVE TRUCK6 DEPOT3 MARKET3
      116: DRIVE TRUCK6 MARKET3 MARKET2
      117: BUY TRUCK6 GOODS4 MARKET2 LEVEL0 LEVEL1 LEVEL0 LEVEL1
      118: LOAD GOODS4 TRUCK6 MARKET2 LEVEL0 LEVEL1 LEVEL0 LEVEL1
      119: DRIVE TRUCK6 MARKET2 MARKET3
      120: DRIVE TRUCK6 MARKET3 DEPOT3
      121: UNLOAD GOODS9 TRUCK6 DEPOT3 LEVEL0 LEVEL1 LEVEL2 LEVEL3
      122: DRIVE TRUCK6 DEPOT3 MARKET3
      123: DRIVE TRUCK6 MARKET3 MARKET1
      124: BUY TRUCK6 GOODS9 MARKET1 LEVEL1 LEVEL2 LEVEL0 LEVEL1
      125: LOAD GOODS9 TRUCK6 MARKET1 LEVEL0 LEVEL1 LEVEL0 LEVEL1
      126: DRIVE TRUCK6 MARKET1 MARKET3
      127: DRIVE TRUCK6 MARKET3 DEPOT3
      128: UNLOAD GOODS10 TRUCK6 DEPOT3 LEVEL0 LEVEL1 LEVEL2 LEVEL3
      129: DRIVE TRUCK6 DEPOT3 MARKET3
      130: DRIVE TRUCK6 MARKET3 MARKET4
      131: BUY TRUCK6 GOODS10 MARKET4 LEVEL0 LEVEL1 LEVEL0 LEVEL1
      132: LOAD GOODS10 TRUCK6 MARKET4 LEVEL0 LEVEL1 LEVEL0 LEVEL1
      133: DRIVE TRUCK6 MARKET4 MARKET3
      134: DRIVE TRUCK6 MARKET3 DEPOT3
      135: UNLOAD GOODS1 TRUCK6 DEPOT3 LEVEL0 LEVEL1 LEVEL2 LEVEL3
      136: DRIVE TRUCK6 DEPOT3 MARKET3
      137: DRIVE TRUCK6 MARKET3 MARKET1
      138: BUY TRUCK6 GOODS1 MARKET1 LEVEL0 LEVEL1 LEVEL0 LEVEL1
      139: LOAD GOODS1 TRUCK6 MARKET1 LEVEL0 LEVEL1 LEVEL0 LEVEL1
      140: DRIVE TRUCK6 MARKET1 MARKET3
      141: DRIVE TRUCK6 MARKET3 DEPOT3
      142: UNLOAD GOODS1 TRUCK6 DEPOT3 LEVEL0 LEVEL1 LEVEL3 LEVEL4
      143: UNLOAD GOODS2 TRUCK6 DEPOT3 LEVEL0 LEVEL1 LEVEL0 LEVEL1
      144: DRIVE TRUCK6 DEPOT3 MARKET3
      145: DRIVE TRUCK6 MARKET3 MARKET2
      146: BUY TRUCK6 GOODS2 MARKET2 LEVEL0 LEVEL1 LEVEL0 LEVEL1
      147: LOAD GOODS2 TRUCK6 MARKET2 LEVEL0 LEVEL1 LEVEL0 LEVEL1
      148: DRIVE TRUCK6 MARKET2 MARKET3
      149: DRIVE TRUCK6 MARKET3 DEPOT3
      150: UNLOAD GOODS2 TRUCK6 DEPOT3 LEVEL0 LEVEL1 LEVEL1 LEVEL2
      151: UNLOAD GOODS4 TRUCK6 DEPOT3 LEVEL0 LEVEL1 LEVEL2 LEVEL3
      152: DRIVE TRUCK6 DEPOT3 MARKET3
      153: DRIVE TRUCK6 MARKET3 MARKET1
      154: BUY TRUCK6 GOODS4 MARKET1 LEVEL1 LEVEL2 LEVEL0 LEVEL1
      155: LOAD GOODS4 TRUCK6 MARKET1 LEVEL0 LEVEL1 LEVEL0 LEVEL1
      156: DRIVE TRUCK6 MARKET1 MARKET3
      157: DRIVE TRUCK6 MARKET3 DEPOT3
      158: UNLOAD GOODS4 TRUCK6 DEPOT3 LEVEL0 LEVEL1 LEVEL3 LEVEL4
      159: UNLOAD GOODS6 TRUCK6 DEPOT3 LEVEL0 LEVEL1 LEVEL1 LEVEL2
      160: DRIVE TRUCK6 DEPOT3 MARKET3
      161: DRIVE TRUCK6 MARKET3 MARKET2
      162: BUY TRUCK6 GOODS6 MARKET2 LEVEL1 LEVEL2 LEVEL0 LEVEL1
      163: LOAD GOODS6 TRUCK6 MARKET2 LEVEL0 LEVEL1 LEVEL0 LEVEL1
      164: DRIVE TRUCK6 MARKET2 MARKET3
      165: DRIVE TRUCK6 MARKET3 DEPOT3
      166: UNLOAD GOODS6 TRUCK6 DEPOT3 LEVEL0 LEVEL1 LEVEL2 LEVEL3
      167: UNLOAD GOODS8 TRUCK6 DEPOT3 LEVEL0 LEVEL1 LEVEL0 LEVEL1
      168: DRIVE TRUCK6 DEPOT3 MARKET3
      169: DRIVE TRUCK6 MARKET3 MARKET4
      170: BUY TRUCK6 GOODS8 MARKET4 LEVEL1 LEVEL2 LEVEL0 LEVEL1
      171: LOAD GOODS8 TRUCK6 MARKET4 LEVEL0 LEVEL1 LEVEL0 LEVEL1
      172: DRIVE TRUCK6 MARKET4 MARKET3
      173: DRIVE TRUCK6 MARKET3 DEPOT3
      174: UNLOAD GOODS8 TRUCK6 DEPOT3 LEVEL0 LEVEL1 LEVEL1 LEVEL2
      175: UNLOAD GOODS9 TRUCK6 DEPOT3 LEVEL0 LEVEL1 LEVEL3 LEVEL4
      176: DRIVE TRUCK6 DEPOT3 MARKET3
      177: DRIVE TRUCK6 MARKET3 MARKET1
      178: BUY TRUCK6 GOODS9 MARKET1 LEVEL0 LEVEL1 LEVEL0 LEVEL1
      179: LOAD GOODS9 TRUCK6 MARKET1 LEVEL0 LEVEL1 LEVEL0 LEVEL1
      180: DRIVE TRUCK6 MARKET1 MARKET3
      181: DRIVE TRUCK6 MARKET3 DEPOT3
      182: UNLOAD GOODS9 TRUCK6 DEPOT3 LEVEL0 LEVEL1 LEVEL4 LEVEL5
      183: UNLOAD GOODS10 TRUCK6 DEPOT3 LEVEL0 LEVEL1 LEVEL3 LEVEL4
      184: DRIVE TRUCK6 DEPOT3 MARKET3
      185: DRIVE TRUCK6 MARKET3 MARKET2
      186: BUY TRUCK6 GOODS10 MARKET2 LEVEL0 LEVEL1 LEVEL0 LEVEL1
      187: LOAD GOODS10 TRUCK6 MARKET2 LEVEL0 LEVEL1 LEVEL0 LEVEL1
      188: DRIVE TRUCK6 MARKET2 MARKET3
      189: DRIVE TRUCK6 MARKET3 DEPOT3
      190: UNLOAD GOODS10 TRUCK6 DEPOT3 LEVEL0 LEVEL1 LEVEL4 LEVEL5
      191: UNLOAD GOODS13 TRUCK6 DEPOT3 LEVEL0 LEVEL1 LEVEL0 LEVEL1
      192: DRIVE TRUCK6 DEPOT3 MARKET3
      193: DRIVE TRUCK6 MARKET3 MARKET4
      194: BUY TRUCK6 GOODS13 MARKET4 LEVEL0 LEVEL1 LEVEL0 LEVEL1
      195: LOAD GOODS13 TRUCK6 MARKET4 LEVEL0 LEVEL1 LEVEL0 LEVEL1
      196: DRIVE TRUCK6 MARKET4 MARKET3
      197: DRIVE TRUCK6 MARKET3 DEPOT3
      198: UNLOAD GOODS13 TRUCK6 DEPOT3 LEVEL0 LEVEL1 LEVEL1 LEVEL2
     

time spent:    0.00 seconds instantiating 29382 easy, 0 hard action templates
               0.00 seconds reachability analysis, yielding 992 facts and 13062 actions
               0.01 seconds creating final representation with 908 relevant facts
               0.00 seconds building connectivity graph
              15.34 seconds searching, evaluating 47625 states, to a max depth of 7
              15.35 seconds total time

__MEMKB 32256
