
ff: parsing domain file
domain 'TPP-PROPOSITIONAL' defined
 ... done.
ff: parsing problem file
problem 'TPP' defined
 ... done.


got 1157 facts

Cueing down from goal distance:    7 into depth [1][2][3]
                                   6            [1]
                                   5            [1]
                                   4            [1]
                                   3            [1]
                                   2            [1]
                                   1            [1]
                                   0            

Cueing down from goal distance:   68 into depth [1][2]
                                  67            [1]
                                  66            [1]
                                  65            [1]
                                  64            [1]
                                  63            [1]
                                  62            [1]
                                  61            [1]
                                  60            [1]
                                  59            [1]
                                  58            [1]
                                  57            [1]
                                  56            [1]
                                  55            [1]
                                  54            [1]
                                  53            [1]
                                  52            [1]
                                  51            [1]
                                  50            [1]
                                  49            [1]
                                  48            [1]
                                  47            [1]
                                  46            [1]
                                  45            [1]
                                  44            [1]
                                  43            [1]
                                  42            [1]
                                  41            [1][2][3][4]
                                  40            [1][2][3][4][5]
                                  39            [1][2][3][4][5]
                                  38            [1][2][3][4][5]
                                  37            [1][2][3][4][5]
                                  36            [1][2][3][4][5]
                                  35            [1]
                                  34            [1][2][3][4][5]
                                  33            [1]
                                  32            [1][2][3][4][5]
                                  31            [1]
                                  30            [1][2][3][4][5]
                                  29            [1]
                                  28            [1][2][3][4][5]
                                  27            [1]
                                  26            [1][2][3][4][5][6][7]
                                  25            [1][2][3][4][5][6][7]
                                  24            [1][2][3][4][5][6][7]
                                  23            [1][2][3][4][5][6][7]
                                  22            [1][2][3][4][5][6][7]
                                  21            [1][2][3][4][5][6][7]
                                  20            [1][2][3][4][5][6][7]
                                  19            [1][2][3][4][5][6][7]
                                  18            [1][2][3][4][5][6][7]
                                  17            [1]
                                  16            [1][2][3][4][5][6][7]
                                  15            [1]
                                  14            [1][2][3][4][5][6][7]
                                  13            [1]
                                  12            [1][2][3][4][5][6][7]
                                  11            [1]
                                  10            [1][2][3][4][5][6][7]
                                   9            [1]
                                   8            [1][2][3][4][5][6][7][8][9]
                                   7            [1][2][3][4][5][6][7][8][9]
                                   6            [1][2][3][4][5][6][7][8][9]
                                   5            [1]
                                   4            [1][2][3][4][5][6][7][8][9]
                                   3            [1]
                                   2            [1][2][3][4][5][6][7][8][9]
                                   1            [1]
                                   0            

ff: found legal plan as follows

step    0: DRIVE TRUCK7 DEPOT1 MARKET2
        1: DRIVE TRUCK2 DEPOT1 MARKET2
        2: BUY TRUCK2 GOODS2 MARKET2 LEVEL1 LEVEL2 LEVEL0 LEVEL1
        3: BUY TRUCK2 GOODS9 MARKET2 LEVEL0 LEVEL1 LEVEL0 LEVEL1
        4: LOAD GOODS2 TRUCK7 MARKET2 LEVEL0 LEVEL1 LEVEL0 LEVEL1
        5: LOAD GOODS9 TRUCK7 MARKET2 LEVEL0 LEVEL1 LEVEL0 LEVEL1
        6: DRIVE TRUCK7 MARKET2 DEPOT1
        7: UNLOAD GOODS2 TRUCK7 DEPOT1 LEVEL0 LEVEL1 LEVEL0 LEVEL1
        8: UNLOAD GOODS9 TRUCK7 DEPOT1 LEVEL0 LEVEL1 LEVEL0 LEVEL1
        9: DRIVE TRUCK7 DEPOT1 MARKET2
       10: BUY TRUCK2 GOODS6 MARKET2 LEVEL0 LEVEL1 LEVEL0 LEVEL1
       11: BUY TRUCK2 GOODS7 MARKET2 LEVEL1 LEVEL2 LEVEL0 LEVEL1
       12: BUY TRUCK2 GOODS12 MARKET2 LEVEL0 LEVEL1 LEVEL0 LEVEL1
       13: BUY TRUCK2 GOODS13 MARKET2 LEVEL1 LEVEL2 LEVEL0 LEVEL1
       14: BUY TRUCK2 GOODS15 MARKET2 LEVEL1 LEVEL2 LEVEL0 LEVEL1
       15: BUY TRUCK2 GOODS8 MARKET2 LEVEL0 LEVEL1 LEVEL0 LEVEL1
       16: BUY TRUCK2 GOODS10 MARKET2 LEVEL1 LEVEL2 LEVEL0 LEVEL1
       17: BUY TRUCK2 GOODS14 MARKET2 LEVEL1 LEVEL2 LEVEL0 LEVEL1
       18: BUY TRUCK2 GOODS4 MARKET2 LEVEL1 LEVEL2 LEVEL0 LEVEL1
       19: BUY TRUCK2 GOODS5 MARKET2 LEVEL0 LEVEL1 LEVEL0 LEVEL1
       20: BUY TRUCK2 GOODS11 MARKET2 LEVEL0 LEVEL1 LEVEL0 LEVEL1
       21: BUY TRUCK2 GOODS1 MARKET2 LEVEL1 LEVEL2 LEVEL0 LEVEL1
       22: BUY TRUCK2 GOODS3 MARKET2 LEVEL0 LEVEL1 LEVEL0 LEVEL1
       23: LOAD GOODS6 TRUCK7 MARKET2 LEVEL0 LEVEL1 LEVEL0 LEVEL1
       24: LOAD GOODS7 TRUCK7 MARKET2 LEVEL0 LEVEL1 LEVEL0 LEVEL1
       25: LOAD GOODS12 TRUCK7 MARKET2 LEVEL0 LEVEL1 LEVEL0 LEVEL1
       26: LOAD GOODS13 TRUCK7 MARKET2 LEVEL0 LEVEL1 LEVEL0 LEVEL1
       27: LOAD GOODS15 TRUCK7 MARKET2 LEVEL0 LEVEL1 LEVEL0 LEVEL1
       28: LOAD GOODS8 TRUCK7 MARKET2 LEVEL0 LEVEL1 LEVEL0 LEVEL1
       29: LOAD GOODS10 TRUCK7 MARKET2 LEVEL0 LEVEL1 LEVEL0 LEVEL1
       30: LOAD GOODS14 TRUCK7 MARKET2 LEVEL0 LEVEL1 LEVEL0 LEVEL1
       31: LOAD GOODS4 TRUCK7 MARKET2 LEVEL0 LEVEL1 LEVEL0 LEVEL1
       32: LOAD GOODS5 TRUCK7 MARKET2 LEVEL0 LEVEL1 LEVEL0 LEVEL1
       33: LOAD GOODS11 TRUCK7 MARKET2 LEVEL0 LEVEL1 LEVEL0 LEVEL1
       34: LOAD GOODS1 TRUCK7 MARKET2 LEVEL0 LEVEL1 LEVEL0 LEVEL1
       35: LOAD GOODS3 TRUCK7 MARKET2 LEVEL0 LEVEL1 LEVEL0 LEVEL1
       36: DRIVE TRUCK7 MARKET2 DEPOT1
       37: UNLOAD GOODS1 TRUCK7 DEPOT1 LEVEL0 LEVEL1 LEVEL0 LEVEL1
       38: BUY TRUCK2 GOODS1 MARKET2 LEVEL0 LEVEL1 LEVEL0 LEVEL1
       39: LOAD GOODS1 TRUCK2 MARKET2 LEVEL0 LEVEL1 LEVEL0 LEVEL1
       40: DRIVE TRUCK2 MARKET2 DEPOT1
       41: UNLOAD GOODS1 TRUCK2 DEPOT1 LEVEL0 LEVEL1 LEVEL1 LEVEL2
       42: DRIVE TRUCK6 DEPOT2 MARKET5
       43: BUY TRUCK6 GOODS1 MARKET5 LEVEL0 LEVEL1 LEVEL0 LEVEL1
       44: LOAD GOODS1 TRUCK6 MARKET5 LEVEL0 LEVEL1 LEVEL0 LEVEL1
       45: DRIVE TRUCK6 MARKET5 DEPOT2
       46: UNLOAD GOODS4 TRUCK7 DEPOT1 LEVEL0 LEVEL1 LEVEL0 LEVEL1
       47: DRIVE TRUCK7 DEPOT1 MARKET2
       48: BUY TRUCK7 GOODS4 MARKET2 LEVEL0 LEVEL1 LEVEL0 LEVEL1
       49: LOAD GOODS4 TRUCK7 MARKET2 LEVEL0 LEVEL1 LEVEL0 LEVEL1
       50: DRIVE TRUCK7 MARKET2 DEPOT1
       51: UNLOAD GOODS10 TRUCK7 DEPOT1 LEVEL0 LEVEL1 LEVEL0 LEVEL1
       52: DRIVE TRUCK7 DEPOT1 MARKET2
       53: BUY TRUCK7 GOODS10 MARKET2 LEVEL0 LEVEL1 LEVEL0 LEVEL1
       54: LOAD GOODS10 TRUCK7 MARKET2 LEVEL0 LEVEL1 LEVEL0 LEVEL1
       55: DRIVE TRUCK7 MARKET2 DEPOT1
       56: UNLOAD GOODS14 TRUCK7 DEPOT1 LEVEL0 LEVEL1 LEVEL0 LEVEL1
       57: DRIVE TRUCK7 DEPOT1 MARKET2
       58: BUY TRUCK7 GOODS14 MARKET2 LEVEL0 LEVEL1 LEVEL0 LEVEL1
       59: LOAD GOODS14 TRUCK7 MARKET2 LEVEL0 LEVEL1 LEVEL0 LEVEL1
       60: DRIVE TRUCK7 MARKET2 DEPOT1
       61: UNLOAD GOODS7 TRUCK7 DEPOT1 LEVEL0 LEVEL1 LEVEL0 LEVEL1
       62: DRIVE TRUCK7 DEPOT1 MARKET2
       63: BUY TRUCK7 GOODS7 MARKET2 LEVEL0 LEVEL1 LEVEL0 LEVEL1
       64: LOAD GOODS7 TRUCK7 MARKET2 LEVEL0 LEVEL1 LEVEL0 LEVEL1
       65: DRIVE TRUCK7 MARKET2 DEPOT1
       66: UNLOAD GOODS7 TRUCK7 DEPOT1 LEVEL0 LEVEL1 LEVEL1 LEVEL2
       67: UNLOAD GOODS10 TRUCK7 DEPOT1 LEVEL0 LEVEL1 LEVEL1 LEVEL2
       68: DRIVE TRUCK3 DEPOT3 MARKET7
       69: BUY TRUCK3 GOODS10 MARKET7 LEVEL1 LEVEL2 LEVEL0 LEVEL1
       70: LOAD GOODS10 TRUCK3 MARKET7 LEVEL0 LEVEL1 LEVEL0 LEVEL1
       71: DRIVE TRUCK3 MARKET7 DEPOT3
       72: UNLOAD GOODS10 TRUCK3 DEPOT3 LEVEL0 LEVEL1 LEVEL2 LEVEL3
       73: UNLOAD GOODS13 TRUCK7 DEPOT1 LEVEL0 LEVEL1 LEVEL0 LEVEL1
       74: DRIVE TRUCK7 DEPOT1 MARKET2
       75: BUY TRUCK7 GOODS13 MARKET2 LEVEL0 LEVEL1 LEVEL0 LEVEL1
       76: LOAD GOODS13 TRUCK7 MARKET2 LEVEL0 LEVEL1 LEVEL0 LEVEL1
       77: DRIVE TRUCK7 MARKET2 DEPOT1
       78: UNLOAD GOODS13 TRUCK7 DEPOT1 LEVEL0 LEVEL1 LEVEL1 LEVEL2
       79: UNLOAD GOODS14 TRUCK7 DEPOT1 LEVEL0 LEVEL1 LEVEL1 LEVEL2
       80: DRIVE TRUCK6 DEPOT2 MARKET5
       81: BUY TRUCK6 GOODS14 MARKET5 LEVEL0 LEVEL1 LEVEL0 LEVEL1
       82: LOAD GOODS14 TRUCK6 MARKET5 LEVEL0 LEVEL1 LEVEL0 LEVEL1
       83: DRIVE TRUCK6 MARKET5 DEPOT2
       84: UNLOAD GOODS14 TRUCK6 DEPOT2 LEVEL0 LEVEL1 LEVEL2 LEVEL3
       85: UNLOAD GOODS15 TRUCK7 DEPOT1 LEVEL0 LEVEL1 LEVEL0 LEVEL1
       86: DRIVE TRUCK7 DEPOT1 MARKET2
       87: BUY TRUCK7 GOODS15 MARKET2 LEVEL0 LEVEL1 LEVEL0 LEVEL1
       88: LOAD GOODS15 TRUCK7 MARKET2 LEVEL0 LEVEL1 LEVEL0 LEVEL1
       89: DRIVE TRUCK7 MARKET2 DEPOT1
       90: UNLOAD GOODS15 TRUCK7 DEPOT1 LEVEL0 LEVEL1 LEVEL1 LEVEL2
       91: UNLOAD GOODS3 TRUCK7 DEPOT1 LEVEL0 LEVEL1 LEVEL0 LEVEL1
       92: DRIVE TRUCK7 DEPOT1 MARKET2
       93: DRIVE TRUCK7 MARKET2 MARKET6
       94: BUY TRUCK7 GOODS3 MARKET6 LEVEL0 LEVEL1 LEVEL0 LEVEL1
       95: LOAD GOODS3 TRUCK7 MARKET6 LEVEL0 LEVEL1 LEVEL0 LEVEL1
       96: DRIVE TRUCK7 MARKET6 MARKET2
       97: DRIVE TRUCK7 MARKET2 DEPOT1
       98: UNLOAD GOODS3 TRUCK7 DEPOT1 LEVEL0 LEVEL1 LEVEL1 LEVEL2
       99: DRIVE TRUCK6 DEPOT2 MARKET5
      100: DRIVE TRUCK6 MARKET5 MARKET4
      101: BUY TRUCK6 GOODS3 MARKET4 LEVEL0 LEVEL1 LEVEL0 LEVEL1
      102: LOAD GOODS3 TRUCK6 MARKET4 LEVEL0 LEVEL1 LEVEL0 LEVEL1
      103: DRIVE TRUCK6 MARKET4 MARKET7
      104: DRIVE TRUCK6 MARKET7 DEPOT3
      105: UNLOAD GOODS5 TRUCK7 DEPOT1 LEVEL0 LEVEL1 LEVEL0 LEVEL1
      106: DRIVE TRUCK7 DEPOT1 MARKET2
      107: DRIVE TRUCK7 MARKET2 MARKET3
      108: BUY TRUCK7 GOODS5 MARKET3 LEVEL1 LEVEL2 LEVEL0 LEVEL1
      109: LOAD GOODS5 TRUCK7 MARKET3 LEVEL0 LEVEL1 LEVEL0 LEVEL1
      110: DRIVE TRUCK7 MARKET3 MARKET2
      111: DRIVE TRUCK7 MARKET2 DEPOT1
      112: UNLOAD GOODS11 TRUCK7 DEPOT1 LEVEL0 LEVEL1 LEVEL0 LEVEL1
      113: DRIVE TRUCK7 DEPOT1 MARKET2
      114: DRIVE TRUCK7 MARKET2 MARKET3
      115: BUY TRUCK7 GOODS11 MARKET3 LEVEL1 LEVEL2 LEVEL0 LEVEL1
      116: LOAD GOODS11 TRUCK7 MARKET3 LEVEL0 LEVEL1 LEVEL0 LEVEL1
      117: DRIVE TRUCK7 MARKET3 MARKET2
      118: DRIVE TRUCK7 MARKET2 DEPOT1
      119: UNLOAD GOODS4 TRUCK7 DEPOT1 LEVEL0 LEVEL1 LEVEL1 LEVEL2
      120: DRIVE TRUCK7 DEPOT1 MARKET2
      121: DRIVE TRUCK7 MARKET2 MARKET3
      122: BUY TRUCK7 GOODS4 MARKET3 LEVEL1 LEVEL2 LEVEL0 LEVEL1
      123: LOAD GOODS4 TRUCK7 MARKET3 LEVEL0 LEVEL1 LEVEL0 LEVEL1
      124: DRIVE TRUCK7 MARKET3 MARKET2
      125: DRIVE TRUCK7 MARKET2 DEPOT1
      126: UNLOAD GOODS5 TRUCK7 DEPOT1 LEVEL0 LEVEL1 LEVEL1 LEVEL2
      127: DRIVE TRUCK7 DEPOT1 MARKET2
      128: DRIVE TRUCK7 MARKET2 MARKET3
      129: BUY TRUCK7 GOODS5 MARKET3 LEVEL0 LEVEL1 LEVEL0 LEVEL1
      130: LOAD GOODS5 TRUCK7 MARKET3 LEVEL0 LEVEL1 LEVEL0 LEVEL1
      131: DRIVE TRUCK7 MARKET3 MARKET2
      132: DRIVE TRUCK7 MARKET2 DEPOT1
      133: UNLOAD GOODS8 TRUCK7 DEPOT1 LEVEL0 LEVEL1 LEVEL0 LEVEL1
      134: DRIVE TRUCK7 DEPOT1 MARKET2
      135: DRIVE TRUCK7 MARKET2 MARKET6
      136: BUY TRUCK7 GOODS8 MARKET6 LEVEL1 LEVEL2 LEVEL0 LEVEL1
      137: LOAD GOODS8 TRUCK7 MARKET6 LEVEL0 LEVEL1 LEVEL0 LEVEL1
      138: DRIVE TRUCK7 MARKET6 MARKET2
      139: DRIVE TRUCK7 MARKET2 DEPOT1
      140: UNLOAD GOODS11 TRUCK7 DEPOT1 LEVEL0 LEVEL1 LEVEL1 LEVEL2
      141: DRIVE TRUCK7 DEPOT1 MARKET2
      142: DRIVE TRUCK7 MARKET2 MARKET3
      143: BUY TRUCK7 GOODS11 MARKET3 LEVEL0 LEVEL1 LEVEL0 LEVEL1
      144: LOAD GOODS11 TRUCK7 MARKET3 LEVEL0 LEVEL1 LEVEL0 LEVEL1
      145: DRIVE TRUCK7 MARKET3 MARKET2
      146: DRIVE TRUCK7 MARKET2 DEPOT1
      147: UNLOAD GOODS4 TRUCK7 DEPOT1 LEVEL0 LEVEL1 LEVEL2 LEVEL3
      148: DRIVE TRUCK7 DEPOT1 MARKET2
      149: DRIVE TRUCK7 MARKET2 MARKET3
      150: BUY TRUCK7 GOODS4 MARKET3 LEVEL0 LEVEL1 LEVEL0 LEVEL1
      151: LOAD GOODS4 TRUCK7 MARKET3 LEVEL0 LEVEL1 LEVEL0 LEVEL1
      152: DRIVE TRUCK7 MARKET3 MARKET2
      153: DRIVE TRUCK7 MARKET2 DEPOT1
      154: UNLOAD GOODS4 TRUCK7 DEPOT1 LEVEL0 LEVEL1 LEVEL3 LEVEL4
      155: UNLOAD GOODS5 TRUCK7 DEPOT1 LEVEL0 LEVEL1 LEVEL2 LEVEL3
      156: DRIVE TRUCK6 DEPOT3 MARKET7
      157: DRIVE TRUCK6 MARKET7 MARKET4
      158: BUY TRUCK6 GOODS5 MARKET4 LEVEL1 LEVEL2 LEVEL0 LEVEL1
      159: LOAD GOODS5 TRUCK6 MARKET4 LEVEL0 LEVEL1 LEVEL0 LEVEL1
      160: DRIVE TRUCK6 MARKET4 MARKET7
      161: DRIVE TRUCK6 MARKET7 DEPOT3
      162: UNLOAD GOODS5 TRUCK6 DEPOT3 LEVEL0 LEVEL1 LEVEL3 LEVEL4
      163: UNLOAD GOODS6 TRUCK7 DEPOT1 LEVEL0 LEVEL1 LEVEL0 LEVEL1
      164: DRIVE TRUCK7 DEPOT1 MARKET2
      165: DRIVE TRUCK7 MARKET2 MARKET6
      166: BUY TRUCK7 GOODS6 MARKET6 LEVEL1 LEVEL2 LEVEL0 LEVEL1
      167: LOAD GOODS6 TRUCK7 MARKET6 LEVEL0 LEVEL1 LEVEL0 LEVEL1
      168: DRIVE TRUCK7 MARKET6 MARKET2
      169: DRIVE TRUCK7 MARKET2 DEPOT1
      170: UNLOAD GOODS6 TRUCK7 DEPOT1 LEVEL0 LEVEL1 LEVEL1 LEVEL2
      171: UNLOAD GOODS8 TRUCK7 DEPOT1 LEVEL0 LEVEL1 LEVEL1 LEVEL2
      172: DRIVE TRUCK7 DEPOT1 MARKET2
      173: DRIVE TRUCK7 MARKET2 MARKET6
      174: BUY TRUCK7 GOODS8 MARKET6 LEVEL0 LEVEL1 LEVEL0 LEVEL1
      175: LOAD GOODS8 TRUCK7 MARKET6 LEVEL0 LEVEL1 LEVEL0 LEVEL1
      176: DRIVE TRUCK7 MARKET6 MARKET2
      177: DRIVE TRUCK7 MARKET2 DEPOT1
      178: UNLOAD GOODS8 TRUCK7 DEPOT1 LEVEL0 LEVEL1 LEVEL2 LEVEL3
      179: UNLOAD GOODS11 TRUCK7 DEPOT1 LEVEL0 LEVEL1 LEVEL2 LEVEL3
      180: DRIVE TRUCK6 DEPOT3 MARKET7
      181: DRIVE TRUCK6 MARKET7 MARKET4
      182: BUY TRUCK6 GOODS11 MARKET4 LEVEL1 LEVEL2 LEVEL0 LEVEL1
      183: LOAD GOODS11 TRUCK6 MARKET4 LEVEL0 LEVEL1 LEVEL0 LEVEL1
      184: DRIVE TRUCK6 MARKET4 MARKET7
      185: DRIVE TRUCK6 MARKET7 DEPOT3
      186: UNLOAD GOODS11 TRUCK6 DEPOT3 LEVEL0 LEVEL1 LEVEL3 LEVEL4
      187: UNLOAD GOODS1 TRUCK6 DEPOT3 LEVEL0 LEVEL1 LEVEL2 LEVEL3
      188: DRIVE TRUCK7 DEPOT1 MARKET2
      189: DRIVE TRUCK7 MARKET2 MARKET6
      190: DRIVE TRUCK7 MARKET6 MARKET1
      191: BUY TRUCK7 GOODS1 MARKET1 LEVEL1 LEVEL2 LEVEL0 LEVEL1
      192: LOAD GOODS1 TRUCK7 MARKET1 LEVEL0 LEVEL1 LEVEL0 LEVEL1
      193: DRIVE TRUCK7 MARKET1 MARKET4
      194: DRIVE TRUCK7 MARKET4 MARKET7
      195: DRIVE TRUCK7 MARKET7 DEPOT3
      196: UNLOAD GOODS3 TRUCK6 DEPOT3 LEVEL0 LEVEL1 LEVEL2 LEVEL3
      197: DRIVE TRUCK7 DEPOT3 MARKET7
      198: DRIVE TRUCK7 MARKET7 MARKET4
      199: DRIVE TRUCK7 MARKET4 MARKET1
      200: BUY TRUCK7 GOODS3 MARKET1 LEVEL1 LEVEL2 LEVEL0 LEVEL1
      201: LOAD GOODS3 TRUCK7 MARKET1 LEVEL0 LEVEL1 LEVEL0 LEVEL1
      202: DRIVE TRUCK7 MARKET1 MARKET4
      203: DRIVE TRUCK7 MARKET4 MARKET7
      204: DRIVE TRUCK7 MARKET7 DEPOT3
      205: UNLOAD GOODS1 TRUCK7 DEPOT3 LEVEL0 LEVEL1 LEVEL3 LEVEL4
      206: DRIVE TRUCK7 DEPOT3 MARKET7
      207: DRIVE TRUCK7 MARKET7 MARKET4
      208: DRIVE TRUCK7 MARKET4 MARKET1
      209: BUY TRUCK7 GOODS1 MARKET1 LEVEL0 LEVEL1 LEVEL0 LEVEL1
      210: LOAD GOODS1 TRUCK7 MARKET1 LEVEL0 LEVEL1 LEVEL0 LEVEL1
      211: DRIVE TRUCK7 MARKET1 MARKET4
      212: DRIVE TRUCK7 MARKET4 MARKET7
      213: DRIVE TRUCK7 MARKET7 DEPOT3
      214: UNLOAD GOODS1 TRUCK7 DEPOT3 LEVEL0 LEVEL1 LEVEL4 LEVEL5
      215: UNLOAD GOODS3 TRUCK7 DEPOT3 LEVEL0 LEVEL1 LEVEL3 LEVEL4
      216: DRIVE TRUCK7 DEPOT3 MARKET7
      217: DRIVE TRUCK7 MARKET7 MARKET4
      218: DRIVE TRUCK7 MARKET4 MARKET1
      219: BUY TRUCK7 GOODS3 MARKET1 LEVEL0 LEVEL1 LEVEL0 LEVEL1
      220: LOAD GOODS3 TRUCK7 MARKET1 LEVEL0 LEVEL1 LEVEL0 LEVEL1
      221: DRIVE TRUCK7 MARKET1 MARKET4
      222: DRIVE TRUCK7 MARKET4 MARKET7
      223: DRIVE TRUCK7 MARKET7 DEPOT3
      224: UNLOAD GOODS3 TRUCK7 DEPOT3 LEVEL0 LEVEL1 LEVEL4 LEVEL5
      225: UNLOAD GOODS12 TRUCK7 DEPOT3 LEVEL0 LEVEL1 LEVEL0 LEVEL1
      226: DRIVE TRUCK7 DEPOT3 MARKET7
      227: DRIVE TRUCK7 MARKET7 MARKET4
      228: DRIVE TRUCK7 MARKET4 MARKET1
      229: BUY TRUCK7 GOODS12 MARKET1 LEVEL0 LEVEL1 LEVEL0 LEVEL1
      230: LOAD GOODS12 TRUCK7 MARKET1 LEVEL0 LEVEL1 LEVEL0 LEVEL1
      231: DRIVE TRUCK7 MARKET1 MARKET4
      232: DRIVE TRUCK7 MARKET4 MARKET7
      233: DRIVE TRUCK7 MARKET7 DEPOT3
      234: UNLOAD GOODS12 TRUCK7 DEPOT3 LEVEL0 LEVEL1 LEVEL1 LEVEL2
     

time spent:    0.00 seconds instantiating 44779 easy, 0 hard action templates
               0.01 seconds reachability analysis, yielding 1281 facts and 17864 actions
               0.00 seconds creating final representation with 1157 relevant facts
               0.01 seconds building connectivity graph
              44.65 seconds searching, evaluating 94152 states, to a max depth of 9
              44.67 seconds total time

__MEMKB 46848
