
ff: parsing domain file
domain 'TPP-PROPOSITIONAL' defined
 ... done.
ff: parsing problem file
problem 'TPP' defined
 ... done.


got 1557 facts

Cueing down from goal distance:   10 into depth [1][2]
                                   9            [1]
                                   8            [1]
                                   7            [1]
                                   6            [1]
                                   5            [1]
                                   4            [1]
                                   3            [1]
                                   2            [1]
                                   1            [1]
                                   0            

Cueing down from goal distance:   75 into depth [1][2][3]
                                  74            [1]
                                  73            [1]
                                  72            [1]
                                  71            [1]
                                  70            [1]
                                  69            [1]
                                  68            [1]
                                  67            [1]
                                  66            [1]
                                  65            [1]
                                  64            [1]
                                  63            [1]
                                  62            [1]
                                  61            [1]
                                  60            [1]
                                  59            [1]
                                  58            [1]
                                  57            [1]
                                  56            [1][2]
                                  55            [1][2][3]
                                  54            [1][2][3]
                                  53            [1][2][3]
                                  52            [1][2]
                                  51            [1]
                                  50            [1]
                                  49            [1]
                                  48            [1]
                                  47            [1]
                                  46            [1]
                                  45            [1][2][3][4][5]
                                  44            [1][2][3][4][5]
                                  43            [1][2][3][4][5]
                                  42            [1][2][3][4][5]
                                  41            [1][2][3][4][5]
                                  40            [1][2][3][4][5]
                                  39            [1][2][3][4][5]
                                  38            [1][2][3][4][5]
                                  37            [1][2][3][4][5]
                                  36            [1]
                                  35            [1][2][3][4][5]
                                  34            [1]
                                  33            [1][2][3][4][5]
                                  32            [1]
                                  31            [1][2][3][4][5]
                                  30            [1]
                                  29            [1][2][3][4][5]
                                  28            [1]
                                  27            [1][2][3][4][5]
                                  26            [1]
                                  25            [1][2][3][4][5][6][7]
                                  24            [1][2][3][4][5][6][7]
                                  23            [1][2][3][4][5][6][7]
                                  22            [1][2][3][4][5][6][7]
                                  21            [1][2][3][4][5][6][7]
                                  20            [1][2][3][4][5][6][7]
                                  19            [1][2][3][4][5][6][7]
                                  18            [1][2][3][4][5][6][7]
                                  17            [1][2][3][4][5][6][7]
                                  16            [1][2][3][4][5][6][7]
                                  15            [1]
                                  14            [1][2][3][4][5][6][7]
                                  13            [1]
                                  12            [1][2][3][4][5][6][7]
                                  11            [1]
                                  10            [1][2][3][4][5][6][7]
                                   9            [1]
                                   8            [1][2][3][4][5][6][7]
                                   7            [1]
                                   6            [1][2][3][4][5][6][7][8][9]
                                   5            [1]
                                   4            [1][2][3][4][5][6][7][8][9]
                                   3            [1]
                                   2            [1][2][3][4][5][6][7][8][9]
                                   1            [1]
                                   0            

ff: found legal plan as follows

step    0: DRIVE TRUCK6 DEPOT1 MARKET2
        1: BUY TRUCK6 GOODS8 MARKET2 LEVEL0 LEVEL1 LEVEL0 LEVEL1
        2: BUY TRUCK6 GOODS13 MARKET2 LEVEL0 LEVEL1 LEVEL0 LEVEL1
        3: BUY TRUCK6 GOODS16 MARKET2 LEVEL1 LEVEL2 LEVEL0 LEVEL1
        4: LOAD GOODS8 TRUCK6 MARKET2 LEVEL0 LEVEL1 LEVEL0 LEVEL1
        5: LOAD GOODS13 TRUCK6 MARKET2 LEVEL0 LEVEL1 LEVEL0 LEVEL1
        6: LOAD GOODS16 TRUCK6 MARKET2 LEVEL0 LEVEL1 LEVEL0 LEVEL1
        7: DRIVE TRUCK6 MARKET2 DEPOT1
        8: UNLOAD GOODS8 TRUCK6 DEPOT1 LEVEL0 LEVEL1 LEVEL0 LEVEL1
        9: UNLOAD GOODS13 TRUCK6 DEPOT1 LEVEL0 LEVEL1 LEVEL0 LEVEL1
       10: UNLOAD GOODS16 TRUCK6 DEPOT1 LEVEL0 LEVEL1 LEVEL0 LEVEL1
       11: DRIVE TRUCK6 DEPOT1 MARKET2
       12: DRIVE TRUCK7 DEPOT2 MARKET5
       13: BUY TRUCK6 GOODS2 MARKET2 LEVEL1 LEVEL2 LEVEL0 LEVEL1
       14: BUY TRUCK6 GOODS5 MARKET2 LEVEL0 LEVEL1 LEVEL0 LEVEL1
       15: BUY TRUCK6 GOODS11 MARKET2 LEVEL0 LEVEL1 LEVEL0 LEVEL1
       16: BUY TRUCK6 GOODS14 MARKET2 LEVEL0 LEVEL1 LEVEL0 LEVEL1
       17: BUY TRUCK6 GOODS15 MARKET2 LEVEL0 LEVEL1 LEVEL0 LEVEL1
       18: BUY TRUCK6 GOODS4 MARKET2 LEVEL1 LEVEL2 LEVEL0 LEVEL1
       19: BUY TRUCK6 GOODS10 MARKET2 LEVEL1 LEVEL2 LEVEL0 LEVEL1
       20: BUY TRUCK6 GOODS7 MARKET2 LEVEL0 LEVEL1 LEVEL0 LEVEL1
       21: BUY TRUCK6 GOODS12 MARKET2 LEVEL1 LEVEL2 LEVEL0 LEVEL1
       22: LOAD GOODS2 TRUCK6 MARKET2 LEVEL0 LEVEL1 LEVEL0 LEVEL1
       23: LOAD GOODS5 TRUCK6 MARKET2 LEVEL0 LEVEL1 LEVEL0 LEVEL1
       24: LOAD GOODS11 TRUCK6 MARKET2 LEVEL0 LEVEL1 LEVEL0 LEVEL1
       25: LOAD GOODS14 TRUCK6 MARKET2 LEVEL0 LEVEL1 LEVEL0 LEVEL1
       26: LOAD GOODS15 TRUCK6 MARKET2 LEVEL0 LEVEL1 LEVEL0 LEVEL1
       27: LOAD GOODS4 TRUCK6 MARKET2 LEVEL0 LEVEL1 LEVEL0 LEVEL1
       28: LOAD GOODS10 TRUCK6 MARKET2 LEVEL0 LEVEL1 LEVEL0 LEVEL1
       29: LOAD GOODS7 TRUCK6 MARKET2 LEVEL0 LEVEL1 LEVEL0 LEVEL1
       30: LOAD GOODS12 TRUCK6 MARKET2 LEVEL0 LEVEL1 LEVEL0 LEVEL1
       31: DRIVE TRUCK6 MARKET2 DEPOT1
       32: BUY TRUCK7 GOODS6 MARKET5 LEVEL0 LEVEL1 LEVEL0 LEVEL1
       33: BUY TRUCK7 GOODS9 MARKET5 LEVEL1 LEVEL2 LEVEL0 LEVEL1
       34: BUY TRUCK7 GOODS17 MARKET5 LEVEL0 LEVEL1 LEVEL0 LEVEL1
       35: BUY TRUCK7 GOODS1 MARKET5 LEVEL1 LEVEL2 LEVEL0 LEVEL1
       36: BUY TRUCK7 GOODS3 MARKET5 LEVEL1 LEVEL2 LEVEL0 LEVEL1
       37: LOAD GOODS6 TRUCK7 MARKET5 LEVEL0 LEVEL1 LEVEL0 LEVEL1
       38: LOAD GOODS9 TRUCK7 MARKET5 LEVEL0 LEVEL1 LEVEL0 LEVEL1
       39: LOAD GOODS17 TRUCK7 MARKET5 LEVEL0 LEVEL1 LEVEL0 LEVEL1
       40: LOAD GOODS1 TRUCK7 MARKET5 LEVEL0 LEVEL1 LEVEL0 LEVEL1
       41: LOAD GOODS3 TRUCK7 MARKET5 LEVEL0 LEVEL1 LEVEL0 LEVEL1
       42: DRIVE TRUCK7 MARKET5 DEPOT2
       43: UNLOAD GOODS3 TRUCK7 DEPOT2 LEVEL0 LEVEL1 LEVEL0 LEVEL1
       44: DRIVE TRUCK7 DEPOT2 MARKET5
       45: BUY TRUCK7 GOODS3 MARKET5 LEVEL0 LEVEL1 LEVEL0 LEVEL1
       46: LOAD GOODS3 TRUCK7 MARKET5 LEVEL0 LEVEL1 LEVEL0 LEVEL1
       47: DRIVE TRUCK7 MARKET5 DEPOT2
       48: UNLOAD GOODS3 TRUCK7 DEPOT2 LEVEL0 LEVEL1 LEVEL1 LEVEL2
       49: DRIVE TRUCK6 DEPOT1 MARKET2
       50: BUY TRUCK6 GOODS3 MARKET2 LEVEL1 LEVEL2 LEVEL0 LEVEL1
       51: LOAD GOODS3 TRUCK6 MARKET2 LEVEL0 LEVEL1 LEVEL0 LEVEL1
       52: DRIVE TRUCK6 MARKET2 DEPOT1
       53: UNLOAD GOODS12 TRUCK6 DEPOT1 LEVEL0 LEVEL1 LEVEL0 LEVEL1
       54: DRIVE TRUCK6 DEPOT1 MARKET2
       55: BUY TRUCK6 GOODS12 MARKET2 LEVEL0 LEVEL1 LEVEL0 LEVEL1
       56: LOAD GOODS12 TRUCK6 MARKET2 LEVEL0 LEVEL1 LEVEL0 LEVEL1
       57: DRIVE TRUCK6 MARKET2 DEPOT1
       58: UNLOAD GOODS1 TRUCK7 DEPOT2 LEVEL0 LEVEL1 LEVEL0 LEVEL1
       59: DRIVE TRUCK7 DEPOT2 MARKET5
       60: BUY TRUCK7 GOODS1 MARKET5 LEVEL0 LEVEL1 LEVEL0 LEVEL1
       61: LOAD GOODS1 TRUCK7 MARKET5 LEVEL0 LEVEL1 LEVEL0 LEVEL1
       62: DRIVE TRUCK7 MARKET5 DEPOT2
       63: UNLOAD GOODS3 TRUCK6 DEPOT1 LEVEL0 LEVEL1 LEVEL2 LEVEL3
       64: DRIVE TRUCK6 DEPOT1 MARKET2
       65: BUY TRUCK6 GOODS3 MARKET2 LEVEL0 LEVEL1 LEVEL0 LEVEL1
       66: LOAD GOODS3 TRUCK6 MARKET2 LEVEL0 LEVEL1 LEVEL0 LEVEL1
       67: DRIVE TRUCK6 MARKET2 DEPOT1
       68: UNLOAD GOODS4 TRUCK6 DEPOT1 LEVEL0 LEVEL1 LEVEL0 LEVEL1
       69: DRIVE TRUCK6 DEPOT1 MARKET2
       70: BUY TRUCK6 GOODS4 MARKET2 LEVEL0 LEVEL1 LEVEL0 LEVEL1
       71: LOAD GOODS4 TRUCK6 MARKET2 LEVEL0 LEVEL1 LEVEL0 LEVEL1
       72: DRIVE TRUCK6 MARKET2 DEPOT1
       73: UNLOAD GOODS10 TRUCK6 DEPOT1 LEVEL0 LEVEL1 LEVEL0 LEVEL1
       74: DRIVE TRUCK6 DEPOT1 MARKET2
       75: BUY TRUCK6 GOODS10 MARKET2 LEVEL0 LEVEL1 LEVEL0 LEVEL1
       76: LOAD GOODS10 TRUCK6 MARKET2 LEVEL0 LEVEL1 LEVEL0 LEVEL1
       77: DRIVE TRUCK6 MARKET2 DEPOT1
       78: UNLOAD GOODS1 TRUCK7 DEPOT2 LEVEL0 LEVEL1 LEVEL1 LEVEL2
       79: DRIVE TRUCK6 DEPOT1 MARKET2
       80: BUY TRUCK6 GOODS1 MARKET2 LEVEL1 LEVEL2 LEVEL0 LEVEL1
       81: LOAD GOODS1 TRUCK6 MARKET2 LEVEL0 LEVEL1 LEVEL0 LEVEL1
       82: DRIVE TRUCK6 MARKET2 DEPOT1
       83: UNLOAD GOODS1 TRUCK6 DEPOT1 LEVEL0 LEVEL1 LEVEL2 LEVEL3
       84: DRIVE TRUCK6 DEPOT1 MARKET2
       85: BUY TRUCK6 GOODS1 MARKET2 LEVEL0 LEVEL1 LEVEL0 LEVEL1
       86: LOAD GOODS1 TRUCK6 MARKET2 LEVEL0 LEVEL1 LEVEL0 LEVEL1
       87: DRIVE TRUCK6 MARKET2 DEPOT1
       88: UNLOAD GOODS1 TRUCK6 DEPOT1 LEVEL0 LEVEL1 LEVEL3 LEVEL4
       89: UNLOAD GOODS2 TRUCK6 DEPOT1 LEVEL0 LEVEL1 LEVEL0 LEVEL1
       90: DRIVE TRUCK6 DEPOT1 MARKET2
       91: BUY TRUCK6 GOODS2 MARKET2 LEVEL0 LEVEL1 LEVEL0 LEVEL1
       92: LOAD GOODS2 TRUCK6 MARKET2 LEVEL0 LEVEL1 LEVEL0 LEVEL1
       93: DRIVE TRUCK6 MARKET2 DEPOT1
       94: UNLOAD GOODS2 TRUCK6 DEPOT1 LEVEL0 LEVEL1 LEVEL1 LEVEL2
       95: UNLOAD GOODS5 TRUCK6 DEPOT1 LEVEL0 LEVEL1 LEVEL0 LEVEL1
       96: DRIVE TRUCK5 DEPOT3 MARKET7
       97: BUY TRUCK5 GOODS5 MARKET7 LEVEL0 LEVEL1 LEVEL0 LEVEL1
       98: LOAD GOODS5 TRUCK5 MARKET7 LEVEL0 LEVEL1 LEVEL0 LEVEL1
       99: DRIVE TRUCK5 MARKET7 DEPOT3
      100: UNLOAD GOODS5 TRUCK5 DEPOT3 LEVEL0 LEVEL1 LEVEL1 LEVEL2
      101: UNLOAD GOODS6 TRUCK7 DEPOT2 LEVEL0 LEVEL1 LEVEL0 LEVEL1
      102: DRIVE TRUCK6 DEPOT1 MARKET2
      103: BUY TRUCK6 GOODS6 MARKET2 LEVEL1 LEVEL2 LEVEL0 LEVEL1
      104: LOAD GOODS6 TRUCK6 MARKET2 LEVEL0 LEVEL1 LEVEL0 LEVEL1
      105: DRIVE TRUCK6 MARKET2 DEPOT1
      106: UNLOAD GOODS6 TRUCK6 DEPOT1 LEVEL0 LEVEL1 LEVEL1 LEVEL2
      107: UNLOAD GOODS9 TRUCK7 DEPOT2 LEVEL0 LEVEL1 LEVEL0 LEVEL1
      108: DRIVE TRUCK7 DEPOT2 MARKET5
      109: BUY TRUCK7 GOODS9 MARKET5 LEVEL0 LEVEL1 LEVEL0 LEVEL1
      110: LOAD GOODS9 TRUCK7 MARKET5 LEVEL0 LEVEL1 LEVEL0 LEVEL1
      111: DRIVE TRUCK7 MARKET5 DEPOT2
      112: UNLOAD GOODS9 TRUCK7 DEPOT2 LEVEL0 LEVEL1 LEVEL1 LEVEL2
      113: UNLOAD GOODS17 TRUCK7 DEPOT2 LEVEL0 LEVEL1 LEVEL0 LEVEL1
      114: DRIVE TRUCK6 DEPOT1 MARKET2
      115: BUY TRUCK6 GOODS17 MARKET2 LEVEL1 LEVEL2 LEVEL0 LEVEL1
      116: LOAD GOODS17 TRUCK6 MARKET2 LEVEL0 LEVEL1 LEVEL0 LEVEL1
      117: DRIVE TRUCK6 MARKET2 DEPOT1
      118: UNLOAD GOODS17 TRUCK6 DEPOT1 LEVEL0 LEVEL1 LEVEL1 LEVEL2
      119: UNLOAD GOODS7 TRUCK6 DEPOT1 LEVEL0 LEVEL1 LEVEL0 LEVEL1
      120: DRIVE TRUCK7 DEPOT2 MARKET5
      121: DRIVE TRUCK7 MARKET5 MARKET4
      122: BUY TRUCK7 GOODS7 MARKET4 LEVEL0 LEVEL1 LEVEL0 LEVEL1
      123: LOAD GOODS7 TRUCK7 MARKET4 LEVEL0 LEVEL1 LEVEL0 LEVEL1
      124: DRIVE TRUCK7 MARKET4 MARKET7
      125: DRIVE TRUCK7 MARKET7 DEPOT3
      126: UNLOAD GOODS7 TRUCK7 DEPOT3 LEVEL0 LEVEL1 LEVEL1 LEVEL2
      127: DRIVE TRUCK6 DEPOT1 MARKET2
      128: DRIVE TRUCK6 MARKET2 MARKET6
      129: BUY TRUCK6 GOODS7 MARKET6 LEVEL1 LEVEL2 LEVEL0 LEVEL1
      130: LOAD GOODS7 TRUCK6 MARKET6 LEVEL0 LEVEL1 LEVEL0 LEVEL1
      131: DRIVE TRUCK6 MARKET6 MARKET2
      132: DRIVE TRUCK6 MARKET2 DEPOT1
      133: UNLOAD GOODS12 TRUCK6 DEPOT1 LEVEL0 LEVEL1 LEVEL1 LEVEL2
      134: DRIVE TRUCK6 DEPOT1 MARKET2
      135: DRIVE TRUCK6 MARKET2 MARKET3
      136: BUY TRUCK6 GOODS12 MARKET3 LEVEL1 LEVEL2 LEVEL0 LEVEL1
      137: LOAD GOODS12 TRUCK6 MARKET3 LEVEL0 LEVEL1 LEVEL0 LEVEL1
      138: DRIVE TRUCK6 MARKET3 MARKET2
      139: DRIVE TRUCK6 MARKET2 DEPOT1
      140: UNLOAD GOODS3 TRUCK6 DEPOT1 LEVEL0 LEVEL1 LEVEL3 LEVEL4
      141: DRIVE TRUCK6 DEPOT1 MARKET2
      142: DRIVE TRUCK6 MARKET2 MARKET6
      143: BUY TRUCK6 GOODS3 MARKET6 LEVEL0 LEVEL1 LEVEL0 LEVEL1
      144: LOAD GOODS3 TRUCK6 MARKET6 LEVEL0 LEVEL1 LEVEL0 LEVEL1
      145: DRIVE TRUCK6 MARKET6 MARKET2
      146: DRIVE TRUCK6 MARKET2 DEPOT1
      147: UNLOAD GOODS4 TRUCK6 DEPOT1 LEVEL0 LEVEL1 LEVEL1 LEVEL2
      148: DRIVE TRUCK6 DEPOT1 MARKET2
      149: DRIVE TRUCK6 MARKET2 MARKET6
      150: BUY TRUCK6 GOODS4 MARKET6 LEVEL1 LEVEL2 LEVEL0 LEVEL1
      151: LOAD GOODS4 TRUCK6 MARKET6 LEVEL0 LEVEL1 LEVEL0 LEVEL1
      152: DRIVE TRUCK6 MARKET6 MARKET2
      153: DRIVE TRUCK6 MARKET2 DEPOT1
      154: UNLOAD GOODS7 TRUCK6 DEPOT1 LEVEL0 LEVEL1 LEVEL2 LEVEL3
      155: DRIVE TRUCK6 DEPOT1 MARKET2
      156: DRIVE TRUCK6 MARKET2 MARKET6
      157: BUY TRUCK6 GOODS7 MARKET6 LEVEL0 LEVEL1 LEVEL0 LEVEL1
      158: LOAD GOODS7 TRUCK6 MARKET6 LEVEL0 LEVEL1 LEVEL0 LEVEL1
      159: DRIVE TRUCK6 MARKET6 MARKET2
      160: DRIVE TRUCK6 MARKET2 DEPOT1
      161: UNLOAD GOODS10 TRUCK6 DEPOT1 LEVEL0 LEVEL1 LEVEL1 LEVEL2
      162: DRIVE TRUCK7 DEPOT3 MARKET7
      163: DRIVE TRUCK7 MARKET7 MARKET4
      164: BUY TRUCK7 GOODS10 MARKET4 LEVEL0 LEVEL1 LEVEL0 LEVEL1
      165: LOAD GOODS10 TRUCK7 MARKET4 LEVEL0 LEVEL1 LEVEL0 LEVEL1
      166: DRIVE TRUCK7 MARKET4 MARKET7
      167: DRIVE TRUCK7 MARKET7 DEPOT3
      168: UNLOAD GOODS12 TRUCK6 DEPOT1 LEVEL0 LEVEL1 LEVEL2 LEVEL3
      169: DRIVE TRUCK6 DEPOT1 MARKET2
      170: DRIVE TRUCK6 MARKET2 MARKET3
      171: BUY TRUCK6 GOODS12 MARKET3 LEVEL0 LEVEL1 LEVEL0 LEVEL1
      172: LOAD GOODS12 TRUCK6 MARKET3 LEVEL0 LEVEL1 LEVEL0 LEVEL1
      173: DRIVE TRUCK6 MARKET3 MARKET2
      174: DRIVE TRUCK6 MARKET2 DEPOT1
      175: UNLOAD GOODS15 TRUCK6 DEPOT1 LEVEL0 LEVEL1 LEVEL0 LEVEL1
      176: DRIVE TRUCK7 DEPOT3 MARKET7
      177: DRIVE TRUCK7 MARKET7 MARKET4
      178: BUY TRUCK7 GOODS15 MARKET4 LEVEL1 LEVEL2 LEVEL0 LEVEL1
      179: LOAD GOODS15 TRUCK7 MARKET4 LEVEL0 LEVEL1 LEVEL0 LEVEL1
      180: DRIVE TRUCK7 MARKET4 MARKET7
      181: DRIVE TRUCK7 MARKET7 DEPOT3
      182: UNLOAD GOODS4 TRUCK6 DEPOT1 LEVEL0 LEVEL1 LEVEL2 LEVEL3
      183: DRIVE TRUCK6 DEPOT1 MARKET2
      184: DRIVE TRUCK6 MARKET2 MARKET6
      185: BUY TRUCK6 GOODS4 MARKET6 LEVEL0 LEVEL1 LEVEL0 LEVEL1
      186: LOAD GOODS4 TRUCK6 MARKET6 LEVEL0 LEVEL1 LEVEL0 LEVEL1
      187: DRIVE TRUCK6 MARKET6 MARKET2
      188: DRIVE TRUCK6 MARKET2 DEPOT1
      189: UNLOAD GOODS4 TRUCK6 DEPOT1 LEVEL0 LEVEL1 LEVEL3 LEVEL4
      190: UNLOAD GOODS10 TRUCK7 DEPOT3 LEVEL0 LEVEL1 LEVEL2 LEVEL3
      191: DRIVE TRUCK6 DEPOT1 MARKET2
      192: DRIVE TRUCK6 MARKET2 MARKET3
      193: BUY TRUCK6 GOODS10 MARKET3 LEVEL0 LEVEL1 LEVEL0 LEVEL1
      194: LOAD GOODS10 TRUCK6 MARKET3 LEVEL0 LEVEL1 LEVEL0 LEVEL1
      195: DRIVE TRUCK6 MARKET3 MARKET2
      196: DRIVE TRUCK6 MARKET2 DEPOT1
      197: UNLOAD GOODS10 TRUCK6 DEPOT1 LEVEL0 LEVEL1 LEVEL3 LEVEL4
      198: UNLOAD GOODS11 TRUCK6 DEPOT1 LEVEL0 LEVEL1 LEVEL0 LEVEL1
      199: DRIVE TRUCK6 DEPOT1 MARKET2
      200: DRIVE TRUCK6 MARKET2 MARKET6
      201: BUY TRUCK6 GOODS11 MARKET6 LEVEL1 LEVEL2 LEVEL0 LEVEL1
      202: LOAD GOODS11 TRUCK6 MARKET6 LEVEL0 LEVEL1 LEVEL0 LEVEL1
      203: DRIVE TRUCK6 MARKET6 MARKET2
      204: DRIVE TRUCK6 MARKET2 DEPOT1
      205: UNLOAD GOODS11 TRUCK6 DEPOT1 LEVEL0 LEVEL1 LEVEL1 LEVEL2
      206: UNLOAD GOODS14 TRUCK6 DEPOT1 LEVEL0 LEVEL1 LEVEL0 LEVEL1
      207: DRIVE TRUCK7 DEPOT3 MARKET7
      208: DRIVE TRUCK7 MARKET7 MARKET4
      209: BUY TRUCK7 GOODS14 MARKET4 LEVEL1 LEVEL2 LEVEL0 LEVEL1
      210: LOAD GOODS14 TRUCK7 MARKET4 LEVEL0 LEVEL1 LEVEL0 LEVEL1
      211: DRIVE TRUCK7 MARKET4 MARKET7
      212: DRIVE TRUCK7 MARKET7 DEPOT3
      213: UNLOAD GOODS14 TRUCK7 DEPOT3 LEVEL0 LEVEL1 LEVEL1 LEVEL2
      214: UNLOAD GOODS15 TRUCK7 DEPOT3 LEVEL0 LEVEL1 LEVEL1 LEVEL2
      215: DRIVE TRUCK7 DEPOT3 MARKET7
      216: DRIVE TRUCK7 MARKET7 MARKET4
      217: BUY TRUCK7 GOODS15 MARKET4 LEVEL0 LEVEL1 LEVEL0 LEVEL1
      218: LOAD GOODS15 TRUCK7 MARKET4 LEVEL0 LEVEL1 LEVEL0 LEVEL1
      219: DRIVE TRUCK7 MARKET4 MARKET7
      220: DRIVE TRUCK7 MARKET7 DEPOT3
      221: UNLOAD GOODS15 TRUCK7 DEPOT3 LEVEL0 LEVEL1 LEVEL2 LEVEL3
      222: UNLOAD GOODS3 TRUCK6 DEPOT1 LEVEL0 LEVEL1 LEVEL4 LEVEL5
      223: DRIVE TRUCK6 DEPOT1 MARKET2
      224: DRIVE TRUCK6 MARKET2 MARKET6
      225: DRIVE TRUCK6 MARKET6 MARKET1
      226: BUY TRUCK6 GOODS3 MARKET1 LEVEL0 LEVEL1 LEVEL0 LEVEL1
      227: LOAD GOODS3 TRUCK6 MARKET1 LEVEL0 LEVEL1 LEVEL0 LEVEL1
      228: DRIVE TRUCK6 MARKET1 MARKET4
      229: DRIVE TRUCK6 MARKET4 MARKET7
      230: DRIVE TRUCK6 MARKET7 DEPOT3
      231: UNLOAD GOODS3 TRUCK6 DEPOT3 LEVEL0 LEVEL1 LEVEL5 LEVEL6
      232: UNLOAD GOODS7 TRUCK6 DEPOT3 LEVEL0 LEVEL1 LEVEL3 LEVEL4
      233: DRIVE TRUCK6 DEPOT3 MARKET7
      234: DRIVE TRUCK6 MARKET7 MARKET4
      235: DRIVE TRUCK6 MARKET4 MARKET1
      236: BUY TRUCK6 GOODS7 MARKET1 LEVEL0 LEVEL1 LEVEL0 LEVEL1
      237: LOAD GOODS7 TRUCK6 MARKET1 LEVEL0 LEVEL1 LEVEL0 LEVEL1
      238: DRIVE TRUCK6 MARKET1 MARKET4
      239: DRIVE TRUCK6 MARKET4 MARKET7
      240: DRIVE TRUCK6 MARKET7 DEPOT3
      241: UNLOAD GOODS7 TRUCK6 DEPOT3 LEVEL0 LEVEL1 LEVEL4 LEVEL5
      242: UNLOAD GOODS12 TRUCK6 DEPOT3 LEVEL0 LEVEL1 LEVEL3 LEVEL4
      243: DRIVE TRUCK6 DEPOT3 MARKET7
      244: DRIVE TRUCK6 MARKET7 MARKET4
      245: DRIVE TRUCK6 MARKET4 MARKET1
      246: BUY TRUCK6 GOODS12 MARKET1 LEVEL1 LEVEL2 LEVEL0 LEVEL1
      247: LOAD GOODS12 TRUCK6 MARKET1 LEVEL0 LEVEL1 LEVEL0 LEVEL1
      248: DRIVE TRUCK6 MARKET1 MARKET4
      249: DRIVE TRUCK6 MARKET4 MARKET7
      250: DRIVE TRUCK6 MARKET7 DEPOT3
      251: UNLOAD GOODS12 TRUCK6 DEPOT3 LEVEL0 LEVEL1 LEVEL4 LEVEL5
     

time spent:    0.00 seconds instantiating 72982 easy, 0 hard action templates
               0.02 seconds reachability analysis, yielding 1683 facts and 30772 actions
               0.00 seconds creating final representation with 1557 relevant facts
               0.01 seconds building connectivity graph
              86.32 seconds searching, evaluating 117771 states, to a max depth of 9
              86.35 seconds total time

__MEMKB 75520
