
ff: parsing domain file
domain 'TPP-PROPOSITIONAL' defined
 ... done.
ff: parsing problem file
problem 'TPP' defined
 ... done.


got 1923 facts

Cueing down from goal distance:    4 into depth [1][2]
                                   3            [1]
                                   2            [1]
                                   1            [1]
                                   0            

Cueing down from goal distance:  101 into depth [1][2][3]
                                 100            [1][2][3]
                                  99            [1][2][3]
                                  98            [1][2][3]
                                  97            [1][2][3]
                                  96            [1][2][3]
                                  95            [1][2][3]
                                  94            [1][2][3]
                                  93            [1][2][3]
                                  92            [1][2][3]
                                  91            [1][2][3]
                                  90            [1][2][3]
                                  89            [1][2][3]
                                  88            [1][2][3]
                                  87            [1][2][3]
                                  86            [1][2][3]
                                  85            [1][2][3]
                                  84            [1][2][3]
                                  83            [1][2][3]
                                  82            [1][2][3]
                                  81            [1][2][3]
                                  80            [1][2][3]
                                  79            [1][2][3]
                                  78            [1][2][3][4]
                                  77            [1][2][3][4][5]
                                  76            [1][2][3][4][5]
                                  75            [1][2][3][4][5]
                                  74            [1][2][3][4][5]
                                  73            [1][2][3][4][5]
                                  72            [1][2][3][4]
                                  71            [1]
                                  70            [1][2][3]
                                  68            [1][2][3]
                                  67            [1][2][3]
                                  66            [1][2][3]
                                  64            [1][2]
                                  63            [1]
                                  62            [1]
                                  61            [1]
                                  60            [1]
                                  59            [1][2][3][4][5]
                                  58            [1][2][3][4][5]
                                  57            [1]
                                  56            [1][2][3][4][5]
                                  55            [1]
                                  54            [1][2][3][4][5]
                                  53            [1]
                                  52            [1][2][3][4][5][6][7]
                                  51            [1][2][3][4][5][6][7]
                                  50            [1][2][3][4][5][6][7]
                                  49            [1][2][3][4][5][6][7]
                                  48            [1][2][3][4][5][6][7]
                                  47            [1][2][3][4][5][6][7]
                                  46            [1][2][3][4][5][6][7]
                                  45            [1][2][3][4][5][6][7]
                                  44            [1][2][3][4][5][6]