#
# (C) Copyright 2008, University of Illinois, Urbana-Champaign
#
# All rights reserved. Use of this software is permitted ONLY for
# non-commercial research purposes, and it may be copied only
# for that use only. All copies must include this copyright message.
# This software is made available AS IS, and neither the authors
# nor the University of Illinois, make any warranty about the
# software or its performance.
#

Parsing domain file
 domain 'SATELLITE' defined
Parsing problem file
 problem 'STRIPS-SAT-X-1' defined



checking for cyclic := effects --- OK.

Starting SGPlan search ...



























Solution found.

; Time 0.02
; ParsingTime 0.00
; NrActions 35
; MakeSpan
; MetricValue

	 0.00100:  (TURN_TO SATELLITE1 GROUNDSTATION3 STAR4)[1.00000]
	 1.00200:  (SWITCH_ON INSTRUMENT2 SATELLITE1)[1.00000]
	 2.00300:  (CALIBRATE SATELLITE1 INSTRUMENT2 GROUNDSTATION3)[1.00000]
	 3.00400:  (TURN_TO SATELLITE1 STAR16 GROUNDSTATION3)[1.00000]
	 4.00500:  (TAKE_IMAGE SATELLITE1 STAR16 INSTRUMENT2 IMAGE2)[1.00000]
	 5.00600:  (TURN_TO SATELLITE0 GROUNDSTATION3 STAR0)[1.00000]
	 6.00700:  (SWITCH_ON INSTRUMENT1 SATELLITE0)[1.00000]
	 7.00800:  (CALIBRATE SATELLITE0 INSTRUMENT1 GROUNDSTATION3)[1.00000]
	 8.00900:  (TURN_TO SATELLITE0 STAR15 GROUNDSTATION3)[1.00000]
	 9.01000:  (TAKE_IMAGE SATELLITE0 STAR15 INSTRUMENT1 SPECTROGRAPH1)[1.00000]
	 10.01100:  (TURN_TO SATELLITE0 PHENOMENON14 STAR15)[1.00000]
	 11.01200:  (TAKE_IMAGE SATELLITE0 PHENOMENON14 INSTRUMENT1 SPECTROGRAPH1)[1.00000]
	 12.01300:  (TURN_TO SATELLITE2 STAR2 STAR1)[1.00000]
	 13.01400:  (SWITCH_ON INSTRUMENT4 SATELLITE2)[1.00000]
	 14.01500:  (CALIBRATE SATELLITE2 INSTRUMENT4 STAR2)[1.00000]
	 15.01600:  (TURN_TO SATELLITE2 PHENOMENON13 STAR2)[1.00000]
	 16.01700:  (TAKE_IMAGE SATELLITE2 PHENOMENON13 INSTRUMENT4 IMAGE4)[1.00000]
	 17.01800:  (TURN_TO SATELLITE2 STAR12 PHENOMENON13)[1.00000]
	 18.01900:  (TAKE_IMAGE SATELLITE2 STAR12 INSTRUMENT4 IMAGE4)[1.00000]
	 19.02000:  (SWITCH_ON INSTRUMENT9 SATELLITE4)[1.00000]
	 20.02100:  (TURN_TO SATELLITE4 STAR2 PLANET10)[1.00000]
	 21.02200:  (CALIBRATE SATELLITE4 INSTRUMENT9 STAR2)[1.00000]
	 22.02300:  (TURN_TO SATELLITE4 PLANET10 STAR2)[1.00000]
	 23.02400:  (TAKE_IMAGE SATELLITE4 PLANET10 INSTRUMENT9 INFRARED3)[1.00000]
	 24.02500:  (TURN_TO SATELLITE0 PLANET9 PHENOMENON14)[1.00000]
	 25.02600:  (TAKE_IMAGE SATELLITE0 PLANET9 INSTRUMENT1 INFRARED0)[1.00000]
	 26.02700:  (TURN_TO SATELLITE2 PHENOMENON8 STAR12)[1.00000]
	 27.02800:  (TAKE_IMAGE SATELLITE2 PHENOMENON8 INSTRUMENT4 IMAGE4)[1.00000]
	 28.02900:  (TURN_TO SATELLITE2 STAR7 PHENOMENON8)[1.00000]
	 29.03000:  (TAKE_IMAGE SATELLITE2 STAR7 INSTRUMENT4 IMAGE4)[1.00000]
	 30.03100:  (TURN_TO SATELLITE4 STAR6 PLANET10)[1.00000]
	 31.03200:  (TAKE_IMAGE SATELLITE4 STAR6 INSTRUMENT9 INFRARED3)[1.00000]
	 32.03300:  (TURN_TO SATELLITE2 PLANET5 STAR7)[1.00000]
	 33.03400:  (TAKE_IMAGE SATELLITE2 PLANET5 INSTRUMENT4 IMAGE4)[1.00000]
	 34.03500:  (TURN_TO SATELLITE4 PLANET9 STAR6)[1.00000]
__MEMKB 26608
