#
# (C) Copyright 2008, University of Illinois, Urbana-Champaign
#
# All rights reserved. Use of this software is permitted ONLY for
# non-commercial research purposes, and it may be copied only
# for that use only. All copies must include this copyright message.
# This software is made available AS IS, and neither the authors
# nor the University of Illinois, make any warranty about the
# software or its performance.
#

Parsing domain file
 domain 'SATELLITE' defined
Parsing problem file
 problem 'STRIPS-SAT-X-1' defined



checking for cyclic := effects --- OK.

Starting SGPlan search ...

















































Solution found.

; Time 0.10
; ParsingTime 0.00
; NrActions 54
; MakeSpan
; MetricValue

	 0.00100:  (TURN_TO SATELLITE0 STAR3 STAR15)[1.00000]
	 1.00200:  (SWITCH_ON INSTRUMENT0 SATELLITE0)[1.00000]
	 2.00300:  (CALIBRATE SATELLITE0 INSTRUMENT0 STAR3)[1.00000]
	 3.00400:  (TURN_TO SATELLITE0 STAR24 STAR3)[1.00000]
	 4.00500:  (TAKE_IMAGE SATELLITE0 STAR24 INSTRUMENT0 INFRARED4)[1.00000]
	 5.00600:  (TURN_TO SATELLITE1 GROUNDSTATION4 PLANET10)[1.00000]
	 6.00700:  (SWITCH_ON INSTRUMENT3 SATELLITE1)[1.00000]
	 7.00800:  (CALIBRATE SATELLITE1 INSTRUMENT3 GROUNDSTATION4)[1.00000]
	 8.00900:  (TURN_TO SATELLITE1 PHENOMENON23 GROUNDSTATION4)[1.00000]
	 9.01000:  (TAKE_IMAGE SATELLITE1 PHENOMENON23 INSTRUMENT3 IMAGE0)[1.00000]
	 10.01100:  (TURN_TO SATELLITE4 STAR3 PLANET19)[1.00000]
	 11.01200:  (SWITCH_ON INSTRUMENT9 SATELLITE4)[1.00000]
	 12.01300:  (CALIBRATE SATELLITE4 INSTRUMENT9 STAR3)[1.00000]
	 13.01400:  (TURN_TO SATELLITE4 PLANET22 STAR3)[1.00000]
	 14.01500:  (TAKE_IMAGE SATELLITE4 PLANET22 INSTRUMENT9 IMAGE2)[1.00000]
	 15.01600:  (TURN_TO SATELLITE1 PLANET21 PHENOMENON23)[1.00000]
	 16.01700:  (TAKE_IMAGE SATELLITE1 PLANET21 INSTRUMENT3 THERMOGRAPH1)[1.00000]
	 17.01800:  (TURN_TO SATELLITE1 STAR20 PLANET21)[1.00000]
	 18.01900:  (TAKE_IMAGE SATELLITE1 STAR20 INSTRUMENT3 IMAGE0)[1.00000]
	 19.02000:  (TURN_TO SATELLITE5 STAR2 PLANET10)[1.00000]
	 20.02100:  (SWITCH_ON INSTRUMENT13 SATELLITE5)[1.00000]
	 21.02200:  (CALIBRATE SATELLITE5 INSTRUMENT13 STAR2)[1.00000]
	 22.02300:  (TURN_TO SATELLITE5 PHENOMENON18 STAR2)[1.00000]
	 23.02400:  (TAKE_IMAGE SATELLITE5 PHENOMENON18 INSTRUMENT13 SPECTROGRAPH3)[1.00000]
	 24.02500:  (TURN_TO SATELLITE0 PHENOMENON17 STAR24)[1.00000]
	 25.02600:  (TAKE_IMAGE SATELLITE0 PHENOMENON17 INSTRUMENT0 INFRARED4)[1.00000]
	 26.02700:  (TURN_TO SATELLITE1 STAR16 STAR20)[1.00000]
	 27.02800:  (TAKE_IMAGE SATELLITE1 STAR16 INSTRUMENT3 THERMOGRAPH1)[1.00000]
	 28.02900:  (TURN_TO SATELLITE1 STAR15 STAR16)[1.00000]
	 29.03000:  (TAKE_IMAGE SATELLITE1 STAR15 INSTRUMENT3 IMAGE0)[1.00000]
	 30.03100:  (TURN_TO SATELLITE1 STAR14 STAR15)[1.00000]
	 31.03200:  (TAKE_IMAGE SATELLITE1 STAR14 INSTRUMENT3 THERMOGRAPH1)[1.00000]
	 32.03300:  (TURN_TO SATELLITE1 STAR13 STAR14)[1.00000]
	 33.03400:  (TAKE_IMAGE SATELLITE1 STAR13 INSTRUMENT3 IMAGE0)[1.00000]
	 34.03500:  (TURN_TO SATELLITE1 STAR12 STAR13)[1.00000]
	 35.03600:  (TAKE_IMAGE SATELLITE1 STAR12 INSTRUMENT3 IMAGE0)[1.00000]
	 36.03700:  (TURN_TO SATELLITE0 PLANET11 PHENOMENON17)[1.00000]
	 37.03800:  (TAKE_IMAGE SATELLITE0 PLANET11 INSTRUMENT0 INFRARED4)[1.00000]
	 38.03900:  (TURN_TO SATELLITE1 PLANET10 STAR12)[1.00000]
	 39.04000:  (TAKE_IMAGE SATELLITE1 PLANET10 INSTRUMENT3 IMAGE0)[1.00000]
	 40.04100:  (TURN_TO SATELLITE4 PHENOMENON9 PLANET22)[1.00000]
	 41.04200:  (TAKE_IMAGE SATELLITE4 PHENOMENON9 INSTRUMENT9 IMAGE2)[1.00000]
	 42.04300:  (TURN_TO SATELLITE1 PLANET8 PLANET10)[1.00000]
	 43.04400:  (TAKE_IMAGE SATELLITE1 PLANET8 INSTRUMENT3 THERMOGRAPH1)[1.00000]
	 44.04500:  (TURN_TO SATELLITE1 PLANET7 PLANET8)[1.00000]
	 45.04600:  (TAKE_IMAGE SATELLITE1 PLANET7 INSTRUMENT3 IMAGE0)[1.00000]
	 46.04700:  (TURN_TO SATELLITE0 PLANET6 PLANET11)[1.00000]
	 47.04800:  (TAKE_IMAGE SATELLITE0 PLANET6 INSTRUMENT0 INFRARED4)[1.00000]
	 48.04900:  (TURN_TO SATELLITE1 PHENOMENON5 PLANET7)[1.00000]
	 49.05000:  (TAKE_IMAGE SATELLITE1 PHENOMENON5 INSTRUMENT3 THERMOGRAPH1)[1.00000]
	 50.05100:  (TURN_TO SATELLITE9 STAR16 PLANET11)[1.00000]
	 51.05200:  (TURN_TO SATELLITE8 STAR15 GROUNDSTATION4)[1.00000]
	 52.05300:  (TURN_TO SATELLITE7 STAR3 PLANET11)[1.00000]
	 53.05400:  (TURN_TO SATELLITE5 PLANET6 PHENOMENON18)[1.00000]
__MEMKB 47780
