#
# (C) Copyright 2008, University of Illinois, Urbana-Champaign
#
# All rights reserved. Use of this software is permitted ONLY for
# non-commercial research purposes, and it may be copied only
# for that use only. All copies must include this copyright message.
# This software is made available AS IS, and neither the authors
# nor the University of Illinois, make any warranty about the
# software or its performance.
#

Parsing domain file
 domain 'SATELLITE' defined
Parsing problem file
 problem 'STRIPS-SAT-X-1' defined



checking for cyclic := effects --- OK.

Starting SGPlan search ...











































Solution found.

; Time 0.11
; ParsingTime 0.00
; NrActions 46
; MakeSpan
; MetricValue

	 0.00100:  (TURN_TO SATELLITE0 GROUNDSTATION0 PLANET5)[1.00000]
	 1.00200:  (SWITCH_ON INSTRUMENT0 SATELLITE0)[1.00000]
	 2.00300:  (CALIBRATE SATELLITE0 INSTRUMENT0 GROUNDSTATION0)[1.00000]
	 3.00400:  (TURN_TO SATELLITE0 PHENOMENON24 GROUNDSTATION0)[1.00000]
	 4.00500:  (TAKE_IMAGE SATELLITE0 PHENOMENON24 INSTRUMENT0 INFRARED3)[1.00000]
	 5.00600:  (TURN_TO SATELLITE0 PHENOMENON23 PHENOMENON24)[1.00000]
	 6.00700:  (TAKE_IMAGE SATELLITE0 PHENOMENON23 INSTRUMENT0 INFRARED3)[1.00000]
	 7.00800:  (SWITCH_ON INSTRUMENT10 SATELLITE4)[1.00000]
	 8.00900:  (TURN_TO SATELLITE4 STAR3 STAR22)[1.00000]
	 9.01000:  (CALIBRATE SATELLITE4 INSTRUMENT10 STAR3)[1.00000]
	 10.01100:  (TURN_TO SATELLITE4 STAR22 STAR3)[1.00000]
	 11.01200:  (TAKE_IMAGE SATELLITE4 STAR22 INSTRUMENT10 IMAGE4)[1.00000]
	 12.01300:  (SWITCH_ON INSTRUMENT4 SATELLITE2)[1.00000]
	 13.01400:  (TURN_TO SATELLITE2 GROUNDSTATION2 STAR21)[1.00000]
	 14.01500:  (CALIBRATE SATELLITE2 INSTRUMENT4 GROUNDSTATION2)[1.00000]
	 15.01600:  (TURN_TO SATELLITE2 STAR21 GROUNDSTATION2)[1.00000]
	 16.01700:  (TAKE_IMAGE SATELLITE2 STAR21 INSTRUMENT4 THERMOGRAPH1)[1.00000]
	 17.01800:  (TURN_TO SATELLITE4 STAR18 STAR22)[1.00000]
	 18.01900:  (TAKE_IMAGE SATELLITE4 STAR18 INSTRUMENT10 IMAGE4)[1.00000]
	 19.02000:  (TURN_TO SATELLITE2 PHENOMENON17 STAR21)[1.00000]
	 20.02100:  (TAKE_IMAGE SATELLITE2 PHENOMENON17 INSTRUMENT4 THERMOGRAPH1)[1.00000]
	 21.02200:  (TURN_TO SATELLITE2 PLANET16 PHENOMENON17)[1.00000]
	 22.02300:  (TAKE_IMAGE SATELLITE2 PLANET16 INSTRUMENT4 INFRARED2)[1.00000]
	 23.02400:  (TURN_TO SATELLITE2 PHENOMENON15 PLANET16)[1.00000]
	 24.02500:  (TAKE_IMAGE SATELLITE2 PHENOMENON15 INSTRUMENT4 INFRARED2)[1.00000]
	 25.02600:  (TURN_TO SATELLITE2 PHENOMENON14 PHENOMENON15)[1.00000]
	 26.02700:  (TAKE_IMAGE SATELLITE2 PHENOMENON14 INSTRUMENT4 INFRARED2)[1.00000]
	 27.02800:  (TURN_TO SATELLITE0 PLANET13 PHENOMENON23)[1.00000]
	 28.02900:  (TAKE_IMAGE SATELLITE0 PLANET13 INSTRUMENT0 INFRARED3)[1.00000]
	 29.03000:  (TURN_TO SATELLITE2 PLANET12 PHENOMENON14)[1.00000]
	 30.03100:  (TAKE_IMAGE SATELLITE2 PLANET12 INSTRUMENT4 THERMOGRAPH1)[1.00000]
	 31.03200:  (TURN_TO SATELLITE4 PLANET11 STAR18)[1.00000]
	 32.03300:  (TAKE_IMAGE SATELLITE4 PLANET11 INSTRUMENT10 IMAGE4)[1.00000]
	 33.03400:  (TURN_TO SATELLITE2 STAR10 PLANET12)[1.00000]
	 34.03500:  (TAKE_IMAGE SATELLITE2 STAR10 INSTRUMENT4 THERMOGRAPH1)[1.00000]
	 35.03600:  (TURN_TO SATELLITE4 PHENOMENON9 PLANET11)[1.00000]
	 36.03700:  (TAKE_IMAGE SATELLITE4 PHENOMENON9 INSTRUMENT10 IMAGE4)[1.00000]
	 37.03800:  (TURN_TO SATELLITE4 PLANET7 PHENOMENON9)[1.00000]
	 38.03900:  (TAKE_IMAGE SATELLITE4 PLANET7 INSTRUMENT10 IMAGE4)[1.00000]
	 39.04000:  (TURN_TO SATELLITE4 PLANET6 PLANET7)[1.00000]
	 40.04100:  (TAKE_IMAGE SATELLITE4 PLANET6 INSTRUMENT10 IMAGE4)[1.00000]
	 41.04200:  (TURN_TO SATELLITE4 PLANET5 PLANET6)[1.00000]
	 42.04300:  (TAKE_IMAGE SATELLITE4 PLANET5 INSTRUMENT10 IMAGE0)[1.00000]
	 43.04400:  (TURN_TO SATELLITE8 PLANET16 PHENOMENON23)[1.00000]
	 44.04500:  (TURN_TO SATELLITE4 PHENOMENON20 PLANET5)[1.00000]
	 45.04600:  (TURN_TO SATELLITE1 STAR22 PLANET5)[1.00000]
__MEMKB 52304
