#
# (C) Copyright 2008, University of Illinois, Urbana-Champaign
#
# All rights reserved. Use of this software is permitted ONLY for
# non-commercial research purposes, and it may be copied only
# for that use only. All copies must include this copyright message.
# This software is made available AS IS, and neither the authors
# nor the University of Illinois, make any warranty about the
# software or its performance.
#

Parsing domain file
 domain 'SATELLITE' defined
Parsing problem file
 problem 'STRIPS-SAT-X-1' defined



checking for cyclic := effects --- OK.

Starting SGPlan search ...





























Solution found.

; Time 0.04
; ParsingTime 0.00
; NrActions 35
; MakeSpan
; MetricValue

	 0.00100:  (TURN_TO SATELLITE0 STAR0 STAR8)[1.00000]
	 1.00200:  (SWITCH_ON INSTRUMENT1 SATELLITE0)[1.00000]
	 2.00300:  (CALIBRATE SATELLITE0 INSTRUMENT1 STAR0)[1.00000]
	 3.00400:  (TURN_TO SATELLITE0 STAR22 STAR0)[1.00000]
	 4.00500:  (TAKE_IMAGE SATELLITE0 STAR22 INSTRUMENT1 THERMOGRAPH3)[1.00000]
	 5.00600:  (SWITCH_ON INSTRUMENT4 SATELLITE1)[1.00000]
	 6.00700:  (TURN_TO SATELLITE1 STAR1 PHENOMENON21)[1.00000]
	 7.00800:  (CALIBRATE SATELLITE1 INSTRUMENT4 STAR1)[1.00000]
	 8.00900:  (TURN_TO SATELLITE1 PHENOMENON21 STAR1)[1.00000]
	 9.01000:  (TAKE_IMAGE SATELLITE1 PHENOMENON21 INSTRUMENT4 IMAGE1)[1.00000]
	 10.01100:  (TURN_TO SATELLITE2 STAR3 STAR4)[1.00000]
	 11.01200:  (SWITCH_ON INSTRUMENT8 SATELLITE2)[1.00000]
	 12.01300:  (CALIBRATE SATELLITE2 INSTRUMENT8 STAR3)[1.00000]
	 13.01400:  (TURN_TO SATELLITE2 PLANET20 STAR3)[1.00000]
	 14.01500:  (TAKE_IMAGE SATELLITE2 PLANET20 INSTRUMENT8 THERMOGRAPH4)[1.00000]
	 15.01600:  (TURN_TO SATELLITE2 PLANET19 PLANET20)[1.00000]
	 16.01700:  (TAKE_IMAGE SATELLITE2 PLANET19 INSTRUMENT8 THERMOGRAPH2)[1.00000]
	 17.01800:  (TURN_TO SATELLITE1 PHENOMENON18 PHENOMENON21)[1.00000]
	 18.01900:  (TAKE_IMAGE SATELLITE1 PHENOMENON18 INSTRUMENT4 IMAGE1)[1.00000]
	 19.02000:  (TURN_TO SATELLITE2 PHENOMENON17 PLANET19)[1.00000]
	 20.02100:  (TAKE_IMAGE SATELLITE2 PHENOMENON17 INSTRUMENT8 THERMOGRAPH4)[1.00000]
	 21.02200:  (TURN_TO SATELLITE2 STAR15 PHENOMENON17)[1.00000]
	 22.02300:  (TAKE_IMAGE SATELLITE2 STAR15 INSTRUMENT8 THERMOGRAPH2)[1.00000]
	 23.02400:  (TURN_TO SATELLITE2 PHENOMENON13 STAR15)[1.00000]
	 24.02500:  (TAKE_IMAGE SATELLITE2 PHENOMENON13 INSTRUMENT8 THERMOGRAPH2)[1.00000]
	 25.02600:  (TURN_TO SATELLITE1 STAR10 PHENOMENON18)[1.00000]
	 26.02700:  (TAKE_IMAGE SATELLITE1 STAR10 INSTRUMENT4 IMAGE1)[1.00000]
	 27.02800:  (TURN_TO SATELLITE1 STAR9 STAR10)[1.00000]
	 28.02900:  (TAKE_IMAGE SATELLITE1 STAR9 INSTRUMENT4 IMAGE1)[1.00000]
	 29.03000:  (TURN_TO SATELLITE0 STAR8 STAR22)[1.00000]
	 30.03100:  (TAKE_IMAGE SATELLITE0 STAR8 INSTRUMENT1 THERMOGRAPH3)[1.00000]
	 31.03200:  (TURN_TO SATELLITE1 PLANET7 STAR9)[1.00000]
	 32.03300:  (TAKE_IMAGE SATELLITE1 PLANET7 INSTRUMENT4 IMAGE1)[1.00000]
	 33.03400:  (TURN_TO SATELLITE2 PHENOMENON5 PHENOMENON13)[1.00000]
	 34.03500:  (TAKE_IMAGE SATELLITE2 PHENOMENON5 INSTRUMENT8 THERMOGRAPH4)[1.00000]
__MEMKB 33580
